Error handling registered!
20:46:53 [INFO ] GuiBase: ##########################################
20:46:53 [INFO ] GuiBase: APP: Forge v.2.0.15-SNAPSHOT-09.28
20:46:53 [INFO ] GuiBase: Java: 17.0.20 (Ubuntu)
20:46:53 [INFO ] GuiBase: OS: Linux 6.18.44 amd64
20:46:53 [INFO ] GuiBase: RAM: 1536 MB max, 8 CPUs
20:46:53 [INFO ] GuiBase: ##########################################
Language 'en-US' loaded successfully.
(ThreadUtil first call): Running with priority 5
Read cards: 34010 archived files in 1 ms (25 parts) using thread pool
Upcoming set Star Trek (TRK) dated in the future. All `upcoming` cards will be added to this set with unknown rarity.
The card A-Alrund's Epiphany was not assigned to any set. Adding it to UNKNOWN set... to fix see res/editions/ folder. 
The card A-Baba Lysaga, Night Witch was not assigned to any set. Adding it to UNKNOWN set... to fix see res/editions/ folder. 
The card A-Divide by Zero was not assigned to any set. Adding it to UNKNOWN set... to fix see res/editions/ folder. 
The card A-Esika's Chariot was not assigned to any set. Adding it to UNKNOWN set... to fix see res/editions/ folder. 
The card A-Faceless Haven was not assigned to any set. Adding it to UNKNOWN set... to fix see res/editions/ folder. 
The card A-Fires of Invention was not assigned to any set. Adding it to UNKNOWN set... to fix see res/editions/ folder. 
The card A-Goldspan Dragon was not assigned to any set. Adding it to UNKNOWN set... to fix see res/editions/ folder. 
The card A-Hullbreaker Horror was not assigned to any set. Adding it to UNKNOWN set... to fix see res/editions/ folder. 
The card A-Kumano Faces Kakkazan was not assigned to any set. Adding it to UNKNOWN set... to fix see res/editions/ folder. 
The card A-Luminarch Aspirant was not assigned to any set. Adding it to UNKNOWN set... to fix see res/editions/ folder. 
The card A-Monster Manual was not assigned to any set. Adding it to UNKNOWN set... to fix see res/editions/ folder. 
The card A-Omnath, Locus of Creation was not assigned to any set. Adding it to UNKNOWN set... to fix see res/editions/ folder. 
The card A-The Meathook Massacre was not assigned to any set. Adding it to UNKNOWN set... to fix see res/editions/ folder. 
The card A-Unholy Heat was not assigned to any set. Adding it to UNKNOWN set... to fix see res/editions/ folder. 
The card Blinding Radiance was not assigned to any set. Adding it to UNKNOWN set... to fix see res/editions/ folder. 
The card Goblin Bruiser was not assigned to any set. Adding it to UNKNOWN set... to fix see res/editions/ folder. 
The card Ogre Painbringer was not assigned to any set. Adding it to UNKNOWN set... to fix see res/editions/ folder. 
The card Titanic Pelagosaur was not assigned to any set. Adding it to UNKNOWN set... to fix see res/editions/ folder. 
The card Treetop Recluse was not assigned to any set. Adding it to UNKNOWN set... to fix see res/editions/ folder. 
Upcoming set Star Trek (TRK) dated in the future. All `upcoming` cards will be added to this set with unknown rarity.
Read cards: 854 files in 0 ms (8 parts) using thread pool
Simulation mode
Ai(1)-Gabe_Food vs Ai(2)-Destyn_Turtles vs Ai(3)-GGS_Current vs Ai(4)-Jaymie_Ezio - one game of Commander seed 20261030
Fell Mire Did not have activator set in SpellAbility_Condition.checkConditions()
Fell Mire Did not have activator set in SpellAbility_Condition.checkConditions()
Fell Mire Did not have activator set in SpellAbility_Condition.checkConditions()
Fell Mire Did not have activator set in SpellAbility_Condition.checkConditions()
Fell Mire Did not have activator set in SpellAbility_Condition.checkConditions()
Fell Mire Did not have activator set in SpellAbility_Condition.checkConditions()
Steam Vents Did not have activator set in SpellAbility_Condition.checkConditions()
Steam Vents Did not have activator set in SpellAbility_Condition.checkConditions()
Steam Vents Did not have activator set in SpellAbility_Condition.checkConditions()
Steam Vents Did not have activator set in SpellAbility_Condition.checkConditions()
Steam Vents Did not have activator set in SpellAbility_Condition.checkConditions()
Steam Vents Did not have activator set in SpellAbility_Condition.checkConditions()
Steam Vents Did not have activator set in SpellAbility_Condition.checkConditions()
Steam Vents Did not have activator set in SpellAbility_Condition.checkConditions()
Steam Vents Did not have activator set in SpellAbility_Condition.checkConditions()
Steam Vents Did not have activator set in SpellAbility_Condition.checkConditions()
Steam Vents Did not have activator set in SpellAbility_Condition.checkConditions()
Steam Vents Did not have activator set in SpellAbility_Condition.checkConditions()
java.util.concurrent.TimeoutException
	at java.base/java.util.concurrent.FutureTask.get(FutureTask.java:204)
	at forge.ai.AiController.chooseSpellAbilityToPlayFromList(AiController.java:1686)
	at forge.ai.AiController.getSpellAbilityToPlay(AiController.java:1577)
	at forge.ai.AiController.chooseSpellAbilityToPlay(AiController.java:1397)
	at forge.ai.PlayerControllerAi.chooseSpellAbilityToPlay(PlayerControllerAi.java:833)
	at forge.game.phase.PhaseHandler.mainLoopStep(PhaseHandler.java:1056)
	at forge.game.phase.PhaseHandler.mainGameLoop(PhaseHandler.java:1035)
	at forge.game.phase.PhaseHandler.startFirstTurn(PhaseHandler.java:1029)
	at forge.game.GameAction.startGame(GameAction.java:2373)
	at forge.game.Match.startGame(Match.java:92)
	at forge.game.Match.startGame(Match.java:77)
	at forge.view.SimulateMatch.lambda$simulateSingleMatch$0(SimulateMatch.java:219)
	at forge.view.TimeLimitedCodeBlock.lambda$runWithTimeout$0(TimeLimitedCodeBlock.java:18)
	at java.base/java.util.concurrent.FutureTask.run(FutureTask.java:264)
	at java.base/java.util.concurrent.ThreadPoolExecutor.runWorker(ThreadPoolExecutor.java:1136)
	at java.base/java.util.concurrent.ThreadPoolExecutor$Worker.run(ThreadPoolExecutor.java:635)
	at java.base/java.lang.Thread.run(Thread.java:840)
AI eval thread at timeout:
	at java.base@17.0.20/java.util.HashMap.hash(HashMap.java:338)
	at java.base@17.0.20/java.util.HashMap.put(HashMap.java:610)
	at java.base@17.0.20/java.util.HashSet.add(HashSet.java:221)
	at app//forge.util.collect.FCollection.add(FCollection.java:273)
	at app//forge.util.collect.FCollection.addAll(FCollection.java:346)
	at app//forge.util.collect.FCollection.addAll(FCollection.java:325)
	at app//forge.game.staticability.StaticAbilityCantAttackBlock.cantBlockBy(StaticAbilityCantAttackBlock.java:213)
	at app//forge.game.combat.CombatUtil.canBlock(CombatUtil.java:995)
	at app//forge.game.combat.CombatUtil.canBlock(CombatUtil.java:971)
	at app//forge.game.combat.CombatUtil.canBlock(CombatUtil.java:955)
	at app//forge.ai.AiBlockController.getPossibleBlockers(AiBlockController.java:88)
	at app//forge.ai.AiBlockController.makeGoodBlocks(AiBlockController.java:195)
	at app//forge.ai.AiBlockController.assignBlockers(AiBlockController.java:1069)
	at app//forge.ai.AiBlockController.assignBlockersForCombat(AiBlockController.java:1000)
	at app//forge.ai.ComputerUtil.predictNextCombatsRemainingLife(ComputerUtil.java:3221)
	at app//forge.ai.ComputerUtil.predictNextCombatsRemainingLife(ComputerUtil.java:3186)
	at app//forge.ai.AiAttackController.notNeededAsBlockers(AiAttackController.java:424)
	at app//forge.ai.AiAttackController.declareAttackers(AiAttackController.java:1286)
	at app//forge.ai.ComputerUtilCard.doesSpecifiedCreatureAttackAI(ComputerUtilCard.java:846)
	at app//forge.ai.ComputerUtilCard.shouldPumpCard(ComputerUtilCard.java:1583)
	at app//forge.ai.ComputerUtilCard.shouldPumpCard(ComputerUtilCard.java:1472)
	at app//forge.ai.ability.PumpAllAi.lambda$checkApiLogic$2(PumpAllAi.java:132)
	at app//forge.ai.ability.PumpAllAi$$Lambda$465/0x00007f46d428ed50.test(Unknown Source)
	at java.base@17.0.20/java.util.stream.MatchOps$1MatchSink.accept(MatchOps.java:90)
	at java.base@17.0.20/java.util.ArrayList$ArrayListSpliterator.tryAdvance(ArrayList.java:1602)
	at java.base@17.0.20/java.util.stream.ReferencePipeline.forEachWithCancel(ReferencePipeline.java:129)
	at java.base@17.0.20/java.util.stream.AbstractPipeline.copyIntoWithCancel(AbstractPipeline.java:527)
	at java.base@17.0.20/java.util.stream.AbstractPipeline.copyInto(AbstractPipeline.java:513)
	at java.base@17.0.20/java.util.stream.AbstractPipeline.wrapAndCopyInto(AbstractPipeline.java:499)
	at java.base@17.0.20/java.util.stream.MatchOps$MatchOp.evaluateSequential(MatchOps.java:230)
java.util.concurrent.TimeoutException
	at java.base/java.util.concurrent.FutureTask.get(FutureTask.java:204)
	at forge.ai.AiController.chooseSpellAbilityToPlayFromList(AiController.java:1686)
	at forge.ai.AiController.getSpellAbilityToPlay(AiController.java:1577)
	at forge.ai.AiController.chooseSpellAbilityToPlay(AiController.java:1397)
	at forge.ai.PlayerControllerAi.chooseSpellAbilityToPlay(PlayerControllerAi.java:833)
	at forge.game.phase.PhaseHandler.mainLoopStep(PhaseHandler.java:1056)
	at forge.game.phase.PhaseHandler.mainGameLoop(PhaseHandler.java:1035)
	at forge.game.phase.PhaseHandler.startFirstTurn(PhaseHandler.java:1029)
	at forge.game.GameAction.startGame(GameAction.java:2373)
	at forge.game.Match.startGame(Match.java:92)
	at forge.game.Match.startGame(Match.java:77)
	at forge.view.SimulateMatch.lambda$simulateSingleMatch$0(SimulateMatch.java:219)
	at forge.view.TimeLimitedCodeBlock.lambda$runWithTimeout$0(TimeLimitedCodeBlock.java:18)
	at java.base/java.util.concurrent.FutureTask.run(FutureTask.java:264)
	at java.base/java.util.concurrent.ThreadPoolExecutor.runWorker(ThreadPoolExecutor.java:1136)
	at java.base/java.util.concurrent.ThreadPoolExecutor$Worker.run(ThreadPoolExecutor.java:635)
	at java.base/java.lang.Thread.run(Thread.java:840)
AI eval thread at timeout:
	at java.base@17.0.20/java.util.HashMap.hash(HashMap.java:338)
	at java.base@17.0.20/java.util.HashMap.put(HashMap.java:610)
	at java.base@17.0.20/java.util.HashSet.add(HashSet.java:221)
	at app//forge.util.collect.FCollection.add(FCollection.java:273)
	at app//forge.util.collect.FCollection.addAll(FCollection.java:346)
	at app//forge.util.collect.FCollection.addAll(FCollection.java:325)
	at app//forge.game.player.PlayerCollection.getCardsIn(PlayerCollection.java:33)
	at app//forge.game.Game.getCardsIn(Game.java:615)
	at app//forge.game.player.Player.staticReplaceDamage(Player.java:720)
	at app//forge.ai.ComputerUtilCombat.predictDamageTo(ComputerUtilCombat.java:2237)
	at app//forge.ai.ComputerUtilCombat.predictDamageTo(ComputerUtilCombat.java:2214)
	at app//forge.ai.ComputerUtilCombat.predictExtraPoisonWithDamage(ComputerUtilCombat.java:2528)
	at app//forge.ai.ComputerUtilCombat.poisonIfUnblocked(ComputerUtilCombat.java:223)
	at app//forge.ai.ComputerUtilCombat.sumPoisonIfUnblocked(ComputerUtilCombat.java:268)
	at app//forge.ai.ComputerUtilCombat.resultingPoison(ComputerUtilCombat.java:362)
	at app//forge.ai.ComputerUtilCombat.lifeInDanger(ComputerUtilCombat.java:439)
	at app//forge.ai.ComputerUtilCombat.lifeInDanger(ComputerUtilCombat.java:390)
	at app//forge.ai.AiBlockController.makeChumpBlocks(AiBlockController.java:647)
	at app//forge.ai.AiBlockController.makeChumpBlocks(AiBlockController.java:699)
	at app//forge.ai.AiBlockController.makeChumpBlocks(AiBlockController.java:699)
	at app//forge.ai.AiBlockController.makeChumpBlocks(AiBlockController.java:699)
	at app//forge.ai.AiBlockController.makeChumpBlocks(AiBlockController.java:640)
	at app//forge.ai.AiBlockController.makeChumpBlocks(AiBlockController.java:632)
	at app//forge.ai.AiBlockController.assignBlockers(AiBlockController.java:1078)
	at app//forge.ai.AiBlockController.assignBlockersForCombat(AiBlockController.java:1000)
	at app//forge.ai.ComputerUtil.predictNextCombatsRemainingLife(ComputerUtil.java:3221)
	at app//forge.ai.ComputerUtil.predictNextCombatsRemainingLife(ComputerUtil.java:3186)
	at app//forge.ai.AiAttackController.notNeededAsBlockers(AiAttackController.java:424)
	at app//forge.ai.AiAttackController.declareAttackers(AiAttackController.java:1286)
	at app//forge.ai.ComputerUtilCard.doesSpecifiedCreatureAttackAI(ComputerUtilCard.java:846)
Warning: default (ie. inherited from base class) implementation of chkAIDrawback is used by Assassin Gauntlet for forge.ai.ability.TapAllAi. Consider declaring an overloaded method
Warning: default (ie. inherited from base class) implementation of confirmAction is used by Michelangelo, the Heart for forge.ai.ability.PermanentCreatureAi. Consider declaring an overloaded method
Warning: default (ie. inherited from base class) implementation of confirmAction is used by Leonardo, the Balance for forge.ai.ability.PermanentCreatureAi. Consider declaring an overloaded method
Warning: default (ie. inherited from base class) implementation of confirmAction is used by Goro-Goro and Satoru for forge.ai.ability.PermanentCreatureAi. Consider declaring an overloaded method
Warning: default (ie. inherited from base class) implementation of chkAIDrawback is used by Assassin Gauntlet for forge.ai.ability.TapAllAi. Consider declaring an overloaded method
Warning: default (ie. inherited from base class) implementation of chkAIDrawback is used by Assassin Gauntlet for forge.ai.ability.TapAllAi. Consider declaring an overloaded method
Warning: default (ie. inherited from base class) implementation of chkAIDrawback is used by Assassin Gauntlet for forge.ai.ability.TapAllAi. Consider declaring an overloaded method
Warning: default (ie. inherited from base class) implementation of confirmAction is used by Leonardo, the Balance for forge.ai.ability.PermanentCreatureAi. Consider declaring an overloaded method
Mulligan: Ai(4)-Jaymie_Ezio has kept a hand of 7 cards
Mulligan: Ai(1)-Gabe_Food has kept a hand of 7 cards
Mulligan: Ai(2)-Destyn_Turtles has kept a hand of 7 cards
Mulligan: Ai(3)-GGS_Current has kept a hand of 7 cards
Turn: Turn 1 (Ai(4)-Jaymie_Ezio)
Phase: Ai(4)-Jaymie_Ezio's Untap step
Phase: Ai(4)-Jaymie_Ezio's Upkeep step
Phase: Ai(4)-Jaymie_Ezio's Draw step
Phase: Ai(4)-Jaymie_Ezio's Main phase, precombat
Land: Ai(4)-Jaymie_Ezio played Island (337)
Phase: Ai(4)-Jaymie_Ezio's Beginning of Combat Step
Phase: Ai(4)-Jaymie_Ezio's Declare Attackers Step
Phase: Ai(4)-Jaymie_Ezio's Declare Blockers Step
Phase: Ai(4)-Jaymie_Ezio's First Strike Damage Step
Phase: Ai(4)-Jaymie_Ezio's Combat Damage Step
Phase: Ai(4)-Jaymie_Ezio's End of Combat Step
Phase: Ai(4)-Jaymie_Ezio's Main phase, postcombat
Phase: Ai(4)-Jaymie_Ezio's End step
Phase: Ai(4)-Jaymie_Ezio's Cleanup step
Turn: Turn 2 (Ai(1)-Gabe_Food)
Phase: Ai(1)-Gabe_Food's Untap step
Phase: Ai(1)-Gabe_Food's Upkeep step
Phase: Ai(1)-Gabe_Food's Draw step
Phase: Ai(1)-Gabe_Food's Main phase, precombat
Replacement Effect: Canopy Vista enters tapped unless you control two or more basic lands.
Land: Ai(1)-Gabe_Food played Canopy Vista (70)
Phase: Ai(1)-Gabe_Food's Beginning of Combat Step
Phase: Ai(1)-Gabe_Food's Declare Attackers Step
Phase: Ai(1)-Gabe_Food's Declare Blockers Step
Phase: Ai(1)-Gabe_Food's First Strike Damage Step
Phase: Ai(1)-Gabe_Food's Combat Damage Step
Phase: Ai(1)-Gabe_Food's End of Combat Step
Phase: Ai(1)-Gabe_Food's Main phase, postcombat
Phase: Ai(1)-Gabe_Food's End step
Phase: Ai(1)-Gabe_Food's Cleanup step
Turn: Turn 3 (Ai(2)-Destyn_Turtles)
Phase: Ai(2)-Destyn_Turtles' Untap step
Phase: Ai(2)-Destyn_Turtles' Upkeep step
Phase: Ai(2)-Destyn_Turtles' Draw step
Phase: Ai(2)-Destyn_Turtles' Main phase, precombat
Land: Ai(2)-Destyn_Turtles played Mountain (187)
Phase: Ai(2)-Destyn_Turtles' Beginning of Combat Step
Phase: Ai(2)-Destyn_Turtles' Declare Attackers Step
Phase: Ai(2)-Destyn_Turtles' Declare Blockers Step
Phase: Ai(2)-Destyn_Turtles' First Strike Damage Step
Phase: Ai(2)-Destyn_Turtles' Combat Damage Step
Phase: Ai(2)-Destyn_Turtles' End of Combat Step
Phase: Ai(2)-Destyn_Turtles' Main phase, postcombat
Mana: Mountain (187) - {T}: Add {R}.
Add To Stack: Ai(2)-Destyn_Turtles cast Sol Ring
Resolve Stack: Sol Ring
Phase: Ai(2)-Destyn_Turtles' End step
Phase: Ai(2)-Destyn_Turtles' Cleanup step
Turn: Turn 4 (Ai(3)-GGS_Current)
Phase: Ai(3)-GGS_Current's Untap step
Phase: Ai(3)-GGS_Current's Upkeep step
Phase: Ai(3)-GGS_Current's Draw step
Phase: Ai(3)-GGS_Current's Main phase, precombat
Land: Ai(3)-GGS_Current played Command Tower (275)
Phase: Ai(3)-GGS_Current's Beginning of Combat Step
Phase: Ai(3)-GGS_Current's Declare Attackers Step
Phase: Ai(3)-GGS_Current's Declare Blockers Step
Phase: Ai(3)-GGS_Current's First Strike Damage Step
Phase: Ai(3)-GGS_Current's Combat Damage Step
Phase: Ai(3)-GGS_Current's End of Combat Step
Phase: Ai(3)-GGS_Current's Main phase, postcombat
Phase: Ai(3)-GGS_Current's End step
Phase: Ai(3)-GGS_Current's Cleanup step
Turn: Turn 5 (Ai(4)-Jaymie_Ezio)
Phase: Ai(4)-Jaymie_Ezio's Untap step
Phase: Ai(4)-Jaymie_Ezio's Upkeep step
Phase: Ai(4)-Jaymie_Ezio's Draw step
Phase: Ai(4)-Jaymie_Ezio's Main phase, precombat
Land: Ai(4)-Jaymie_Ezio played Plains (393)
Phase: Ai(4)-Jaymie_Ezio's Beginning of Combat Step
Phase: Ai(4)-Jaymie_Ezio's Declare Attackers Step
Phase: Ai(4)-Jaymie_Ezio's Declare Blockers Step
Phase: Ai(4)-Jaymie_Ezio's First Strike Damage Step
Phase: Ai(4)-Jaymie_Ezio's Combat Damage Step
Phase: Ai(4)-Jaymie_Ezio's End of Combat Step
Phase: Ai(4)-Jaymie_Ezio's Main phase, postcombat
Mana: Plains (393) - {T}: Add {W}.
Mana: Island (337) - {T}: Add {U}.
Add To Stack: Ai(4)-Jaymie_Ezio cast Haystack
Resolve Stack: Haystack
Phase: Ai(4)-Jaymie_Ezio's End step
Phase: Ai(4)-Jaymie_Ezio's Cleanup step
Turn: Turn 6 (Ai(1)-Gabe_Food)
Phase: Ai(1)-Gabe_Food's Untap step
Phase: Ai(1)-Gabe_Food's Upkeep step
Phase: Ai(1)-Gabe_Food's Draw step
Phase: Ai(1)-Gabe_Food's Main phase, precombat
Replacement Effect: As Necroblossom Snarl enters, you may reveal a Swamp or Forest card from your hand. If you don't, Necroblossom Snarl enters tapped.
Land: Ai(1)-Gabe_Food played Necroblossom Snarl (64)
Phase: Ai(1)-Gabe_Food's Beginning of Combat Step
Phase: Ai(1)-Gabe_Food's Declare Attackers Step
Phase: Ai(1)-Gabe_Food's Declare Blockers Step
Phase: Ai(1)-Gabe_Food's First Strike Damage Step
Phase: Ai(1)-Gabe_Food's Combat Damage Step
Phase: Ai(1)-Gabe_Food's End of Combat Step
Phase: Ai(1)-Gabe_Food's Main phase, postcombat
Mana: Canopy Vista (70) - {T}: Add {W}.
Mana: Necroblossom Snarl (64) - {T}: Add {B} or {G}.
Add To Stack: Ai(1)-Gabe_Food cast Frodo, Adventurous Hobbit
Resolve Stack: Frodo, Adventurous Hobbit - Creature 1 / 3
Add To Stack: Ai(1)-Gabe_Food triggered Frodo, Adventurous Hobbit targeting [Ai(1)-Gabe_Food]
Resolve Stack: Partner with Sam, Loyal Attendant (When this creature enters, target player may put Sam into their hand from their library, then shuffle.) (Targeting: [[Ai(1)-Gabe_Food]]) [Zone Changer: Frodo, Adventurous Hobbit (99)]
Phase: Ai(1)-Gabe_Food's End step
Phase: Ai(1)-Gabe_Food's Cleanup step
Turn: Turn 7 (Ai(2)-Destyn_Turtles)
Phase: Ai(2)-Destyn_Turtles' Untap step
Phase: Ai(2)-Destyn_Turtles' Upkeep step
Phase: Ai(2)-Destyn_Turtles' Draw step
Phase: Ai(2)-Destyn_Turtles' Main phase, precombat
Replacement Effect: Dragonskull Summit enters tapped unless you control a Swamp or a Mountain.
Land: Ai(2)-Destyn_Turtles played Dragonskull Summit (148)
Phase: Ai(2)-Destyn_Turtles' Beginning of Combat Step
Phase: Ai(2)-Destyn_Turtles' Declare Attackers Step
Phase: Ai(2)-Destyn_Turtles' Declare Blockers Step
Phase: Ai(2)-Destyn_Turtles' First Strike Damage Step
Phase: Ai(2)-Destyn_Turtles' Combat Damage Step
Phase: Ai(2)-Destyn_Turtles' End of Combat Step
Phase: Ai(2)-Destyn_Turtles' Main phase, postcombat
Mana: Mountain (187) - {T}: Add {R}.
Mana: Sol Ring (154) - {T}: Add {C}{C}.
Mana: Dragonskull Summit (148) - {T}: Add {B} or {R}.
Add To Stack: Ai(2)-Destyn_Turtles cast Casey Jones, Back Alley Brute
Resolve Stack: Casey Jones, Back Alley Brute - Creature 4 / 2
Phase: Ai(2)-Destyn_Turtles' End step
Phase: Ai(2)-Destyn_Turtles' Cleanup step
Turn: Turn 8 (Ai(3)-GGS_Current)
Phase: Ai(3)-GGS_Current's Untap step
Phase: Ai(3)-GGS_Current's Upkeep step
Phase: Ai(3)-GGS_Current's Draw step
Phase: Ai(3)-GGS_Current's Main phase, precombat
Land: Ai(3)-GGS_Current played Mountain (296)
Phase: Ai(3)-GGS_Current's Beginning of Combat Step
Phase: Ai(3)-GGS_Current's Declare Attackers Step
Phase: Ai(3)-GGS_Current's Declare Blockers Step
Phase: Ai(3)-GGS_Current's First Strike Damage Step
Phase: Ai(3)-GGS_Current's Combat Damage Step
Phase: Ai(3)-GGS_Current's End of Combat Step
Phase: Ai(3)-GGS_Current's Main phase, postcombat
Phase: Ai(3)-GGS_Current's End step
Phase: Ai(3)-GGS_Current's Cleanup step
Turn: Turn 9 (Ai(4)-Jaymie_Ezio)
Phase: Ai(4)-Jaymie_Ezio's Untap step
Phase: Ai(4)-Jaymie_Ezio's Upkeep step
Phase: Ai(4)-Jaymie_Ezio's Draw step
Phase: Ai(4)-Jaymie_Ezio's Main phase, precombat
Phase: Ai(4)-Jaymie_Ezio's Beginning of Combat Step
Phase: Ai(4)-Jaymie_Ezio's Declare Attackers Step
Phase: Ai(4)-Jaymie_Ezio's Declare Blockers Step
Phase: Ai(4)-Jaymie_Ezio's First Strike Damage Step
Phase: Ai(4)-Jaymie_Ezio's Combat Damage Step
Phase: Ai(4)-Jaymie_Ezio's End of Combat Step
Phase: Ai(4)-Jaymie_Ezio's Main phase, postcombat
Replacement Effect: Boros Garrison enters tapped.
Land: Ai(4)-Jaymie_Ezio played Boros Garrison (383)
Add To Stack: Ai(4)-Jaymie_Ezio triggered Boros Garrison
Resolve Stack: When Boros Garrison enters, return a land you control to its owner's hand. [Zone Changer: Boros Garrison (383)]
Phase: Ai(4)-Jaymie_Ezio's End step
Phase: Ai(4)-Jaymie_Ezio's Cleanup step
Turn: Turn 10 (Ai(1)-Gabe_Food)
Phase: Ai(1)-Gabe_Food's Untap step
Phase: Ai(1)-Gabe_Food's Upkeep step
Phase: Ai(1)-Gabe_Food's Draw step
Phase: Ai(1)-Gabe_Food's Main phase, precombat
Land: Ai(1)-Gabe_Food played Swamp (62)
Mana: Canopy Vista (70) - {T}: Add {W}.
Mana: Necroblossom Snarl (64) - {T}: Add {B} or {G}.
Mana: Swamp (62) - {T}: Add {B}.
Add To Stack: Ai(1)-Gabe_Food cast Sam, Loyal Attendant
Resolve Stack: Sam, Loyal Attendant - Creature 2 / 4
Add To Stack: Ai(1)-Gabe_Food triggered Sam, Loyal Attendant targeting [Ai(1)-Gabe_Food]
Resolve Stack: Partner with Frodo, Adventurous Hobbit (When this creature enters, target player may put Frodo into their hand from their library, then shuffle.) (Targeting: [[Ai(1)-Gabe_Food]]) [Zone Changer: Sam, Loyal Attendant (101)]
Phase: Ai(1)-Gabe_Food's Beginning of Combat Step
Add To Stack: Ai(1)-Gabe_Food triggered Sam, Loyal Attendant
Resolve Stack: At the beginning of combat on your turn, create a Food token. (It's an artifact with "{2}, {T}, Sacrifice this token: You gain 3 life.") [Phase: Ai(1)-Gabe_Food]
Phase: Ai(1)-Gabe_Food's Declare Attackers Step
Phase: Ai(1)-Gabe_Food's Declare Blockers Step
Phase: Ai(1)-Gabe_Food's First Strike Damage Step
Phase: Ai(1)-Gabe_Food's Combat Damage Step
Phase: Ai(1)-Gabe_Food's End of Combat Step
Phase: Ai(1)-Gabe_Food's Main phase, postcombat
Phase: Ai(1)-Gabe_Food's End step
Phase: Ai(1)-Gabe_Food's Cleanup step
Turn: Turn 11 (Ai(2)-Destyn_Turtles)
Phase: Ai(2)-Destyn_Turtles' Untap step
Phase: Ai(2)-Destyn_Turtles' Upkeep step
Phase: Ai(2)-Destyn_Turtles' Draw step
Phase: Ai(2)-Destyn_Turtles' Main phase, precombat
Replacement Effect: This land enters tapped unless you control two or more basic lands.
Land: Ai(2)-Destyn_Turtles played Sodden Verdure (182)
Phase: Ai(2)-Destyn_Turtles' Beginning of Combat Step
Phase: Ai(2)-Destyn_Turtles' Declare Attackers Step
Phase: Ai(2)-Destyn_Turtles' Declare Blockers Step
Phase: Ai(2)-Destyn_Turtles' First Strike Damage Step
Phase: Ai(2)-Destyn_Turtles' Combat Damage Step
Phase: Ai(2)-Destyn_Turtles' End of Combat Step
Phase: Ai(2)-Destyn_Turtles' Main phase, postcombat
Phase: Ai(2)-Destyn_Turtles' End step
Phase: Ai(2)-Destyn_Turtles' Cleanup step
Turn: Turn 12 (Ai(3)-GGS_Current)
Phase: Ai(3)-GGS_Current's Untap step
Phase: Ai(3)-GGS_Current's Upkeep step
Phase: Ai(3)-GGS_Current's Draw step
Phase: Ai(3)-GGS_Current's Main phase, precombat
Replacement Effect: As Soporific Springs enters, you may pay 3 life. If you don't, it enters tapped.
Land: Ai(3)-GGS_Current played Soporific Springs (289)
Phase: Ai(3)-GGS_Current's Beginning of Combat Step
Phase: Ai(3)-GGS_Current's Declare Attackers Step
Phase: Ai(3)-GGS_Current's Declare Blockers Step
Phase: Ai(3)-GGS_Current's First Strike Damage Step
Phase: Ai(3)-GGS_Current's Combat Damage Step
Phase: Ai(3)-GGS_Current's End of Combat Step
Phase: Ai(3)-GGS_Current's Main phase, postcombat
Phase: Ai(3)-GGS_Current's End step
Phase: Ai(3)-GGS_Current's Cleanup step
Turn: Turn 13 (Ai(4)-Jaymie_Ezio)
Phase: Ai(4)-Jaymie_Ezio's Untap step
Phase: Ai(4)-Jaymie_Ezio's Upkeep step
Phase: Ai(4)-Jaymie_Ezio's Draw step
Phase: Ai(4)-Jaymie_Ezio's Main phase, precombat
Land: Ai(4)-Jaymie_Ezio played Plains (393)
Mana: Island (337) - {T}: Add {U}.
Mana: Plains (393) - {T}: Add {W}.
Mana: Boros Garrison (383) - {T}: Add {R}{W}.
Add To Stack: Ai(4)-Jaymie_Ezio cast 
Resolve Stack: Disguise - Creature 2/2
Phase: Ai(4)-Jaymie_Ezio's Beginning of Combat Step
Phase: Ai(4)-Jaymie_Ezio's Declare Attackers Step
Phase: Ai(4)-Jaymie_Ezio's Declare Blockers Step
Phase: Ai(4)-Jaymie_Ezio's First Strike Damage Step
Phase: Ai(4)-Jaymie_Ezio's Combat Damage Step
Phase: Ai(4)-Jaymie_Ezio's End of Combat Step
Phase: Ai(4)-Jaymie_Ezio's Main phase, postcombat
Phase: Ai(4)-Jaymie_Ezio's End step
Phase: Ai(4)-Jaymie_Ezio's Cleanup step
Turn: Turn 14 (Ai(1)-Gabe_Food)
Phase: Ai(1)-Gabe_Food's Untap step
Phase: Ai(1)-Gabe_Food's Upkeep step
Mana: Canopy Vista (70) - {T}: Add {W}.
Mana: Swamp (62) - {T}: Add {B}.
Mana: Necroblossom Snarl (64) - {T}: Add {B} or {G}.
Add To Stack: Ai(1)-Gabe_Food cast Anguished Unmaking targeting [Casey Jones, Back Alley Brute (107)]
Zone Change: Casey Jones, Back Alley Brute (107) was put into Exile from Battlefield.
Life: Life: Ai(1)-Gabe_Food 40 > 37
Resolve Stack: Anguished Unmaking (97) - Exile Casey Jones, Back Alley Brute (107). Ai(1)-Gabe_Food loses 3 life.
Phase: Ai(1)-Gabe_Food's Draw step
Phase: Ai(1)-Gabe_Food's Main phase, precombat
Phase: Ai(1)-Gabe_Food's Beginning of Combat Step
Add To Stack: Ai(1)-Gabe_Food triggered Sam, Loyal Attendant
Resolve Stack: At the beginning of combat on your turn, create a Food token. (It's an artifact with "{2}, {T}, Sacrifice this token: You gain 3 life.") [Phase: Ai(1)-Gabe_Food]
Phase: Ai(1)-Gabe_Food's Declare Attackers Step
Combat: Ai(1)-Gabe_Food assigned Sam, Loyal Attendant (101) to attack Ai(4)-Jaymie_Ezio.
Phase: Ai(1)-Gabe_Food's Declare Blockers Step
Combat: Ai(4)-Jaymie_Ezio didn't block Sam, Loyal Attendant (101).
Phase: Ai(1)-Gabe_Food's First Strike Damage Step
Phase: Ai(1)-Gabe_Food's Combat Damage Step
Damage: Sam, Loyal Attendant (101) deals 2 combat damage to Ai(4)-Jaymie_Ezio.
Life: Life: Ai(4)-Jaymie_Ezio 40 > 38
Phase: Ai(1)-Gabe_Food's End of Combat Step
Phase: Ai(1)-Gabe_Food's Main phase, postcombat
Replacement Effect: Graypelt Refuge enters tapped.
Land: Ai(1)-Gabe_Food played Graypelt Refuge (44)
Add To Stack: Ai(1)-Gabe_Food triggered Graypelt Refuge
Life: Life: Ai(1)-Gabe_Food 37 > 38
Resolve Stack: When Graypelt Refuge enters, you gain 1 life. [Zone Changer: Graypelt Refuge (44)]
Phase: Ai(1)-Gabe_Food's End step
Phase: Ai(1)-Gabe_Food's Cleanup step
Turn: Turn 15 (Ai(2)-Destyn_Turtles)
Phase: Ai(2)-Destyn_Turtles' Untap step
Phase: Ai(2)-Destyn_Turtles' Upkeep step
Phase: Ai(2)-Destyn_Turtles' Draw step
Phase: Ai(2)-Destyn_Turtles' Main phase, precombat
Land: Ai(2)-Destyn_Turtles played Ash Barrens (171)
Phase: Ai(2)-Destyn_Turtles' Beginning of Combat Step
Phase: Ai(2)-Destyn_Turtles' Declare Attackers Step
Phase: Ai(2)-Destyn_Turtles' Declare Blockers Step
Phase: Ai(2)-Destyn_Turtles' First Strike Damage Step
Phase: Ai(2)-Destyn_Turtles' Combat Damage Step
Phase: Ai(2)-Destyn_Turtles' End of Combat Step
Phase: Ai(2)-Destyn_Turtles' Main phase, postcombat
Mana: Sol Ring (154) - {T}: Add {C}{C}.
Mana: Ash Barrens (171) - {T}: Add {C}.
Mana: Mountain (187) - {T}: Add {R}.
Mana: Dragonskull Summit (148) - {T}: Add {B} or {R}.
Add To Stack: Ai(2)-Destyn_Turtles cast Mole Module
Resolve Stack: Mole Module
Phase: Ai(2)-Destyn_Turtles' End step
Phase: Ai(2)-Destyn_Turtles' Cleanup step
Turn: Turn 16 (Ai(3)-GGS_Current)
Phase: Ai(3)-GGS_Current's Untap step
Phase: Ai(3)-GGS_Current's Upkeep step
Phase: Ai(3)-GGS_Current's Draw step
Phase: Ai(3)-GGS_Current's Main phase, precombat
Replacement Effect: As Fell Mire enters, you may pay 3 life. If you don't, it enters tapped.
Land: Ai(3)-GGS_Current played Fell Mire (271)
Phase: Ai(3)-GGS_Current's Beginning of Combat Step
Phase: Ai(3)-GGS_Current's Declare Attackers Step
Phase: Ai(3)-GGS_Current's Declare Blockers Step
Phase: Ai(3)-GGS_Current's First Strike Damage Step
Phase: Ai(3)-GGS_Current's Combat Damage Step
Phase: Ai(3)-GGS_Current's End of Combat Step
Phase: Ai(3)-GGS_Current's Main phase, postcombat
Mana: Command Tower (275) - {T}: Add one mana of any color in your commander's color identity.
Mana: Soporific Springs (289) - {T}: Add {U}.
Mana: Mountain (296) - {T}: Add {R}.
Add To Stack: Ai(3)-GGS_Current cast Goro-Goro and Satoru
Resolve Stack: Goro-Goro and Satoru - Creature 3 / 4
Phase: Ai(3)-GGS_Current's End step
Phase: Ai(3)-GGS_Current's Cleanup step
Turn: Turn 17 (Ai(4)-Jaymie_Ezio)
Phase: Ai(4)-Jaymie_Ezio's Untap step
Phase: Ai(4)-Jaymie_Ezio's Upkeep step
Phase: Ai(4)-Jaymie_Ezio's Draw step
Phase: Ai(4)-Jaymie_Ezio's Main phase, precombat
Mana: Plains (393) - {T}: Add {W}.
Mana: Island (337) - {T}: Add {U}.
Mana: Boros Garrison (383) - {T}: Add {R}{W}.
Add To Stack: Ai(4)-Jaymie_Ezio cast Caduceus, Staff of Hermes
Resolve Stack: Caduceus, Staff of Hermes
Phase: Ai(4)-Jaymie_Ezio's Beginning of Combat Step
Phase: Ai(4)-Jaymie_Ezio's Declare Attackers Step
Phase: Ai(4)-Jaymie_Ezio's Declare Blockers Step
Phase: Ai(4)-Jaymie_Ezio's First Strike Damage Step
Phase: Ai(4)-Jaymie_Ezio's Combat Damage Step
Phase: Ai(4)-Jaymie_Ezio's End of Combat Step
Phase: Ai(4)-Jaymie_Ezio's Main phase, postcombat
Phase: Ai(4)-Jaymie_Ezio's End step
Phase: Ai(4)-Jaymie_Ezio's Cleanup step
Turn: Turn 18 (Ai(1)-Gabe_Food)
Phase: Ai(1)-Gabe_Food's Untap step
Phase: Ai(1)-Gabe_Food's Upkeep step
Phase: Ai(1)-Gabe_Food's Draw step
Phase: Ai(1)-Gabe_Food's Main phase, precombat
Land: Ai(1)-Gabe_Food played Swamp (63)
Mana: Necroblossom Snarl (64) - {T}: Add {B} or {G}.
Mana: Swamp (62) - {T}: Add {B}.
Mana: Swamp (63) - {T}: Add {B}.
Mana: Graypelt Refuge (44) - {T}: Add {G} or {W}.
Add To Stack: Ai(1)-Gabe_Food cast Assemble the Entmoot
Resolve Stack: Assemble the Entmoot
Phase: Ai(1)-Gabe_Food's Beginning of Combat Step
Add To Stack: Ai(1)-Gabe_Food triggered Sam, Loyal Attendant
Resolve Stack: At the beginning of combat on your turn, create a Food token. (It's an artifact with "{2}, {T}, Sacrifice this token: You gain 3 life.") [Phase: Ai(1)-Gabe_Food]
Phase: Ai(1)-Gabe_Food's Declare Attackers Step
Combat: Ai(1)-Gabe_Food assigned Sam, Loyal Attendant (101) to attack Ai(4)-Jaymie_Ezio.
Phase: Ai(1)-Gabe_Food's Declare Blockers Step
Combat: Ai(4)-Jaymie_Ezio didn't block Sam, Loyal Attendant (101).
Phase: Ai(1)-Gabe_Food's First Strike Damage Step
Phase: Ai(1)-Gabe_Food's Combat Damage Step
Damage: Sam, Loyal Attendant (101) deals 2 combat damage to Ai(4)-Jaymie_Ezio.
Life: Life: Ai(4)-Jaymie_Ezio 38 > 36
Phase: Ai(1)-Gabe_Food's End of Combat Step
Phase: Ai(1)-Gabe_Food's Main phase, postcombat
Phase: Ai(1)-Gabe_Food's End step
Phase: Ai(1)-Gabe_Food's Cleanup step
Turn: Turn 19 (Ai(2)-Destyn_Turtles)
Phase: Ai(2)-Destyn_Turtles' Untap step
Phase: Ai(2)-Destyn_Turtles' Upkeep step
Phase: Ai(2)-Destyn_Turtles' Draw step
Phase: Ai(2)-Destyn_Turtles' Main phase, precombat
Replacement Effect: Smoldering Marsh enters tapped unless you control two or more basic lands.
Land: Ai(2)-Destyn_Turtles played Smoldering Marsh (169)
Phase: Ai(2)-Destyn_Turtles' Beginning of Combat Step
Phase: Ai(2)-Destyn_Turtles' Declare Attackers Step
Zone Change: Assemble the Entmoot (1) was put into Graveyard from Battlefield.
Add To Stack: Ai(1)-Gabe_Food activated Assemble the Entmoot
Resolve Stack: Assemble the Entmoot (1) - Ai(1)-Gabe_Food creates three tapped X/X green Treefolk creature tokens, where X is the amount of life you gained this turn. Put a reach counter on each of them. Ai(1)-Gabe_Food puts a reach counter on . 
Zone Change: Treefolk Token (444) was put into Graveyard from Battlefield.
Zone Change: Treefolk Token (445) was put into Graveyard from Battlefield.
Zone Change: Treefolk Token (446) was put into Graveyard from Battlefield.
Phase: Ai(2)-Destyn_Turtles' Declare Blockers Step
Phase: Ai(2)-Destyn_Turtles' First Strike Damage Step
Phase: Ai(2)-Destyn_Turtles' Combat Damage Step
Phase: Ai(2)-Destyn_Turtles' End of Combat Step
Phase: Ai(2)-Destyn_Turtles' Main phase, postcombat
Mana: Dragonskull Summit (148) - {T}: Add {B} or {R}.
Mana: Sodden Verdure (182) - {T}: Add {G}.
Mana: Sol Ring (154) - {T}: Add {C}{C}.
Add To Stack: Ai(2)-Destyn_Turtles cast Corpsejack Menace
Resolve Stack: Corpsejack Menace - Creature 4 / 4
Phase: Ai(2)-Destyn_Turtles' End step
Phase: Ai(2)-Destyn_Turtles' Cleanup step
Turn: Turn 20 (Ai(3)-GGS_Current)
Phase: Ai(3)-GGS_Current's Untap step
Phase: Ai(3)-GGS_Current's Upkeep step
Phase: Ai(3)-GGS_Current's Draw step
Phase: Ai(3)-GGS_Current's Main phase, precombat
Land: Ai(3)-GGS_Current played Polluted Delta (214)
Life: Life: Ai(3)-GGS_Current 40 > 39
Zone Change: Polluted Delta (214) was put into Graveyard from Battlefield.
Add To Stack: Ai(3)-GGS_Current activated Polluted Delta
Replacement Effect: As Steam Vents enters, you may pay 2 life. If you don't, it enters tapped.
Resolve Stack: Polluted Delta (214) - Ai(3)-GGS_Current searches their library for an Island or Swamp card, puts it onto the battlefield, then shuffles.
Phase: Ai(3)-GGS_Current's Beginning of Combat Step
Phase: Ai(3)-GGS_Current's Declare Attackers Step
Combat: Ai(3)-GGS_Current assigned Goro-Goro and Satoru (302) to attack Ai(1)-Gabe_Food.
Phase: Ai(3)-GGS_Current's Declare Blockers Step
Combat: Ai(1)-Gabe_Food didn't block Goro-Goro and Satoru (302).
Mana: Soporific Springs (289) - {T}: Add {U}.
Mana: Fell Mire (271) - {T}: Add {B}.
Mana: Mountain (296) - {T}: Add {R}.
Mana: Command Tower (275) - {T}: Add one mana of any color in your commander's color identity.
Add To Stack: Ai(3)-GGS_Current activated Fallen Shinobi
Resolve Stack: Fallen Shinobi (226) - Ai(3)-GGS_Current puts Fallen Shinobi (226) from their hand onto the battlefield tapped and attacking.
Phase: Ai(3)-GGS_Current's First Strike Damage Step
Phase: Ai(3)-GGS_Current's Combat Damage Step
Damage: Fallen Shinobi (226) deals 5 combat damage to Ai(1)-Gabe_Food.
Life: Life: Ai(1)-Gabe_Food 38 > 33
Add To Stack: Ai(3)-GGS_Current triggered Fallen Shinobi
Resolve Stack: Whenever Fallen Shinobi deals combat damage to a player, that player exiles the top two cards of their library. Until end of turn, you may play those cards without paying their mana costs. [Damage Source: Fallen Shinobi (226), Damaged: Ai(1)-Gabe_Food, Amount: 5]
Phase: Ai(3)-GGS_Current's End of Combat Step
Phase: Ai(3)-GGS_Current's Main phase, postcombat
Add To Stack: Ai(3)-GGS_Current cast Savvy Hunter
Resolve Stack: Savvy Hunter - Creature 3 / 3
Add To Stack: Ai(3)-GGS_Current cast Motivated Pony
Resolve Stack: Motivated Pony - Creature 3 / 3
Phase: Ai(3)-GGS_Current's End step
Phase: Ai(3)-GGS_Current's Cleanup step
Turn: Turn 21 (Ai(4)-Jaymie_Ezio)
Phase: Ai(4)-Jaymie_Ezio's Untap step
Phase: Ai(4)-Jaymie_Ezio's Upkeep step
Phase: Ai(4)-Jaymie_Ezio's Draw step
Phase: Ai(4)-Jaymie_Ezio's Main phase, precombat
Land: Ai(4)-Jaymie_Ezio played Island (336)
Mana: Plains (393) - {T}: Add {W}.
Mana: Boros Garrison (383) - {T}: Add {R}{W}.
Add To Stack: Ai(4)-Jaymie_Ezio activated Caduceus, Staff of Hermes targeting [Face-down card (H4)]
Resolve Stack: Caduceus, Staff of Hermes (320) -  Attach to Face-down card (H4)
Mana: Island (337) - {T}: Add {U}.
Add To Stack: Ai(4)-Jaymie_Ezio cast Fellwar Stone
Resolve Stack: Fellwar Stone
Phase: Ai(4)-Jaymie_Ezio's Beginning of Combat Step
Phase: Ai(4)-Jaymie_Ezio's Declare Attackers Step
Combat: Ai(4)-Jaymie_Ezio assigned Face-down card (H4) to attack Ai(3)-GGS_Current.
Phase: Ai(4)-Jaymie_Ezio's Declare Blockers Step
Combat: Ai(3)-GGS_Current didn't block Face-down card (H4).
Phase: Ai(4)-Jaymie_Ezio's First Strike Damage Step
Phase: Ai(4)-Jaymie_Ezio's Combat Damage Step
Damage: Face-down card (H4) deals 7 combat damage to Ai(3)-GGS_Current.
Life: Life: Ai(4)-Jaymie_Ezio 36 > 43
Life: Life: Ai(3)-GGS_Current 39 > 32
Phase: Ai(4)-Jaymie_Ezio's End of Combat Step
Phase: Ai(4)-Jaymie_Ezio's Main phase, postcombat
Mana: Fellwar Stone (379) - {T}: Add one mana of any color that a land an opponent controls could produce.
Mana: Island (336) - {T}: Add {U}.
Add To Stack: Ai(4)-Jaymie_Ezio cast Ezio Auditore da Firenze
Resolve Stack: Ezio Auditore da Firenze - Creature 3 / 2
Phase: Ai(4)-Jaymie_Ezio's End step
Phase: Ai(4)-Jaymie_Ezio's Cleanup step
Turn: Turn 22 (Ai(1)-Gabe_Food)
Phase: Ai(1)-Gabe_Food's Untap step
Phase: Ai(1)-Gabe_Food's Upkeep step
Mana: Graypelt Refuge (44) - {T}: Add {G} or {W}.
Mana: Swamp (62) - {T}: Add {B}.
Mana: Swamp (63) - {T}: Add {B}.
Add To Stack: Ai(1)-Gabe_Food cast Mortify targeting [Fallen Shinobi (226)]
Zone Change: Fallen Shinobi (226) was put into Graveyard from Battlefield.
Resolve Stack: Mortify (65) - Destroy Fallen Shinobi (226).
Phase: Ai(1)-Gabe_Food's Draw step
Phase: Ai(1)-Gabe_Food's Main phase, precombat
Land: Ai(1)-Gabe_Food played Forest (36)
Phase: Ai(1)-Gabe_Food's Beginning of Combat Step
Add To Stack: Ai(1)-Gabe_Food triggered Sam, Loyal Attendant
Resolve Stack: At the beginning of combat on your turn, create a Food token. (It's an artifact with "{2}, {T}, Sacrifice this token: You gain 3 life.") [Phase: Ai(1)-Gabe_Food]
Phase: Ai(1)-Gabe_Food's Declare Attackers Step
Combat: Ai(1)-Gabe_Food assigned Sam, Loyal Attendant (101) to attack Ai(4)-Jaymie_Ezio.
Phase: Ai(1)-Gabe_Food's Declare Blockers Step
Combat: Ai(4)-Jaymie_Ezio didn't block Sam, Loyal Attendant (101).
Phase: Ai(1)-Gabe_Food's First Strike Damage Step
Phase: Ai(1)-Gabe_Food's Combat Damage Step
Damage: Sam, Loyal Attendant (101) deals 2 combat damage to Ai(4)-Jaymie_Ezio.
Life: Life: Ai(4)-Jaymie_Ezio 43 > 41
Phase: Ai(1)-Gabe_Food's End of Combat Step
Phase: Ai(1)-Gabe_Food's Main phase, postcombat
Mana: Forest (36) - {T}: Add {G}.
Mana: Necroblossom Snarl (64) - {T}: Add {B} or {G}.
Mana: Canopy Vista (70) - {T}: Add {G}.
Add To Stack: Ai(1)-Gabe_Food cast Tireless Provisioner
Resolve Stack: Tireless Provisioner - Creature 3 / 2
Phase: Ai(1)-Gabe_Food's End step
Phase: Ai(1)-Gabe_Food's Cleanup step
Turn: Turn 23 (Ai(2)-Destyn_Turtles)
Phase: Ai(2)-Destyn_Turtles' Untap step
Phase: Ai(2)-Destyn_Turtles' Upkeep step
Phase: Ai(2)-Destyn_Turtles' Draw step
Phase: Ai(2)-Destyn_Turtles' Main phase, precombat
Replacement Effect: Rootbound Crag enters tapped unless you control a Mountain or a Forest.
Land: Ai(2)-Destyn_Turtles played Rootbound Crag (194)
Phase: Ai(2)-Destyn_Turtles' Beginning of Combat Step
Add To Stack: Ai(2)-Destyn_Turtles activated Mole Module
Resolve Stack: Mole Module (165) - Mole Module (165) becomes an artifact creature until end of turn.
Phase: Ai(2)-Destyn_Turtles' Declare Attackers Step
Combat: Ai(2)-Destyn_Turtles assigned Mole Module (165) to attack Ai(4)-Jaymie_Ezio.
Phase: Ai(2)-Destyn_Turtles' Declare Blockers Step
Combat: Ai(4)-Jaymie_Ezio didn't block Mole Module (165).
Phase: Ai(2)-Destyn_Turtles' First Strike Damage Step
Phase: Ai(2)-Destyn_Turtles' Combat Damage Step
Damage: Mole Module (165) deals 6 combat damage to Ai(4)-Jaymie_Ezio.
Life: Life: Ai(4)-Jaymie_Ezio 41 > 35
Add To Stack: Ai(2)-Destyn_Turtles triggered Mole Module
Zone Change: Ai(2)-Destyn_Turtles milled Tempestra, Dame of Games (180), Krang, the All-Powerful (123), Lessons from Life (174) and Forest (137).
Resolve Stack: Whenever this Vehicle deals combat damage to a player, mill four cards. You may put a permanent card from among them onto the battlefield. [Damage Source: Mole Module (165), Damaged: Ai(4)-Jaymie_Ezio, Amount: 6]
Phase: Ai(2)-Destyn_Turtles' End of Combat Step
Phase: Ai(2)-Destyn_Turtles' Main phase, postcombat
Mana: Rootbound Crag (194) - {T}: Add {R} or {G}.
Mana: Sol Ring (154) - {T}: Add {C}{C}.
Add To Stack: Ai(2)-Destyn_Turtles cast Michelangelo, the Heart
Resolve Stack: Michelangelo, the Heart - Creature 2 / 1
Phase: Ai(2)-Destyn_Turtles' End step
Phase: Ai(2)-Destyn_Turtles' Cleanup step
Turn: Turn 24 (Ai(3)-GGS_Current)
Phase: Ai(3)-GGS_Current's Untap step
Phase: Ai(3)-GGS_Current's Upkeep step
Phase: Ai(3)-GGS_Current's Draw step
Phase: Ai(3)-GGS_Current's Main phase, precombat
Land: Ai(3)-GGS_Current played Exotic Orchard (231)
Mana: Mountain (296) - {T}: Add {R}.
Mana: Fell Mire (271) - {T}: Add {B}.
Mana: Soporific Springs (289) - {T}: Add {U}.
Mana: Exotic Orchard (231) - {T}: Add one mana of any color that a land an opponent controls could produce.
Add To Stack: Ai(3)-GGS_Current cast Purphoros, God of the Forge
Resolve Stack: Purphoros, God of the Forge - Creature 6 / 5
Phase: Ai(3)-GGS_Current's Beginning of Combat Step
Phase: Ai(3)-GGS_Current's Declare Attackers Step
Phase: Ai(3)-GGS_Current's Declare Blockers Step
Phase: Ai(3)-GGS_Current's First Strike Damage Step
Phase: Ai(3)-GGS_Current's Combat Damage Step
Phase: Ai(3)-GGS_Current's End of Combat Step
Phase: Ai(3)-GGS_Current's Main phase, postcombat
Mana: Steam Vents (246) - {T}: Add {R}.
Add To Stack: Ai(3)-GGS_Current cast Sol Ring
Resolve Stack: Sol Ring
Mana: Command Tower (275) - {T}: Add one mana of any color in your commander's color identity.
Mana: Sol Ring (243) - {T}: Add {C}{C}.
Add To Stack: Ai(3)-GGS_Current cast Aggravated Assault
Resolve Stack: Aggravated Assault
Phase: Ai(3)-GGS_Current's End step
Phase: Ai(3)-GGS_Current's Cleanup step
Turn: Turn 25 (Ai(4)-Jaymie_Ezio)
Phase: Ai(4)-Jaymie_Ezio's Untap step
Phase: Ai(4)-Jaymie_Ezio's Upkeep step
Phase: Ai(4)-Jaymie_Ezio's Draw step
Phase: Ai(4)-Jaymie_Ezio's Main phase, precombat
Replacement Effect: Smoldering Marsh enters tapped unless you control two or more basic lands.
Land: Ai(4)-Jaymie_Ezio played Smoldering Marsh (374)
Mana: Fellwar Stone (379) - {T}: Add one mana of any color that a land an opponent controls could produce.
Mana: Plains (393) - {T}: Add {W}.
Mana: Boros Garrison (383) - {T}: Add {R}{W}.
Add To Stack: Ai(4)-Jaymie_Ezio cast Queen Marchesa
Resolve Stack: Queen Marchesa - Creature 3 / 3
Add To Stack: Ai(4)-Jaymie_Ezio triggered Queen Marchesa
Resolve Stack: When Queen Marchesa enters, you become the monarch. [Zone Changer: Queen Marchesa (334)]
Phase: Ai(4)-Jaymie_Ezio's Beginning of Combat Step
Phase: Ai(4)-Jaymie_Ezio's Declare Attackers Step
Combat: Ai(4)-Jaymie_Ezio assigned Face-down card (H4), Ezio Auditore da Firenze (403) and Queen Marchesa (334) to attack Ai(3)-GGS_Current.
Phase: Ai(4)-Jaymie_Ezio's Declare Blockers Step
Combat: Ai(3)-GGS_Current didn't block Face-down card (H4).
Ai(3)-GGS_Current didn't block Ezio Auditore da Firenze (403).
Ai(3)-GGS_Current didn't block Queen Marchesa (334).
Phase: Ai(4)-Jaymie_Ezio's First Strike Damage Step
Phase: Ai(4)-Jaymie_Ezio's Combat Damage Step
Damage: Face-down card (H4) deals 7 combat damage to Ai(3)-GGS_Current.
Life: Life: Ai(4)-Jaymie_Ezio 35 > 42
Damage: Ezio Auditore da Firenze (403) deals 3 combat damage to Ai(3)-GGS_Current.
Damage: Queen Marchesa (334) deals 3 combat damage to Ai(3)-GGS_Current.
Life: Life: Ai(3)-GGS_Current 32 > 19
Add To Stack: Ai(4)-Jaymie_Ezio triggered Ezio Auditore da Firenze
Resolve Stack: Whenever Ezio deals combat damage to a player, you may pay {W}{U}{B}{R}{G} if that player has 10 or less life. When you do, that player loses the game. [Damage Source: Ezio Auditore da Firenze (403), Damaged: Ai(3)-GGS_Current, Amount: 3]
Phase: Ai(4)-Jaymie_Ezio's End of Combat Step
Phase: Ai(4)-Jaymie_Ezio's Main phase, postcombat
Mana: Smoldering Marsh (374) - {T}: Add {B}.
Mana: Island (337) - {T}: Add {U}.
Add To Stack: Ai(4)-Jaymie_Ezio cast Basim Ibn Ishaq
Resolve Stack: Basim Ibn Ishaq - Creature 2 / 2
Phase: Ai(4)-Jaymie_Ezio's End step
Add To Stack: Ai(4)-Jaymie_Ezio triggered The Monarch
Resolve Stack: At the beginning of your end step, draw a card. [Phase: Ai(4)-Jaymie_Ezio]
Add To Stack: Ai(2)-Destyn_Turtles triggered Krang, the All-Powerful
Add To Stack: Ai(2)-Destyn_Turtles triggered Krang, the All-Powerful
Replacement Effect: If one or more +1/+1 counters would be put on a creature you control, twice that many +1/+1 counters are put on it instead.
Resolve Stack: Whenever a player draws their second card each turn, put a +1/+1 counter on Krang. [Player: Ai(4)-Jaymie_Ezio]
Replacement Effect: If one or more +1/+1 counters would be put on a creature you control, twice that many +1/+1 counters are put on it instead.
Resolve Stack: Whenever a player draws their second card each turn, put a +1/+1 counter on Krang. [Player: Ai(4)-Jaymie_Ezio]
Phase: Ai(4)-Jaymie_Ezio's Cleanup step
Turn: Turn 26 (Ai(1)-Gabe_Food)
Phase: Ai(1)-Gabe_Food's Untap step
Phase: Ai(1)-Gabe_Food's Upkeep step
Phase: Ai(1)-Gabe_Food's Draw step
Phase: Ai(1)-Gabe_Food's Main phase, precombat
Land: Ai(1)-Gabe_Food played Exotic Orchard (47)
Add To Stack: Ai(1)-Gabe_Food triggered Tireless Provisioner
Resolve Stack: Landfall — Whenever a land you control enters, create a Food token or a Treasure token. (Food is an artifact with "{2}, {T}, Sacrifice this token: You gain 3 life." Treasure is an artifact with "{T}, Sacrifice this token: Add one mana of any color.") [Zone Changer: Exotic Orchard (47)]
Mana: Swamp (62) - {T}: Add {B}.
Mana: Exotic Orchard (47) - {T}: Add one mana of any color that a land an opponent controls could produce.
Add To Stack: Ai(1)-Gabe_Food cast Pippin, Warden of Isengard
Resolve Stack: Pippin, Warden of Isengard - Creature 2 / 2
Add To Stack: Ai(1)-Gabe_Food triggered Pippin, Warden of Isengard targeting [Ai(1)-Gabe_Food]
Resolve Stack: Partner with Merry, Warden of Isengard (When this creature enters, target player may put Merry into their hand from their library, then shuffle.) (Targeting: [[Ai(1)-Gabe_Food]]) [Zone Changer: Pippin, Warden of Isengard (40)]
Phase: Ai(1)-Gabe_Food's Beginning of Combat Step
Add To Stack: Ai(1)-Gabe_Food triggered Sam, Loyal Attendant
Resolve Stack: At the beginning of combat on your turn, create a Food token. (It's an artifact with "{2}, {T}, Sacrifice this token: You gain 3 life.") [Phase: Ai(1)-Gabe_Food]
Phase: Ai(1)-Gabe_Food's Declare Attackers Step
Combat: Ai(1)-Gabe_Food assigned Sam, Loyal Attendant (101) to attack Ai(4)-Jaymie_Ezio.
Phase: Ai(1)-Gabe_Food's Declare Blockers Step
Combat: Ai(4)-Jaymie_Ezio didn't block Sam, Loyal Attendant (101).
Phase: Ai(1)-Gabe_Food's First Strike Damage Step
Phase: Ai(1)-Gabe_Food's Combat Damage Step
Damage: Sam, Loyal Attendant (101) deals 2 combat damage to Ai(4)-Jaymie_Ezio.
Life: Life: Ai(4)-Jaymie_Ezio 42 > 40
Add To Stack: Ai(4)-Jaymie_Ezio triggered The Monarch
Resolve Stack: Whenever a creature deals combat damage to you, its controller becomes the monarch. [Damage Source: Sam, Loyal Attendant (101), Damaged: Ai(4)-Jaymie_Ezio, Amount: 2]
Phase: Ai(1)-Gabe_Food's End of Combat Step
Phase: Ai(1)-Gabe_Food's Main phase, postcombat
Mana: Swamp (63) - {T}: Add {B}.
Mana: Forest (36) - {T}: Add {G}.
Mana: Necroblossom Snarl (64) - {T}: Add {B} or {G}.
Add To Stack: Ai(1)-Gabe_Food cast Lobelia, Defender of Bag End
Resolve Stack: Lobelia, Defender of Bag End - Creature 2 / 2
Add To Stack: Ai(1)-Gabe_Food triggered Lobelia, Defender of Bag End
Resolve Stack: When Lobelia enters, look at the top card of each opponent's library and exile those cards face down. [Zone Changer: Lobelia, Defender of Bag End (4)]
Mana: Graypelt Refuge (44) - {T}: Add {G} or {W}.
Mana: Canopy Vista (70) - {T}: Add {G}.
Zone Change: Treasure Token (459) was put into Graveyard from Battlefield.
Mana: Treasure Token (459) - {T}, Sacrifice this token: Add one mana of any color.
Add To Stack: Ai(1)-Gabe_Food cast Merry, Warden of Isengard
Resolve Stack: Merry, Warden of Isengard - Creature 1 / 4
Add To Stack: Ai(1)-Gabe_Food triggered Merry, Warden of Isengard targeting [Ai(1)-Gabe_Food]
Resolve Stack: Partner with Pippin, Warden of Isengard (When this creature enters, target player may put Pippin into their hand from their library, then shuffle.) (Targeting: [[Ai(1)-Gabe_Food]]) [Zone Changer: Merry, Warden of Isengard (6)]
Phase: Ai(1)-Gabe_Food's End step
Add To Stack: Ai(1)-Gabe_Food triggered The Monarch
Resolve Stack: At the beginning of your end step, draw a card. [Phase: Ai(1)-Gabe_Food]
Add To Stack: Ai(2)-Destyn_Turtles triggered Krang, the All-Powerful
Add To Stack: Ai(2)-Destyn_Turtles triggered Krang, the All-Powerful
Replacement Effect: If one or more +1/+1 counters would be put on a creature you control, twice that many +1/+1 counters are put on it instead.
Resolve Stack: Whenever a player draws their second card each turn, put a +1/+1 counter on Krang. [Player: Ai(1)-Gabe_Food]
Replacement Effect: If one or more +1/+1 counters would be put on a creature you control, twice that many +1/+1 counters are put on it instead.
Resolve Stack: Whenever a player draws their second card each turn, put a +1/+1 counter on Krang. [Player: Ai(1)-Gabe_Food]
Phase: Ai(1)-Gabe_Food's Cleanup step
Turn: Turn 27 (Ai(2)-Destyn_Turtles)
Phase: Ai(2)-Destyn_Turtles' Untap step
Phase: Ai(2)-Destyn_Turtles' Upkeep step
Phase: Ai(2)-Destyn_Turtles' Draw step
Phase: Ai(2)-Destyn_Turtles' Main phase, precombat
Land: Ai(2)-Destyn_Turtles played Exotic Orchard (142)
Phase: Ai(2)-Destyn_Turtles' Beginning of Combat Step
Add To Stack: Ai(2)-Destyn_Turtles activated Mole Module
Resolve Stack: Mole Module (165) - Mole Module (165) becomes an artifact creature until end of turn.
Phase: Ai(2)-Destyn_Turtles' Declare Attackers Step
Combat: Ai(2)-Destyn_Turtles assigned Krang, the All-Powerful (123), Mole Module (165) and Corpsejack Menace (151) to attack Ai(4)-Jaymie_Ezio.
Phase: Ai(2)-Destyn_Turtles' Declare Blockers Step
Combat: Ai(4)-Jaymie_Ezio didn't block Krang, the All-Powerful (123).
Ai(4)-Jaymie_Ezio didn't block Mole Module (165).
Ai(4)-Jaymie_Ezio didn't block Corpsejack Menace (151).
Phase: Ai(2)-Destyn_Turtles' First Strike Damage Step
Phase: Ai(2)-Destyn_Turtles' Combat Damage Step
Damage: Krang, the All-Powerful (123) deals 11 combat damage to Ai(4)-Jaymie_Ezio.
Damage: Mole Module (165) deals 6 combat damage to Ai(4)-Jaymie_Ezio.
Damage: Corpsejack Menace (151) deals 4 combat damage to Ai(4)-Jaymie_Ezio.
Life: Life: Ai(4)-Jaymie_Ezio 40 > 19
Add To Stack: Ai(2)-Destyn_Turtles triggered Mole Module
Zone Change: Ai(2)-Destyn_Turtles milled Heroes in a Half Shell (173), Together Forever (115), Thriving Moor (197) and Thriving Isle (153).
Resolve Stack: Whenever this Vehicle deals combat damage to a player, mill four cards. You may put a permanent card from among them onto the battlefield. [Damage Source: Mole Module (165), Damaged: Ai(4)-Jaymie_Ezio, Amount: 6]
Phase: Ai(2)-Destyn_Turtles' End of Combat Step
Phase: Ai(2)-Destyn_Turtles' Main phase, postcombat
Add To Stack: Ai(2)-Destyn_Turtles triggered Michelangelo, the Heart targeting [Krang, the All-Powerful (123)]
Replacement Effect: If one or more +1/+1 counters would be put on a creature you control, twice that many +1/+1 counters are put on it instead.
Resolve Stack: Raid (the Fridge) — At the beginning of your second main phase, if you attacked this turn, put a +1/+1 counter on target creature and create a Food token. (Targeting: [[Krang, the All-Powerful (123)]]) [Phase: Ai(2)-Destyn_Turtles]
Mana: Exotic Orchard (142) - {T}: Add one mana of any color that a land an opponent controls could produce.
Mana: Sol Ring (154) - {T}: Add {C}{C}.
Mana: Ash Barrens (171) - {T}: Add {C}.
Add To Stack: Ai(2)-Destyn_Turtles cast Leonardo, the Balance
Resolve Stack: Leonardo, the Balance - Creature 3 / 3
Phase: Ai(2)-Destyn_Turtles' End step
Phase: Ai(2)-Destyn_Turtles' Cleanup step
Turn: Turn 28 (Ai(3)-GGS_Current)
Phase: Ai(3)-GGS_Current's Untap step
Phase: Ai(3)-GGS_Current's Upkeep step
Phase: Ai(3)-GGS_Current's Draw step
Phase: Ai(3)-GGS_Current's Main phase, precombat
Mana: Mountain (296) - {T}: Add {R}.
Mana: Sol Ring (243) - {T}: Add {C}{C}.
Mana: Fell Mire (271) - {T}: Add {B}.
Mana: Soporific Springs (289) - {T}: Add {U}.
Add To Stack: Ai(3)-GGS_Current cast Karlach, Fury of Avernus
Resolve Stack: Karlach, Fury of Avernus - Creature 5 / 4
Add To Stack: Ai(3)-GGS_Current triggered Purphoros, God of the Forge
Damage: Purphoros, God of the Forge (265) deals 2 non-combat damage to Ai(1)-Gabe_Food.
Damage: Purphoros, God of the Forge (265) deals 2 non-combat damage to Ai(2)-Destyn_Turtles.
Damage: Purphoros, God of the Forge (265) deals 2 non-combat damage to Ai(4)-Jaymie_Ezio.
Life: Life: Ai(1)-Gabe_Food 33 > 31
Life: Life: Ai(2)-Destyn_Turtles 40 > 38
Life: Life: Ai(4)-Jaymie_Ezio 19 > 17
Resolve Stack: Whenever another creature you control enters, Purphoros, God of the Forge deals 2 damage to each opponent. [Zone Changer: Karlach, Fury of Avernus (212)]
Mana: Exotic Orchard (231) - {T}: Add one mana of any color that a land an opponent controls could produce.
Mana: Steam Vents (246) - {T}: Add {U}.
Mana: Command Tower (275) - {T}: Add one mana of any color in your commander's color identity.
Add To Stack: Ai(3)-GGS_Current cast Goro-Goro and Satoru
Resolve Stack: Goro-Goro and Satoru - Creature 3 / 4
Add To Stack: Ai(3)-GGS_Current triggered Purphoros, God of the Forge
Damage: Purphoros, God of the Forge (265) deals 2 non-combat damage to Ai(1)-Gabe_Food.
Damage: Purphoros, God of the Forge (265) deals 2 non-combat damage to Ai(2)-Destyn_Turtles.
Damage: Purphoros, God of the Forge (265) deals 2 non-combat damage to Ai(4)-Jaymie_Ezio.
Life: Life: Ai(1)-Gabe_Food 31 > 29
Life: Life: Ai(2)-Destyn_Turtles 38 > 36
Life: Life: Ai(4)-Jaymie_Ezio 17 > 15
Resolve Stack: Whenever another creature you control enters, Purphoros, God of the Forge deals 2 damage to each opponent. [Zone Changer: Goro-Goro and Satoru (302)]
Phase: Ai(3)-GGS_Current's Beginning of Combat Step
Phase: Ai(3)-GGS_Current's Declare Attackers Step
Phase: Ai(3)-GGS_Current's Declare Blockers Step
Phase: Ai(3)-GGS_Current's First Strike Damage Step
Phase: Ai(3)-GGS_Current's Combat Damage Step
Phase: Ai(3)-GGS_Current's End of Combat Step
Phase: Ai(3)-GGS_Current's Main phase, postcombat
Phase: Ai(3)-GGS_Current's End step
Phase: Ai(3)-GGS_Current's Cleanup step
Turn: Turn 29 (Ai(4)-Jaymie_Ezio)
Phase: Ai(4)-Jaymie_Ezio's Untap step
Phase: Ai(4)-Jaymie_Ezio's Upkeep step
Add To Stack: Ai(4)-Jaymie_Ezio triggered Queen Marchesa
Resolve Stack: At the beginning of your upkeep, if an opponent is the monarch, create a 1/1 black Assassin creature token with deathtouch and haste. [Phase: Ai(4)-Jaymie_Ezio]
Mana: Fellwar Stone (379) - {T}: Add one mana of any color that a land an opponent controls could produce.
Mana: Smoldering Marsh (374) - {T}: Add {B}.
Resolve Stack: Ai(4)-Jaymie_Ezio has undisguised Aveline de Grandpré
Phase: Ai(4)-Jaymie_Ezio's Draw step
Phase: Ai(4)-Jaymie_Ezio's Main phase, precombat
Replacement Effect: As Foreboding Ruins enters, you may reveal a Swamp or Mountain card from your hand. If you don't, Foreboding Ruins enters tapped.
Land: Ai(4)-Jaymie_Ezio played Foreboding Ruins (371)
Phase: Ai(4)-Jaymie_Ezio's Beginning of Combat Step
Phase: Ai(4)-Jaymie_Ezio's Declare Attackers Step
Phase: Ai(4)-Jaymie_Ezio's Declare Blockers Step
Phase: Ai(4)-Jaymie_Ezio's First Strike Damage Step
Phase: Ai(4)-Jaymie_Ezio's Combat Damage Step
Phase: Ai(4)-Jaymie_Ezio's End of Combat Step
Phase: Ai(4)-Jaymie_Ezio's Main phase, postcombat
Mana: Boros Garrison (383) - {T}: Add {R}{W}.
Mana: Island (337) - {T}: Add {U}.
Mana: Island (336) - {T}: Add {U}.
Add To Stack: Ai(4)-Jaymie_Ezio cast Origin of the Hidden Ones
Add To Stack: Ai(4)-Jaymie_Ezio triggered Basim Ibn Ishaq
Resolve Stack: Whenever you cast a historic spell, draw a card. Basim Ibn Ishaq can't be blocked this turn. This ability triggers only once each turn. (Artifacts, legendaries, and Sagas are historic.) [Card: Origin of the Hidden Ones (389), Activator: Ai(4)-Jaymie_Ezio, SpellAbility: Origin of the Hidden Ones]
Add To Stack: Ai(2)-Destyn_Turtles triggered Krang, the All-Powerful
Add To Stack: Ai(2)-Destyn_Turtles triggered Krang, the All-Powerful
Replacement Effect: If one or more +1/+1 counters would be put on a creature you control, twice that many +1/+1 counters are put on it instead.
Resolve Stack: Whenever a player draws their second card each turn, put a +1/+1 counter on Krang. [Player: Ai(4)-Jaymie_Ezio]
Replacement Effect: If one or more +1/+1 counters would be put on a creature you control, twice that many +1/+1 counters are put on it instead.
Resolve Stack: Whenever a player draws their second card each turn, put a +1/+1 counter on Krang. [Player: Ai(4)-Jaymie_Ezio]
Replacement Effect: Origin of the Hidden Ones enters with a lore counter on it.
Resolve Stack: Origin of the Hidden Ones
Add To Stack: Ai(4)-Jaymie_Ezio triggered Origin of the Hidden Ones targeting [Karlach, Fury of Avernus (212)]
Damage: Origin of the Hidden Ones (389) deals 4 damage to Karlach, Fury of Avernus (212).
Resolve Stack: I — Origin of the Hidden Ones deals 4 damage to any target. (Targeting: [[Karlach, Fury of Avernus (212)]]) [Added once: Origin of the Hidden Ones (389)]
Zone Change: Karlach, Fury of Avernus (212) was put into Graveyard from Battlefield.
Phase: Ai(4)-Jaymie_Ezio's End step
Phase: Ai(4)-Jaymie_Ezio's Cleanup step
Turn: Turn 30 (Ai(1)-Gabe_Food)
Phase: Ai(1)-Gabe_Food's Untap step
Phase: Ai(1)-Gabe_Food's Upkeep step
Phase: Ai(1)-Gabe_Food's Draw step
Phase: Ai(1)-Gabe_Food's Main phase, precombat
Phase: Ai(1)-Gabe_Food's Beginning of Combat Step
Add To Stack: Ai(1)-Gabe_Food triggered Sam, Loyal Attendant
Resolve Stack: At the beginning of combat on your turn, create a Food token. (It's an artifact with "{2}, {T}, Sacrifice this token: You gain 3 life.") [Phase: Ai(1)-Gabe_Food]
Add To Stack: Ai(1)-Gabe_Food triggered Merry, Warden of Isengard
Resolve Stack: Whenever one or more artifacts you control enter, create a 1/1 white Soldier creature token with lifelink. This ability triggers only once each turn. [Amount: 1]
Phase: Ai(1)-Gabe_Food's Declare Attackers Step
Phase: Ai(1)-Gabe_Food's Declare Blockers Step
Phase: Ai(1)-Gabe_Food's First Strike Damage Step
Phase: Ai(1)-Gabe_Food's Combat Damage Step
Phase: Ai(1)-Gabe_Food's End of Combat Step
Phase: Ai(1)-Gabe_Food's Main phase, postcombat
Mana: Swamp (62) - {T}: Add {B}.
Mana: Swamp (63) - {T}: Add {B}.
Mana: Forest (36) - {T}: Add {G}.
Mana: Exotic Orchard (47) - {T}: Add one mana of any color that a land an opponent controls could produce.
Add To Stack: Ai(1)-Gabe_Food cast Well of Lost Dreams
Resolve Stack: Well of Lost Dreams
Mana: Necroblossom Snarl (64) - {T}: Add {B} or {G}.
Add To Stack: Ai(1)-Gabe_Food cast Essence Warden
Resolve Stack: Essence Warden - Creature 1 / 1
Mana: Graypelt Refuge (44) - {T}: Add {G} or {W}.
Mana: Canopy Vista (70) - {T}: Add {G}.
Add To Stack: Ai(1)-Gabe_Food cast Hithlain Rope
Resolve Stack: Hithlain Rope
Phase: Ai(1)-Gabe_Food's End step
Add To Stack: Ai(1)-Gabe_Food triggered The Monarch
Resolve Stack: At the beginning of your end step, draw a card. [Phase: Ai(1)-Gabe_Food]
Add To Stack: Ai(2)-Destyn_Turtles triggered Krang, the All-Powerful
Add To Stack: Ai(2)-Destyn_Turtles triggered Krang, the All-Powerful
Replacement Effect: If one or more +1/+1 counters would be put on a creature you control, twice that many +1/+1 counters are put on it instead.
Resolve Stack: Whenever a player draws their second card each turn, put a +1/+1 counter on Krang. [Player: Ai(1)-Gabe_Food]
Replacement Effect: If one or more +1/+1 counters would be put on a creature you control, twice that many +1/+1 counters are put on it instead.
Resolve Stack: Whenever a player draws their second card each turn, put a +1/+1 counter on Krang. [Player: Ai(1)-Gabe_Food]
Phase: Ai(1)-Gabe_Food's Cleanup step
Turn: Turn 31 (Ai(2)-Destyn_Turtles)
Phase: Ai(2)-Destyn_Turtles' Untap step
Phase: Ai(2)-Destyn_Turtles' Upkeep step
Phase: Ai(2)-Destyn_Turtles' Draw step
Phase: Ai(2)-Destyn_Turtles' Main phase, precombat
Phase: Ai(2)-Destyn_Turtles' Beginning of Combat Step
Add To Stack: Ai(2)-Destyn_Turtles activated Mole Module
Resolve Stack: Mole Module (165) - Mole Module (165) becomes an artifact creature until end of turn.
Phase: Ai(2)-Destyn_Turtles' Declare Attackers Step
Combat: Ai(2)-Destyn_Turtles assigned Krang, the All-Powerful (123), Mole Module (165), Corpsejack Menace (151) and Heroes in a Half Shell (173) to attack Ai(1)-Gabe_Food.
Phase: Ai(2)-Destyn_Turtles' Declare Blockers Step
Combat: Ai(1)-Gabe_Food assigned Soldier Token (521) to block Krang, the All-Powerful (123).
Ai(1)-Gabe_Food didn't block Mole Module (165).
Ai(1)-Gabe_Food didn't block Corpsejack Menace (151).
Ai(1)-Gabe_Food assigned Sam, Loyal Attendant (101) and Tireless Provisioner (19) to block Heroes in a Half Shell (173).
Mana: Exotic Orchard (142) - {T}: Add one mana of any color that a land an opponent controls could produce.
Mana: Sodden Verdure (182) - {T}: Add {U}.
Mana: Rootbound Crag (194) - {T}: Add {R} or {G}.
Mana: Dragonskull Summit (148) - {T}: Add {B} or {R}.
Mana: Mountain (187) - {T}: Add {R}.
Add To Stack: Ai(2)-Destyn_Turtles activated Leonardo, the Balance
Resolve Stack: Leonardo, the Balance (202) - Creatures you control gain menace, trample, and lifelink until end of turn.
Phase: Ai(2)-Destyn_Turtles' First Strike Damage Step
Phase: Ai(2)-Destyn_Turtles' Combat Damage Step
Damage: Krang, the All-Powerful (123) deals 20 combat damage to Ai(1)-Gabe_Food.
Damage: Krang, the All-Powerful (123) deals 1 damage to Soldier Token (521).
Life: Life: Ai(2)-Destyn_Turtles 36 > 57
Damage: Mole Module (165) deals 6 combat damage to Ai(1)-Gabe_Food.
Life: Life: Ai(2)-Destyn_Turtles 57 > 63
Damage: Corpsejack Menace (151) deals 4 combat damage to Ai(1)-Gabe_Food.
Life: Life: Ai(2)-Destyn_Turtles 63 > 67
Damage: Heroes in a Half Shell (173) deals 2 damage to Tireless Provisioner (19).
Damage: Heroes in a Half Shell (173) deals 3 damage to Sam, Loyal Attendant (101).
Life: Life: Ai(2)-Destyn_Turtles 67 > 72
Damage: Sam, Loyal Attendant (101) deals 2 damage to Heroes in a Half Shell (173).
Damage: Tireless Provisioner (19) deals 3 damage to Heroes in a Half Shell (173).
Damage: Soldier Token (521) deals 1 damage to Krang, the All-Powerful (123).
Life: Life: Ai(1)-Gabe_Food 29 > 30
Life: Life: Ai(1)-Gabe_Food 30 > 0
Zone Change: Heroes in a Half Shell (173) was put into Graveyard from Battlefield.
Add To Stack: Ai(2)-Destyn_Turtles triggered Mole Module
Zone Change: Ai(2)-Destyn_Turtles milled Plains (188), Assassin's Trophy (143), Sunken Hollow (125) and Biogenic Ooze (166).
Resolve Stack: Whenever this Vehicle deals combat damage to a player, mill four cards. You may put a permanent card from among them onto the battlefield. [Damage Source: Mole Module (165), Damaged: Ai(1)-Gabe_Food, Amount: 6]
Add To Stack: Ai(2)-Destyn_Turtles triggered Biogenic Ooze
Resolve Stack: When Biogenic Ooze enters, create a 2/2 green Ooze creature token. [Zone Changer: Biogenic Ooze (166)]
Add To Stack: Ai(2)-Destyn_Turtles triggered Leonardo, the Balance
Replacement Effect: If one or more +1/+1 counters would be put on a creature you control, twice that many +1/+1 counters are put on it instead.
Replacement Effect: If one or more +1/+1 counters would be put on a creature you control, twice that many +1/+1 counters are put on it instead.
Replacement Effect: If one or more +1/+1 counters would be put on a creature you control, twice that many +1/+1 counters are put on it instead.
Replacement Effect: If one or more +1/+1 counters would be put on a creature you control, twice that many +1/+1 counters are put on it instead.
Replacement Effect: If one or more +1/+1 counters would be put on a creature you control, twice that many +1/+1 counters are put on it instead.
Replacement Effect: If one or more +1/+1 counters would be put on a creature you control, twice that many +1/+1 counters are put on it instead.
Replacement Effect: If one or more +1/+1 counters would be put on a creature you control, twice that many +1/+1 counters are put on it instead.
Resolve Stack: Whenever a token you control enters, you may put a +1/+1 counter on each creature you control. Do this only once each turn. [Zone Changer: Ooze Token (543)]
Phase: Ai(2)-Destyn_Turtles' End of Combat Step
Phase: Ai(2)-Destyn_Turtles' Main phase, postcombat
Add To Stack: Ai(2)-Destyn_Turtles triggered Michelangelo, the Heart targeting [Krang, the All-Powerful (123)]
Replacement Effect: If one or more +1/+1 counters would be put on a creature you control, twice that many +1/+1 counters are put on it instead.
Resolve Stack: Raid (the Fridge) — At the beginning of your second main phase, if you attacked this turn, put a +1/+1 counter on target creature and create a Food token. (Targeting: [[Krang, the All-Powerful (123)]]) [Phase: Ai(2)-Destyn_Turtles]
Replacement Effect: Path of Ancestry enters tapped.
Land: Ai(2)-Destyn_Turtles played Path of Ancestry (113)
Phase: Ai(2)-Destyn_Turtles' End step
Add To Stack: Ai(2)-Destyn_Turtles triggered The Monarch
Add To Stack: Ai(2)-Destyn_Turtles triggered Biogenic Ooze
Replacement Effect: If one or more +1/+1 counters would be put on a creature you control, twice that many +1/+1 counters are put on it instead.
Replacement Effect: If one or more +1/+1 counters would be put on a creature you control, twice that many +1/+1 counters are put on it instead.
Resolve Stack: At the beginning of your end step, put a +1/+1 counter on each Ooze you control. [Phase: Ai(2)-Destyn_Turtles]
Resolve Stack: At the beginning of your end step, draw a card. [Phase: Ai(2)-Destyn_Turtles]
Add To Stack: Ai(2)-Destyn_Turtles triggered Krang, the All-Powerful
Add To Stack: Ai(2)-Destyn_Turtles triggered Krang, the All-Powerful
Replacement Effect: If one or more +1/+1 counters would be put on a creature you control, twice that many +1/+1 counters are put on it instead.
Resolve Stack: Whenever a player draws their second card each turn, put a +1/+1 counter on Krang. [Player: Ai(2)-Destyn_Turtles]
Replacement Effect: If one or more +1/+1 counters would be put on a creature you control, twice that many +1/+1 counters are put on it instead.
Resolve Stack: Whenever a player draws their second card each turn, put a +1/+1 counter on Krang. [Player: Ai(2)-Destyn_Turtles]
Phase: Ai(2)-Destyn_Turtles' Cleanup step
Turn: Turn 32 (Ai(3)-GGS_Current)
Phase: Ai(3)-GGS_Current's Untap step
Phase: Ai(3)-GGS_Current's Upkeep step
Phase: Ai(3)-GGS_Current's Draw step
Phase: Ai(3)-GGS_Current's Main phase, precombat
Phase: Ai(3)-GGS_Current's Beginning of Combat Step
Phase: Ai(3)-GGS_Current's Declare Attackers Step
Phase: Ai(3)-GGS_Current's Declare Blockers Step
Phase: Ai(3)-GGS_Current's First Strike Damage Step
Phase: Ai(3)-GGS_Current's Combat Damage Step
Phase: Ai(3)-GGS_Current's End of Combat Step
Phase: Ai(3)-GGS_Current's Main phase, postcombat
Mana: Exotic Orchard (231) - {T}: Add one mana of any color that a land an opponent controls could produce.
Mana: Soporific Springs (289) - {T}: Add {U}.
Mana: Sol Ring (243) - {T}: Add {C}{C}.
Add To Stack: Ai(3)-GGS_Current cast Ingenious Infiltrator
Resolve Stack: Ingenious Infiltrator - Creature 2 / 3
Add To Stack: Ai(3)-GGS_Current triggered Purphoros, God of the Forge
Damage: Purphoros, God of the Forge (265) deals 2 non-combat damage to Ai(2)-Destyn_Turtles.
Damage: Purphoros, God of the Forge (265) deals 2 non-combat damage to Ai(4)-Jaymie_Ezio.
Life: Life: Ai(2)-Destyn_Turtles 72 > 70
Life: Life: Ai(4)-Jaymie_Ezio 15 > 13
Resolve Stack: Whenever another creature you control enters, Purphoros, God of the Forge deals 2 damage to each opponent. [Zone Changer: Ingenious Infiltrator (228)]
Mana: Fell Mire (271) - {T}: Add {B}.
Mana: Mountain (296) - {T}: Add {R}.
Mana: Steam Vents (246) - {T}: Add {R}.
Mana: Command Tower (275) - {T}: Add one mana of any color in your commander's color identity.
Add To Stack: Ai(3)-GGS_Current cast Grim Hireling
Resolve Stack: Grim Hireling - Creature 3 / 2
Add To Stack: Ai(3)-GGS_Current triggered Purphoros, God of the Forge
Damage: Purphoros, God of the Forge (265) deals 2 non-combat damage to Ai(2)-Destyn_Turtles.
Damage: Purphoros, God of the Forge (265) deals 2 non-combat damage to Ai(4)-Jaymie_Ezio.
Life: Life: Ai(2)-Destyn_Turtles 70 > 68
Life: Life: Ai(4)-Jaymie_Ezio 13 > 11
Resolve Stack: Whenever another creature you control enters, Purphoros, God of the Forge deals 2 damage to each opponent. [Zone Changer: Grim Hireling (298)]
Phase: Ai(3)-GGS_Current's End step
Phase: Ai(3)-GGS_Current's Cleanup step
Turn: Turn 33 (Ai(4)-Jaymie_Ezio)
Phase: Ai(4)-Jaymie_Ezio's Untap step
Phase: Ai(4)-Jaymie_Ezio's Upkeep step
Add To Stack: Ai(4)-Jaymie_Ezio triggered Queen Marchesa
Resolve Stack: At the beginning of your upkeep, if an opponent is the monarch, create a 1/1 black Assassin creature token with deathtouch and haste. [Phase: Ai(4)-Jaymie_Ezio]
Phase: Ai(4)-Jaymie_Ezio's Draw step
Phase: Ai(4)-Jaymie_Ezio's Main phase, precombat
Add To Stack: Ai(4)-Jaymie_Ezio triggered Origin of the Hidden Ones
Resolve Stack: II — Create two 1/1 black Assassin creature tokens with menace. [Added once: Origin of the Hidden Ones (389)]
Phase: Ai(4)-Jaymie_Ezio's Beginning of Combat Step
Phase: Ai(4)-Jaymie_Ezio's Declare Attackers Step
Phase: Ai(4)-Jaymie_Ezio's Declare Blockers Step
Phase: Ai(4)-Jaymie_Ezio's First Strike Damage Step
Phase: Ai(4)-Jaymie_Ezio's Combat Damage Step
Phase: Ai(4)-Jaymie_Ezio's End of Combat Step
Phase: Ai(4)-Jaymie_Ezio's Main phase, postcombat
Mana: Fellwar Stone (379) - {T}: Add one mana of any color that a land an opponent controls could produce.
Mana: Foreboding Ruins (371) - {T}: Add {B} or {R}.
Mana: Island (337) - {T}: Add {U}.
Add To Stack: Ai(4)-Jaymie_Ezio cast Mari, the Killing Quill
Add To Stack: Ai(4)-Jaymie_Ezio triggered Basim Ibn Ishaq
Resolve Stack: Whenever you cast a historic spell, draw a card. Basim Ibn Ishaq can't be blocked this turn. This ability triggers only once each turn. (Artifacts, legendaries, and Sagas are historic.) [Card: Mari, the Killing Quill (373), Activator: Ai(4)-Jaymie_Ezio, SpellAbility: Mari, the Killing Quill - Creature 3 / 2]
Add To Stack: Ai(2)-Destyn_Turtles triggered Krang, the All-Powerful
Add To Stack: Ai(2)-Destyn_Turtles triggered Krang, the All-Powerful
Replacement Effect: If one or more +1/+1 counters would be put on a creature you control, twice that many +1/+1 counters are put on it instead.
Resolve Stack: Whenever a player draws their second card each turn, put a +1/+1 counter on Krang. [Player: Ai(4)-Jaymie_Ezio]
Replacement Effect: If one or more +1/+1 counters would be put on a creature you control, twice that many +1/+1 counters are put on it instead.
Resolve Stack: Whenever a player draws their second card each turn, put a +1/+1 counter on Krang. [Player: Ai(4)-Jaymie_Ezio]
Resolve Stack: Mari, the Killing Quill - Creature 3 / 2
Replacement Effect: Thriving Grove enters tapped.
Replacement Effect: As Thriving Grove enters, choose a color other than green.
Land: Ai(4)-Jaymie_Ezio played Thriving Grove (330)
Mana: Island (336) - {T}: Add {U}.
Mana: Smoldering Marsh (374) - {T}: Add {B}.
Mana: Plains (393) - {T}: Add {W}.
Add To Stack: Ai(4)-Jaymie_Ezio cast Rooftop Bypass
Resolve Stack: Rooftop Bypass
Phase: Ai(4)-Jaymie_Ezio's End step
Phase: Ai(4)-Jaymie_Ezio's Cleanup step
Turn: Turn 34 (Ai(2)-Destyn_Turtles)
Phase: Ai(2)-Destyn_Turtles' Untap step
Phase: Ai(2)-Destyn_Turtles' Upkeep step
Phase: Ai(2)-Destyn_Turtles' Draw step
Phase: Ai(2)-Destyn_Turtles' Main phase, precombat
Replacement Effect: This land enters tapped unless you control two or more basic lands.
Land: Ai(2)-Destyn_Turtles played Vernal Fen (159)
Mana: Mountain (187) - {T}: Add {R}.
Add To Stack: Ai(2)-Destyn_Turtles cast Blasphemous Act
Add To Stack: Ai(4)-Jaymie_Ezio cast Flawless Maneuver
Resolve Stack: Flawless Maneuver (305) - Creatures you control gain indestructible until end of turn.
Damage: Blasphemous Act (118) deals 13 damage to Corpsejack Menace (151).
Damage: Blasphemous Act (118) deals 13 damage to Krang, the All-Powerful (123).
Damage: Blasphemous Act (118) deals 13 damage to Michelangelo, the Heart (200).
Damage: Blasphemous Act (118) deals 13 damage to Leonardo, the Balance (202).
Damage: Blasphemous Act (118) deals 13 damage to Biogenic Ooze (166).
Damage: Blasphemous Act (118) deals 13 damage to Ooze Token (543).
Damage: Blasphemous Act (118) deals 13 damage to Goro-Goro and Satoru (302).
Damage: Blasphemous Act (118) deals 13 damage to Ingenious Infiltrator (228).
Damage: Blasphemous Act (118) deals 13 damage to Grim Hireling (298).
Damage: Blasphemous Act (118) deals 13 damage to Aveline de Grandpré (356).
Damage: Blasphemous Act (118) deals 13 damage to Ezio Auditore da Firenze (403).
Damage: Blasphemous Act (118) deals 13 damage to Queen Marchesa (334).
Damage: Blasphemous Act (118) deals 13 damage to Basim Ibn Ishaq (342).
Damage: Blasphemous Act (118) deals 13 damage to Assassin Token (468).
Damage: Blasphemous Act (118) deals 13 damage to Assassin Token (573).
Damage: Blasphemous Act (118) deals 13 damage to Assassin Token (579).
Damage: Blasphemous Act (118) deals 13 damage to Assassin Token (580).
Damage: Blasphemous Act (118) deals 13 damage to Mari, the Killing Quill (373).
Resolve Stack: Blasphemous Act (118) - Deals 13 damage to each creature.
Zone Change: Corpsejack Menace (151) was put into Graveyard from Battlefield.
Zone Change: Michelangelo, the Heart (200) was put into Graveyard from Battlefield.
Zone Change: Leonardo, the Balance (202) was put into Graveyard from Battlefield.
Zone Change: Biogenic Ooze (166) was put into Graveyard from Battlefield.
Zone Change: Ooze Token (543) was put into Graveyard from Battlefield.
Zone Change: Goro-Goro and Satoru (302) was put into Graveyard from Battlefield.
Zone Change: Ingenious Infiltrator (228) was put into Graveyard from Battlefield.
Zone Change: Grim Hireling (298) was put into Graveyard from Battlefield.
Add To Stack: Ai(4)-Jaymie_Ezio triggered Mari, the Killing Quill
Add To Stack: Ai(4)-Jaymie_Ezio triggered Mari, the Killing Quill
Add To Stack: Ai(4)-Jaymie_Ezio triggered Mari, the Killing Quill
Add To Stack: Ai(4)-Jaymie_Ezio triggered Mari, the Killing Quill
Add To Stack: Ai(4)-Jaymie_Ezio triggered Mari, the Killing Quill
Add To Stack: Ai(4)-Jaymie_Ezio triggered Mari, the Killing Quill
Add To Stack: Ai(4)-Jaymie_Ezio triggered Mari, the Killing Quill
Add To Stack: Ai(4)-Jaymie_Ezio triggered Mari, the Killing Quill
Resolve Stack: Whenever a creature an opponent controls dies, exile it with a hit counter on it. [Zone Changer: Grim Hireling (298)]
Resolve Stack: Whenever a creature an opponent controls dies, exile it with a hit counter on it. [Zone Changer: Ingenious Infiltrator (228)]
Resolve Stack: Whenever a creature an opponent controls dies, exile it with a hit counter on it. [Zone Changer: Goro-Goro and Satoru (302)]
Resolve Stack: Whenever a creature an opponent controls dies, exile it with a hit counter on it. [Zone Changer: Ooze Token (543)]
Resolve Stack: Whenever a creature an opponent controls dies, exile it with a hit counter on it. [Zone Changer: Biogenic Ooze (166)]
Resolve Stack: Whenever a creature an opponent controls dies, exile it with a hit counter on it. [Zone Changer: Leonardo, the Balance (202)]
Resolve Stack: Whenever a creature an opponent controls dies, exile it with a hit counter on it. [Zone Changer: Michelangelo, the Heart (200)]
Resolve Stack: Whenever a creature an opponent controls dies, exile it with a hit counter on it. [Zone Changer: Corpsejack Menace (151)]
Phase: Ai(2)-Destyn_Turtles' Beginning of Combat Step
Phase: Ai(2)-Destyn_Turtles' Declare Attackers Step
Phase: Ai(2)-Destyn_Turtles' Declare Blockers Step
Phase: Ai(2)-Destyn_Turtles' First Strike Damage Step
Phase: Ai(2)-Destyn_Turtles' Combat Damage Step
Phase: Ai(2)-Destyn_Turtles' End of Combat Step
Phase: Ai(2)-Destyn_Turtles' Main phase, postcombat
Mana: Exotic Orchard (142) - {T}: Add one mana of any color that a land an opponent controls could produce.
Mana: Sol Ring (154) - {T}: Add {C}{C}.
Mana: Ash Barrens (171) - {T}: Add {C}.
Mana: Rootbound Crag (194) - {T}: Add {R} or {G}.
Mana: Dragonskull Summit (148) - {T}: Add {B} or {R}.
Add To Stack: Ai(2)-Destyn_Turtles cast Leonardo, the Balance
Resolve Stack: Leonardo, the Balance - Creature 3 / 3
Phase: Ai(2)-Destyn_Turtles' End step
Add To Stack: Ai(2)-Destyn_Turtles triggered The Monarch
Resolve Stack: At the beginning of your end step, draw a card. [Phase: Ai(2)-Destyn_Turtles]
Add To Stack: Ai(2)-Destyn_Turtles triggered Krang, the All-Powerful
Add To Stack: Ai(2)-Destyn_Turtles triggered Krang, the All-Powerful
Resolve Stack: Whenever a player draws their second card each turn, put a +1/+1 counter on Krang. [Player: Ai(2)-Destyn_Turtles]
Resolve Stack: Whenever a player draws their second card each turn, put a +1/+1 counter on Krang. [Player: Ai(2)-Destyn_Turtles]
Phase: Ai(2)-Destyn_Turtles' Cleanup step
Turn: Turn 35 (Ai(3)-GGS_Current)
Phase: Ai(3)-GGS_Current's Untap step
Phase: Ai(3)-GGS_Current's Upkeep step
Phase: Ai(3)-GGS_Current's Draw step
Phase: Ai(3)-GGS_Current's Main phase, precombat
Mana: Exotic Orchard (231) - {T}: Add one mana of any color that a land an opponent controls could produce.
Mana: Soporific Springs (289) - {T}: Add {U}.
Mana: Mountain (296) - {T}: Add {R}.
Mana: Sol Ring (243) - {T}: Add {C}{C}.
Add To Stack: Ai(3)-GGS_Current cast Goro-Goro and Satoru
Resolve Stack: Goro-Goro and Satoru - Creature 3 / 4
Add To Stack: Ai(3)-GGS_Current triggered Purphoros, God of the Forge
Damage: Purphoros, God of the Forge (265) deals 2 non-combat damage to Ai(2)-Destyn_Turtles.
Damage: Purphoros, God of the Forge (265) deals 2 non-combat damage to Ai(4)-Jaymie_Ezio.
Life: Life: Ai(2)-Destyn_Turtles 68 > 66
Life: Life: Ai(4)-Jaymie_Ezio 11 > 9
Resolve Stack: Whenever another creature you control enters, Purphoros, God of the Forge deals 2 damage to each opponent. [Zone Changer: Goro-Goro and Satoru (302)]
Mana: Fell Mire (271) - {T}: Add {B}.
Mana: Steam Vents (246) - {T}: Add {R}.
Mana: Command Tower (275) - {T}: Add one mana of any color in your commander's color identity.
Add To Stack: Ai(3)-GGS_Current cast Sword of Feast and Famine
Resolve Stack: Sword of Feast and Famine
Phase: Ai(3)-GGS_Current's Beginning of Combat Step
Phase: Ai(3)-GGS_Current's Declare Attackers Step
Phase: Ai(3)-GGS_Current's Declare Blockers Step
Phase: Ai(3)-GGS_Current's First Strike Damage Step
Phase: Ai(3)-GGS_Current's Combat Damage Step
Phase: Ai(3)-GGS_Current's End of Combat Step
Phase: Ai(3)-GGS_Current's Main phase, postcombat
Phase: Ai(3)-GGS_Current's End step
Phase: Ai(3)-GGS_Current's Cleanup step
Turn: Turn 36 (Ai(4)-Jaymie_Ezio)
Phase: Ai(4)-Jaymie_Ezio's Untap step
Phase: Ai(4)-Jaymie_Ezio's Upkeep step
Add To Stack: Ai(4)-Jaymie_Ezio triggered Queen Marchesa
Resolve Stack: At the beginning of your upkeep, if an opponent is the monarch, create a 1/1 black Assassin creature token with deathtouch and haste. [Phase: Ai(4)-Jaymie_Ezio]
Phase: Ai(4)-Jaymie_Ezio's Draw step
Phase: Ai(4)-Jaymie_Ezio's Main phase, precombat
Add To Stack: Ai(4)-Jaymie_Ezio triggered Origin of the Hidden Ones
Resolve Stack: III — Whenever an Assassin you control attacks this turn, create a 1/1 black Assassin creature token with menace that's tapped and attacking. [Added once: Origin of the Hidden Ones (389)]
Zone Change: Origin of the Hidden Ones (389) was put into Graveyard from Battlefield.
Phase: Ai(4)-Jaymie_Ezio's Beginning of Combat Step
Phase: Ai(4)-Jaymie_Ezio's Declare Attackers Step
Phase: Ai(4)-Jaymie_Ezio's Declare Blockers Step
Phase: Ai(4)-Jaymie_Ezio's First Strike Damage Step
Phase: Ai(4)-Jaymie_Ezio's Combat Damage Step
Phase: Ai(4)-Jaymie_Ezio's End of Combat Step
Phase: Ai(4)-Jaymie_Ezio's Main phase, postcombat
Mana: Island (337) - {T}: Add {U}.
Mana: Fellwar Stone (379) - {T}: Add one mana of any color that a land an opponent controls could produce.
Mana: Plains (393) - {T}: Add {W}.
Mana: Island (336) - {T}: Add {U}.
Mana: Foreboding Ruins (371) - {T}: Add {B} or {R}.
Add To Stack: Ai(4)-Jaymie_Ezio cast Ezio, Blade of Vengeance
Add To Stack: Ai(4)-Jaymie_Ezio triggered Basim Ibn Ishaq
Resolve Stack: Whenever you cast a historic spell, draw a card. Basim Ibn Ishaq can't be blocked this turn. This ability triggers only once each turn. (Artifacts, legendaries, and Sagas are historic.) [Card: Ezio, Blade of Vengeance (343), Activator: Ai(4)-Jaymie_Ezio, SpellAbility: Ezio, Blade of Vengeance - Creature 5 / 5]
Add To Stack: Ai(2)-Destyn_Turtles triggered Krang, the All-Powerful
Add To Stack: Ai(2)-Destyn_Turtles triggered Krang, the All-Powerful
Resolve Stack: Whenever a player draws their second card each turn, put a +1/+1 counter on Krang. [Player: Ai(4)-Jaymie_Ezio]
Resolve Stack: Whenever a player draws their second card each turn, put a +1/+1 counter on Krang. [Player: Ai(4)-Jaymie_Ezio]
Resolve Stack: Ezio, Blade of Vengeance - Creature 5 / 5
Replacement Effect: Submerged Boneyard enters tapped.
Land: Ai(4)-Jaymie_Ezio played Submerged Boneyard (333)
Mana: Thriving Grove (330) - {T}: Add {G} or one mana of the chosen color.
Mana: Boros Garrison (383) - {T}: Add {R}{W}.
Add To Stack: Ai(4)-Jaymie_Ezio cast Sphere Grid
Resolve Stack: Sphere Grid
Phase: Ai(4)-Jaymie_Ezio's End step
Phase: Ai(4)-Jaymie_Ezio's Cleanup step
Turn: Turn 37 (Ai(2)-Destyn_Turtles)
Phase: Ai(2)-Destyn_Turtles' Untap step
Phase: Ai(2)-Destyn_Turtles' Upkeep step
Phase: Ai(2)-Destyn_Turtles' Draw step
Phase: Ai(2)-Destyn_Turtles' Main phase, precombat
Mana: Exotic Orchard (142) - {T}: Add one mana of any color that a land an opponent controls could produce.
Mana: Sol Ring (154) - {T}: Add {C}{C}.
Mana: Ash Barrens (171) - {T}: Add {C}.
Add To Stack: Ai(2)-Destyn_Turtles cast Baxter, Fly in the Ointment
Resolve Stack: Baxter, Fly in the Ointment - Creature 2 / 2
Add To Stack: Ai(2)-Destyn_Turtles triggered Baxter, Fly in the Ointment
Resolve Stack: Whenever Baxter enters or attacks, each creature you control with a counter on it gains flying until end of turn. [Zone Changer: Baxter, Fly in the Ointment (128)]
Phase: Ai(2)-Destyn_Turtles' Beginning of Combat Step
Phase: Ai(2)-Destyn_Turtles' Declare Attackers Step
Combat: Ai(2)-Destyn_Turtles assigned Krang, the All-Powerful (123) and Leonardo, the Balance (202) to attack Ai(4)-Jaymie_Ezio.
Phase: Ai(2)-Destyn_Turtles' Declare Blockers Step
Combat: Ai(4)-Jaymie_Ezio didn't block Krang, the All-Powerful (123).
Ai(4)-Jaymie_Ezio assigned Assassin Token (468) and Ezio, Blade of Vengeance (343) to block Leonardo, the Balance (202).
Mana: Path of Ancestry (113) - {T}: Add one mana of any color in your commander's color identity. When that mana is spent to cast a creature spell that shares a creature type with your commander, scry 1. (Look at the top card of your library. You may put that card on the bottom.)
Mana: Sodden Verdure (182) - {T}: Add {U}.
Mana: Rootbound Crag (194) - {T}: Add {R} or {G}.
Mana: Dragonskull Summit (148) - {T}: Add {B} or {R}.
Mana: Mountain (187) - {T}: Add {R}.
Add To Stack: Ai(2)-Destyn_Turtles activated Leonardo, the Balance
Resolve Stack: Leonardo, the Balance (202) - Creatures you control gain menace, trample, and lifelink until end of turn.
Phase: Ai(2)-Destyn_Turtles' First Strike Damage Step
Phase: Ai(2)-Destyn_Turtles' Combat Damage Step
Damage: Krang, the All-Powerful (123) deals 37 combat damage to Ai(4)-Jaymie_Ezio.
Life: Life: Ai(2)-Destyn_Turtles 66 > 103
Damage: Leonardo, the Balance (202) deals 1 damage to Assassin Token (468).
Damage: Leonardo, the Balance (202) deals 2 damage to Ezio, Blade of Vengeance (343).
Life: Life: Ai(2)-Destyn_Turtles 103 > 106
Damage: Assassin Token (468) deals 1 damage (Deathtouch) to Leonardo, the Balance (202).
Damage: Ezio, Blade of Vengeance (343) deals 5 damage (Deathtouch) to Leonardo, the Balance (202).
Life: Life: Ai(4)-Jaymie_Ezio 9 > -28
Zone Change: Leonardo, the Balance (202) was put into Graveyard from Battlefield.
Phase: Ai(2)-Destyn_Turtles' End of Combat Step
Phase: Ai(2)-Destyn_Turtles' Main phase, postcombat
Phase: Ai(2)-Destyn_Turtles' End step
Add To Stack: Ai(2)-Destyn_Turtles triggered The Monarch
Resolve Stack: At the beginning of your end step, draw a card. [Phase: Ai(2)-Destyn_Turtles]
Add To Stack: Ai(2)-Destyn_Turtles triggered Krang, the All-Powerful
Add To Stack: Ai(2)-Destyn_Turtles triggered Krang, the All-Powerful
Add To Stack: Ai(2)-Destyn_Turtles triggered Baxter, Fly in the Ointment
Add To Stack: Ai(2)-Destyn_Turtles triggered Baxter, Fly in the Ointment
Resolve Stack: Whenever you draw a card, put a +1/+1 counter on Baxter. [Player: Ai(2)-Destyn_Turtles]
Resolve Stack: Whenever you draw a card, put a +1/+1 counter on Baxter. [Player: Ai(2)-Destyn_Turtles]
Resolve Stack: Whenever a player draws their second card each turn, put a +1/+1 counter on Krang. [Player: Ai(2)-Destyn_Turtles]
Resolve Stack: Whenever a player draws their second card each turn, put a +1/+1 counter on Krang. [Player: Ai(2)-Destyn_Turtles]
Phase: Ai(2)-Destyn_Turtles' Cleanup step
Turn: Turn 38 (Ai(3)-GGS_Current)
Phase: Ai(3)-GGS_Current's Untap step
Phase: Ai(3)-GGS_Current's Upkeep step
Phase: Ai(3)-GGS_Current's Draw step
Phase: Ai(3)-GGS_Current's Main phase, precombat
Mana: Sol Ring (243) - {T}: Add {C}{C}.
Add To Stack: Ai(3)-GGS_Current activated Sword of Feast and Famine targeting [Goro-Goro and Satoru (302)]
Resolve Stack: Sword of Feast and Famine (299) -  Attach to Goro-Goro and Satoru (302)
Phase: Ai(3)-GGS_Current's Beginning of Combat Step
Phase: Ai(3)-GGS_Current's Declare Attackers Step
Phase: Ai(3)-GGS_Current's Declare Blockers Step
Phase: Ai(3)-GGS_Current's First Strike Damage Step
Phase: Ai(3)-GGS_Current's Combat Damage Step
Phase: Ai(3)-GGS_Current's End of Combat Step
Phase: Ai(3)-GGS_Current's Main phase, postcombat
Mana: Soporific Springs (289) - {T}: Add {U}.
Mana: Mountain (296) - {T}: Add {R}.
Mana: Fell Mire (271) - {T}: Add {B}.
Add To Stack: Ai(3)-GGS_Current cast Prosperous Thief
Resolve Stack: Prosperous Thief - Creature 3 / 2
Add To Stack: Ai(3)-GGS_Current triggered Purphoros, God of the Forge
Damage: Purphoros, God of the Forge (265) deals 2 non-combat damage to Ai(2)-Destyn_Turtles.
Life: Life: Ai(2)-Destyn_Turtles 106 > 104
Resolve Stack: Whenever another creature you control enters, Purphoros, God of the Forge deals 2 damage to each opponent. [Zone Changer: Prosperous Thief (229)]
Mana: Exotic Orchard (231) - {T}: Add one mana of any color that a land an opponent controls could produce.
Mana: Steam Vents (246) - {T}: Add {U}.
Mana: Command Tower (275) - {T}: Add one mana of any color in your commander's color identity.
Add To Stack: Ai(3)-GGS_Current cast Grazilaxx, Illithid Scholar
Resolve Stack: Grazilaxx, Illithid Scholar - Creature 3 / 2
Add To Stack: Ai(3)-GGS_Current triggered Purphoros, God of the Forge
Damage: Purphoros, God of the Forge (265) deals 2 non-combat damage to Ai(2)-Destyn_Turtles.
Life: Life: Ai(2)-Destyn_Turtles 104 > 102
Resolve Stack: Whenever another creature you control enters, Purphoros, God of the Forge deals 2 damage to each opponent. [Zone Changer: Grazilaxx, Illithid Scholar (206)]
Phase: Ai(3)-GGS_Current's End step
Phase: Ai(3)-GGS_Current's Cleanup step
Turn: Turn 39 (Ai(2)-Destyn_Turtles)
Phase: Ai(2)-Destyn_Turtles' Untap step
Phase: Ai(2)-Destyn_Turtles' Upkeep step
Phase: Ai(2)-Destyn_Turtles' Draw step
Add To Stack: Ai(2)-Destyn_Turtles triggered Baxter, Fly in the Ointment
Add To Stack: Ai(2)-Destyn_Turtles triggered Baxter, Fly in the Ointment
Resolve Stack: Whenever you draw a card, put a +1/+1 counter on Baxter. [Player: Ai(2)-Destyn_Turtles]
Resolve Stack: Whenever you draw a card, put a +1/+1 counter on Baxter. [Player: Ai(2)-Destyn_Turtles]
Phase: Ai(2)-Destyn_Turtles' Main phase, precombat
Mana: Exotic Orchard (142) - {T}: Add one mana of any color that a land an opponent controls could produce.
Mana: Sol Ring (154) - {T}: Add {C}{C}.
Add To Stack: Ai(2)-Destyn_Turtles cast Foot Chopper
Resolve Stack: Foot Chopper
Add To Stack: Ai(2)-Destyn_Turtles triggered Foot Chopper
Resolve Stack: When this Equipment enters, create a 1/1 black Ninja creature token, then attach this Equipment to it. [Zone Changer: Foot Chopper (193)]
Mana: Ash Barrens (171) - {T}: Add {C}.
Mana: Mountain (187) - {T}: Add {R}.
Add To Stack: Ai(2)-Destyn_Turtles cast Chromatic Lantern
Resolve Stack: Chromatic Lantern
Phase: Ai(2)-Destyn_Turtles' Beginning of Combat Step
Add To Stack: Ai(2)-Destyn_Turtles activated Mole Module
Resolve Stack: Mole Module (165) - Mole Module (165) becomes an artifact creature until end of turn.
Phase: Ai(2)-Destyn_Turtles' Declare Attackers Step
Combat: Ai(2)-Destyn_Turtles assigned Krang, the All-Powerful (123) to attack Ai(3)-GGS_Current.
Phase: Ai(2)-Destyn_Turtles' Declare Blockers Step
Combat: Ai(3)-GGS_Current assigned Grazilaxx, Illithid Scholar (206) to block Krang, the All-Powerful (123).
Phase: Ai(2)-Destyn_Turtles' First Strike Damage Step
Phase: Ai(2)-Destyn_Turtles' Combat Damage Step
Damage: Krang, the All-Powerful (123) deals 39 damage to Grazilaxx, Illithid Scholar (206).
Damage: Grazilaxx, Illithid Scholar (206) deals 3 damage to Krang, the All-Powerful (123).
Zone Change: Grazilaxx, Illithid Scholar (206) was put into Graveyard from Battlefield.
Phase: Ai(2)-Destyn_Turtles' End of Combat Step
Phase: Ai(2)-Destyn_Turtles' Main phase, postcombat
Mana: Chromatic Lantern (196) - {T}: Add one mana of any color.
Mana: Dragonskull Summit (148) - {T}: Add {B} or {R}.
Mana: Rootbound Crag (194) - {T}: Add {R} or {G}.
Mana: Sodden Verdure (182) - {T}: Add {G}.
Add To Stack: Ai(2)-Destyn_Turtles cast Michelangelo, the Heart
Resolve Stack: Michelangelo, the Heart - Creature 2 / 1
Mana: Smoldering Marsh (169) - {T}: Add {R}.
Mana: Vernal Fen (159) - {T}: Add {G}.
Add To Stack: Ai(2)-Destyn_Turtles cast Everything Pizza
Resolve Stack: Everything Pizza
Add To Stack: Ai(2)-Destyn_Turtles triggered Everything Pizza
Resolve Stack: When this artifact enters, search your library for a basic land card, reveal it, put it into your hand, then shuffle. [Zone Changer: Everything Pizza (167)]
Land: Ai(2)-Destyn_Turtles played Plains (189)
Phase: Ai(2)-Destyn_Turtles' End step
Add To Stack: Ai(2)-Destyn_Turtles triggered The Monarch
Resolve Stack: At the beginning of your end step, draw a card. [Phase: Ai(2)-Destyn_Turtles]
Add To Stack: Ai(2)-Destyn_Turtles triggered Krang, the All-Powerful
Add To Stack: Ai(2)-Destyn_Turtles triggered Krang, the All-Powerful
Add To Stack: Ai(2)-Destyn_Turtles triggered Baxter, Fly in the Ointment
Add To Stack: Ai(2)-Destyn_Turtles triggered Baxter, Fly in the Ointment
Resolve Stack: Whenever you draw a card, put a +1/+1 counter on Baxter. [Player: Ai(2)-Destyn_Turtles]
Resolve Stack: Whenever you draw a card, put a +1/+1 counter on Baxter. [Player: Ai(2)-Destyn_Turtles]
Resolve Stack: Whenever a player draws their second card each turn, put a +1/+1 counter on Krang. [Player: Ai(2)-Destyn_Turtles]
Resolve Stack: Whenever a player draws their second card each turn, put a +1/+1 counter on Krang. [Player: Ai(2)-Destyn_Turtles]
Phase: Ai(2)-Destyn_Turtles' Cleanup step
Turn: Turn 40 (Ai(3)-GGS_Current)
Phase: Ai(3)-GGS_Current's Untap step
Phase: Ai(3)-GGS_Current's Upkeep step
Phase: Ai(3)-GGS_Current's Draw step
Phase: Ai(3)-GGS_Current's Main phase, precombat
Land: Ai(3)-GGS_Current played Command Beacon (263)
Phase: Ai(3)-GGS_Current's Beginning of Combat Step
Phase: Ai(3)-GGS_Current's Declare Attackers Step
Phase: Ai(3)-GGS_Current's Declare Blockers Step
Phase: Ai(3)-GGS_Current's First Strike Damage Step
Phase: Ai(3)-GGS_Current's Combat Damage Step
Phase: Ai(3)-GGS_Current's End of Combat Step
Phase: Ai(3)-GGS_Current's Main phase, postcombat
Mana: Sol Ring (243) - {T}: Add {C}{C}.
Add To Stack: Ai(3)-GGS_Current cast Talisman of Creativity
Resolve Stack: Talisman of Creativity
Phase: Ai(3)-GGS_Current's End step
Phase: Ai(3)-GGS_Current's Cleanup step
Turn: Turn 41 (Ai(2)-Destyn_Turtles)
Phase: Ai(2)-Destyn_Turtles' Untap step
Phase: Ai(2)-Destyn_Turtles' Upkeep step
Phase: Ai(2)-Destyn_Turtles' Draw step
Add To Stack: Ai(2)-Destyn_Turtles triggered Baxter, Fly in the Ointment
Add To Stack: Ai(2)-Destyn_Turtles triggered Baxter, Fly in the Ointment
Resolve Stack: Whenever you draw a card, put a +1/+1 counter on Baxter. [Player: Ai(2)-Destyn_Turtles]
Resolve Stack: Whenever you draw a card, put a +1/+1 counter on Baxter. [Player: Ai(2)-Destyn_Turtles]
Phase: Ai(2)-Destyn_Turtles' Main phase, precombat
Land: Ai(2)-Destyn_Turtles played Swamp (156)
Phase: Ai(2)-Destyn_Turtles' Beginning of Combat Step
Add To Stack: Ai(2)-Destyn_Turtles activated Mole Module
Resolve Stack: Mole Module (165) - Mole Module (165) becomes an artifact creature until end of turn.
Phase: Ai(2)-Destyn_Turtles' Declare Attackers Step
Combat: Ai(2)-Destyn_Turtles assigned Baxter, Fly in the Ointment (128) and Krang, the All-Powerful (123) to attack Ai(3)-GGS_Current.
Add To Stack: Ai(2)-Destyn_Turtles triggered Baxter, Fly in the Ointment
Resolve Stack: Whenever Baxter enters or attacks, each creature you control with a counter on it gains flying until end of turn. [Attacker: Baxter, Fly in the Ointment (128)]
Phase: Ai(2)-Destyn_Turtles' Declare Blockers Step
Combat: Ai(3)-GGS_Current didn't block Baxter, Fly in the Ointment (128).
Ai(3)-GGS_Current didn't block Krang, the All-Powerful (123).
Phase: Ai(2)-Destyn_Turtles' First Strike Damage Step
Phase: Ai(2)-Destyn_Turtles' Combat Damage Step
Damage: Baxter, Fly in the Ointment (128) deals 10 combat damage to Ai(3)-GGS_Current.
Damage: Krang, the All-Powerful (123) deals 41 combat damage to Ai(3)-GGS_Current.
Life: Life: Ai(3)-GGS_Current 19 > -32
Player Control: Ai(1)-Gabe_Food has restored control over themself
Player Control: Ai(2)-Destyn_Turtles has restored control over themself
Player Control: Ai(3)-GGS_Current has restored control over themself
Player Control: Ai(4)-Jaymie_Ezio has restored control over themself
Game Outcome: Match Duration 3m : 03s
Game Outcome: Turn 21
Game Outcome: Ai(1)-Gabe_Food has lost because life total reached 0
Game Outcome: Ai(2)-Destyn_Turtles has won because all opponents have lost
Game Outcome: Ai(3)-GGS_Current has lost because life total reached 0
Game Outcome: Ai(4)-Jaymie_Ezio has lost because life total reached 0
Match Result: Ai(1)-Gabe_Food: 0 Ai(2)-Destyn_Turtles: 1 Ai(3)-GGS_Current: 0 Ai(4)-Jaymie_Ezio: 0 

Game Result: Game 1 ended in 184726 ms. Ai(2)-Destyn_Turtles has won!

