Error handling registered!
20:51:40 [INFO ] GuiBase: ##########################################
20:51:40 [INFO ] GuiBase: APP: Forge v.2.0.15-SNAPSHOT-09.28
20:51:40 [INFO ] GuiBase: Java: 17.0.20 (Ubuntu)
20:51:40 [INFO ] GuiBase: OS: Linux 6.18.44 amd64
20:51:40 [INFO ] GuiBase: RAM: 1536 MB max, 8 CPUs
20:51:40 [INFO ] GuiBase: ##########################################
Language 'en-US' loaded successfully.
(ThreadUtil first call): Running with priority 5
Read cards: 34010 archived files in 1 ms (25 parts) using thread pool
Upcoming set Star Trek (TRK) dated in the future. All `upcoming` cards will be added to this set with unknown rarity.
The card A-Alrund's Epiphany was not assigned to any set. Adding it to UNKNOWN set... to fix see res/editions/ folder. 
The card A-Baba Lysaga, Night Witch was not assigned to any set. Adding it to UNKNOWN set... to fix see res/editions/ folder. 
The card A-Divide by Zero was not assigned to any set. Adding it to UNKNOWN set... to fix see res/editions/ folder. 
The card A-Esika's Chariot was not assigned to any set. Adding it to UNKNOWN set... to fix see res/editions/ folder. 
The card A-Faceless Haven was not assigned to any set. Adding it to UNKNOWN set... to fix see res/editions/ folder. 
The card A-Fires of Invention was not assigned to any set. Adding it to UNKNOWN set... to fix see res/editions/ folder. 
The card A-Goldspan Dragon was not assigned to any set. Adding it to UNKNOWN set... to fix see res/editions/ folder. 
The card A-Hullbreaker Horror was not assigned to any set. Adding it to UNKNOWN set... to fix see res/editions/ folder. 
The card A-Kumano Faces Kakkazan was not assigned to any set. Adding it to UNKNOWN set... to fix see res/editions/ folder. 
The card A-Luminarch Aspirant was not assigned to any set. Adding it to UNKNOWN set... to fix see res/editions/ folder. 
The card A-Monster Manual was not assigned to any set. Adding it to UNKNOWN set... to fix see res/editions/ folder. 
The card A-Omnath, Locus of Creation was not assigned to any set. Adding it to UNKNOWN set... to fix see res/editions/ folder. 
The card A-The Meathook Massacre was not assigned to any set. Adding it to UNKNOWN set... to fix see res/editions/ folder. 
The card A-Unholy Heat was not assigned to any set. Adding it to UNKNOWN set... to fix see res/editions/ folder. 
The card Blinding Radiance was not assigned to any set. Adding it to UNKNOWN set... to fix see res/editions/ folder. 
The card Goblin Bruiser was not assigned to any set. Adding it to UNKNOWN set... to fix see res/editions/ folder. 
The card Ogre Painbringer was not assigned to any set. Adding it to UNKNOWN set... to fix see res/editions/ folder. 
The card Titanic Pelagosaur was not assigned to any set. Adding it to UNKNOWN set... to fix see res/editions/ folder. 
The card Treetop Recluse was not assigned to any set. Adding it to UNKNOWN set... to fix see res/editions/ folder. 
Upcoming set Star Trek (TRK) dated in the future. All `upcoming` cards will be added to this set with unknown rarity.
Read cards: 854 files in 0 ms (8 parts) using thread pool
Simulation mode
Ai(1)-Gabe_Food vs Ai(2)-Destyn_Turtles vs Ai(3)-GGS_Orochi_only vs Ai(4)-Jaymie_Ezio - one game of Commander seed 20261030
Warning: default (ie. inherited from base class) implementation of confirmAction is used by Goro-Goro and Satoru for forge.ai.ability.PermanentCreatureAi. Consider declaring an overloaded method
Warning: default (ie. inherited from base class) implementation of confirmAction is used by Ezio Auditore da Firenze for forge.ai.ability.PermanentCreatureAi. Consider declaring an overloaded method
Warning: default (ie. inherited from base class) implementation of confirmAction is used by Goro-Goro and Satoru for forge.ai.ability.PermanentCreatureAi. Consider declaring an overloaded method
Warning: default (ie. inherited from base class) implementation of confirmAction is used by Michelangelo, the Heart for forge.ai.ability.PermanentCreatureAi. Consider declaring an overloaded method
Warning: default (ie. inherited from base class) implementation of confirmAction is used by Leonardo, the Balance for forge.ai.ability.PermanentCreatureAi. Consider declaring an overloaded method
Warning: default (ie. inherited from base class) implementation of confirmAction is used by Goro-Goro and Satoru for forge.ai.ability.PermanentCreatureAi. Consider declaring an overloaded method
Warning: default (ie. inherited from base class) implementation of confirmAction is used by Ezio Auditore da Firenze for forge.ai.ability.PermanentCreatureAi. Consider declaring an overloaded method
Warning: default (ie. inherited from base class) implementation of chkAIDrawback is used by Assassin Gauntlet for forge.ai.ability.TapAllAi. Consider declaring an overloaded method
Warning: default (ie. inherited from base class) implementation of chkAIDrawback is used by Assassin Gauntlet for forge.ai.ability.TapAllAi. Consider declaring an overloaded method
Warning: default (ie. inherited from base class) implementation of chkAIDrawback is used by Assassin Gauntlet for forge.ai.ability.TapAllAi. Consider declaring an overloaded method
Warning: default (ie. inherited from base class) implementation of chkAIDrawback is used by Assassin Gauntlet for forge.ai.ability.TapAllAi. Consider declaring an overloaded method
Warning: default (ie. inherited from base class) implementation of chkAIDrawback is used by Assassin Gauntlet for forge.ai.ability.TapAllAi. Consider declaring an overloaded method
Mulligan: Ai(4)-Jaymie_Ezio has kept a hand of 7 cards
Mulligan: Ai(1)-Gabe_Food has kept a hand of 7 cards
Mulligan: Ai(2)-Destyn_Turtles has kept a hand of 7 cards
Mulligan: Ai(3)-GGS_Orochi_only has kept a hand of 7 cards
Turn: Turn 1 (Ai(4)-Jaymie_Ezio)
Phase: Ai(4)-Jaymie_Ezio's Untap step
Phase: Ai(4)-Jaymie_Ezio's Upkeep step
Phase: Ai(4)-Jaymie_Ezio's Draw step
Phase: Ai(4)-Jaymie_Ezio's Main phase, precombat
Land: Ai(4)-Jaymie_Ezio played Island (337)
Phase: Ai(4)-Jaymie_Ezio's Beginning of Combat Step
Phase: Ai(4)-Jaymie_Ezio's Declare Attackers Step
Phase: Ai(4)-Jaymie_Ezio's Declare Blockers Step
Phase: Ai(4)-Jaymie_Ezio's First Strike Damage Step
Phase: Ai(4)-Jaymie_Ezio's Combat Damage Step
Phase: Ai(4)-Jaymie_Ezio's End of Combat Step
Phase: Ai(4)-Jaymie_Ezio's Main phase, postcombat
Phase: Ai(4)-Jaymie_Ezio's End step
Phase: Ai(4)-Jaymie_Ezio's Cleanup step
Turn: Turn 2 (Ai(1)-Gabe_Food)
Phase: Ai(1)-Gabe_Food's Untap step
Phase: Ai(1)-Gabe_Food's Upkeep step
Phase: Ai(1)-Gabe_Food's Draw step
Phase: Ai(1)-Gabe_Food's Main phase, precombat
Replacement Effect: Canopy Vista enters tapped unless you control two or more basic lands.
Land: Ai(1)-Gabe_Food played Canopy Vista (70)
Phase: Ai(1)-Gabe_Food's Beginning of Combat Step
Phase: Ai(1)-Gabe_Food's Declare Attackers Step
Phase: Ai(1)-Gabe_Food's Declare Blockers Step
Phase: Ai(1)-Gabe_Food's First Strike Damage Step
Phase: Ai(1)-Gabe_Food's Combat Damage Step
Phase: Ai(1)-Gabe_Food's End of Combat Step
Phase: Ai(1)-Gabe_Food's Main phase, postcombat
Phase: Ai(1)-Gabe_Food's End step
Phase: Ai(1)-Gabe_Food's Cleanup step
Turn: Turn 3 (Ai(2)-Destyn_Turtles)
Phase: Ai(2)-Destyn_Turtles' Untap step
Phase: Ai(2)-Destyn_Turtles' Upkeep step
Phase: Ai(2)-Destyn_Turtles' Draw step
Phase: Ai(2)-Destyn_Turtles' Main phase, precombat
Land: Ai(2)-Destyn_Turtles played Mountain (187)
Phase: Ai(2)-Destyn_Turtles' Beginning of Combat Step
Phase: Ai(2)-Destyn_Turtles' Declare Attackers Step
Phase: Ai(2)-Destyn_Turtles' Declare Blockers Step
Phase: Ai(2)-Destyn_Turtles' First Strike Damage Step
Phase: Ai(2)-Destyn_Turtles' Combat Damage Step
Phase: Ai(2)-Destyn_Turtles' End of Combat Step
Phase: Ai(2)-Destyn_Turtles' Main phase, postcombat
Mana: Mountain (187) - {T}: Add {R}.
Add To Stack: Ai(2)-Destyn_Turtles cast Sol Ring
Resolve Stack: Sol Ring
Phase: Ai(2)-Destyn_Turtles' End step
Phase: Ai(2)-Destyn_Turtles' Cleanup step
Turn: Turn 4 (Ai(3)-GGS_Orochi_only)
Phase: Ai(3)-GGS_Orochi_only's Untap step
Phase: Ai(3)-GGS_Orochi_only's Upkeep step
Phase: Ai(3)-GGS_Orochi_only's Draw step
Phase: Ai(3)-GGS_Orochi_only's Main phase, precombat
Land: Ai(3)-GGS_Orochi_only played Command Tower (275)
Phase: Ai(3)-GGS_Orochi_only's Beginning of Combat Step
Phase: Ai(3)-GGS_Orochi_only's Declare Attackers Step
Phase: Ai(3)-GGS_Orochi_only's Declare Blockers Step
Phase: Ai(3)-GGS_Orochi_only's First Strike Damage Step
Phase: Ai(3)-GGS_Orochi_only's Combat Damage Step
Phase: Ai(3)-GGS_Orochi_only's End of Combat Step
Phase: Ai(3)-GGS_Orochi_only's Main phase, postcombat
Phase: Ai(3)-GGS_Orochi_only's End step
Phase: Ai(3)-GGS_Orochi_only's Cleanup step
Turn: Turn 5 (Ai(4)-Jaymie_Ezio)
Phase: Ai(4)-Jaymie_Ezio's Untap step
Phase: Ai(4)-Jaymie_Ezio's Upkeep step
Phase: Ai(4)-Jaymie_Ezio's Draw step
Phase: Ai(4)-Jaymie_Ezio's Main phase, precombat
Land: Ai(4)-Jaymie_Ezio played Plains (393)
Phase: Ai(4)-Jaymie_Ezio's Beginning of Combat Step
Phase: Ai(4)-Jaymie_Ezio's Declare Attackers Step
Phase: Ai(4)-Jaymie_Ezio's Declare Blockers Step
Phase: Ai(4)-Jaymie_Ezio's First Strike Damage Step
Phase: Ai(4)-Jaymie_Ezio's Combat Damage Step
Phase: Ai(4)-Jaymie_Ezio's End of Combat Step
Phase: Ai(4)-Jaymie_Ezio's Main phase, postcombat
Mana: Plains (393) - {T}: Add {W}.
Mana: Island (337) - {T}: Add {U}.
Add To Stack: Ai(4)-Jaymie_Ezio cast Haystack
Resolve Stack: Haystack
Phase: Ai(4)-Jaymie_Ezio's End step
Phase: Ai(4)-Jaymie_Ezio's Cleanup step
Turn: Turn 6 (Ai(1)-Gabe_Food)
Phase: Ai(1)-Gabe_Food's Untap step
Phase: Ai(1)-Gabe_Food's Upkeep step
Phase: Ai(1)-Gabe_Food's Draw step
Phase: Ai(1)-Gabe_Food's Main phase, precombat
Replacement Effect: As Necroblossom Snarl enters, you may reveal a Swamp or Forest card from your hand. If you don't, Necroblossom Snarl enters tapped.
Land: Ai(1)-Gabe_Food played Necroblossom Snarl (64)
Phase: Ai(1)-Gabe_Food's Beginning of Combat Step
Phase: Ai(1)-Gabe_Food's Declare Attackers Step
Phase: Ai(1)-Gabe_Food's Declare Blockers Step
Phase: Ai(1)-Gabe_Food's First Strike Damage Step
Phase: Ai(1)-Gabe_Food's Combat Damage Step
Phase: Ai(1)-Gabe_Food's End of Combat Step
Phase: Ai(1)-Gabe_Food's Main phase, postcombat
Mana: Canopy Vista (70) - {T}: Add {W}.
Mana: Necroblossom Snarl (64) - {T}: Add {B} or {G}.
Add To Stack: Ai(1)-Gabe_Food cast Frodo, Adventurous Hobbit
Resolve Stack: Frodo, Adventurous Hobbit - Creature 1 / 3
Add To Stack: Ai(1)-Gabe_Food triggered Frodo, Adventurous Hobbit targeting [Ai(1)-Gabe_Food]
Resolve Stack: Partner with Sam, Loyal Attendant (When this creature enters, target player may put Sam into their hand from their library, then shuffle.) (Targeting: [[Ai(1)-Gabe_Food]]) [Zone Changer: Frodo, Adventurous Hobbit (99)]
Phase: Ai(1)-Gabe_Food's End step
Phase: Ai(1)-Gabe_Food's Cleanup step
Turn: Turn 7 (Ai(2)-Destyn_Turtles)
Phase: Ai(2)-Destyn_Turtles' Untap step
Phase: Ai(2)-Destyn_Turtles' Upkeep step
Phase: Ai(2)-Destyn_Turtles' Draw step
Phase: Ai(2)-Destyn_Turtles' Main phase, precombat
Replacement Effect: Dragonskull Summit enters tapped unless you control a Swamp or a Mountain.
Land: Ai(2)-Destyn_Turtles played Dragonskull Summit (148)
Phase: Ai(2)-Destyn_Turtles' Beginning of Combat Step
Phase: Ai(2)-Destyn_Turtles' Declare Attackers Step
Phase: Ai(2)-Destyn_Turtles' Declare Blockers Step
Phase: Ai(2)-Destyn_Turtles' First Strike Damage Step
Phase: Ai(2)-Destyn_Turtles' Combat Damage Step
Phase: Ai(2)-Destyn_Turtles' End of Combat Step
Phase: Ai(2)-Destyn_Turtles' Main phase, postcombat
Mana: Mountain (187) - {T}: Add {R}.
Mana: Sol Ring (154) - {T}: Add {C}{C}.
Mana: Dragonskull Summit (148) - {T}: Add {B} or {R}.
Add To Stack: Ai(2)-Destyn_Turtles cast Casey Jones, Back Alley Brute
Resolve Stack: Casey Jones, Back Alley Brute - Creature 4 / 2
Phase: Ai(2)-Destyn_Turtles' End step
Phase: Ai(2)-Destyn_Turtles' Cleanup step
Turn: Turn 8 (Ai(3)-GGS_Orochi_only)
Phase: Ai(3)-GGS_Orochi_only's Untap step
Phase: Ai(3)-GGS_Orochi_only's Upkeep step
Phase: Ai(3)-GGS_Orochi_only's Draw step
Phase: Ai(3)-GGS_Orochi_only's Main phase, precombat
Replacement Effect: Training Center enters tapped unless you have two or more opponents.
Land: Ai(3)-GGS_Orochi_only played Training Center (231)
Phase: Ai(3)-GGS_Orochi_only's Beginning of Combat Step
Phase: Ai(3)-GGS_Orochi_only's Declare Attackers Step
Phase: Ai(3)-GGS_Orochi_only's Declare Blockers Step
Phase: Ai(3)-GGS_Orochi_only's First Strike Damage Step
Phase: Ai(3)-GGS_Orochi_only's Combat Damage Step
Phase: Ai(3)-GGS_Orochi_only's End of Combat Step
Phase: Ai(3)-GGS_Orochi_only's Main phase, postcombat
Mana: Training Center (231) - {T}: Add {U} or {R}.
Mana: Command Tower (275) - {T}: Add one mana of any color in your commander's color identity.
Add To Stack: Ai(3)-GGS_Orochi_only cast Talisman of Indulgence
Resolve Stack: Talisman of Indulgence
Phase: Ai(3)-GGS_Orochi_only's End step
Phase: Ai(3)-GGS_Orochi_only's Cleanup step
Turn: Turn 9 (Ai(4)-Jaymie_Ezio)
Phase: Ai(4)-Jaymie_Ezio's Untap step
Phase: Ai(4)-Jaymie_Ezio's Upkeep step
Phase: Ai(4)-Jaymie_Ezio's Draw step
Phase: Ai(4)-Jaymie_Ezio's Main phase, precombat
Phase: Ai(4)-Jaymie_Ezio's Beginning of Combat Step
Phase: Ai(4)-Jaymie_Ezio's Declare Attackers Step
Phase: Ai(4)-Jaymie_Ezio's Declare Blockers Step
Phase: Ai(4)-Jaymie_Ezio's First Strike Damage Step
Phase: Ai(4)-Jaymie_Ezio's Combat Damage Step
Phase: Ai(4)-Jaymie_Ezio's End of Combat Step
Phase: Ai(4)-Jaymie_Ezio's Main phase, postcombat
Replacement Effect: Boros Garrison enters tapped.
Land: Ai(4)-Jaymie_Ezio played Boros Garrison (383)
Add To Stack: Ai(4)-Jaymie_Ezio triggered Boros Garrison
Resolve Stack: When Boros Garrison enters, return a land you control to its owner's hand. [Zone Changer: Boros Garrison (383)]
Phase: Ai(4)-Jaymie_Ezio's End step
Phase: Ai(4)-Jaymie_Ezio's Cleanup step
Turn: Turn 10 (Ai(1)-Gabe_Food)
Phase: Ai(1)-Gabe_Food's Untap step
Phase: Ai(1)-Gabe_Food's Upkeep step
Phase: Ai(1)-Gabe_Food's Draw step
Phase: Ai(1)-Gabe_Food's Main phase, precombat
Land: Ai(1)-Gabe_Food played Swamp (62)
Mana: Canopy Vista (70) - {T}: Add {W}.
Mana: Necroblossom Snarl (64) - {T}: Add {B} or {G}.
Mana: Swamp (62) - {T}: Add {B}.
Add To Stack: Ai(1)-Gabe_Food cast Sam, Loyal Attendant
Resolve Stack: Sam, Loyal Attendant - Creature 2 / 4
Add To Stack: Ai(1)-Gabe_Food triggered Sam, Loyal Attendant targeting [Ai(1)-Gabe_Food]
Resolve Stack: Partner with Frodo, Adventurous Hobbit (When this creature enters, target player may put Frodo into their hand from their library, then shuffle.) (Targeting: [[Ai(1)-Gabe_Food]]) [Zone Changer: Sam, Loyal Attendant (101)]
Phase: Ai(1)-Gabe_Food's Beginning of Combat Step
Add To Stack: Ai(1)-Gabe_Food triggered Sam, Loyal Attendant
Resolve Stack: At the beginning of combat on your turn, create a Food token. (It's an artifact with "{2}, {T}, Sacrifice this token: You gain 3 life.") [Phase: Ai(1)-Gabe_Food]
Phase: Ai(1)-Gabe_Food's Declare Attackers Step
Phase: Ai(1)-Gabe_Food's Declare Blockers Step
Phase: Ai(1)-Gabe_Food's First Strike Damage Step
Phase: Ai(1)-Gabe_Food's Combat Damage Step
Phase: Ai(1)-Gabe_Food's End of Combat Step
Phase: Ai(1)-Gabe_Food's Main phase, postcombat
Phase: Ai(1)-Gabe_Food's End step
Phase: Ai(1)-Gabe_Food's Cleanup step
Turn: Turn 11 (Ai(2)-Destyn_Turtles)
Phase: Ai(2)-Destyn_Turtles' Untap step
Phase: Ai(2)-Destyn_Turtles' Upkeep step
Phase: Ai(2)-Destyn_Turtles' Draw step
Phase: Ai(2)-Destyn_Turtles' Main phase, precombat
Replacement Effect: This land enters tapped unless you control two or more basic lands.
Land: Ai(2)-Destyn_Turtles played Sodden Verdure (182)
Phase: Ai(2)-Destyn_Turtles' Beginning of Combat Step
Phase: Ai(2)-Destyn_Turtles' Declare Attackers Step
Phase: Ai(2)-Destyn_Turtles' Declare Blockers Step
Phase: Ai(2)-Destyn_Turtles' First Strike Damage Step
Phase: Ai(2)-Destyn_Turtles' Combat Damage Step
Phase: Ai(2)-Destyn_Turtles' End of Combat Step
Phase: Ai(2)-Destyn_Turtles' Main phase, postcombat
Phase: Ai(2)-Destyn_Turtles' End step
Phase: Ai(2)-Destyn_Turtles' Cleanup step
Turn: Turn 12 (Ai(3)-GGS_Orochi_only)
Phase: Ai(3)-GGS_Orochi_only's Untap step
Phase: Ai(3)-GGS_Orochi_only's Upkeep step
Phase: Ai(3)-GGS_Orochi_only's Draw step
Phase: Ai(3)-GGS_Orochi_only's Main phase, precombat
Land: Ai(3)-GGS_Orochi_only played Otawara, Soaring City (212)
Phase: Ai(3)-GGS_Orochi_only's Beginning of Combat Step
Phase: Ai(3)-GGS_Orochi_only's Declare Attackers Step
Phase: Ai(3)-GGS_Orochi_only's Declare Blockers Step
Phase: Ai(3)-GGS_Orochi_only's First Strike Damage Step
Phase: Ai(3)-GGS_Orochi_only's Combat Damage Step
Phase: Ai(3)-GGS_Orochi_only's End of Combat Step
Phase: Ai(3)-GGS_Orochi_only's Main phase, postcombat
Mana: Command Tower (275) - {T}: Add one mana of any color in your commander's color identity.
Mana: Otawara, Soaring City (212) - {T}: Add {U}.
Mana: Training Center (231) - {T}: Add {U} or {R}.
Add To Stack: Ai(3)-GGS_Orochi_only cast Goro-Goro and Satoru
Resolve Stack: Goro-Goro and Satoru - Creature 3 / 4
Phase: Ai(3)-GGS_Orochi_only's End step
Phase: Ai(3)-GGS_Orochi_only's Cleanup step
Turn: Turn 13 (Ai(4)-Jaymie_Ezio)
Phase: Ai(4)-Jaymie_Ezio's Untap step
Phase: Ai(4)-Jaymie_Ezio's Upkeep step
Phase: Ai(4)-Jaymie_Ezio's Draw step
Phase: Ai(4)-Jaymie_Ezio's Main phase, precombat
Land: Ai(4)-Jaymie_Ezio played Plains (393)
Mana: Island (337) - {T}: Add {U}.
Mana: Plains (393) - {T}: Add {W}.
Mana: Boros Garrison (383) - {T}: Add {R}{W}.
Add To Stack: Ai(4)-Jaymie_Ezio cast 
Resolve Stack: Disguise - Creature 2/2
Phase: Ai(4)-Jaymie_Ezio's Beginning of Combat Step
Phase: Ai(4)-Jaymie_Ezio's Declare Attackers Step
Phase: Ai(4)-Jaymie_Ezio's Declare Blockers Step
Phase: Ai(4)-Jaymie_Ezio's First Strike Damage Step
Phase: Ai(4)-Jaymie_Ezio's Combat Damage Step
Phase: Ai(4)-Jaymie_Ezio's End of Combat Step
Phase: Ai(4)-Jaymie_Ezio's Main phase, postcombat
Phase: Ai(4)-Jaymie_Ezio's End step
Phase: Ai(4)-Jaymie_Ezio's Cleanup step
Turn: Turn 14 (Ai(1)-Gabe_Food)
Phase: Ai(1)-Gabe_Food's Untap step
Phase: Ai(1)-Gabe_Food's Upkeep step
Phase: Ai(1)-Gabe_Food's Draw step
Mana: Canopy Vista (70) - {T}: Add {W}.
Mana: Swamp (62) - {T}: Add {B}.
Mana: Necroblossom Snarl (64) - {T}: Add {B} or {G}.
Add To Stack: Ai(1)-Gabe_Food cast Anguished Unmaking targeting [Goro-Goro and Satoru (302)]
Zone Change: Goro-Goro and Satoru (302) was put into Exile from Battlefield.
Life: Life: Ai(1)-Gabe_Food 40 > 37
Resolve Stack: Anguished Unmaking (97) - Exile Goro-Goro and Satoru (302). Ai(1)-Gabe_Food loses 3 life.
Phase: Ai(1)-Gabe_Food's Main phase, precombat
Phase: Ai(1)-Gabe_Food's Beginning of Combat Step
Add To Stack: Ai(1)-Gabe_Food triggered Sam, Loyal Attendant
Resolve Stack: At the beginning of combat on your turn, create a Food token. (It's an artifact with "{2}, {T}, Sacrifice this token: You gain 3 life.") [Phase: Ai(1)-Gabe_Food]
Phase: Ai(1)-Gabe_Food's Declare Attackers Step
Combat: Ai(1)-Gabe_Food assigned Sam, Loyal Attendant (101) to attack Ai(4)-Jaymie_Ezio.
Phase: Ai(1)-Gabe_Food's Declare Blockers Step
Combat: Ai(4)-Jaymie_Ezio didn't block Sam, Loyal Attendant (101).
Phase: Ai(1)-Gabe_Food's First Strike Damage Step
Phase: Ai(1)-Gabe_Food's Combat Damage Step
Damage: Sam, Loyal Attendant (101) deals 2 combat damage to Ai(4)-Jaymie_Ezio.
Life: Life: Ai(4)-Jaymie_Ezio 40 > 38
Phase: Ai(1)-Gabe_Food's End of Combat Step
Phase: Ai(1)-Gabe_Food's Main phase, postcombat
Replacement Effect: Graypelt Refuge enters tapped.
Land: Ai(1)-Gabe_Food played Graypelt Refuge (44)
Add To Stack: Ai(1)-Gabe_Food triggered Graypelt Refuge
Life: Life: Ai(1)-Gabe_Food 37 > 38
Resolve Stack: When Graypelt Refuge enters, you gain 1 life. [Zone Changer: Graypelt Refuge (44)]
Phase: Ai(1)-Gabe_Food's End step
Phase: Ai(1)-Gabe_Food's Cleanup step
Turn: Turn 15 (Ai(2)-Destyn_Turtles)
Phase: Ai(2)-Destyn_Turtles' Untap step
Phase: Ai(2)-Destyn_Turtles' Upkeep step
Phase: Ai(2)-Destyn_Turtles' Draw step
Phase: Ai(2)-Destyn_Turtles' Main phase, precombat
Land: Ai(2)-Destyn_Turtles played Ash Barrens (171)
Phase: Ai(2)-Destyn_Turtles' Beginning of Combat Step
Phase: Ai(2)-Destyn_Turtles' Declare Attackers Step
Combat: Ai(2)-Destyn_Turtles assigned Casey Jones, Back Alley Brute (107) to attack Ai(1)-Gabe_Food.
Add To Stack: Ai(2)-Destyn_Turtles triggered Casey Jones, Back Alley Brute targeting [Casey Jones, Back Alley Brute (107)]
Resolve Stack: Whenever Casey Jones attacks, put a +1/+1 counter on target attacking creature. (Targeting: [[Casey Jones, Back Alley Brute (107)]]) [Attacker: Casey Jones, Back Alley Brute (107)]
Add To Stack: Ai(2)-Destyn_Turtles triggered Casey Jones, Back Alley Brute targeting [Ai(4)-Jaymie_Ezio]
Damage: Casey Jones, Back Alley Brute (107) deals 1 non-combat damage to Ai(4)-Jaymie_Ezio.
Life: Life: Ai(4)-Jaymie_Ezio 38 > 37
Resolve Stack: Whenever you put one or more +1/+1 counters on a creature you control, Casey Jones deals that much damage to target opponent. (Targeting: [[Ai(4)-Jaymie_Ezio]]) [Added once: Casey Jones, Back Alley Brute (107) Amount: 1]
Phase: Ai(2)-Destyn_Turtles' Declare Blockers Step
Combat: Ai(1)-Gabe_Food didn't block Casey Jones, Back Alley Brute (107).
Phase: Ai(2)-Destyn_Turtles' First Strike Damage Step
Phase: Ai(2)-Destyn_Turtles' Combat Damage Step
Damage: Casey Jones, Back Alley Brute (107) deals 5 combat damage to Ai(1)-Gabe_Food.
Life: Life: Ai(1)-Gabe_Food 38 > 33
Phase: Ai(2)-Destyn_Turtles' End of Combat Step
Phase: Ai(2)-Destyn_Turtles' Main phase, postcombat
Mana: Sol Ring (154) - {T}: Add {C}{C}.
Mana: Ash Barrens (171) - {T}: Add {C}.
Mana: Mountain (187) - {T}: Add {R}.
Mana: Dragonskull Summit (148) - {T}: Add {B} or {R}.
Add To Stack: Ai(2)-Destyn_Turtles cast Mole Module
Resolve Stack: Mole Module
Phase: Ai(2)-Destyn_Turtles' End step
Phase: Ai(2)-Destyn_Turtles' Cleanup step
Turn: Turn 16 (Ai(3)-GGS_Orochi_only)
Phase: Ai(3)-GGS_Orochi_only's Untap step
Phase: Ai(3)-GGS_Orochi_only's Upkeep step
Phase: Ai(3)-GGS_Orochi_only's Draw step
Phase: Ai(3)-GGS_Orochi_only's Main phase, precombat
Land: Ai(3)-GGS_Orochi_only played Mountain (296)
Phase: Ai(3)-GGS_Orochi_only's Beginning of Combat Step
Phase: Ai(3)-GGS_Orochi_only's Declare Attackers Step
Phase: Ai(3)-GGS_Orochi_only's Declare Blockers Step
Phase: Ai(3)-GGS_Orochi_only's First Strike Damage Step
Phase: Ai(3)-GGS_Orochi_only's Combat Damage Step
Phase: Ai(3)-GGS_Orochi_only's End of Combat Step
Phase: Ai(3)-GGS_Orochi_only's Main phase, postcombat
Mana: Command Tower (275) - {T}: Add one mana of any color in your commander's color identity.
Mana: Otawara, Soaring City (212) - {T}: Add {U}.
Mana: Mountain (296) - {T}: Add {R}.
Mana: Training Center (231) - {T}: Add {U} or {R}.
Mana: Talisman of Indulgence (214) - {T}: Add {C}.
Add To Stack: Ai(3)-GGS_Orochi_only cast Goro-Goro and Satoru
Resolve Stack: Goro-Goro and Satoru - Creature 3 / 4
Phase: Ai(3)-GGS_Orochi_only's End step
Phase: Ai(3)-GGS_Orochi_only's Cleanup step
Turn: Turn 17 (Ai(4)-Jaymie_Ezio)
Phase: Ai(4)-Jaymie_Ezio's Untap step
Phase: Ai(4)-Jaymie_Ezio's Upkeep step
Phase: Ai(4)-Jaymie_Ezio's Draw step
Phase: Ai(4)-Jaymie_Ezio's Main phase, precombat
Mana: Plains (393) - {T}: Add {W}.
Mana: Island (337) - {T}: Add {U}.
Mana: Boros Garrison (383) - {T}: Add {R}{W}.
Add To Stack: Ai(4)-Jaymie_Ezio cast Caduceus, Staff of Hermes
Resolve Stack: Caduceus, Staff of Hermes
Phase: Ai(4)-Jaymie_Ezio's Beginning of Combat Step
Phase: Ai(4)-Jaymie_Ezio's Declare Attackers Step
Phase: Ai(4)-Jaymie_Ezio's Declare Blockers Step
Phase: Ai(4)-Jaymie_Ezio's First Strike Damage Step
Phase: Ai(4)-Jaymie_Ezio's Combat Damage Step
Phase: Ai(4)-Jaymie_Ezio's End of Combat Step
Phase: Ai(4)-Jaymie_Ezio's Main phase, postcombat
Phase: Ai(4)-Jaymie_Ezio's End step
Phase: Ai(4)-Jaymie_Ezio's Cleanup step
Turn: Turn 18 (Ai(1)-Gabe_Food)
Phase: Ai(1)-Gabe_Food's Untap step
Phase: Ai(1)-Gabe_Food's Upkeep step
Phase: Ai(1)-Gabe_Food's Draw step
Phase: Ai(1)-Gabe_Food's Main phase, precombat
Land: Ai(1)-Gabe_Food played Swamp (63)
Mana: Necroblossom Snarl (64) - {T}: Add {B} or {G}.
Mana: Swamp (62) - {T}: Add {B}.
Mana: Swamp (63) - {T}: Add {B}.
Mana: Graypelt Refuge (44) - {T}: Add {G} or {W}.
Add To Stack: Ai(1)-Gabe_Food cast Assemble the Entmoot
Resolve Stack: Assemble the Entmoot
Phase: Ai(1)-Gabe_Food's Beginning of Combat Step
Add To Stack: Ai(1)-Gabe_Food triggered Sam, Loyal Attendant
Resolve Stack: At the beginning of combat on your turn, create a Food token. (It's an artifact with "{2}, {T}, Sacrifice this token: You gain 3 life.") [Phase: Ai(1)-Gabe_Food]
Phase: Ai(1)-Gabe_Food's Declare Attackers Step
Combat: Ai(1)-Gabe_Food assigned Frodo, Adventurous Hobbit (99) and Sam, Loyal Attendant (101) to attack Ai(2)-Destyn_Turtles.
Phase: Ai(1)-Gabe_Food's Declare Blockers Step
Combat: Ai(2)-Destyn_Turtles didn't block Frodo, Adventurous Hobbit (99).
Ai(2)-Destyn_Turtles didn't block Sam, Loyal Attendant (101).
Phase: Ai(1)-Gabe_Food's First Strike Damage Step
Phase: Ai(1)-Gabe_Food's Combat Damage Step
Damage: Frodo, Adventurous Hobbit (99) deals 1 combat damage to Ai(2)-Destyn_Turtles.
Damage: Sam, Loyal Attendant (101) deals 2 combat damage to Ai(2)-Destyn_Turtles.
Life: Life: Ai(2)-Destyn_Turtles 40 > 37
Phase: Ai(1)-Gabe_Food's End of Combat Step
Phase: Ai(1)-Gabe_Food's Main phase, postcombat
Phase: Ai(1)-Gabe_Food's End step
Phase: Ai(1)-Gabe_Food's Cleanup step
Turn: Turn 19 (Ai(2)-Destyn_Turtles)
Phase: Ai(2)-Destyn_Turtles' Untap step
Phase: Ai(2)-Destyn_Turtles' Upkeep step
Phase: Ai(2)-Destyn_Turtles' Draw step
Phase: Ai(2)-Destyn_Turtles' Main phase, precombat
Replacement Effect: Smoldering Marsh enters tapped unless you control two or more basic lands.
Land: Ai(2)-Destyn_Turtles played Smoldering Marsh (169)
Phase: Ai(2)-Destyn_Turtles' Beginning of Combat Step
Add To Stack: Ai(2)-Destyn_Turtles activated Mole Module
Resolve Stack: Mole Module (165) - Mole Module (165) becomes an artifact creature until end of turn.
Phase: Ai(2)-Destyn_Turtles' Declare Attackers Step
Combat: Ai(2)-Destyn_Turtles assigned Mole Module (165) to attack Ai(1)-Gabe_Food.
Zone Change: Assemble the Entmoot (1) was put into Graveyard from Battlefield.
Add To Stack: Ai(1)-Gabe_Food activated Assemble the Entmoot
Resolve Stack: Assemble the Entmoot (1) - Ai(1)-Gabe_Food creates three tapped X/X green Treefolk creature tokens, where X is the amount of life you gained this turn. Put a reach counter on each of them. Ai(1)-Gabe_Food puts a reach counter on . 
Zone Change: Treefolk Token (448) was put into Graveyard from Battlefield.
Zone Change: Treefolk Token (449) was put into Graveyard from Battlefield.
Zone Change: Treefolk Token (450) was put into Graveyard from Battlefield.
Phase: Ai(2)-Destyn_Turtles' Declare Blockers Step
Combat: Ai(1)-Gabe_Food didn't block Mole Module (165).
Phase: Ai(2)-Destyn_Turtles' First Strike Damage Step
Phase: Ai(2)-Destyn_Turtles' Combat Damage Step
Damage: Mole Module (165) deals 6 combat damage to Ai(1)-Gabe_Food.
Life: Life: Ai(1)-Gabe_Food 33 > 27
Add To Stack: Ai(2)-Destyn_Turtles triggered Mole Module
Zone Change: Ai(2)-Destyn_Turtles milled Rootbound Crag (194), Tempestra, Dame of Games (180), Krang, the All-Powerful (123) and Lessons from Life (174).
Resolve Stack: Whenever this Vehicle deals combat damage to a player, mill four cards. You may put a permanent card from among them onto the battlefield. [Damage Source: Mole Module (165), Damaged: Ai(1)-Gabe_Food, Amount: 6]
Phase: Ai(2)-Destyn_Turtles' End of Combat Step
Phase: Ai(2)-Destyn_Turtles' Main phase, postcombat
Mana: Dragonskull Summit (148) - {T}: Add {B} or {R}.
Mana: Sodden Verdure (182) - {T}: Add {G}.
Mana: Sol Ring (154) - {T}: Add {C}{C}.
Add To Stack: Ai(2)-Destyn_Turtles cast Corpsejack Menace
Resolve Stack: Corpsejack Menace - Creature 4 / 4
Phase: Ai(2)-Destyn_Turtles' End step
Phase: Ai(2)-Destyn_Turtles' Cleanup step
Turn: Turn 20 (Ai(3)-GGS_Orochi_only)
Phase: Ai(3)-GGS_Orochi_only's Untap step
Phase: Ai(3)-GGS_Orochi_only's Upkeep step
Mana: Otawara, Soaring City (212) - {T}: Add {U}.
Mana: Training Center (231) - {T}: Add {U} or {R}.
Mana: Mountain (296) - {T}: Add {R}.
Add To Stack: Ai(3)-GGS_Orochi_only cast Sink into Stupor targeting [Casey Jones, Back Alley Brute (107)]
Resolve Stack: Sink into Stupor (289) - Return Casey Jones, Back Alley Brute (107) to its owner's hand.
Phase: Ai(3)-GGS_Orochi_only's Draw step
Phase: Ai(3)-GGS_Orochi_only's Main phase, precombat
Land: Ai(3)-GGS_Orochi_only played Gloomlake Verge (226)
Phase: Ai(3)-GGS_Orochi_only's Beginning of Combat Step
Phase: Ai(3)-GGS_Orochi_only's Declare Attackers Step
Phase: Ai(3)-GGS_Orochi_only's Declare Blockers Step
Phase: Ai(3)-GGS_Orochi_only's First Strike Damage Step
Phase: Ai(3)-GGS_Orochi_only's Combat Damage Step
Phase: Ai(3)-GGS_Orochi_only's End of Combat Step
Phase: Ai(3)-GGS_Orochi_only's Main phase, postcombat
Mana: Gloomlake Verge (226) - {T}: Add {U}.
Mana: Command Tower (275) - {T}: Add one mana of any color in your commander's color identity.
Mana: Talisman of Indulgence (214) - {T}: Add {C}.
Add To Stack: Ai(3)-GGS_Orochi_only cast Prosperous Thief
Resolve Stack: Prosperous Thief - Creature 3 / 2
Phase: Ai(3)-GGS_Orochi_only's End step
Phase: Ai(3)-GGS_Orochi_only's Cleanup step
Turn: Turn 21 (Ai(4)-Jaymie_Ezio)
Phase: Ai(4)-Jaymie_Ezio's Untap step
Phase: Ai(4)-Jaymie_Ezio's Upkeep step
Phase: Ai(4)-Jaymie_Ezio's Draw step
Phase: Ai(4)-Jaymie_Ezio's Main phase, precombat
Land: Ai(4)-Jaymie_Ezio played Island (336)
Mana: Plains (393) - {T}: Add {W}.
Mana: Island (337) - {T}: Add {U}.
Mana: Island (336) - {T}: Add {U}.
Add To Stack: Ai(4)-Jaymie_Ezio cast Flawless Maneuver
Resolve Stack: Flawless Maneuver (305) - Creatures you control gain indestructible until end of turn.
Phase: Ai(4)-Jaymie_Ezio's Beginning of Combat Step
Phase: Ai(4)-Jaymie_Ezio's Declare Attackers Step
Phase: Ai(4)-Jaymie_Ezio's Declare Blockers Step
Phase: Ai(4)-Jaymie_Ezio's First Strike Damage Step
Phase: Ai(4)-Jaymie_Ezio's Combat Damage Step
Phase: Ai(4)-Jaymie_Ezio's End of Combat Step
Phase: Ai(4)-Jaymie_Ezio's Main phase, postcombat
Mana: Boros Garrison (383) - {T}: Add {R}{W}.
Add To Stack: Ai(4)-Jaymie_Ezio cast Fellwar Stone
Resolve Stack: Fellwar Stone
Phase: Ai(4)-Jaymie_Ezio's End step
Phase: Ai(4)-Jaymie_Ezio's Cleanup step
Turn: Turn 22 (Ai(1)-Gabe_Food)
Phase: Ai(1)-Gabe_Food's Untap step
Phase: Ai(1)-Gabe_Food's Upkeep step
Phase: Ai(1)-Gabe_Food's Draw step
Phase: Ai(1)-Gabe_Food's Main phase, precombat
Land: Ai(1)-Gabe_Food played Forest (36)
Phase: Ai(1)-Gabe_Food's Beginning of Combat Step
Add To Stack: Ai(1)-Gabe_Food triggered Sam, Loyal Attendant
Resolve Stack: At the beginning of combat on your turn, create a Food token. (It's an artifact with "{2}, {T}, Sacrifice this token: You gain 3 life.") [Phase: Ai(1)-Gabe_Food]
Phase: Ai(1)-Gabe_Food's Declare Attackers Step
Phase: Ai(1)-Gabe_Food's Declare Blockers Step
Phase: Ai(1)-Gabe_Food's First Strike Damage Step
Phase: Ai(1)-Gabe_Food's Combat Damage Step
Phase: Ai(1)-Gabe_Food's End of Combat Step
Phase: Ai(1)-Gabe_Food's Main phase, postcombat
Mana: Forest (36) - {T}: Add {G}.
Mana: Swamp (62) - {T}: Add {B}.
Mana: Swamp (63) - {T}: Add {B}.
Add To Stack: Ai(1)-Gabe_Food cast Tireless Provisioner
Resolve Stack: Tireless Provisioner - Creature 3 / 2
Mana: Graypelt Refuge (44) - {T}: Add {G} or {W}.
Mana: Necroblossom Snarl (64) - {T}: Add {B} or {G}.
Mana: Canopy Vista (70) - {T}: Add {G}.
Add To Stack: Ai(1)-Gabe_Food cast The Gaffer
Resolve Stack: The Gaffer - Creature 2 / 3
Phase: Ai(1)-Gabe_Food's End step
Phase: Ai(1)-Gabe_Food's Cleanup step
Turn: Turn 23 (Ai(2)-Destyn_Turtles)
Phase: Ai(2)-Destyn_Turtles' Untap step
Phase: Ai(2)-Destyn_Turtles' Upkeep step
Phase: Ai(2)-Destyn_Turtles' Draw step
Phase: Ai(2)-Destyn_Turtles' Main phase, precombat
Land: Ai(2)-Destyn_Turtles played Forest (137)
Phase: Ai(2)-Destyn_Turtles' Beginning of Combat Step
Add To Stack: Ai(2)-Destyn_Turtles activated Mole Module
Resolve Stack: Mole Module (165) - Mole Module (165) becomes an artifact creature until end of turn.
Phase: Ai(2)-Destyn_Turtles' Declare Attackers Step
Combat: Ai(2)-Destyn_Turtles assigned Mole Module (165) and Corpsejack Menace (151) to attack Ai(1)-Gabe_Food.
Phase: Ai(2)-Destyn_Turtles' Declare Blockers Step
Combat: Ai(1)-Gabe_Food didn't block Mole Module (165).
Ai(1)-Gabe_Food assigned The Gaffer (5) and Tireless Provisioner (19) to block Corpsejack Menace (151).
Phase: Ai(2)-Destyn_Turtles' First Strike Damage Step
Phase: Ai(2)-Destyn_Turtles' Combat Damage Step
Damage: Mole Module (165) deals 6 combat damage to Ai(1)-Gabe_Food.
Damage: Corpsejack Menace (151) deals 2 damage to Tireless Provisioner (19).
Damage: Corpsejack Menace (151) deals 2 damage to The Gaffer (5).
Damage: The Gaffer (5) deals 2 damage to Corpsejack Menace (151).
Damage: Tireless Provisioner (19) deals 3 damage to Corpsejack Menace (151).
Life: Life: Ai(1)-Gabe_Food 27 > 21
Zone Change: Corpsejack Menace (151) was put into Graveyard from Battlefield.
Zone Change: Tireless Provisioner (19) was put into Graveyard from Battlefield.
Add To Stack: Ai(2)-Destyn_Turtles triggered Mole Module
Zone Change: Ai(2)-Destyn_Turtles milled Rat King, Pale Piper (144), Swift Demise (198), Heroes in a Half Shell (173) and Together Forever (115).
Resolve Stack: Whenever this Vehicle deals combat damage to a player, mill four cards. You may put a permanent card from among them onto the battlefield. [Damage Source: Mole Module (165), Damaged: Ai(1)-Gabe_Food, Amount: 6]
Phase: Ai(2)-Destyn_Turtles' End of Combat Step
Phase: Ai(2)-Destyn_Turtles' Main phase, postcombat
Mana: Mountain (187) - {T}: Add {R}.
Mana: Sol Ring (154) - {T}: Add {C}{C}.
Mana: Ash Barrens (171) - {T}: Add {C}.
Add To Stack: Ai(2)-Destyn_Turtles cast Casey Jones, Back Alley Brute
Resolve Stack: Casey Jones, Back Alley Brute - Creature 4 / 2
Mana: Forest (137) - {T}: Add {G}.
Mana: Dragonskull Summit (148) - {T}: Add {B} or {R}.
Add To Stack: Ai(2)-Destyn_Turtles cast Michelangelo, the Heart
Resolve Stack: Michelangelo, the Heart - Creature 2 / 1
Phase: Ai(2)-Destyn_Turtles' End step
Phase: Ai(2)-Destyn_Turtles' Cleanup step
Turn: Turn 24 (Ai(3)-GGS_Orochi_only)
Phase: Ai(3)-GGS_Orochi_only's Untap step
Phase: Ai(3)-GGS_Orochi_only's Upkeep step
Phase: Ai(3)-GGS_Orochi_only's Draw step
Phase: Ai(3)-GGS_Orochi_only's Main phase, precombat
Land: Ai(3)-GGS_Orochi_only played Bloodstained Mire (243)
Life: Life: Ai(3)-GGS_Orochi_only 40 > 39
Zone Change: Bloodstained Mire (243) was put into Graveyard from Battlefield.
Add To Stack: Ai(3)-GGS_Orochi_only activated Bloodstained Mire
Replacement Effect: Xander's Lounge enters tapped.
Resolve Stack: Bloodstained Mire (243) - Ai(3)-GGS_Orochi_only searches their library for a Swamp or Mountain card, puts it onto the battlefield, then shuffles.
Mana: Otawara, Soaring City (212) - {T}: Add {U}.
Add To Stack: Ai(3)-GGS_Orochi_only cast Skullclamp
Resolve Stack: Skullclamp
Mana: Mountain (296) - {T}: Add {R}.
Add To Stack: Ai(3)-GGS_Orochi_only activated Skullclamp targeting [Goro-Goro and Satoru (302)]
Resolve Stack: Skullclamp (240) -  Attach to Goro-Goro and Satoru (302)
Phase: Ai(3)-GGS_Orochi_only's Beginning of Combat Step
Phase: Ai(3)-GGS_Orochi_only's Declare Attackers Step
Phase: Ai(3)-GGS_Orochi_only's Declare Blockers Step
Phase: Ai(3)-GGS_Orochi_only's First Strike Damage Step
Phase: Ai(3)-GGS_Orochi_only's Combat Damage Step
Phase: Ai(3)-GGS_Orochi_only's End of Combat Step
Phase: Ai(3)-GGS_Orochi_only's Main phase, postcombat
Mana: Gloomlake Verge (226) - {T}: Add {B}. Activate only if you control an Island or a Swamp.
Mana: Training Center (231) - {T}: Add {U} or {R}.
Mana: Command Tower (275) - {T}: Add one mana of any color in your commander's color identity.
Mana: Talisman of Indulgence (214) - {T}: Add {C}.
Add To Stack: Ai(3)-GGS_Orochi_only cast Grim Hireling
Resolve Stack: Grim Hireling - Creature 3 / 2
Phase: Ai(3)-GGS_Orochi_only's End step
Phase: Ai(3)-GGS_Orochi_only's Cleanup step
Turn: Turn 25 (Ai(4)-Jaymie_Ezio)
Phase: Ai(4)-Jaymie_Ezio's Untap step
Phase: Ai(4)-Jaymie_Ezio's Upkeep step
Phase: Ai(4)-Jaymie_Ezio's Draw step
Phase: Ai(4)-Jaymie_Ezio's Main phase, precombat
Replacement Effect: Smoldering Marsh enters tapped unless you control two or more basic lands.
Land: Ai(4)-Jaymie_Ezio played Smoldering Marsh (374)
Mana: Fellwar Stone (379) - {T}: Add one mana of any color that a land an opponent controls could produce.
Mana: Plains (393) - {T}: Add {W}.
Mana: Boros Garrison (383) - {T}: Add {R}{W}.
Add To Stack: Ai(4)-Jaymie_Ezio cast Queen Marchesa
Resolve Stack: Queen Marchesa - Creature 3 / 3
Add To Stack: Ai(4)-Jaymie_Ezio triggered Queen Marchesa
Resolve Stack: When Queen Marchesa enters, you become the monarch. [Zone Changer: Queen Marchesa (334)]
Phase: Ai(4)-Jaymie_Ezio's Beginning of Combat Step
Phase: Ai(4)-Jaymie_Ezio's Declare Attackers Step
Phase: Ai(4)-Jaymie_Ezio's Declare Blockers Step
Phase: Ai(4)-Jaymie_Ezio's First Strike Damage Step
Phase: Ai(4)-Jaymie_Ezio's Combat Damage Step
Phase: Ai(4)-Jaymie_Ezio's End of Combat Step
Phase: Ai(4)-Jaymie_Ezio's Main phase, postcombat
Mana: Smoldering Marsh (374) - {T}: Add {B}.
Mana: Island (337) - {T}: Add {U}.
Add To Stack: Ai(4)-Jaymie_Ezio cast Ezio Auditore da Firenze
Resolve Stack: Ezio Auditore da Firenze - Creature 3 / 2
Phase: Ai(4)-Jaymie_Ezio's End step
Add To Stack: Ai(4)-Jaymie_Ezio triggered The Monarch
Resolve Stack: At the beginning of your end step, draw a card. [Phase: Ai(4)-Jaymie_Ezio]
Add To Stack: Ai(2)-Destyn_Turtles triggered Krang, the All-Powerful
Add To Stack: Ai(2)-Destyn_Turtles triggered Krang, the All-Powerful
Resolve Stack: Whenever a player draws their second card each turn, put a +1/+1 counter on Krang. [Player: Ai(4)-Jaymie_Ezio]
Add To Stack: Ai(2)-Destyn_Turtles triggered Casey Jones, Back Alley Brute targeting [Ai(1)-Gabe_Food]
Damage: Casey Jones, Back Alley Brute (107) deals 1 non-combat damage to Ai(1)-Gabe_Food.
Life: Life: Ai(1)-Gabe_Food 21 > 20
Resolve Stack: Whenever you put one or more +1/+1 counters on a creature you control, Casey Jones deals that much damage to target opponent. (Targeting: [[Ai(1)-Gabe_Food]]) [Added once: Krang, the All-Powerful (123) Amount: 1]
Resolve Stack: Whenever a player draws their second card each turn, put a +1/+1 counter on Krang. [Player: Ai(4)-Jaymie_Ezio]
Add To Stack: Ai(2)-Destyn_Turtles triggered Casey Jones, Back Alley Brute targeting [Ai(1)-Gabe_Food]
Damage: Casey Jones, Back Alley Brute (107) deals 1 non-combat damage to Ai(1)-Gabe_Food.
Life: Life: Ai(1)-Gabe_Food 20 > 19
Resolve Stack: Whenever you put one or more +1/+1 counters on a creature you control, Casey Jones deals that much damage to target opponent. (Targeting: [[Ai(1)-Gabe_Food]]) [Added once: Krang, the All-Powerful (123) Amount: 1]
Phase: Ai(4)-Jaymie_Ezio's Cleanup step
Turn: Turn 26 (Ai(1)-Gabe_Food)
Phase: Ai(1)-Gabe_Food's Untap step
Phase: Ai(1)-Gabe_Food's Upkeep step
Phase: Ai(1)-Gabe_Food's Draw step
Phase: Ai(1)-Gabe_Food's Main phase, precombat
Phase: Ai(1)-Gabe_Food's Beginning of Combat Step
Add To Stack: Ai(1)-Gabe_Food triggered Sam, Loyal Attendant
Resolve Stack: At the beginning of combat on your turn, create a Food token. (It's an artifact with "{2}, {T}, Sacrifice this token: You gain 3 life.") [Phase: Ai(1)-Gabe_Food]
Phase: Ai(1)-Gabe_Food's Declare Attackers Step
Phase: Ai(1)-Gabe_Food's Declare Blockers Step
Phase: Ai(1)-Gabe_Food's First Strike Damage Step
Phase: Ai(1)-Gabe_Food's Combat Damage Step
Phase: Ai(1)-Gabe_Food's End of Combat Step
Phase: Ai(1)-Gabe_Food's Main phase, postcombat
Replacement Effect: Scoured Barrens enters tapped.
Land: Ai(1)-Gabe_Food played Scoured Barrens (41)
Add To Stack: Ai(1)-Gabe_Food triggered Scoured Barrens
Life: Life: Ai(1)-Gabe_Food 19 > 20
Resolve Stack: When Scoured Barrens enters, you gain 1 life. [Zone Changer: Scoured Barrens (41)]
Mana: Swamp (62) - {T}: Add {B}.
Mana: Swamp (63) - {T}: Add {B}.
Mana: Forest (36) - {T}: Add {G}.
Mana: Necroblossom Snarl (64) - {T}: Add {B} or {G}.
Add To Stack: Ai(1)-Gabe_Food cast Mirkwood Bats
Resolve Stack: Mirkwood Bats - Creature 2 / 3
Phase: Ai(1)-Gabe_Food's End step
Phase: Ai(1)-Gabe_Food's Cleanup step
Turn: Turn 27 (Ai(2)-Destyn_Turtles)
Phase: Ai(2)-Destyn_Turtles' Untap step
Phase: Ai(2)-Destyn_Turtles' Upkeep step
Phase: Ai(2)-Destyn_Turtles' Draw step
Phase: Ai(2)-Destyn_Turtles' Main phase, precombat
Phase: Ai(2)-Destyn_Turtles' Beginning of Combat Step
Phase: Ai(2)-Destyn_Turtles' Declare Attackers Step
Combat: Ai(2)-Destyn_Turtles assigned Casey Jones, Back Alley Brute (107), Krang, the All-Powerful (123) and Heroes in a Half Shell (173) to attack Ai(4)-Jaymie_Ezio.
Add To Stack: Ai(2)-Destyn_Turtles triggered Casey Jones, Back Alley Brute targeting [Heroes in a Half Shell (173)]
Resolve Stack: Whenever Casey Jones attacks, put a +1/+1 counter on target attacking creature. (Targeting: [[Heroes in a Half Shell (173)]]) [Attacker: Casey Jones, Back Alley Brute (107)]
Add To Stack: Ai(2)-Destyn_Turtles triggered Casey Jones, Back Alley Brute targeting [Ai(1)-Gabe_Food]
Damage: Casey Jones, Back Alley Brute (107) deals 1 non-combat damage to Ai(1)-Gabe_Food.
Life: Life: Ai(1)-Gabe_Food 20 > 19
Resolve Stack: Whenever you put one or more +1/+1 counters on a creature you control, Casey Jones deals that much damage to target opponent. (Targeting: [[Ai(1)-Gabe_Food]]) [Added once: Heroes in a Half Shell (173) Amount: 1]
Phase: Ai(2)-Destyn_Turtles' Declare Blockers Step
Combat: Ai(4)-Jaymie_Ezio didn't block Casey Jones, Back Alley Brute (107).
Ai(4)-Jaymie_Ezio didn't block Krang, the All-Powerful (123).
Ai(4)-Jaymie_Ezio assigned Ezio Auditore da Firenze (403) and Queen Marchesa (334) to block Heroes in a Half Shell (173).
Phase: Ai(2)-Destyn_Turtles' First Strike Damage Step
Phase: Ai(2)-Destyn_Turtles' Combat Damage Step
Damage: Casey Jones, Back Alley Brute (107) deals 4 combat damage to Ai(4)-Jaymie_Ezio.
Damage: Krang, the All-Powerful (123) deals 5 combat damage to Ai(4)-Jaymie_Ezio.
Damage: Heroes in a Half Shell (173) deals 1 combat damage to Ai(4)-Jaymie_Ezio.
Damage: Heroes in a Half Shell (173) deals 2 damage to Ezio Auditore da Firenze (403).
Damage: Heroes in a Half Shell (173) deals 3 damage to Queen Marchesa (334).
Damage: Ezio Auditore da Firenze (403) deals 3 damage to Heroes in a Half Shell (173).
Damage: Queen Marchesa (334) deals 3 damage (Deathtouch) to Heroes in a Half Shell (173).
Life: Life: Ai(4)-Jaymie_Ezio 37 > 27
Zone Change: Heroes in a Half Shell (173) was put into Graveyard from Battlefield.
Zone Change: Queen Marchesa (334) was put into Graveyard from Battlefield.
Zone Change: Ezio Auditore da Firenze (403) was put into Graveyard from Battlefield.
Add To Stack: Ai(2)-Destyn_Turtles triggered Heroes in a Half Shell
Add To Stack: Ai(4)-Jaymie_Ezio triggered The Monarch
Add To Stack: Ai(4)-Jaymie_Ezio triggered The Monarch
Add To Stack: Ai(4)-Jaymie_Ezio triggered The Monarch
Resolve Stack: Whenever a creature deals combat damage to you, its controller becomes the monarch. [Damage Source: Heroes in a Half Shell (173), Damaged: Ai(4)-Jaymie_Ezio, Amount: 1]
Resolve Stack: Whenever a creature deals combat damage to you, its controller becomes the monarch. [Damage Source: Krang, the All-Powerful (123), Damaged: Ai(4)-Jaymie_Ezio, Amount: 5]
Resolve Stack: Whenever a creature deals combat damage to you, its controller becomes the monarch. [Damage Source: Casey Jones, Back Alley Brute (107), Damaged: Ai(4)-Jaymie_Ezio, Amount: 4]
Resolve Stack: Whenever one or more Mutants, Ninjas, and/or Turtles you control deal combat damage to a player, put a +1/+1 counter on each of those creatures and draw a card. [Damaged: Ai(4)-Jaymie_Ezio, Amount: 1]
Add To Stack: Ai(2)-Destyn_Turtles triggered Krang, the All-Powerful
Add To Stack: Ai(2)-Destyn_Turtles triggered Krang, the All-Powerful
Resolve Stack: Whenever a player draws their second card each turn, put a +1/+1 counter on Krang. [Player: Ai(2)-Destyn_Turtles]
Add To Stack: Ai(2)-Destyn_Turtles triggered Casey Jones, Back Alley Brute targeting [Ai(1)-Gabe_Food]
Damage: Casey Jones, Back Alley Brute (107) deals 1 non-combat damage to Ai(1)-Gabe_Food.
Life: Life: Ai(1)-Gabe_Food 19 > 18
Resolve Stack: Whenever you put one or more +1/+1 counters on a creature you control, Casey Jones deals that much damage to target opponent. (Targeting: [[Ai(1)-Gabe_Food]]) [Added once: Krang, the All-Powerful (123) Amount: 1]
Resolve Stack: Whenever a player draws their second card each turn, put a +1/+1 counter on Krang. [Player: Ai(2)-Destyn_Turtles]
Add To Stack: Ai(2)-Destyn_Turtles triggered Casey Jones, Back Alley Brute targeting [Ai(1)-Gabe_Food]
Damage: Casey Jones, Back Alley Brute (107) deals 1 non-combat damage to Ai(1)-Gabe_Food.
Life: Life: Ai(1)-Gabe_Food 18 > 17
Resolve Stack: Whenever you put one or more +1/+1 counters on a creature you control, Casey Jones deals that much damage to target opponent. (Targeting: [[Ai(1)-Gabe_Food]]) [Added once: Krang, the All-Powerful (123) Amount: 1]
Phase: Ai(2)-Destyn_Turtles' End of Combat Step
Phase: Ai(2)-Destyn_Turtles' Main phase, postcombat
Add To Stack: Ai(2)-Destyn_Turtles triggered Michelangelo, the Heart targeting [Krang, the All-Powerful (123)]
Resolve Stack: Raid (the Fridge) — At the beginning of your second main phase, if you attacked this turn, put a +1/+1 counter on target creature and create a Food token. (Targeting: [[Krang, the All-Powerful (123)]]) [Phase: Ai(2)-Destyn_Turtles]
Add To Stack: Ai(2)-Destyn_Turtles triggered Casey Jones, Back Alley Brute targeting [Ai(1)-Gabe_Food]
Damage: Casey Jones, Back Alley Brute (107) deals 1 non-combat damage to Ai(1)-Gabe_Food.
Life: Life: Ai(1)-Gabe_Food 17 > 16
Resolve Stack: Whenever you put one or more +1/+1 counters on a creature you control, Casey Jones deals that much damage to target opponent. (Targeting: [[Ai(1)-Gabe_Food]]) [Added once: Krang, the All-Powerful (123) Amount: 1]
Replacement Effect: Thriving Isle enters tapped.
Replacement Effect: As Thriving Isle enters, choose a color other than blue.
Land: Ai(2)-Destyn_Turtles played Thriving Isle (153)
Phase: Ai(2)-Destyn_Turtles' End step
Add To Stack: Ai(2)-Destyn_Turtles triggered The Monarch
Resolve Stack: At the beginning of your end step, draw a card. [Phase: Ai(2)-Destyn_Turtles]
Phase: Ai(2)-Destyn_Turtles' Cleanup step
Turn: Turn 28 (Ai(3)-GGS_Orochi_only)
Phase: Ai(3)-GGS_Orochi_only's Untap step
Phase: Ai(3)-GGS_Orochi_only's Upkeep step
Phase: Ai(3)-GGS_Orochi_only's Draw step
Phase: Ai(3)-GGS_Orochi_only's Main phase, precombat
Phase: Ai(3)-GGS_Orochi_only's Beginning of Combat Step
Phase: Ai(3)-GGS_Orochi_only's Declare Attackers Step
Phase: Ai(3)-GGS_Orochi_only's Declare Blockers Step
Phase: Ai(3)-GGS_Orochi_only's First Strike Damage Step
Phase: Ai(3)-GGS_Orochi_only's Combat Damage Step
Phase: Ai(3)-GGS_Orochi_only's End of Combat Step
Phase: Ai(3)-GGS_Orochi_only's Main phase, postcombat
Mana: Mountain (296) - {T}: Add {R}.
Mana: Training Center (231) - {T}: Add {U} or {R}.
Mana: Otawara, Soaring City (212) - {T}: Add {U}.
Mana: Gloomlake Verge (226) - {T}: Add {B}. Activate only if you control an Island or a Swamp.
Mana: Command Tower (275) - {T}: Add one mana of any color in your commander's color identity.
Add To Stack: Ai(3)-GGS_Orochi_only cast Draconic Visitor
Resolve Stack: Draconic Visitor - Creature 5 / 5
Phase: Ai(3)-GGS_Orochi_only's End step
Phase: Ai(3)-GGS_Orochi_only's Cleanup step
Turn: Turn 29 (Ai(4)-Jaymie_Ezio)
Phase: Ai(4)-Jaymie_Ezio's Untap step
Phase: Ai(4)-Jaymie_Ezio's Upkeep step
Mana: Fellwar Stone (379) - {T}: Add one mana of any color that a land an opponent controls could produce.
Mana: Smoldering Marsh (374) - {T}: Add {B}.
Resolve Stack: Ai(4)-Jaymie_Ezio has undisguised Aveline de Grandpré
Phase: Ai(4)-Jaymie_Ezio's Draw step
Phase: Ai(4)-Jaymie_Ezio's Main phase, precombat
Replacement Effect: As Foreboding Ruins enters, you may reveal a Swamp or Mountain card from your hand. If you don't, Foreboding Ruins enters tapped.
Land: Ai(4)-Jaymie_Ezio played Foreboding Ruins (371)
Mana: Plains (393) - {T}: Add {W}.
Mana: Boros Garrison (383) - {T}: Add {R}{W}.
Add To Stack: Ai(4)-Jaymie_Ezio activated Caduceus, Staff of Hermes targeting [Aveline de Grandpré (356)]
Resolve Stack: Caduceus, Staff of Hermes (320) -  Attach to Aveline de Grandpré (356)
Phase: Ai(4)-Jaymie_Ezio's Beginning of Combat Step
Phase: Ai(4)-Jaymie_Ezio's Declare Attackers Step
Phase: Ai(4)-Jaymie_Ezio's Declare Blockers Step
Phase: Ai(4)-Jaymie_Ezio's First Strike Damage Step
Phase: Ai(4)-Jaymie_Ezio's Combat Damage Step
Phase: Ai(4)-Jaymie_Ezio's End of Combat Step
Phase: Ai(4)-Jaymie_Ezio's Main phase, postcombat
Phase: Ai(4)-Jaymie_Ezio's End step
Phase: Ai(4)-Jaymie_Ezio's Cleanup step
Turn: Turn 30 (Ai(1)-Gabe_Food)
Phase: Ai(1)-Gabe_Food's Untap step
Phase: Ai(1)-Gabe_Food's Upkeep step
Phase: Ai(1)-Gabe_Food's Draw step
Phase: Ai(1)-Gabe_Food's Main phase, precombat
Replacement Effect: As Fortified Village enters, you may reveal a Forest or Plains card from your hand. If you don't, Fortified Village enters tapped.
Land: Ai(1)-Gabe_Food played Fortified Village (49)
Phase: Ai(1)-Gabe_Food's Beginning of Combat Step
Add To Stack: Ai(1)-Gabe_Food triggered Sam, Loyal Attendant
Resolve Stack: At the beginning of combat on your turn, create a Food token. (It's an artifact with "{2}, {T}, Sacrifice this token: You gain 3 life.") [Phase: Ai(1)-Gabe_Food]
Add To Stack: Ai(1)-Gabe_Food triggered Mirkwood Bats
Life: Life: Ai(2)-Destyn_Turtles 37 > 36
Life: Life: Ai(3)-GGS_Orochi_only 39 > 38
Life: Life: Ai(4)-Jaymie_Ezio 27 > 26
Resolve Stack: Whenever you create or sacrifice a token, each opponent loses 1 life. [Player: Ai(1)-Gabe_Food]
Phase: Ai(1)-Gabe_Food's Declare Attackers Step
Combat: Ai(1)-Gabe_Food assigned Mirkwood Bats (45) to attack Ai(2)-Destyn_Turtles.
Phase: Ai(1)-Gabe_Food's Declare Blockers Step
Combat: Ai(2)-Destyn_Turtles didn't block Mirkwood Bats (45).
Phase: Ai(1)-Gabe_Food's First Strike Damage Step
Phase: Ai(1)-Gabe_Food's Combat Damage Step
Damage: Mirkwood Bats (45) deals 2 combat damage to Ai(2)-Destyn_Turtles.
Life: Life: Ai(2)-Destyn_Turtles 36 > 34
Add To Stack: Ai(2)-Destyn_Turtles triggered The Monarch
Resolve Stack: Whenever a creature deals combat damage to you, its controller becomes the monarch. [Damage Source: Mirkwood Bats (45), Damaged: Ai(2)-Destyn_Turtles, Amount: 2]
Phase: Ai(1)-Gabe_Food's End of Combat Step
Phase: Ai(1)-Gabe_Food's Main phase, postcombat
Phase: Ai(1)-Gabe_Food's End step
Add To Stack: Ai(1)-Gabe_Food triggered The Monarch
Resolve Stack: At the beginning of your end step, draw a card. [Phase: Ai(1)-Gabe_Food]
Add To Stack: Ai(2)-Destyn_Turtles triggered Krang, the All-Powerful
Add To Stack: Ai(2)-Destyn_Turtles triggered Krang, the All-Powerful
Mana: Graypelt Refuge (44) - {T}: Add {G} or {W}.
Add To Stack: Ai(1)-Gabe_Food cast Swords to Plowshares targeting [Krang, the All-Powerful (123)]
Zone Change: Krang, the All-Powerful (123) was put into Exile from Battlefield.
Life: Life: Ai(2)-Destyn_Turtles 34 > 42
Resolve Stack: Swords to Plowshares (84) - Exile Krang, the All-Powerful (123). Ai(2)-Destyn_Turtles gains life equal to its power.
Resolve Stack: Whenever a player draws their second card each turn, put a +1/+1 counter on Krang. [Player: Ai(1)-Gabe_Food]
Resolve Stack: Whenever a player draws their second card each turn, put a +1/+1 counter on Krang. [Player: Ai(1)-Gabe_Food]
Phase: Ai(1)-Gabe_Food's Cleanup step
Turn: Turn 31 (Ai(2)-Destyn_Turtles)
Phase: Ai(2)-Destyn_Turtles' Untap step
Phase: Ai(2)-Destyn_Turtles' Upkeep step
Phase: Ai(2)-Destyn_Turtles' Draw step
Phase: Ai(2)-Destyn_Turtles' Main phase, precombat
Land: Ai(2)-Destyn_Turtles played Plains (188)
Phase: Ai(2)-Destyn_Turtles' Beginning of Combat Step
Add To Stack: Ai(2)-Destyn_Turtles activated Mole Module
Resolve Stack: Mole Module (165) - Mole Module (165) becomes an artifact creature until end of turn.
Phase: Ai(2)-Destyn_Turtles' Declare Attackers Step
Phase: Ai(2)-Destyn_Turtles' Declare Blockers Step
Phase: Ai(2)-Destyn_Turtles' First Strike Damage Step
Phase: Ai(2)-Destyn_Turtles' Combat Damage Step
Phase: Ai(2)-Destyn_Turtles' End of Combat Step
Phase: Ai(2)-Destyn_Turtles' Main phase, postcombat
Mana: Plains (188) - {T}: Add {W}.
Mana: Sol Ring (154) - {T}: Add {C}{C}.
Mana: Ash Barrens (171) - {T}: Add {C}.
Add To Stack: Ai(2)-Destyn_Turtles cast Leonardo, the Balance
Resolve Stack: Leonardo, the Balance - Creature 3 / 3
Phase: Ai(2)-Destyn_Turtles' End step
Phase: Ai(2)-Destyn_Turtles' Cleanup step
Turn: Turn 32 (Ai(3)-GGS_Orochi_only)
Phase: Ai(3)-GGS_Orochi_only's Untap step
Phase: Ai(3)-GGS_Orochi_only's Upkeep step
Phase: Ai(3)-GGS_Orochi_only's Draw step
Phase: Ai(3)-GGS_Orochi_only's Main phase, precombat
Phase: Ai(3)-GGS_Orochi_only's Beginning of Combat Step
Phase: Ai(3)-GGS_Orochi_only's Declare Attackers Step
Combat: Ai(3)-GGS_Orochi_only assigned Draconic Visitor (215) and Goro-Goro and Satoru (302) to attack Ai(1)-Gabe_Food.
Phase: Ai(3)-GGS_Orochi_only's Declare Blockers Step
Combat: Ai(1)-Gabe_Food didn't block Draconic Visitor (215).
Ai(1)-Gabe_Food didn't block Goro-Goro and Satoru (302).
Mana: Gloomlake Verge (226) - {T}: Add {B}. Activate only if you control an Island or a Swamp.
Mana: Otawara, Soaring City (212) - {T}: Add {U}.
Mana: Mountain (296) - {T}: Add {R}.
Mana: Training Center (231) - {T}: Add {U} or {R}.
Add To Stack: Ai(3)-GGS_Orochi_only activated Orochi Soul-Reaver
Resolve Stack: Orochi Soul-Reaver (271) - Ai(3)-GGS_Orochi_only puts Orochi Soul-Reaver (271) from their hand onto the battlefield tapped and attacking.
Phase: Ai(3)-GGS_Orochi_only's First Strike Damage Step
Phase: Ai(3)-GGS_Orochi_only's Combat Damage Step
Damage: Draconic Visitor (215) deals 5 combat damage to Ai(1)-Gabe_Food.
Damage: Orochi Soul-Reaver (271) deals 5 combat damage to Ai(1)-Gabe_Food.
Life: Life: Ai(1)-Gabe_Food 16 > 6
Add To Stack: Ai(3)-GGS_Orochi_only triggered Prosperous Thief
Add To Stack: Ai(3)-GGS_Orochi_only triggered Grim Hireling
Add To Stack: Ai(3)-GGS_Orochi_only triggered Orochi Soul-Reaver
Add To Stack: Ai(1)-Gabe_Food triggered The Monarch
Add To Stack: Ai(1)-Gabe_Food triggered The Monarch
Resolve Stack: Whenever a creature deals combat damage to you, its controller becomes the monarch. [Damage Source: Orochi Soul-Reaver (271), Damaged: Ai(1)-Gabe_Food, Amount: 5]
Resolve Stack: Whenever a creature deals combat damage to you, its controller becomes the monarch. [Damage Source: Draconic Visitor (215), Damaged: Ai(1)-Gabe_Food, Amount: 5]
Replacement Effect: If one or more artifact tokens would be created under your control, that many 5/5 red Dragon creature tokens with flying are created instead.
Resolve Stack: Whenever one or more creatures you control deal combat damage to a player, create a Treasure token and manifest the top card of that player's library. (Put it onto the battlefield face down as a 2/2 creature. Turn it face up any time for its mana cost if it's a creature card.) [Damaged: Ai(1)-Gabe_Food, Amount: 10]
Replacement Effect: If one or more artifact tokens would be created under your control, that many 5/5 red Dragon creature tokens with flying are created instead.
Resolve Stack: Whenever one or more creatures you control deal combat damage to a player, create two Treasure tokens. [Damaged: Ai(1)-Gabe_Food, Amount: 10]
Replacement Effect: If one or more artifact tokens would be created under your control, that many 5/5 red Dragon creature tokens with flying are created instead.
Resolve Stack: Whenever one or more Ninja or Rogue creatures you control deal combat damage to a player, create a Treasure token. (It's an artifact with "{T}, Sacrifice this token: Add one mana of any color.") [Damaged: Ai(1)-Gabe_Food, Amount: 5]
Phase: Ai(3)-GGS_Orochi_only's End of Combat Step
Phase: Ai(3)-GGS_Orochi_only's Main phase, postcombat
Mana: Command Tower (275) - {T}: Add one mana of any color in your commander's color identity.
Mana: Xander's Lounge (288) - {T}: Add {B}.
Damage: Talisman of Indulgence (214) deals 1 non-combat damage to Ai(3)-GGS_Orochi_only.
Life: Life: Ai(3)-GGS_Orochi_only 38 > 37
Mana: Talisman of Indulgence (214) - {T}: Add {B} or {R}. Talisman of Indulgence deals 1 damage to you. 
Add To Stack: Ai(3)-GGS_Orochi_only cast Goro-Goro and Satoru
Resolve Stack: Goro-Goro and Satoru - Creature 3 / 4
Phase: Ai(3)-GGS_Orochi_only's End step
Add To Stack: Ai(3)-GGS_Orochi_only triggered The Monarch
Resolve Stack: At the beginning of your end step, draw a card. [Phase: Ai(3)-GGS_Orochi_only]
Phase: Ai(3)-GGS_Orochi_only's Cleanup step
Turn: Turn 33 (Ai(4)-Jaymie_Ezio)
Phase: Ai(4)-Jaymie_Ezio's Untap step
Phase: Ai(4)-Jaymie_Ezio's Upkeep step
Phase: Ai(4)-Jaymie_Ezio's Draw step
Phase: Ai(4)-Jaymie_Ezio's Main phase, precombat
Land: Ai(4)-Jaymie_Ezio played Eiganjo, Seat of the Empire (319)
Phase: Ai(4)-Jaymie_Ezio's Beginning of Combat Step
Phase: Ai(4)-Jaymie_Ezio's Declare Attackers Step
Phase: Ai(4)-Jaymie_Ezio's Declare Blockers Step
Phase: Ai(4)-Jaymie_Ezio's First Strike Damage Step
Phase: Ai(4)-Jaymie_Ezio's Combat Damage Step
Phase: Ai(4)-Jaymie_Ezio's End of Combat Step
Phase: Ai(4)-Jaymie_Ezio's Main phase, postcombat
Mana: Fellwar Stone (379) - {T}: Add one mana of any color that a land an opponent controls could produce.
Mana: Plains (393) - {T}: Add {W}.
Mana: Eiganjo, Seat of the Empire (319) - {T}: Add {W}.
Mana: Island (337) - {T}: Add {U}.
Add To Stack: Ai(4)-Jaymie_Ezio cast Ezio Auditore da Firenze
Resolve Stack: Ezio Auditore da Firenze - Creature 3 / 2
Mana: Foreboding Ruins (371) - {T}: Add {B} or {R}.
Mana: Smoldering Marsh (374) - {T}: Add {B}.
Mana: Island (336) - {T}: Add {U}.
Add To Stack: Ai(4)-Jaymie_Ezio cast Mari, the Killing Quill
Resolve Stack: Mari, the Killing Quill - Creature 3 / 2
Phase: Ai(4)-Jaymie_Ezio's End step
Phase: Ai(4)-Jaymie_Ezio's Cleanup step
Turn: Turn 34 (Ai(1)-Gabe_Food)
Phase: Ai(1)-Gabe_Food's Untap step
Phase: Ai(1)-Gabe_Food's Upkeep step
Phase: Ai(1)-Gabe_Food's Draw step
Phase: Ai(1)-Gabe_Food's Main phase, precombat
Land: Ai(1)-Gabe_Food played Forest (38)
Phase: Ai(1)-Gabe_Food's Beginning of Combat Step
Add To Stack: Ai(1)-Gabe_Food triggered Sam, Loyal Attendant
Resolve Stack: At the beginning of combat on your turn, create a Food token. (It's an artifact with "{2}, {T}, Sacrifice this token: You gain 3 life.") [Phase: Ai(1)-Gabe_Food]
Add To Stack: Ai(1)-Gabe_Food triggered Mirkwood Bats
Life: Life: Ai(2)-Destyn_Turtles 42 > 41
Life: Life: Ai(3)-GGS_Orochi_only 37 > 36
Life: Life: Ai(4)-Jaymie_Ezio 26 > 25
Resolve Stack: Whenever you create or sacrifice a token, each opponent loses 1 life. [Player: Ai(1)-Gabe_Food]
Phase: Ai(1)-Gabe_Food's Declare Attackers Step
Phase: Ai(1)-Gabe_Food's Declare Blockers Step
Phase: Ai(1)-Gabe_Food's First Strike Damage Step
Phase: Ai(1)-Gabe_Food's Combat Damage Step
Phase: Ai(1)-Gabe_Food's End of Combat Step
Phase: Ai(1)-Gabe_Food's Main phase, postcombat
Mana: Forest (36) - {T}: Add {G}.
Mana: Forest (38) - {T}: Add {G}.
Mana: Necroblossom Snarl (64) - {T}: Add {B} or {G}.
Mana: Swamp (62) - {T}: Add {B}.
Mana: Swamp (63) - {T}: Add {B}.
Mana: Graypelt Refuge (44) - {T}: Add {G} or {W}.
Mana: Fortified Village (49) - {T}: Add {G} or {W}.
Mana: Scoured Barrens (41) - {T}: Add {W} or {B}.
Add To Stack: Ai(1)-Gabe_Food cast Woodfall Primus
Resolve Stack: Woodfall Primus - Creature 6 / 6
Add To Stack: Ai(1)-Gabe_Food triggered Woodfall Primus targeting [Talisman of Indulgence (214)]
Zone Change: Talisman of Indulgence (214) was put into Graveyard from Battlefield.
Resolve Stack: When Woodfall Primus enters, destroy target noncreature permanent. (Targeting: [[Talisman of Indulgence (214)]]) [Zone Changer: Woodfall Primus (95)]
Phase: Ai(1)-Gabe_Food's End step
Phase: Ai(1)-Gabe_Food's Cleanup step
Turn: Turn 35 (Ai(2)-Destyn_Turtles)
Phase: Ai(2)-Destyn_Turtles' Untap step
Phase: Ai(2)-Destyn_Turtles' Upkeep step
Phase: Ai(2)-Destyn_Turtles' Draw step
Mana: Dragonskull Summit (148) - {T}: Add {B} or {R}.
Mana: Forest (137) - {T}: Add {G}.
Add To Stack: Ai(2)-Destyn_Turtles cast Assassin's Trophy targeting [Draconic Visitor (215)]
Zone Change: Draconic Visitor (215) was put into Graveyard from Battlefield.
Resolve Stack: Assassin's Trophy (143) - Destroy Draconic Visitor (215). (OPTIONAL) Ai(2)-Destyn_Turtles searches Ai(3)-GGS_Orochi_only library for a basic land card, puts it onto the battlefield, then shuffles.
Add To Stack: Ai(4)-Jaymie_Ezio triggered Mari, the Killing Quill
Resolve Stack: Whenever a creature an opponent controls dies, exile it with a hit counter on it. [Zone Changer: Draconic Visitor (215)]
Phase: Ai(2)-Destyn_Turtles' Main phase, precombat
Phase: Ai(2)-Destyn_Turtles' Beginning of Combat Step
Phase: Ai(2)-Destyn_Turtles' Declare Attackers Step
Phase: Ai(2)-Destyn_Turtles' Declare Blockers Step
Phase: Ai(2)-Destyn_Turtles' First Strike Damage Step
Phase: Ai(2)-Destyn_Turtles' Combat Damage Step
Phase: Ai(2)-Destyn_Turtles' End of Combat Step
Phase: Ai(2)-Destyn_Turtles' Main phase, postcombat
Replacement Effect: Path of Ancestry enters tapped.
Land: Ai(2)-Destyn_Turtles played Path of Ancestry (113)
Phase: Ai(2)-Destyn_Turtles' End step
Phase: Ai(2)-Destyn_Turtles' Cleanup step
Turn: Turn 36 (Ai(3)-GGS_Orochi_only)
Phase: Ai(3)-GGS_Orochi_only's Untap step
Phase: Ai(3)-GGS_Orochi_only's Upkeep step
Phase: Ai(3)-GGS_Orochi_only's Draw step
Phase: Ai(3)-GGS_Orochi_only's Main phase, precombat
Land: Ai(3)-GGS_Orochi_only played Blazemire Verge (208)
Mana: Mountain (296) - {T}: Add {R}.
Add To Stack: Ai(3)-GGS_Orochi_only activated Skullclamp targeting [Orochi Soul-Reaver (271)]
Resolve Stack: Skullclamp (240) -  Attach to Orochi Soul-Reaver (271)
Phase: Ai(3)-GGS_Orochi_only's Beginning of Combat Step
Phase: Ai(3)-GGS_Orochi_only's Declare Attackers Step
Combat: Ai(3)-GGS_Orochi_only assigned Orochi Soul-Reaver (271), Dragon Token (495), Dragon Token (498), Dragon Token (499), Dragon Token (502), Prosperous Thief (228), Grim Hireling (298), Goro-Goro and Satoru (302) and Face-down card (H5) to attack Ai(1)-Gabe_Food.
Mana: Canopy Vista (70) - {T}: Add {G}.
Zone Change: Food Token (407) was put into Graveyard from Battlefield.
Add To Stack: Ai(1)-Gabe_Food activated Food Token
Add To Stack: Ai(1)-Gabe_Food triggered Mirkwood Bats
Life: Life: Ai(3)-GGS_Orochi_only 36 > 35
Life: Life: Ai(4)-Jaymie_Ezio 25 > 24
Life: Life: Ai(2)-Destyn_Turtles 41 > 40
Resolve Stack: Whenever you create or sacrifice a token, each opponent loses 1 life. [Sacrificed: Food Token (407)]
Life: Life: Ai(1)-Gabe_Food 6 > 9
Resolve Stack: Food Token (407) - Ai(1)-Gabe_Food gains 3 life.
Phase: Ai(3)-GGS_Orochi_only's Declare Blockers Step
Combat: Ai(1)-Gabe_Food assigned Frodo, Adventurous Hobbit (99) to block Orochi Soul-Reaver (271).
Ai(1)-Gabe_Food assigned Mirkwood Bats (45) to block Dragon Token (495).
Ai(1)-Gabe_Food didn't block Dragon Token (498).
Ai(1)-Gabe_Food didn't block Dragon Token (499).
Ai(1)-Gabe_Food didn't block Dragon Token (502).
Ai(1)-Gabe_Food assigned The Gaffer (5) to block Prosperous Thief (228).
Ai(1)-Gabe_Food assigned Sam, Loyal Attendant (101) to block Grim Hireling (298).
Ai(1)-Gabe_Food assigned Woodfall Primus (95) to block Goro-Goro and Satoru (302).
Ai(1)-Gabe_Food didn't block Face-down card (H5).
Phase: Ai(3)-GGS_Orochi_only's First Strike Damage Step
Phase: Ai(3)-GGS_Orochi_only's Combat Damage Step
Damage: Orochi Soul-Reaver (271) deals 6 damage to Frodo, Adventurous Hobbit (99).
Damage: Dragon Token (495) deals 5 damage to Mirkwood Bats (45).
Damage: Dragon Token (498) deals 5 combat damage to Ai(1)-Gabe_Food.
Damage: Dragon Token (499) deals 5 combat damage to Ai(1)-Gabe_Food.
Damage: Dragon Token (502) deals 5 combat damage to Ai(1)-Gabe_Food.
Damage: Prosperous Thief (228) deals 3 damage to The Gaffer (5).
Damage: Grim Hireling (298) deals 3 damage to Sam, Loyal Attendant (101).
Damage: Goro-Goro and Satoru (302) deals 3 damage to Woodfall Primus (95).
Damage: Face-down card (H5) deals 2 combat damage to Ai(1)-Gabe_Food.
Damage: Frodo, Adventurous Hobbit (99) deals 1 damage to Orochi Soul-Reaver (271).
Damage: Mirkwood Bats (45) deals 2 damage to Dragon Token (495).
Damage: The Gaffer (5) deals 2 damage to Prosperous Thief (228).
Damage: Sam, Loyal Attendant (101) deals 2 damage to Grim Hireling (298).
Damage: Woodfall Primus (95) deals 6 damage to Goro-Goro and Satoru (302).
Life: Life: Ai(1)-Gabe_Food 9 > -8
Zone Change: Prosperous Thief (228) was put into Graveyard from Battlefield.
Zone Change: Grim Hireling (298) was put into Graveyard from Battlefield.
Zone Change: Goro-Goro and Satoru (302) was put into Graveyard from Battlefield.
Add To Stack: Ai(3)-GGS_Orochi_only triggered Grim Hireling
Add To Stack: Ai(3)-GGS_Orochi_only triggered Orochi Soul-Reaver
Add To Stack: Ai(4)-Jaymie_Ezio triggered Mari, the Killing Quill
Add To Stack: Ai(4)-Jaymie_Ezio triggered Mari, the Killing Quill
Add To Stack: Ai(4)-Jaymie_Ezio triggered Mari, the Killing Quill
Resolve Stack: Whenever a creature an opponent controls dies, exile it with a hit counter on it. [Zone Changer: Goro-Goro and Satoru (302)]
Resolve Stack: Whenever a creature an opponent controls dies, exile it with a hit counter on it. [Zone Changer: Grim Hireling (298)]
Resolve Stack: Whenever a creature an opponent controls dies, exile it with a hit counter on it. [Zone Changer: Prosperous Thief (228)]
Resolve Stack: Whenever one or more creatures you control deal combat damage to a player, create a Treasure token and manifest the top card of that player's library. (Put it onto the battlefield face down as a 2/2 creature. Turn it face up any time for its mana cost if it's a creature card.) [Damaged: Ai(1)-Gabe_Food, Amount: 17]
Resolve Stack: Whenever one or more creatures you control deal combat damage to a player, create two Treasure tokens. [Damaged: Ai(1)-Gabe_Food, Amount: 17]
Phase: Ai(3)-GGS_Orochi_only's End of Combat Step
Phase: Ai(3)-GGS_Orochi_only's Main phase, postcombat
Mana: Gloomlake Verge (226) - {T}: Add {B}. Activate only if you control an Island or a Swamp.
Mana: Training Center (231) - {T}: Add {U} or {R}.
Mana: Otawara, Soaring City (212) - {T}: Add {U}.
Mana: Island (276) - {T}: Add {U}.
Mana: Blazemire Verge (208) - {T}: Add {R}. Activate only if you control a Swamp or a Mountain.
Mana: Command Tower (275) - {T}: Add one mana of any color in your commander's color identity.
Mana: Xander's Lounge (288) - {T}: Add {R}.
Add To Stack: Ai(3)-GGS_Orochi_only cast Goro-Goro and Satoru
Resolve Stack: Goro-Goro and Satoru - Creature 3 / 4
Zone Change: Treasure Token (512) was put into Graveyard from Battlefield.
Mana: Treasure Token (512) - {T}, Sacrifice this token: Add one mana of any color.
Zone Change: Treasure Token (511) was put into Graveyard from Battlefield.
Mana: Treasure Token (511) - {T}, Sacrifice this token: Add one mana of any color.
Zone Change: Treasure Token (509) was put into Graveyard from Battlefield.
Mana: Treasure Token (509) - {T}, Sacrifice this token: Add one mana of any color.
Add To Stack: Ai(3)-GGS_Orochi_only cast Satoru Umezawa
Resolve Stack: Satoru Umezawa - Creature 2 / 4
Phase: Ai(3)-GGS_Orochi_only's End step
Add To Stack: Ai(3)-GGS_Orochi_only triggered The Monarch
Resolve Stack: At the beginning of your end step, draw a card. [Phase: Ai(3)-GGS_Orochi_only]
Phase: Ai(3)-GGS_Orochi_only's Cleanup step
Turn: Turn 37 (Ai(4)-Jaymie_Ezio)
Phase: Ai(4)-Jaymie_Ezio's Untap step
Phase: Ai(4)-Jaymie_Ezio's Upkeep step
Phase: Ai(4)-Jaymie_Ezio's Draw step
Phase: Ai(4)-Jaymie_Ezio's Main phase, precombat
Phase: Ai(4)-Jaymie_Ezio's Beginning of Combat Step
Phase: Ai(4)-Jaymie_Ezio's Declare Attackers Step
Phase: Ai(4)-Jaymie_Ezio's Declare Blockers Step
Phase: Ai(4)-Jaymie_Ezio's First Strike Damage Step
Phase: Ai(4)-Jaymie_Ezio's Combat Damage Step
Phase: Ai(4)-Jaymie_Ezio's End of Combat Step
Phase: Ai(4)-Jaymie_Ezio's Main phase, postcombat
Mana: Fellwar Stone (379) - {T}: Add one mana of any color that a land an opponent controls could produce.
Mana: Plains (393) - {T}: Add {W}.
Mana: Eiganjo, Seat of the Empire (319) - {T}: Add {W}.
Mana: Island (337) - {T}: Add {U}.
Add To Stack: Ai(4)-Jaymie_Ezio cast Origin of the Hidden Ones
Replacement Effect: Origin of the Hidden Ones enters with a lore counter on it.
Resolve Stack: Origin of the Hidden Ones
Add To Stack: Ai(4)-Jaymie_Ezio triggered Origin of the Hidden Ones targeting [Orochi Soul-Reaver (271)]
Damage: Origin of the Hidden Ones (389) deals 4 damage to Orochi Soul-Reaver (271).
Resolve Stack: I — Origin of the Hidden Ones deals 4 damage to any target. (Targeting: [[Orochi Soul-Reaver (271)]]) [Added once: Origin of the Hidden Ones (389)]
Zone Change: Orochi Soul-Reaver (271) was put into Graveyard from Battlefield.
Add To Stack: Ai(4)-Jaymie_Ezio triggered Mari, the Killing Quill
Add To Stack: Ai(3)-GGS_Orochi_only triggered Skullclamp
Resolve Stack: Whenever equipped creature dies, draw two cards. [Zone Changer: Orochi Soul-Reaver (271)]
Resolve Stack: Whenever a creature an opponent controls dies, exile it with a hit counter on it. [Zone Changer: Orochi Soul-Reaver (271)]
Mana: Island (336) - {T}: Add {U}.
Mana: Foreboding Ruins (371) - {T}: Add {B} or {R}.
Add To Stack: Ai(4)-Jaymie_Ezio cast Basim Ibn Ishaq
Resolve Stack: Basim Ibn Ishaq - Creature 2 / 2
Phase: Ai(4)-Jaymie_Ezio's End step
Phase: Ai(4)-Jaymie_Ezio's Cleanup step
Turn: Turn 38 (Ai(2)-Destyn_Turtles)
Phase: Ai(2)-Destyn_Turtles' Untap step
Phase: Ai(2)-Destyn_Turtles' Upkeep step
Phase: Ai(2)-Destyn_Turtles' Draw step
Phase: Ai(2)-Destyn_Turtles' Main phase, precombat
Replacement Effect: Sunken Hollow enters tapped unless you control two or more basic lands.
Land: Ai(2)-Destyn_Turtles played Sunken Hollow (125)
Mana: Plains (188) - {T}: Add {W}.
Mana: Path of Ancestry (113) - {T}: Add one mana of any color in your commander's color identity. When that mana is spent to cast a creature spell that shares a creature type with your commander, scry 1. (Look at the top card of your library. You may put that card on the bottom.)
Add To Stack: Ai(2)-Destyn_Turtles cast Vanquish the Horde
Zone Change: Casey Jones, Back Alley Brute (107) was put into Graveyard from Battlefield.
Zone Change: Michelangelo, the Heart (200) was put into Graveyard from Battlefield.
Zone Change: Leonardo, the Balance (202) was put into Graveyard from Battlefield.
Zone Change: Dragon Token (495) was put into Graveyard from Battlefield.
Zone Change: Dragon Token (498) was put into Graveyard from Battlefield.
Zone Change: Dragon Token (499) was put into Graveyard from Battlefield.
Zone Change: Dragon Token (502) was put into Graveyard from Battlefield.
Zone Change: Goro-Goro and Satoru (302) was put into Graveyard from Battlefield.
Zone Change: Satoru Umezawa (222) was put into Graveyard from Battlefield.
Zone Change: Aveline de Grandpré (356) was put into Graveyard from Battlefield.
Zone Change: Ezio Auditore da Firenze (403) was put into Graveyard from Battlefield.
Zone Change: Mari, the Killing Quill (373) was put into Graveyard from Battlefield.
Zone Change: Basim Ibn Ishaq (342) was put into Graveyard from Battlefield.
Resolve Stack: Vanquish the Horde (119) - Destroy all creatures.
Add To Stack: Ai(4)-Jaymie_Ezio triggered Mari, the Killing Quill
Add To Stack: Ai(4)-Jaymie_Ezio triggered Mari, the Killing Quill
Add To Stack: Ai(4)-Jaymie_Ezio triggered Mari, the Killing Quill
Add To Stack: Ai(4)-Jaymie_Ezio triggered Mari, the Killing Quill
Add To Stack: Ai(4)-Jaymie_Ezio triggered Mari, the Killing Quill
Add To Stack: Ai(4)-Jaymie_Ezio triggered Mari, the Killing Quill
Add To Stack: Ai(4)-Jaymie_Ezio triggered Mari, the Killing Quill
Add To Stack: Ai(4)-Jaymie_Ezio triggered Mari, the Killing Quill
Add To Stack: Ai(4)-Jaymie_Ezio triggered Mari, the Killing Quill
Resolve Stack: Whenever a creature an opponent controls dies, exile it with a hit counter on it. [Zone Changer: Satoru Umezawa (222)]
Resolve Stack: Whenever a creature an opponent controls dies, exile it with a hit counter on it. [Zone Changer: Goro-Goro and Satoru (302)]
Resolve Stack: Whenever a creature an opponent controls dies, exile it with a hit counter on it. [Zone Changer: Dragon Token (502)]
Resolve Stack: Whenever a creature an opponent controls dies, exile it with a hit counter on it. [Zone Changer: Dragon Token (499)]
Resolve Stack: Whenever a creature an opponent controls dies, exile it with a hit counter on it. [Zone Changer: Dragon Token (498)]
Resolve Stack: Whenever a creature an opponent controls dies, exile it with a hit counter on it. [Zone Changer: Dragon Token (495)]
Resolve Stack: Whenever a creature an opponent controls dies, exile it with a hit counter on it. [Zone Changer: Leonardo, the Balance (202)]
Resolve Stack: Whenever a creature an opponent controls dies, exile it with a hit counter on it. [Zone Changer: Michelangelo, the Heart (200)]
Resolve Stack: Whenever a creature an opponent controls dies, exile it with a hit counter on it. [Zone Changer: Casey Jones, Back Alley Brute (107)]
Phase: Ai(2)-Destyn_Turtles' Beginning of Combat Step
Phase: Ai(2)-Destyn_Turtles' Declare Attackers Step
Phase: Ai(2)-Destyn_Turtles' Declare Blockers Step
Phase: Ai(2)-Destyn_Turtles' First Strike Damage Step
Phase: Ai(2)-Destyn_Turtles' Combat Damage Step
Phase: Ai(2)-Destyn_Turtles' End of Combat Step
Phase: Ai(2)-Destyn_Turtles' Main phase, postcombat
Mana: Forest (137) - {T}: Add {G}.
Mana: Sol Ring (154) - {T}: Add {C}{C}.
Mana: Ash Barrens (171) - {T}: Add {C}.
Add To Stack: Ai(2)-Destyn_Turtles cast Michelangelo, the Heart
Resolve Stack: Michelangelo, the Heart - Creature 2 / 1
Phase: Ai(2)-Destyn_Turtles' End step
Phase: Ai(2)-Destyn_Turtles' Cleanup step
Turn: Turn 39 (Ai(3)-GGS_Orochi_only)
Phase: Ai(3)-GGS_Orochi_only's Untap step
Phase: Ai(3)-GGS_Orochi_only's Upkeep step
Phase: Ai(3)-GGS_Orochi_only's Draw step
Phase: Ai(3)-GGS_Orochi_only's Main phase, precombat
Replacement Effect: Morphic Pool enters tapped unless you have two or more opponents.
Land: Ai(3)-GGS_Orochi_only played Morphic Pool (232)
Phase: Ai(3)-GGS_Orochi_only's Beginning of Combat Step
Phase: Ai(3)-GGS_Orochi_only's Declare Attackers Step
Phase: Ai(3)-GGS_Orochi_only's Declare Blockers Step
Phase: Ai(3)-GGS_Orochi_only's First Strike Damage Step
Phase: Ai(3)-GGS_Orochi_only's Combat Damage Step
Phase: Ai(3)-GGS_Orochi_only's End of Combat Step
Phase: Ai(3)-GGS_Orochi_only's Main phase, postcombat
Mana: Morphic Pool (232) - {T}: Add {U} or {B}.
Mana: Mountain (296) - {T}: Add {R}.
Mana: Otawara, Soaring City (212) - {T}: Add {U}.
Mana: Island (276) - {T}: Add {U}.
Mana: Training Center (231) - {T}: Add {U} or {R}.
Mana: Blazemire Verge (208) - {T}: Add {R}. Activate only if you control a Swamp or a Mountain.
Mana: Gloomlake Verge (226) - {T}: Add {B}. Activate only if you control an Island or a Swamp.
Mana: Command Tower (275) - {T}: Add one mana of any color in your commander's color identity.
Mana: Xander's Lounge (288) - {T}: Add {R}.
Add To Stack: Ai(3)-GGS_Orochi_only cast Goro-Goro and Satoru
Resolve Stack: Goro-Goro and Satoru - Creature 3 / 4
Phase: Ai(3)-GGS_Orochi_only's End step
Add To Stack: Ai(3)-GGS_Orochi_only triggered The Monarch
Resolve Stack: At the beginning of your end step, draw a card. [Phase: Ai(3)-GGS_Orochi_only]
Phase: Ai(3)-GGS_Orochi_only's Cleanup step
Turn: Turn 40 (Ai(4)-Jaymie_Ezio)
Phase: Ai(4)-Jaymie_Ezio's Untap step
Phase: Ai(4)-Jaymie_Ezio's Upkeep step
Phase: Ai(4)-Jaymie_Ezio's Draw step
Phase: Ai(4)-Jaymie_Ezio's Main phase, precombat
Add To Stack: Ai(4)-Jaymie_Ezio triggered Origin of the Hidden Ones
Resolve Stack: II — Create two 1/1 black Assassin creature tokens with menace. [Added once: Origin of the Hidden Ones (389)]
Mana: Plains (393) - {T}: Add {W}.
Mana: Fellwar Stone (379) - {T}: Add one mana of any color that a land an opponent controls could produce.
Add To Stack: Ai(4)-Jaymie_Ezio activated Caduceus, Staff of Hermes targeting [Assassin Token (515)]
Resolve Stack: Caduceus, Staff of Hermes (320) -  Attach to Assassin Token (515)
Phase: Ai(4)-Jaymie_Ezio's Beginning of Combat Step
Phase: Ai(4)-Jaymie_Ezio's Declare Attackers Step
Phase: Ai(4)-Jaymie_Ezio's Declare Blockers Step
Phase: Ai(4)-Jaymie_Ezio's First Strike Damage Step
Phase: Ai(4)-Jaymie_Ezio's Combat Damage Step
Phase: Ai(4)-Jaymie_Ezio's End of Combat Step
Phase: Ai(4)-Jaymie_Ezio's Main phase, postcombat
Mana: Island (337) - {T}: Add {U}.
Mana: Foreboding Ruins (371) - {T}: Add {B} or {R}.
Mana: Eiganjo, Seat of the Empire (319) - {T}: Add {W}.
Add To Stack: Ai(4)-Jaymie_Ezio cast Rooftop Bypass
Resolve Stack: Rooftop Bypass
Phase: Ai(4)-Jaymie_Ezio's End step
Phase: Ai(4)-Jaymie_Ezio's Cleanup step
Turn: Turn 41 (Ai(2)-Destyn_Turtles)
Phase: Ai(2)-Destyn_Turtles' Untap step
Phase: Ai(2)-Destyn_Turtles' Upkeep step
Phase: Ai(2)-Destyn_Turtles' Draw step
Phase: Ai(2)-Destyn_Turtles' Main phase, precombat
Phase: Ai(2)-Destyn_Turtles' Beginning of Combat Step
Add To Stack: Ai(2)-Destyn_Turtles activated Mole Module
Resolve Stack: Mole Module (165) - Mole Module (165) becomes an artifact creature until end of turn.
Phase: Ai(2)-Destyn_Turtles' Declare Attackers Step
Combat: Ai(2)-Destyn_Turtles assigned Mole Module (165) to attack Ai(4)-Jaymie_Ezio.
Phase: Ai(2)-Destyn_Turtles' Declare Blockers Step
Combat: Ai(4)-Jaymie_Ezio didn't block Mole Module (165).
Phase: Ai(2)-Destyn_Turtles' First Strike Damage Step
Phase: Ai(2)-Destyn_Turtles' Combat Damage Step
Damage: Mole Module (165) deals 6 combat damage to Ai(4)-Jaymie_Ezio.
Life: Life: Ai(4)-Jaymie_Ezio 24 > 18
Add To Stack: Ai(2)-Destyn_Turtles triggered Mole Module
Zone Change: Ai(2)-Destyn_Turtles milled Blasphemous Act (118), Vernal Fen (159), Chromatic Lantern (196) and Baxter, Fly in the Ointment (128).
Resolve Stack: Whenever this Vehicle deals combat damage to a player, mill four cards. You may put a permanent card from among them onto the battlefield. [Damage Source: Mole Module (165), Damaged: Ai(4)-Jaymie_Ezio, Amount: 6]
Add To Stack: Ai(2)-Destyn_Turtles triggered Baxter, Fly in the Ointment
Resolve Stack: Whenever Baxter enters or attacks, each creature you control with a counter on it gains flying until end of turn. [Zone Changer: Baxter, Fly in the Ointment (128)]
Phase: Ai(2)-Destyn_Turtles' End of Combat Step
Phase: Ai(2)-Destyn_Turtles' Main phase, postcombat
Add To Stack: Ai(2)-Destyn_Turtles triggered Michelangelo, the Heart targeting [Mole Module (165)]
Resolve Stack: Raid (the Fridge) — At the beginning of your second main phase, if you attacked this turn, put a +1/+1 counter on target creature and create a Food token. (Targeting: [[Mole Module (165)]]) [Phase: Ai(2)-Destyn_Turtles]
Replacement Effect: Thriving Moor enters tapped.
Replacement Effect: As Thriving Moor enters, choose a color other than black.
Land: Ai(2)-Destyn_Turtles played Thriving Moor (197)
Mana: Plains (188) - {T}: Add {W}.
Mana: Sol Ring (154) - {T}: Add {C}{C}.
Mana: Ash Barrens (171) - {T}: Add {C}.
Mana: Mountain (187) - {T}: Add {R}.
Mana: Forest (137) - {T}: Add {G}.
Add To Stack: Ai(2)-Destyn_Turtles cast Leonardo, the Balance
Resolve Stack: Leonardo, the Balance - Creature 3 / 3
Mana: Thriving Isle (153) - {T}: Add {U} or one mana of the chosen color.
Mana: Sodden Verdure (182) - {T}: Add {G}.
Mana: Dragonskull Summit (148) - {T}: Add {B} or {R}.
Mana: Smoldering Marsh (169) - {T}: Add {R}.
Mana: Sunken Hollow (125) - {T}: Add {B}.
Add To Stack: Ai(2)-Destyn_Turtles cast Biogenic Ooze
Resolve Stack: Biogenic Ooze - Creature 2 / 2
Add To Stack: Ai(2)-Destyn_Turtles triggered Biogenic Ooze
Resolve Stack: When Biogenic Ooze enters, create a 2/2 green Ooze creature token. [Zone Changer: Biogenic Ooze (166)]
Add To Stack: Ai(2)-Destyn_Turtles triggered Leonardo, the Balance
Resolve Stack: Whenever a token you control enters, you may put a +1/+1 counter on each creature you control. Do this only once each turn. [Zone Changer: Ooze Token (522)]
Phase: Ai(2)-Destyn_Turtles' End step
Add To Stack: Ai(2)-Destyn_Turtles triggered Biogenic Ooze
Resolve Stack: At the beginning of your end step, put a +1/+1 counter on each Ooze you control. [Phase: Ai(2)-Destyn_Turtles]
Phase: Ai(2)-Destyn_Turtles' Cleanup step
Turn: Turn 42 (Ai(3)-GGS_Orochi_only)
Phase: Ai(3)-GGS_Orochi_only's Untap step
Phase: Ai(3)-GGS_Orochi_only's Upkeep step
Mana: Otawara, Soaring City (212) - {T}: Add {U}.
Mana: Mountain (296) - {T}: Add {R}.
Add To Stack: Ai(3)-GGS_Orochi_only cast Cyclonic Rift targeting [Biogenic Ooze (166)]
Resolve Stack: Cyclonic Rift (210) - Return Biogenic Ooze (166) to its owner's hand.
Phase: Ai(3)-GGS_Orochi_only's Draw step
Phase: Ai(3)-GGS_Orochi_only's Main phase, precombat
Land: Ai(3)-GGS_Orochi_only played Misty Rainforest (216)
Life: Life: Ai(3)-GGS_Orochi_only 35 > 34
Zone Change: Misty Rainforest (216) was put into Graveyard from Battlefield.
Add To Stack: Ai(3)-GGS_Orochi_only activated Misty Rainforest
Replacement Effect: Undercity Sewers enters tapped.
Resolve Stack: Misty Rainforest (216) - Ai(3)-GGS_Orochi_only searches their library for a Forest or Island card, puts it onto the battlefield, then shuffles.
Add To Stack: Ai(3)-GGS_Orochi_only triggered Undercity Sewers
Resolve Stack: Ai(3)-GGS_Orochi_only surveiled 1 card(s) to the graveyard
Resolve Stack: When Undercity Sewers enters, surveil 1. (Look at the top card of your library. You may put it into your graveyard.) [Zone Changer: Undercity Sewers (204)]
Mana: Island (276) - {T}: Add {U}.
Add To Stack: Ai(3)-GGS_Orochi_only activated Skullclamp targeting [Goro-Goro and Satoru (302)]
Resolve Stack: Skullclamp (240) -  Attach to Goro-Goro and Satoru (302)
Phase: Ai(3)-GGS_Orochi_only's Beginning of Combat Step
Phase: Ai(3)-GGS_Orochi_only's Declare Attackers Step
Phase: Ai(3)-GGS_Orochi_only's Declare Blockers Step
Phase: Ai(3)-GGS_Orochi_only's First Strike Damage Step
Phase: Ai(3)-GGS_Orochi_only's Combat Damage Step
Phase: Ai(3)-GGS_Orochi_only's End of Combat Step
Phase: Ai(3)-GGS_Orochi_only's Main phase, postcombat
Mana: Training Center (231) - {T}: Add {U} or {R}.
Mana: Morphic Pool (232) - {T}: Add {U} or {B}.
Mana: Blazemire Verge (208) - {T}: Add {R}. Activate only if you control a Swamp or a Mountain.
Mana: Gloomlake Verge (226) - {T}: Add {B}. Activate only if you control an Island or a Swamp.
Add To Stack: Ai(3)-GGS_Orochi_only cast Ingenious Infiltrator
Resolve Stack: Ingenious Infiltrator - Creature 2 / 3
Mana: Command Tower (275) - {T}: Add one mana of any color in your commander's color identity.
Mana: Xander's Lounge (288) - {T}: Add {R}.
Add To Stack: Ai(3)-GGS_Orochi_only cast Fellwar Stone
Resolve Stack: Fellwar Stone
Phase: Ai(3)-GGS_Orochi_only's End step
Add To Stack: Ai(3)-GGS_Orochi_only triggered The Monarch
Resolve Stack: At the beginning of your end step, draw a card. [Phase: Ai(3)-GGS_Orochi_only]
Phase: Ai(3)-GGS_Orochi_only's Cleanup step
Turn: Turn 43 (Ai(4)-Jaymie_Ezio)
Phase: Ai(4)-Jaymie_Ezio's Untap step
Phase: Ai(4)-Jaymie_Ezio's Upkeep step
Phase: Ai(4)-Jaymie_Ezio's Draw step
Phase: Ai(4)-Jaymie_Ezio's Main phase, precombat
Add To Stack: Ai(4)-Jaymie_Ezio triggered Origin of the Hidden Ones
Resolve Stack: III — Whenever an Assassin you control attacks this turn, create a 1/1 black Assassin creature token with menace that's tapped and attacking. [Added once: Origin of the Hidden Ones (389)]
Zone Change: Origin of the Hidden Ones (389) was put into Graveyard from Battlefield.
Phase: Ai(4)-Jaymie_Ezio's Beginning of Combat Step
Phase: Ai(4)-Jaymie_Ezio's Declare Attackers Step
Phase: Ai(4)-Jaymie_Ezio's Declare Blockers Step
Phase: Ai(4)-Jaymie_Ezio's First Strike Damage Step
Phase: Ai(4)-Jaymie_Ezio's Combat Damage Step
Phase: Ai(4)-Jaymie_Ezio's End of Combat Step
Phase: Ai(4)-Jaymie_Ezio's Main phase, postcombat
Mana: Fellwar Stone (379) - {T}: Add one mana of any color that a land an opponent controls could produce.
Mana: Plains (393) - {T}: Add {W}.
Mana: Eiganjo, Seat of the Empire (319) - {T}: Add {W}.
Mana: Island (337) - {T}: Add {U}.
Mana: Island (336) - {T}: Add {U}.
Mana: Foreboding Ruins (371) - {T}: Add {B} or {R}.
Add To Stack: Ai(4)-Jaymie_Ezio cast Ezio Auditore da Firenze
Resolve Stack: Ezio Auditore da Firenze - Creature 3 / 2
Phase: Ai(4)-Jaymie_Ezio's End step
Phase: Ai(4)-Jaymie_Ezio's Cleanup step
Turn: Turn 44 (Ai(2)-Destyn_Turtles)
Phase: Ai(2)-Destyn_Turtles' Untap step
Phase: Ai(2)-Destyn_Turtles' Upkeep step
Phase: Ai(2)-Destyn_Turtles' Draw step
Add To Stack: Ai(2)-Destyn_Turtles triggered Baxter, Fly in the Ointment
Resolve Stack: Whenever you draw a card, put a +1/+1 counter on Baxter. [Player: Ai(2)-Destyn_Turtles]
Phase: Ai(2)-Destyn_Turtles' Main phase, precombat
Land: Ai(2)-Destyn_Turtles played Exotic Orchard (142)
Mana: Exotic Orchard (142) - {T}: Add one mana of any color that a land an opponent controls could produce.
Mana: Sol Ring (154) - {T}: Add {C}{C}.
Add To Stack: Ai(2)-Destyn_Turtles cast Foot Chopper
Resolve Stack: Foot Chopper
Add To Stack: Ai(2)-Destyn_Turtles triggered Foot Chopper
Resolve Stack: When this Equipment enters, create a 1/1 black Ninja creature token, then attach this Equipment to it. [Zone Changer: Foot Chopper (193)]
Add To Stack: Ai(2)-Destyn_Turtles triggered Leonardo, the Balance
Resolve Stack: Whenever a token you control enters, you may put a +1/+1 counter on each creature you control. Do this only once each turn. [Zone Changer: Ninja Token (530)]
Phase: Ai(2)-Destyn_Turtles' Beginning of Combat Step
Add To Stack: Ai(2)-Destyn_Turtles activated Mole Module
Resolve Stack: Mole Module (165) - Mole Module (165) becomes an artifact creature until end of turn.
Phase: Ai(2)-Destyn_Turtles' Declare Attackers Step
Combat: Ai(2)-Destyn_Turtles assigned Baxter, Fly in the Ointment (128), Mole Module (165), Leonardo, the Balance (202), Ooze Token (522) and Michelangelo, the Heart (200) to attack Ai(4)-Jaymie_Ezio.
Add To Stack: Ai(2)-Destyn_Turtles triggered Baxter, Fly in the Ointment
Resolve Stack: Whenever Baxter enters or attacks, each creature you control with a counter on it gains flying until end of turn. [Attacker: Baxter, Fly in the Ointment (128)]
Phase: Ai(2)-Destyn_Turtles' Declare Blockers Step
Combat: Ai(4)-Jaymie_Ezio didn't block Baxter, Fly in the Ointment (128).
Ai(4)-Jaymie_Ezio didn't block Mole Module (165).
Ai(4)-Jaymie_Ezio didn't block Leonardo, the Balance (202).
Ai(4)-Jaymie_Ezio didn't block Ooze Token (522).
Ai(4)-Jaymie_Ezio didn't block Michelangelo, the Heart (200).
Mana: Plains (188) - {T}: Add {W}.
Mana: Thriving Isle (153) - {T}: Add {U} or one mana of the chosen color.
Mana: Mountain (187) - {T}: Add {R}.
Mana: Forest (137) - {T}: Add {G}.
Mana: Dragonskull Summit (148) - {T}: Add {B} or {R}.
Add To Stack: Ai(2)-Destyn_Turtles activated Leonardo, the Balance
Resolve Stack: Leonardo, the Balance (202) - Creatures you control gain menace, trample, and lifelink until end of turn.
Phase: Ai(2)-Destyn_Turtles' First Strike Damage Step
Phase: Ai(2)-Destyn_Turtles' Combat Damage Step
Damage: Baxter, Fly in the Ointment (128) deals 5 combat damage to Ai(4)-Jaymie_Ezio.
Life: Life: Ai(2)-Destyn_Turtles 40 > 45
Damage: Mole Module (165) deals 8 combat damage to Ai(4)-Jaymie_Ezio.
Life: Life: Ai(2)-Destyn_Turtles 45 > 53
Damage: Leonardo, the Balance (202) deals 5 combat damage to Ai(4)-Jaymie_Ezio.
Life: Life: Ai(2)-Destyn_Turtles 53 > 58
Damage: Ooze Token (522) deals 5 combat damage to Ai(4)-Jaymie_Ezio.
Life: Life: Ai(2)-Destyn_Turtles 58 > 63
Damage: Michelangelo, the Heart (200) deals 4 combat damage to Ai(4)-Jaymie_Ezio.
Life: Life: Ai(2)-Destyn_Turtles 63 > 67
Life: Life: Ai(4)-Jaymie_Ezio 18 > -9
Add To Stack: Ai(2)-Destyn_Turtles triggered Mole Module
Zone Change: Ai(2)-Destyn_Turtles milled Everything Pizza (167), Thriving Grove (126), Raphael, the Muscle (176) and Coin of Mastery (122).
Resolve Stack: Whenever this Vehicle deals combat damage to a player, mill four cards. You may put a permanent card from among them onto the battlefield. [Damage Source: Mole Module (165), Damaged: Ai(4)-Jaymie_Ezio, Amount: 8]
Add To Stack: Ai(2)-Destyn_Turtles triggered Raphael, the Muscle
Resolve Stack: When Raphael enters, create a Mutagen token. [Zone Changer: Raphael, the Muscle (176)]
Phase: Ai(2)-Destyn_Turtles' End of Combat Step
Phase: Ai(2)-Destyn_Turtles' Main phase, postcombat
Add To Stack: Ai(2)-Destyn_Turtles triggered Michelangelo, the Heart targeting [Mole Module (165)]
Resolve Stack: Raid (the Fridge) — At the beginning of your second main phase, if you attacked this turn, put a +1/+1 counter on target creature and create a Food token. (Targeting: [[Mole Module (165)]]) [Phase: Ai(2)-Destyn_Turtles]
Mana: Thriving Moor (197) - {T}: Add {B} or one mana of the chosen color.
Mana: Sodden Verdure (182) - {T}: Add {G}.
Mana: Ash Barrens (171) - {T}: Add {C}.
Mana: Smoldering Marsh (169) - {T}: Add {R}.
Mana: Sunken Hollow (125) - {T}: Add {B}.
Add To Stack: Ai(2)-Destyn_Turtles cast Biogenic Ooze
Resolve Stack: Biogenic Ooze - Creature 2 / 2
Add To Stack: Ai(2)-Destyn_Turtles triggered Biogenic Ooze
Resolve Stack: When Biogenic Ooze enters, create a 2/2 green Ooze creature token. [Zone Changer: Biogenic Ooze (166)]
Phase: Ai(2)-Destyn_Turtles' End step
Add To Stack: Ai(2)-Destyn_Turtles triggered Biogenic Ooze
Resolve Stack: At the beginning of your end step, put a +1/+1 counter on each Ooze you control. [Phase: Ai(2)-Destyn_Turtles]
Phase: Ai(2)-Destyn_Turtles' Cleanup step
Turn: Turn 45 (Ai(3)-GGS_Orochi_only)
Phase: Ai(3)-GGS_Orochi_only's Untap step
Phase: Ai(3)-GGS_Orochi_only's Upkeep step
Phase: Ai(3)-GGS_Orochi_only's Draw step
Phase: Ai(3)-GGS_Orochi_only's Main phase, precombat
Replacement Effect: As Steam Vents enters, you may pay 2 life. If you don't, it enters tapped.
Land: Ai(3)-GGS_Orochi_only played Steam Vents (245)
Phase: Ai(3)-GGS_Orochi_only's Beginning of Combat Step
Phase: Ai(3)-GGS_Orochi_only's Declare Attackers Step
Phase: Ai(3)-GGS_Orochi_only's Declare Blockers Step
Phase: Ai(3)-GGS_Orochi_only's First Strike Damage Step
Phase: Ai(3)-GGS_Orochi_only's Combat Damage Step
Phase: Ai(3)-GGS_Orochi_only's End of Combat Step
Phase: Ai(3)-GGS_Orochi_only's Main phase, postcombat
Mana: Mountain (296) - {T}: Add {R}.
Mana: Otawara, Soaring City (212) - {T}: Add {U}.
Mana: Island (276) - {T}: Add {U}.
Add To Stack: Ai(3)-GGS_Orochi_only cast Professional Face-Breaker
Resolve Stack: Professional Face-Breaker - Creature 2 / 3
Mana: Fellwar Stone (294) - {T}: Add one mana of any color that a land an opponent controls could produce.
Mana: Morphic Pool (232) - {T}: Add {U} or {B}.
Mana: Training Center (231) - {T}: Add {U} or {R}.
Add To Stack: Ai(3)-GGS_Orochi_only cast Yuriko, the Tiger's Shadow
Resolve Stack: Yuriko, the Tiger's Shadow - Creature 1 / 3
Mana: Blazemire Verge (208) - {T}: Add {R}. Activate only if you control a Swamp or a Mountain.
Mana: Gloomlake Verge (226) - {T}: Add {B}. Activate only if you control an Island or a Swamp.
Mana: Undercity Sewers (204) - {T}: Add {B}.
Add To Stack: Ai(3)-GGS_Orochi_only cast Aggravated Assault
Resolve Stack: Aggravated Assault
Phase: Ai(3)-GGS_Orochi_only's End step
Add To Stack: Ai(3)-GGS_Orochi_only triggered The Monarch
Resolve Stack: At the beginning of your end step, draw a card. [Phase: Ai(3)-GGS_Orochi_only]
Phase: Ai(3)-GGS_Orochi_only's Cleanup step
Turn: Turn 46 (Ai(2)-Destyn_Turtles)
Phase: Ai(2)-Destyn_Turtles' Untap step
Phase: Ai(2)-Destyn_Turtles' Upkeep step
Phase: Ai(2)-Destyn_Turtles' Draw step
Add To Stack: Ai(2)-Destyn_Turtles triggered Baxter, Fly in the Ointment
Resolve Stack: Whenever you draw a card, put a +1/+1 counter on Baxter. [Player: Ai(2)-Destyn_Turtles]
Phase: Ai(2)-Destyn_Turtles' Main phase, precombat
Mana: Plains (188) - {T}: Add {W}.
Mana: Path of Ancestry (113) - {T}: Add one mana of any color in your commander's color identity. When that mana is spent to cast a creature spell that shares a creature type with your commander, scry 1. (Look at the top card of your library. You may put that card on the bottom.)
Mana: Sol Ring (154) - {T}: Add {C}{C}.
Mana: Ash Barrens (171) - {T}: Add {C}.
Add To Stack: Ai(2)-Destyn_Turtles cast Endless Foot Assault
Add To Stack: Ai(3)-GGS_Orochi_only cast Fierce Guardianship targeting [Endless Foot Assault]
Zone Change: Send countered spell to Graveyard
Resolve Stack: Fierce Guardianship (224) - Counter Endless Foot Assault (195).
Phase: Ai(2)-Destyn_Turtles' Beginning of Combat Step
Add To Stack: Ai(2)-Destyn_Turtles activated Mole Module
Resolve Stack: Mole Module (165) - Mole Module (165) becomes an artifact creature until end of turn.
Phase: Ai(2)-Destyn_Turtles' Declare Attackers Step
Combat: Ai(2)-Destyn_Turtles assigned Baxter, Fly in the Ointment (128), Mole Module (165), Ooze Token (522), Leonardo, the Balance (202), Michelangelo, the Heart (200), Raphael, the Muscle (176), Biogenic Ooze (166) and Ooze Token (539) to attack Ai(3)-GGS_Orochi_only.
Add To Stack: Ai(2)-Destyn_Turtles triggered Baxter, Fly in the Ointment
Resolve Stack: Whenever Baxter enters or attacks, each creature you control with a counter on it gains flying until end of turn. [Attacker: Baxter, Fly in the Ointment (128)]
Phase: Ai(2)-Destyn_Turtles' Declare Blockers Step
Combat: Ai(3)-GGS_Orochi_only didn't block Baxter, Fly in the Ointment (128).
Ai(3)-GGS_Orochi_only didn't block Mole Module (165).
Ai(3)-GGS_Orochi_only didn't block Ooze Token (522).
Ai(3)-GGS_Orochi_only didn't block Leonardo, the Balance (202).
Ai(3)-GGS_Orochi_only didn't block Michelangelo, the Heart (200).
Ai(3)-GGS_Orochi_only assigned Yuriko, the Tiger's Shadow (300) to block Raphael, the Muscle (176).
Ai(3)-GGS_Orochi_only didn't block Biogenic Ooze (166).
Ai(3)-GGS_Orochi_only didn't block Ooze Token (539).
Phase: Ai(2)-Destyn_Turtles' First Strike Damage Step
Phase: Ai(2)-Destyn_Turtles' Combat Damage Step
Replacement Effect: Double all damage that creatures you control with counters on them would deal.
Replacement Effect: Double all damage that creatures you control with counters on them would deal.
Replacement Effect: Double all damage that creatures you control with counters on them would deal.
Replacement Effect: Double all damage that creatures you control with counters on them would deal.
Replacement Effect: Double all damage that creatures you control with counters on them would deal.
Replacement Effect: Double all damage that creatures you control with counters on them would deal.
Replacement Effect: Double all damage that creatures you control with counters on them would deal.
Damage: Baxter, Fly in the Ointment (128) deals 12 combat damage to Ai(3)-GGS_Orochi_only.
Damage: Mole Module (165) deals 18 combat damage to Ai(3)-GGS_Orochi_only.
Damage: Ooze Token (522) deals 12 combat damage to Ai(3)-GGS_Orochi_only.
Damage: Leonardo, the Balance (202) deals 10 combat damage to Ai(3)-GGS_Orochi_only.
Damage: Michelangelo, the Heart (200) deals 8 combat damage to Ai(3)-GGS_Orochi_only.
Damage: Raphael, the Muscle (176) deals 4 damage to Yuriko, the Tiger's Shadow (300).
Damage: Biogenic Ooze (166) deals 6 combat damage to Ai(3)-GGS_Orochi_only.
Damage: Ooze Token (539) deals 6 combat damage to Ai(3)-GGS_Orochi_only.
Damage: Yuriko, the Tiger's Shadow (300) deals 1 damage to Raphael, the Muscle (176).
Life: Life: Ai(3)-GGS_Orochi_only 34 > -38
Player Control: Ai(1)-Gabe_Food has restored control over themself
Player Control: Ai(2)-Destyn_Turtles has restored control over themself
Player Control: Ai(3)-GGS_Orochi_only has restored control over themself
Player Control: Ai(4)-Jaymie_Ezio has restored control over themself
Game Outcome: Match Duration 1m : 42s
Game Outcome: Turn 23
Game Outcome: Ai(1)-Gabe_Food has lost because life total reached 0
Game Outcome: Ai(2)-Destyn_Turtles has won because all opponents have lost
Game Outcome: Ai(3)-GGS_Orochi_only has lost because life total reached 0
Game Outcome: Ai(4)-Jaymie_Ezio has lost because life total reached 0
Match Result: Ai(1)-Gabe_Food: 0 Ai(2)-Destyn_Turtles: 1 Ai(3)-GGS_Orochi_only: 0 Ai(4)-Jaymie_Ezio: 0 

Game Result: Game 1 ended in 104218 ms. Ai(2)-Destyn_Turtles has won!

