Error handling registered!
21:04:00 [INFO ] GuiBase: ##########################################
21:04:00 [INFO ] GuiBase: APP: Forge v.2.0.15-SNAPSHOT-09.28
21:04:00 [INFO ] GuiBase: Java: 17.0.20 (Ubuntu)
21:04:00 [INFO ] GuiBase: OS: Linux 6.18.44 amd64
21:04:00 [INFO ] GuiBase: RAM: 1536 MB max, 8 CPUs
21:04:00 [INFO ] GuiBase: ##########################################
Language 'en-US' loaded successfully.
(ThreadUtil first call): Running with priority 5
Read cards: 34010 archived files in 1 ms (25 parts) using thread pool
Upcoming set Star Trek (TRK) dated in the future. All `upcoming` cards will be added to this set with unknown rarity.
The card A-Alrund's Epiphany was not assigned to any set. Adding it to UNKNOWN set... to fix see res/editions/ folder. 
The card A-Baba Lysaga, Night Witch was not assigned to any set. Adding it to UNKNOWN set... to fix see res/editions/ folder. 
The card A-Divide by Zero was not assigned to any set. Adding it to UNKNOWN set... to fix see res/editions/ folder. 
The card A-Esika's Chariot was not assigned to any set. Adding it to UNKNOWN set... to fix see res/editions/ folder. 
The card A-Faceless Haven was not assigned to any set. Adding it to UNKNOWN set... to fix see res/editions/ folder. 
The card A-Fires of Invention was not assigned to any set. Adding it to UNKNOWN set... to fix see res/editions/ folder. 
The card A-Goldspan Dragon was not assigned to any set. Adding it to UNKNOWN set... to fix see res/editions/ folder. 
The card A-Hullbreaker Horror was not assigned to any set. Adding it to UNKNOWN set... to fix see res/editions/ folder. 
The card A-Kumano Faces Kakkazan was not assigned to any set. Adding it to UNKNOWN set... to fix see res/editions/ folder. 
The card A-Luminarch Aspirant was not assigned to any set. Adding it to UNKNOWN set... to fix see res/editions/ folder. 
The card A-Monster Manual was not assigned to any set. Adding it to UNKNOWN set... to fix see res/editions/ folder. 
The card A-Omnath, Locus of Creation was not assigned to any set. Adding it to UNKNOWN set... to fix see res/editions/ folder. 
The card A-The Meathook Massacre was not assigned to any set. Adding it to UNKNOWN set... to fix see res/editions/ folder. 
The card A-Unholy Heat was not assigned to any set. Adding it to UNKNOWN set... to fix see res/editions/ folder. 
The card Blinding Radiance was not assigned to any set. Adding it to UNKNOWN set... to fix see res/editions/ folder. 
The card Goblin Bruiser was not assigned to any set. Adding it to UNKNOWN set... to fix see res/editions/ folder. 
The card Ogre Painbringer was not assigned to any set. Adding it to UNKNOWN set... to fix see res/editions/ folder. 
The card Titanic Pelagosaur was not assigned to any set. Adding it to UNKNOWN set... to fix see res/editions/ folder. 
The card Treetop Recluse was not assigned to any set. Adding it to UNKNOWN set... to fix see res/editions/ folder. 
Upcoming set Star Trek (TRK) dated in the future. All `upcoming` cards will be added to this set with unknown rarity.
Read cards: 854 files in 0 ms (8 parts) using thread pool
Simulation mode
Ai(1)-Destyn_Turtles vs Ai(2)-GGS_Higure_only vs Ai(3)-Jaymie_Ezio vs Ai(4)-Gabe_Food - one game of Commander seed 20261030
Warning: default (ie. inherited from base class) implementation of confirmAction is used by Michelangelo, the Heart for forge.ai.ability.PermanentCreatureAi. Consider declaring an overloaded method
Warning: default (ie. inherited from base class) implementation of confirmAction is used by Goro-Goro and Satoru for forge.ai.ability.PermanentCreatureAi. Consider declaring an overloaded method
Warning: default (ie. inherited from base class) implementation of confirmAction is used by Sam, Loyal Attendant for forge.ai.ability.PermanentCreatureAi. Consider declaring an overloaded method
Warning: default (ie. inherited from base class) implementation of confirmAction is used by Sam, Loyal Attendant for forge.ai.ability.PermanentCreatureAi. Consider declaring an overloaded method
Stopping slow match as draw
Mulligan: Ai(4)-Gabe_Food has kept a hand of 7 cards
Mulligan: Ai(1)-Destyn_Turtles has kept a hand of 7 cards
Mulligan: Ai(2)-GGS_Higure_only has kept a hand of 7 cards
Mulligan: Ai(3)-Jaymie_Ezio has kept a hand of 7 cards
Turn: Turn 1 (Ai(4)-Gabe_Food)
Phase: Ai(4)-Gabe_Food's Untap step
Phase: Ai(4)-Gabe_Food's Upkeep step
Phase: Ai(4)-Gabe_Food's Draw step
Phase: Ai(4)-Gabe_Food's Main phase, precombat
Replacement Effect: Sandsteppe Citadel enters tapped.
Land: Ai(4)-Gabe_Food played Sandsteppe Citadel (320)
Phase: Ai(4)-Gabe_Food's Beginning of Combat Step
Phase: Ai(4)-Gabe_Food's Declare Attackers Step
Phase: Ai(4)-Gabe_Food's Declare Blockers Step
Phase: Ai(4)-Gabe_Food's First Strike Damage Step
Phase: Ai(4)-Gabe_Food's Combat Damage Step
Phase: Ai(4)-Gabe_Food's End of Combat Step
Phase: Ai(4)-Gabe_Food's Main phase, postcombat
Phase: Ai(4)-Gabe_Food's End step
Phase: Ai(4)-Gabe_Food's Cleanup step
Turn: Turn 2 (Ai(1)-Destyn_Turtles)
Phase: Ai(1)-Destyn_Turtles' Untap step
Phase: Ai(1)-Destyn_Turtles' Upkeep step
Phase: Ai(1)-Destyn_Turtles' Draw step
Phase: Ai(1)-Destyn_Turtles' Main phase, precombat
Land: Ai(1)-Destyn_Turtles played Forest (36)
Phase: Ai(1)-Destyn_Turtles' Beginning of Combat Step
Phase: Ai(1)-Destyn_Turtles' Declare Attackers Step
Phase: Ai(1)-Destyn_Turtles' Declare Blockers Step
Phase: Ai(1)-Destyn_Turtles' First Strike Damage Step
Phase: Ai(1)-Destyn_Turtles' Combat Damage Step
Phase: Ai(1)-Destyn_Turtles' End of Combat Step
Phase: Ai(1)-Destyn_Turtles' Main phase, postcombat
Phase: Ai(1)-Destyn_Turtles' End step
Phase: Ai(1)-Destyn_Turtles' Cleanup step
Turn: Turn 3 (Ai(2)-GGS_Higure_only)
Phase: Ai(2)-GGS_Higure_only's Untap step
Phase: Ai(2)-GGS_Higure_only's Upkeep step
Phase: Ai(2)-GGS_Higure_only's Draw step
Phase: Ai(2)-GGS_Higure_only's Main phase, precombat
Land: Ai(2)-GGS_Higure_only played Polluted Delta (113)
Life: Life: Ai(2)-GGS_Higure_only 40 > 39
Zone Change: Polluted Delta (113) was put into Graveyard from Battlefield.
Add To Stack: Ai(2)-GGS_Higure_only activated Polluted Delta
Replacement Effect: Xander's Lounge enters tapped.
Resolve Stack: Polluted Delta (113) - Ai(2)-GGS_Higure_only searches their library for an Island or Swamp card, puts it onto the battlefield, then shuffles.
Phase: Ai(2)-GGS_Higure_only's Beginning of Combat Step
Phase: Ai(2)-GGS_Higure_only's Declare Attackers Step
Phase: Ai(2)-GGS_Higure_only's Declare Blockers Step
Phase: Ai(2)-GGS_Higure_only's First Strike Damage Step
Phase: Ai(2)-GGS_Higure_only's Combat Damage Step
Phase: Ai(2)-GGS_Higure_only's End of Combat Step
Phase: Ai(2)-GGS_Higure_only's Main phase, postcombat
Phase: Ai(2)-GGS_Higure_only's End step
Phase: Ai(2)-GGS_Higure_only's Cleanup step
Turn: Turn 4 (Ai(3)-Jaymie_Ezio)
Phase: Ai(3)-Jaymie_Ezio's Untap step
Phase: Ai(3)-Jaymie_Ezio's Upkeep step
Phase: Ai(3)-Jaymie_Ezio's Draw step
Phase: Ai(3)-Jaymie_Ezio's Main phase, precombat
Land: Ai(3)-Jaymie_Ezio played Twisted Landscape (211)
Zone Change: Twisted Landscape (211) was put into Graveyard from Battlefield.
Add To Stack: Ai(3)-Jaymie_Ezio activated Twisted Landscape
Resolve Stack: Twisted Landscape (211) - Ai(3)-Jaymie_Ezio searches their library for a basic Swamp, Mountain, or Forest card, puts it onto the battlefield tapped, then shuffles.
Phase: Ai(3)-Jaymie_Ezio's Beginning of Combat Step
Phase: Ai(3)-Jaymie_Ezio's Declare Attackers Step
Phase: Ai(3)-Jaymie_Ezio's Declare Blockers Step
Phase: Ai(3)-Jaymie_Ezio's First Strike Damage Step
Phase: Ai(3)-Jaymie_Ezio's Combat Damage Step
Phase: Ai(3)-Jaymie_Ezio's End of Combat Step
Phase: Ai(3)-Jaymie_Ezio's Main phase, postcombat
Phase: Ai(3)-Jaymie_Ezio's End step
Phase: Ai(3)-Jaymie_Ezio's Cleanup step
Turn: Turn 5 (Ai(4)-Gabe_Food)
Phase: Ai(4)-Gabe_Food's Untap step
Phase: Ai(4)-Gabe_Food's Upkeep step
Phase: Ai(4)-Gabe_Food's Draw step
Phase: Ai(4)-Gabe_Food's Main phase, precombat
Land: Ai(4)-Gabe_Food played Access Tunnel (356)
Phase: Ai(4)-Gabe_Food's Beginning of Combat Step
Phase: Ai(4)-Gabe_Food's Declare Attackers Step
Phase: Ai(4)-Gabe_Food's Declare Blockers Step
Phase: Ai(4)-Gabe_Food's First Strike Damage Step
Phase: Ai(4)-Gabe_Food's Combat Damage Step
Phase: Ai(4)-Gabe_Food's End of Combat Step
Phase: Ai(4)-Gabe_Food's Main phase, postcombat
Phase: Ai(4)-Gabe_Food's End step
Phase: Ai(4)-Gabe_Food's Cleanup step
Turn: Turn 6 (Ai(1)-Destyn_Turtles)
Phase: Ai(1)-Destyn_Turtles' Untap step
Phase: Ai(1)-Destyn_Turtles' Upkeep step
Phase: Ai(1)-Destyn_Turtles' Draw step
Phase: Ai(1)-Destyn_Turtles' Main phase, precombat
Land: Ai(1)-Destyn_Turtles played Ash Barrens (70)
Phase: Ai(1)-Destyn_Turtles' Beginning of Combat Step
Phase: Ai(1)-Destyn_Turtles' Declare Attackers Step
Phase: Ai(1)-Destyn_Turtles' Declare Blockers Step
Phase: Ai(1)-Destyn_Turtles' First Strike Damage Step
Phase: Ai(1)-Destyn_Turtles' Combat Damage Step
Phase: Ai(1)-Destyn_Turtles' End of Combat Step
Phase: Ai(1)-Destyn_Turtles' Main phase, postcombat
Mana: Forest (36) - {T}: Add {G}.
Mana: Ash Barrens (70) - {T}: Add {C}.
Add To Stack: Ai(1)-Destyn_Turtles cast Michelangelo, the Heart
Resolve Stack: Michelangelo, the Heart - Creature 2 / 1
Phase: Ai(1)-Destyn_Turtles' End step
Phase: Ai(1)-Destyn_Turtles' Cleanup step
Turn: Turn 7 (Ai(2)-GGS_Higure_only)
Phase: Ai(2)-GGS_Higure_only's Untap step
Phase: Ai(2)-GGS_Higure_only's Upkeep step
Phase: Ai(2)-GGS_Higure_only's Draw step
Phase: Ai(2)-GGS_Higure_only's Main phase, precombat
Land: Ai(2)-GGS_Higure_only played Exotic Orchard (130)
Mana: Xander's Lounge (187) - {T}: Add {R}.
Add To Stack: Ai(2)-GGS_Higure_only cast Phoenix Chick
Resolve Stack: Phoenix Chick - Creature 1 / 1
Phase: Ai(2)-GGS_Higure_only's Beginning of Combat Step
Phase: Ai(2)-GGS_Higure_only's Declare Attackers Step
Combat: Ai(2)-GGS_Higure_only assigned Phoenix Chick (171) to attack Ai(1)-Destyn_Turtles.
Phase: Ai(2)-GGS_Higure_only's Declare Blockers Step
Combat: Ai(1)-Destyn_Turtles didn't block Phoenix Chick (171).
Phase: Ai(2)-GGS_Higure_only's First Strike Damage Step
Phase: Ai(2)-GGS_Higure_only's Combat Damage Step
Damage: Phoenix Chick (171) deals 1 combat damage to Ai(1)-Destyn_Turtles.
Life: Life: Ai(1)-Destyn_Turtles 40 > 39
Phase: Ai(2)-GGS_Higure_only's End of Combat Step
Phase: Ai(2)-GGS_Higure_only's Main phase, postcombat
Mana: Exotic Orchard (130) - {T}: Add one mana of any color that a land an opponent controls could produce.
Add To Stack: Ai(2)-GGS_Higure_only cast Hope of Ghirapur
Resolve Stack: Hope of Ghirapur - Creature 1 / 1
Phase: Ai(2)-GGS_Higure_only's End step
Phase: Ai(2)-GGS_Higure_only's Cleanup step
Turn: Turn 8 (Ai(3)-Jaymie_Ezio)
Phase: Ai(3)-Jaymie_Ezio's Untap step
Phase: Ai(3)-Jaymie_Ezio's Upkeep step
Phase: Ai(3)-Jaymie_Ezio's Draw step
Phase: Ai(3)-Jaymie_Ezio's Main phase, precombat
Replacement Effect: As Foreboding Ruins enters, you may reveal a Swamp or Mountain card from your hand. If you don't, Foreboding Ruins enters tapped.
Land: Ai(3)-Jaymie_Ezio played Foreboding Ruins (270)
Phase: Ai(3)-Jaymie_Ezio's Beginning of Combat Step
Phase: Ai(3)-Jaymie_Ezio's Declare Attackers Step
Phase: Ai(3)-Jaymie_Ezio's Declare Blockers Step
Phase: Ai(3)-Jaymie_Ezio's First Strike Damage Step
Phase: Ai(3)-Jaymie_Ezio's Combat Damage Step
Phase: Ai(3)-Jaymie_Ezio's End of Combat Step
Phase: Ai(3)-Jaymie_Ezio's Main phase, postcombat
Mana: Swamp (260) - {T}: Add {B}.
Add To Stack: Ai(3)-Jaymie_Ezio cast Changeling Outcast
Resolve Stack: Changeling Outcast - Creature 1 / 1
Phase: Ai(3)-Jaymie_Ezio's End step
Phase: Ai(3)-Jaymie_Ezio's Cleanup step
Turn: Turn 9 (Ai(4)-Gabe_Food)
Phase: Ai(4)-Gabe_Food's Untap step
Phase: Ai(4)-Gabe_Food's Upkeep step
Phase: Ai(4)-Gabe_Food's Draw step
Mana: Sandsteppe Citadel (320) - {T}: Add {W}, {B}, or {G}.
Mana: Access Tunnel (356) - {T}: Add {C}.
Add To Stack: Ai(4)-Gabe_Food cast Go for the Throat targeting [Michelangelo, the Heart (99)]
Zone Change: Michelangelo, the Heart (99) was put into Graveyard from Battlefield.
Resolve Stack: Go for the Throat (305) - Destroy Michelangelo, the Heart (99).
Phase: Ai(4)-Gabe_Food's Main phase, precombat
Land: Ai(4)-Gabe_Food played Forest (342)
Phase: Ai(4)-Gabe_Food's Beginning of Combat Step
Phase: Ai(4)-Gabe_Food's Declare Attackers Step
Phase: Ai(4)-Gabe_Food's Declare Blockers Step
Phase: Ai(4)-Gabe_Food's First Strike Damage Step
Phase: Ai(4)-Gabe_Food's Combat Damage Step
Phase: Ai(4)-Gabe_Food's End of Combat Step
Phase: Ai(4)-Gabe_Food's Main phase, postcombat
Phase: Ai(4)-Gabe_Food's End step
Phase: Ai(4)-Gabe_Food's Cleanup step
Turn: Turn 10 (Ai(1)-Destyn_Turtles)
Phase: Ai(1)-Destyn_Turtles' Untap step
Phase: Ai(1)-Destyn_Turtles' Upkeep step
Phase: Ai(1)-Destyn_Turtles' Draw step
Phase: Ai(1)-Destyn_Turtles' Main phase, precombat
Replacement Effect: Dragonskull Summit enters tapped unless you control a Swamp or a Mountain.
Land: Ai(1)-Destyn_Turtles played Dragonskull Summit (47)
Phase: Ai(1)-Destyn_Turtles' Beginning of Combat Step
Phase: Ai(1)-Destyn_Turtles' Declare Attackers Step
Phase: Ai(1)-Destyn_Turtles' Declare Blockers Step
Phase: Ai(1)-Destyn_Turtles' First Strike Damage Step
Phase: Ai(1)-Destyn_Turtles' Combat Damage Step
Phase: Ai(1)-Destyn_Turtles' End of Combat Step
Phase: Ai(1)-Destyn_Turtles' Main phase, postcombat
Phase: Ai(1)-Destyn_Turtles' End step
Phase: Ai(1)-Destyn_Turtles' Cleanup step
Turn: Turn 11 (Ai(2)-GGS_Higure_only)
Phase: Ai(2)-GGS_Higure_only's Untap step
Phase: Ai(2)-GGS_Higure_only's Upkeep step
Phase: Ai(2)-GGS_Higure_only's Draw step
Phase: Ai(2)-GGS_Higure_only's Main phase, precombat
Replacement Effect: As Watery Grave enters, you may pay 2 life. If you don't, it enters tapped.
Land: Ai(2)-GGS_Higure_only played Watery Grave (173)
Phase: Ai(2)-GGS_Higure_only's Beginning of Combat Step
Phase: Ai(2)-GGS_Higure_only's Declare Attackers Step
Combat: Ai(2)-GGS_Higure_only assigned Phoenix Chick (171) and Hope of Ghirapur (148) to attack Ai(3)-Jaymie_Ezio.
Phase: Ai(2)-GGS_Higure_only's Declare Blockers Step
Combat: Ai(3)-Jaymie_Ezio didn't block Phoenix Chick (171).
Ai(3)-Jaymie_Ezio didn't block Hope of Ghirapur (148).
Mana: Xander's Lounge (187) - {T}: Add {U}.
Mana: Exotic Orchard (130) - {T}: Add one mana of any color that a land an opponent controls could produce.
Add To Stack: Ai(2)-GGS_Higure_only activated Prosperous Thief
Resolve Stack: Prosperous Thief (128) - Ai(2)-GGS_Higure_only puts Prosperous Thief (128) from their hand onto the battlefield tapped and attacking.
Phase: Ai(2)-GGS_Higure_only's First Strike Damage Step
Phase: Ai(2)-GGS_Higure_only's Combat Damage Step
Damage: Hope of Ghirapur (148) deals 1 combat damage to Ai(3)-Jaymie_Ezio.
Damage: Prosperous Thief (128) deals 3 combat damage to Ai(3)-Jaymie_Ezio.
Life: Life: Ai(3)-Jaymie_Ezio 40 > 36
Add To Stack: Ai(2)-GGS_Higure_only triggered Prosperous Thief
Resolve Stack: Whenever one or more Ninja or Rogue creatures you control deal combat damage to a player, create a Treasure token. (It's an artifact with "{T}, Sacrifice this token: Add one mana of any color.") [Damaged: Ai(3)-Jaymie_Ezio, Amount: 3]
Phase: Ai(2)-GGS_Higure_only's End of Combat Step
Phase: Ai(2)-GGS_Higure_only's Main phase, postcombat
Zone Change: Treasure Token (407) was put into Graveyard from Battlefield.
Mana: Treasure Token (407) - {T}, Sacrifice this token: Add one mana of any color.
Add To Stack: Ai(2)-GGS_Higure_only cast Phoenix Chick
Resolve Stack: Phoenix Chick - Creature 1 / 1
Phase: Ai(2)-GGS_Higure_only's End step
Phase: Ai(2)-GGS_Higure_only's Cleanup step
Turn: Turn 12 (Ai(3)-Jaymie_Ezio)
Phase: Ai(3)-Jaymie_Ezio's Untap step
Phase: Ai(3)-Jaymie_Ezio's Upkeep step
Phase: Ai(3)-Jaymie_Ezio's Draw step
Phase: Ai(3)-Jaymie_Ezio's Main phase, precombat
Phase: Ai(3)-Jaymie_Ezio's Beginning of Combat Step
Phase: Ai(3)-Jaymie_Ezio's Declare Attackers Step
Combat: Ai(3)-Jaymie_Ezio assigned Changeling Outcast (216) to attack Ai(2)-GGS_Higure_only.
Phase: Ai(3)-Jaymie_Ezio's Declare Blockers Step
Combat: Ai(2)-GGS_Higure_only didn't block Changeling Outcast (216).
Phase: Ai(3)-Jaymie_Ezio's First Strike Damage Step
Phase: Ai(3)-Jaymie_Ezio's Combat Damage Step
Damage: Changeling Outcast (216) deals 1 combat damage to Ai(2)-GGS_Higure_only.
Life: Life: Ai(2)-GGS_Higure_only 39 > 38
Phase: Ai(3)-Jaymie_Ezio's End of Combat Step
Phase: Ai(3)-Jaymie_Ezio's Main phase, postcombat
Mana: Swamp (260) - {T}: Add {B}.
Mana: Foreboding Ruins (270) - {T}: Add {B} or {R}.
Add To Stack: Ai(3)-Jaymie_Ezio cast Ezio Auditore da Firenze
Resolve Stack: Ezio Auditore da Firenze - Creature 3 / 2
Phase: Ai(3)-Jaymie_Ezio's End step
Phase: Ai(3)-Jaymie_Ezio's Cleanup step
Turn: Turn 13 (Ai(4)-Gabe_Food)
Phase: Ai(4)-Gabe_Food's Untap step
Phase: Ai(4)-Gabe_Food's Upkeep step
Phase: Ai(4)-Gabe_Food's Draw step
Phase: Ai(4)-Gabe_Food's Main phase, precombat
Replacement Effect: Canopy Vista enters tapped unless you control two or more basic lands.
Land: Ai(4)-Gabe_Food played Canopy Vista (373)
Phase: Ai(4)-Gabe_Food's Beginning of Combat Step
Phase: Ai(4)-Gabe_Food's Declare Attackers Step
Phase: Ai(4)-Gabe_Food's Declare Blockers Step
Phase: Ai(4)-Gabe_Food's First Strike Damage Step
Phase: Ai(4)-Gabe_Food's Combat Damage Step
Phase: Ai(4)-Gabe_Food's End of Combat Step
Phase: Ai(4)-Gabe_Food's Main phase, postcombat
Mana: Sandsteppe Citadel (320) - {T}: Add {W}, {B}, or {G}.
Mana: Forest (342) - {T}: Add {G}.
Mana: Access Tunnel (356) - {T}: Add {C}.
Add To Stack: Ai(4)-Gabe_Food cast Sam, Loyal Attendant
Resolve Stack: Sam, Loyal Attendant - Creature 2 / 4
Add To Stack: Ai(4)-Gabe_Food triggered Sam, Loyal Attendant targeting [Ai(4)-Gabe_Food]
Resolve Stack: Partner with Frodo, Adventurous Hobbit (When this creature enters, target player may put Frodo into their hand from their library, then shuffle.) (Targeting: [[Ai(4)-Gabe_Food]]) [Zone Changer: Sam, Loyal Attendant (404)]
Phase: Ai(4)-Gabe_Food's End step
Phase: Ai(4)-Gabe_Food's Cleanup step
Turn: Turn 14 (Ai(1)-Destyn_Turtles)
Phase: Ai(1)-Destyn_Turtles' Untap step
Phase: Ai(1)-Destyn_Turtles' Upkeep step
Phase: Ai(1)-Destyn_Turtles' Draw step
Phase: Ai(1)-Destyn_Turtles' Main phase, precombat
Phase: Ai(1)-Destyn_Turtles' Beginning of Combat Step
Phase: Ai(1)-Destyn_Turtles' Declare Attackers Step
Phase: Ai(1)-Destyn_Turtles' Declare Blockers Step
Phase: Ai(1)-Destyn_Turtles' First Strike Damage Step
Phase: Ai(1)-Destyn_Turtles' Combat Damage Step
Phase: Ai(1)-Destyn_Turtles' End of Combat Step
Phase: Ai(1)-Destyn_Turtles' Main phase, postcombat
Mana: Ash Barrens (70) - {T}: Add {C}.
Mana: Forest (36) - {T}: Add {G}.
Mana: Dragonskull Summit (47) - {T}: Add {B} or {R}.
Add To Stack: Ai(1)-Destyn_Turtles cast Exploding Barrel
Resolve Stack: Exploding Barrel
Phase: Ai(1)-Destyn_Turtles' End step
Phase: Ai(1)-Destyn_Turtles' Cleanup step
Turn: Turn 15 (Ai(2)-GGS_Higure_only)
Phase: Ai(2)-GGS_Higure_only's Untap step
Phase: Ai(2)-GGS_Higure_only's Upkeep step
Phase: Ai(2)-GGS_Higure_only's Draw step
Phase: Ai(2)-GGS_Higure_only's Main phase, precombat
Replacement Effect: As Blood Crypt enters, you may pay 2 life. If you don't, it enters tapped.
Land: Ai(2)-GGS_Higure_only played Blood Crypt (167)
Phase: Ai(2)-GGS_Higure_only's Beginning of Combat Step
Phase: Ai(2)-GGS_Higure_only's Declare Attackers Step
Combat: Ai(2)-GGS_Higure_only assigned Phoenix Chick (171), Prosperous Thief (128) and Hope of Ghirapur (148) to attack Ai(3)-Jaymie_Ezio.
Phase: Ai(2)-GGS_Higure_only's Declare Blockers Step
Combat: Ai(3)-Jaymie_Ezio didn't block Phoenix Chick (171).
Ai(3)-Jaymie_Ezio didn't block Prosperous Thief (128).
Ai(3)-Jaymie_Ezio didn't block Hope of Ghirapur (148).
Phase: Ai(2)-GGS_Higure_only's First Strike Damage Step
Phase: Ai(2)-GGS_Higure_only's Combat Damage Step
Damage: Phoenix Chick (171) deals 1 combat damage to Ai(3)-Jaymie_Ezio.
Damage: Prosperous Thief (128) deals 3 combat damage to Ai(3)-Jaymie_Ezio.
Damage: Hope of Ghirapur (148) deals 1 combat damage to Ai(3)-Jaymie_Ezio.
Life: Life: Ai(3)-Jaymie_Ezio 36 > 31
Add To Stack: Ai(2)-GGS_Higure_only triggered Prosperous Thief
Resolve Stack: Whenever one or more Ninja or Rogue creatures you control deal combat damage to a player, create a Treasure token. (It's an artifact with "{T}, Sacrifice this token: Add one mana of any color.") [Damaged: Ai(3)-Jaymie_Ezio, Amount: 3]
Phase: Ai(2)-GGS_Higure_only's End of Combat Step
Phase: Ai(2)-GGS_Higure_only's Main phase, postcombat
Mana: Watery Grave (173) - {T}: Add {U}.
Mana: Exotic Orchard (130) - {T}: Add one mana of any color that a land an opponent controls could produce.
Mana: Xander's Lounge (187) - {T}: Add {R}.
Add To Stack: Ai(2)-GGS_Higure_only cast Goro-Goro and Satoru
Resolve Stack: Goro-Goro and Satoru - Creature 3 / 4
Phase: Ai(2)-GGS_Higure_only's End step
Phase: Ai(2)-GGS_Higure_only's Cleanup step
Turn: Turn 16 (Ai(3)-Jaymie_Ezio)
Phase: Ai(3)-Jaymie_Ezio's Untap step
java.lang.InterruptedException
Phase: Ai(3)-Jaymie_Ezio's Upkeep step
Phase: Ai(3)-Jaymie_Ezio's Draw step
Phase: Ai(3)-Jaymie_Ezio's Main phase, precombat
Land: Ai(3)-Jaymie_Ezio played Mountain (289)
Phase: Ai(3)-Jaymie_Ezio's Beginning of Combat Step
Phase: Ai(3)-Jaymie_Ezio's Declare Attackers Step
Combat: Ai(3)-Jaymie_Ezio assigned Changeling Outcast (216) and Ezio Auditore da Firenze (302) to attack Ai(2)-GGS_Higure_only.
Phase: Ai(3)-Jaymie_Ezio's Declare Blockers Step
Combat: Ai(2)-GGS_Higure_only didn't block Changeling Outcast (216).
Ai(2)-GGS_Higure_only didn't block Ezio Auditore da Firenze (302).
Phase: Ai(3)-Jaymie_Ezio's First Strike Damage Step
Phase: Ai(3)-Jaymie_Ezio's Combat Damage Step
Damage: Changeling Outcast (216) deals 1 combat damage to Ai(2)-GGS_Higure_only.
Damage: Ezio Auditore da Firenze (302) deals 3 combat damage to Ai(2)-GGS_Higure_only.
Life: Life: Ai(2)-GGS_Higure_only 38 > 34
Add To Stack: Ai(3)-Jaymie_Ezio triggered Ezio Auditore da Firenze
Resolve Stack: Whenever Ezio deals combat damage to a player, you may pay {W}{U}{B}{R}{G} if that player has 10 or less life. When you do, that player loses the game. [Damage Source: Ezio Auditore da Firenze (302), Damaged: Ai(2)-GGS_Higure_only, Amount: 3]
Phase: Ai(3)-Jaymie_Ezio's End of Combat Step
Phase: Ai(3)-Jaymie_Ezio's Main phase, postcombat
Mana: Swamp (260) - {T}: Add {B}.
Mana: Foreboding Ruins (270) - {T}: Add {B} or {R}.
Add To Stack: Ai(3)-Jaymie_Ezio cast Edward Kenway
Resolve Stack: Edward Kenway - Creature 5 / 5
Phase: Ai(3)-Jaymie_Ezio's End step
Add To Stack: Ai(3)-Jaymie_Ezio triggered Edward Kenway
Resolve Stack: At the beginning of your end step, create a Treasure token for each tapped Assassin, Pirate, and/or Vehicle you control. [Phase: Ai(3)-Jaymie_Ezio]
Phase: Ai(3)-Jaymie_Ezio's Cleanup step
Turn: Turn 17 (Ai(4)-Gabe_Food)
Phase: Ai(4)-Gabe_Food's Untap step
Phase: Ai(4)-Gabe_Food's Upkeep step
Mana: Canopy Vista (373) - {T}: Add {W}.
	at java.base/java.util.concurrent.FutureTask.awaitDone(FutureTask.java:418)
Add To Stack: Ai(4)-Gabe_Food cast Path to Exile targeting [Edward Kenway (207)]
Zone Change: Edward Kenway (207) was put into Exile from Battlefield.
Resolve Stack: Path to Exile (310) - Exile Edward Kenway (207). Ai(3)-Jaymie_Ezio may search their library for a basic land card, put that card onto the battlefield tapped, then shuffle their library. 
	at java.base/java.util.concurrent.FutureTask.get(FutureTask.java:203)
Phase: Ai(4)-Gabe_Food's Draw step
	at forge.ai.AiController.chooseSpellAbilityToPlayFromList(AiController.java:1686)
	at forge.ai.AiController.getSpellAbilityToPlay(AiController.java:1577)
Phase: Ai(4)-Gabe_Food's Main phase, precombat
	at forge.ai.AiController.chooseSpellAbilityToPlay(AiController.java:1397)
Land: Ai(4)-Gabe_Food played Forest (337)
	at forge.ai.PlayerControllerAi.chooseSpellAbilityToPlay(PlayerControllerAi.java:833)
Mana: Sandsteppe Citadel (320) - {T}: Add {W}, {B}, or {G}.
	at forge.game.phase.PhaseHandler.mainLoopStep(PhaseHandler.java:1056)
Mana: Forest (342) - {T}: Add {G}.
	at forge.game.phase.PhaseHandler.mainGameLoop(PhaseHandler.java:1035)
Add To Stack: Ai(4)-Gabe_Food cast Pippin, Warden of Isengard
	at forge.game.phase.PhaseHandler.startFirstTurn(PhaseHandler.java:1029)
Resolve Stack: Pippin, Warden of Isengard - Creature 2 / 2
	at forge.game.GameAction.startGame(GameAction.java:2373)
Add To Stack: Ai(4)-Gabe_Food triggered Pippin, Warden of Isengard targeting [Ai(4)-Gabe_Food]
	at forge.game.Match.startGame(Match.java:92)
Resolve Stack: Partner with Merry, Warden of Isengard (When this creature enters, target player may put Merry into their hand from their library, then shuffle.) (Targeting: [[Ai(4)-Gabe_Food]]) [Zone Changer: Pippin, Warden of Isengard (343)]
	at forge.game.Match.startGame(Match.java:77)
Zone Change: Treasure Token (416) was put into Graveyard from Battlefield.
	at forge.view.SimulateMatch.lambda$simulateSingleMatch$0(SimulateMatch.java:219)
Mana: Treasure Token (416) - {T}, Sacrifice this token: Add one mana of any color.
	at forge.view.TimeLimitedCodeBlock.lambda$runWithTimeout$0(TimeLimitedCodeBlock.java:18)
Add To Stack: Ai(3)-Jaymie_Ezio cast Swords to Plowshares targeting [Goro-Goro and Satoru (201)]
	at java.base/java.util.concurrent.FutureTask.run(FutureTask.java:264)
Zone Change: Goro-Goro and Satoru (201) was put into Exile from Battlefield.
	at java.base/java.util.concurrent.ThreadPoolExecutor.runWorker(ThreadPoolExecutor.java:1136)
Life: Life: Ai(2)-GGS_Higure_only 34 > 37
	at java.base/java.util.concurrent.ThreadPoolExecutor$Worker.run(ThreadPoolExecutor.java:635)
Resolve Stack: Swords to Plowshares (285) - Exile Goro-Goro and Satoru (201). Ai(2)-GGS_Higure_only gains life equal to its power.
	at java.base/java.lang.Thread.run(Thread.java:840)
Phase: Ai(4)-Gabe_Food's Beginning of Combat Step
Add To Stack: Ai(4)-Gabe_Food triggered Sam, Loyal Attendant
Resolve Stack: At the beginning of combat on your turn, create a Food token. (It's an artifact with "{2}, {T}, Sacrifice this token: You gain 3 life.") [Phase: Ai(4)-Gabe_Food]
Phase: Ai(4)-Gabe_Food's Declare Attackers Step
Combat: Ai(4)-Gabe_Food assigned Sam, Loyal Attendant (404) to attack Ai(2)-GGS_Higure_only.
Phase: Ai(4)-Gabe_Food's Declare Blockers Step
Combat: Ai(2)-GGS_Higure_only didn't block Sam, Loyal Attendant (404).
Phase: Ai(4)-Gabe_Food's First Strike Damage Step
Phase: Ai(4)-Gabe_Food's Combat Damage Step
Damage: Sam, Loyal Attendant (404) deals 2 combat damage to Ai(2)-GGS_Higure_only.
Life: Life: Ai(2)-GGS_Higure_only 37 > 35
Phase: Ai(4)-Gabe_Food's End of Combat Step
Phase: Ai(4)-Gabe_Food's Main phase, postcombat
Phase: Ai(4)-Gabe_Food's End step
Phase: Ai(4)-Gabe_Food's Cleanup step
Turn: Turn 18 (Ai(1)-Destyn_Turtles)
Phase: Ai(1)-Destyn_Turtles' Untap step
Phase: Ai(1)-Destyn_Turtles' Upkeep step
Phase: Ai(1)-Destyn_Turtles' Draw step
Phase: Ai(1)-Destyn_Turtles' Main phase, precombat
Phase: Ai(1)-Destyn_Turtles' Beginning of Combat Step
Phase: Ai(1)-Destyn_Turtles' Declare Attackers Step
Phase: Ai(1)-Destyn_Turtles' Declare Blockers Step
Phase: Ai(1)-Destyn_Turtles' First Strike Damage Step
Phase: Ai(1)-Destyn_Turtles' Combat Damage Step
Phase: Ai(1)-Destyn_Turtles' End of Combat Step
Phase: Ai(1)-Destyn_Turtles' Main phase, postcombat
Mana: Exploding Barrel (19) - {T}: Add one mana of any color. Put a pressure counter on this artifact. 
Mana: Ash Barrens (70) - {T}: Add {C}.
Mana: Forest (36) - {T}: Add {G}.
Mana: Dragonskull Summit (47) - {T}: Add {B} or {R}.
Add To Stack: Ai(1)-Destyn_Turtles cast Leonardo, the Balance
Resolve Stack: Leonardo, the Balance - Creature 3 / 3
Phase: Ai(1)-Destyn_Turtles' End step
Phase: Ai(1)-Destyn_Turtles' Cleanup step
Discard: Ai(1)-Destyn_Turtles discards Acidic Slime (62).
Turn: Turn 19 (Ai(2)-GGS_Higure_only)
Phase: Ai(2)-GGS_Higure_only's Untap step
Phase: Ai(2)-GGS_Higure_only's Upkeep step
Phase: Ai(2)-GGS_Higure_only's Draw step
Phase: Ai(2)-GGS_Higure_only's Main phase, precombat
Mana: Exotic Orchard (130) - {T}: Add one mana of any color that a land an opponent controls could produce.
Mana: Blood Crypt (167) - {T}: Add {R}.
Mana: Watery Grave (173) - {T}: Add {B}.
Mana: Xander's Lounge (187) - {T}: Add {R}.
Zone Change: Treasure Token (412) was put into Graveyard from Battlefield.
Mana: Treasure Token (412) - {T}, Sacrifice this token: Add one mana of any color.
Add To Stack: Ai(2)-GGS_Higure_only cast Goldspan Dragon
Resolve Stack: Goldspan Dragon - Creature 4 / 4
Phase: Ai(2)-GGS_Higure_only's Beginning of Combat Step
Phase: Ai(2)-GGS_Higure_only's Declare Attackers Step
Combat: Ai(2)-GGS_Higure_only assigned Goldspan Dragon (103), Phoenix Chick (171), Prosperous Thief (128) and Hope of Ghirapur (148) to attack Ai(3)-Jaymie_Ezio.
Add To Stack: Ai(2)-GGS_Higure_only triggered Goldspan Dragon
Resolve Stack: Whenever Goldspan Dragon attacks or becomes the target of a spell, create a Treasure token. [Attacker: Goldspan Dragon (103)]
Phase: Ai(2)-GGS_Higure_only's Declare Blockers Step
Combat: Ai(3)-Jaymie_Ezio didn't block Goldspan Dragon (103).
Ai(3)-Jaymie_Ezio didn't block Phoenix Chick (171).
Ai(3)-Jaymie_Ezio didn't block Prosperous Thief (128).
Ai(3)-Jaymie_Ezio didn't block Hope of Ghirapur (148).
Phase: Ai(2)-GGS_Higure_only's First Strike Damage Step
Phase: Ai(2)-GGS_Higure_only's Combat Damage Step
Damage: Goldspan Dragon (103) deals 4 combat damage to Ai(3)-Jaymie_Ezio.
Damage: Phoenix Chick (171) deals 1 combat damage to Ai(3)-Jaymie_Ezio.
Damage: Prosperous Thief (128) deals 3 combat damage to Ai(3)-Jaymie_Ezio.
Damage: Hope of Ghirapur (148) deals 1 combat damage to Ai(3)-Jaymie_Ezio.
Life: Life: Ai(3)-Jaymie_Ezio 31 > 22
Add To Stack: Ai(2)-GGS_Higure_only triggered Prosperous Thief
Resolve Stack: Whenever one or more Ninja or Rogue creatures you control deal combat damage to a player, create a Treasure token. (It's an artifact with "{T}, Sacrifice this token: Add one mana of any color.") [Damaged: Ai(3)-Jaymie_Ezio, Amount: 3]
Phase: Ai(2)-GGS_Higure_only's End of Combat Step
Phase: Ai(2)-GGS_Higure_only's Main phase, postcombat
Zone Change: Treasure Token (427) was put into Graveyard from Battlefield.
Mana: Treasure Token (427) - {T}, Sacrifice this token: Add one mana of any color.
Zone Change: Treasure Token (424) was put into Graveyard from Battlefield.
Mana: Treasure Token (424) - {T}, Sacrifice this token: Add one mana of any color.
Add To Stack: Ai(2)-GGS_Higure_only cast Arcane Signet
Resolve Stack: Arcane Signet
Mana: Arcane Signet (137) - {T}: Add one mana of any color in your commander's color identity.
Add To Stack: Ai(2)-GGS_Higure_only cast Gingerbrute
Resolve Stack: Gingerbrute - Creature 1 / 1
Phase: Ai(2)-GGS_Higure_only's End step
Phase: Ai(2)-GGS_Higure_only's Cleanup step
Turn: Turn 20 (Ai(3)-Jaymie_Ezio)
Phase: Ai(3)-Jaymie_Ezio's Untap step
Phase: Ai(3)-Jaymie_Ezio's Upkeep step
Phase: Ai(3)-Jaymie_Ezio's Draw step
Phase: Ai(3)-Jaymie_Ezio's Main phase, precombat
Zone Change: Treasure Token (415) was put into Graveyard from Battlefield.
Mana: Treasure Token (415) - {T}, Sacrifice this token: Add one mana of any color.
Mana: Mountain (289) - {T}: Add {R}.
Add To Stack: Ai(3)-Jaymie_Ezio cast Security Bypass targeting [Ezio Auditore da Firenze (302)]
Resolve Stack: Security Bypass (294) -  Attach to Ezio Auditore da Firenze (302)
Phase: Ai(3)-Jaymie_Ezio's Beginning of Combat Step
Phase: Ai(3)-Jaymie_Ezio's Declare Attackers Step
Combat: Ai(3)-Jaymie_Ezio assigned Changeling Outcast (216) and Ezio Auditore da Firenze (302) to attack Ai(2)-GGS_Higure_only.
Phase: Ai(3)-Jaymie_Ezio's Declare Blockers Step
Combat: Ai(2)-GGS_Higure_only didn't block Changeling Outcast (216).
Ai(2)-GGS_Higure_only didn't block Ezio Auditore da Firenze (302).
Phase: Ai(3)-Jaymie_Ezio's First Strike Damage Step
Phase: Ai(3)-Jaymie_Ezio's Combat Damage Step
Damage: Changeling Outcast (216) deals 1 combat damage to Ai(2)-GGS_Higure_only.
Damage: Ezio Auditore da Firenze (302) deals 3 combat damage to Ai(2)-GGS_Higure_only.
Life: Life: Ai(2)-GGS_Higure_only 35 > 31
Add To Stack: Ai(3)-Jaymie_Ezio triggered Ezio Auditore da Firenze
Add To Stack: Ai(3)-Jaymie_Ezio triggered Ezio Auditore da Firenze
Discard: Ai(3)-Jaymie_Ezio discards Sphere Grid (221).
Resolve Stack: Whenever this creature deals combat damage to a player, it connives. [Damage Source: Ezio Auditore da Firenze (302), Damaged: Ai(2)-GGS_Higure_only, Amount: 3]
Resolve Stack: Whenever Ezio deals combat damage to a player, you may pay {W}{U}{B}{R}{G} if that player has 10 or less life. When you do, that player loses the game. [Damage Source: Ezio Auditore da Firenze (302), Damaged: Ai(2)-GGS_Higure_only, Amount: 3]
Phase: Ai(3)-Jaymie_Ezio's End of Combat Step
Phase: Ai(3)-Jaymie_Ezio's Main phase, postcombat
Mana: Swamp (260) - {T}: Add {B}.
Mana: Foreboding Ruins (270) - {T}: Add {B} or {R}.
Add To Stack: Ai(3)-Jaymie_Ezio cast Achilles Davenport
Resolve Stack: Achilles Davenport - Creature 3 / 3
Phase: Ai(3)-Jaymie_Ezio's End step
Phase: Ai(3)-Jaymie_Ezio's Cleanup step
Turn: Turn 21 (Ai(4)-Gabe_Food)
Phase: Ai(4)-Gabe_Food's Untap step
Phase: Ai(4)-Gabe_Food's Upkeep step
Phase: Ai(4)-Gabe_Food's Draw step
Phase: Ai(4)-Gabe_Food's Main phase, precombat
Land: Ai(4)-Gabe_Food played Evolving Wilds (334)
Zone Change: Evolving Wilds (334) was put into Graveyard from Battlefield.
Add To Stack: Ai(4)-Gabe_Food activated Evolving Wilds
Resolve Stack: Evolving Wilds (334) - Ai(4)-Gabe_Food searches their library for a basic land card, puts it onto the battlefield tapped, then shuffles.
Mana: Forest (342) - {T}: Add {G}.
Mana: Forest (337) - {T}: Add {G}.
Add To Stack: Ai(4)-Gabe_Food cast Farseek
Replacement Effect: Scattered Groves enters tapped.
Resolve Stack: Farseek (330) - Ai(4)-Gabe_Food searches their library for a Plains, Island, Swamp or Mountain card, puts it onto the battlefield tapped, then shuffles.
Phase: Ai(4)-Gabe_Food's Beginning of Combat Step
Add To Stack: Ai(4)-Gabe_Food triggered Sam, Loyal Attendant
Resolve Stack: At the beginning of combat on your turn, create a Food token. (It's an artifact with "{2}, {T}, Sacrifice this token: You gain 3 life.") [Phase: Ai(4)-Gabe_Food]
Phase: Ai(4)-Gabe_Food's Declare Attackers Step
Combat: Ai(4)-Gabe_Food assigned Sam, Loyal Attendant (404) and Pippin, Warden of Isengard (343) to attack Ai(2)-GGS_Higure_only.
Phase: Ai(4)-Gabe_Food's Declare Blockers Step
Combat: Ai(2)-GGS_Higure_only didn't block Sam, Loyal Attendant (404).
Ai(2)-GGS_Higure_only didn't block Pippin, Warden of Isengard (343).
Phase: Ai(4)-Gabe_Food's First Strike Damage Step
Phase: Ai(4)-Gabe_Food's Combat Damage Step
Damage: Sam, Loyal Attendant (404) deals 2 combat damage to Ai(2)-GGS_Higure_only.
Damage: Pippin, Warden of Isengard (343) deals 2 combat damage to Ai(2)-GGS_Higure_only.
Life: Life: Ai(2)-GGS_Higure_only 31 > 27
Phase: Ai(4)-Gabe_Food's End of Combat Step
Phase: Ai(4)-Gabe_Food's Main phase, postcombat
Mana: Canopy Vista (373) - {T}: Add {W}.
Mana: Sandsteppe Citadel (320) - {T}: Add {W}, {B}, or {G}.
Mana: Access Tunnel (356) - {T}: Add {C}.
Add To Stack: Ai(4)-Gabe_Food cast Merry, Warden of Isengard
Resolve Stack: Merry, Warden of Isengard - Creature 1 / 4
Add To Stack: Ai(4)-Gabe_Food triggered Merry, Warden of Isengard targeting [Ai(4)-Gabe_Food]
Resolve Stack: Partner with Pippin, Warden of Isengard (When this creature enters, target player may put Pippin into their hand from their library, then shuffle.) (Targeting: [[Ai(4)-Gabe_Food]]) [Zone Changer: Merry, Warden of Isengard (309)]
Phase: Ai(4)-Gabe_Food's End step
Phase: Ai(4)-Gabe_Food's Cleanup step
Turn: Turn 22 (Ai(1)-Destyn_Turtles)
Phase: Ai(1)-Destyn_Turtles' Untap step
Phase: Ai(1)-Destyn_Turtles' Upkeep step
Phase: Ai(1)-Destyn_Turtles' Draw step
Phase: Ai(1)-Destyn_Turtles' Main phase, precombat
Mana: Forest (36) - {T}: Add {G}.
Mana: Ash Barrens (70) - {T}: Add {C}.
Mana: Dragonskull Summit (47) - {T}: Add {B} or {R}.
Mana: Exploding Barrel (19) - {T}: Add one mana of any color. Put a pressure counter on this artifact. 
Add To Stack: Ai(1)-Destyn_Turtles cast Super Combo targeting [Leonardo, the Balance (101)] [Achilles Davenport (245)]
Add To Stack: Ai(1)-Destyn_Turtles triggered Super Combo
Resolve Stack: Copy Super Combo for each time you paid its replicate cost. [Card: Super Combo (44), Activator: Ai(1)-Destyn_Turtles, SpellAbility: Target creature you control deals damage equal to its power to target creature an opponent controls. ]
Add To Stack: Ai(1)-Destyn_Turtles cast Super Combo targeting [Leonardo, the Balance (101)] [Prosperous Thief (128)]
Damage: Leonardo, the Balance (101) deals 3 damage to Prosperous Thief (128).
Resolve Stack: Super Combo (435) -  Leonardo, the Balance (101) deals 3 damage to Prosperous Thief (128).
Zone Change: Prosperous Thief (128) was put into Graveyard from Battlefield.
Damage: Leonardo, the Balance (101) deals 3 damage to Achilles Davenport (245).
Resolve Stack: Super Combo (44) -  Leonardo, the Balance (101) deals 3 damage to Achilles Davenport (245).
Zone Change: Achilles Davenport (245) was put into Graveyard from Battlefield.
Phase: Ai(1)-Destyn_Turtles' Beginning of Combat Step
Phase: Ai(1)-Destyn_Turtles' Declare Attackers Step
Combat: Ai(1)-Destyn_Turtles assigned Leonardo, the Balance (101) to attack Ai(2)-GGS_Higure_only.
Phase: Ai(1)-Destyn_Turtles' Declare Blockers Step
Combat: Ai(2)-GGS_Higure_only didn't block Leonardo, the Balance (101).
Phase: Ai(1)-Destyn_Turtles' First Strike Damage Step
Phase: Ai(1)-Destyn_Turtles' Combat Damage Step
Damage: Leonardo, the Balance (101) deals 3 combat damage to Ai(2)-GGS_Higure_only.
Life: Life: Ai(2)-GGS_Higure_only 27 > 24
Phase: Ai(1)-Destyn_Turtles' End of Combat Step
Phase: Ai(1)-Destyn_Turtles' Main phase, postcombat
Phase: Ai(1)-Destyn_Turtles' End step
Phase: Ai(1)-Destyn_Turtles' Cleanup step
Turn: Turn 23 (Ai(2)-GGS_Higure_only)
Phase: Ai(2)-GGS_Higure_only's Untap step
Phase: Ai(2)-GGS_Higure_only's Upkeep step
Phase: Ai(2)-GGS_Higure_only's Draw step
Phase: Ai(2)-GGS_Higure_only's Main phase, precombat
Phase: Ai(2)-GGS_Higure_only's Beginning of Combat Step
Phase: Ai(2)-GGS_Higure_only's Declare Attackers Step
Combat: Ai(2)-GGS_Higure_only assigned Goldspan Dragon (103), Phoenix Chick (171) and Hope of Ghirapur (148) to attack Ai(4)-Gabe_Food.
Add To Stack: Ai(2)-GGS_Higure_only triggered Goldspan Dragon
Resolve Stack: Whenever Goldspan Dragon attacks or becomes the target of a spell, create a Treasure token. [Attacker: Goldspan Dragon (103)]
Phase: Ai(2)-GGS_Higure_only's Declare Blockers Step
Combat: Ai(4)-Gabe_Food didn't block Goldspan Dragon (103).
Ai(4)-Gabe_Food didn't block Phoenix Chick (171).
Ai(4)-Gabe_Food didn't block Hope of Ghirapur (148).
Phase: Ai(2)-GGS_Higure_only's First Strike Damage Step
Phase: Ai(2)-GGS_Higure_only's Combat Damage Step
Damage: Goldspan Dragon (103) deals 4 combat damage to Ai(4)-Gabe_Food.
Damage: Phoenix Chick (171) deals 1 combat damage to Ai(4)-Gabe_Food.
Damage: Hope of Ghirapur (148) deals 1 combat damage to Ai(4)-Gabe_Food.
Life: Life: Ai(4)-Gabe_Food 40 > 34
Phase: Ai(2)-GGS_Higure_only's End of Combat Step
Phase: Ai(2)-GGS_Higure_only's Main phase, postcombat
Mana: Watery Grave (173) - {T}: Add {U}.
Mana: Exotic Orchard (130) - {T}: Add one mana of any color that a land an opponent controls could produce.
Mana: Blood Crypt (167) - {T}: Add {R}.
Mana: Arcane Signet (137) - {T}: Add one mana of any color in your commander's color identity.
Mana: Xander's Lounge (187) - {T}: Add {R}.
Add To Stack: Ai(2)-GGS_Higure_only cast Goro-Goro and Satoru
Resolve Stack: Goro-Goro and Satoru - Creature 3 / 4
Phase: Ai(2)-GGS_Higure_only's End step
Phase: Ai(2)-GGS_Higure_only's Cleanup step
Turn: Turn 24 (Ai(3)-Jaymie_Ezio)
Phase: Ai(3)-Jaymie_Ezio's Untap step
Phase: Ai(3)-Jaymie_Ezio's Upkeep step
Phase: Ai(3)-Jaymie_Ezio's Draw step
Phase: Ai(3)-Jaymie_Ezio's Main phase, precombat
Phase: Ai(3)-Jaymie_Ezio's Beginning of Combat Step
Phase: Ai(3)-Jaymie_Ezio's Declare Attackers Step
Combat: Ai(3)-Jaymie_Ezio assigned Changeling Outcast (216) to attack Ai(2)-GGS_Higure_only.
Phase: Ai(3)-Jaymie_Ezio's Declare Blockers Step
Combat: Ai(2)-GGS_Higure_only didn't block Changeling Outcast (216).
Phase: Ai(3)-Jaymie_Ezio's First Strike Damage Step
Phase: Ai(3)-Jaymie_Ezio's Combat Damage Step
Damage: Changeling Outcast (216) deals 1 combat damage to Ai(2)-GGS_Higure_only.
Life: Life: Ai(2)-GGS_Higure_only 24 > 23
Phase: Ai(3)-Jaymie_Ezio's End of Combat Step
Phase: Ai(3)-Jaymie_Ezio's Main phase, postcombat
Mana: Swamp (260) - {T}: Add {B}.
Mana: Foreboding Ruins (270) - {T}: Add {B} or {R}.
Add To Stack: Ai(3)-Jaymie_Ezio cast Shao Jun
Resolve Stack: Shao Jun - Creature 3 / 3
Phase: Ai(3)-Jaymie_Ezio's End step
Phase: Ai(3)-Jaymie_Ezio's Cleanup step
Turn: Turn 25 (Ai(4)-Gabe_Food)
Phase: Ai(4)-Gabe_Food's Untap step
Phase: Ai(4)-Gabe_Food's Upkeep step
Phase: Ai(4)-Gabe_Food's Draw step
Phase: Ai(4)-Gabe_Food's Main phase, precombat
Land: Ai(4)-Gabe_Food played Brushland (399)
Mana: Forest (342) - {T}: Add {G}.
Mana: Forest (337) - {T}: Add {G}.
Mana: Swamp (365) - {T}: Add {B}.
Add To Stack: Ai(4)-Gabe_Food activated Access Tunnel targeting [Sam, Loyal Attendant (404)]
Resolve Stack: Access Tunnel (356) - Sam, Loyal Attendant (404) can't be blocked this turn.
Phase: Ai(4)-Gabe_Food's Beginning of Combat Step
Add To Stack: Ai(4)-Gabe_Food triggered Sam, Loyal Attendant
Resolve Stack: At the beginning of combat on your turn, create a Food token. (It's an artifact with "{2}, {T}, Sacrifice this token: You gain 3 life.") [Phase: Ai(4)-Gabe_Food]
Add To Stack: Ai(4)-Gabe_Food triggered Merry, Warden of Isengard
Resolve Stack: Whenever one or more artifacts you control enter, create a 1/1 white Soldier creature token with lifelink. This ability triggers only once each turn. [Amount: 1]
Phase: Ai(4)-Gabe_Food's Declare Attackers Step
Combat: Ai(4)-Gabe_Food assigned Sam, Loyal Attendant (404) to attack Ai(2)-GGS_Higure_only.
Phase: Ai(4)-Gabe_Food's Declare Blockers Step
Combat: Ai(2)-GGS_Higure_only didn't block Sam, Loyal Attendant (404).
Phase: Ai(4)-Gabe_Food's First Strike Damage Step
Phase: Ai(4)-Gabe_Food's Combat Damage Step
Damage: Sam, Loyal Attendant (404) deals 2 combat damage to Ai(2)-GGS_Higure_only.
Life: Life: Ai(2)-GGS_Higure_only 23 > 21
Phase: Ai(4)-Gabe_Food's End of Combat Step
Phase: Ai(4)-Gabe_Food's Main phase, postcombat
Mana: Sandsteppe Citadel (320) - {T}: Add {W}, {B}, or {G}.
Mana: Canopy Vista (373) - {T}: Add {W}.
Mana: Scattered Groves (349) - {T}: Add {G}.
Add To Stack: Ai(4)-Gabe_Food cast Bilbo, Birthday Celebrant
Resolve Stack: Bilbo, Birthday Celebrant - Creature 2 / 3
Phase: Ai(4)-Gabe_Food's End step
Phase: Ai(4)-Gabe_Food's Cleanup step
Turn: Turn 26 (Ai(1)-Destyn_Turtles)
Phase: Ai(1)-Destyn_Turtles' Untap step
Phase: Ai(1)-Destyn_Turtles' Upkeep step
Phase: Ai(1)-Destyn_Turtles' Draw step
Phase: Ai(1)-Destyn_Turtles' Main phase, precombat
Mana: Forest (36) - {T}: Add {G}.
Mana: Ash Barrens (70) - {T}: Add {C}.
Add To Stack: Ai(1)-Destyn_Turtles cast Level Up targeting [Leonardo, the Balance (101)]
Resolve Stack: Level Up (90) -  Attach to Leonardo, the Balance (101)
Add To Stack: Ai(1)-Destyn_Turtles triggered Level Up
Resolve Stack: When this Aura enters, put a +1/+1 counter on enchanted creature. [Zone Changer: Level Up (90)]
Phase: Ai(1)-Destyn_Turtles' Beginning of Combat Step
Phase: Ai(1)-Destyn_Turtles' Declare Attackers Step
Mana: Brushland (399) - {T}: Add {C}.
Add To Stack: Ai(4)-Gabe_Food activated Pippin, Warden of Isengard
Resolve Stack: Pippin, Warden of Isengard (343) - Ai(4)-Gabe_Food creates a Food Token.
Add To Stack: Ai(4)-Gabe_Food triggered Merry, Warden of Isengard
Resolve Stack: Whenever one or more artifacts you control enter, create a 1/1 white Soldier creature token with lifelink. This ability triggers only once each turn. [Amount: 1]
Phase: Ai(1)-Destyn_Turtles' Declare Blockers Step
Phase: Ai(1)-Destyn_Turtles' First Strike Damage Step
Phase: Ai(1)-Destyn_Turtles' Combat Damage Step
Phase: Ai(1)-Destyn_Turtles' End of Combat Step
Phase: Ai(1)-Destyn_Turtles' Main phase, postcombat
Mana: Exploding Barrel (19) - {T}: Add one mana of any color. Put a pressure counter on this artifact. 
Mana: Dragonskull Summit (47) - {T}: Add {B} or {R}.
Add To Stack: Ai(1)-Destyn_Turtles cast April O'Neil, Live on the Scene
Resolve Stack: April O'Neil, Live on the Scene - Creature 2 / 1
Phase: Ai(1)-Destyn_Turtles' End step
Phase: Ai(1)-Destyn_Turtles' Cleanup step
Turn: Turn 27 (Ai(2)-GGS_Higure_only)
Phase: Ai(2)-GGS_Higure_only's Untap step
Phase: Ai(2)-GGS_Higure_only's Upkeep step
Phase: Ai(2)-GGS_Higure_only's Draw step
Phase: Ai(2)-GGS_Higure_only's Main phase, precombat
Phase: Ai(2)-GGS_Higure_only's Beginning of Combat Step
Phase: Ai(2)-GGS_Higure_only's Declare Attackers Step
Combat: Ai(2)-GGS_Higure_only assigned Goldspan Dragon (103), Phoenix Chick (171) and Hope of Ghirapur (148) to attack Ai(4)-Gabe_Food.
Add To Stack: Ai(2)-GGS_Higure_only triggered Goldspan Dragon
Resolve Stack: Whenever Goldspan Dragon attacks or becomes the target of a spell, create a Treasure token. [Attacker: Goldspan Dragon (103)]
Phase: Ai(2)-GGS_Higure_only's Declare Blockers Step
Combat: Ai(4)-Gabe_Food didn't block Goldspan Dragon (103).
Ai(4)-Gabe_Food didn't block Phoenix Chick (171).
Ai(4)-Gabe_Food didn't block Hope of Ghirapur (148).
Phase: Ai(2)-GGS_Higure_only's First Strike Damage Step
Phase: Ai(2)-GGS_Higure_only's Combat Damage Step
Damage: Goldspan Dragon (103) deals 4 combat damage to Ai(4)-Gabe_Food.
Damage: Phoenix Chick (171) deals 1 combat damage to Ai(4)-Gabe_Food.
Damage: Hope of Ghirapur (148) deals 1 combat damage to Ai(4)-Gabe_Food.
Life: Life: Ai(4)-Gabe_Food 34 > 28
Phase: Ai(2)-GGS_Higure_only's End of Combat Step
Phase: Ai(2)-GGS_Higure_only's Main phase, postcombat
Mana: Exotic Orchard (130) - {T}: Add one mana of any color that a land an opponent controls could produce.
Mana: Blood Crypt (167) - {T}: Add {R}.
Add To Stack: Ai(2)-GGS_Higure_only cast Demonic Tutor
Resolve Stack: Demonic Tutor (200) - Search your library for a card, put that card into your hand, then shuffle.
Mana: Arcane Signet (137) - {T}: Add one mana of any color in your commander's color identity.
Mana: Watery Grave (173) - {T}: Add {B}.
Add To Stack: Ai(2)-GGS_Higure_only cast Dragon Tempest
Resolve Stack: Dragon Tempest
Phase: Ai(2)-GGS_Higure_only's End step
Phase: Ai(2)-GGS_Higure_only's Cleanup step
Turn: Turn 28 (Ai(3)-Jaymie_Ezio)
Phase: Ai(3)-Jaymie_Ezio's Untap step
Phase: Ai(3)-Jaymie_Ezio's Upkeep step
Phase: Ai(3)-Jaymie_Ezio's Draw step
Phase: Ai(3)-Jaymie_Ezio's Main phase, precombat
Land: Ai(3)-Jaymie_Ezio played Exotic Orchard (247)
Mana: Swamp (260) - {T}: Add {B}.
Mana: Mountain (289) - {T}: Add {R}.
Mana: Plains (291) - {T}: Add {W}.
Mana: Exotic Orchard (247) - {T}: Add one mana of any color that a land an opponent controls could produce.
Add To Stack: Ai(3)-Jaymie_Ezio cast Restart Sequence targeting [Achilles Davenport (245)]
Mana: Xander's Lounge (187) - {T}: Add {U}.
Add To Stack: Ai(2)-GGS_Higure_only cast An Offer You Can't Refuse targeting [Return target creature card from your graveyard to the battlefield.]
Zone Change: Send countered spell to Graveyard
Resolve Stack: An Offer You Can't Refuse (165) - Counter Restart Sequence (275). Its controller creates two Treasure tokens.
Phase: Ai(3)-Jaymie_Ezio's Beginning of Combat Step
Phase: Ai(3)-Jaymie_Ezio's Declare Attackers Step
Combat: Ai(3)-Jaymie_Ezio assigned Changeling Outcast (216) and Shao Jun (284) to attack Ai(4)-Gabe_Food.
Phase: Ai(3)-Jaymie_Ezio's Declare Blockers Step
Combat: Ai(4)-Gabe_Food didn't block Changeling Outcast (216).
Ai(4)-Gabe_Food didn't block Shao Jun (284).
Phase: Ai(3)-Jaymie_Ezio's First Strike Damage Step
Damage: Shao Jun (284) deals 3 combat damage to Ai(4)-Gabe_Food.
Life: Life: Ai(4)-Gabe_Food 28 > 25
Phase: Ai(3)-Jaymie_Ezio's Combat Damage Step
Damage: Changeling Outcast (216) deals 1 combat damage to Ai(4)-Gabe_Food.
Life: Life: Ai(4)-Gabe_Food 25 > 24
Phase: Ai(3)-Jaymie_Ezio's End of Combat Step
Phase: Ai(3)-Jaymie_Ezio's Main phase, postcombat
Mana: Foreboding Ruins (270) - {T}: Add {B} or {R}.
Zone Change: Treasure Token (477) was put into Graveyard from Battlefield.
Mana: Treasure Token (477) - {T}, Sacrifice this token: Add one mana of any color.
Add To Stack: Ai(3)-Jaymie_Ezio cast Mari, the Killing Quill
Resolve Stack: Mari, the Killing Quill - Creature 3 / 2
Phase: Ai(3)-Jaymie_Ezio's End step
Phase: Ai(3)-Jaymie_Ezio's Cleanup step
Turn: Turn 29 (Ai(4)-Gabe_Food)
Phase: Ai(4)-Gabe_Food's Untap step
Phase: Ai(4)-Gabe_Food's Upkeep step
Phase: Ai(4)-Gabe_Food's Draw step
Phase: Ai(4)-Gabe_Food's Main phase, precombat
Mana: Swamp (365) - {T}: Add {B}.
Mana: Forest (342) - {T}: Add {G}.
Mana: Forest (337) - {T}: Add {G}.
Add To Stack: Ai(4)-Gabe_Food activated Access Tunnel targeting [Sam, Loyal Attendant (404)]
Resolve Stack: Access Tunnel (356) - Sam, Loyal Attendant (404) can't be blocked this turn.
Phase: Ai(4)-Gabe_Food's Beginning of Combat Step
Add To Stack: Ai(4)-Gabe_Food triggered Sam, Loyal Attendant
Resolve Stack: At the beginning of combat on your turn, create a Food token. (It's an artifact with "{2}, {T}, Sacrifice this token: You gain 3 life.") [Phase: Ai(4)-Gabe_Food]
Add To Stack: Ai(4)-Gabe_Food triggered Merry, Warden of Isengard
Resolve Stack: Whenever one or more artifacts you control enter, create a 1/1 white Soldier creature token with lifelink. This ability triggers only once each turn. [Amount: 1]
Phase: Ai(4)-Gabe_Food's Declare Attackers Step
Combat: Ai(4)-Gabe_Food assigned Sam, Loyal Attendant (404) to attack Ai(2)-GGS_Higure_only.
Phase: Ai(4)-Gabe_Food's Declare Blockers Step
Combat: Ai(2)-GGS_Higure_only didn't block Sam, Loyal Attendant (404).
Phase: Ai(4)-Gabe_Food's First Strike Damage Step
Phase: Ai(4)-Gabe_Food's Combat Damage Step
Damage: Sam, Loyal Attendant (404) deals 2 combat damage to Ai(2)-GGS_Higure_only.
Life: Life: Ai(2)-GGS_Higure_only 21 > 19
Phase: Ai(4)-Gabe_Food's End of Combat Step
Phase: Ai(4)-Gabe_Food's Main phase, postcombat
Mana: Canopy Vista (373) - {T}: Add {G}.
Mana: Scattered Groves (349) - {T}: Add {G}.
Mana: Sandsteppe Citadel (320) - {T}: Add {W}, {B}, or {G}.
Add To Stack: Ai(4)-Gabe_Food cast Cultivate
Resolve Stack: Cultivate (306) - Search your library for up to two basic land cards, reveal those cards, put one onto the battlefield tapped and the other into your hand, then shuffle.   
Replacement Effect: Sunpetal Grove enters tapped unless you control a Forest or a Plains.
Land: Ai(4)-Gabe_Food played Sunpetal Grove (369)
Phase: Ai(4)-Gabe_Food's End step
Phase: Ai(4)-Gabe_Food's Cleanup step
Turn: Turn 30 (Ai(1)-Destyn_Turtles)
Phase: Ai(1)-Destyn_Turtles' Untap step
Phase: Ai(1)-Destyn_Turtles' Upkeep step
Phase: Ai(1)-Destyn_Turtles' Draw step
Phase: Ai(1)-Destyn_Turtles' Main phase, precombat
Land: Ai(1)-Destyn_Turtles played Command Tower (28)
Phase: Ai(1)-Destyn_Turtles' Beginning of Combat Step
Phase: Ai(1)-Destyn_Turtles' Declare Attackers Step
Mana: Sunpetal Grove (369) - {T}: Add {G} or {W}.
Add To Stack: Ai(4)-Gabe_Food activated Pippin, Warden of Isengard
Resolve Stack: Pippin, Warden of Isengard (343) - Ai(4)-Gabe_Food creates a Food Token.
Add To Stack: Ai(4)-Gabe_Food triggered Merry, Warden of Isengard
Resolve Stack: Whenever one or more artifacts you control enter, create a 1/1 white Soldier creature token with lifelink. This ability triggers only once each turn. [Amount: 1]
Phase: Ai(1)-Destyn_Turtles' Declare Blockers Step
Phase: Ai(1)-Destyn_Turtles' First Strike Damage Step
Phase: Ai(1)-Destyn_Turtles' Combat Damage Step
Phase: Ai(1)-Destyn_Turtles' End of Combat Step
Phase: Ai(1)-Destyn_Turtles' Main phase, postcombat
Mana: Dragonskull Summit (47) - {T}: Add {B} or {R}.
Mana: Ash Barrens (70) - {T}: Add {C}.
Mana: Forest (36) - {T}: Add {G}.
Mana: Command Tower (28) - {T}: Add one mana of any color in your commander's color identity.
Mana: Exploding Barrel (19) - {T}: Add one mana of any color. Put a pressure counter on this artifact. 
Add To Stack: Ai(1)-Destyn_Turtles cast Raphael, the Muscle
Resolve Stack: Raphael, the Muscle - Creature 4 / 4
Add To Stack: Ai(1)-Destyn_Turtles triggered April O'Neil, Live on the Scene
Add To Stack: Ai(1)-Destyn_Turtles triggered Raphael, the Muscle
Resolve Stack: When Raphael enters, create a Mutagen token. [Zone Changer: Raphael, the Muscle (75)]
Add To Stack: Ai(1)-Destyn_Turtles triggered Leonardo, the Balance
Resolve Stack: Whenever a token you control enters, you may put a +1/+1 counter on each creature you control. Do this only once each turn. [Zone Changer: Mutagen Token (509)]
Resolve Stack: Whenever a Mutant, Ninja, or Turtle you control enters, investigate. (Create a Clue token. It's an artifact with "{2}, Sacrifice this token: Draw a card.") [Zone Changer: Raphael, the Muscle (75)]
Phase: Ai(1)-Destyn_Turtles' End step
Phase: Ai(1)-Destyn_Turtles' Cleanup step
Turn: Turn 31 (Ai(2)-GGS_Higure_only)
Phase: Ai(2)-GGS_Higure_only's Untap step
Phase: Ai(2)-GGS_Higure_only's Upkeep step
Phase: Ai(2)-GGS_Higure_only's Draw step
Phase: Ai(2)-GGS_Higure_only's Main phase, precombat
Mana: Exotic Orchard (130) - {T}: Add one mana of any color that a land an opponent controls could produce.
Mana: Blood Crypt (167) - {T}: Add {R}.
Mana: Watery Grave (173) - {T}: Add {B}.
Mana: Arcane Signet (137) - {T}: Add one mana of any color in your commander's color identity.
Mana: Xander's Lounge (187) - {T}: Add {R}.
Zone Change: Treasure Token (474) was put into Graveyard from Battlefield.
Mana: Treasure Token (474) - {T}, Sacrifice this token: Add one mana of any color.
Zone Change: Treasure Token (439) was put into Graveyard from Battlefield.
Mana: Treasure Token (439) - {T}, Sacrifice this token: Add one mana of any color.
Add To Stack: Ai(2)-GGS_Higure_only cast Balefire Dragon
Resolve Stack: Balefire Dragon - Creature 6 / 6
Add To Stack: Ai(2)-GGS_Higure_only triggered Dragon Tempest targeting [Mari, the Killing Quill (272)]
Add To Stack: Ai(2)-GGS_Higure_only triggered Dragon Tempest
Resolve Stack: Whenever a creature you control with flying enters, it gains haste until end of turn. [Zone Changer: Balefire Dragon (169)]
Damage: Balefire Dragon (169) deals 2 damage to Mari, the Killing Quill (272).
Resolve Stack: Whenever a Dragon you control enters, it deals X damage to any target, where X is the number of Dragons you control. (Targeting: [[Mari, the Killing Quill (272)]]) [Zone Changer: Balefire Dragon (169)]
Zone Change: Mari, the Killing Quill (272) was put into Graveyard from Battlefield.
Phase: Ai(2)-GGS_Higure_only's Beginning of Combat Step
Phase: Ai(2)-GGS_Higure_only's Declare Attackers Step
Combat: Ai(2)-GGS_Higure_only assigned Goldspan Dragon (103), Phoenix Chick (171), Balefire Dragon (169) and Hope of Ghirapur (148) to attack Ai(4)-Gabe_Food.
Add To Stack: Ai(2)-GGS_Higure_only triggered Goldspan Dragon
Mana: Brushland (399) - {T}: Add {C}.
Zone Change: Food Token (419) was put into Graveyard from Battlefield.
Add To Stack: Ai(4)-Gabe_Food activated Food Token
Replacement Effect: If you would gain life, you gain that much life plus 1 instead.
Life: Life: Ai(4)-Gabe_Food 24 > 28
Resolve Stack: Food Token (419) - Ai(4)-Gabe_Food gains 3 life.
Resolve Stack: Whenever Goldspan Dragon attacks or becomes the target of a spell, create a Treasure token. [Attacker: Goldspan Dragon (103)]
Phase: Ai(2)-GGS_Higure_only's Declare Blockers Step
Combat: Ai(4)-Gabe_Food didn't block Goldspan Dragon (103).
Ai(4)-Gabe_Food didn't block Phoenix Chick (171).
Ai(4)-Gabe_Food didn't block Balefire Dragon (169).
Ai(4)-Gabe_Food didn't block Hope of Ghirapur (148).
Phase: Ai(2)-GGS_Higure_only's First Strike Damage Step
Phase: Ai(2)-GGS_Higure_only's Combat Damage Step
Damage: Goldspan Dragon (103) deals 4 combat damage to Ai(4)-Gabe_Food.
Damage: Phoenix Chick (171) deals 1 combat damage to Ai(4)-Gabe_Food.
Damage: Balefire Dragon (169) deals 6 combat damage to Ai(4)-Gabe_Food.
Damage: Hope of Ghirapur (148) deals 1 combat damage to Ai(4)-Gabe_Food.
Life: Life: Ai(4)-Gabe_Food 28 > 16
Add To Stack: Ai(2)-GGS_Higure_only triggered Balefire Dragon
Add To Stack: Ai(2)-GGS_Higure_only triggered Goro-Goro and Satoru
Resolve Stack: Whenever one or more creatures you control that entered this turn deal combat damage to a player, create a 5/5 red Dragon Spirit creature token with flying. [Damaged: Ai(4)-Gabe_Food, Amount: 6]
Add To Stack: Ai(2)-GGS_Higure_only triggered Dragon Tempest targeting [Ai(4)-Gabe_Food]
Add To Stack: Ai(2)-GGS_Higure_only triggered Dragon Tempest
Resolve Stack: Whenever a creature you control with flying enters, it gains haste until end of turn. [Zone Changer: Dragon Spirit Token (517)]
Damage: Dragon Spirit Token (517) deals 3 non-combat damage to Ai(4)-Gabe_Food.
Life: Life: Ai(4)-Gabe_Food 16 > 13
Resolve Stack: Whenever a Dragon you control enters, it deals X damage to any target, where X is the number of Dragons you control. (Targeting: [[Ai(4)-Gabe_Food]]) [Zone Changer: Dragon Spirit Token (517)]
Damage: Balefire Dragon (169) deals 6 damage to Sam, Loyal Attendant (404).
Damage: Balefire Dragon (169) deals 6 damage to Pippin, Warden of Isengard (343).
Damage: Balefire Dragon (169) deals 6 damage to Merry, Warden of Isengard (309).
Damage: Balefire Dragon (169) deals 6 damage to Soldier Token (449).
Damage: Balefire Dragon (169) deals 6 damage to Bilbo, Birthday Celebrant (383).
Damage: Balefire Dragon (169) deals 6 damage to Soldier Token (469).
Damage: Balefire Dragon (169) deals 6 damage to Soldier Token (487).
Damage: Balefire Dragon (169) deals 6 damage to Soldier Token (505).
Resolve Stack: Whenever Balefire Dragon deals combat damage to a player, it deals that much damage to each creature that player controls. [Damage Source: Balefire Dragon (169), Damaged: Ai(4)-Gabe_Food, Amount: 6]
Zone Change: Sam, Loyal Attendant (404) was put into Graveyard from Battlefield.
Zone Change: Pippin, Warden of Isengard (343) was put into Graveyard from Battlefield.
Zone Change: Merry, Warden of Isengard (309) was put into Graveyard from Battlefield.
Zone Change: Soldier Token (449) was put into Graveyard from Battlefield.
Zone Change: Bilbo, Birthday Celebrant (383) was put into Graveyard from Battlefield.
Zone Change: Soldier Token (469) was put into Graveyard from Battlefield.
Zone Change: Soldier Token (487) was put into Graveyard from Battlefield.
Zone Change: Soldier Token (505) was put into Graveyard from Battlefield.
Phase: Ai(2)-GGS_Higure_only's End of Combat Step
Phase: Ai(2)-GGS_Higure_only's Main phase, postcombat
Phase: Ai(2)-GGS_Higure_only's End step
Phase: Ai(2)-GGS_Higure_only's Cleanup step
Turn: Turn 32 (Ai(3)-Jaymie_Ezio)
Phase: Ai(3)-Jaymie_Ezio's Untap step
Phase: Ai(3)-Jaymie_Ezio's Upkeep step
Phase: Ai(3)-Jaymie_Ezio's Draw step
Phase: Ai(3)-Jaymie_Ezio's Main phase, precombat
Phase: Ai(3)-Jaymie_Ezio's Beginning of Combat Step
Phase: Ai(3)-Jaymie_Ezio's Declare Attackers Step
Combat: Ai(3)-Jaymie_Ezio assigned Changeling Outcast (216) to attack Ai(2)-GGS_Higure_only.
Phase: Ai(3)-Jaymie_Ezio's Declare Blockers Step
Combat: Ai(2)-GGS_Higure_only didn't block Changeling Outcast (216).
Phase: Ai(3)-Jaymie_Ezio's First Strike Damage Step
Phase: Ai(3)-Jaymie_Ezio's Combat Damage Step
Damage: Changeling Outcast (216) deals 1 combat damage to Ai(2)-GGS_Higure_only.
Life: Life: Ai(2)-GGS_Higure_only 19 > 18
Phase: Ai(3)-Jaymie_Ezio's End of Combat Step
Phase: Ai(3)-Jaymie_Ezio's Main phase, postcombat
Replacement Effect: Boros Garrison enters tapped.
Land: Ai(3)-Jaymie_Ezio played Boros Garrison (282)
Add To Stack: Ai(3)-Jaymie_Ezio triggered Boros Garrison
Resolve Stack: When Boros Garrison enters, return a land you control to its owner's hand. [Zone Changer: Boros Garrison (282)]
Mana: Plains (291) - {T}: Add {W}.
Mana: Exotic Orchard (247) - {T}: Add one mana of any color that a land an opponent controls could produce.
Add To Stack: Ai(3)-Jaymie_Ezio cast Shay Cormac
Resolve Stack: Shay Cormac - Creature 1 / 1
Zone Change: Treasure Token (476) was put into Graveyard from Battlefield.
Mana: Treasure Token (476) - {T}, Sacrifice this token: Add one mana of any color.
Mana: Swamp (260) - {T}: Add {B}.
Add To Stack: Ai(3)-Jaymie_Ezio cast Vraska Joins Up
Resolve Stack: Vraska Joins Up
Add To Stack: Ai(3)-Jaymie_Ezio triggered Vraska Joins Up
Resolve Stack: When Vraska Joins Up enters, put a deathtouch counter on each creature you control. [Zone Changer: Vraska Joins Up (213)]
Phase: Ai(3)-Jaymie_Ezio's End step
Phase: Ai(3)-Jaymie_Ezio's Cleanup step
Turn: Turn 33 (Ai(4)-Gabe_Food)
Phase: Ai(4)-Gabe_Food's Untap step
Phase: Ai(4)-Gabe_Food's Upkeep step
Phase: Ai(4)-Gabe_Food's Draw step
Phase: Ai(4)-Gabe_Food's Main phase, precombat
Land: Ai(4)-Gabe_Food played Swamp (364)
Phase: Ai(4)-Gabe_Food's Beginning of Combat Step
Phase: Ai(4)-Gabe_Food's Declare Attackers Step
Phase: Ai(4)-Gabe_Food's Declare Blockers Step
Phase: Ai(4)-Gabe_Food's First Strike Damage Step
Phase: Ai(4)-Gabe_Food's Combat Damage Step
Phase: Ai(4)-Gabe_Food's End of Combat Step
Phase: Ai(4)-Gabe_Food's Main phase, postcombat
Mana: Sunpetal Grove (369) - {T}: Add {G} or {W}.
Mana: Forest (342) - {T}: Add {G}.
Mana: Forest (337) - {T}: Add {G}.
Mana: Swamp (365) - {T}: Add {B}.
Mana: Swamp (366) - {T}: Add {B}.
Add To Stack: Ai(4)-Gabe_Food cast Gwaihir, Greatest of the Eagles
Resolve Stack: Gwaihir, Greatest of the Eagles - Creature 5 / 5
Mana: Canopy Vista (373) - {T}: Add {W}.
Mana: Scattered Groves (349) - {T}: Add {G}.
Mana: Swamp (364) - {T}: Add {B}.
Mana: Sandsteppe Citadel (320) - {T}: Add {W}, {B}, or {G}.
Mana: Access Tunnel (356) - {T}: Add {C}.
Add To Stack: Ai(4)-Gabe_Food cast Sam, Loyal Attendant
Resolve Stack: Sam, Loyal Attendant - Creature 2 / 4
Add To Stack: Ai(4)-Gabe_Food triggered Sam, Loyal Attendant targeting [Ai(4)-Gabe_Food]
Resolve Stack: Partner with Frodo, Adventurous Hobbit (When this creature enters, target player may put Frodo into their hand from their library, then shuffle.) (Targeting: [[Ai(4)-Gabe_Food]]) [Zone Changer: Sam, Loyal Attendant (404)]
Phase: Ai(4)-Gabe_Food's End step
Phase: Ai(4)-Gabe_Food's Cleanup step
Turn: Turn 34 (Ai(1)-Destyn_Turtles)
Phase: Ai(1)-Destyn_Turtles' Untap step
Phase: Ai(1)-Destyn_Turtles' Upkeep step
Phase: Ai(1)-Destyn_Turtles' Draw step
Phase: Ai(1)-Destyn_Turtles' Main phase, precombat
Land: Ai(1)-Destyn_Turtles played Forest (35)
Mana: Ash Barrens (70) - {T}: Add {C}.
Mana: Forest (36) - {T}: Add {G}.
Mana: Forest (35) - {T}: Add {G}.
Mana: Dragonskull Summit (47) - {T}: Add {B} or {R}.
Zone Change: Exploding Barrel (19) was put into Graveyard from Battlefield.
Add To Stack: Ai(1)-Destyn_Turtles activated Exploding Barrel targeting [Gwaihir, Greatest of the Eagles (393)]
Damage: Exploding Barrel (19) deals 20 damage to Gwaihir, Greatest of the Eagles (393).
Resolve Stack: Exploding Barrel (19) - Exploding Barrel deals 20 damage to Gwaihir, Greatest of the Eagles (393).
Zone Change: Gwaihir, Greatest of the Eagles (393) was put into Graveyard from Battlefield.
Phase: Ai(1)-Destyn_Turtles' Beginning of Combat Step
Phase: Ai(1)-Destyn_Turtles' Declare Attackers Step
Phase: Ai(1)-Destyn_Turtles' Declare Blockers Step
Phase: Ai(1)-Destyn_Turtles' First Strike Damage Step
Phase: Ai(1)-Destyn_Turtles' Combat Damage Step
Phase: Ai(1)-Destyn_Turtles' End of Combat Step
Phase: Ai(1)-Destyn_Turtles' Main phase, postcombat
Phase: Ai(1)-Destyn_Turtles' End step
Phase: Ai(1)-Destyn_Turtles' Cleanup step
Turn: Turn 35 (Ai(2)-GGS_Higure_only)
Phase: Ai(2)-GGS_Higure_only's Untap step
Phase: Ai(2)-GGS_Higure_only's Upkeep step
Phase: Ai(2)-GGS_Higure_only's Draw step
Phase: Ai(2)-GGS_Higure_only's Main phase, precombat
Mana: Exotic Orchard (130) - {T}: Add one mana of any color that a land an opponent controls could produce.
Mana: Blood Crypt (167) - {T}: Add {R}.
Mana: Watery Grave (173) - {T}: Add {B}.
Mana: Arcane Signet (137) - {T}: Add one mana of any color in your commander's color identity.
Mana: Xander's Lounge (187) - {T}: Add {R}.
Add To Stack: Ai(2)-GGS_Higure_only cast Draconic Visitor
Resolve Stack: Draconic Visitor - Creature 5 / 5
Add To Stack: Ai(2)-GGS_Higure_only triggered Dragon Tempest targeting [Sam, Loyal Attendant (404)]
Add To Stack: Ai(2)-GGS_Higure_only triggered Dragon Tempest
Resolve Stack: Whenever a creature you control with flying enters, it gains haste until end of turn. [Zone Changer: Draconic Visitor (115)]
Damage: Draconic Visitor (115) deals 4 damage to Sam, Loyal Attendant (404).
Resolve Stack: Whenever a Dragon you control enters, it deals X damage to any target, where X is the number of Dragons you control. (Targeting: [[Sam, Loyal Attendant (404)]]) [Zone Changer: Draconic Visitor (115)]
Zone Change: Sam, Loyal Attendant (404) was put into Graveyard from Battlefield.
Player Control: Ai(1)-Destyn_Turtles has restored control over themself
Player Control: Ai(2)-GGS_Higure_only has restored control over themself
Player Control: Ai(3)-Jaymie_Ezio has restored control over themself
Player Control: Ai(4)-Gabe_Food has restored control over themself
Game Outcome: Match Duration 3m : 58s
Game Outcome: Turn 18
Game Outcome: Ai(1)-Destyn_Turtles has won because all opponents have lost
Game Outcome: Ai(2)-GGS_Higure_only has won because all opponents have lost
Game Outcome: Ai(3)-Jaymie_Ezio has won because all opponents have lost
Game Outcome: Ai(4)-Gabe_Food has won because all opponents have lost
Match Result: Ai(1)-Destyn_Turtles: 0 Ai(2)-GGS_Higure_only: 0 Ai(3)-Jaymie_Ezio: 1 Ai(4)-Gabe_Food: 0 

Game Result: Game 1 ended in 240105 ms. Ai(3)-Jaymie_Ezio has won!

