Error handling registered!
21:03:13 [INFO ] GuiBase: ##########################################
21:03:13 [INFO ] GuiBase: APP: Forge v.2.0.15-SNAPSHOT-09.28
21:03:13 [INFO ] GuiBase: Java: 17.0.20 (Ubuntu)
21:03:13 [INFO ] GuiBase: OS: Linux 6.18.44 amd64
21:03:13 [INFO ] GuiBase: RAM: 1536 MB max, 8 CPUs
21:03:13 [INFO ] GuiBase: ##########################################
Language 'en-US' loaded successfully.
(ThreadUtil first call): Running with priority 5
Read cards: 34010 archived files in 1 ms (25 parts) using thread pool
Upcoming set Star Trek (TRK) dated in the future. All `upcoming` cards will be added to this set with unknown rarity.
The card A-Alrund's Epiphany was not assigned to any set. Adding it to UNKNOWN set... to fix see res/editions/ folder. 
The card A-Baba Lysaga, Night Witch was not assigned to any set. Adding it to UNKNOWN set... to fix see res/editions/ folder. 
The card A-Divide by Zero was not assigned to any set. Adding it to UNKNOWN set... to fix see res/editions/ folder. 
The card A-Esika's Chariot was not assigned to any set. Adding it to UNKNOWN set... to fix see res/editions/ folder. 
The card A-Faceless Haven was not assigned to any set. Adding it to UNKNOWN set... to fix see res/editions/ folder. 
The card A-Fires of Invention was not assigned to any set. Adding it to UNKNOWN set... to fix see res/editions/ folder. 
The card A-Goldspan Dragon was not assigned to any set. Adding it to UNKNOWN set... to fix see res/editions/ folder. 
The card A-Hullbreaker Horror was not assigned to any set. Adding it to UNKNOWN set... to fix see res/editions/ folder. 
The card A-Kumano Faces Kakkazan was not assigned to any set. Adding it to UNKNOWN set... to fix see res/editions/ folder. 
The card A-Luminarch Aspirant was not assigned to any set. Adding it to UNKNOWN set... to fix see res/editions/ folder. 
The card A-Monster Manual was not assigned to any set. Adding it to UNKNOWN set... to fix see res/editions/ folder. 
The card A-Omnath, Locus of Creation was not assigned to any set. Adding it to UNKNOWN set... to fix see res/editions/ folder. 
The card A-The Meathook Massacre was not assigned to any set. Adding it to UNKNOWN set... to fix see res/editions/ folder. 
The card A-Unholy Heat was not assigned to any set. Adding it to UNKNOWN set... to fix see res/editions/ folder. 
The card Blinding Radiance was not assigned to any set. Adding it to UNKNOWN set... to fix see res/editions/ folder. 
The card Goblin Bruiser was not assigned to any set. Adding it to UNKNOWN set... to fix see res/editions/ folder. 
The card Ogre Painbringer was not assigned to any set. Adding it to UNKNOWN set... to fix see res/editions/ folder. 
The card Titanic Pelagosaur was not assigned to any set. Adding it to UNKNOWN set... to fix see res/editions/ folder. 
The card Treetop Recluse was not assigned to any set. Adding it to UNKNOWN set... to fix see res/editions/ folder. 
Upcoming set Star Trek (TRK) dated in the future. All `upcoming` cards will be added to this set with unknown rarity.
Read cards: 854 files in 0 ms (8 parts) using thread pool
Simulation mode
Ai(1)-Jaymie_Ezio vs Ai(2)-Gabe_Food vs Ai(3)-Destyn_Turtles vs Ai(4)-GGS_Ink_Eyes_diagnostic - one game of Commander seed 20260930
Warning: default (ie. inherited from base class) implementation of confirmAction is used by Goro-Goro and Satoru for forge.ai.ability.PermanentCreatureAi. Consider declaring an overloaded method
Watery Grave Did not have activator set in SpellAbility_Condition.checkConditions()
Watery Grave Did not have activator set in SpellAbility_Condition.checkConditions()
Watery Grave Did not have activator set in SpellAbility_Condition.checkConditions()
Watery Grave Did not have activator set in SpellAbility_Condition.checkConditions()
Watery Grave Did not have activator set in SpellAbility_Condition.checkConditions()
Watery Grave Did not have activator set in SpellAbility_Condition.checkConditions()
Watery Grave Did not have activator set in SpellAbility_Condition.checkConditions()
Watery Grave Did not have activator set in SpellAbility_Condition.checkConditions()
Watery Grave Did not have activator set in SpellAbility_Condition.checkConditions()
Watery Grave Did not have activator set in SpellAbility_Condition.checkConditions()
Watery Grave Did not have activator set in SpellAbility_Condition.checkConditions()
Watery Grave Did not have activator set in SpellAbility_Condition.checkConditions()
Warning: default (ie. inherited from base class) implementation of confirmAction is used by Sam, Loyal Attendant for forge.ai.ability.PermanentCreatureAi. Consider declaring an overloaded method
Warning: default (ie. inherited from base class) implementation of confirmAction is used by Michelangelo, the Heart for forge.ai.ability.PermanentCreatureAi. Consider declaring an overloaded method
Warning: default (ie. inherited from base class) implementation of confirmAction is used by Leonardo, the Balance for forge.ai.ability.PermanentCreatureAi. Consider declaring an overloaded method
Warning: default (ie. inherited from base class) implementation of confirmAction is used by Goro-Goro and Satoru for forge.ai.ability.PermanentCreatureAi. Consider declaring an overloaded method
Mulligan: Ai(4)-GGS_Ink_Eyes_diagnostic has kept a hand of 7 cards
Mulligan: Ai(1)-Jaymie_Ezio has kept a hand of 7 cards
Mulligan: Ai(2)-Gabe_Food has kept a hand of 7 cards
Mulligan: Ai(3)-Destyn_Turtles has kept a hand of 7 cards
Turn: Turn 1 (Ai(4)-GGS_Ink_Eyes_diagnostic)
Phase: Ai(4)-GGS_Ink_Eyes_diagnostic's Untap step
Phase: Ai(4)-GGS_Ink_Eyes_diagnostic's Upkeep step
Phase: Ai(4)-GGS_Ink_Eyes_diagnostic's Draw step
Phase: Ai(4)-GGS_Ink_Eyes_diagnostic's Main phase, precombat
Replacement Effect: Luxury Suite enters tapped unless you have two or more opponents.
Land: Ai(4)-GGS_Ink_Eyes_diagnostic played Luxury Suite (378)
Phase: Ai(4)-GGS_Ink_Eyes_diagnostic's Beginning of Combat Step
Phase: Ai(4)-GGS_Ink_Eyes_diagnostic's Declare Attackers Step
Phase: Ai(4)-GGS_Ink_Eyes_diagnostic's Declare Blockers Step
Phase: Ai(4)-GGS_Ink_Eyes_diagnostic's First Strike Damage Step
Phase: Ai(4)-GGS_Ink_Eyes_diagnostic's Combat Damage Step
Phase: Ai(4)-GGS_Ink_Eyes_diagnostic's End of Combat Step
Phase: Ai(4)-GGS_Ink_Eyes_diagnostic's Main phase, postcombat
Phase: Ai(4)-GGS_Ink_Eyes_diagnostic's End step
Phase: Ai(4)-GGS_Ink_Eyes_diagnostic's Cleanup step
Turn: Turn 2 (Ai(1)-Jaymie_Ezio)
Phase: Ai(1)-Jaymie_Ezio's Untap step
Phase: Ai(1)-Jaymie_Ezio's Upkeep step
Phase: Ai(1)-Jaymie_Ezio's Draw step
Phase: Ai(1)-Jaymie_Ezio's Main phase, precombat
Land: Ai(1)-Jaymie_Ezio played Command Tower (32)
Phase: Ai(1)-Jaymie_Ezio's Beginning of Combat Step
Phase: Ai(1)-Jaymie_Ezio's Declare Attackers Step
Phase: Ai(1)-Jaymie_Ezio's Declare Blockers Step
Phase: Ai(1)-Jaymie_Ezio's First Strike Damage Step
Phase: Ai(1)-Jaymie_Ezio's Combat Damage Step
Phase: Ai(1)-Jaymie_Ezio's End of Combat Step
Phase: Ai(1)-Jaymie_Ezio's Main phase, postcombat
Mana: Command Tower (32) - {T}: Add one mana of any color in your commander's color identity.
Add To Stack: Ai(1)-Jaymie_Ezio cast Assassin Initiate
Resolve Stack: Assassin Initiate - Creature 1 / 1
Phase: Ai(1)-Jaymie_Ezio's End step
Phase: Ai(1)-Jaymie_Ezio's Cleanup step
Turn: Turn 3 (Ai(2)-Gabe_Food)
Phase: Ai(2)-Gabe_Food's Untap step
Phase: Ai(2)-Gabe_Food's Upkeep step
Phase: Ai(2)-Gabe_Food's Draw step
Phase: Ai(2)-Gabe_Food's Main phase, precombat
Land: Ai(2)-Gabe_Food played Forest (140)
Phase: Ai(2)-Gabe_Food's Beginning of Combat Step
Phase: Ai(2)-Gabe_Food's Declare Attackers Step
Phase: Ai(2)-Gabe_Food's Declare Blockers Step
Phase: Ai(2)-Gabe_Food's First Strike Damage Step
Phase: Ai(2)-Gabe_Food's Combat Damage Step
Phase: Ai(2)-Gabe_Food's End of Combat Step
Phase: Ai(2)-Gabe_Food's Main phase, postcombat
Phase: Ai(2)-Gabe_Food's End step
Phase: Ai(2)-Gabe_Food's Cleanup step
Turn: Turn 4 (Ai(3)-Destyn_Turtles)
Phase: Ai(3)-Destyn_Turtles' Untap step
Phase: Ai(3)-Destyn_Turtles' Upkeep step
Phase: Ai(3)-Destyn_Turtles' Draw step
Phase: Ai(3)-Destyn_Turtles' Main phase, precombat
Replacement Effect: This land enters tapped unless you control two or more basic lands.
Land: Ai(3)-Destyn_Turtles played Sodden Verdure (283)
Phase: Ai(3)-Destyn_Turtles' Beginning of Combat Step
Phase: Ai(3)-Destyn_Turtles' Declare Attackers Step
Phase: Ai(3)-Destyn_Turtles' Declare Blockers Step
Phase: Ai(3)-Destyn_Turtles' First Strike Damage Step
Phase: Ai(3)-Destyn_Turtles' Combat Damage Step
Phase: Ai(3)-Destyn_Turtles' End of Combat Step
Phase: Ai(3)-Destyn_Turtles' Main phase, postcombat
Phase: Ai(3)-Destyn_Turtles' End step
Phase: Ai(3)-Destyn_Turtles' Cleanup step
Turn: Turn 5 (Ai(4)-GGS_Ink_Eyes_diagnostic)
Phase: Ai(4)-GGS_Ink_Eyes_diagnostic's Untap step
Phase: Ai(4)-GGS_Ink_Eyes_diagnostic's Upkeep step
Phase: Ai(4)-GGS_Ink_Eyes_diagnostic's Draw step
Phase: Ai(4)-GGS_Ink_Eyes_diagnostic's Main phase, precombat
Land: Ai(4)-GGS_Ink_Eyes_diagnostic played Polluted Delta (315)
Life: Life: Ai(4)-GGS_Ink_Eyes_diagnostic 40 > 39
Zone Change: Polluted Delta (315) was put into Graveyard from Battlefield.
Add To Stack: Ai(4)-GGS_Ink_Eyes_diagnostic activated Polluted Delta
Replacement Effect: Undercity Sewers enters tapped.
Resolve Stack: Polluted Delta (315) - Ai(4)-GGS_Ink_Eyes_diagnostic searches their library for an Island or Swamp card, puts it onto the battlefield, then shuffles.
Add To Stack: Ai(4)-GGS_Ink_Eyes_diagnostic triggered Undercity Sewers
Resolve Stack: Ai(4)-GGS_Ink_Eyes_diagnostic surveiled 1 card(s) to the top of the library
Resolve Stack: When Undercity Sewers enters, surveil 1. (Look at the top card of your library. You may put it into your graveyard.) [Zone Changer: Undercity Sewers (306)]
Phase: Ai(4)-GGS_Ink_Eyes_diagnostic's Beginning of Combat Step
Phase: Ai(4)-GGS_Ink_Eyes_diagnostic's Declare Attackers Step
Phase: Ai(4)-GGS_Ink_Eyes_diagnostic's Declare Blockers Step
Phase: Ai(4)-GGS_Ink_Eyes_diagnostic's First Strike Damage Step
Phase: Ai(4)-GGS_Ink_Eyes_diagnostic's Combat Damage Step
Phase: Ai(4)-GGS_Ink_Eyes_diagnostic's End of Combat Step
Phase: Ai(4)-GGS_Ink_Eyes_diagnostic's Main phase, postcombat
Phase: Ai(4)-GGS_Ink_Eyes_diagnostic's End step
Phase: Ai(4)-GGS_Ink_Eyes_diagnostic's Cleanup step
Turn: Turn 6 (Ai(1)-Jaymie_Ezio)
Phase: Ai(1)-Jaymie_Ezio's Untap step
Phase: Ai(1)-Jaymie_Ezio's Upkeep step
Phase: Ai(1)-Jaymie_Ezio's Draw step
Phase: Ai(1)-Jaymie_Ezio's Main phase, precombat
Phase: Ai(1)-Jaymie_Ezio's Beginning of Combat Step
Phase: Ai(1)-Jaymie_Ezio's Declare Attackers Step
Combat: Ai(1)-Jaymie_Ezio assigned Assassin Initiate (51) to attack Ai(3)-Destyn_Turtles.
Phase: Ai(1)-Jaymie_Ezio's Declare Blockers Step
Combat: Ai(3)-Destyn_Turtles didn't block Assassin Initiate (51).
Phase: Ai(1)-Jaymie_Ezio's First Strike Damage Step
Phase: Ai(1)-Jaymie_Ezio's Combat Damage Step
Damage: Assassin Initiate (51) deals 1 combat damage to Ai(3)-Destyn_Turtles.
Life: Life: Ai(3)-Destyn_Turtles 40 > 39
Phase: Ai(1)-Jaymie_Ezio's End of Combat Step
Phase: Ai(1)-Jaymie_Ezio's Main phase, postcombat
Replacement Effect: Path of Ancestry enters tapped.
Land: Ai(1)-Jaymie_Ezio played Path of Ancestry (8)
Mana: Command Tower (32) - {T}: Add one mana of any color in your commander's color identity.
Add To Stack: Ai(1)-Jaymie_Ezio cast Changeling Outcast
Resolve Stack: Changeling Outcast - Creature 1 / 1
Phase: Ai(1)-Jaymie_Ezio's End step
Phase: Ai(1)-Jaymie_Ezio's Cleanup step
Turn: Turn 7 (Ai(2)-Gabe_Food)
Phase: Ai(2)-Gabe_Food's Untap step
Phase: Ai(2)-Gabe_Food's Upkeep step
Phase: Ai(2)-Gabe_Food's Draw step
Phase: Ai(2)-Gabe_Food's Main phase, precombat
Land: Ai(2)-Gabe_Food played Swamp (163)
Phase: Ai(2)-Gabe_Food's Beginning of Combat Step
Phase: Ai(2)-Gabe_Food's Declare Attackers Step
Phase: Ai(2)-Gabe_Food's Declare Blockers Step
Phase: Ai(2)-Gabe_Food's First Strike Damage Step
Phase: Ai(2)-Gabe_Food's Combat Damage Step
Phase: Ai(2)-Gabe_Food's End of Combat Step
Phase: Ai(2)-Gabe_Food's Main phase, postcombat
Mana: Forest (140) - {T}: Add {G}.
Mana: Swamp (163) - {T}: Add {B}.
Add To Stack: Ai(2)-Gabe_Food cast Prize Pig
Resolve Stack: Prize Pig - Creature 0 / 3
Phase: Ai(2)-Gabe_Food's End step
Phase: Ai(2)-Gabe_Food's Cleanup step
Turn: Turn 8 (Ai(3)-Destyn_Turtles)
Phase: Ai(3)-Destyn_Turtles' Untap step
Phase: Ai(3)-Destyn_Turtles' Upkeep step
Phase: Ai(3)-Destyn_Turtles' Draw step
Phase: Ai(3)-Destyn_Turtles' Main phase, precombat
Land: Ai(3)-Destyn_Turtles played City of Brass (247)
Phase: Ai(3)-Destyn_Turtles' Beginning of Combat Step
Phase: Ai(3)-Destyn_Turtles' Declare Attackers Step
Phase: Ai(3)-Destyn_Turtles' Declare Blockers Step
Phase: Ai(3)-Destyn_Turtles' First Strike Damage Step
Phase: Ai(3)-Destyn_Turtles' Combat Damage Step
Phase: Ai(3)-Destyn_Turtles' End of Combat Step
Phase: Ai(3)-Destyn_Turtles' Main phase, postcombat
Mana: Sodden Verdure (283) - {T}: Add {G}.
Mana: City of Brass (247) - {T}: Add one mana of any color.
Add To Stack: Ai(3)-Destyn_Turtles cast Michelangelo, the Heart
Add To Stack: Ai(3)-Destyn_Turtles triggered City of Brass
Damage: City of Brass (247) deals 1 non-combat damage to Ai(3)-Destyn_Turtles.
Life: Life: Ai(3)-Destyn_Turtles 39 > 38
Resolve Stack: Whenever City of Brass becomes tapped, it deals 1 damage to you. [Tapped: City of Brass (247)]
Resolve Stack: Michelangelo, the Heart - Creature 2 / 1
Phase: Ai(3)-Destyn_Turtles' End step
Phase: Ai(3)-Destyn_Turtles' Cleanup step
Turn: Turn 9 (Ai(4)-GGS_Ink_Eyes_diagnostic)
Phase: Ai(4)-GGS_Ink_Eyes_diagnostic's Untap step
Phase: Ai(4)-GGS_Ink_Eyes_diagnostic's Upkeep step
Phase: Ai(4)-GGS_Ink_Eyes_diagnostic's Draw step
Phase: Ai(4)-GGS_Ink_Eyes_diagnostic's Main phase, precombat
Land: Ai(4)-GGS_Ink_Eyes_diagnostic played Exotic Orchard (332)
Phase: Ai(4)-GGS_Ink_Eyes_diagnostic's Beginning of Combat Step
Phase: Ai(4)-GGS_Ink_Eyes_diagnostic's Declare Attackers Step
Phase: Ai(4)-GGS_Ink_Eyes_diagnostic's Declare Blockers Step
Phase: Ai(4)-GGS_Ink_Eyes_diagnostic's First Strike Damage Step
Phase: Ai(4)-GGS_Ink_Eyes_diagnostic's Combat Damage Step
Phase: Ai(4)-GGS_Ink_Eyes_diagnostic's End of Combat Step
Phase: Ai(4)-GGS_Ink_Eyes_diagnostic's Main phase, postcombat
Mana: Exotic Orchard (332) - {T}: Add one mana of any color that a land an opponent controls could produce.
Mana: Luxury Suite (378) - {T}: Add {B} or {R}.
Mana: Undercity Sewers (306) - {T}: Add {B}.
Add To Stack: Ai(4)-GGS_Ink_Eyes_diagnostic cast Goro-Goro and Satoru
Resolve Stack: Goro-Goro and Satoru - Creature 3 / 4
Phase: Ai(4)-GGS_Ink_Eyes_diagnostic's End step
Phase: Ai(4)-GGS_Ink_Eyes_diagnostic's Cleanup step
Turn: Turn 10 (Ai(1)-Jaymie_Ezio)
Phase: Ai(1)-Jaymie_Ezio's Untap step
Phase: Ai(1)-Jaymie_Ezio's Upkeep step
Phase: Ai(1)-Jaymie_Ezio's Draw step
Phase: Ai(1)-Jaymie_Ezio's Main phase, precombat
Replacement Effect: Smoldering Marsh enters tapped unless you control two or more basic lands.
Land: Ai(1)-Jaymie_Ezio played Smoldering Marsh (71)
Mana: Command Tower (32) - {T}: Add one mana of any color in your commander's color identity.
Mana: Path of Ancestry (8) - {T}: Add one mana of any color in your commander's color identity. When that mana is spent to cast a creature spell that shares a creature type with your commander, scry 1. (Look at the top card of your library. You may put that card on the bottom.)
Add To Stack: Ai(1)-Jaymie_Ezio cast Rampant Growth
Resolve Stack: Rampant Growth (78) - Search your library for a basic land card, put that card onto the battlefield tapped, then shuffle.
Phase: Ai(1)-Jaymie_Ezio's Beginning of Combat Step
Phase: Ai(1)-Jaymie_Ezio's Declare Attackers Step
Combat: Ai(1)-Jaymie_Ezio assigned Changeling Outcast (14) to attack Ai(4)-GGS_Ink_Eyes_diagnostic.
Phase: Ai(1)-Jaymie_Ezio's Declare Blockers Step
Combat: Ai(4)-GGS_Ink_Eyes_diagnostic didn't block Changeling Outcast (14).
Phase: Ai(1)-Jaymie_Ezio's First Strike Damage Step
Phase: Ai(1)-Jaymie_Ezio's Combat Damage Step
Damage: Changeling Outcast (14) deals 1 combat damage to Ai(4)-GGS_Ink_Eyes_diagnostic.
Life: Life: Ai(4)-GGS_Ink_Eyes_diagnostic 39 > 38
Phase: Ai(1)-Jaymie_Ezio's End of Combat Step
Phase: Ai(1)-Jaymie_Ezio's Main phase, postcombat
Phase: Ai(1)-Jaymie_Ezio's End step
Phase: Ai(1)-Jaymie_Ezio's Cleanup step
Turn: Turn 11 (Ai(2)-Gabe_Food)
Phase: Ai(2)-Gabe_Food's Untap step
Phase: Ai(2)-Gabe_Food's Upkeep step
Mana: Prize Pig (130) - {T}: Add one mana of any color.
Add To Stack: Ai(2)-Gabe_Food cast Swords to Plowshares targeting [Goro-Goro and Satoru (403)]
Zone Change: Goro-Goro and Satoru (403) was put into Exile from Battlefield.
Life: Life: Ai(4)-GGS_Ink_Eyes_diagnostic 38 > 41
Resolve Stack: Swords to Plowshares (185) - Exile Goro-Goro and Satoru (403). Ai(4)-GGS_Ink_Eyes_diagnostic gains life equal to its power.
Phase: Ai(2)-Gabe_Food's Draw step
Phase: Ai(2)-Gabe_Food's Main phase, precombat
Land: Ai(2)-Gabe_Food played Command Tower (131)
Mana: Command Tower (131) - {T}: Add one mana of any color in your commander's color identity.
Mana: Forest (140) - {T}: Add {G}.
Mana: Swamp (163) - {T}: Add {B}.
Add To Stack: Ai(2)-Gabe_Food cast Sam, Loyal Attendant
Resolve Stack: Sam, Loyal Attendant - Creature 2 / 4
Add To Stack: Ai(2)-Gabe_Food triggered Sam, Loyal Attendant targeting [Ai(2)-Gabe_Food]
Resolve Stack: Partner with Frodo, Adventurous Hobbit (When this creature enters, target player may put Frodo into their hand from their library, then shuffle.) (Targeting: [[Ai(2)-Gabe_Food]]) [Zone Changer: Sam, Loyal Attendant (202)]
Phase: Ai(2)-Gabe_Food's Beginning of Combat Step
Add To Stack: Ai(2)-Gabe_Food triggered Sam, Loyal Attendant
Resolve Stack: At the beginning of combat on your turn, create a Food token. (It's an artifact with "{2}, {T}, Sacrifice this token: You gain 3 life.") [Phase: Ai(2)-Gabe_Food]
Phase: Ai(2)-Gabe_Food's Declare Attackers Step
Phase: Ai(2)-Gabe_Food's Declare Blockers Step
Phase: Ai(2)-Gabe_Food's First Strike Damage Step
Phase: Ai(2)-Gabe_Food's Combat Damage Step
Phase: Ai(2)-Gabe_Food's End of Combat Step
Phase: Ai(2)-Gabe_Food's Main phase, postcombat
Phase: Ai(2)-Gabe_Food's End step
Phase: Ai(2)-Gabe_Food's Cleanup step
Turn: Turn 12 (Ai(3)-Destyn_Turtles)
Phase: Ai(3)-Destyn_Turtles' Untap step
Phase: Ai(3)-Destyn_Turtles' Upkeep step
Phase: Ai(3)-Destyn_Turtles' Draw step
Phase: Ai(3)-Destyn_Turtles' Main phase, precombat
Replacement Effect: Cinder Glade enters tapped unless you control two or more basic lands.
Land: Ai(3)-Destyn_Turtles played Cinder Glade (218)
Phase: Ai(3)-Destyn_Turtles' Beginning of Combat Step
Phase: Ai(3)-Destyn_Turtles' Declare Attackers Step
Phase: Ai(3)-Destyn_Turtles' Declare Blockers Step
Phase: Ai(3)-Destyn_Turtles' First Strike Damage Step
Phase: Ai(3)-Destyn_Turtles' Combat Damage Step
Phase: Ai(3)-Destyn_Turtles' End of Combat Step
Phase: Ai(3)-Destyn_Turtles' Main phase, postcombat
Mana: Sodden Verdure (283) - {T}: Add {G}.
Mana: City of Brass (247) - {T}: Add one mana of any color.
Add To Stack: Ai(3)-Destyn_Turtles cast Everything Pizza
Add To Stack: Ai(3)-Destyn_Turtles triggered City of Brass
Damage: City of Brass (247) deals 1 non-combat damage to Ai(3)-Destyn_Turtles.
Life: Life: Ai(3)-Destyn_Turtles 38 > 37
Resolve Stack: Whenever City of Brass becomes tapped, it deals 1 damage to you. [Tapped: City of Brass (247)]
Resolve Stack: Everything Pizza
Add To Stack: Ai(3)-Destyn_Turtles triggered Everything Pizza
Resolve Stack: When this artifact enters, search your library for a basic land card, reveal it, put it into your hand, then shuffle. [Zone Changer: Everything Pizza (268)]
Phase: Ai(3)-Destyn_Turtles' End step
Phase: Ai(3)-Destyn_Turtles' Cleanup step
Turn: Turn 13 (Ai(4)-GGS_Ink_Eyes_diagnostic)
Phase: Ai(4)-GGS_Ink_Eyes_diagnostic's Untap step
Phase: Ai(4)-GGS_Ink_Eyes_diagnostic's Upkeep step
Phase: Ai(4)-GGS_Ink_Eyes_diagnostic's Draw step
Phase: Ai(4)-GGS_Ink_Eyes_diagnostic's Main phase, precombat
Land: Ai(4)-GGS_Ink_Eyes_diagnostic played Bloodstained Mire (345)
Life: Life: Ai(4)-GGS_Ink_Eyes_diagnostic 41 > 40
Zone Change: Bloodstained Mire (345) was put into Graveyard from Battlefield.
Add To Stack: Ai(4)-GGS_Ink_Eyes_diagnostic activated Bloodstained Mire
Replacement Effect: As Watery Grave enters, you may pay 2 life. If you don't, it enters tapped.
Resolve Stack: Bloodstained Mire (345) - Ai(4)-GGS_Ink_Eyes_diagnostic searches their library for a Swamp or Mountain card, puts it onto the battlefield, then shuffles.
Phase: Ai(4)-GGS_Ink_Eyes_diagnostic's Beginning of Combat Step
Phase: Ai(4)-GGS_Ink_Eyes_diagnostic's Declare Attackers Step
Phase: Ai(4)-GGS_Ink_Eyes_diagnostic's Declare Blockers Step
Phase: Ai(4)-GGS_Ink_Eyes_diagnostic's First Strike Damage Step
Phase: Ai(4)-GGS_Ink_Eyes_diagnostic's Combat Damage Step
Phase: Ai(4)-GGS_Ink_Eyes_diagnostic's End of Combat Step
Phase: Ai(4)-GGS_Ink_Eyes_diagnostic's Main phase, postcombat
Mana: Exotic Orchard (332) - {T}: Add one mana of any color that a land an opponent controls could produce.
Mana: Luxury Suite (378) - {T}: Add {B} or {R}.
Mana: Undercity Sewers (306) - {T}: Add {B}.
Add To Stack: Ai(4)-GGS_Ink_Eyes_diagnostic cast Satoru Umezawa
Resolve Stack: Satoru Umezawa - Creature 2 / 4
Phase: Ai(4)-GGS_Ink_Eyes_diagnostic's End step
Phase: Ai(4)-GGS_Ink_Eyes_diagnostic's Cleanup step
Turn: Turn 14 (Ai(1)-Jaymie_Ezio)
Phase: Ai(1)-Jaymie_Ezio's Untap step
Phase: Ai(1)-Jaymie_Ezio's Upkeep step
Phase: Ai(1)-Jaymie_Ezio's Draw step
Phase: Ai(1)-Jaymie_Ezio's Main phase, precombat
Mana: Command Tower (32) - {T}: Add one mana of any color in your commander's color identity.
Mana: Path of Ancestry (8) - {T}: Add one mana of any color in your commander's color identity. When that mana is spent to cast a creature spell that shares a creature type with your commander, scry 1. (Look at the top card of your library. You may put that card on the bottom.)
Mana: Plains (90) - {T}: Add {W}.
Mana: Smoldering Marsh (71) - {T}: Add {R}.
Add To Stack: Ai(1)-Jaymie_Ezio cast Coastal Piracy
Resolve Stack: Coastal Piracy
Phase: Ai(1)-Jaymie_Ezio's Beginning of Combat Step
Phase: Ai(1)-Jaymie_Ezio's Declare Attackers Step
Combat: Ai(1)-Jaymie_Ezio assigned Changeling Outcast (14) to attack Ai(2)-Gabe_Food.
Phase: Ai(1)-Jaymie_Ezio's Declare Blockers Step
Combat: Ai(2)-Gabe_Food didn't block Changeling Outcast (14).
Phase: Ai(1)-Jaymie_Ezio's First Strike Damage Step
Phase: Ai(1)-Jaymie_Ezio's Combat Damage Step
Damage: Changeling Outcast (14) deals 1 combat damage to Ai(2)-Gabe_Food.
Life: Life: Ai(2)-Gabe_Food 40 > 39
Add To Stack: Ai(1)-Jaymie_Ezio triggered Coastal Piracy
Resolve Stack: Whenever a creature you control deals combat damage to an opponent, you may draw a card. [Damage Source: Changeling Outcast (14), Damaged: Ai(2)-Gabe_Food, Amount: 1]
Phase: Ai(1)-Jaymie_Ezio's End of Combat Step
Phase: Ai(1)-Jaymie_Ezio's Main phase, postcombat
Replacement Effect: Thriving Grove enters tapped.
Replacement Effect: As Thriving Grove enters, choose a color other than green.
Land: Ai(1)-Jaymie_Ezio played Thriving Grove (27)
Phase: Ai(1)-Jaymie_Ezio's End step
Phase: Ai(1)-Jaymie_Ezio's Cleanup step
Turn: Turn 15 (Ai(2)-Gabe_Food)
Phase: Ai(2)-Gabe_Food's Untap step
Phase: Ai(2)-Gabe_Food's Upkeep step
Phase: Ai(2)-Gabe_Food's Draw step
Phase: Ai(2)-Gabe_Food's Main phase, precombat
Land: Ai(2)-Gabe_Food played Shire Terrace (172)
Mana: Forest (140) - {T}: Add {G}.
Mana: Swamp (163) - {T}: Add {B}.
Mana: Command Tower (131) - {T}: Add one mana of any color in your commander's color identity.
Mana: Shire Terrace (172) - {T}: Add {C}.
Add To Stack: Ai(2)-Gabe_Food cast Assemble the Entmoot
Resolve Stack: Assemble the Entmoot
Phase: Ai(2)-Gabe_Food's Beginning of Combat Step
Add To Stack: Ai(2)-Gabe_Food triggered Sam, Loyal Attendant
Resolve Stack: At the beginning of combat on your turn, create a Food token. (It's an artifact with "{2}, {T}, Sacrifice this token: You gain 3 life.") [Phase: Ai(2)-Gabe_Food]
Phase: Ai(2)-Gabe_Food's Declare Attackers Step
Combat: Ai(2)-Gabe_Food assigned Sam, Loyal Attendant (202) to attack Ai(1)-Jaymie_Ezio.
Phase: Ai(2)-Gabe_Food's Declare Blockers Step
Combat: Ai(1)-Jaymie_Ezio didn't block Sam, Loyal Attendant (202).
Phase: Ai(2)-Gabe_Food's First Strike Damage Step
Phase: Ai(2)-Gabe_Food's Combat Damage Step
Damage: Sam, Loyal Attendant (202) deals 2 combat damage to Ai(1)-Jaymie_Ezio.
Life: Life: Ai(1)-Jaymie_Ezio 40 > 38
Phase: Ai(2)-Gabe_Food's End of Combat Step
Phase: Ai(2)-Gabe_Food's Main phase, postcombat
Phase: Ai(2)-Gabe_Food's End step
Phase: Ai(2)-Gabe_Food's Cleanup step
Turn: Turn 16 (Ai(3)-Destyn_Turtles)
Phase: Ai(3)-Destyn_Turtles' Untap step
Phase: Ai(3)-Destyn_Turtles' Upkeep step
Phase: Ai(3)-Destyn_Turtles' Draw step
Phase: Ai(3)-Destyn_Turtles' Main phase, precombat
Land: Ai(3)-Destyn_Turtles played Plains (289)
Phase: Ai(3)-Destyn_Turtles' Beginning of Combat Step
Phase: Ai(3)-Destyn_Turtles' Declare Attackers Step
Zone Change: Assemble the Entmoot (102) was put into Graveyard from Battlefield.
Add To Stack: Ai(2)-Gabe_Food activated Assemble the Entmoot
Resolve Stack: Assemble the Entmoot (102) - Ai(2)-Gabe_Food creates three tapped X/X green Treefolk creature tokens, where X is the amount of life you gained this turn. Put a reach counter on each of them. Ai(2)-Gabe_Food puts a reach counter on . 
Zone Change: Treefolk Token (426) was put into Graveyard from Battlefield.
Zone Change: Treefolk Token (427) was put into Graveyard from Battlefield.
Zone Change: Treefolk Token (428) was put into Graveyard from Battlefield.
Phase: Ai(3)-Destyn_Turtles' Declare Blockers Step
Phase: Ai(3)-Destyn_Turtles' First Strike Damage Step
Phase: Ai(3)-Destyn_Turtles' Combat Damage Step
Phase: Ai(3)-Destyn_Turtles' End of Combat Step
Phase: Ai(3)-Destyn_Turtles' Main phase, postcombat
Mana: Cinder Glade (218) - {T}: Add {R}.
Mana: Plains (289) - {T}: Add {W}.
Mana: Sodden Verdure (283) - {T}: Add {G}.
Mana: City of Brass (247) - {T}: Add one mana of any color.
Add To Stack: Ai(3)-Destyn_Turtles cast Casey Jones, Back Alley Brute
Add To Stack: Ai(3)-Destyn_Turtles triggered City of Brass
Damage: City of Brass (247) deals 1 non-combat damage to Ai(3)-Destyn_Turtles.
Life: Life: Ai(3)-Destyn_Turtles 37 > 36
Resolve Stack: Whenever City of Brass becomes tapped, it deals 1 damage to you. [Tapped: City of Brass (247)]
Resolve Stack: Casey Jones, Back Alley Brute - Creature 4 / 2
Phase: Ai(3)-Destyn_Turtles' End step
Phase: Ai(3)-Destyn_Turtles' Cleanup step
Turn: Turn 17 (Ai(4)-GGS_Ink_Eyes_diagnostic)
Phase: Ai(4)-GGS_Ink_Eyes_diagnostic's Untap step
Phase: Ai(4)-GGS_Ink_Eyes_diagnostic's Upkeep step
Phase: Ai(4)-GGS_Ink_Eyes_diagnostic's Draw step
Phase: Ai(4)-GGS_Ink_Eyes_diagnostic's Main phase, precombat
Mana: Exotic Orchard (332) - {T}: Add one mana of any color that a land an opponent controls could produce.
Mana: Luxury Suite (378) - {T}: Add {B} or {R}.
Mana: Undercity Sewers (306) - {T}: Add {B}.
Add To Stack: Ai(4)-GGS_Ink_Eyes_diagnostic cast Chaos Warp targeting [Casey Jones, Back Alley Brute (208)]
Resolve Stack: Chaos Warp (354) - Shuffle Casey Jones, Back Alley Brute (208) into its owner's library. Ai(4)-GGS_Ink_Eyes_diagnostic reveals the top card of Ai(3)-Destyn_Turtles' library.
Phase: Ai(4)-GGS_Ink_Eyes_diagnostic's Beginning of Combat Step
Phase: Ai(4)-GGS_Ink_Eyes_diagnostic's Declare Attackers Step
Phase: Ai(4)-GGS_Ink_Eyes_diagnostic's Declare Blockers Step
Phase: Ai(4)-GGS_Ink_Eyes_diagnostic's First Strike Damage Step
Phase: Ai(4)-GGS_Ink_Eyes_diagnostic's Combat Damage Step
Phase: Ai(4)-GGS_Ink_Eyes_diagnostic's End of Combat Step
Phase: Ai(4)-GGS_Ink_Eyes_diagnostic's Main phase, postcombat
Phase: Ai(4)-GGS_Ink_Eyes_diagnostic's End step
Phase: Ai(4)-GGS_Ink_Eyes_diagnostic's Cleanup step
Turn: Turn 18 (Ai(1)-Jaymie_Ezio)
Phase: Ai(1)-Jaymie_Ezio's Untap step
Phase: Ai(1)-Jaymie_Ezio's Upkeep step
Phase: Ai(1)-Jaymie_Ezio's Draw step
Phase: Ai(1)-Jaymie_Ezio's Main phase, precombat
Land: Ai(1)-Jaymie_Ezio played Eiganjo, Seat of the Empire (16)
Mana: Plains (90) - {T}: Add {W}.
Mana: Eiganjo, Seat of the Empire (16) - {T}: Add {W}.
Mana: Thriving Grove (27) - {T}: Add {G} or one mana of the chosen color.
Add To Stack: Ai(1)-Jaymie_Ezio cast 
Resolve Stack: Disguise - Creature 2/2
Mana: Smoldering Marsh (71) - {T}: Add {B}.
Mana: Command Tower (32) - {T}: Add one mana of any color in your commander's color identity.
Resolve Stack: Ai(1)-Jaymie_Ezio has undisguised Arno Dorian
Phase: Ai(1)-Jaymie_Ezio's Beginning of Combat Step
Phase: Ai(1)-Jaymie_Ezio's Declare Attackers Step
Combat: Ai(1)-Jaymie_Ezio assigned Changeling Outcast (14) to attack Ai(3)-Destyn_Turtles.
Phase: Ai(1)-Jaymie_Ezio's Declare Blockers Step
Combat: Ai(3)-Destyn_Turtles didn't block Changeling Outcast (14).
Phase: Ai(1)-Jaymie_Ezio's First Strike Damage Step
Phase: Ai(1)-Jaymie_Ezio's Combat Damage Step
Damage: Changeling Outcast (14) deals 3 combat damage to Ai(3)-Destyn_Turtles.
Life: Life: Ai(3)-Destyn_Turtles 36 > 33
Add To Stack: Ai(1)-Jaymie_Ezio triggered Coastal Piracy
Resolve Stack: Whenever a creature you control deals combat damage to an opponent, you may draw a card. [Damage Source: Changeling Outcast (14), Damaged: Ai(3)-Destyn_Turtles, Amount: 3]
Phase: Ai(1)-Jaymie_Ezio's End of Combat Step
Phase: Ai(1)-Jaymie_Ezio's Main phase, postcombat
Phase: Ai(1)-Jaymie_Ezio's End step
Phase: Ai(1)-Jaymie_Ezio's Cleanup step
Turn: Turn 19 (Ai(2)-Gabe_Food)
Phase: Ai(2)-Gabe_Food's Untap step
Phase: Ai(2)-Gabe_Food's Upkeep step
Mana: Forest (140) - {T}: Add {G}.
Zone Change: Shire Terrace (172) was put into Graveyard from Battlefield.
Add To Stack: Ai(2)-Gabe_Food activated Shire Terrace
Resolve Stack: Shire Terrace (172) - Ai(2)-Gabe_Food searches their library for a basic land card, puts it onto the battlefield tapped, then shuffles.
Phase: Ai(2)-Gabe_Food's Draw step
Phase: Ai(2)-Gabe_Food's Main phase, precombat
Phase: Ai(2)-Gabe_Food's Beginning of Combat Step
Add To Stack: Ai(2)-Gabe_Food triggered Sam, Loyal Attendant
Resolve Stack: At the beginning of combat on your turn, create a Food token. (It's an artifact with "{2}, {T}, Sacrifice this token: You gain 3 life.") [Phase: Ai(2)-Gabe_Food]
Phase: Ai(2)-Gabe_Food's Declare Attackers Step
Phase: Ai(2)-Gabe_Food's Declare Blockers Step
Phase: Ai(2)-Gabe_Food's First Strike Damage Step
Phase: Ai(2)-Gabe_Food's Combat Damage Step
Phase: Ai(2)-Gabe_Food's End of Combat Step
Phase: Ai(2)-Gabe_Food's Main phase, postcombat
Mana: Command Tower (131) - {T}: Add one mana of any color in your commander's color identity.
Mana: Swamp (163) - {T}: Add {B}.
Mana: Prize Pig (130) - {T}: Add one mana of any color.
Add To Stack: Ai(2)-Gabe_Food cast Savvy Hunter
Resolve Stack: Savvy Hunter - Creature 3 / 3
Phase: Ai(2)-Gabe_Food's End step
Phase: Ai(2)-Gabe_Food's Cleanup step
Turn: Turn 20 (Ai(3)-Destyn_Turtles)
Phase: Ai(3)-Destyn_Turtles' Untap step
Phase: Ai(3)-Destyn_Turtles' Upkeep step
Phase: Ai(3)-Destyn_Turtles' Draw step
Phase: Ai(3)-Destyn_Turtles' Main phase, precombat
Land: Ai(3)-Destyn_Turtles played Swamp (257)
Mana: Sodden Verdure (283) - {T}: Add {G}.
Mana: Cinder Glade (218) - {T}: Add {G}.
Mana: Plains (289) - {T}: Add {W}.
Mana: Swamp (257) - {T}: Add {B}.
Mana: City of Brass (247) - {T}: Add one mana of any color.
Add To Stack: Ai(3)-Destyn_Turtles cast Acidic Slime
Add To Stack: Ai(3)-Destyn_Turtles triggered City of Brass
Damage: City of Brass (247) deals 1 non-combat damage to Ai(3)-Destyn_Turtles.
Life: Life: Ai(3)-Destyn_Turtles 33 > 32
Resolve Stack: Whenever City of Brass becomes tapped, it deals 1 damage to you. [Tapped: City of Brass (247)]
Resolve Stack: Acidic Slime - Creature 2 / 2
Add To Stack: Ai(3)-Destyn_Turtles triggered Acidic Slime targeting [Coastal Piracy (1)]
Zone Change: Coastal Piracy (1) was put into Graveyard from Battlefield.
Resolve Stack: When Acidic Slime enters, destroy target artifact, enchantment, or land. (Targeting: [[Coastal Piracy (1)]]) [Zone Changer: Acidic Slime (264)]
Phase: Ai(3)-Destyn_Turtles' Beginning of Combat Step
Phase: Ai(3)-Destyn_Turtles' Declare Attackers Step
Combat: Ai(3)-Destyn_Turtles assigned Vigor (213) to attack Ai(2)-Gabe_Food.
Phase: Ai(3)-Destyn_Turtles' Declare Blockers Step
Combat: Ai(2)-Gabe_Food didn't block Vigor (213).
Phase: Ai(3)-Destyn_Turtles' First Strike Damage Step
Phase: Ai(3)-Destyn_Turtles' Combat Damage Step
Damage: Vigor (213) deals 6 combat damage to Ai(2)-Gabe_Food.
Life: Life: Ai(2)-Gabe_Food 39 > 33
Phase: Ai(3)-Destyn_Turtles' End of Combat Step
Phase: Ai(3)-Destyn_Turtles' Main phase, postcombat
Add To Stack: Ai(3)-Destyn_Turtles triggered Michelangelo, the Heart targeting [Vigor (213)]
Resolve Stack: Raid (the Fridge) — At the beginning of your second main phase, if you attacked this turn, put a +1/+1 counter on target creature and create a Food token. (Targeting: [[Vigor (213)]]) [Phase: Ai(3)-Destyn_Turtles]
Phase: Ai(3)-Destyn_Turtles' End step
Phase: Ai(3)-Destyn_Turtles' Cleanup step
Turn: Turn 21 (Ai(4)-GGS_Ink_Eyes_diagnostic)
Phase: Ai(4)-GGS_Ink_Eyes_diagnostic's Untap step
Phase: Ai(4)-GGS_Ink_Eyes_diagnostic's Upkeep step
Phase: Ai(4)-GGS_Ink_Eyes_diagnostic's Draw step
Phase: Ai(4)-GGS_Ink_Eyes_diagnostic's Main phase, precombat
Replacement Effect: As Steam Vents enters, you may pay 2 life. If you don't, it enters tapped.
Land: Ai(4)-GGS_Ink_Eyes_diagnostic played Steam Vents (347)
Phase: Ai(4)-GGS_Ink_Eyes_diagnostic's Beginning of Combat Step
Phase: Ai(4)-GGS_Ink_Eyes_diagnostic's Declare Attackers Step
Phase: Ai(4)-GGS_Ink_Eyes_diagnostic's Declare Blockers Step
Phase: Ai(4)-GGS_Ink_Eyes_diagnostic's First Strike Damage Step
Phase: Ai(4)-GGS_Ink_Eyes_diagnostic's Combat Damage Step
Phase: Ai(4)-GGS_Ink_Eyes_diagnostic's End of Combat Step
Phase: Ai(4)-GGS_Ink_Eyes_diagnostic's Main phase, postcombat
Mana: Exotic Orchard (332) - {T}: Add one mana of any color that a land an opponent controls could produce.
Mana: Luxury Suite (378) - {T}: Add {B} or {R}.
Add To Stack: Ai(4)-GGS_Ink_Eyes_diagnostic cast Dragon Tempest
Resolve Stack: Dragon Tempest
Mana: Undercity Sewers (306) - {T}: Add {B}.
Mana: Watery Grave (374) - {T}: Add {B}.
Add To Stack: Ai(4)-GGS_Ink_Eyes_diagnostic cast Talisman of Creativity
Resolve Stack: Talisman of Creativity
Phase: Ai(4)-GGS_Ink_Eyes_diagnostic's End step
Phase: Ai(4)-GGS_Ink_Eyes_diagnostic's Cleanup step
Turn: Turn 22 (Ai(1)-Jaymie_Ezio)
Phase: Ai(1)-Jaymie_Ezio's Untap step
Phase: Ai(1)-Jaymie_Ezio's Upkeep step
Phase: Ai(1)-Jaymie_Ezio's Draw step
Phase: Ai(1)-Jaymie_Ezio's Main phase, precombat
Land: Ai(1)-Jaymie_Ezio played Mountain (88)
Phase: Ai(1)-Jaymie_Ezio's Beginning of Combat Step
Phase: Ai(1)-Jaymie_Ezio's Declare Attackers Step
Combat: Ai(1)-Jaymie_Ezio assigned Changeling Outcast (14) to attack Ai(3)-Destyn_Turtles.
Phase: Ai(1)-Jaymie_Ezio's Declare Blockers Step
Combat: Ai(3)-Destyn_Turtles didn't block Changeling Outcast (14).
Phase: Ai(1)-Jaymie_Ezio's First Strike Damage Step
Phase: Ai(1)-Jaymie_Ezio's Combat Damage Step
Damage: Changeling Outcast (14) deals 3 combat damage to Ai(3)-Destyn_Turtles.
Life: Life: Ai(3)-Destyn_Turtles 32 > 29
Phase: Ai(1)-Jaymie_Ezio's End of Combat Step
Phase: Ai(1)-Jaymie_Ezio's Main phase, postcombat
Mana: Command Tower (32) - {T}: Add one mana of any color in your commander's color identity.
Mana: Thriving Grove (27) - {T}: Add {G} or one mana of the chosen color.
Mana: Mountain (88) - {T}: Add {R}.
Mana: Plains (90) - {T}: Add {W}.
Mana: Eiganjo, Seat of the Empire (16) - {T}: Add {W}.
Add To Stack: Ai(1)-Jaymie_Ezio cast Edward Kenway
Resolve Stack: Edward Kenway - Creature 5 / 5
Mana: Smoldering Marsh (71) - {T}: Add {B}.
Mana: Path of Ancestry (8) - {T}: Add one mana of any color in your commander's color identity. When that mana is spent to cast a creature spell that shares a creature type with your commander, scry 1. (Look at the top card of your library. You may put that card on the bottom.)
Add To Stack: Ai(1)-Jaymie_Ezio cast Ezio Auditore da Firenze
Add To Stack: Ai(1)-Jaymie_Ezio triggered Path of Ancestry
Resolve Stack: Ai(1)-Jaymie_Ezio scried 1 card(s) to the top of the library
Resolve Stack: When mana produced by Path of Ancestry is spent to cast a creature spell that shares a creature type with your commander, scry 1. ([Ezio Auditore da Firenze - Creature 3 / 2]) [Card: Ezio Auditore da Firenze (100), Activator: Ai(1)-Jaymie_Ezio, SpellAbility: Ezio Auditore da Firenze - Creature 3 / 2]
Resolve Stack: Ezio Auditore da Firenze - Creature 3 / 2
Phase: Ai(1)-Jaymie_Ezio's End step
Add To Stack: Ai(1)-Jaymie_Ezio triggered Edward Kenway
Resolve Stack: At the beginning of your end step, create a Treasure token for each tapped Assassin, Pirate, and/or Vehicle you control. [Phase: Ai(1)-Jaymie_Ezio]
Phase: Ai(1)-Jaymie_Ezio's Cleanup step
Turn: Turn 23 (Ai(2)-Gabe_Food)
Phase: Ai(2)-Gabe_Food's Untap step
Phase: Ai(2)-Gabe_Food's Upkeep step
Phase: Ai(2)-Gabe_Food's Draw step
Phase: Ai(2)-Gabe_Food's Main phase, precombat
Phase: Ai(2)-Gabe_Food's Beginning of Combat Step
Add To Stack: Ai(2)-Gabe_Food triggered Sam, Loyal Attendant
Resolve Stack: At the beginning of combat on your turn, create a Food token. (It's an artifact with "{2}, {T}, Sacrifice this token: You gain 3 life.") [Phase: Ai(2)-Gabe_Food]
Phase: Ai(2)-Gabe_Food's Declare Attackers Step
Phase: Ai(2)-Gabe_Food's Declare Blockers Step
Phase: Ai(2)-Gabe_Food's First Strike Damage Step
Phase: Ai(2)-Gabe_Food's Combat Damage Step
Phase: Ai(2)-Gabe_Food's End of Combat Step
Phase: Ai(2)-Gabe_Food's Main phase, postcombat
Mana: Plains (189) - {T}: Add {W}.
Mana: Command Tower (131) - {T}: Add one mana of any color in your commander's color identity.
Mana: Forest (140) - {T}: Add {G}.
Mana: Swamp (163) - {T}: Add {B}.
Mana: Prize Pig (130) - {T}: Add one mana of any color.
Add To Stack: Ai(2)-Gabe_Food cast Call for Unity
Damage: Talisman of Creativity (352) deals 1 non-combat damage to Ai(4)-GGS_Ink_Eyes_diagnostic.
Life: Life: Ai(4)-GGS_Ink_Eyes_diagnostic 40 > 39
Mana: Talisman of Creativity (352) - {T}: Add {U} or {R}. Talisman of Creativity deals 1 damage to you. 
Add To Stack: Ai(4)-GGS_Ink_Eyes_diagnostic cast Swan Song targeting [Call for Unity]
Zone Change: Send countered spell to Graveyard
Resolve Stack: Swan Song (343) - Counter Call for Unity (168). 
Phase: Ai(2)-Gabe_Food's End step
Phase: Ai(2)-Gabe_Food's Cleanup step
Turn: Turn 24 (Ai(3)-Destyn_Turtles)
Phase: Ai(3)-Destyn_Turtles' Untap step
Phase: Ai(3)-Destyn_Turtles' Upkeep step
Phase: Ai(3)-Destyn_Turtles' Draw step
Phase: Ai(3)-Destyn_Turtles' Main phase, precombat
Replacement Effect: Sunken Hollow enters tapped unless you control two or more basic lands.
Land: Ai(3)-Destyn_Turtles played Sunken Hollow (226)
Phase: Ai(3)-Destyn_Turtles' Beginning of Combat Step
Phase: Ai(3)-Destyn_Turtles' Declare Attackers Step
Combat: Ai(3)-Destyn_Turtles assigned Acidic Slime (264) to attack Ai(1)-Jaymie_Ezio.
Phase: Ai(3)-Destyn_Turtles' Declare Blockers Step
Combat: Ai(1)-Jaymie_Ezio didn't block Acidic Slime (264).
Phase: Ai(3)-Destyn_Turtles' First Strike Damage Step
Phase: Ai(3)-Destyn_Turtles' Combat Damage Step
Damage: Acidic Slime (264) deals 2 combat damage to Ai(1)-Jaymie_Ezio.
Life: Life: Ai(1)-Jaymie_Ezio 38 > 36
Phase: Ai(3)-Destyn_Turtles' End of Combat Step
Phase: Ai(3)-Destyn_Turtles' Main phase, postcombat
Add To Stack: Ai(3)-Destyn_Turtles triggered Michelangelo, the Heart targeting [Vigor (213)]
Resolve Stack: Raid (the Fridge) — At the beginning of your second main phase, if you attacked this turn, put a +1/+1 counter on target creature and create a Food token. (Targeting: [[Vigor (213)]]) [Phase: Ai(3)-Destyn_Turtles]
Mana: Plains (289) - {T}: Add {W}.
Mana: Swamp (257) - {T}: Add {B}.
Mana: Sunken Hollow (226) - {T}: Add {B}.
Mana: Cinder Glade (218) - {T}: Add {G}.
Add To Stack: Ai(3)-Destyn_Turtles cast Leonardo, the Balance
Resolve Stack: Leonardo, the Balance - Creature 3 / 3
Phase: Ai(3)-Destyn_Turtles' End step
Phase: Ai(3)-Destyn_Turtles' Cleanup step
Turn: Turn 25 (Ai(4)-GGS_Ink_Eyes_diagnostic)
Phase: Ai(4)-GGS_Ink_Eyes_diagnostic's Untap step
Phase: Ai(4)-GGS_Ink_Eyes_diagnostic's Upkeep step
Phase: Ai(4)-GGS_Ink_Eyes_diagnostic's Draw step
Phase: Ai(4)-GGS_Ink_Eyes_diagnostic's Main phase, precombat
Mana: Exotic Orchard (332) - {T}: Add one mana of any color that a land an opponent controls could produce.
Mana: Luxury Suite (378) - {T}: Add {B} or {R}.
Mana: Undercity Sewers (306) - {T}: Add {U}.
Mana: Watery Grave (374) - {T}: Add {B}.
Mana: Steam Vents (347) - {T}: Add {R}.
Add To Stack: Ai(4)-GGS_Ink_Eyes_diagnostic cast Goro-Goro and Satoru
Resolve Stack: Goro-Goro and Satoru - Creature 3 / 4
Phase: Ai(4)-GGS_Ink_Eyes_diagnostic's Beginning of Combat Step
Phase: Ai(4)-GGS_Ink_Eyes_diagnostic's Declare Attackers Step
Phase: Ai(4)-GGS_Ink_Eyes_diagnostic's Declare Blockers Step
Phase: Ai(4)-GGS_Ink_Eyes_diagnostic's First Strike Damage Step
Phase: Ai(4)-GGS_Ink_Eyes_diagnostic's Combat Damage Step
Phase: Ai(4)-GGS_Ink_Eyes_diagnostic's End of Combat Step
Phase: Ai(4)-GGS_Ink_Eyes_diagnostic's Main phase, postcombat
Phase: Ai(4)-GGS_Ink_Eyes_diagnostic's End step
Phase: Ai(4)-GGS_Ink_Eyes_diagnostic's Cleanup step
Turn: Turn 26 (Ai(1)-Jaymie_Ezio)
Phase: Ai(1)-Jaymie_Ezio's Untap step
Phase: Ai(1)-Jaymie_Ezio's Upkeep step
Phase: Ai(1)-Jaymie_Ezio's Draw step
Phase: Ai(1)-Jaymie_Ezio's Main phase, precombat
Phase: Ai(1)-Jaymie_Ezio's Beginning of Combat Step
Phase: Ai(1)-Jaymie_Ezio's Declare Attackers Step
Combat: Ai(1)-Jaymie_Ezio assigned Changeling Outcast (14) to attack Ai(3)-Destyn_Turtles.
Phase: Ai(1)-Jaymie_Ezio's Declare Blockers Step
Combat: Ai(3)-Destyn_Turtles didn't block Changeling Outcast (14).
Phase: Ai(1)-Jaymie_Ezio's First Strike Damage Step
Phase: Ai(1)-Jaymie_Ezio's Combat Damage Step
Damage: Changeling Outcast (14) deals 3 combat damage to Ai(3)-Destyn_Turtles.
Life: Life: Ai(3)-Destyn_Turtles 29 > 26
Phase: Ai(1)-Jaymie_Ezio's End of Combat Step
Phase: Ai(1)-Jaymie_Ezio's Main phase, postcombat
Replacement Effect: Tranquil Cove enters tapped.
Land: Ai(1)-Jaymie_Ezio played Tranquil Cove (77)
Add To Stack: Ai(1)-Jaymie_Ezio triggered Tranquil Cove
Life: Life: Ai(1)-Jaymie_Ezio 36 > 37
Resolve Stack: When Tranquil Cove enters, you gain 1 life. [Zone Changer: Tranquil Cove (77)]
Mana: Thriving Grove (27) - {T}: Add {G} or one mana of the chosen color.
Mana: Smoldering Marsh (71) - {T}: Add {B}.
Add To Stack: Ai(1)-Jaymie_Ezio cast The Lord of Pain
Resolve Stack: The Lord of Pain - Creature 5 / 5
Mana: Command Tower (32) - {T}: Add one mana of any color in your commander's color identity.
Mana: Path of Ancestry (8) - {T}: Add one mana of any color in your commander's color identity. When that mana is spent to cast a creature spell that shares a creature type with your commander, scry 1. (Look at the top card of your library. You may put that card on the bottom.)
Zone Change: Treasure Token (446) was put into Graveyard from Battlefield.
Mana: Treasure Token (446) - {T}, Sacrifice this token: Add one mana of any color.
Discard: Ai(1)-Jaymie_Ezio discards Foreboding Landscape (21).
Add To Stack: Ai(1)-Jaymie_Ezio activated Foreboding Landscape
Resolve Stack: Foreboding Landscape (21) - Ai(1)-Jaymie_Ezio draws a card.
Phase: Ai(1)-Jaymie_Ezio's End step
Add To Stack: Ai(1)-Jaymie_Ezio triggered Edward Kenway
Resolve Stack: At the beginning of your end step, create a Treasure token for each tapped Assassin, Pirate, and/or Vehicle you control. [Phase: Ai(1)-Jaymie_Ezio]
Phase: Ai(1)-Jaymie_Ezio's Cleanup step
Turn: Turn 27 (Ai(2)-Gabe_Food)
Phase: Ai(2)-Gabe_Food's Untap step
Phase: Ai(2)-Gabe_Food's Upkeep step
Phase: Ai(2)-Gabe_Food's Draw step
Phase: Ai(2)-Gabe_Food's Main phase, precombat
Replacement Effect: As Shineshadow Snarl enters, you may reveal a Plains or Swamp card from your hand. If you don't, Shineshadow Snarl enters tapped.
Land: Ai(2)-Gabe_Food played Shineshadow Snarl (121)
Phase: Ai(2)-Gabe_Food's Beginning of Combat Step
Add To Stack: Ai(2)-Gabe_Food triggered Sam, Loyal Attendant
Resolve Stack: At the beginning of combat on your turn, create a Food token. (It's an artifact with "{2}, {T}, Sacrifice this token: You gain 3 life.") [Phase: Ai(2)-Gabe_Food]
Phase: Ai(2)-Gabe_Food's Declare Attackers Step
Combat: Ai(2)-Gabe_Food assigned Bird Token (451) to attack Ai(1)-Jaymie_Ezio.
Phase: Ai(2)-Gabe_Food's Declare Blockers Step
Combat: Ai(1)-Jaymie_Ezio didn't block Bird Token (451).
Phase: Ai(2)-Gabe_Food's First Strike Damage Step
Phase: Ai(2)-Gabe_Food's Combat Damage Step
Damage: Bird Token (451) deals 2 combat damage to Ai(1)-Jaymie_Ezio.
Life: Life: Ai(1)-Jaymie_Ezio 37 > 35
Phase: Ai(2)-Gabe_Food's End of Combat Step
Phase: Ai(2)-Gabe_Food's Main phase, postcombat
Mana: Forest (140) - {T}: Add {G}.
Mana: Swamp (163) - {T}: Add {B}.
Mana: Plains (189) - {T}: Add {W}.
Mana: Command Tower (131) - {T}: Add one mana of any color in your commander's color identity.
Add To Stack: Ai(2)-Gabe_Food cast Well of Lost Dreams
Add To Stack: Ai(1)-Jaymie_Ezio triggered The Lord of Pain targeting [Ai(3)-Destyn_Turtles]
Damage: The Lord of Pain (41) deals 4 non-combat damage to Ai(3)-Destyn_Turtles.
Life: Life: Ai(3)-Destyn_Turtles 26 > 22
Resolve Stack: Whenever a player casts their first spell each turn, choose another target player. The Lord of Pain deals damage equal to that spell's mana value to the chosen player. (Targeting: [[Ai(3)-Destyn_Turtles]]) [Card: Well of Lost Dreams (149), Activator: Ai(2)-Gabe_Food, SpellAbility: Well of Lost Dreams]
Resolve Stack: Well of Lost Dreams
Phase: Ai(2)-Gabe_Food's End step
Phase: Ai(2)-Gabe_Food's Cleanup step
Turn: Turn 28 (Ai(3)-Destyn_Turtles)
Phase: Ai(3)-Destyn_Turtles' Untap step
Phase: Ai(3)-Destyn_Turtles' Upkeep step
Phase: Ai(3)-Destyn_Turtles' Draw step
Phase: Ai(3)-Destyn_Turtles' Main phase, precombat
Land: Ai(3)-Destyn_Turtles played Plains (290)
Phase: Ai(3)-Destyn_Turtles' Beginning of Combat Step
Phase: Ai(3)-Destyn_Turtles' Declare Attackers Step
Phase: Ai(3)-Destyn_Turtles' Declare Blockers Step
Phase: Ai(3)-Destyn_Turtles' First Strike Damage Step
Phase: Ai(3)-Destyn_Turtles' Combat Damage Step
Phase: Ai(3)-Destyn_Turtles' End of Combat Step
Phase: Ai(3)-Destyn_Turtles' Main phase, postcombat
Mana: Sodden Verdure (283) - {T}: Add {G}.
Mana: Plains (289) - {T}: Add {W}.
Mana: Swamp (257) - {T}: Add {B}.
Add To Stack: Ai(3)-Destyn_Turtles cast Rocksteady, Mutant Marauder
Add To Stack: Ai(1)-Jaymie_Ezio triggered The Lord of Pain targeting [Ai(2)-Gabe_Food]
Damage: The Lord of Pain (41) deals 3 non-combat damage to Ai(2)-Gabe_Food.
Life: Life: Ai(2)-Gabe_Food 33 > 30
Resolve Stack: Whenever a player casts their first spell each turn, choose another target player. The Lord of Pain deals damage equal to that spell's mana value to the chosen player. (Targeting: [[Ai(2)-Gabe_Food]]) [Card: Rocksteady, Mutant Marauder (284), Activator: Ai(3)-Destyn_Turtles, SpellAbility: Rocksteady, Mutant Marauder - Creature 3 / 3]
Resolve Stack: Rocksteady, Mutant Marauder - Creature 3 / 3
Add To Stack: Ai(3)-Destyn_Turtles triggered Rocksteady, Mutant Marauder targeting [Ai(3)-Destyn_Turtles]
Resolve Stack: Partner with Bebop, Skull & Crossbones (When this creature enters, target player may put Bebop into their hand from their library, then shuffle.) (Targeting: [[Ai(3)-Destyn_Turtles]]) [Zone Changer: Rocksteady, Mutant Marauder (284)]
Mana: Sunken Hollow (226) - {T}: Add {B}.
Mana: Plains (290) - {T}: Add {W}.
Add To Stack: Ai(3)-Destyn_Turtles cast Bebop, Skull & Crossbones
Resolve Stack: Bebop, Skull & Crossbones - Creature 2 / 1
Add To Stack: Ai(3)-Destyn_Turtles triggered Bebop, Skull & Crossbones targeting [Ai(3)-Destyn_Turtles]
Add To Stack: Ai(3)-Destyn_Turtles triggered Rocksteady, Mutant Marauder targeting [Vigor (213)]
Resolve Stack: Whenever another nontoken creature you control enters, put a +1/+1 counter on target creature. (Targeting: [[Vigor (213)]]) [Zone Changer: Bebop, Skull & Crossbones (217)]
Resolve Stack: Partner with Rocksteady, Mutant Marauder (When this creature enters, target player may put Rocksteady into their hand from their library, then shuffle.) (Targeting: [[Ai(3)-Destyn_Turtles]]) [Zone Changer: Bebop, Skull & Crossbones (217)]
Phase: Ai(3)-Destyn_Turtles' End step
Phase: Ai(3)-Destyn_Turtles' Cleanup step
Turn: Turn 29 (Ai(4)-GGS_Ink_Eyes_diagnostic)
Phase: Ai(4)-GGS_Ink_Eyes_diagnostic's Untap step
Phase: Ai(4)-GGS_Ink_Eyes_diagnostic's Upkeep step
Phase: Ai(4)-GGS_Ink_Eyes_diagnostic's Draw step
Phase: Ai(4)-GGS_Ink_Eyes_diagnostic's Main phase, precombat
Mana: Exotic Orchard (332) - {T}: Add one mana of any color that a land an opponent controls could produce.
Mana: Luxury Suite (378) - {T}: Add {B} or {R}.
Mana: Undercity Sewers (306) - {T}: Add {B}.
Mana: Watery Grave (374) - {T}: Add {B}.
Mana: Steam Vents (347) - {T}: Add {R}.
Add To Stack: Ai(4)-GGS_Ink_Eyes_diagnostic cast Terror of the Peaks
Add To Stack: Ai(1)-Jaymie_Ezio triggered The Lord of Pain targeting [Ai(3)-Destyn_Turtles]
Damage: The Lord of Pain (41) deals 5 non-combat damage to Ai(3)-Destyn_Turtles.
Life: Life: Ai(3)-Destyn_Turtles 22 > 17
Resolve Stack: Whenever a player casts their first spell each turn, choose another target player. The Lord of Pain deals damage equal to that spell's mana value to the chosen player. (Targeting: [[Ai(3)-Destyn_Turtles]]) [Card: Terror of the Peaks (322), Activator: Ai(4)-GGS_Ink_Eyes_diagnostic, SpellAbility: Terror of the Peaks - Creature 5 / 4]
Resolve Stack: Terror of the Peaks - Creature 5 / 4
Add To Stack: Ai(4)-GGS_Ink_Eyes_diagnostic triggered Dragon Tempest targeting [Bebop, Skull & Crossbones (217)]
Add To Stack: Ai(4)-GGS_Ink_Eyes_diagnostic triggered Dragon Tempest
Resolve Stack: Whenever a creature you control with flying enters, it gains haste until end of turn. [Zone Changer: Terror of the Peaks (322)]
Replacement Effect: If damage would be dealt to another creature you control, prevent that damage. Put a +1/+1 counter on that creature for each 1 damage prevented this way.
Resolve Stack: Whenever a Dragon you control enters, it deals X damage to any target, where X is the number of Dragons you control. (Targeting: [[Bebop, Skull & Crossbones (217)]]) [Zone Changer: Terror of the Peaks (322)]
Phase: Ai(4)-GGS_Ink_Eyes_diagnostic's Beginning of Combat Step
Phase: Ai(4)-GGS_Ink_Eyes_diagnostic's Declare Attackers Step
Combat: Ai(4)-GGS_Ink_Eyes_diagnostic assigned Terror of the Peaks (322) to attack Ai(1)-Jaymie_Ezio.
Phase: Ai(4)-GGS_Ink_Eyes_diagnostic's Declare Blockers Step
Combat: Ai(1)-Jaymie_Ezio didn't block Terror of the Peaks (322).
Phase: Ai(4)-GGS_Ink_Eyes_diagnostic's First Strike Damage Step
Phase: Ai(4)-GGS_Ink_Eyes_diagnostic's Combat Damage Step
Damage: Terror of the Peaks (322) deals 5 combat damage to Ai(1)-Jaymie_Ezio.
Life: Life: Ai(1)-Jaymie_Ezio 35 > 30
Add To Stack: Ai(4)-GGS_Ink_Eyes_diagnostic triggered Goro-Goro and Satoru
Resolve Stack: Whenever one or more creatures you control that entered this turn deal combat damage to a player, create a 5/5 red Dragon Spirit creature token with flying. [Damaged: Ai(1)-Jaymie_Ezio, Amount: 5]
Add To Stack: Ai(4)-GGS_Ink_Eyes_diagnostic triggered Dragon Tempest targeting [Acidic Slime (264)]
Add To Stack: Ai(4)-GGS_Ink_Eyes_diagnostic triggered Terror of the Peaks targeting [Leonardo, the Balance (303)]
Add To Stack: Ai(4)-GGS_Ink_Eyes_diagnostic triggered Dragon Tempest
Resolve Stack: Whenever a creature you control with flying enters, it gains haste until end of turn. [Zone Changer: Dragon Spirit Token (462)]
Replacement Effect: If damage would be dealt to another creature you control, prevent that damage. Put a +1/+1 counter on that creature for each 1 damage prevented this way.
Resolve Stack: Whenever another creature you control enters, Terror of the Peaks deals damage equal to that creature's power to any target. (Targeting: [[Leonardo, the Balance (303)]]) [Zone Changer: Dragon Spirit Token (462)]
Replacement Effect: If damage would be dealt to another creature you control, prevent that damage. Put a +1/+1 counter on that creature for each 1 damage prevented this way.
Resolve Stack: Whenever a Dragon you control enters, it deals X damage to any target, where X is the number of Dragons you control. (Targeting: [[Acidic Slime (264)]]) [Zone Changer: Dragon Spirit Token (462)]
Phase: Ai(4)-GGS_Ink_Eyes_diagnostic's End of Combat Step
Phase: Ai(4)-GGS_Ink_Eyes_diagnostic's Main phase, postcombat
Phase: Ai(4)-GGS_Ink_Eyes_diagnostic's End step
Phase: Ai(4)-GGS_Ink_Eyes_diagnostic's Cleanup step
Turn: Turn 30 (Ai(1)-Jaymie_Ezio)
Phase: Ai(1)-Jaymie_Ezio's Untap step
Phase: Ai(1)-Jaymie_Ezio's Upkeep step
Phase: Ai(1)-Jaymie_Ezio's Draw step
Phase: Ai(1)-Jaymie_Ezio's Main phase, precombat
Land: Ai(1)-Jaymie_Ezio played Island (33)
Phase: Ai(1)-Jaymie_Ezio's Beginning of Combat Step
Phase: Ai(1)-Jaymie_Ezio's Declare Attackers Step
Combat: Ai(1)-Jaymie_Ezio assigned Changeling Outcast (14) to attack Ai(3)-Destyn_Turtles.
Phase: Ai(1)-Jaymie_Ezio's Declare Blockers Step
Combat: Ai(3)-Destyn_Turtles didn't block Changeling Outcast (14).
Phase: Ai(1)-Jaymie_Ezio's First Strike Damage Step
Phase: Ai(1)-Jaymie_Ezio's Combat Damage Step
Damage: Changeling Outcast (14) deals 3 combat damage to Ai(3)-Destyn_Turtles.
Life: Life: Ai(3)-Destyn_Turtles 17 > 14
Phase: Ai(1)-Jaymie_Ezio's End of Combat Step
Phase: Ai(1)-Jaymie_Ezio's Main phase, postcombat
Mana: Thriving Grove (27) - {T}: Add {G} or one mana of the chosen color.
Mana: Smoldering Marsh (71) - {T}: Add {B}.
Mana: Plains (90) - {T}: Add {W}.
Discard: Ai(1)-Jaymie_Ezio discards Deceptive Landscape (15).
Add To Stack: Ai(1)-Jaymie_Ezio activated Deceptive Landscape
Resolve Stack: Deceptive Landscape (15) - Ai(1)-Jaymie_Ezio draws a card.
Phase: Ai(1)-Jaymie_Ezio's End step
Add To Stack: Ai(1)-Jaymie_Ezio triggered Edward Kenway
Resolve Stack: At the beginning of your end step, create a Treasure token for each tapped Assassin, Pirate, and/or Vehicle you control. [Phase: Ai(1)-Jaymie_Ezio]
Phase: Ai(1)-Jaymie_Ezio's Cleanup step
Turn: Turn 31 (Ai(2)-Gabe_Food)
Phase: Ai(2)-Gabe_Food's Untap step
Phase: Ai(2)-Gabe_Food's Upkeep step
Phase: Ai(2)-Gabe_Food's Draw step
Phase: Ai(2)-Gabe_Food's Main phase, precombat
Phase: Ai(2)-Gabe_Food's Beginning of Combat Step
Add To Stack: Ai(2)-Gabe_Food triggered Sam, Loyal Attendant
Resolve Stack: At the beginning of combat on your turn, create a Food token. (It's an artifact with "{2}, {T}, Sacrifice this token: You gain 3 life.") [Phase: Ai(2)-Gabe_Food]
Phase: Ai(2)-Gabe_Food's Declare Attackers Step
Combat: Ai(2)-Gabe_Food assigned Bird Token (451) to attack Ai(3)-Destyn_Turtles.
Phase: Ai(2)-Gabe_Food's Declare Blockers Step
Combat: Ai(3)-Destyn_Turtles didn't block Bird Token (451).
Phase: Ai(2)-Gabe_Food's First Strike Damage Step
Phase: Ai(2)-Gabe_Food's Combat Damage Step
Damage: Bird Token (451) deals 2 combat damage to Ai(3)-Destyn_Turtles.
Life: Life: Ai(3)-Destyn_Turtles 14 > 12
Phase: Ai(2)-Gabe_Food's End of Combat Step
Phase: Ai(2)-Gabe_Food's Main phase, postcombat
Mana: Forest (140) - {T}: Add {G}.
Mana: Plains (189) - {T}: Add {W}.
Mana: Swamp (163) - {T}: Add {B}.
Add To Stack: Ai(2)-Gabe_Food cast Bilbo, Birthday Celebrant
Add To Stack: Ai(1)-Jaymie_Ezio triggered The Lord of Pain targeting [Ai(3)-Destyn_Turtles]
Damage: The Lord of Pain (41) deals 3 non-combat damage to Ai(3)-Destyn_Turtles.
Life: Life: Ai(3)-Destyn_Turtles 12 > 9
Resolve Stack: Whenever a player casts their first spell each turn, choose another target player. The Lord of Pain deals damage equal to that spell's mana value to the chosen player. (Targeting: [[Ai(3)-Destyn_Turtles]]) [Card: Bilbo, Birthday Celebrant (181), Activator: Ai(2)-Gabe_Food, SpellAbility: Bilbo, Birthday Celebrant - Creature 2 / 3]
Resolve Stack: Bilbo, Birthday Celebrant - Creature 2 / 3
Mana: Shineshadow Snarl (121) - {T}: Add {W} or {B}.
Mana: Command Tower (131) - {T}: Add one mana of any color in your commander's color identity.
Mana: Prize Pig (130) - {T}: Add one mana of any color.
Add To Stack: Ai(2)-Gabe_Food cast The Gaffer
Resolve Stack: The Gaffer - Creature 2 / 3
Phase: Ai(2)-Gabe_Food's End step
Phase: Ai(2)-Gabe_Food's Cleanup step
Turn: Turn 32 (Ai(3)-Destyn_Turtles)
Phase: Ai(3)-Destyn_Turtles' Untap step
Phase: Ai(3)-Destyn_Turtles' Upkeep step
Phase: Ai(3)-Destyn_Turtles' Draw step
Phase: Ai(3)-Destyn_Turtles' Main phase, precombat
Land: Ai(3)-Destyn_Turtles played Forest (238)
Phase: Ai(3)-Destyn_Turtles' Beginning of Combat Step
Phase: Ai(3)-Destyn_Turtles' Declare Attackers Step
Phase: Ai(3)-Destyn_Turtles' Declare Blockers Step
Phase: Ai(3)-Destyn_Turtles' First Strike Damage Step
Phase: Ai(3)-Destyn_Turtles' Combat Damage Step
Phase: Ai(3)-Destyn_Turtles' End of Combat Step
Phase: Ai(3)-Destyn_Turtles' Main phase, postcombat
Mana: Plains (289) - {T}: Add {W}.
Mana: Plains (290) - {T}: Add {W}.
Add To Stack: Ai(3)-Destyn_Turtles cast Vanquish the Horde
Add To Stack: Ai(1)-Jaymie_Ezio triggered The Lord of Pain targeting [Ai(2)-Gabe_Food]
Damage: The Lord of Pain (41) deals 8 non-combat damage to Ai(2)-Gabe_Food.
Life: Life: Ai(2)-Gabe_Food 30 > 22
Resolve Stack: Whenever a player casts their first spell each turn, choose another target player. The Lord of Pain deals damage equal to that spell's mana value to the chosen player. (Targeting: [[Ai(2)-Gabe_Food]]) [Card: Vanquish the Horde (220), Activator: Ai(3)-Destyn_Turtles, SpellAbility: Destroy all creatures.]
Add To Stack: Ai(1)-Jaymie_Ezio cast Flawless Maneuver
Add To Stack: Ai(1)-Jaymie_Ezio triggered The Lord of Pain targeting [Ai(3)-Destyn_Turtles]
Damage: The Lord of Pain (41) deals 3 non-combat damage to Ai(3)-Destyn_Turtles.
Life: Life: Ai(3)-Destyn_Turtles 9 > 6
Resolve Stack: Whenever a player casts their first spell each turn, choose another target player. The Lord of Pain deals damage equal to that spell's mana value to the chosen player. (Targeting: [[Ai(3)-Destyn_Turtles]]) [Card: Flawless Maneuver (2), Activator: Ai(1)-Jaymie_Ezio, SpellAbility: Creatures you control gain indestructible until end of turn. (If you control a commander, you may cast this spell without paying its mana cost.) ]
Resolve Stack: Flawless Maneuver (2) - Creatures you control gain indestructible until end of turn.
Zone Change: Michelangelo, the Heart (301) was put into Graveyard from Battlefield.
Zone Change: Vigor (213) was put into Graveyard from Battlefield.
Zone Change: Acidic Slime (264) was put into Graveyard from Battlefield.
Zone Change: Leonardo, the Balance (303) was put into Graveyard from Battlefield.
Zone Change: Rocksteady, Mutant Marauder (284) was put into Graveyard from Battlefield.
Zone Change: Bebop, Skull & Crossbones (217) was put into Graveyard from Battlefield.
Zone Change: Satoru Umezawa (324) was put into Graveyard from Battlefield.
Zone Change: Goro-Goro and Satoru (403) was put into Graveyard from Battlefield.
Zone Change: Terror of the Peaks (322) was put into Graveyard from Battlefield.
Zone Change: Dragon Spirit Token (462) was put into Graveyard from Battlefield.
Zone Change: Prize Pig (130) was put into Graveyard from Battlefield.
Zone Change: Sam, Loyal Attendant (202) was put into Graveyard from Battlefield.
Zone Change: Savvy Hunter (124) was put into Graveyard from Battlefield.
Zone Change: Bird Token (451) was put into Graveyard from Battlefield.
Zone Change: Bilbo, Birthday Celebrant (181) was put into Graveyard from Battlefield.
Zone Change: The Gaffer (106) was put into Graveyard from Battlefield.
Resolve Stack: Vanquish the Horde (220) - Destroy all creatures.
Add To Stack: Ai(3)-Destyn_Turtles triggered Vigor
Resolve Stack: When Vigor is put into a graveyard from anywhere, shuffle it into its owner's library. [Zone Changer: Vigor (213)]
Mana: City of Brass (247) - {T}: Add one mana of any color.
Mana: Swamp (257) - {T}: Add {B}.
Mana: Forest (238) - {T}: Add {G}.
Mana: Sunken Hollow (226) - {T}: Add {B}.
Mana: Cinder Glade (218) - {T}: Add {G}.
Mana: Sodden Verdure (283) - {T}: Add {G}.
Add To Stack: Ai(3)-Destyn_Turtles cast Leonardo, the Balance
Add To Stack: Ai(3)-Destyn_Turtles triggered City of Brass
Damage: City of Brass (247) deals 1 non-combat damage to Ai(3)-Destyn_Turtles.
Life: Life: Ai(3)-Destyn_Turtles 6 > 5
Resolve Stack: Whenever City of Brass becomes tapped, it deals 1 damage to you. [Tapped: City of Brass (247)]
Resolve Stack: Leonardo, the Balance - Creature 3 / 3
Phase: Ai(3)-Destyn_Turtles' End step
Phase: Ai(3)-Destyn_Turtles' Cleanup step
Turn: Turn 33 (Ai(4)-GGS_Ink_Eyes_diagnostic)
Phase: Ai(4)-GGS_Ink_Eyes_diagnostic's Untap step
Phase: Ai(4)-GGS_Ink_Eyes_diagnostic's Upkeep step
Phase: Ai(4)-GGS_Ink_Eyes_diagnostic's Draw step
Phase: Ai(4)-GGS_Ink_Eyes_diagnostic's Main phase, precombat
Mana: Exotic Orchard (332) - {T}: Add one mana of any color that a land an opponent controls could produce.
Mana: Undercity Sewers (306) - {T}: Add {U}.
Mana: Luxury Suite (378) - {T}: Add {B} or {R}.
Add To Stack: Ai(4)-GGS_Ink_Eyes_diagnostic cast Grazilaxx, Illithid Scholar
Add To Stack: Ai(1)-Jaymie_Ezio triggered The Lord of Pain targeting [Ai(3)-Destyn_Turtles]
Damage: The Lord of Pain (41) deals 3 non-combat damage to Ai(3)-Destyn_Turtles.
Life: Life: Ai(3)-Destyn_Turtles 5 > 2
Resolve Stack: Whenever a player casts their first spell each turn, choose another target player. The Lord of Pain deals damage equal to that spell's mana value to the chosen player. (Targeting: [[Ai(3)-Destyn_Turtles]]) [Card: Grazilaxx, Illithid Scholar (307), Activator: Ai(4)-GGS_Ink_Eyes_diagnostic, SpellAbility: Grazilaxx, Illithid Scholar - Creature 3 / 2]
Resolve Stack: Grazilaxx, Illithid Scholar - Creature 3 / 2
Mana: Steam Vents (347) - {T}: Add {R}.
Mana: Watery Grave (374) - {T}: Add {B}.
Mana: Talisman of Creativity (352) - {T}: Add {C}.
Add To Stack: Ai(4)-GGS_Ink_Eyes_diagnostic cast Krenko, Tin Street Kingpin
Resolve Stack: Krenko, Tin Street Kingpin - Creature 1 / 2
Phase: Ai(4)-GGS_Ink_Eyes_diagnostic's Beginning of Combat Step
Phase: Ai(4)-GGS_Ink_Eyes_diagnostic's Declare Attackers Step
Phase: Ai(4)-GGS_Ink_Eyes_diagnostic's Declare Blockers Step
Phase: Ai(4)-GGS_Ink_Eyes_diagnostic's First Strike Damage Step
Phase: Ai(4)-GGS_Ink_Eyes_diagnostic's Combat Damage Step
Phase: Ai(4)-GGS_Ink_Eyes_diagnostic's End of Combat Step
Phase: Ai(4)-GGS_Ink_Eyes_diagnostic's Main phase, postcombat
Phase: Ai(4)-GGS_Ink_Eyes_diagnostic's End step
Phase: Ai(4)-GGS_Ink_Eyes_diagnostic's Cleanup step
Turn: Turn 34 (Ai(1)-Jaymie_Ezio)
Phase: Ai(1)-Jaymie_Ezio's Untap step
Phase: Ai(1)-Jaymie_Ezio's Upkeep step
Phase: Ai(1)-Jaymie_Ezio's Draw step
Phase: Ai(1)-Jaymie_Ezio's Main phase, precombat
Replacement Effect: Cinder Glade enters tapped unless you control two or more basic lands.
Land: Ai(1)-Jaymie_Ezio played Cinder Glade (18)
Phase: Ai(1)-Jaymie_Ezio's Beginning of Combat Step
Phase: Ai(1)-Jaymie_Ezio's Declare Attackers Step
Combat: Ai(1)-Jaymie_Ezio assigned Edward Kenway (5), The Lord of Pain (41), Ezio Auditore da Firenze (100), Assassin Initiate (51), Changeling Outcast (14) and Arno Dorian (24) to attack Ai(3)-Destyn_Turtles.
Phase: Ai(1)-Jaymie_Ezio's Declare Blockers Step
Combat: Ai(3)-Destyn_Turtles assigned Leonardo, the Balance (303) to block Edward Kenway (5).
Ai(3)-Destyn_Turtles didn't block The Lord of Pain (41).
Ai(3)-Destyn_Turtles didn't block Ezio Auditore da Firenze (100).
Ai(3)-Destyn_Turtles didn't block Assassin Initiate (51).
Ai(3)-Destyn_Turtles didn't block Changeling Outcast (14).
Ai(3)-Destyn_Turtles didn't block Arno Dorian (24).
Phase: Ai(1)-Jaymie_Ezio's First Strike Damage Step
Phase: Ai(1)-Jaymie_Ezio's Combat Damage Step
Damage: Edward Kenway (5) deals 7 damage to Leonardo, the Balance (303).
Damage: The Lord of Pain (41) deals 7 combat damage to Ai(3)-Destyn_Turtles.
Damage: Ezio Auditore da Firenze (100) deals 5 combat damage to Ai(3)-Destyn_Turtles.
Damage: Assassin Initiate (51) deals 3 combat damage to Ai(3)-Destyn_Turtles.
Damage: Changeling Outcast (14) deals 3 combat damage to Ai(3)-Destyn_Turtles.
Damage: Arno Dorian (24) deals 3 combat damage to Ai(3)-Destyn_Turtles.
Damage: Leonardo, the Balance (303) deals 3 damage to Edward Kenway (5).
Life: Life: Ai(3)-Destyn_Turtles 2 > -19
Add To Stack: Ai(1)-Jaymie_Ezio triggered Ezio Auditore da Firenze
Mana: Island (33) - {T}: Add {U}.
Mana: Thriving Grove (27) - {T}: Add {G} or one mana of the chosen color.
Mana: Cinder Glade (18) - {T}: Add {G}.
Mana: Mountain (88) - {T}: Add {R}.
Mana: Plains (90) - {T}: Add {W}.
Resolve Stack: Whenever Ezio deals combat damage to a player, you may pay {W}{U}{B}{R}{G} if that player has 10 or less life. When you do, that player loses the game. [Damage Source: Ezio Auditore da Firenze (100), Damaged: Ai(3)-Destyn_Turtles, Amount: 5]
Add To Stack: Ai(1)-Jaymie_Ezio triggered Ezio Auditore da Firenze
Resolve Stack: When you do, that player loses the game.
Phase: Ai(1)-Jaymie_Ezio's End of Combat Step
Phase: Ai(1)-Jaymie_Ezio's Main phase, postcombat
Phase: Ai(1)-Jaymie_Ezio's End step
Add To Stack: Ai(1)-Jaymie_Ezio triggered Edward Kenway
Resolve Stack: At the beginning of your end step, create a Treasure token for each tapped Assassin, Pirate, and/or Vehicle you control. [Phase: Ai(1)-Jaymie_Ezio]
Phase: Ai(1)-Jaymie_Ezio's Cleanup step
Turn: Turn 35 (Ai(2)-Gabe_Food)
Phase: Ai(2)-Gabe_Food's Untap step
Phase: Ai(2)-Gabe_Food's Upkeep step
Phase: Ai(2)-Gabe_Food's Draw step
Phase: Ai(2)-Gabe_Food's Main phase, precombat
Phase: Ai(2)-Gabe_Food's Beginning of Combat Step
Phase: Ai(2)-Gabe_Food's Declare Attackers Step
Phase: Ai(2)-Gabe_Food's Declare Blockers Step
Phase: Ai(2)-Gabe_Food's First Strike Damage Step
Phase: Ai(2)-Gabe_Food's Combat Damage Step
Phase: Ai(2)-Gabe_Food's End of Combat Step
Phase: Ai(2)-Gabe_Food's Main phase, postcombat
Mana: Swamp (163) - {T}: Add {B}.
Mana: Shineshadow Snarl (121) - {T}: Add {W} or {B}.
Mana: Plains (189) - {T}: Add {W}.
Mana: Forest (140) - {T}: Add {G}.
Mana: Command Tower (131) - {T}: Add one mana of any color in your commander's color identity.
Add To Stack: Ai(2)-Gabe_Food cast Sanguine Bond
Add To Stack: Ai(1)-Jaymie_Ezio triggered The Lord of Pain targeting [Ai(4)-GGS_Ink_Eyes_diagnostic]
Damage: The Lord of Pain (41) deals 5 non-combat damage to Ai(4)-GGS_Ink_Eyes_diagnostic.
Life: Life: Ai(4)-GGS_Ink_Eyes_diagnostic 39 > 34
Resolve Stack: Whenever a player casts their first spell each turn, choose another target player. The Lord of Pain deals damage equal to that spell's mana value to the chosen player. (Targeting: [[Ai(4)-GGS_Ink_Eyes_diagnostic]]) [Card: Sanguine Bond (155), Activator: Ai(2)-Gabe_Food, SpellAbility: Sanguine Bond]
Resolve Stack: Sanguine Bond
Phase: Ai(2)-Gabe_Food's End step
Phase: Ai(2)-Gabe_Food's Cleanup step
Turn: Turn 36 (Ai(4)-GGS_Ink_Eyes_diagnostic)
Phase: Ai(4)-GGS_Ink_Eyes_diagnostic's Untap step
Phase: Ai(4)-GGS_Ink_Eyes_diagnostic's Upkeep step
Phase: Ai(4)-GGS_Ink_Eyes_diagnostic's Draw step
Phase: Ai(4)-GGS_Ink_Eyes_diagnostic's Main phase, precombat
Phase: Ai(4)-GGS_Ink_Eyes_diagnostic's Beginning of Combat Step
Phase: Ai(4)-GGS_Ink_Eyes_diagnostic's Declare Attackers Step
Combat: Ai(4)-GGS_Ink_Eyes_diagnostic assigned Krenko, Tin Street Kingpin (337) and Grazilaxx, Illithid Scholar (307) to attack Ai(1)-Jaymie_Ezio.
Add To Stack: Ai(4)-GGS_Ink_Eyes_diagnostic triggered Krenko, Tin Street Kingpin
Resolve Stack: Whenever Krenko, Tin Street Kingpin attacks, put a +1/+1 counter on it, then create a number of 1/1 red Goblin creature tokens equal to Krenko's power. [Attacker: Krenko, Tin Street Kingpin (337)]
Phase: Ai(4)-GGS_Ink_Eyes_diagnostic's Declare Blockers Step
Combat: Ai(1)-Jaymie_Ezio didn't block Krenko, Tin Street Kingpin (337).
Ai(1)-Jaymie_Ezio didn't block Grazilaxx, Illithid Scholar (307).
Phase: Ai(4)-GGS_Ink_Eyes_diagnostic's First Strike Damage Step
Phase: Ai(4)-GGS_Ink_Eyes_diagnostic's Combat Damage Step
Damage: Krenko, Tin Street Kingpin (337) deals 2 combat damage to Ai(1)-Jaymie_Ezio.
Damage: Grazilaxx, Illithid Scholar (307) deals 3 combat damage to Ai(1)-Jaymie_Ezio.
Life: Life: Ai(1)-Jaymie_Ezio 30 > 25
Add To Stack: Ai(4)-GGS_Ink_Eyes_diagnostic triggered Grazilaxx, Illithid Scholar
Resolve Stack: Whenever one or more creatures you control deal combat damage to a player, draw a card. [Damaged: Ai(1)-Jaymie_Ezio, Amount: 5]
Phase: Ai(4)-GGS_Ink_Eyes_diagnostic's End of Combat Step
Phase: Ai(4)-GGS_Ink_Eyes_diagnostic's Main phase, postcombat
Mana: Exotic Orchard (332) - {T}: Add one mana of any color that a land an opponent controls could produce.
Mana: Luxury Suite (378) - {T}: Add {B} or {R}.
Add To Stack: Ai(4)-GGS_Ink_Eyes_diagnostic cast Arcane Signet
Add To Stack: Ai(1)-Jaymie_Ezio triggered The Lord of Pain targeting [Ai(2)-Gabe_Food]
Damage: The Lord of Pain (41) deals 2 non-combat damage to Ai(2)-Gabe_Food.
Life: Life: Ai(2)-Gabe_Food 22 > 20
Resolve Stack: Whenever a player casts their first spell each turn, choose another target player. The Lord of Pain deals damage equal to that spell's mana value to the chosen player. (Targeting: [[Ai(2)-Gabe_Food]]) [Card: Arcane Signet (340), Activator: Ai(4)-GGS_Ink_Eyes_diagnostic, SpellAbility: Arcane Signet]
Resolve Stack: Arcane Signet
Phase: Ai(4)-GGS_Ink_Eyes_diagnostic's End step
Phase: Ai(4)-GGS_Ink_Eyes_diagnostic's Cleanup step
Turn: Turn 37 (Ai(1)-Jaymie_Ezio)
Phase: Ai(1)-Jaymie_Ezio's Untap step
Phase: Ai(1)-Jaymie_Ezio's Upkeep step
Phase: Ai(1)-Jaymie_Ezio's Draw step
Phase: Ai(1)-Jaymie_Ezio's Main phase, precombat
Phase: Ai(1)-Jaymie_Ezio's Beginning of Combat Step
Phase: Ai(1)-Jaymie_Ezio's Declare Attackers Step
Combat: Ai(1)-Jaymie_Ezio assigned Changeling Outcast (14), Edward Kenway (5), The Lord of Pain (41), Ezio Auditore da Firenze (100), Assassin Initiate (51) and Arno Dorian (24) to attack Ai(4)-GGS_Ink_Eyes_diagnostic.
Phase: Ai(1)-Jaymie_Ezio's Declare Blockers Step
Combat: Ai(4)-GGS_Ink_Eyes_diagnostic didn't block Changeling Outcast (14).
Ai(4)-GGS_Ink_Eyes_diagnostic didn't block Edward Kenway (5).
Ai(4)-GGS_Ink_Eyes_diagnostic didn't block The Lord of Pain (41).
Ai(4)-GGS_Ink_Eyes_diagnostic didn't block Ezio Auditore da Firenze (100).
Ai(4)-GGS_Ink_Eyes_diagnostic assigned Goblin Token (480) to block Assassin Initiate (51).
Ai(4)-GGS_Ink_Eyes_diagnostic didn't block Arno Dorian (24).
Phase: Ai(1)-Jaymie_Ezio's First Strike Damage Step
Phase: Ai(1)-Jaymie_Ezio's Combat Damage Step
Damage: Changeling Outcast (14) deals 3 combat damage to Ai(4)-GGS_Ink_Eyes_diagnostic.
Damage: Edward Kenway (5) deals 7 combat damage to Ai(4)-GGS_Ink_Eyes_diagnostic.
Damage: The Lord of Pain (41) deals 7 combat damage to Ai(4)-GGS_Ink_Eyes_diagnostic.
Damage: Ezio Auditore da Firenze (100) deals 5 combat damage to Ai(4)-GGS_Ink_Eyes_diagnostic.
Damage: Assassin Initiate (51) deals 3 damage to Goblin Token (480).
Damage: Arno Dorian (24) deals 3 combat damage to Ai(4)-GGS_Ink_Eyes_diagnostic.
Damage: Goblin Token (480) deals 1 damage to Assassin Initiate (51).
Life: Life: Ai(4)-GGS_Ink_Eyes_diagnostic 34 > 9
Zone Change: Assassin Initiate (51) was put into Graveyard from Battlefield.
Zone Change: Goblin Token (480) was put into Graveyard from Battlefield.
Add To Stack: Ai(1)-Jaymie_Ezio triggered Ezio Auditore da Firenze
Mana: Island (33) - {T}: Add {U}.
Mana: Thriving Grove (27) - {T}: Add {G} or one mana of the chosen color.
Mana: Cinder Glade (18) - {T}: Add {G}.
Mana: Mountain (88) - {T}: Add {R}.
Mana: Plains (90) - {T}: Add {W}.
Resolve Stack: Whenever Ezio deals combat damage to a player, you may pay {W}{U}{B}{R}{G} if that player has 10 or less life. When you do, that player loses the game. [Damage Source: Ezio Auditore da Firenze (100), Damaged: Ai(4)-GGS_Ink_Eyes_diagnostic, Amount: 5]
Add To Stack: Ai(1)-Jaymie_Ezio triggered Ezio Auditore da Firenze
Resolve Stack: When you do, that player loses the game.
Phase: Ai(1)-Jaymie_Ezio's End of Combat Step
Phase: Ai(1)-Jaymie_Ezio's Main phase, postcombat
Mana: Smoldering Marsh (71) - {T}: Add {B}.
Mana: Command Tower (32) - {T}: Add one mana of any color in your commander's color identity.
Add To Stack: Ai(1)-Jaymie_Ezio cast Ratonhnhaké:ton
Add To Stack: Ai(1)-Jaymie_Ezio triggered The Lord of Pain targeting [Ai(2)-Gabe_Food]
Damage: The Lord of Pain (41) deals 3 non-combat damage to Ai(2)-Gabe_Food.
Life: Life: Ai(2)-Gabe_Food 20 > 17
Resolve Stack: Whenever a player casts their first spell each turn, choose another target player. The Lord of Pain deals damage equal to that spell's mana value to the chosen player. (Targeting: [[Ai(2)-Gabe_Food]]) [Card: Ratonhnhaké:ton (37), Activator: Ai(1)-Jaymie_Ezio, SpellAbility: Freerunning  {B}{B} (You may cast this spell for its freerunning cost if you dealt combat damage to a player this turn with an Assassin or commander.)]
Resolve Stack: Ratonhnhaké:ton - Creature 3 / 3
Phase: Ai(1)-Jaymie_Ezio's End step
Add To Stack: Ai(1)-Jaymie_Ezio triggered Edward Kenway
Resolve Stack: At the beginning of your end step, create a Treasure token for each tapped Assassin, Pirate, and/or Vehicle you control. [Phase: Ai(1)-Jaymie_Ezio]
Phase: Ai(1)-Jaymie_Ezio's Cleanup step
Turn: Turn 38 (Ai(2)-Gabe_Food)
Phase: Ai(2)-Gabe_Food's Untap step
Phase: Ai(2)-Gabe_Food's Upkeep step
Phase: Ai(2)-Gabe_Food's Draw step
Phase: Ai(2)-Gabe_Food's Main phase, precombat
Phase: Ai(2)-Gabe_Food's Beginning of Combat Step
Phase: Ai(2)-Gabe_Food's Declare Attackers Step
Phase: Ai(2)-Gabe_Food's Declare Blockers Step
Phase: Ai(2)-Gabe_Food's First Strike Damage Step
Phase: Ai(2)-Gabe_Food's Combat Damage Step
Phase: Ai(2)-Gabe_Food's End of Combat Step
Phase: Ai(2)-Gabe_Food's Main phase, postcombat
Mana: Forest (140) - {T}: Add {G}.
Mana: Plains (189) - {T}: Add {W}.
Mana: Swamp (163) - {T}: Add {B}.
Mana: Shineshadow Snarl (121) - {T}: Add {W} or {B}.
Mana: Command Tower (131) - {T}: Add one mana of any color in your commander's color identity.
Add To Stack: Ai(2)-Gabe_Food cast Sam, Loyal Attendant
Add To Stack: Ai(1)-Jaymie_Ezio triggered The Lord of Pain targeting [Ai(1)-Jaymie_Ezio]
Damage: The Lord of Pain (41) deals 3 non-combat damage to Ai(1)-Jaymie_Ezio.
Life: Life: Ai(1)-Jaymie_Ezio 25 > 22
Resolve Stack: Whenever a player casts their first spell each turn, choose another target player. The Lord of Pain deals damage equal to that spell's mana value to the chosen player. (Targeting: [[Ai(1)-Jaymie_Ezio]]) [Card: Sam, Loyal Attendant (202), Activator: Ai(2)-Gabe_Food, SpellAbility: Sam, Loyal Attendant - Creature 2 / 4]
Resolve Stack: Sam, Loyal Attendant - Creature 2 / 4
Add To Stack: Ai(2)-Gabe_Food triggered Sam, Loyal Attendant targeting [Ai(2)-Gabe_Food]
Resolve Stack: Partner with Frodo, Adventurous Hobbit (When this creature enters, target player may put Frodo into their hand from their library, then shuffle.) (Targeting: [[Ai(2)-Gabe_Food]]) [Zone Changer: Sam, Loyal Attendant (202)]
Phase: Ai(2)-Gabe_Food's End step
Phase: Ai(2)-Gabe_Food's Cleanup step
Turn: Turn 39 (Ai(1)-Jaymie_Ezio)
Phase: Ai(1)-Jaymie_Ezio's Untap step
Phase: Ai(1)-Jaymie_Ezio's Upkeep step
Phase: Ai(1)-Jaymie_Ezio's Draw step
Phase: Ai(1)-Jaymie_Ezio's Main phase, precombat
Land: Ai(1)-Jaymie_Ezio played Swamp (60)
Phase: Ai(1)-Jaymie_Ezio's Beginning of Combat Step
Phase: Ai(1)-Jaymie_Ezio's Declare Attackers Step
Combat: Ai(1)-Jaymie_Ezio assigned Edward Kenway (5), The Lord of Pain (41), Ezio Auditore da Firenze (100), Ratonhnhaké:ton (37), Changeling Outcast (14) and Arno Dorian (24) to attack Ai(2)-Gabe_Food.
Phase: Ai(1)-Jaymie_Ezio's Declare Blockers Step
Combat: Ai(2)-Gabe_Food assigned Sam, Loyal Attendant (202) to block Edward Kenway (5).
Ai(2)-Gabe_Food didn't block The Lord of Pain (41).
Ai(2)-Gabe_Food didn't block Ezio Auditore da Firenze (100).
Ai(2)-Gabe_Food didn't block Ratonhnhaké:ton (37).
Ai(2)-Gabe_Food didn't block Changeling Outcast (14).
Ai(2)-Gabe_Food didn't block Arno Dorian (24).
Phase: Ai(1)-Jaymie_Ezio's First Strike Damage Step
Phase: Ai(1)-Jaymie_Ezio's Combat Damage Step
Damage: Edward Kenway (5) deals 7 damage to Sam, Loyal Attendant (202).
Damage: The Lord of Pain (41) deals 7 combat damage to Ai(2)-Gabe_Food.
Damage: Ezio Auditore da Firenze (100) deals 5 combat damage to Ai(2)-Gabe_Food.
Damage: Ratonhnhaké:ton (37) deals 5 combat damage to Ai(2)-Gabe_Food.
Damage: Changeling Outcast (14) deals 3 combat damage to Ai(2)-Gabe_Food.
Damage: Arno Dorian (24) deals 3 combat damage to Ai(2)-Gabe_Food.
Damage: Sam, Loyal Attendant (202) deals 2 damage to Edward Kenway (5).
Life: Life: Ai(2)-Gabe_Food 17 > -6
Player Control: Ai(1)-Jaymie_Ezio has restored control over themself
Player Control: Ai(2)-Gabe_Food has restored control over themself
Player Control: Ai(3)-Destyn_Turtles has restored control over themself
Player Control: Ai(4)-GGS_Ink_Eyes_diagnostic has restored control over themself
Game Outcome: Match Duration 1m : 36s
Game Outcome: Turn 20
Game Outcome: Ai(1)-Jaymie_Ezio has won because all opponents have lost
Game Outcome: Ai(2)-Gabe_Food has lost because life total reached 0
Game Outcome: Ai(3)-Destyn_Turtles has lost due to effect of spell 'Ezio Auditore da Firenze'
Game Outcome: Ai(4)-GGS_Ink_Eyes_diagnostic has lost due to effect of spell 'Ezio Auditore da Firenze'
Match Result: Ai(1)-Jaymie_Ezio: 1 Ai(2)-Gabe_Food: 0 Ai(3)-Destyn_Turtles: 0 Ai(4)-GGS_Ink_Eyes_diagnostic: 0 

Game Result: Game 1 ended in 97755 ms. Ai(1)-Jaymie_Ezio has won!

