Error handling registered!
21:02:39 [INFO ] GuiBase: ##########################################
21:02:39 [INFO ] GuiBase: APP: Forge v.2.0.15-SNAPSHOT-09.28
21:02:39 [INFO ] GuiBase: Java: 17.0.20 (Ubuntu)
21:02:39 [INFO ] GuiBase: OS: Linux 6.18.44 amd64
21:02:39 [INFO ] GuiBase: RAM: 1536 MB max, 8 CPUs
21:02:39 [INFO ] GuiBase: ##########################################
Language 'en-US' loaded successfully.
(ThreadUtil first call): Running with priority 5
Read cards: 34010 archived files in 1 ms (25 parts) using thread pool
Upcoming set Star Trek (TRK) dated in the future. All `upcoming` cards will be added to this set with unknown rarity.
The card A-Alrund's Epiphany was not assigned to any set. Adding it to UNKNOWN set... to fix see res/editions/ folder. 
The card A-Baba Lysaga, Night Witch was not assigned to any set. Adding it to UNKNOWN set... to fix see res/editions/ folder. 
The card A-Divide by Zero was not assigned to any set. Adding it to UNKNOWN set... to fix see res/editions/ folder. 
The card A-Esika's Chariot was not assigned to any set. Adding it to UNKNOWN set... to fix see res/editions/ folder. 
The card A-Faceless Haven was not assigned to any set. Adding it to UNKNOWN set... to fix see res/editions/ folder. 
The card A-Fires of Invention was not assigned to any set. Adding it to UNKNOWN set... to fix see res/editions/ folder. 
The card A-Goldspan Dragon was not assigned to any set. Adding it to UNKNOWN set... to fix see res/editions/ folder. 
The card A-Hullbreaker Horror was not assigned to any set. Adding it to UNKNOWN set... to fix see res/editions/ folder. 
The card A-Kumano Faces Kakkazan was not assigned to any set. Adding it to UNKNOWN set... to fix see res/editions/ folder. 
The card A-Luminarch Aspirant was not assigned to any set. Adding it to UNKNOWN set... to fix see res/editions/ folder. 
The card A-Monster Manual was not assigned to any set. Adding it to UNKNOWN set... to fix see res/editions/ folder. 
The card A-Omnath, Locus of Creation was not assigned to any set. Adding it to UNKNOWN set... to fix see res/editions/ folder. 
The card A-The Meathook Massacre was not assigned to any set. Adding it to UNKNOWN set... to fix see res/editions/ folder. 
The card A-Unholy Heat was not assigned to any set. Adding it to UNKNOWN set... to fix see res/editions/ folder. 
The card Blinding Radiance was not assigned to any set. Adding it to UNKNOWN set... to fix see res/editions/ folder. 
The card Goblin Bruiser was not assigned to any set. Adding it to UNKNOWN set... to fix see res/editions/ folder. 
The card Ogre Painbringer was not assigned to any set. Adding it to UNKNOWN set... to fix see res/editions/ folder. 
The card Titanic Pelagosaur was not assigned to any set. Adding it to UNKNOWN set... to fix see res/editions/ folder. 
The card Treetop Recluse was not assigned to any set. Adding it to UNKNOWN set... to fix see res/editions/ folder. 
Upcoming set Star Trek (TRK) dated in the future. All `upcoming` cards will be added to this set with unknown rarity.
Read cards: 854 files in 0 ms (8 parts) using thread pool
Simulation mode
Ai(1)-GGS_Ink_Eyes_diagnostic vs Ai(2)-Jaymie_Ezio vs Ai(3)-Gabe_Food vs Ai(4)-Destyn_Turtles - one game of Commander seed 20260930
Steam Vents Did not have activator set in SpellAbility_Condition.checkConditions()
Steam Vents Did not have activator set in SpellAbility_Condition.checkConditions()
Steam Vents Did not have activator set in SpellAbility_Condition.checkConditions()
Steam Vents Did not have activator set in SpellAbility_Condition.checkConditions()
Steam Vents Did not have activator set in SpellAbility_Condition.checkConditions()
Steam Vents Did not have activator set in SpellAbility_Condition.checkConditions()
Steam Vents Did not have activator set in SpellAbility_Condition.checkConditions()
Steam Vents Did not have activator set in SpellAbility_Condition.checkConditions()
Steam Vents Did not have activator set in SpellAbility_Condition.checkConditions()
Steam Vents Did not have activator set in SpellAbility_Condition.checkConditions()
Steam Vents Did not have activator set in SpellAbility_Condition.checkConditions()
Steam Vents Did not have activator set in SpellAbility_Condition.checkConditions()
Mulligan: Ai(3)-Gabe_Food has mulliganed down to 7 cards.
Mulligan: Ai(4)-Destyn_Turtles has kept a hand of 7 cards
Mulligan: Ai(1)-GGS_Ink_Eyes_diagnostic has kept a hand of 7 cards
Mulligan: Ai(2)-Jaymie_Ezio has kept a hand of 7 cards
Mulligan: Ai(3)-Gabe_Food has kept a hand of 7 cards
Turn: Turn 1 (Ai(4)-Destyn_Turtles)
Phase: Ai(4)-Destyn_Turtles' Untap step
Phase: Ai(4)-Destyn_Turtles' Upkeep step
Phase: Ai(4)-Destyn_Turtles' Draw step
Phase: Ai(4)-Destyn_Turtles' Main phase, precombat
Replacement Effect: Path of Ancestry enters tapped.
Land: Ai(4)-Destyn_Turtles played Path of Ancestry (315)
Phase: Ai(4)-Destyn_Turtles' Beginning of Combat Step
Phase: Ai(4)-Destyn_Turtles' Declare Attackers Step
Phase: Ai(4)-Destyn_Turtles' Declare Blockers Step
Phase: Ai(4)-Destyn_Turtles' First Strike Damage Step
Phase: Ai(4)-Destyn_Turtles' Combat Damage Step
Phase: Ai(4)-Destyn_Turtles' End of Combat Step
Phase: Ai(4)-Destyn_Turtles' Main phase, postcombat
Phase: Ai(4)-Destyn_Turtles' End step
Phase: Ai(4)-Destyn_Turtles' Cleanup step
Turn: Turn 2 (Ai(1)-GGS_Ink_Eyes_diagnostic)
Phase: Ai(1)-GGS_Ink_Eyes_diagnostic's Untap step
Phase: Ai(1)-GGS_Ink_Eyes_diagnostic's Upkeep step
Phase: Ai(1)-GGS_Ink_Eyes_diagnostic's Draw step
Phase: Ai(1)-GGS_Ink_Eyes_diagnostic's Main phase, precombat
Replacement Effect: As Watery Grave enters, you may pay 2 life. If you don't, it enters tapped.
Land: Ai(1)-GGS_Ink_Eyes_diagnostic played Watery Grave (71)
Phase: Ai(1)-GGS_Ink_Eyes_diagnostic's Beginning of Combat Step
Phase: Ai(1)-GGS_Ink_Eyes_diagnostic's Declare Attackers Step
Phase: Ai(1)-GGS_Ink_Eyes_diagnostic's Declare Blockers Step
Phase: Ai(1)-GGS_Ink_Eyes_diagnostic's First Strike Damage Step
Phase: Ai(1)-GGS_Ink_Eyes_diagnostic's Combat Damage Step
Phase: Ai(1)-GGS_Ink_Eyes_diagnostic's End of Combat Step
Phase: Ai(1)-GGS_Ink_Eyes_diagnostic's Main phase, postcombat
Phase: Ai(1)-GGS_Ink_Eyes_diagnostic's End step
Phase: Ai(1)-GGS_Ink_Eyes_diagnostic's Cleanup step
Turn: Turn 3 (Ai(2)-Jaymie_Ezio)
Phase: Ai(2)-Jaymie_Ezio's Untap step
Phase: Ai(2)-Jaymie_Ezio's Upkeep step
Phase: Ai(2)-Jaymie_Ezio's Draw step
Phase: Ai(2)-Jaymie_Ezio's Main phase, precombat
Land: Ai(2)-Jaymie_Ezio played Abstergo Entertainment (121)
Phase: Ai(2)-Jaymie_Ezio's Beginning of Combat Step
Phase: Ai(2)-Jaymie_Ezio's Declare Attackers Step
Phase: Ai(2)-Jaymie_Ezio's Declare Blockers Step
Phase: Ai(2)-Jaymie_Ezio's First Strike Damage Step
Phase: Ai(2)-Jaymie_Ezio's Combat Damage Step
Phase: Ai(2)-Jaymie_Ezio's End of Combat Step
Phase: Ai(2)-Jaymie_Ezio's Main phase, postcombat
Phase: Ai(2)-Jaymie_Ezio's End step
Phase: Ai(2)-Jaymie_Ezio's Cleanup step
Turn: Turn 4 (Ai(3)-Gabe_Food)
Phase: Ai(3)-Gabe_Food's Untap step
Phase: Ai(3)-Gabe_Food's Upkeep step
Phase: Ai(3)-Gabe_Food's Draw step
Phase: Ai(3)-Gabe_Food's Main phase, precombat
Replacement Effect: Isolated Chapel enters tapped unless you control a Plains or a Swamp.
Land: Ai(3)-Gabe_Food played Isolated Chapel (245)
Phase: Ai(3)-Gabe_Food's Beginning of Combat Step
Phase: Ai(3)-Gabe_Food's Declare Attackers Step
Phase: Ai(3)-Gabe_Food's Declare Blockers Step
Phase: Ai(3)-Gabe_Food's First Strike Damage Step
Phase: Ai(3)-Gabe_Food's Combat Damage Step
Phase: Ai(3)-Gabe_Food's End of Combat Step
Phase: Ai(3)-Gabe_Food's Main phase, postcombat
Phase: Ai(3)-Gabe_Food's End step
Phase: Ai(3)-Gabe_Food's Cleanup step
Turn: Turn 5 (Ai(4)-Destyn_Turtles)
Phase: Ai(4)-Destyn_Turtles' Untap step
Phase: Ai(4)-Destyn_Turtles' Upkeep step
Phase: Ai(4)-Destyn_Turtles' Draw step
Phase: Ai(4)-Destyn_Turtles' Main phase, precombat
Land: Ai(4)-Destyn_Turtles played Command Tower (331)
Phase: Ai(4)-Destyn_Turtles' Beginning of Combat Step
Phase: Ai(4)-Destyn_Turtles' Declare Attackers Step
Phase: Ai(4)-Destyn_Turtles' Declare Blockers Step
Phase: Ai(4)-Destyn_Turtles' First Strike Damage Step
Phase: Ai(4)-Destyn_Turtles' Combat Damage Step
Phase: Ai(4)-Destyn_Turtles' End of Combat Step
Phase: Ai(4)-Destyn_Turtles' Main phase, postcombat
Mana: Path of Ancestry (315) - {T}: Add one mana of any color in your commander's color identity. When that mana is spent to cast a creature spell that shares a creature type with your commander, scry 1. (Look at the top card of your library. You may put that card on the bottom.)
Mana: Command Tower (331) - {T}: Add one mana of any color in your commander's color identity.
Add To Stack: Ai(4)-Destyn_Turtles cast Michelangelo, the Heart
Add To Stack: Ai(4)-Destyn_Turtles triggered Path of Ancestry
Resolve Stack: Ai(4)-Destyn_Turtles scried 1 card(s) to the top of the library
Resolve Stack: When mana produced by Path of Ancestry is spent to cast a creature spell that shares a creature type with your commander, scry 1. ([Michelangelo, the Heart - Creature 2 / 1]) [Card: Michelangelo, the Heart (402), Activator: Ai(4)-Destyn_Turtles, SpellAbility: Michelangelo, the Heart - Creature 2 / 1]
Resolve Stack: Michelangelo, the Heart - Creature 2 / 1
Phase: Ai(4)-Destyn_Turtles' End step
Phase: Ai(4)-Destyn_Turtles' Cleanup step
Turn: Turn 6 (Ai(1)-GGS_Ink_Eyes_diagnostic)
Phase: Ai(1)-GGS_Ink_Eyes_diagnostic's Untap step
Phase: Ai(1)-GGS_Ink_Eyes_diagnostic's Upkeep step
Phase: Ai(1)-GGS_Ink_Eyes_diagnostic's Draw step
Phase: Ai(1)-GGS_Ink_Eyes_diagnostic's Main phase, precombat
Land: Ai(1)-GGS_Ink_Eyes_diagnostic played Sokenzan, Crucible of Defiance (32)
Mana: Sokenzan, Crucible of Defiance (32) - {T}: Add {R}.
Mana: Watery Grave (71) - {T}: Add {B}.
Add To Stack: Ai(1)-GGS_Ink_Eyes_diagnostic cast Loyal Apprentice
Resolve Stack: Loyal Apprentice - Creature 2 / 1
Phase: Ai(1)-GGS_Ink_Eyes_diagnostic's Beginning of Combat Step
Phase: Ai(1)-GGS_Ink_Eyes_diagnostic's Declare Attackers Step
Phase: Ai(1)-GGS_Ink_Eyes_diagnostic's Declare Blockers Step
Phase: Ai(1)-GGS_Ink_Eyes_diagnostic's First Strike Damage Step
Phase: Ai(1)-GGS_Ink_Eyes_diagnostic's Combat Damage Step
Phase: Ai(1)-GGS_Ink_Eyes_diagnostic's End of Combat Step
Phase: Ai(1)-GGS_Ink_Eyes_diagnostic's Main phase, postcombat
Phase: Ai(1)-GGS_Ink_Eyes_diagnostic's End step
Phase: Ai(1)-GGS_Ink_Eyes_diagnostic's Cleanup step
Turn: Turn 7 (Ai(2)-Jaymie_Ezio)
Phase: Ai(2)-Jaymie_Ezio's Untap step
Phase: Ai(2)-Jaymie_Ezio's Upkeep step
Phase: Ai(2)-Jaymie_Ezio's Draw step
Phase: Ai(2)-Jaymie_Ezio's Main phase, precombat
Land: Ai(2)-Jaymie_Ezio played Plains (191)
Phase: Ai(2)-Jaymie_Ezio's Beginning of Combat Step
Phase: Ai(2)-Jaymie_Ezio's Declare Attackers Step
Phase: Ai(2)-Jaymie_Ezio's Declare Blockers Step
Phase: Ai(2)-Jaymie_Ezio's First Strike Damage Step
Phase: Ai(2)-Jaymie_Ezio's Combat Damage Step
Phase: Ai(2)-Jaymie_Ezio's End of Combat Step
Phase: Ai(2)-Jaymie_Ezio's Main phase, postcombat
Phase: Ai(2)-Jaymie_Ezio's End step
Phase: Ai(2)-Jaymie_Ezio's Cleanup step
Turn: Turn 8 (Ai(3)-Gabe_Food)
Phase: Ai(3)-Gabe_Food's Untap step
Phase: Ai(3)-Gabe_Food's Upkeep step
Phase: Ai(3)-Gabe_Food's Draw step
Phase: Ai(3)-Gabe_Food's Main phase, precombat
Land: Ai(3)-Gabe_Food played Forest (238)
Phase: Ai(3)-Gabe_Food's Beginning of Combat Step
Phase: Ai(3)-Gabe_Food's Declare Attackers Step
Phase: Ai(3)-Gabe_Food's Declare Blockers Step
Phase: Ai(3)-Gabe_Food's First Strike Damage Step
Phase: Ai(3)-Gabe_Food's Combat Damage Step
Phase: Ai(3)-Gabe_Food's End of Combat Step
Phase: Ai(3)-Gabe_Food's Main phase, postcombat
Mana: Forest (238) - {T}: Add {G}.
Discard: Ai(3)-Gabe_Food discards Eagles of the North (280).
Add To Stack: Ai(3)-Gabe_Food activated Eagles of the North
Resolve Stack: Eagles of the North (280) - Ai(3)-Gabe_Food searches their library for a Plains card, reveals it, puts it into their hand, then shuffles.
Phase: Ai(3)-Gabe_Food's End step
Phase: Ai(3)-Gabe_Food's Cleanup step
Turn: Turn 9 (Ai(4)-Destyn_Turtles)
Phase: Ai(4)-Destyn_Turtles' Untap step
Phase: Ai(4)-Destyn_Turtles' Upkeep step
Phase: Ai(4)-Destyn_Turtles' Draw step
Phase: Ai(4)-Destyn_Turtles' Main phase, precombat
Land: Ai(4)-Destyn_Turtles played Island (332)
Phase: Ai(4)-Destyn_Turtles' Beginning of Combat Step
Phase: Ai(4)-Destyn_Turtles' Declare Attackers Step
Combat: Ai(4)-Destyn_Turtles assigned Michelangelo, the Heart (402) to attack Ai(1)-GGS_Ink_Eyes_diagnostic.
Phase: Ai(4)-Destyn_Turtles' Declare Blockers Step
Combat: Ai(1)-GGS_Ink_Eyes_diagnostic didn't block Michelangelo, the Heart (402).
Phase: Ai(4)-Destyn_Turtles' First Strike Damage Step
Phase: Ai(4)-Destyn_Turtles' Combat Damage Step
Damage: Michelangelo, the Heart (402) deals 2 combat damage to Ai(1)-GGS_Ink_Eyes_diagnostic.
Life: Life: Ai(1)-GGS_Ink_Eyes_diagnostic 40 > 38
Phase: Ai(4)-Destyn_Turtles' End of Combat Step
Phase: Ai(4)-Destyn_Turtles' Main phase, postcombat
Add To Stack: Ai(4)-Destyn_Turtles triggered Michelangelo, the Heart targeting [Michelangelo, the Heart (402)]
Resolve Stack: Raid (the Fridge) — At the beginning of your second main phase, if you attacked this turn, put a +1/+1 counter on target creature and create a Food token. (Targeting: [[Michelangelo, the Heart (402)]]) [Phase: Ai(4)-Destyn_Turtles]
Mana: Path of Ancestry (315) - {T}: Add one mana of any color in your commander's color identity. When that mana is spent to cast a creature spell that shares a creature type with your commander, scry 1. (Look at the top card of your library. You may put that card on the bottom.)
Mana: Island (332) - {T}: Add {U}.
Mana: Command Tower (331) - {T}: Add one mana of any color in your commander's color identity.
Add To Stack: Ai(4)-Destyn_Turtles cast Ninja Pizza
Resolve Stack: Ninja Pizza
Phase: Ai(4)-Destyn_Turtles' End step
Phase: Ai(4)-Destyn_Turtles' Cleanup step
Turn: Turn 10 (Ai(1)-GGS_Ink_Eyes_diagnostic)
Phase: Ai(1)-GGS_Ink_Eyes_diagnostic's Untap step
Phase: Ai(1)-GGS_Ink_Eyes_diagnostic's Upkeep step
Phase: Ai(1)-GGS_Ink_Eyes_diagnostic's Draw step
Phase: Ai(1)-GGS_Ink_Eyes_diagnostic's Main phase, precombat
Replacement Effect: Malakir Mire enters tapped.
Land: Ai(1)-GGS_Ink_Eyes_diagnostic played Malakir Mire (5)
Phase: Ai(1)-GGS_Ink_Eyes_diagnostic's Beginning of Combat Step
Phase: Ai(1)-GGS_Ink_Eyes_diagnostic's Declare Attackers Step
Combat: Ai(1)-GGS_Ink_Eyes_diagnostic assigned Loyal Apprentice (1) to attack Ai(4)-Destyn_Turtles.
Phase: Ai(1)-GGS_Ink_Eyes_diagnostic's Declare Blockers Step
Combat: Ai(4)-Destyn_Turtles didn't block Loyal Apprentice (1).
Mana: Watery Grave (71) - {T}: Add {U}.
Mana: Sokenzan, Crucible of Defiance (32) - {T}: Add {R}.
Add To Stack: Ai(1)-GGS_Ink_Eyes_diagnostic activated Prosperous Thief
Resolve Stack: Prosperous Thief (27) - Ai(1)-GGS_Ink_Eyes_diagnostic puts Prosperous Thief (27) from their hand onto the battlefield tapped and attacking.
Phase: Ai(1)-GGS_Ink_Eyes_diagnostic's First Strike Damage Step
Phase: Ai(1)-GGS_Ink_Eyes_diagnostic's Combat Damage Step
Damage: Prosperous Thief (27) deals 3 combat damage to Ai(4)-Destyn_Turtles.
Life: Life: Ai(4)-Destyn_Turtles 40 > 37
Add To Stack: Ai(1)-GGS_Ink_Eyes_diagnostic triggered Prosperous Thief
Resolve Stack: Whenever one or more Ninja or Rogue creatures you control deal combat damage to a player, create a Treasure token. (It's an artifact with "{T}, Sacrifice this token: Add one mana of any color.") [Damaged: Ai(4)-Destyn_Turtles, Amount: 3]
Phase: Ai(1)-GGS_Ink_Eyes_diagnostic's End of Combat Step
Phase: Ai(1)-GGS_Ink_Eyes_diagnostic's Main phase, postcombat
Phase: Ai(1)-GGS_Ink_Eyes_diagnostic's End step
Phase: Ai(1)-GGS_Ink_Eyes_diagnostic's Cleanup step
Turn: Turn 11 (Ai(2)-Jaymie_Ezio)
Phase: Ai(2)-Jaymie_Ezio's Untap step
Phase: Ai(2)-Jaymie_Ezio's Upkeep step
Phase: Ai(2)-Jaymie_Ezio's Draw step
Phase: Ai(2)-Jaymie_Ezio's Main phase, precombat
Land: Ai(2)-Jaymie_Ezio played Mountain (189)
Phase: Ai(2)-Jaymie_Ezio's Beginning of Combat Step
Phase: Ai(2)-Jaymie_Ezio's Declare Attackers Step
Phase: Ai(2)-Jaymie_Ezio's Declare Blockers Step
Phase: Ai(2)-Jaymie_Ezio's First Strike Damage Step
Phase: Ai(2)-Jaymie_Ezio's Combat Damage Step
Phase: Ai(2)-Jaymie_Ezio's End of Combat Step
Phase: Ai(2)-Jaymie_Ezio's Main phase, postcombat
Phase: Ai(2)-Jaymie_Ezio's End step
Phase: Ai(2)-Jaymie_Ezio's Cleanup step
Turn: Turn 12 (Ai(3)-Gabe_Food)
Phase: Ai(3)-Gabe_Food's Untap step
Phase: Ai(3)-Gabe_Food's Upkeep step
Phase: Ai(3)-Gabe_Food's Draw step
Phase: Ai(3)-Gabe_Food's Main phase, precombat
Replacement Effect: Scattered Groves enters tapped.
Land: Ai(3)-Gabe_Food played Scattered Groves (248)
Phase: Ai(3)-Gabe_Food's Beginning of Combat Step
Phase: Ai(3)-Gabe_Food's Declare Attackers Step
Phase: Ai(3)-Gabe_Food's Declare Blockers Step
Phase: Ai(3)-Gabe_Food's First Strike Damage Step
Phase: Ai(3)-Gabe_Food's Combat Damage Step
Phase: Ai(3)-Gabe_Food's End of Combat Step
Phase: Ai(3)-Gabe_Food's Main phase, postcombat
Phase: Ai(3)-Gabe_Food's End step
Phase: Ai(3)-Gabe_Food's Cleanup step
Turn: Turn 13 (Ai(4)-Destyn_Turtles)
Phase: Ai(4)-Destyn_Turtles' Untap step
Phase: Ai(4)-Destyn_Turtles' Upkeep step
Phase: Ai(4)-Destyn_Turtles' Draw step
Phase: Ai(4)-Destyn_Turtles' Main phase, precombat
Replacement Effect: Spire Garden enters tapped unless you have two or more opponents.
Land: Ai(4)-Destyn_Turtles played Spire Garden (392)
Mana: Spire Garden (392) - {T}: Add {R} or {G}.
Mana: Path of Ancestry (315) - {T}: Add one mana of any color in your commander's color identity. When that mana is spent to cast a creature spell that shares a creature type with your commander, scry 1. (Look at the top card of your library. You may put that card on the bottom.)
Mana: Island (332) - {T}: Add {U}.
Mana: Command Tower (331) - {T}: Add one mana of any color in your commander's color identity.
Zone Change: Food Token (473) was put into Graveyard from Battlefield.
Mana: Food Token (473) - {T}, Sacrifice this artifact: Add one mana of any color.
Add To Stack: Ai(4)-Destyn_Turtles cast Acidic Slime
Resolve Stack: Acidic Slime - Creature 2 / 2
Add To Stack: Ai(4)-Destyn_Turtles triggered Acidic Slime targeting [Treasure Token (478)]
Zone Change: Treasure Token (478) was put into Graveyard from Battlefield.
Resolve Stack: When Acidic Slime enters, destroy target artifact, enchantment, or land. (Targeting: [[Treasure Token (478)]]) [Zone Changer: Acidic Slime (365)]
Phase: Ai(4)-Destyn_Turtles' Beginning of Combat Step
Phase: Ai(4)-Destyn_Turtles' Declare Attackers Step
Combat: Ai(4)-Destyn_Turtles assigned Michelangelo, the Heart (402) to attack Ai(1)-GGS_Ink_Eyes_diagnostic.
Phase: Ai(4)-Destyn_Turtles' Declare Blockers Step
Combat: Ai(1)-GGS_Ink_Eyes_diagnostic didn't block Michelangelo, the Heart (402).
Phase: Ai(4)-Destyn_Turtles' First Strike Damage Step
Phase: Ai(4)-Destyn_Turtles' Combat Damage Step
Damage: Michelangelo, the Heart (402) deals 3 combat damage to Ai(1)-GGS_Ink_Eyes_diagnostic.
Life: Life: Ai(1)-GGS_Ink_Eyes_diagnostic 38 > 35
Phase: Ai(4)-Destyn_Turtles' End of Combat Step
Phase: Ai(4)-Destyn_Turtles' Main phase, postcombat
Add To Stack: Ai(4)-Destyn_Turtles triggered Michelangelo, the Heart targeting [Acidic Slime (365)]
Add To Stack: Ai(4)-Destyn_Turtles triggered Ninja Pizza
Resolve Stack: At the beginning of your second main phase, create a Food token. (It's an artifact with "{2}, {T}, Sacrifice this token: You gain 3 life.") [Phase: Ai(4)-Destyn_Turtles]
Resolve Stack: Raid (the Fridge) — At the beginning of your second main phase, if you attacked this turn, put a +1/+1 counter on target creature and create a Food token. (Targeting: [[Acidic Slime (365)]]) [Phase: Ai(4)-Destyn_Turtles]
Phase: Ai(4)-Destyn_Turtles' End step
Phase: Ai(4)-Destyn_Turtles' Cleanup step
Turn: Turn 14 (Ai(1)-GGS_Ink_Eyes_diagnostic)
Phase: Ai(1)-GGS_Ink_Eyes_diagnostic's Untap step
Phase: Ai(1)-GGS_Ink_Eyes_diagnostic's Upkeep step
Phase: Ai(1)-GGS_Ink_Eyes_diagnostic's Draw step
Phase: Ai(1)-GGS_Ink_Eyes_diagnostic's Main phase, precombat
Land: Ai(1)-GGS_Ink_Eyes_diagnostic played City of Brass (35)
Mana: Sokenzan, Crucible of Defiance (32) - {T}: Add {R}.
Mana: Malakir Mire (5) - {T}: Add {B}.
Mana: Watery Grave (71) - {T}: Add {B}.
Add To Stack: Ai(1)-GGS_Ink_Eyes_diagnostic cast Chaos Warp targeting [Acidic Slime (365)]
Resolve Stack: Chaos Warp (51) - Shuffle Acidic Slime (365) into its owner's library. Ai(1)-GGS_Ink_Eyes_diagnostic reveals the top card of Ai(4)-Destyn_Turtles' library.
Phase: Ai(1)-GGS_Ink_Eyes_diagnostic's Beginning of Combat Step
Phase: Ai(1)-GGS_Ink_Eyes_diagnostic's Declare Attackers Step
Phase: Ai(1)-GGS_Ink_Eyes_diagnostic's Declare Blockers Step
Phase: Ai(1)-GGS_Ink_Eyes_diagnostic's First Strike Damage Step
Phase: Ai(1)-GGS_Ink_Eyes_diagnostic's Combat Damage Step
Phase: Ai(1)-GGS_Ink_Eyes_diagnostic's End of Combat Step
Phase: Ai(1)-GGS_Ink_Eyes_diagnostic's Main phase, postcombat
Phase: Ai(1)-GGS_Ink_Eyes_diagnostic's End step
Phase: Ai(1)-GGS_Ink_Eyes_diagnostic's Cleanup step
Turn: Turn 15 (Ai(2)-Jaymie_Ezio)
Phase: Ai(2)-Jaymie_Ezio's Untap step
Phase: Ai(2)-Jaymie_Ezio's Upkeep step
Phase: Ai(2)-Jaymie_Ezio's Draw step
Phase: Ai(2)-Jaymie_Ezio's Main phase, precombat
Land: Ai(2)-Jaymie_Ezio played Island (134)
Phase: Ai(2)-Jaymie_Ezio's Beginning of Combat Step
Phase: Ai(2)-Jaymie_Ezio's Declare Attackers Step
Phase: Ai(2)-Jaymie_Ezio's Declare Blockers Step
Phase: Ai(2)-Jaymie_Ezio's First Strike Damage Step
Phase: Ai(2)-Jaymie_Ezio's Combat Damage Step
Phase: Ai(2)-Jaymie_Ezio's End of Combat Step
Phase: Ai(2)-Jaymie_Ezio's Main phase, postcombat
Mana: Island (134) - {T}: Add {U}.
Mana: Mountain (189) - {T}: Add {R}.
Mana: Plains (191) - {T}: Add {W}.
Add To Stack: Ai(2)-Jaymie_Ezio cast Shao Jun
Resolve Stack: Shao Jun - Creature 3 / 3
Phase: Ai(2)-Jaymie_Ezio's End step
Phase: Ai(2)-Jaymie_Ezio's Cleanup step
Turn: Turn 16 (Ai(3)-Gabe_Food)
Phase: Ai(3)-Gabe_Food's Untap step
Phase: Ai(3)-Gabe_Food's Upkeep step
Phase: Ai(3)-Gabe_Food's Draw step
Phase: Ai(3)-Gabe_Food's Main phase, precombat
Replacement Effect: Path of Ancestry enters tapped.
Land: Ai(3)-Gabe_Food played Path of Ancestry (213)
Phase: Ai(3)-Gabe_Food's Beginning of Combat Step
Phase: Ai(3)-Gabe_Food's Declare Attackers Step
Phase: Ai(3)-Gabe_Food's Declare Blockers Step
Phase: Ai(3)-Gabe_Food's First Strike Damage Step
Phase: Ai(3)-Gabe_Food's Combat Damage Step
Phase: Ai(3)-Gabe_Food's End of Combat Step
Phase: Ai(3)-Gabe_Food's Main phase, postcombat
Mana: Isolated Chapel (245) - {T}: Add {W} or {B}.
Mana: Forest (238) - {T}: Add {G}.
Mana: Scattered Groves (248) - {T}: Add {G}.
Add To Stack: Ai(3)-Gabe_Food cast Sam, Loyal Attendant
Resolve Stack: Sam, Loyal Attendant - Creature 2 / 4
Add To Stack: Ai(3)-Gabe_Food triggered Sam, Loyal Attendant targeting [Ai(3)-Gabe_Food]
Resolve Stack: Partner with Frodo, Adventurous Hobbit (When this creature enters, target player may put Frodo into their hand from their library, then shuffle.) (Targeting: [[Ai(3)-Gabe_Food]]) [Zone Changer: Sam, Loyal Attendant (303)]
Phase: Ai(3)-Gabe_Food's End step
Phase: Ai(3)-Gabe_Food's Cleanup step
Turn: Turn 17 (Ai(4)-Destyn_Turtles)
Phase: Ai(4)-Destyn_Turtles' Untap step
Phase: Ai(4)-Destyn_Turtles' Upkeep step
Phase: Ai(4)-Destyn_Turtles' Draw step
Phase: Ai(4)-Destyn_Turtles' Main phase, precombat
Replacement Effect: This land enters tapped.
Land: Ai(4)-Destyn_Turtles played Hidden Hideout (357)
Phase: Ai(4)-Destyn_Turtles' Beginning of Combat Step
Phase: Ai(4)-Destyn_Turtles' Declare Attackers Step
Combat: Ai(4)-Destyn_Turtles assigned Shredder, Shadow Master (307) to attack Ai(3)-Gabe_Food.
Add To Stack: Ai(4)-Destyn_Turtles triggered Shredder, Shadow Master
Resolve Stack: Whenever Shredder attacks a player, for each other opponent, create a token that's a copy of Shredder tapped and attacking that player, except it isn't legendary. Sacrifice those tokens at end of combat. [Attacker: Shredder, Shadow Master (307)]
Phase: Ai(4)-Destyn_Turtles' Declare Blockers Step
Combat: Ai(1)-GGS_Ink_Eyes_diagnostic didn't block Shredder, Shadow Master (488).
Combat: Ai(2)-Jaymie_Ezio didn't block Shredder, Shadow Master (490).
Combat: Ai(3)-Gabe_Food didn't block Shredder, Shadow Master (307).
Phase: Ai(4)-Destyn_Turtles' First Strike Damage Step
Phase: Ai(4)-Destyn_Turtles' Combat Damage Step
Damage: Shredder, Shadow Master (307) deals 5 combat damage to Ai(3)-Gabe_Food.
Damage: Shredder, Shadow Master (488) deals 5 combat damage to Ai(1)-GGS_Ink_Eyes_diagnostic.
Damage: Shredder, Shadow Master (490) deals 5 combat damage to Ai(2)-Jaymie_Ezio.
Life: Life: Ai(1)-GGS_Ink_Eyes_diagnostic 35 > 30
Life: Life: Ai(2)-Jaymie_Ezio 40 > 35
Life: Life: Ai(3)-Gabe_Food 40 > 35
Add To Stack: Ai(4)-Destyn_Turtles triggered Shredder, Shadow Master
Add To Stack: Ai(4)-Destyn_Turtles triggered Shredder, Shadow Master
Add To Stack: Ai(4)-Destyn_Turtles triggered Shredder, Shadow Master
Life: Life: Ai(2)-Jaymie_Ezio 35 > 17
Resolve Stack: Whenever Shredder deals combat damage to a player, that player loses half their life, rounded up. [Damage Source: Shredder, Shadow Master (490), Damaged: Ai(2)-Jaymie_Ezio, Amount: 5]
Life: Life: Ai(1)-GGS_Ink_Eyes_diagnostic 30 > 15
Resolve Stack: Whenever Shredder deals combat damage to a player, that player loses half their life, rounded up. [Damage Source: Shredder, Shadow Master (488), Damaged: Ai(1)-GGS_Ink_Eyes_diagnostic, Amount: 5]
Life: Life: Ai(3)-Gabe_Food 35 > 17
Resolve Stack: Whenever Shredder deals combat damage to a player, that player loses half their life, rounded up. [Damage Source: Shredder, Shadow Master (307), Damaged: Ai(3)-Gabe_Food, Amount: 5]
Phase: Ai(4)-Destyn_Turtles' End of Combat Step
Add To Stack: Ai(4)-Destyn_Turtles triggered Shredder, Shadow Master
Zone Change: Shredder, Shadow Master (488) was put into Graveyard from Battlefield.
Zone Change: Shredder, Shadow Master (490) was put into Graveyard from Battlefield.
Resolve Stack: Sacrifice those tokens at end of combat. ([Shredder, Shadow Master (488), Shredder, Shadow Master (490)]) [Phase: Ai(4)-Destyn_Turtles]
Phase: Ai(4)-Destyn_Turtles' Main phase, postcombat
Add To Stack: Ai(4)-Destyn_Turtles triggered Michelangelo, the Heart targeting [Shredder, Shadow Master (307)]
Add To Stack: Ai(4)-Destyn_Turtles triggered Ninja Pizza
Resolve Stack: At the beginning of your second main phase, create a Food token. (It's an artifact with "{2}, {T}, Sacrifice this token: You gain 3 life.") [Phase: Ai(4)-Destyn_Turtles]
Resolve Stack: Raid (the Fridge) — At the beginning of your second main phase, if you attacked this turn, put a +1/+1 counter on target creature and create a Food token. (Targeting: [[Shredder, Shadow Master (307)]]) [Phase: Ai(4)-Destyn_Turtles]
Mana: Spire Garden (392) - {T}: Add {R} or {G}.
Mana: Island (332) - {T}: Add {U}.
Mana: Path of Ancestry (315) - {T}: Add one mana of any color in your commander's color identity. When that mana is spent to cast a creature spell that shares a creature type with your commander, scry 1. (Look at the top card of your library. You may put that card on the bottom.)
Mana: Command Tower (331) - {T}: Add one mana of any color in your commander's color identity.
Zone Change: Food Token (495) was put into Graveyard from Battlefield.
Mana: Food Token (495) - {T}, Sacrifice this artifact: Add one mana of any color.
Add To Stack: Ai(4)-Destyn_Turtles cast Raphael, the Muscle
Add To Stack: Ai(4)-Destyn_Turtles triggered Path of Ancestry
Resolve Stack: Ai(4)-Destyn_Turtles scried 1 card(s) to the top of the library
Resolve Stack: When mana produced by Path of Ancestry is spent to cast a creature spell that shares a creature type with your commander, scry 1. ([Raphael, the Muscle - Creature 4 / 4]) [Card: Raphael, the Muscle (378), Activator: Ai(4)-Destyn_Turtles, SpellAbility: Raphael, the Muscle - Creature 4 / 4]
Resolve Stack: Raphael, the Muscle - Creature 4 / 4
Add To Stack: Ai(4)-Destyn_Turtles triggered Raphael, the Muscle
Resolve Stack: When Raphael enters, create a Mutagen token. [Zone Changer: Raphael, the Muscle (378)]
Zone Change: Food Token (493) was put into Graveyard from Battlefield.
Mana: Food Token (493) - {T}, Sacrifice this artifact: Add one mana of any color.
Zone Change: Food Token (484) was put into Graveyard from Battlefield.
Mana: Food Token (484) - {T}, Sacrifice this artifact: Add one mana of any color.
Zone Change: Food Token (482) was put into Graveyard from Battlefield.
Mana: Food Token (482) - {T}, Sacrifice this artifact: Add one mana of any color.
Add To Stack: Ai(4)-Destyn_Turtles cast Rocksteady, Mutant Marauder
Resolve Stack: Rocksteady, Mutant Marauder - Creature 3 / 3
Add To Stack: Ai(4)-Destyn_Turtles triggered Rocksteady, Mutant Marauder targeting [Ai(4)-Destyn_Turtles]
Resolve Stack: Partner with Bebop, Skull & Crossbones (When this creature enters, target player may put Bebop into their hand from their library, then shuffle.) (Targeting: [[Ai(4)-Destyn_Turtles]]) [Zone Changer: Rocksteady, Mutant Marauder (385)]
Phase: Ai(4)-Destyn_Turtles' End step
Phase: Ai(4)-Destyn_Turtles' Cleanup step
Turn: Turn 18 (Ai(1)-GGS_Ink_Eyes_diagnostic)
Phase: Ai(1)-GGS_Ink_Eyes_diagnostic's Untap step
Phase: Ai(1)-GGS_Ink_Eyes_diagnostic's Upkeep step
Phase: Ai(1)-GGS_Ink_Eyes_diagnostic's Draw step
Phase: Ai(1)-GGS_Ink_Eyes_diagnostic's Main phase, precombat
Land: Ai(1)-GGS_Ink_Eyes_diagnostic played Flooded Strand (8)
Life: Life: Ai(1)-GGS_Ink_Eyes_diagnostic 15 > 14
Zone Change: Flooded Strand (8) was put into Graveyard from Battlefield.
Add To Stack: Ai(1)-GGS_Ink_Eyes_diagnostic activated Flooded Strand
Replacement Effect: As Steam Vents enters, you may pay 2 life. If you don't, it enters tapped.
Resolve Stack: Flooded Strand (8) - Ai(1)-GGS_Ink_Eyes_diagnostic searches their library for a Plains or Island card, puts it onto the battlefield, then shuffles.
Mana: Sokenzan, Crucible of Defiance (32) - {T}: Add {R}.
Mana: Malakir Mire (5) - {T}: Add {B}.
Add To Stack: Ai(1)-GGS_Ink_Eyes_diagnostic cast Loyal Apprentice
Resolve Stack: Loyal Apprentice - Creature 2 / 1
Phase: Ai(1)-GGS_Ink_Eyes_diagnostic's Beginning of Combat Step
Phase: Ai(1)-GGS_Ink_Eyes_diagnostic's Declare Attackers Step
Phase: Ai(1)-GGS_Ink_Eyes_diagnostic's Declare Blockers Step
Phase: Ai(1)-GGS_Ink_Eyes_diagnostic's First Strike Damage Step
Phase: Ai(1)-GGS_Ink_Eyes_diagnostic's Combat Damage Step
Phase: Ai(1)-GGS_Ink_Eyes_diagnostic's End of Combat Step
Phase: Ai(1)-GGS_Ink_Eyes_diagnostic's Main phase, postcombat
Mana: Watery Grave (71) - {T}: Add {B}.
Mana: City of Brass (35) - {T}: Add one mana of any color.
Add To Stack: Ai(1)-GGS_Ink_Eyes_diagnostic cast Talisman of Dominance
Add To Stack: Ai(1)-GGS_Ink_Eyes_diagnostic triggered City of Brass
Damage: City of Brass (35) deals 1 non-combat damage to Ai(1)-GGS_Ink_Eyes_diagnostic.
Life: Life: Ai(1)-GGS_Ink_Eyes_diagnostic 14 > 13
Resolve Stack: Whenever City of Brass becomes tapped, it deals 1 damage to you. [Tapped: City of Brass (35)]
Resolve Stack: Talisman of Dominance
Phase: Ai(1)-GGS_Ink_Eyes_diagnostic's End step
Phase: Ai(1)-GGS_Ink_Eyes_diagnostic's Cleanup step
Turn: Turn 19 (Ai(2)-Jaymie_Ezio)
Phase: Ai(2)-Jaymie_Ezio's Untap step
Phase: Ai(2)-Jaymie_Ezio's Upkeep step
Phase: Ai(2)-Jaymie_Ezio's Draw step
Phase: Ai(2)-Jaymie_Ezio's Main phase, precombat
Land: Ai(2)-Jaymie_Ezio played Forest (137)
Phase: Ai(2)-Jaymie_Ezio's Beginning of Combat Step
Phase: Ai(2)-Jaymie_Ezio's Declare Attackers Step
Combat: Ai(2)-Jaymie_Ezio assigned Shao Jun (183) to attack Ai(4)-Destyn_Turtles.
Phase: Ai(2)-Jaymie_Ezio's Declare Blockers Step
Combat: Ai(4)-Destyn_Turtles didn't block Shao Jun (183).
Phase: Ai(2)-Jaymie_Ezio's First Strike Damage Step
Damage: Shao Jun (183) deals 3 combat damage to Ai(4)-Destyn_Turtles.
Life: Life: Ai(4)-Destyn_Turtles 37 > 34
Phase: Ai(2)-Jaymie_Ezio's Combat Damage Step
Phase: Ai(2)-Jaymie_Ezio's End of Combat Step
Phase: Ai(2)-Jaymie_Ezio's Main phase, postcombat
Mana: Island (134) - {T}: Add {U}.
Mana: Forest (137) - {T}: Add {G}.
Mana: Plains (191) - {T}: Add {W}.
Add To Stack: Ai(2)-Jaymie_Ezio cast Lydia Frye
Resolve Stack: Lydia Frye - Creature 3 / 2
Phase: Ai(2)-Jaymie_Ezio's End step
Add To Stack: Ai(2)-Jaymie_Ezio triggered Lydia Frye
Resolve Stack: Ai(2)-Jaymie_Ezio surveiled 1 card(s) to the top of the library
Resolve Stack: At the beginning of your end step, surveil X, where X is the number of tapped Assassins you control. (Look at the top X cards of your library, then put any number of them into your graveyard and the rest on top of your library in any order.) [Phase: Ai(2)-Jaymie_Ezio]
Phase: Ai(2)-Jaymie_Ezio's Cleanup step
Turn: Turn 20 (Ai(3)-Gabe_Food)
Phase: Ai(3)-Gabe_Food's Untap step
Phase: Ai(3)-Gabe_Food's Upkeep step
Phase: Ai(3)-Gabe_Food's Draw step
Phase: Ai(3)-Gabe_Food's Main phase, precombat
Land: Ai(3)-Gabe_Food played Forest (234)
Mana: Forest (238) - {T}: Add {G}.
Mana: Forest (234) - {T}: Add {G}.
Mana: Isolated Chapel (245) - {T}: Add {W} or {B}.
Mana: Scattered Groves (248) - {T}: Add {G}.
Add To Stack: Ai(3)-Gabe_Food cast Assemble the Entmoot
Resolve Stack: Assemble the Entmoot
Phase: Ai(3)-Gabe_Food's Beginning of Combat Step
Add To Stack: Ai(3)-Gabe_Food triggered Sam, Loyal Attendant
Resolve Stack: At the beginning of combat on your turn, create a Food token. (It's an artifact with "{2}, {T}, Sacrifice this token: You gain 3 life.") [Phase: Ai(3)-Gabe_Food]
Phase: Ai(3)-Gabe_Food's Declare Attackers Step
Phase: Ai(3)-Gabe_Food's Declare Blockers Step
Phase: Ai(3)-Gabe_Food's First Strike Damage Step
Phase: Ai(3)-Gabe_Food's Combat Damage Step
Phase: Ai(3)-Gabe_Food's End of Combat Step
Phase: Ai(3)-Gabe_Food's Main phase, postcombat
Phase: Ai(3)-Gabe_Food's End step
Phase: Ai(3)-Gabe_Food's Cleanup step
Turn: Turn 21 (Ai(4)-Destyn_Turtles)
Phase: Ai(4)-Destyn_Turtles' Untap step
Phase: Ai(4)-Destyn_Turtles' Upkeep step
Phase: Ai(4)-Destyn_Turtles' Draw step
Phase: Ai(4)-Destyn_Turtles' Main phase, precombat
Land: Ai(4)-Destyn_Turtles played Swamp (359)
Phase: Ai(4)-Destyn_Turtles' Beginning of Combat Step
Phase: Ai(4)-Destyn_Turtles' Declare Attackers Step
Combat: Ai(4)-Destyn_Turtles assigned Shredder, Shadow Master (307), Raphael, the Muscle (378), Michelangelo, the Heart (402) and Rocksteady, Mutant Marauder (385) to attack Ai(1)-GGS_Ink_Eyes_diagnostic.
Add To Stack: Ai(4)-Destyn_Turtles triggered Shredder, Shadow Master
Zone Change: Assemble the Entmoot (203) was put into Graveyard from Battlefield.
Add To Stack: Ai(3)-Gabe_Food activated Assemble the Entmoot
Resolve Stack: Assemble the Entmoot (203) - Ai(3)-Gabe_Food creates three tapped X/X green Treefolk creature tokens, where X is the amount of life you gained this turn. Put a reach counter on each of them. Ai(3)-Gabe_Food puts a reach counter on . 
Zone Change: Treefolk Token (517) was put into Graveyard from Battlefield.
Zone Change: Treefolk Token (518) was put into Graveyard from Battlefield.
Zone Change: Treefolk Token (519) was put into Graveyard from Battlefield.
Resolve Stack: Whenever Shredder attacks a player, for each other opponent, create a token that's a copy of Shredder tapped and attacking that player, except it isn't legendary. Sacrifice those tokens at end of combat. [Attacker: Shredder, Shadow Master (307)]
Phase: Ai(4)-Destyn_Turtles' Declare Blockers Step
Combat: Ai(1)-GGS_Ink_Eyes_diagnostic assigned Loyal Apprentice (1) to block Shredder, Shadow Master (307).
Ai(1)-GGS_Ink_Eyes_diagnostic assigned Prosperous Thief (27) to block Raphael, the Muscle (378).
Ai(1)-GGS_Ink_Eyes_diagnostic didn't block Michelangelo, the Heart (402).
Ai(1)-GGS_Ink_Eyes_diagnostic didn't block Rocksteady, Mutant Marauder (385).
Combat: Ai(2)-Jaymie_Ezio didn't block Shredder, Shadow Master (521).
Combat: Ai(3)-Gabe_Food didn't block Shredder, Shadow Master (523).
Mana: Island (332) - {T}: Add {U}.
Mana: Swamp (359) - {T}: Add {B}.
Add To Stack: Ai(4)-Destyn_Turtles activated Hidden Hideout targeting [Shredder, Shadow Master (307)]
Resolve Stack: Hidden Hideout (357) - Shredder, Shadow Master (307) gains lifelink until end of turn.
Phase: Ai(4)-Destyn_Turtles' First Strike Damage Step
Phase: Ai(4)-Destyn_Turtles' Combat Damage Step
Replacement Effect: Double all damage that creatures you control with counters on them would deal.
Replacement Effect: Double all damage that creatures you control with counters on them would deal.
Damage: Shredder, Shadow Master (307) deals 12 damage to Loyal Apprentice (1).
Life: Life: Ai(4)-Destyn_Turtles 34 > 46
Damage: Raphael, the Muscle (378) deals 4 damage to Prosperous Thief (27).
Damage: Michelangelo, the Heart (402) deals 6 combat damage to Ai(1)-GGS_Ink_Eyes_diagnostic.
Damage: Rocksteady, Mutant Marauder (385) deals 3 combat damage to Ai(1)-GGS_Ink_Eyes_diagnostic.
Damage: Shredder, Shadow Master (521) deals 5 combat damage to Ai(2)-Jaymie_Ezio.
Damage: Shredder, Shadow Master (523) deals 5 combat damage to Ai(3)-Gabe_Food.
Damage: Loyal Apprentice (1) deals 2 damage to Shredder, Shadow Master (307).
Damage: Prosperous Thief (27) deals 3 damage to Raphael, the Muscle (378).
Life: Life: Ai(1)-GGS_Ink_Eyes_diagnostic 13 > 4
Life: Life: Ai(2)-Jaymie_Ezio 17 > 12
Life: Life: Ai(3)-Gabe_Food 17 > 12
Zone Change: Prosperous Thief (27) was put into Graveyard from Battlefield.
Zone Change: Loyal Apprentice (1) was put into Graveyard from Battlefield.
Add To Stack: Ai(4)-Destyn_Turtles triggered Shredder, Shadow Master
Add To Stack: Ai(4)-Destyn_Turtles triggered Shredder, Shadow Master
Life: Life: Ai(3)-Gabe_Food 12 > 6
Resolve Stack: Whenever Shredder deals combat damage to a player, that player loses half their life, rounded up. [Damage Source: Shredder, Shadow Master (523), Damaged: Ai(3)-Gabe_Food, Amount: 5]
Life: Life: Ai(2)-Jaymie_Ezio 12 > 6
Resolve Stack: Whenever Shredder deals combat damage to a player, that player loses half their life, rounded up. [Damage Source: Shredder, Shadow Master (521), Damaged: Ai(2)-Jaymie_Ezio, Amount: 5]
Phase: Ai(4)-Destyn_Turtles' End of Combat Step
Add To Stack: Ai(4)-Destyn_Turtles triggered Shredder, Shadow Master
Zone Change: Shredder, Shadow Master (521) was put into Graveyard from Battlefield.
Zone Change: Shredder, Shadow Master (523) was put into Graveyard from Battlefield.
Resolve Stack: Sacrifice those tokens at end of combat. ([Shredder, Shadow Master (521), Shredder, Shadow Master (523)]) [Phase: Ai(4)-Destyn_Turtles]
Phase: Ai(4)-Destyn_Turtles' Main phase, postcombat
Add To Stack: Ai(4)-Destyn_Turtles triggered Michelangelo, the Heart targeting [Shredder, Shadow Master (307)]
Add To Stack: Ai(4)-Destyn_Turtles triggered Ninja Pizza
Resolve Stack: At the beginning of your second main phase, create a Food token. (It's an artifact with "{2}, {T}, Sacrifice this token: You gain 3 life.") [Phase: Ai(4)-Destyn_Turtles]
Resolve Stack: Raid (the Fridge) — At the beginning of your second main phase, if you attacked this turn, put a +1/+1 counter on target creature and create a Food token. (Targeting: [[Shredder, Shadow Master (307)]]) [Phase: Ai(4)-Destyn_Turtles]
Mana: Path of Ancestry (315) - {T}: Add one mana of any color in your commander's color identity. When that mana is spent to cast a creature spell that shares a creature type with your commander, scry 1. (Look at the top card of your library. You may put that card on the bottom.)
Mana: Spire Garden (392) - {T}: Add {R} or {G}.
Mana: Command Tower (331) - {T}: Add one mana of any color in your commander's color identity.
Zone Change: Food Token (528) was put into Graveyard from Battlefield.
Mana: Food Token (528) - {T}, Sacrifice this artifact: Add one mana of any color.
Add To Stack: Ai(4)-Destyn_Turtles cast Leonardo, the Balance
Add To Stack: Ai(4)-Destyn_Turtles triggered Path of Ancestry
Resolve Stack: Ai(4)-Destyn_Turtles scried 1 card(s) to the top of the library
Resolve Stack: When mana produced by Path of Ancestry is spent to cast a creature spell that shares a creature type with your commander, scry 1. ([Leonardo, the Balance - Creature 3 / 3]) [Card: Leonardo, the Balance (404), Activator: Ai(4)-Destyn_Turtles, SpellAbility: Leonardo, the Balance - Creature 3 / 3]
Resolve Stack: Leonardo, the Balance - Creature 3 / 3
Add To Stack: Ai(4)-Destyn_Turtles triggered Rocksteady, Mutant Marauder targeting [Shredder, Shadow Master (307)]
Resolve Stack: Whenever another nontoken creature you control enters, put a +1/+1 counter on target creature. (Targeting: [[Shredder, Shadow Master (307)]]) [Zone Changer: Leonardo, the Balance (404)]
Phase: Ai(4)-Destyn_Turtles' End step
Phase: Ai(4)-Destyn_Turtles' Cleanup step
Turn: Turn 22 (Ai(1)-GGS_Ink_Eyes_diagnostic)
Phase: Ai(1)-GGS_Ink_Eyes_diagnostic's Untap step
Phase: Ai(1)-GGS_Ink_Eyes_diagnostic's Upkeep step
Phase: Ai(1)-GGS_Ink_Eyes_diagnostic's Draw step
Phase: Ai(1)-GGS_Ink_Eyes_diagnostic's Main phase, precombat
Land: Ai(1)-GGS_Ink_Eyes_diagnostic played Reflecting Pool (59)
Phase: Ai(1)-GGS_Ink_Eyes_diagnostic's Beginning of Combat Step
Phase: Ai(1)-GGS_Ink_Eyes_diagnostic's Declare Attackers Step
Phase: Ai(1)-GGS_Ink_Eyes_diagnostic's Declare Blockers Step
Phase: Ai(1)-GGS_Ink_Eyes_diagnostic's First Strike Damage Step
Phase: Ai(1)-GGS_Ink_Eyes_diagnostic's Combat Damage Step
Phase: Ai(1)-GGS_Ink_Eyes_diagnostic's End of Combat Step
Phase: Ai(1)-GGS_Ink_Eyes_diagnostic's Main phase, postcombat
Mana: Sokenzan, Crucible of Defiance (32) - {T}: Add {R}.
Mana: Reflecting Pool (59) - {T}: Add one mana of any type that a land you control could produce.
Mana: Malakir Mire (5) - {T}: Add {B}.
Mana: Steam Vents (44) - {T}: Add {R}.
Mana: Watery Grave (71) - {T}: Add {B}.
Add To Stack: Ai(1)-GGS_Ink_Eyes_diagnostic cast Draconic Visitor
Resolve Stack: Draconic Visitor - Creature 5 / 5
Phase: Ai(1)-GGS_Ink_Eyes_diagnostic's End step
Phase: Ai(1)-GGS_Ink_Eyes_diagnostic's Cleanup step
Turn: Turn 23 (Ai(2)-Jaymie_Ezio)
Phase: Ai(2)-Jaymie_Ezio's Untap step
Phase: Ai(2)-Jaymie_Ezio's Upkeep step
Phase: Ai(2)-Jaymie_Ezio's Draw step
Phase: Ai(2)-Jaymie_Ezio's Main phase, precombat
Phase: Ai(2)-Jaymie_Ezio's Beginning of Combat Step
Phase: Ai(2)-Jaymie_Ezio's Declare Attackers Step
Phase: Ai(2)-Jaymie_Ezio's Declare Blockers Step
Phase: Ai(2)-Jaymie_Ezio's First Strike Damage Step
Phase: Ai(2)-Jaymie_Ezio's Combat Damage Step
Phase: Ai(2)-Jaymie_Ezio's End of Combat Step
Phase: Ai(2)-Jaymie_Ezio's Main phase, postcombat
Mana: Plains (191) - {T}: Add {W}.
Mana: Island (134) - {T}: Add {U}.
Mana: Mountain (189) - {T}: Add {R}.
Discard: Ai(2)-Jaymie_Ezio discards Perilous Landscape (127).
Add To Stack: Ai(2)-Jaymie_Ezio activated Perilous Landscape
Resolve Stack: Perilous Landscape (127) - Ai(2)-Jaymie_Ezio draws a card.
Phase: Ai(2)-Jaymie_Ezio's End step
Add To Stack: Ai(2)-Jaymie_Ezio triggered Lydia Frye
Resolve Stack: At the beginning of your end step, surveil X, where X is the number of tapped Assassins you control. (Look at the top X cards of your library, then put any number of them into your graveyard and the rest on top of your library in any order.) [Phase: Ai(2)-Jaymie_Ezio]
Phase: Ai(2)-Jaymie_Ezio's Cleanup step
Turn: Turn 24 (Ai(3)-Gabe_Food)
Phase: Ai(3)-Gabe_Food's Untap step
Phase: Ai(3)-Gabe_Food's Upkeep step
Phase: Ai(3)-Gabe_Food's Draw step
Phase: Ai(3)-Gabe_Food's Main phase, precombat
Land: Ai(3)-Gabe_Food played Plains (291)
Phase: Ai(3)-Gabe_Food's Beginning of Combat Step
Add To Stack: Ai(3)-Gabe_Food triggered Sam, Loyal Attendant
Resolve Stack: At the beginning of combat on your turn, create a Food token. (It's an artifact with "{2}, {T}, Sacrifice this token: You gain 3 life.") [Phase: Ai(3)-Gabe_Food]
Phase: Ai(3)-Gabe_Food's Declare Attackers Step
Phase: Ai(3)-Gabe_Food's Declare Blockers Step
Phase: Ai(3)-Gabe_Food's First Strike Damage Step
Phase: Ai(3)-Gabe_Food's Combat Damage Step
Phase: Ai(3)-Gabe_Food's End of Combat Step
Phase: Ai(3)-Gabe_Food's Main phase, postcombat
Mana: Isolated Chapel (245) - {T}: Add {W} or {B}.
Mana: Path of Ancestry (213) - {T}: Add one mana of any color in your commander's color identity. When that mana is spent to cast a creature spell that shares a creature type with your commander, scry 1. (Look at the top card of your library. You may put that card on the bottom.)
Mana: Forest (238) - {T}: Add {G}.
Mana: Forest (234) - {T}: Add {G}.
Mana: Plains (291) - {T}: Add {W}.
Add To Stack: Ai(3)-Gabe_Food cast Sanguine Bond
Resolve Stack: Sanguine Bond
Phase: Ai(3)-Gabe_Food's End step
Phase: Ai(3)-Gabe_Food's Cleanup step
Turn: Turn 25 (Ai(4)-Destyn_Turtles)
Phase: Ai(4)-Destyn_Turtles' Untap step
Phase: Ai(4)-Destyn_Turtles' Upkeep step
Phase: Ai(4)-Destyn_Turtles' Draw step
Phase: Ai(4)-Destyn_Turtles' Main phase, precombat
Phase: Ai(4)-Destyn_Turtles' Beginning of Combat Step
Phase: Ai(4)-Destyn_Turtles' Declare Attackers Step
Combat: Ai(4)-Destyn_Turtles assigned Shredder, Shadow Master (307), Raphael, the Muscle (378), Michelangelo, the Heart (402), Rocksteady, Mutant Marauder (385) and Leonardo, the Balance (404) to attack Ai(3)-Gabe_Food.
Add To Stack: Ai(4)-Destyn_Turtles triggered Shredder, Shadow Master
Mana: Scattered Groves (248) - {T}: Add {G}.
Zone Change: Food Token (503) was put into Graveyard from Battlefield.
Add To Stack: Ai(3)-Gabe_Food activated Food Token
Life: Life: Ai(3)-Gabe_Food 6 > 9
Resolve Stack: Food Token (503) - Ai(3)-Gabe_Food gains 3 life.
Add To Stack: Ai(3)-Gabe_Food triggered Sanguine Bond targeting [Ai(4)-Destyn_Turtles]
Life: Life: Ai(4)-Destyn_Turtles 46 > 43
Resolve Stack: Whenever you gain life, target opponent loses that much life. (Targeting: [[Ai(4)-Destyn_Turtles]]) [Player: Ai(3)-Gabe_Food, Gained Amount: 3]
Resolve Stack: Whenever Shredder attacks a player, for each other opponent, create a token that's a copy of Shredder tapped and attacking that player, except it isn't legendary. Sacrifice those tokens at end of combat. [Attacker: Shredder, Shadow Master (307)]
Add To Stack: Ai(4)-Destyn_Turtles triggered Leonardo, the Balance
Add To Stack: Ai(4)-Destyn_Turtles triggered Leonardo, the Balance
Resolve Stack: Whenever a token you control enters, you may put a +1/+1 counter on each creature you control. Do this only once each turn. [Zone Changer: Shredder, Shadow Master (536)]
Resolve Stack: Whenever a token you control enters, you may put a +1/+1 counter on each creature you control. Do this only once each turn. [Zone Changer: Shredder, Shadow Master (534)]
Phase: Ai(4)-Destyn_Turtles' Declare Blockers Step
Combat: Ai(1)-GGS_Ink_Eyes_diagnostic assigned Draconic Visitor (14) to block Shredder, Shadow Master (534).
Combat: Ai(2)-Jaymie_Ezio assigned Lydia Frye (186) and Shao Jun (183) to block Shredder, Shadow Master (536).
Combat: Ai(3)-Gabe_Food assigned Sam, Loyal Attendant (303) to block Shredder, Shadow Master (307).
Ai(3)-Gabe_Food didn't block Raphael, the Muscle (378).
Ai(3)-Gabe_Food didn't block Michelangelo, the Heart (402).
Ai(3)-Gabe_Food didn't block Rocksteady, Mutant Marauder (385).
Ai(3)-Gabe_Food didn't block Leonardo, the Balance (404).
Mana: Path of Ancestry (315) - {T}: Add one mana of any color in your commander's color identity. When that mana is spent to cast a creature spell that shares a creature type with your commander, scry 1. (Look at the top card of your library. You may put that card on the bottom.)
Mana: Island (332) - {T}: Add {U}.
Mana: Swamp (359) - {T}: Add {B}.
Mana: Spire Garden (392) - {T}: Add {R} or {G}.
Mana: Command Tower (331) - {T}: Add one mana of any color in your commander's color identity.
Add To Stack: Ai(4)-Destyn_Turtles activated Leonardo, the Balance
Resolve Stack: Leonardo, the Balance (404) - Creatures you control gain menace, trample, and lifelink until end of turn.
Phase: Ai(4)-Destyn_Turtles' First Strike Damage Step
Phase: Ai(4)-Destyn_Turtles' Combat Damage Step
Replacement Effect: Double all damage that creatures you control with counters on them would deal.
Replacement Effect: Double all damage that creatures you control with counters on them would deal.
Replacement Effect: Double all damage that creatures you control with counters on them would deal.
Replacement Effect: Double all damage that creatures you control with counters on them would deal.
Replacement Effect: Double all damage that creatures you control with counters on them would deal.
Replacement Effect: Double all damage that creatures you control with counters on them would deal.
Replacement Effect: Double all damage that creatures you control with counters on them would deal.
Replacement Effect: Double all damage that creatures you control with counters on them would deal.
Replacement Effect: Double all damage that creatures you control with counters on them would deal.
Replacement Effect: Double all damage that creatures you control with counters on them would deal.
Replacement Effect: Double all damage that creatures you control with counters on them would deal.
Damage: Shredder, Shadow Master (307) deals 10 combat damage to Ai(3)-Gabe_Food.
Damage: Shredder, Shadow Master (307) deals 8 damage to Sam, Loyal Attendant (303).
Life: Life: Ai(4)-Destyn_Turtles 43 > 61
Damage: Raphael, the Muscle (378) deals 10 combat damage to Ai(3)-Gabe_Food.
Life: Life: Ai(4)-Destyn_Turtles 61 > 71
Damage: Michelangelo, the Heart (402) deals 8 combat damage to Ai(3)-Gabe_Food.
Life: Life: Ai(4)-Destyn_Turtles 71 > 79
Damage: Rocksteady, Mutant Marauder (385) deals 8 combat damage to Ai(3)-Gabe_Food.
Life: Life: Ai(4)-Destyn_Turtles 79 > 87
Damage: Leonardo, the Balance (404) deals 8 combat damage to Ai(3)-Gabe_Food.
Life: Life: Ai(4)-Destyn_Turtles 87 > 95
Damage: Shredder, Shadow Master (534) deals 2 combat damage to Ai(1)-GGS_Ink_Eyes_diagnostic.
Damage: Shredder, Shadow Master (534) deals 10 damage to Draconic Visitor (14).
Life: Life: Ai(4)-Destyn_Turtles 95 > 107
Damage: Shredder, Shadow Master (536) deals 2 combat damage to Ai(2)-Jaymie_Ezio.
Damage: Shredder, Shadow Master (536) deals 6 damage to Shao Jun (183).
Damage: Shredder, Shadow Master (536) deals 4 damage to Lydia Frye (186).
Life: Life: Ai(4)-Destyn_Turtles 107 > 119
Damage: Draconic Visitor (14) deals 5 damage to Shredder, Shadow Master (534).
Damage: Lydia Frye (186) deals 3 damage to Shredder, Shadow Master (536).
Damage: Shao Jun (183) deals 3 damage to Shredder, Shadow Master (536).
Damage: Sam, Loyal Attendant (303) deals 2 damage to Shredder, Shadow Master (307).
Life: Life: Ai(1)-GGS_Ink_Eyes_diagnostic 4 > 2
Life: Life: Ai(2)-Jaymie_Ezio 6 > 4
Life: Life: Ai(3)-Gabe_Food 9 > -35
Zone Change: Shredder, Shadow Master (536) was put into Graveyard from Battlefield.
Zone Change: Draconic Visitor (14) was put into Graveyard from Battlefield.
Zone Change: Shao Jun (183) was put into Graveyard from Battlefield.
Zone Change: Lydia Frye (186) was put into Graveyard from Battlefield.
Add To Stack: Ai(4)-Destyn_Turtles triggered Shredder, Shadow Master
Add To Stack: Ai(4)-Destyn_Turtles triggered Shredder, Shadow Master
Add To Stack: Ai(4)-Destyn_Turtles triggered Shredder, Shadow Master
Life: Life: Ai(2)-Jaymie_Ezio 4 > 2
Resolve Stack: Whenever Shredder deals combat damage to a player, that player loses half their life, rounded up. [Damage Source: Shredder, Shadow Master (536), Damaged: Ai(2)-Jaymie_Ezio, Amount: 2]
Life: Life: Ai(1)-GGS_Ink_Eyes_diagnostic 2 > 1
Resolve Stack: Whenever Shredder deals combat damage to a player, that player loses half their life, rounded up. [Damage Source: Shredder, Shadow Master (534), Damaged: Ai(1)-GGS_Ink_Eyes_diagnostic, Amount: 2]
Resolve Stack: Whenever Shredder deals combat damage to a player, that player loses half their life, rounded up. [Damage Source: Shredder, Shadow Master (307), Damaged: Ai(3)-Gabe_Food, Amount: 10]
Phase: Ai(4)-Destyn_Turtles' End of Combat Step
Add To Stack: Ai(4)-Destyn_Turtles triggered Shredder, Shadow Master
Zone Change: Shredder, Shadow Master (534) was put into Graveyard from Battlefield.
Resolve Stack: Sacrifice those tokens at end of combat. ([Shredder, Shadow Master (534), Shredder, Shadow Master (536)]) [Phase: Ai(4)-Destyn_Turtles]
Phase: Ai(4)-Destyn_Turtles' Main phase, postcombat
Add To Stack: Ai(4)-Destyn_Turtles triggered Michelangelo, the Heart targeting [Shredder, Shadow Master (307)]
Add To Stack: Ai(4)-Destyn_Turtles triggered Ninja Pizza
Resolve Stack: At the beginning of your second main phase, create a Food token. (It's an artifact with "{2}, {T}, Sacrifice this token: You gain 3 life.") [Phase: Ai(4)-Destyn_Turtles]
Resolve Stack: Raid (the Fridge) — At the beginning of your second main phase, if you attacked this turn, put a +1/+1 counter on target creature and create a Food token. (Targeting: [[Shredder, Shadow Master (307)]]) [Phase: Ai(4)-Destyn_Turtles]
Mana: Hidden Hideout (357) - {T}: Add one mana of any color in your commander's color identity.
Zone Change: Food Token (541) was put into Graveyard from Battlefield.
Mana: Food Token (541) - {T}, Sacrifice this artifact: Add one mana of any color.
Add To Stack: Ai(4)-Destyn_Turtles cast Bebop, Skull & Crossbones
Resolve Stack: Bebop, Skull & Crossbones - Creature 2 / 1
Add To Stack: Ai(4)-Destyn_Turtles triggered Bebop, Skull & Crossbones targeting [Ai(4)-Destyn_Turtles]
Add To Stack: Ai(4)-Destyn_Turtles triggered Rocksteady, Mutant Marauder targeting [Shredder, Shadow Master (307)]
Resolve Stack: Whenever another nontoken creature you control enters, put a +1/+1 counter on target creature. (Targeting: [[Shredder, Shadow Master (307)]]) [Zone Changer: Bebop, Skull & Crossbones (318)]
Resolve Stack: Partner with Rocksteady, Mutant Marauder (When this creature enters, target player may put Rocksteady into their hand from their library, then shuffle.) (Targeting: [[Ai(4)-Destyn_Turtles]]) [Zone Changer: Bebop, Skull & Crossbones (318)]
Phase: Ai(4)-Destyn_Turtles' End step
Phase: Ai(4)-Destyn_Turtles' Cleanup step
Turn: Turn 26 (Ai(1)-GGS_Ink_Eyes_diagnostic)
Phase: Ai(1)-GGS_Ink_Eyes_diagnostic's Untap step
Phase: Ai(1)-GGS_Ink_Eyes_diagnostic's Upkeep step
Phase: Ai(1)-GGS_Ink_Eyes_diagnostic's Draw step
Mana: Malakir Mire (5) - {T}: Add {B}.
Mana: Reflecting Pool (59) - {T}: Add one mana of any type that a land you control could produce.
Mana: Sokenzan, Crucible of Defiance (32) - {T}: Add {R}.
Mana: Steam Vents (44) - {T}: Add {R}.
Add To Stack: Ai(1)-GGS_Ink_Eyes_diagnostic cast Fell the Profane targeting [Shredder, Shadow Master (307)]
Zone Change: Shredder, Shadow Master (307) was put into Graveyard from Battlefield.
Resolve Stack: Fell the Profane (68) - Destroy Shredder, Shadow Master (307).
Phase: Ai(1)-GGS_Ink_Eyes_diagnostic's Main phase, precombat
Phase: Ai(1)-GGS_Ink_Eyes_diagnostic's Beginning of Combat Step
Phase: Ai(1)-GGS_Ink_Eyes_diagnostic's Declare Attackers Step
Phase: Ai(1)-GGS_Ink_Eyes_diagnostic's Declare Blockers Step
Phase: Ai(1)-GGS_Ink_Eyes_diagnostic's First Strike Damage Step
Phase: Ai(1)-GGS_Ink_Eyes_diagnostic's Combat Damage Step
Phase: Ai(1)-GGS_Ink_Eyes_diagnostic's End of Combat Step
Phase: Ai(1)-GGS_Ink_Eyes_diagnostic's Main phase, postcombat
Phase: Ai(1)-GGS_Ink_Eyes_diagnostic's End step
Phase: Ai(1)-GGS_Ink_Eyes_diagnostic's Cleanup step
Turn: Turn 27 (Ai(2)-Jaymie_Ezio)
Phase: Ai(2)-Jaymie_Ezio's Untap step
Phase: Ai(2)-Jaymie_Ezio's Upkeep step
Phase: Ai(2)-Jaymie_Ezio's Draw step
Phase: Ai(2)-Jaymie_Ezio's Main phase, precombat
Mana: Forest (137) - {T}: Add {G}.
Mana: Island (134) - {T}: Add {U}.
Mana: Plains (191) - {T}: Add {W}.
Add To Stack: Ai(2)-Jaymie_Ezio cast 
Resolve Stack: Disguise - Creature 2/2
Phase: Ai(2)-Jaymie_Ezio's Beginning of Combat Step
Phase: Ai(2)-Jaymie_Ezio's Declare Attackers Step
Phase: Ai(2)-Jaymie_Ezio's Declare Blockers Step
Phase: Ai(2)-Jaymie_Ezio's First Strike Damage Step
Phase: Ai(2)-Jaymie_Ezio's Combat Damage Step
Phase: Ai(2)-Jaymie_Ezio's End of Combat Step
Phase: Ai(2)-Jaymie_Ezio's Main phase, postcombat
Phase: Ai(2)-Jaymie_Ezio's End step
Phase: Ai(2)-Jaymie_Ezio's Cleanup step
Turn: Turn 28 (Ai(4)-Destyn_Turtles)
Phase: Ai(4)-Destyn_Turtles' Untap step
Phase: Ai(4)-Destyn_Turtles' Upkeep step
Phase: Ai(4)-Destyn_Turtles' Draw step
Phase: Ai(4)-Destyn_Turtles' Main phase, precombat
Phase: Ai(4)-Destyn_Turtles' Beginning of Combat Step
Phase: Ai(4)-Destyn_Turtles' Declare Attackers Step
Combat: Ai(4)-Destyn_Turtles assigned Raphael, the Muscle (378), Michelangelo, the Heart (402), Rocksteady, Mutant Marauder (385), Leonardo, the Balance (404) and Bebop, Skull & Crossbones (318) to attack Ai(2)-Jaymie_Ezio.
Phase: Ai(4)-Destyn_Turtles' Declare Blockers Step
Combat: Ai(2)-Jaymie_Ezio assigned Face-down card (H4) to block Raphael, the Muscle (378).
Ai(2)-Jaymie_Ezio didn't block Michelangelo, the Heart (402).
Ai(2)-Jaymie_Ezio didn't block Rocksteady, Mutant Marauder (385).
Ai(2)-Jaymie_Ezio didn't block Leonardo, the Balance (404).
Ai(2)-Jaymie_Ezio didn't block Bebop, Skull & Crossbones (318).
Mana: Path of Ancestry (315) - {T}: Add one mana of any color in your commander's color identity. When that mana is spent to cast a creature spell that shares a creature type with your commander, scry 1. (Look at the top card of your library. You may put that card on the bottom.)
Mana: Island (332) - {T}: Add {U}.
Mana: Swamp (359) - {T}: Add {B}.
Mana: Spire Garden (392) - {T}: Add {R} or {G}.
Mana: Command Tower (331) - {T}: Add one mana of any color in your commander's color identity.
Add To Stack: Ai(4)-Destyn_Turtles activated Leonardo, the Balance
Resolve Stack: Leonardo, the Balance (404) - Creatures you control gain menace, trample, and lifelink until end of turn.
Phase: Ai(4)-Destyn_Turtles' First Strike Damage Step
Phase: Ai(4)-Destyn_Turtles' Combat Damage Step
Replacement Effect: Double all damage that creatures you control with counters on them would deal.
Replacement Effect: Double all damage that creatures you control with counters on them would deal.
Replacement Effect: Double all damage that creatures you control with counters on them would deal.
Replacement Effect: Double all damage that creatures you control with counters on them would deal.
Replacement Effect: Double all damage that creatures you control with counters on them would deal.
Damage: Raphael, the Muscle (378) deals 6 combat damage to Ai(2)-Jaymie_Ezio.
Damage: Raphael, the Muscle (378) deals 4 damage to Face-down card (H4).
Life: Life: Ai(4)-Destyn_Turtles 119 > 129
Damage: Michelangelo, the Heart (402) deals 8 combat damage to Ai(2)-Jaymie_Ezio.
Life: Life: Ai(4)-Destyn_Turtles 129 > 137
Damage: Rocksteady, Mutant Marauder (385) deals 8 combat damage to Ai(2)-Jaymie_Ezio.
Life: Life: Ai(4)-Destyn_Turtles 137 > 145
Damage: Leonardo, the Balance (404) deals 8 combat damage to Ai(2)-Jaymie_Ezio.
Life: Life: Ai(4)-Destyn_Turtles 145 > 153
Damage: Bebop, Skull & Crossbones (318) deals 2 combat damage to Ai(2)-Jaymie_Ezio.
Life: Life: Ai(4)-Destyn_Turtles 153 > 155
Damage: Face-down card (H4) deals 2 damage to Raphael, the Muscle (378).
Life: Life: Ai(2)-Jaymie_Ezio 2 > -30
Add To Stack: Ai(4)-Destyn_Turtles triggered Bebop, Skull & Crossbones
Resolve Stack: Whenever Bebop deals combat damage to a player, you may draw X cards, where X is the number of counters on Bebop. If you do, you lose X life. [Damage Source: Bebop, Skull & Crossbones (318), Damaged: Ai(2)-Jaymie_Ezio, Amount: 2]
Phase: Ai(4)-Destyn_Turtles' End of Combat Step
Phase: Ai(4)-Destyn_Turtles' Main phase, postcombat
Add To Stack: Ai(4)-Destyn_Turtles triggered Michelangelo, the Heart targeting [Raphael, the Muscle (378)]
Add To Stack: Ai(4)-Destyn_Turtles triggered Ninja Pizza
Resolve Stack: At the beginning of your second main phase, create a Food token. (It's an artifact with "{2}, {T}, Sacrifice this token: You gain 3 life.") [Phase: Ai(4)-Destyn_Turtles]
Add To Stack: Ai(4)-Destyn_Turtles triggered Leonardo, the Balance
Resolve Stack: Whenever a token you control enters, you may put a +1/+1 counter on each creature you control. Do this only once each turn. [Zone Changer: Food Token (544)]
Resolve Stack: Raid (the Fridge) — At the beginning of your second main phase, if you attacked this turn, put a +1/+1 counter on target creature and create a Food token. (Targeting: [[Raphael, the Muscle (378)]]) [Phase: Ai(4)-Destyn_Turtles]
Mana: Hidden Hideout (357) - {T}: Add one mana of any color in your commander's color identity.
Zone Change: Food Token (546) was put into Graveyard from Battlefield.
Mana: Food Token (546) - {T}, Sacrifice this artifact: Add one mana of any color.
Zone Change: Food Token (544) was put into Graveyard from Battlefield.
Mana: Food Token (544) - {T}, Sacrifice this artifact: Add one mana of any color.
Zone Change: Food Token (539) was put into Graveyard from Battlefield.
Mana: Food Token (539) - {T}, Sacrifice this artifact: Add one mana of any color.
Add To Stack: Ai(4)-Destyn_Turtles cast Big Mother Mouser
Replacement Effect: Big Mother Mouser enters with two +1/+1 counters on it.
Resolve Stack: Big Mother Mouser - Creature 0 / 0
Add To Stack: Ai(4)-Destyn_Turtles triggered Rocksteady, Mutant Marauder targeting [Raphael, the Muscle (378)]
Resolve Stack: Whenever another nontoken creature you control enters, put a +1/+1 counter on target creature. (Targeting: [[Raphael, the Muscle (378)]]) [Zone Changer: Big Mother Mouser (343)]
Phase: Ai(4)-Destyn_Turtles' End step
Phase: Ai(4)-Destyn_Turtles' Cleanup step
Turn: Turn 29 (Ai(1)-GGS_Ink_Eyes_diagnostic)
Phase: Ai(1)-GGS_Ink_Eyes_diagnostic's Untap step
Phase: Ai(1)-GGS_Ink_Eyes_diagnostic's Upkeep step
Phase: Ai(1)-GGS_Ink_Eyes_diagnostic's Draw step
Phase: Ai(1)-GGS_Ink_Eyes_diagnostic's Main phase, precombat
Phase: Ai(1)-GGS_Ink_Eyes_diagnostic's Beginning of Combat Step
Phase: Ai(1)-GGS_Ink_Eyes_diagnostic's Declare Attackers Step
Phase: Ai(1)-GGS_Ink_Eyes_diagnostic's Declare Blockers Step
Phase: Ai(1)-GGS_Ink_Eyes_diagnostic's First Strike Damage Step
Phase: Ai(1)-GGS_Ink_Eyes_diagnostic's Combat Damage Step
Phase: Ai(1)-GGS_Ink_Eyes_diagnostic's End of Combat Step
Phase: Ai(1)-GGS_Ink_Eyes_diagnostic's Main phase, postcombat
Mana: Reflecting Pool (59) - {T}: Add one mana of any type that a land you control could produce.
Mana: Malakir Mire (5) - {T}: Add {B}.
Mana: Sokenzan, Crucible of Defiance (32) - {T}: Add {R}.
Mana: Steam Vents (44) - {T}: Add {R}.
Mana: Watery Grave (71) - {T}: Add {B}.
Add To Stack: Ai(1)-GGS_Ink_Eyes_diagnostic cast Fallen Shinobi
Resolve Stack: Fallen Shinobi - Creature 5 / 4
Phase: Ai(1)-GGS_Ink_Eyes_diagnostic's End step
Phase: Ai(1)-GGS_Ink_Eyes_diagnostic's Cleanup step
Turn: Turn 30 (Ai(4)-Destyn_Turtles)
Phase: Ai(4)-Destyn_Turtles' Untap step
Phase: Ai(4)-Destyn_Turtles' Upkeep step
Phase: Ai(4)-Destyn_Turtles' Draw step
Phase: Ai(4)-Destyn_Turtles' Main phase, precombat
Land: Ai(4)-Destyn_Turtles played Escape Tunnel (312)
Zone Change: Escape Tunnel (312) was put into Graveyard from Battlefield.
Add To Stack: Ai(4)-Destyn_Turtles activated Escape Tunnel
Resolve Stack: Escape Tunnel (312) - Ai(4)-Destyn_Turtles searches their library for a basic land card, puts it onto the battlefield tapped, then shuffles.
Phase: Ai(4)-Destyn_Turtles' Beginning of Combat Step
Phase: Ai(4)-Destyn_Turtles' Declare Attackers Step
Combat: Ai(4)-Destyn_Turtles assigned Raphael, the Muscle (378), Michelangelo, the Heart (402), Rocksteady, Mutant Marauder (385), Leonardo, the Balance (404), Bebop, Skull & Crossbones (318) and Big Mother Mouser (343) to attack Ai(1)-GGS_Ink_Eyes_diagnostic.
Add To Stack: Ai(4)-Destyn_Turtles triggered Big Mother Mouser
Resolve Stack: Whenever this creature attacks, double the number of +1/+1 counters on it. [Attacker: Big Mother Mouser (343)]
Phase: Ai(4)-Destyn_Turtles' Declare Blockers Step
Combat: Ai(1)-GGS_Ink_Eyes_diagnostic assigned Fallen Shinobi (24) to block Raphael, the Muscle (378).
Ai(1)-GGS_Ink_Eyes_diagnostic didn't block Michelangelo, the Heart (402).
Ai(1)-GGS_Ink_Eyes_diagnostic didn't block Rocksteady, Mutant Marauder (385).
Ai(1)-GGS_Ink_Eyes_diagnostic didn't block Leonardo, the Balance (404).
Ai(1)-GGS_Ink_Eyes_diagnostic didn't block Bebop, Skull & Crossbones (318).
Ai(1)-GGS_Ink_Eyes_diagnostic didn't block Big Mother Mouser (343).
Mana: Path of Ancestry (315) - {T}: Add one mana of any color in your commander's color identity. When that mana is spent to cast a creature spell that shares a creature type with your commander, scry 1. (Look at the top card of your library. You may put that card on the bottom.)
Mana: Island (332) - {T}: Add {U}.
Mana: Swamp (359) - {T}: Add {B}.
Mana: Spire Garden (392) - {T}: Add {R} or {G}.
Mana: Command Tower (331) - {T}: Add one mana of any color in your commander's color identity.
Add To Stack: Ai(4)-Destyn_Turtles activated Leonardo, the Balance
Resolve Stack: Leonardo, the Balance (404) - Creatures you control gain menace, trample, and lifelink until end of turn.
Phase: Ai(4)-Destyn_Turtles' First Strike Damage Step
Phase: Ai(4)-Destyn_Turtles' Combat Damage Step
Replacement Effect: Double all damage that creatures you control with counters on them would deal.
Replacement Effect: Double all damage that creatures you control with counters on them would deal.
Replacement Effect: Double all damage that creatures you control with counters on them would deal.
Replacement Effect: Double all damage that creatures you control with counters on them would deal.
Replacement Effect: Double all damage that creatures you control with counters on them would deal.
Replacement Effect: Double all damage that creatures you control with counters on them would deal.
Replacement Effect: Double all damage that creatures you control with counters on them would deal.
Damage: Raphael, the Muscle (378) deals 8 combat damage to Ai(1)-GGS_Ink_Eyes_diagnostic.
Damage: Raphael, the Muscle (378) deals 8 damage to Fallen Shinobi (24).
Life: Life: Ai(4)-Destyn_Turtles 155 > 171
Damage: Michelangelo, the Heart (402) deals 10 combat damage to Ai(1)-GGS_Ink_Eyes_diagnostic.
Life: Life: Ai(4)-Destyn_Turtles 171 > 181
Damage: Rocksteady, Mutant Marauder (385) deals 10 combat damage to Ai(1)-GGS_Ink_Eyes_diagnostic.
Life: Life: Ai(4)-Destyn_Turtles 181 > 191
Damage: Leonardo, the Balance (404) deals 10 combat damage to Ai(1)-GGS_Ink_Eyes_diagnostic.
Life: Life: Ai(4)-Destyn_Turtles 191 > 201
Damage: Bebop, Skull & Crossbones (318) deals 6 combat damage to Ai(1)-GGS_Ink_Eyes_diagnostic.
Life: Life: Ai(4)-Destyn_Turtles 201 > 207
Damage: Big Mother Mouser (343) deals 8 combat damage to Ai(1)-GGS_Ink_Eyes_diagnostic.
Life: Life: Ai(4)-Destyn_Turtles 207 > 215
Damage: Fallen Shinobi (24) deals 5 damage to Raphael, the Muscle (378).
Life: Life: Ai(1)-GGS_Ink_Eyes_diagnostic 1 > -51
Player Control: Ai(1)-GGS_Ink_Eyes_diagnostic has restored control over themself
Player Control: Ai(2)-Jaymie_Ezio has restored control over themself
Player Control: Ai(3)-Gabe_Food has restored control over themself
Player Control: Ai(4)-Destyn_Turtles has restored control over themself
Game Outcome: Match Duration 0m : 24s
Game Outcome: Turn 15
Game Outcome: Ai(1)-GGS_Ink_Eyes_diagnostic has lost because life total reached 0
Game Outcome: Ai(2)-Jaymie_Ezio has lost because life total reached 0
Game Outcome: Ai(3)-Gabe_Food has lost because life total reached 0
Game Outcome: Ai(4)-Destyn_Turtles has won because all opponents have lost
Match Result: Ai(1)-GGS_Ink_Eyes_diagnostic: 0 Ai(2)-Jaymie_Ezio: 0 Ai(3)-Gabe_Food: 0 Ai(4)-Destyn_Turtles: 1 

Game Result: Game 1 ended in 26273 ms. Ai(4)-Destyn_Turtles has won!

