Error handling registered!
20:59:20 [INFO ] GuiBase: ##########################################
20:59:20 [INFO ] GuiBase: APP: Forge v.2.0.15-SNAPSHOT-09.28
20:59:20 [INFO ] GuiBase: Java: 17.0.20 (Ubuntu)
20:59:20 [INFO ] GuiBase: OS: Linux 6.18.44 amd64
20:59:20 [INFO ] GuiBase: RAM: 1536 MB max, 8 CPUs
20:59:20 [INFO ] GuiBase: ##########################################
Language 'en-US' loaded successfully.
(ThreadUtil first call): Running with priority 5
Read cards: 34010 archived files in 1 ms (25 parts) using thread pool
Upcoming set Star Trek (TRK) dated in the future. All `upcoming` cards will be added to this set with unknown rarity.
The card A-Alrund's Epiphany was not assigned to any set. Adding it to UNKNOWN set... to fix see res/editions/ folder. 
The card A-Baba Lysaga, Night Witch was not assigned to any set. Adding it to UNKNOWN set... to fix see res/editions/ folder. 
The card A-Divide by Zero was not assigned to any set. Adding it to UNKNOWN set... to fix see res/editions/ folder. 
The card A-Esika's Chariot was not assigned to any set. Adding it to UNKNOWN set... to fix see res/editions/ folder. 
The card A-Faceless Haven was not assigned to any set. Adding it to UNKNOWN set... to fix see res/editions/ folder. 
The card A-Fires of Invention was not assigned to any set. Adding it to UNKNOWN set... to fix see res/editions/ folder. 
The card A-Goldspan Dragon was not assigned to any set. Adding it to UNKNOWN set... to fix see res/editions/ folder. 
The card A-Hullbreaker Horror was not assigned to any set. Adding it to UNKNOWN set... to fix see res/editions/ folder. 
The card A-Kumano Faces Kakkazan was not assigned to any set. Adding it to UNKNOWN set... to fix see res/editions/ folder. 
The card A-Luminarch Aspirant was not assigned to any set. Adding it to UNKNOWN set... to fix see res/editions/ folder. 
The card A-Monster Manual was not assigned to any set. Adding it to UNKNOWN set... to fix see res/editions/ folder. 
The card A-Omnath, Locus of Creation was not assigned to any set. Adding it to UNKNOWN set... to fix see res/editions/ folder. 
The card A-The Meathook Massacre was not assigned to any set. Adding it to UNKNOWN set... to fix see res/editions/ folder. 
The card A-Unholy Heat was not assigned to any set. Adding it to UNKNOWN set... to fix see res/editions/ folder. 
The card Blinding Radiance was not assigned to any set. Adding it to UNKNOWN set... to fix see res/editions/ folder. 
The card Goblin Bruiser was not assigned to any set. Adding it to UNKNOWN set... to fix see res/editions/ folder. 
The card Ogre Painbringer was not assigned to any set. Adding it to UNKNOWN set... to fix see res/editions/ folder. 
The card Titanic Pelagosaur was not assigned to any set. Adding it to UNKNOWN set... to fix see res/editions/ folder. 
The card Treetop Recluse was not assigned to any set. Adding it to UNKNOWN set... to fix see res/editions/ folder. 
Upcoming set Star Trek (TRK) dated in the future. All `upcoming` cards will be added to this set with unknown rarity.
Read cards: 854 files in 0 ms (8 parts) using thread pool
Simulation mode
Ai(1)-Destyn_Turtles vs Ai(2)-GGS_Slitter_diagnostic vs Ai(3)-Jaymie_Ezio vs Ai(4)-Gabe_Food - one game of Commander seed 20260930
Warning: default (ie. inherited from base class) implementation of confirmAction is used by Goro-Goro and Satoru for forge.ai.ability.PermanentCreatureAi. Consider declaring an overloaded method
Warning: default (ie. inherited from base class) implementation of confirmAction is used by Ezio Auditore da Firenze for forge.ai.ability.PermanentCreatureAi. Consider declaring an overloaded method
Warning: default (ie. inherited from base class) implementation of confirmAction is used by Michelangelo, the Heart for forge.ai.ability.PermanentCreatureAi. Consider declaring an overloaded method
Warning: default (ie. inherited from base class) implementation of confirmAction is used by Ezio Auditore da Firenze for forge.ai.ability.PermanentCreatureAi. Consider declaring an overloaded method
Warning: default (ie. inherited from base class) implementation of confirmAction is used by Ezio Auditore da Firenze for forge.ai.ability.PermanentCreatureAi. Consider declaring an overloaded method
Warning: default (ie. inherited from base class) implementation of confirmAction is used by Frodo, Adventurous Hobbit for forge.ai.ability.PermanentCreatureAi. Consider declaring an overloaded method
Warning: default (ie. inherited from base class) implementation of confirmAction is used by Frodo, Adventurous Hobbit for forge.ai.ability.PermanentCreatureAi. Consider declaring an overloaded method
Stopping slow match as draw
Mulligan: Ai(2)-GGS_Slitter_diagnostic has mulliganed down to 7 cards.
Mulligan: Ai(4)-Gabe_Food has kept a hand of 7 cards
Mulligan: Ai(1)-Destyn_Turtles has kept a hand of 7 cards
Mulligan: Ai(2)-GGS_Slitter_diagnostic has kept a hand of 7 cards
Mulligan: Ai(3)-Jaymie_Ezio has kept a hand of 7 cards
Turn: Turn 1 (Ai(4)-Gabe_Food)
Phase: Ai(4)-Gabe_Food's Untap step
Phase: Ai(4)-Gabe_Food's Upkeep step
Phase: Ai(4)-Gabe_Food's Draw step
Phase: Ai(4)-Gabe_Food's Main phase, precombat
Land: Ai(4)-Gabe_Food played Swamp (365)
Phase: Ai(4)-Gabe_Food's Beginning of Combat Step
Phase: Ai(4)-Gabe_Food's Declare Attackers Step
Phase: Ai(4)-Gabe_Food's Declare Blockers Step
Phase: Ai(4)-Gabe_Food's First Strike Damage Step
Phase: Ai(4)-Gabe_Food's Combat Damage Step
Phase: Ai(4)-Gabe_Food's End of Combat Step
Phase: Ai(4)-Gabe_Food's Main phase, postcombat
Phase: Ai(4)-Gabe_Food's End step
Phase: Ai(4)-Gabe_Food's Cleanup step
Turn: Turn 2 (Ai(1)-Destyn_Turtles)
Phase: Ai(1)-Destyn_Turtles' Untap step
Phase: Ai(1)-Destyn_Turtles' Upkeep step
Phase: Ai(1)-Destyn_Turtles' Draw step
Phase: Ai(1)-Destyn_Turtles' Main phase, precombat
Replacement Effect: Sunken Hollow enters tapped unless you control two or more basic lands.
Land: Ai(1)-Destyn_Turtles played Sunken Hollow (24)
Phase: Ai(1)-Destyn_Turtles' Beginning of Combat Step
Phase: Ai(1)-Destyn_Turtles' Declare Attackers Step
Phase: Ai(1)-Destyn_Turtles' Declare Blockers Step
Phase: Ai(1)-Destyn_Turtles' First Strike Damage Step
Phase: Ai(1)-Destyn_Turtles' Combat Damage Step
Phase: Ai(1)-Destyn_Turtles' End of Combat Step
Phase: Ai(1)-Destyn_Turtles' Main phase, postcombat
Phase: Ai(1)-Destyn_Turtles' End step
Phase: Ai(1)-Destyn_Turtles' Cleanup step
Turn: Turn 3 (Ai(2)-GGS_Slitter_diagnostic)
Phase: Ai(2)-GGS_Slitter_diagnostic's Untap step
Phase: Ai(2)-GGS_Slitter_diagnostic's Upkeep step
Phase: Ai(2)-GGS_Slitter_diagnostic's Draw step
Phase: Ai(2)-GGS_Slitter_diagnostic's Main phase, precombat
Land: Ai(2)-GGS_Slitter_diagnostic played Otawara, Soaring City (113)
Phase: Ai(2)-GGS_Slitter_diagnostic's Beginning of Combat Step
Phase: Ai(2)-GGS_Slitter_diagnostic's Declare Attackers Step
Phase: Ai(2)-GGS_Slitter_diagnostic's Declare Blockers Step
Phase: Ai(2)-GGS_Slitter_diagnostic's First Strike Damage Step
Phase: Ai(2)-GGS_Slitter_diagnostic's Combat Damage Step
Phase: Ai(2)-GGS_Slitter_diagnostic's End of Combat Step
Phase: Ai(2)-GGS_Slitter_diagnostic's Main phase, postcombat
Mana: Otawara, Soaring City (113) - {T}: Add {U}.
Add To Stack: Ai(2)-GGS_Slitter_diagnostic cast Skullclamp
Resolve Stack: Skullclamp
Phase: Ai(2)-GGS_Slitter_diagnostic's End step
Phase: Ai(2)-GGS_Slitter_diagnostic's Cleanup step
Turn: Turn 4 (Ai(3)-Jaymie_Ezio)
Phase: Ai(3)-Jaymie_Ezio's Untap step
Phase: Ai(3)-Jaymie_Ezio's Upkeep step
Phase: Ai(3)-Jaymie_Ezio's Draw step
Phase: Ai(3)-Jaymie_Ezio's Main phase, precombat
Land: Ai(3)-Jaymie_Ezio played Command Tower (234)
Phase: Ai(3)-Jaymie_Ezio's Beginning of Combat Step
Phase: Ai(3)-Jaymie_Ezio's Declare Attackers Step
Phase: Ai(3)-Jaymie_Ezio's Declare Blockers Step
Phase: Ai(3)-Jaymie_Ezio's First Strike Damage Step
Phase: Ai(3)-Jaymie_Ezio's Combat Damage Step
Phase: Ai(3)-Jaymie_Ezio's End of Combat Step
Phase: Ai(3)-Jaymie_Ezio's Main phase, postcombat
Phase: Ai(3)-Jaymie_Ezio's End step
Phase: Ai(3)-Jaymie_Ezio's Cleanup step
Turn: Turn 5 (Ai(4)-Gabe_Food)
Phase: Ai(4)-Gabe_Food's Untap step
Phase: Ai(4)-Gabe_Food's Upkeep step
Phase: Ai(4)-Gabe_Food's Draw step
Phase: Ai(4)-Gabe_Food's Main phase, precombat
Land: Ai(4)-Gabe_Food played Rogue's Passage (331)
Phase: Ai(4)-Gabe_Food's Beginning of Combat Step
ComputerUtilMana: payManaCost() cost was not paid for {3}{R}{R}: Untap all creatures you control. After this main phase, there is an additional combat phase followed by an additional main phase. Activate only as a sorcery.  (Aggravated Assault). Didn't find what to pay for {1}
Phase: Ai(4)-Gabe_Food's Declare Attackers Step
Phase: Ai(4)-Gabe_Food's Declare Blockers Step
Phase: Ai(4)-Gabe_Food's First Strike Damage Step
Phase: Ai(4)-Gabe_Food's Combat Damage Step
Phase: Ai(4)-Gabe_Food's End of Combat Step
Phase: Ai(4)-Gabe_Food's Main phase, postcombat
[Ai(2)-GGS_Slitter_diagnostic] AI failed to play Aggravated Assault (178) [Ai(2)-GGS_Slitter_diagnostic's Battlefield]
Phase: Ai(4)-Gabe_Food's End step
Phase: Ai(4)-Gabe_Food's Cleanup step
Turn: Turn 6 (Ai(1)-Destyn_Turtles)
Phase: Ai(1)-Destyn_Turtles' Untap step
Phase: Ai(1)-Destyn_Turtles' Upkeep step
Phase: Ai(1)-Destyn_Turtles' Draw step
Phase: Ai(1)-Destyn_Turtles' Main phase, precombat
Replacement Effect: Path of Ancestry enters tapped.
Land: Ai(1)-Destyn_Turtles played Path of Ancestry (12)
Phase: Ai(1)-Destyn_Turtles' Beginning of Combat Step
Phase: Ai(1)-Destyn_Turtles' Declare Attackers Step
Phase: Ai(1)-Destyn_Turtles' Declare Blockers Step
Phase: Ai(1)-Destyn_Turtles' First Strike Damage Step
Phase: Ai(1)-Destyn_Turtles' Combat Damage Step
Phase: Ai(1)-Destyn_Turtles' End of Combat Step
Phase: Ai(1)-Destyn_Turtles' Main phase, postcombat
Phase: Ai(1)-Destyn_Turtles' End step
Phase: Ai(1)-Destyn_Turtles' Cleanup step
Turn: Turn 7 (Ai(2)-GGS_Slitter_diagnostic)
Phase: Ai(2)-GGS_Slitter_diagnostic's Untap step
Phase: Ai(2)-GGS_Slitter_diagnostic's Upkeep step
Phase: Ai(2)-GGS_Slitter_diagnostic's Draw step
Phase: Ai(2)-GGS_Slitter_diagnostic's Main phase, precombat
Replacement Effect: As Steam Vents enters, you may pay 2 life. If you don't, it enters tapped.
Land: Ai(2)-GGS_Slitter_diagnostic played Steam Vents (146)
Phase: Ai(2)-GGS_Slitter_diagnostic's Beginning of Combat Step
Phase: Ai(2)-GGS_Slitter_diagnostic's Declare Attackers Step
Phase: Ai(2)-GGS_Slitter_diagnostic's Declare Blockers Step
Phase: Ai(2)-GGS_Slitter_diagnostic's First Strike Damage Step
Phase: Ai(2)-GGS_Slitter_diagnostic's Combat Damage Step
Phase: Ai(2)-GGS_Slitter_diagnostic's End of Combat Step
Phase: Ai(2)-GGS_Slitter_diagnostic's Main phase, postcombat
Phase: Ai(2)-GGS_Slitter_diagnostic's End step
Phase: Ai(2)-GGS_Slitter_diagnostic's Cleanup step
Turn: Turn 8 (Ai(3)-Jaymie_Ezio)
Phase: Ai(3)-Jaymie_Ezio's Untap step
Phase: Ai(3)-Jaymie_Ezio's Upkeep step
Phase: Ai(3)-Jaymie_Ezio's Draw step
Phase: Ai(3)-Jaymie_Ezio's Main phase, precombat
Land: Ai(3)-Jaymie_Ezio played Twilight Mire (271)
Phase: Ai(3)-Jaymie_Ezio's Beginning of Combat Step
Phase: Ai(3)-Jaymie_Ezio's Declare Attackers Step
Phase: Ai(3)-Jaymie_Ezio's Declare Blockers Step
Phase: Ai(3)-Jaymie_Ezio's First Strike Damage Step
Phase: Ai(3)-Jaymie_Ezio's Combat Damage Step
Phase: Ai(3)-Jaymie_Ezio's End of Combat Step
Phase: Ai(3)-Jaymie_Ezio's Main phase, postcombat
Mana: Command Tower (234) - {T}: Add one mana of any color in your commander's color identity.
Mana: Twilight Mire (271) - {T}: Add {C}.
Add To Stack: Ai(3)-Jaymie_Ezio cast Ezio Auditore da Firenze
Resolve Stack: Ezio Auditore da Firenze - Creature 3 / 2
Phase: Ai(3)-Jaymie_Ezio's End step
Phase: Ai(3)-Jaymie_Ezio's Cleanup step
Turn: Turn 9 (Ai(4)-Gabe_Food)
Phase: Ai(4)-Gabe_Food's Untap step
Phase: Ai(4)-Gabe_Food's Upkeep step
Phase: Ai(4)-Gabe_Food's Draw step
Phase: Ai(4)-Gabe_Food's Main phase, precombat
Land: Ai(4)-Gabe_Food played Plains (392)
Phase: Ai(4)-Gabe_Food's Beginning of Combat Step
Phase: Ai(4)-Gabe_Food's Declare Attackers Step
Phase: Ai(4)-Gabe_Food's Declare Blockers Step
Phase: Ai(4)-Gabe_Food's First Strike Damage Step
Phase: Ai(4)-Gabe_Food's Combat Damage Step
Phase: Ai(4)-Gabe_Food's End of Combat Step
Phase: Ai(4)-Gabe_Food's Main phase, postcombat
Mana: Plains (392) - {T}: Add {W}.
Mana: Swamp (365) - {T}: Add {B}.
Add To Stack: Ai(4)-Gabe_Food cast Frodo, Adventurous Hobbit
Resolve Stack: Frodo, Adventurous Hobbit - Creature 1 / 3
Add To Stack: Ai(4)-Gabe_Food triggered Frodo, Adventurous Hobbit targeting [Ai(4)-Gabe_Food]
Resolve Stack: Partner with Sam, Loyal Attendant (When this creature enters, target player may put Sam into their hand from their library, then shuffle.) (Targeting: [[Ai(4)-Gabe_Food]]) [Zone Changer: Frodo, Adventurous Hobbit (402)]
Phase: Ai(4)-Gabe_Food's End step
Phase: Ai(4)-Gabe_Food's Cleanup step
Turn: Turn 10 (Ai(1)-Destyn_Turtles)
Phase: Ai(1)-Destyn_Turtles' Untap step
Phase: Ai(1)-Destyn_Turtles' Upkeep step
Phase: Ai(1)-Destyn_Turtles' Draw step
Phase: Ai(1)-Destyn_Turtles' Main phase, precombat
Replacement Effect: Hinterland Harbor enters tapped unless you control a Forest or an Island.
Land: Ai(1)-Destyn_Turtles played Hinterland Harbor (23)
Phase: Ai(1)-Destyn_Turtles' Beginning of Combat Step
Phase: Ai(1)-Destyn_Turtles' Declare Attackers Step
Phase: Ai(1)-Destyn_Turtles' Declare Blockers Step
Phase: Ai(1)-Destyn_Turtles' First Strike Damage Step
Phase: Ai(1)-Destyn_Turtles' Combat Damage Step
Phase: Ai(1)-Destyn_Turtles' End of Combat Step
Phase: Ai(1)-Destyn_Turtles' Main phase, postcombat
Mana: Hinterland Harbor (23) - {T}: Add {G} or {U}.
Mana: Sunken Hollow (24) - {T}: Add {B}.
Mana: Path of Ancestry (12) - {T}: Add one mana of any color in your commander's color identity. When that mana is spent to cast a creature spell that shares a creature type with your commander, scry 1. (Look at the top card of your library. You may put that card on the bottom.)
Add To Stack: Ai(1)-Destyn_Turtles cast Mona Lisa, Science Geek
Add To Stack: Ai(1)-Destyn_Turtles triggered Path of Ancestry
Resolve Stack: Ai(1)-Destyn_Turtles scried 1 card(s) to the bottom of the library
Resolve Stack: When mana produced by Path of Ancestry is spent to cast a creature spell that shares a creature type with your commander, scry 1. ([Mona Lisa, Science Geek - Creature 1 / 3]) [Card: Mona Lisa, Science Geek (61), Activator: Ai(1)-Destyn_Turtles, SpellAbility: Mona Lisa, Science Geek - Creature 1 / 3]
Resolve Stack: Mona Lisa, Science Geek - Creature 1 / 3
Phase: Ai(1)-Destyn_Turtles' End step
Phase: Ai(1)-Destyn_Turtles' Cleanup step
Turn: Turn 11 (Ai(2)-GGS_Slitter_diagnostic)
Phase: Ai(2)-GGS_Slitter_diagnostic's Untap step
Phase: Ai(2)-GGS_Slitter_diagnostic's Upkeep step
Phase: Ai(2)-GGS_Slitter_diagnostic's Draw step
Phase: Ai(2)-GGS_Slitter_diagnostic's Main phase, precombat
Land: Ai(2)-GGS_Slitter_diagnostic played Polluted Delta (114)
Life: Life: Ai(2)-GGS_Slitter_diagnostic 40 > 39
Zone Change: Polluted Delta (114) was put into Graveyard from Battlefield.
Add To Stack: Ai(2)-GGS_Slitter_diagnostic activated Polluted Delta
Replacement Effect: As Blood Crypt enters, you may pay 2 life. If you don't, it enters tapped.
Resolve Stack: Polluted Delta (114) - Ai(2)-GGS_Slitter_diagnostic searches their library for an Island or Swamp card, puts it onto the battlefield, then shuffles.
Mana: Steam Vents (146) - {T}: Add {R}.
Add To Stack: Ai(2)-GGS_Slitter_diagnostic cast Phoenix Chick
Resolve Stack: Phoenix Chick - Creature 1 / 1
Phase: Ai(2)-GGS_Slitter_diagnostic's Beginning of Combat Step
Phase: Ai(2)-GGS_Slitter_diagnostic's Declare Attackers Step
Combat: Ai(2)-GGS_Slitter_diagnostic assigned Phoenix Chick (171) to attack Ai(4)-Gabe_Food.
Phase: Ai(2)-GGS_Slitter_diagnostic's Declare Blockers Step
Combat: Ai(4)-Gabe_Food didn't block Phoenix Chick (171).
Mana: Otawara, Soaring City (113) - {T}: Add {U}.
Add To Stack: Ai(2)-GGS_Slitter_diagnostic activated Moon-Circuit Hacker
Resolve Stack: Moon-Circuit Hacker (191) - Ai(2)-GGS_Slitter_diagnostic puts Moon-Circuit Hacker (191) from their hand onto the battlefield tapped and attacking.
Phase: Ai(2)-GGS_Slitter_diagnostic's First Strike Damage Step
Phase: Ai(2)-GGS_Slitter_diagnostic's Combat Damage Step
Damage: Moon-Circuit Hacker (191) deals 2 combat damage to Ai(4)-Gabe_Food.
Life: Life: Ai(4)-Gabe_Food 40 > 38
Add To Stack: Ai(2)-GGS_Slitter_diagnostic triggered Moon-Circuit Hacker
Resolve Stack: Whenever Moon-Circuit Hacker deals combat damage to a player, you may draw a card. If you do, discard a card unless Moon-Circuit Hacker entered this turn. [Damage Source: Moon-Circuit Hacker (191), Damaged: Ai(4)-Gabe_Food, Amount: 2]
Phase: Ai(2)-GGS_Slitter_diagnostic's End of Combat Step
Phase: Ai(2)-GGS_Slitter_diagnostic's Main phase, postcombat
Phase: Ai(2)-GGS_Slitter_diagnostic's End step
Phase: Ai(2)-GGS_Slitter_diagnostic's Cleanup step
Turn: Turn 12 (Ai(3)-Jaymie_Ezio)
Phase: Ai(3)-Jaymie_Ezio's Untap step
Phase: Ai(3)-Jaymie_Ezio's Upkeep step
Mana: Command Tower (234) - {T}: Add one mana of any color in your commander's color identity.
Add To Stack: Ai(3)-Jaymie_Ezio cast Swords to Plowshares targeting [Mona Lisa, Science Geek (61)]
Zone Change: Mona Lisa, Science Geek (61) was put into Exile from Battlefield.
Life: Life: Ai(1)-Destyn_Turtles 40 > 41
Resolve Stack: Swords to Plowshares (285) - Exile Mona Lisa, Science Geek (61). Ai(1)-Destyn_Turtles gains life equal to its power.
Phase: Ai(3)-Jaymie_Ezio's Draw step
Phase: Ai(3)-Jaymie_Ezio's Main phase, precombat
Replacement Effect: Cinder Glade enters tapped unless you control two or more basic lands.
Land: Ai(3)-Jaymie_Ezio played Cinder Glade (220)
Phase: Ai(3)-Jaymie_Ezio's Beginning of Combat Step
Phase: Ai(3)-Jaymie_Ezio's Declare Attackers Step
Combat: Ai(3)-Jaymie_Ezio assigned Ezio Auditore da Firenze (302) to attack Ai(4)-Gabe_Food.
Phase: Ai(3)-Jaymie_Ezio's Declare Blockers Step
Combat: Ai(4)-Gabe_Food didn't block Ezio Auditore da Firenze (302).
Phase: Ai(3)-Jaymie_Ezio's First Strike Damage Step
Phase: Ai(3)-Jaymie_Ezio's Combat Damage Step
Damage: Ezio Auditore da Firenze (302) deals 3 combat damage to Ai(4)-Gabe_Food.
Life: Life: Ai(4)-Gabe_Food 38 > 35
Add To Stack: Ai(3)-Jaymie_Ezio triggered Ezio Auditore da Firenze
Resolve Stack: Whenever Ezio deals combat damage to a player, you may pay {W}{U}{B}{R}{G} if that player has 10 or less life. When you do, that player loses the game. [Damage Source: Ezio Auditore da Firenze (302), Damaged: Ai(4)-Gabe_Food, Amount: 3]
Phase: Ai(3)-Jaymie_Ezio's End of Combat Step
Phase: Ai(3)-Jaymie_Ezio's Main phase, postcombat
Phase: Ai(3)-Jaymie_Ezio's End step
Phase: Ai(3)-Jaymie_Ezio's Cleanup step
Turn: Turn 13 (Ai(4)-Gabe_Food)
Phase: Ai(4)-Gabe_Food's Untap step
Phase: Ai(4)-Gabe_Food's Upkeep step
Phase: Ai(4)-Gabe_Food's Draw step
Phase: Ai(4)-Gabe_Food's Main phase, precombat
Phase: Ai(4)-Gabe_Food's Beginning of Combat Step
Phase: Ai(4)-Gabe_Food's Declare Attackers Step
Combat: Ai(4)-Gabe_Food assigned Frodo, Adventurous Hobbit (402) to attack Ai(3)-Jaymie_Ezio.
Phase: Ai(4)-Gabe_Food's Declare Blockers Step
Combat: Ai(3)-Jaymie_Ezio didn't block Frodo, Adventurous Hobbit (402).
Phase: Ai(4)-Gabe_Food's First Strike Damage Step
Phase: Ai(4)-Gabe_Food's Combat Damage Step
Damage: Frodo, Adventurous Hobbit (402) deals 1 combat damage to Ai(3)-Jaymie_Ezio.
Life: Life: Ai(3)-Jaymie_Ezio 40 > 39
Phase: Ai(4)-Gabe_Food's End of Combat Step
Phase: Ai(4)-Gabe_Food's Main phase, postcombat
Mana: Swamp (365) - {T}: Add {B}.
Mana: Plains (392) - {T}: Add {W}.
Mana: Rogue's Passage (331) - {T}: Add {C}.
Add To Stack: Ai(4)-Gabe_Food cast Commander's Sphere
Resolve Stack: Commander's Sphere
Phase: Ai(4)-Gabe_Food's End step
Phase: Ai(4)-Gabe_Food's Cleanup step
Turn: Turn 14 (Ai(1)-Destyn_Turtles)
Phase: Ai(1)-Destyn_Turtles' Untap step
Phase: Ai(1)-Destyn_Turtles' Upkeep step
Phase: Ai(1)-Destyn_Turtles' Draw step
Phase: Ai(1)-Destyn_Turtles' Main phase, precombat
Land: Ai(1)-Destyn_Turtles played Evolving Wilds (32)
Zone Change: Evolving Wilds (32) was put into Graveyard from Battlefield.
Add To Stack: Ai(1)-Destyn_Turtles activated Evolving Wilds
Resolve Stack: Evolving Wilds (32) - Ai(1)-Destyn_Turtles searches their library for a basic land card, puts it onto the battlefield tapped, then shuffles.
Phase: Ai(1)-Destyn_Turtles' Beginning of Combat Step
Phase: Ai(1)-Destyn_Turtles' Declare Attackers Step
Phase: Ai(1)-Destyn_Turtles' Declare Blockers Step
Phase: Ai(1)-Destyn_Turtles' First Strike Damage Step
Phase: Ai(1)-Destyn_Turtles' Combat Damage Step
Phase: Ai(1)-Destyn_Turtles' End of Combat Step
Phase: Ai(1)-Destyn_Turtles' Main phase, postcombat
Mana: Hinterland Harbor (23) - {T}: Add {G} or {U}.
Mana: Sunken Hollow (24) - {T}: Add {B}.
Add To Stack: Ai(1)-Destyn_Turtles cast Michelangelo, the Heart
Resolve Stack: Michelangelo, the Heart - Creature 2 / 1
Phase: Ai(1)-Destyn_Turtles' End step
Phase: Ai(1)-Destyn_Turtles' Cleanup step
Turn: Turn 15 (Ai(2)-GGS_Slitter_diagnostic)
Phase: Ai(2)-GGS_Slitter_diagnostic's Untap step
Phase: Ai(2)-GGS_Slitter_diagnostic's Upkeep step
Phase: Ai(2)-GGS_Slitter_diagnostic's Draw step
Phase: Ai(2)-GGS_Slitter_diagnostic's Main phase, precombat
Land: Ai(2)-GGS_Slitter_diagnostic played Riverpyre Verge (196)
Mana: Steam Vents (146) - {T}: Add {R}.
Add To Stack: Ai(2)-GGS_Slitter_diagnostic cast Phoenix Chick
Resolve Stack: Phoenix Chick - Creature 1 / 1
Phase: Ai(2)-GGS_Slitter_diagnostic's Beginning of Combat Step
Phase: Ai(2)-GGS_Slitter_diagnostic's Declare Attackers Step
Combat: Ai(2)-GGS_Slitter_diagnostic assigned Phoenix Chick (171) to attack Ai(4)-Gabe_Food.
Phase: Ai(2)-GGS_Slitter_diagnostic's Declare Blockers Step
Combat: Ai(4)-Gabe_Food didn't block Phoenix Chick (171).
Mana: Blood Crypt (167) - {T}: Add {B}.
Mana: Otawara, Soaring City (113) - {T}: Add {U}.
Add To Stack: Ai(2)-GGS_Slitter_diagnostic activated Ingenious Infiltrator
Resolve Stack: Ingenious Infiltrator (128) - Ai(2)-GGS_Slitter_diagnostic puts Ingenious Infiltrator (128) from their hand onto the battlefield tapped and attacking.
Phase: Ai(2)-GGS_Slitter_diagnostic's First Strike Damage Step
Phase: Ai(2)-GGS_Slitter_diagnostic's Combat Damage Step
Damage: Ingenious Infiltrator (128) deals 2 combat damage to Ai(4)-Gabe_Food.
Life: Life: Ai(4)-Gabe_Food 35 > 33
Add To Stack: Ai(2)-GGS_Slitter_diagnostic triggered Ingenious Infiltrator
Resolve Stack: Whenever a Ninja you control deals combat damage to a player, draw a card. [Damage Source: Ingenious Infiltrator (128), Damaged: Ai(4)-Gabe_Food, Amount: 2]
Phase: Ai(2)-GGS_Slitter_diagnostic's End of Combat Step
Phase: Ai(2)-GGS_Slitter_diagnostic's Main phase, postcombat
Mana: Riverpyre Verge (196) - {T}: Add {R}.
Add To Stack: Ai(2)-GGS_Slitter_diagnostic cast Phoenix Chick
Resolve Stack: Phoenix Chick - Creature 1 / 1
Phase: Ai(2)-GGS_Slitter_diagnostic's End step
Phase: Ai(2)-GGS_Slitter_diagnostic's Cleanup step
Turn: Turn 16 (Ai(3)-Jaymie_Ezio)
Phase: Ai(3)-Jaymie_Ezio's Untap step
Phase: Ai(3)-Jaymie_Ezio's Upkeep step
Phase: Ai(3)-Jaymie_Ezio's Draw step
Phase: Ai(3)-Jaymie_Ezio's Main phase, precombat
Land: Ai(3)-Jaymie_Ezio played Kessig Wolf Run (206)
Mana: Command Tower (234) - {T}: Add one mana of any color in your commander's color identity.
Mana: Cinder Glade (220) - {T}: Add {G}.
Add To Stack: Ai(3)-Jaymie_Ezio cast Security Bypass targeting [Ezio Auditore da Firenze (302)]
Resolve Stack: Security Bypass (294) -  Attach to Ezio Auditore da Firenze (302)
Phase: Ai(3)-Jaymie_Ezio's Beginning of Combat Step
Phase: Ai(3)-Jaymie_Ezio's Declare Attackers Step
Combat: Ai(3)-Jaymie_Ezio assigned Ezio Auditore da Firenze (302) to attack Ai(2)-GGS_Slitter_diagnostic.
Phase: Ai(3)-Jaymie_Ezio's Declare Blockers Step
Combat: Ai(2)-GGS_Slitter_diagnostic didn't block Ezio Auditore da Firenze (302).
Phase: Ai(3)-Jaymie_Ezio's First Strike Damage Step
Phase: Ai(3)-Jaymie_Ezio's Combat Damage Step
Damage: Ezio Auditore da Firenze (302) deals 3 combat damage to Ai(2)-GGS_Slitter_diagnostic.
Life: Life: Ai(2)-GGS_Slitter_diagnostic 39 > 36
Add To Stack: Ai(3)-Jaymie_Ezio triggered Ezio Auditore da Firenze
Add To Stack: Ai(3)-Jaymie_Ezio triggered Ezio Auditore da Firenze
Discard: Ai(3)-Jaymie_Ezio discards Mountain (289).
Resolve Stack: Whenever this creature deals combat damage to a player, it connives. [Damage Source: Ezio Auditore da Firenze (302), Damaged: Ai(2)-GGS_Slitter_diagnostic, Amount: 3]
Resolve Stack: Whenever Ezio deals combat damage to a player, you may pay {W}{U}{B}{R}{G} if that player has 10 or less life. When you do, that player loses the game. [Damage Source: Ezio Auditore da Firenze (302), Damaged: Ai(2)-GGS_Slitter_diagnostic, Amount: 3]
Phase: Ai(3)-Jaymie_Ezio's End of Combat Step
Phase: Ai(3)-Jaymie_Ezio's Main phase, postcombat
Phase: Ai(3)-Jaymie_Ezio's End step
Zone Change: Commander's Sphere (321) was put into Graveyard from Battlefield.
Add To Stack: Ai(4)-Gabe_Food activated Commander's Sphere
Resolve Stack: Commander's Sphere (321) - Ai(4)-Gabe_Food draws a card.
Phase: Ai(3)-Jaymie_Ezio's Cleanup step
Turn: Turn 17 (Ai(4)-Gabe_Food)
Phase: Ai(4)-Gabe_Food's Untap step
Phase: Ai(4)-Gabe_Food's Upkeep step
Phase: Ai(4)-Gabe_Food's Draw step
Phase: Ai(4)-Gabe_Food's Main phase, precombat
Phase: Ai(4)-Gabe_Food's Beginning of Combat Step
Phase: Ai(4)-Gabe_Food's Declare Attackers Step
Combat: Ai(4)-Gabe_Food assigned Frodo, Adventurous Hobbit (402) to attack Ai(2)-GGS_Slitter_diagnostic.
Phase: Ai(4)-Gabe_Food's Declare Blockers Step
Combat: Ai(2)-GGS_Slitter_diagnostic didn't block Frodo, Adventurous Hobbit (402).
Phase: Ai(4)-Gabe_Food's First Strike Damage Step
Phase: Ai(4)-Gabe_Food's Combat Damage Step
Damage: Frodo, Adventurous Hobbit (402) deals 1 combat damage to Ai(2)-GGS_Slitter_diagnostic.
Life: Life: Ai(2)-GGS_Slitter_diagnostic 36 > 35
Phase: Ai(4)-Gabe_Food's End of Combat Step
Phase: Ai(4)-Gabe_Food's Main phase, postcombat
Replacement Effect: Graypelt Refuge enters tapped.
Land: Ai(4)-Gabe_Food played Graypelt Refuge (347)
Add To Stack: Ai(4)-Gabe_Food triggered Graypelt Refuge
Life: Life: Ai(4)-Gabe_Food 33 > 34
Resolve Stack: When Graypelt Refuge enters, you gain 1 life. [Zone Changer: Graypelt Refuge (347)]
Mana: Swamp (365) - {T}: Add {B}.
Mana: Plains (392) - {T}: Add {W}.
Mana: Rogue's Passage (331) - {T}: Add {C}.
Add To Stack: Ai(4)-Gabe_Food cast Chromatic Lantern
Resolve Stack: Chromatic Lantern
Phase: Ai(4)-Gabe_Food's End step
Phase: Ai(4)-Gabe_Food's Cleanup step
Turn: Turn 18 (Ai(1)-Destyn_Turtles)
Phase: Ai(1)-Destyn_Turtles' Untap step
Phase: Ai(1)-Destyn_Turtles' Upkeep step
Phase: Ai(1)-Destyn_Turtles' Draw step
Phase: Ai(1)-Destyn_Turtles' Main phase, precombat
Replacement Effect: Cinder Glade enters tapped unless you control two or more basic lands.
Land: Ai(1)-Destyn_Turtles played Cinder Glade (16)
Mana: Hinterland Harbor (23) - {T}: Add {G} or {U}.
Mana: Plains (87) - {T}: Add {W}.
Mana: Sunken Hollow (24) - {T}: Add {B}.
Add To Stack: Ai(1)-Destyn_Turtles cast Irma, Part-Time Mutant
Resolve Stack: Irma, Part-Time Mutant - Creature 1 / 1
Phase: Ai(1)-Destyn_Turtles' Beginning of Combat Step
Add To Stack: Ai(1)-Destyn_Turtles triggered Irma, Part-Time Mutant targeting [Michelangelo, the Heart (99)]
Resolve Stack: At the beginning of combat on your turn, Irma becomes a copy of up to one other target creature you control, except her name is Irma, Part-Time Mutant and she has this ability. Then put a +1/+1 counter on her. (Targeting: [[Michelangelo, the Heart (99)]]) [Phase: Ai(1)-Destyn_Turtles]
Phase: Ai(1)-Destyn_Turtles' Declare Attackers Step
Combat: Ai(1)-Destyn_Turtles assigned Michelangelo, the Heart (99) to attack Ai(2)-GGS_Slitter_diagnostic.
Phase: Ai(1)-Destyn_Turtles' Declare Blockers Step
Combat: Ai(2)-GGS_Slitter_diagnostic didn't block Michelangelo, the Heart (99).
Phase: Ai(1)-Destyn_Turtles' First Strike Damage Step
Phase: Ai(1)-Destyn_Turtles' Combat Damage Step
Damage: Michelangelo, the Heart (99) deals 2 combat damage to Ai(2)-GGS_Slitter_diagnostic.
Life: Life: Ai(2)-GGS_Slitter_diagnostic 35 > 33
Phase: Ai(1)-Destyn_Turtles' End of Combat Step
Phase: Ai(1)-Destyn_Turtles' Main phase, postcombat
Add To Stack: Ai(1)-Destyn_Turtles triggered Michelangelo, the Heart targeting [Irma, Part-Time Mutant (7)]
Add To Stack: Ai(1)-Destyn_Turtles triggered Irma, Part-Time Mutant targeting [Irma, Part-Time Mutant (7)]
Resolve Stack: Raid (the Fridge) — At the beginning of your second main phase, if you attacked this turn, put a +1/+1 counter on target creature and create a Food token. (Targeting: [[Irma, Part-Time Mutant (7)]]) [Phase: Ai(1)-Destyn_Turtles]
Resolve Stack: Raid (the Fridge) — At the beginning of your second main phase, if you attacked this turn, put a +1/+1 counter on target creature and create a Food token. (Targeting: [[Irma, Part-Time Mutant (7)]]) [Phase: Ai(1)-Destyn_Turtles]
Phase: Ai(1)-Destyn_Turtles' End step
Phase: Ai(1)-Destyn_Turtles' Cleanup step
Turn: Turn 19 (Ai(2)-GGS_Slitter_diagnostic)
Phase: Ai(2)-GGS_Slitter_diagnostic's Untap step
Phase: Ai(2)-GGS_Slitter_diagnostic's Upkeep step
Phase: Ai(2)-GGS_Slitter_diagnostic's Draw step
Phase: Ai(2)-GGS_Slitter_diagnostic's Main phase, precombat
Mana: Otawara, Soaring City (113) - {T}: Add {U}.
Add To Stack: Ai(2)-GGS_Slitter_diagnostic activated Skullclamp targeting [Ingenious Infiltrator (128)]
Resolve Stack: Skullclamp (141) -  Attach to Ingenious Infiltrator (128)
Phase: Ai(2)-GGS_Slitter_diagnostic's Beginning of Combat Step
Phase: Ai(2)-GGS_Slitter_diagnostic's Declare Attackers Step
Combat: Ai(2)-GGS_Slitter_diagnostic assigned Phoenix Chick (171) to attack Ai(1)-Destyn_Turtles.
Phase: Ai(2)-GGS_Slitter_diagnostic's Declare Blockers Step
Combat: Ai(1)-Destyn_Turtles didn't block Phoenix Chick (171).
Phase: Ai(2)-GGS_Slitter_diagnostic's First Strike Damage Step
Phase: Ai(2)-GGS_Slitter_diagnostic's Combat Damage Step
Damage: Phoenix Chick (171) deals 1 combat damage to Ai(1)-Destyn_Turtles.
Life: Life: Ai(1)-Destyn_Turtles 41 > 40
Phase: Ai(2)-GGS_Slitter_diagnostic's End of Combat Step
Phase: Ai(2)-GGS_Slitter_diagnostic's Main phase, postcombat
Mana: Blood Crypt (167) - {T}: Add {B}.
Mana: Steam Vents (146) - {T}: Add {U}.
Mana: Riverpyre Verge (196) - {T}: Add {R}.
Add To Stack: Ai(2)-GGS_Slitter_diagnostic cast Goro-Goro and Satoru
Resolve Stack: Goro-Goro and Satoru - Creature 3 / 4
Phase: Ai(2)-GGS_Slitter_diagnostic's End step
Phase: Ai(2)-GGS_Slitter_diagnostic's Cleanup step
Turn: Turn 20 (Ai(3)-Jaymie_Ezio)
Phase: Ai(3)-Jaymie_Ezio's Untap step
Phase: Ai(3)-Jaymie_Ezio's Upkeep step
Phase: Ai(3)-Jaymie_Ezio's Draw step
Phase: Ai(3)-Jaymie_Ezio's Main phase, precombat
Replacement Effect: Smoldering Marsh enters tapped unless you control two or more basic lands.
Land: Ai(3)-Jaymie_Ezio played Smoldering Marsh (273)
Phase: Ai(3)-Jaymie_Ezio's Beginning of Combat Step
Phase: Ai(3)-Jaymie_Ezio's Declare Attackers Step
Phase: Ai(3)-Jaymie_Ezio's Declare Blockers Step
Phase: Ai(3)-Jaymie_Ezio's First Strike Damage Step
Phase: Ai(3)-Jaymie_Ezio's Combat Damage Step
Phase: Ai(3)-Jaymie_Ezio's End of Combat Step
Phase: Ai(3)-Jaymie_Ezio's Main phase, postcombat
Mana: Cinder Glade (220) - {T}: Add {G}.
Mana: Twilight Mire (271) - {T}: Add {C}.
Mana: Command Tower (234) - {T}: Add one mana of any color in your commander's color identity.
Add To Stack: Ai(3)-Jaymie_Ezio cast Chromatic Lantern
Resolve Stack: Chromatic Lantern
Mana: Chromatic Lantern (299) - {T}: Add one mana of any color.
Mana: Kessig Wolf Run (206) - {T}: Add one mana of any color.
Add To Stack: Ai(3)-Jaymie_Ezio cast Shay Cormac
Resolve Stack: Shay Cormac - Creature 1 / 1
Phase: Ai(3)-Jaymie_Ezio's End step
Phase: Ai(3)-Jaymie_Ezio's Cleanup step
Turn: Turn 21 (Ai(4)-Gabe_Food)
Phase: Ai(4)-Gabe_Food's Untap step
Phase: Ai(4)-Gabe_Food's Upkeep step
Phase: Ai(4)-Gabe_Food's Draw step
Phase: Ai(4)-Gabe_Food's Main phase, precombat
Land: Ai(4)-Gabe_Food played Forest (336)
Mana: Chromatic Lantern (401) - {T}: Add one mana of any color.
Mana: Swamp (365) - {T}: Add one mana of any color.
Mana: Plains (392) - {T}: Add {W}.
Mana: Forest (336) - {T}: Add {G}.
Add To Stack: Ai(4)-Gabe_Food cast Dusk
Zone Change: Irma, Part-Time Mutant (7) was put into Graveyard from Battlefield.
Zone Change: Ingenious Infiltrator (128) was put into Graveyard from Battlefield.
Zone Change: Goro-Goro and Satoru (201) was put into Graveyard from Battlefield.
Zone Change: Ezio Auditore da Firenze (302) was put into Graveyard from Battlefield.
Resolve Stack: Dusk (315) - Destroy all creatures with power 3 or greater.
Zone Change: Security Bypass (294) was put into Graveyard from Battlefield.
Add To Stack: Ai(2)-GGS_Slitter_diagnostic triggered Skullclamp
Resolve Stack: Whenever equipped creature dies, draw two cards. [Zone Changer: Ingenious Infiltrator (128)]
Mana: Graypelt Refuge (347) - {T}: Add one mana of any color.
Mana: Rogue's Passage (331) - {T}: Add one mana of any color.
Add To Stack: Ai(4)-Gabe_Food cast Pippin, Warden of Isengard
Resolve Stack: Pippin, Warden of Isengard - Creature 2 / 2
Add To Stack: Ai(4)-Gabe_Food triggered Pippin, Warden of Isengard targeting [Ai(4)-Gabe_Food]
Resolve Stack: Partner with Merry, Warden of Isengard (When this creature enters, target player may put Merry into their hand from their library, then shuffle.) (Targeting: [[Ai(4)-Gabe_Food]]) [Zone Changer: Pippin, Warden of Isengard (343)]
Phase: Ai(4)-Gabe_Food's Beginning of Combat Step
Phase: Ai(4)-Gabe_Food's Declare Attackers Step
Combat: Ai(4)-Gabe_Food assigned Frodo, Adventurous Hobbit (402) to attack Ai(2)-GGS_Slitter_diagnostic.
Phase: Ai(4)-Gabe_Food's Declare Blockers Step
Combat: Ai(2)-GGS_Slitter_diagnostic didn't block Frodo, Adventurous Hobbit (402).
Phase: Ai(4)-Gabe_Food's First Strike Damage Step
Phase: Ai(4)-Gabe_Food's Combat Damage Step
Damage: Frodo, Adventurous Hobbit (402) deals 1 combat damage to Ai(2)-GGS_Slitter_diagnostic.
Life: Life: Ai(2)-GGS_Slitter_diagnostic 33 > 32
Phase: Ai(4)-Gabe_Food's End of Combat Step
Phase: Ai(4)-Gabe_Food's Main phase, postcombat
Phase: Ai(4)-Gabe_Food's End step
Phase: Ai(4)-Gabe_Food's Cleanup step
Turn: Turn 22 (Ai(1)-Destyn_Turtles)
Phase: Ai(1)-Destyn_Turtles' Untap step
Phase: Ai(1)-Destyn_Turtles' Upkeep step
Phase: Ai(1)-Destyn_Turtles' Draw step
Phase: Ai(1)-Destyn_Turtles' Main phase, precombat
Mana: Plains (87) - {T}: Add {W}.
Mana: Path of Ancestry (12) - {T}: Add one mana of any color in your commander's color identity. When that mana is spent to cast a creature spell that shares a creature type with your commander, scry 1. (Look at the top card of your library. You may put that card on the bottom.)
Add To Stack: Ai(1)-Destyn_Turtles cast Together Forever
Resolve Stack: Together Forever
Add To Stack: Ai(1)-Destyn_Turtles triggered Together Forever targeting [Michelangelo, the Heart (99)]
Resolve Stack: When Together Forever enters, support 2. (Put a +1/+1 counter on each of up to two other target creatures.) (Targeting: [[Michelangelo, the Heart (99)]]) [Zone Changer: Together Forever (14)]
Phase: Ai(1)-Destyn_Turtles' Beginning of Combat Step
Phase: Ai(1)-Destyn_Turtles' Declare Attackers Step
Combat: Ai(1)-Destyn_Turtles assigned Michelangelo, the Heart (99) to attack Ai(2)-GGS_Slitter_diagnostic.
Phase: Ai(1)-Destyn_Turtles' Declare Blockers Step
Combat: Ai(2)-GGS_Slitter_diagnostic didn't block Michelangelo, the Heart (99).
Phase: Ai(1)-Destyn_Turtles' First Strike Damage Step
Phase: Ai(1)-Destyn_Turtles' Combat Damage Step
Damage: Michelangelo, the Heart (99) deals 3 combat damage to Ai(2)-GGS_Slitter_diagnostic.
Life: Life: Ai(2)-GGS_Slitter_diagnostic 32 > 29
Phase: Ai(1)-Destyn_Turtles' End of Combat Step
Phase: Ai(1)-Destyn_Turtles' Main phase, postcombat
Add To Stack: Ai(1)-Destyn_Turtles triggered Michelangelo, the Heart targeting [Michelangelo, the Heart (99)]
Resolve Stack: Raid (the Fridge) — At the beginning of your second main phase, if you attacked this turn, put a +1/+1 counter on target creature and create a Food token. (Targeting: [[Michelangelo, the Heart (99)]]) [Phase: Ai(1)-Destyn_Turtles]
Mana: Hinterland Harbor (23) - {T}: Add {G} or {U}.
Mana: Sunken Hollow (24) - {T}: Add {B}.
Add To Stack: Ai(1)-Destyn_Turtles cast April O'Neil, Live on the Scene
Resolve Stack: April O'Neil, Live on the Scene - Creature 2 / 1
Phase: Ai(1)-Destyn_Turtles' End step
Phase: Ai(1)-Destyn_Turtles' Cleanup step
Turn: Turn 23 (Ai(2)-GGS_Slitter_diagnostic)
Phase: Ai(2)-GGS_Slitter_diagnostic's Untap step
Phase: Ai(2)-GGS_Slitter_diagnostic's Upkeep step
Phase: Ai(2)-GGS_Slitter_diagnostic's Draw step
Phase: Ai(2)-GGS_Slitter_diagnostic's Main phase, precombat
Phase: Ai(2)-GGS_Slitter_diagnostic's Beginning of Combat Step
Phase: Ai(2)-GGS_Slitter_diagnostic's Declare Attackers Step
Combat: Ai(2)-GGS_Slitter_diagnostic assigned Phoenix Chick (171) to attack Ai(1)-Destyn_Turtles.
Phase: Ai(2)-GGS_Slitter_diagnostic's Declare Blockers Step
Combat: Ai(1)-Destyn_Turtles didn't block Phoenix Chick (171).
Mana: Blood Crypt (167) - {T}: Add {B}.
Mana: Otawara, Soaring City (113) - {T}: Add {U}.
Mana: Steam Vents (146) - {T}: Add {R}.
Mana: Riverpyre Verge (196) - {T}: Add {U}. Activate only if you control an Island or a Mountain.
Add To Stack: Ai(2)-GGS_Slitter_diagnostic activated Fallen Shinobi
Resolve Stack: Fallen Shinobi (126) - Ai(2)-GGS_Slitter_diagnostic puts Fallen Shinobi (126) from their hand onto the battlefield tapped and attacking.
Phase: Ai(2)-GGS_Slitter_diagnostic's First Strike Damage Step
Phase: Ai(2)-GGS_Slitter_diagnostic's Combat Damage Step
Damage: Fallen Shinobi (126) deals 5 combat damage to Ai(1)-Destyn_Turtles.
Life: Life: Ai(1)-Destyn_Turtles 40 > 35
Add To Stack: Ai(2)-GGS_Slitter_diagnostic triggered Fallen Shinobi
Resolve Stack: Whenever Fallen Shinobi deals combat damage to a player, that player exiles the top two cards of their library. Until end of turn, you may play those cards without paying their mana costs. [Damage Source: Fallen Shinobi (126), Damaged: Ai(1)-Destyn_Turtles, Amount: 5]
Phase: Ai(2)-GGS_Slitter_diagnostic's End of Combat Step
Phase: Ai(2)-GGS_Slitter_diagnostic's Main phase, postcombat
Add To Stack: Ai(2)-GGS_Slitter_diagnostic cast Raphael, the Muscle
Resolve Stack: Raphael, the Muscle - Creature 4 / 4
Add To Stack: Ai(2)-GGS_Slitter_diagnostic triggered Raphael, the Muscle
Resolve Stack: When Raphael enters, create a Mutagen token. [Zone Changer: Raphael, the Muscle (75)]
Add To Stack: Ai(2)-GGS_Slitter_diagnostic cast Roadkill Rodney
Resolve Stack: Roadkill Rodney - Creature 2 / 1
Phase: Ai(2)-GGS_Slitter_diagnostic's End step
Phase: Ai(2)-GGS_Slitter_diagnostic's Cleanup step
Discard: Ai(2)-GGS_Slitter_diagnostic discards Phoenix Chick (171).
Discard: Ai(2)-GGS_Slitter_diagnostic discards Draconic Visitor (116).
Turn: Turn 24 (Ai(3)-Jaymie_Ezio)
Phase: Ai(3)-Jaymie_Ezio's Untap step
Phase: Ai(3)-Jaymie_Ezio's Upkeep step
Phase: Ai(3)-Jaymie_Ezio's Draw step
Phase: Ai(3)-Jaymie_Ezio's Main phase, precombat
Mana: Chromatic Lantern (299) - {T}: Add one mana of any color.
Add To Stack: Ai(3)-Jaymie_Ezio cast Vorpal Sword
Resolve Stack: Vorpal Sword
Mana: Cinder Glade (220) - {T}: Add one mana of any color.
Mana: Smoldering Marsh (273) - {T}: Add {B}.
Add To Stack: Ai(3)-Jaymie_Ezio activated Vorpal Sword targeting [Shay Cormac (274)]
Resolve Stack: Vorpal Sword (212) -  Attach to Shay Cormac (274)
Phase: Ai(3)-Jaymie_Ezio's Beginning of Combat Step
Phase: Ai(3)-Jaymie_Ezio's Declare Attackers Step
Phase: Ai(3)-Jaymie_Ezio's Declare Blockers Step
Phase: Ai(3)-Jaymie_Ezio's First Strike Damage Step
Phase: Ai(3)-Jaymie_Ezio's Combat Damage Step
Phase: Ai(3)-Jaymie_Ezio's End of Combat Step
Phase: Ai(3)-Jaymie_Ezio's Main phase, postcombat
Replacement Effect: Thriving Grove enters tapped.
Replacement Effect: As Thriving Grove enters, choose a color other than green.
Land: Ai(3)-Jaymie_Ezio played Thriving Grove (229)
Mana: Command Tower (234) - {T}: Add one mana of any color in your commander's color identity.
Mana: Twilight Mire (271) - {T}: Add one mana of any color.
Add To Stack: Ai(3)-Jaymie_Ezio cast Vraska Joins Up
Resolve Stack: Vraska Joins Up
Add To Stack: Ai(3)-Jaymie_Ezio triggered Vraska Joins Up
Resolve Stack: When Vraska Joins Up enters, put a deathtouch counter on each creature you control. [Zone Changer: Vraska Joins Up (213)]
Phase: Ai(3)-Jaymie_Ezio's End step
Phase: Ai(3)-Jaymie_Ezio's Cleanup step
Turn: Turn 25 (Ai(4)-Gabe_Food)
Phase: Ai(4)-Gabe_Food's Untap step
Phase: Ai(4)-Gabe_Food's Upkeep step
Phase: Ai(4)-Gabe_Food's Draw step
Mana: Chromatic Lantern (401) - {T}: Add one mana of any color.
Mana: Swamp (365) - {T}: Add {B}.
Mana: Plains (392) - {T}: Add {W}.
Mana: Forest (336) - {T}: Add {G}.
Mana: Graypelt Refuge (347) - {T}: Add {G} or {W}.
Mana: Rogue's Passage (331) - {T}: Add {C}.
Add To Stack: Ai(4)-Gabe_Food cast Great Oak Guardian
Resolve Stack: Great Oak Guardian - Creature 4 / 5
Add To Stack: Ai(4)-Gabe_Food triggered Great Oak Guardian targeting [Ai(4)-Gabe_Food]
Resolve Stack: When Great Oak Guardian enters, creatures target player controls get +2/+2 until end of turn. Untap them. (Targeting: [[Ai(4)-Gabe_Food]]) [Zone Changer: Great Oak Guardian (324)]
Phase: Ai(4)-Gabe_Food's Main phase, precombat
Land: Ai(4)-Gabe_Food played Plains (390)
Phase: Ai(4)-Gabe_Food's Beginning of Combat Step
Phase: Ai(4)-Gabe_Food's Declare Attackers Step
Phase: Ai(4)-Gabe_Food's Declare Blockers Step
Phase: Ai(4)-Gabe_Food's First Strike Damage Step
Phase: Ai(4)-Gabe_Food's Combat Damage Step
Phase: Ai(4)-Gabe_Food's End of Combat Step
Phase: Ai(4)-Gabe_Food's Main phase, postcombat
Phase: Ai(4)-Gabe_Food's End step
Phase: Ai(4)-Gabe_Food's Cleanup step
Turn: Turn 26 (Ai(1)-Destyn_Turtles)
Phase: Ai(1)-Destyn_Turtles' Untap step
Phase: Ai(1)-Destyn_Turtles' Upkeep step
Phase: Ai(1)-Destyn_Turtles' Draw step
Phase: Ai(1)-Destyn_Turtles' Main phase, precombat
Mana: Hinterland Harbor (23) - {T}: Add {G} or {U}.
Mana: Cinder Glade (16) - {T}: Add {G}.
Mana: Plains (87) - {T}: Add {W}.
Mana: Sunken Hollow (24) - {T}: Add {B}.
Mana: Path of Ancestry (12) - {T}: Add one mana of any color in your commander's color identity. When that mana is spent to cast a creature spell that shares a creature type with your commander, scry 1. (Look at the top card of your library. You may put that card on the bottom.)
Add To Stack: Ai(1)-Destyn_Turtles cast Acidic Slime
Resolve Stack: Acidic Slime - Creature 2 / 2
Add To Stack: Ai(1)-Destyn_Turtles triggered Acidic Slime targeting [Roadkill Rodney (51)]
Zone Change: Roadkill Rodney (51) was put into Graveyard from Battlefield.
Resolve Stack: When Acidic Slime enters, destroy target artifact, enchantment, or land. (Targeting: [[Roadkill Rodney (51)]]) [Zone Changer: Acidic Slime (62)]
Phase: Ai(1)-Destyn_Turtles' Beginning of Combat Step
Phase: Ai(1)-Destyn_Turtles' Declare Attackers Step
Mana: Plains (390) - {T}: Add {W}.
Add To Stack: Ai(4)-Gabe_Food activated Pippin, Warden of Isengard
Resolve Stack: Pippin, Warden of Isengard (343) - Ai(4)-Gabe_Food creates a Food Token.
Phase: Ai(1)-Destyn_Turtles' Declare Blockers Step
Phase: Ai(1)-Destyn_Turtles' First Strike Damage Step
Phase: Ai(1)-Destyn_Turtles' Combat Damage Step
Phase: Ai(1)-Destyn_Turtles' End of Combat Step
Phase: Ai(1)-Destyn_Turtles' Main phase, postcombat
Phase: Ai(1)-Destyn_Turtles' End step
Phase: Ai(1)-Destyn_Turtles' Cleanup step
Turn: Turn 27 (Ai(2)-GGS_Slitter_diagnostic)
Phase: Ai(2)-GGS_Slitter_diagnostic's Untap step
Phase: Ai(2)-GGS_Slitter_diagnostic's Upkeep step
Phase: Ai(2)-GGS_Slitter_diagnostic's Draw step
Phase: Ai(2)-GGS_Slitter_diagnostic's Main phase, precombat
Mana: Otawara, Soaring City (113) - {T}: Add {U}.
Add To Stack: Ai(2)-GGS_Slitter_diagnostic activated Skullclamp targeting [Fallen Shinobi (126)]
Resolve Stack: Skullclamp (141) -  Attach to Fallen Shinobi (126)
Phase: Ai(2)-GGS_Slitter_diagnostic's Beginning of Combat Step
Phase: Ai(2)-GGS_Slitter_diagnostic's Declare Attackers Step
Phase: Ai(2)-GGS_Slitter_diagnostic's Declare Blockers Step
Phase: Ai(2)-GGS_Slitter_diagnostic's First Strike Damage Step
Phase: Ai(2)-GGS_Slitter_diagnostic's Combat Damage Step
Phase: Ai(2)-GGS_Slitter_diagnostic's End of Combat Step
Phase: Ai(2)-GGS_Slitter_diagnostic's Main phase, postcombat
Mana: Blood Crypt (167) - {T}: Add {B}.
Mana: Steam Vents (146) - {T}: Add {U}.
Mana: Riverpyre Verge (196) - {T}: Add {U}. Activate only if you control an Island or a Mountain.
Add To Stack: Ai(2)-GGS_Slitter_diagnostic cast Yuriko, the Tiger's Shadow
Resolve Stack: Yuriko, the Tiger's Shadow - Creature 1 / 3
Phase: Ai(2)-GGS_Slitter_diagnostic's End step
Phase: Ai(2)-GGS_Slitter_diagnostic's Cleanup step
Turn: Turn 28 (Ai(3)-Jaymie_Ezio)
Phase: Ai(3)-Jaymie_Ezio's Untap step
Phase: Ai(3)-Jaymie_Ezio's Upkeep step
Phase: Ai(3)-Jaymie_Ezio's Draw step
Phase: Ai(3)-Jaymie_Ezio's Main phase, precombat
Mana: Chromatic Lantern (299) - {T}: Add one mana of any color.
Mana: Thriving Grove (229) - {T}: Add {G} or one mana of the chosen color.
Mana: Cinder Glade (220) - {T}: Add {G}.
Add To Stack: Ai(3)-Jaymie_Ezio cast 
Resolve Stack: Disguise - Creature 2/2
Mana: Smoldering Marsh (273) - {T}: Add {B}.
Mana: Command Tower (234) - {T}: Add one mana of any color in your commander's color identity.
Resolve Stack: Ai(3)-Jaymie_Ezio has undisguised Arno Dorian
Phase: Ai(3)-Jaymie_Ezio's Beginning of Combat Step
Phase: Ai(3)-Jaymie_Ezio's Declare Attackers Step
Phase: Ai(3)-Jaymie_Ezio's Declare Blockers Step
Phase: Ai(3)-Jaymie_Ezio's First Strike Damage Step
Phase: Ai(3)-Jaymie_Ezio's Combat Damage Step
Phase: Ai(3)-Jaymie_Ezio's End of Combat Step
Phase: Ai(3)-Jaymie_Ezio's Main phase, postcombat
Mana: Twilight Mire (271) - {T}: Add one mana of any color.
Mana: Kessig Wolf Run (206) - {T}: Add {C}.
Add To Stack: Ai(3)-Jaymie_Ezio cast Haystack
Resolve Stack: Haystack
Phase: Ai(3)-Jaymie_Ezio's End step
Phase: Ai(3)-Jaymie_Ezio's Cleanup step
Turn: Turn 29 (Ai(4)-Gabe_Food)
Phase: Ai(4)-Gabe_Food's Untap step
Phase: Ai(4)-Gabe_Food's Upkeep step
Phase: Ai(4)-Gabe_Food's Draw step
Phase: Ai(4)-Gabe_Food's Main phase, precombat
Land: Ai(4)-Gabe_Food played Forest (340)
Mana: Chromatic Lantern (401) - {T}: Add one mana of any color.
Mana: Swamp (365) - {T}: Add one mana of any color.
Mana: Plains (392) - {T}: Add {W}.
Add To Stack: Ai(4)-Gabe_Food cast Sam, Loyal Attendant
Resolve Stack: Sam, Loyal Attendant - Creature 2 / 4
Add To Stack: Ai(4)-Gabe_Food triggered Sam, Loyal Attendant targeting [Ai(4)-Gabe_Food]
Resolve Stack: Partner with Frodo, Adventurous Hobbit (When this creature enters, target player may put Frodo into their hand from their library, then shuffle.) (Targeting: [[Ai(4)-Gabe_Food]]) [Zone Changer: Sam, Loyal Attendant (404)]
Mana: Forest (336) - {T}: Add {G}.
Mana: Plains (390) - {T}: Add {W}.
Mana: Forest (340) - {T}: Add {G}.
Mana: Graypelt Refuge (347) - {T}: Add {G} or {W}.
Add To Stack: Ai(4)-Gabe_Food activated Rogue's Passage targeting [Great Oak Guardian (324)]
Resolve Stack: Rogue's Passage (331) - Great Oak Guardian (324) can't be blocked this turn.
Phase: Ai(4)-Gabe_Food's Beginning of Combat Step
Add To Stack: Ai(4)-Gabe_Food triggered Sam, Loyal Attendant
Resolve Stack: At the beginning of combat on your turn, create a Food token. (It's an artifact with "{2}, {T}, Sacrifice this token: You gain 3 life.") [Phase: Ai(4)-Gabe_Food]
Phase: Ai(4)-Gabe_Food's Declare Attackers Step
Combat: Ai(4)-Gabe_Food assigned Great Oak Guardian (324) to attack Ai(2)-GGS_Slitter_diagnostic.
Phase: Ai(4)-Gabe_Food's Declare Blockers Step
Combat: Ai(2)-GGS_Slitter_diagnostic didn't block Great Oak Guardian (324).
Phase: Ai(4)-Gabe_Food's First Strike Damage Step
Phase: Ai(4)-Gabe_Food's Combat Damage Step
Damage: Great Oak Guardian (324) deals 4 combat damage to Ai(2)-GGS_Slitter_diagnostic.
Life: Life: Ai(2)-GGS_Slitter_diagnostic 29 > 25
Phase: Ai(4)-Gabe_Food's End of Combat Step
Phase: Ai(4)-Gabe_Food's Main phase, postcombat
Phase: Ai(4)-Gabe_Food's End step
Phase: Ai(4)-Gabe_Food's Cleanup step
Turn: Turn 30 (Ai(1)-Destyn_Turtles)
Phase: Ai(1)-Destyn_Turtles' Untap step
Phase: Ai(1)-Destyn_Turtles' Upkeep step
Phase: Ai(1)-Destyn_Turtles' Draw step
Phase: Ai(1)-Destyn_Turtles' Main phase, precombat
Mana: Hinterland Harbor (23) - {T}: Add {G} or {U}.
Mana: Plains (87) - {T}: Add {W}.
Add To Stack: Ai(1)-Destyn_Turtles cast Level Up targeting [Michelangelo, the Heart (99)]
Resolve Stack: Level Up (90) -  Attach to Michelangelo, the Heart (99)
Add To Stack: Ai(1)-Destyn_Turtles triggered Level Up
Resolve Stack: When this Aura enters, put a +1/+1 counter on enchanted creature. [Zone Changer: Level Up (90)]
Phase: Ai(1)-Destyn_Turtles' Beginning of Combat Step
Phase: Ai(1)-Destyn_Turtles' Declare Attackers Step
Combat: Ai(1)-Destyn_Turtles assigned Michelangelo, the Heart (99) to attack Ai(4)-Gabe_Food.
Add To Stack: Ai(1)-Destyn_Turtles triggered Michelangelo, the Heart
Resolve Stack: Whenever this creature attacks, double the number of +1/+1 counters on it. Then if it has power 10 or greater, draw a card. [Attacker: Michelangelo, the Heart (99)]
Phase: Ai(1)-Destyn_Turtles' Declare Blockers Step
Combat: Ai(4)-Gabe_Food didn't block Michelangelo, the Heart (99).
Phase: Ai(1)-Destyn_Turtles' First Strike Damage Step
Phase: Ai(1)-Destyn_Turtles' Combat Damage Step
Damage: Michelangelo, the Heart (99) deals 8 combat damage to Ai(4)-Gabe_Food.
Life: Life: Ai(4)-Gabe_Food 34 > 26
Phase: Ai(1)-Destyn_Turtles' End of Combat Step
Phase: Ai(1)-Destyn_Turtles' Main phase, postcombat
Add To Stack: Ai(1)-Destyn_Turtles triggered Michelangelo, the Heart targeting [Michelangelo, the Heart (99)]
Resolve Stack: Raid (the Fridge) — At the beginning of your second main phase, if you attacked this turn, put a +1/+1 counter on target creature and create a Food token. (Targeting: [[Michelangelo, the Heart (99)]]) [Phase: Ai(1)-Destyn_Turtles]
Phase: Ai(1)-Destyn_Turtles' End step
Phase: Ai(1)-Destyn_Turtles' Cleanup step
Turn: Turn 31 (Ai(2)-GGS_Slitter_diagnostic)
Phase: Ai(2)-GGS_Slitter_diagnostic's Untap step
Phase: Ai(2)-GGS_Slitter_diagnostic's Upkeep step
Phase: Ai(2)-GGS_Slitter_diagnostic's Draw step
Phase: Ai(2)-GGS_Slitter_diagnostic's Main phase, precombat
Phase: Ai(2)-GGS_Slitter_diagnostic's Beginning of Combat Step
Phase: Ai(2)-GGS_Slitter_diagnostic's Declare Attackers Step
Phase: Ai(2)-GGS_Slitter_diagnostic's Declare Blockers Step
Phase: Ai(2)-GGS_Slitter_diagnostic's First Strike Damage Step
Phase: Ai(2)-GGS_Slitter_diagnostic's Combat Damage Step
Phase: Ai(2)-GGS_Slitter_diagnostic's End of Combat Step
Phase: Ai(2)-GGS_Slitter_diagnostic's Main phase, postcombat
Replacement Effect: Xander's Lounge enters tapped.
Land: Ai(2)-GGS_Slitter_diagnostic played Xander's Lounge (187)
Mana: Blood Crypt (167) - {T}: Add {B}.
Mana: Otawara, Soaring City (113) - {T}: Add {U}.
Add To Stack: Ai(2)-GGS_Slitter_diagnostic cast Satoru, the Infiltrator
Resolve Stack: Satoru, the Infiltrator - Creature 2 / 3
Mana: Steam Vents (146) - {T}: Add {R}.
Mana: Riverpyre Verge (196) - {T}: Add {U}. Activate only if you control an Island or a Mountain.
Add To Stack: Ai(2)-GGS_Slitter_diagnostic cast Kari Zev, Skyship Raider
Resolve Stack: Kari Zev, Skyship Raider - Creature 1 / 3
Phase: Ai(2)-GGS_Slitter_diagnostic's End step
Phase: Ai(2)-GGS_Slitter_diagnostic's Cleanup step
Turn: Turn 32 (Ai(3)-Jaymie_Ezio)
Phase: Ai(3)-Jaymie_Ezio's Untap step
Phase: Ai(3)-Jaymie_Ezio's Upkeep step
Phase: Ai(3)-Jaymie_Ezio's Draw step
Phase: Ai(3)-Jaymie_Ezio's Main phase, precombat
Phase: Ai(3)-Jaymie_Ezio's Beginning of Combat Step
Phase: Ai(3)-Jaymie_Ezio's Declare Attackers Step
Phase: Ai(3)-Jaymie_Ezio's Declare Blockers Step
Phase: Ai(3)-Jaymie_Ezio's First Strike Damage Step
Phase: Ai(3)-Jaymie_Ezio's Combat Damage Step
Phase: Ai(3)-Jaymie_Ezio's End of Combat Step
Phase: Ai(3)-Jaymie_Ezio's Main phase, postcombat
Mana: Chromatic Lantern (299) - {T}: Add one mana of any color.
Mana: Thriving Grove (229) - {T}: Add {G} or one mana of the chosen color.
Mana: Cinder Glade (220) - {T}: Add {G}.
Mana: Smoldering Marsh (273) - {T}: Add {R}.
Add To Stack: Ai(3)-Jaymie_Ezio cast Ezio Auditore da Firenze
Resolve Stack: Ezio Auditore da Firenze - Creature 3 / 2
Mana: Command Tower (234) - {T}: Add one mana of any color.
Mana: Twilight Mire (271) - {T}: Add {C}.
Mana: Kessig Wolf Run (206) - {T}: Add {C}.
Add To Stack: Ai(3)-Jaymie_Ezio cast Lydia Frye
Resolve Stack: Lydia Frye - Creature 3 / 2
Phase: Ai(3)-Jaymie_Ezio's End step
Add To Stack: Ai(3)-Jaymie_Ezio triggered Lydia Frye
Resolve Stack: At the beginning of your end step, surveil X, where X is the number of tapped Assassins you control. (Look at the top X cards of your library, then put any number of them into your graveyard and the rest on top of your library in any order.) [Phase: Ai(3)-Jaymie_Ezio]
Phase: Ai(3)-Jaymie_Ezio's Cleanup step
Turn: Turn 33 (Ai(4)-Gabe_Food)
Phase: Ai(4)-Gabe_Food's Untap step
Phase: Ai(4)-Gabe_Food's Upkeep step
Phase: Ai(4)-Gabe_Food's Draw step
Phase: Ai(4)-Gabe_Food's Main phase, precombat
Mana: Chromatic Lantern (401) - {T}: Add one mana of any color.
Mana: Swamp (365) - {T}: Add {B}.
Mana: Plains (392) - {T}: Add {W}.
Mana: Forest (336) - {T}: Add {G}.
Add To Stack: Ai(4)-Gabe_Food activated Rogue's Passage targeting [Great Oak Guardian (324)]
Resolve Stack: Rogue's Passage (331) - Great Oak Guardian (324) can't be blocked this turn.
Phase: Ai(4)-Gabe_Food's Beginning of Combat Step
Add To Stack: Ai(4)-Gabe_Food triggered Sam, Loyal Attendant
Resolve Stack: At the beginning of combat on your turn, create a Food token. (It's an artifact with "{2}, {T}, Sacrifice this token: You gain 3 life.") [Phase: Ai(4)-Gabe_Food]
Phase: Ai(4)-Gabe_Food's Declare Attackers Step
Combat: Ai(4)-Gabe_Food assigned Great Oak Guardian (324) to attack Ai(2)-GGS_Slitter_diagnostic.
Phase: Ai(4)-Gabe_Food's Declare Blockers Step
Combat: Ai(2)-GGS_Slitter_diagnostic didn't block Great Oak Guardian (324).
Phase: Ai(4)-Gabe_Food's First Strike Damage Step
Phase: Ai(4)-Gabe_Food's Combat Damage Step
Damage: Great Oak Guardian (324) deals 4 combat damage to Ai(2)-GGS_Slitter_diagnostic.
Life: Life: Ai(2)-GGS_Slitter_diagnostic 25 > 21
Phase: Ai(4)-Gabe_Food's End of Combat Step
Phase: Ai(4)-Gabe_Food's Main phase, postcombat
Mana: Plains (390) - {T}: Add {W}.
Mana: Forest (340) - {T}: Add {G}.
Mana: Graypelt Refuge (347) - {T}: Add {G} or {W}.
Add To Stack: Ai(4)-Gabe_Food cast Merry, Warden of Isengard
Resolve Stack: Merry, Warden of Isengard - Creature 1 / 4
Add To Stack: Ai(4)-Gabe_Food triggered Merry, Warden of Isengard targeting [Ai(4)-Gabe_Food]
Resolve Stack: Partner with Pippin, Warden of Isengard (When this creature enters, target player may put Pippin into their hand from their library, then shuffle.) (Targeting: [[Ai(4)-Gabe_Food]]) [Zone Changer: Merry, Warden of Isengard (309)]
Phase: Ai(4)-Gabe_Food's End step
Phase: Ai(4)-Gabe_Food's Cleanup step
Turn: Turn 34 (Ai(1)-Destyn_Turtles)
Phase: Ai(1)-Destyn_Turtles' Untap step
Phase: Ai(1)-Destyn_Turtles' Upkeep step
Phase: Ai(1)-Destyn_Turtles' Draw step
Mana: Cinder Glade (16) - {T}: Add {R}.
Mana: Plains (87) - {T}: Add {W}.
Mana: Hinterland Harbor (23) - {T}: Add {G} or {U}.
Add To Stack: Ai(1)-Destyn_Turtles cast Special Move
Zone Change: Chromatic Lantern (299) was put into Graveyard from Battlefield.
Damage: Michelangelo, the Heart (99) deals 9 damage to Fallen Shinobi (126).
Zone Change: Michelangelo, the Heart (99) was put into Graveyard from Battlefield.
Resolve Stack: Special Move (84) -  Jump Kick — Destroy Chromatic Lantern (299). Foot Toss — Michelangelo, the Heart (99) deals damage equal to its power to Fallen Shinobi (126). Then sacrifice it. 
Zone Change: Level Up (90) was put into Graveyard from Battlefield.
Zone Change: Fallen Shinobi (126) was put into Graveyard from Battlefield.
Add To Stack: Ai(2)-GGS_Slitter_diagnostic triggered Skullclamp
Resolve Stack: Whenever equipped creature dies, draw two cards. [Zone Changer: Fallen Shinobi (126)]
Phase: Ai(1)-Destyn_Turtles' Main phase, precombat
Phase: Ai(1)-Destyn_Turtles' Beginning of Combat Step
Phase: Ai(1)-Destyn_Turtles' Declare Attackers Step
Phase: Ai(1)-Destyn_Turtles' Declare Blockers Step
Phase: Ai(1)-Destyn_Turtles' First Strike Damage Step
Phase: Ai(1)-Destyn_Turtles' Combat Damage Step
Phase: Ai(1)-Destyn_Turtles' End of Combat Step
Phase: Ai(1)-Destyn_Turtles' Main phase, postcombat
Phase: Ai(1)-Destyn_Turtles' End step
Phase: Ai(1)-Destyn_Turtles' Cleanup step
Turn: Turn 35 (Ai(2)-GGS_Slitter_diagnostic)
Phase: Ai(2)-GGS_Slitter_diagnostic's Untap step
Phase: Ai(2)-GGS_Slitter_diagnostic's Upkeep step
Phase: Ai(2)-GGS_Slitter_diagnostic's Draw step
Phase: Ai(2)-GGS_Slitter_diagnostic's Main phase, precombat
Land: Ai(2)-GGS_Slitter_diagnostic played Shizo, Death's Storehouse (122)
Mana: Steam Vents (146) - {T}: Add {R}.
Mana: Blood Crypt (167) - {T}: Add {R}.
Mana: Otawara, Soaring City (113) - {T}: Add {U}.
Mana: Riverpyre Verge (196) - {T}: Add {U}. Activate only if you control an Island or a Mountain.
Mana: Xander's Lounge (187) - {T}: Add {R}.
Add To Stack: Ai(2)-GGS_Slitter_diagnostic cast Goldspan Dragon
Resolve Stack: Goldspan Dragon - Creature 4 / 4
Mana: Shizo, Death's Storehouse (122) - {T}: Add {B}.
Add To Stack: Ai(2)-GGS_Slitter_diagnostic activated Skullclamp targeting [Goldspan Dragon (103)]
Resolve Stack: Skullclamp (141) -  Attach to Goldspan Dragon (103)
Phase: Ai(2)-GGS_Slitter_diagnostic's Beginning of Combat Step
Phase: Ai(2)-GGS_Slitter_diagnostic's Declare Attackers Step
Combat: Ai(2)-GGS_Slitter_diagnostic assigned Goldspan Dragon (103), Kari Zev, Skyship Raider (194) and Raphael, the Muscle (75) to attack Ai(4)-Gabe_Food.
Add To Stack: Ai(2)-GGS_Slitter_diagnostic triggered Phoenix Chick
Add To Stack: Ai(2)-GGS_Slitter_diagnostic triggered Goldspan Dragon
Add To Stack: Ai(2)-GGS_Slitter_diagnostic triggered Kari Zev, Skyship Raider
Resolve Stack: Whenever Kari Zev, Skyship Raider attacks, create Ragavan, a legendary 2/1 red Monkey creature token. Ragavan enters tapped and attacking. Exile that token at end of combat. [Attacker: Kari Zev, Skyship Raider (194)]
Resolve Stack: Whenever Goldspan Dragon attacks or becomes the target of a spell, create a Treasure token. [Attacker: Goldspan Dragon (103)]
Resolve Stack: Whenever you attack with three or more creatures, you may pay {R}{R}. If you do, return Phoenix Chick from your graveyard to the battlefield tapped and attacking with a +1/+1 counter on it. [Number Attackers: [Goldspan Dragon (103), Kari Zev, Skyship Raider (194), Raphael, the Muscle (75)]]
Phase: Ai(2)-GGS_Slitter_diagnostic's Declare Blockers Step
Combat: Ai(4)-Gabe_Food didn't block Goldspan Dragon (103).
Ai(4)-Gabe_Food assigned Frodo, Adventurous Hobbit (402) and Merry, Warden of Isengard (309) to block Kari Zev, Skyship Raider (194).
Ai(4)-Gabe_Food didn't block Raphael, the Muscle (75).
Combat: Ai(1)-Destyn_Turtles didn't block Ragavan (547).
Phase: Ai(2)-GGS_Slitter_diagnostic's First Strike Damage Step
Damage: Kari Zev, Skyship Raider (194) deals 1 damage to Frodo, Adventurous Hobbit (402).
Phase: Ai(2)-GGS_Slitter_diagnostic's Combat Damage Step
Damage: Goldspan Dragon (103) deals 5 combat damage to Ai(4)-Gabe_Food.
Damage: Raphael, the Muscle (75) deals 4 combat damage to Ai(4)-Gabe_Food.
Damage: Ragavan (547) deals 2 combat damage to Ai(1)-Destyn_Turtles.
Damage: Frodo, Adventurous Hobbit (402) deals 1 damage to Kari Zev, Skyship Raider (194).
Damage: Merry, Warden of Isengard (309) deals 1 damage to Kari Zev, Skyship Raider (194).
Life: Life: Ai(1)-Destyn_Turtles 35 > 33
Life: Life: Ai(4)-Gabe_Food 26 > 17
Add To Stack: Ai(2)-GGS_Slitter_diagnostic triggered Yuriko, the Tiger's Shadow
Resolve Stack: Whenever a Ninja you control deals combat damage to a player, reveal the top card of your library and put that card into your hand. Each opponent loses life equal to that card's mana value. [Damage Source: Raphael, the Muscle (75), Damaged: Ai(4)-Gabe_Food, Amount: 4]
Phase: Ai(2)-GGS_Slitter_diagnostic's End of Combat Step
Add To Stack: Ai(2)-GGS_Slitter_diagnostic triggered Kari Zev, Skyship Raider
Zone Change: Ragavan (547) was put into Exile from Battlefield.
Resolve Stack: Exile Ragavan (547) at the end of combat. ([Ragavan (547)]) [Phase: Ai(2)-GGS_Slitter_diagnostic]
Phase: Ai(2)-GGS_Slitter_diagnostic's Main phase, postcombat
Phase: Ai(2)-GGS_Slitter_diagnostic's End step
Phase: Ai(2)-GGS_Slitter_diagnostic's Cleanup step
Turn: Turn 36 (Ai(3)-Jaymie_Ezio)
Phase: Ai(3)-Jaymie_Ezio's Untap step
Phase: Ai(3)-Jaymie_Ezio's Upkeep step
Phase: Ai(3)-Jaymie_Ezio's Draw step
Phase: Ai(3)-Jaymie_Ezio's Main phase, precombat
Mana: Thriving Grove (229) - {T}: Add {G} or one mana of the chosen color.
Mana: Cinder Glade (220) - {T}: Add {G}.
Mana: Smoldering Marsh (273) - {T}: Add {R}.
Add To Stack: Ai(3)-Jaymie_Ezio cast Sword of Feast and Famine
Zone Change: Treasure Token (551) was put into Graveyard from Battlefield.
Mana: Treasure Token (551) - {T}, Sacrifice this token: Add one mana of any color.
Add To Stack: Ai(2)-GGS_Slitter_diagnostic cast An Offer You Can't Refuse targeting [Sword of Feast and Famine]
Zone Change: Send countered spell to Graveyard
Resolve Stack: An Offer You Can't Refuse (165) - Counter Sword of Feast and Famine (296). Its controller creates two Treasure tokens.
Phase: Ai(3)-Jaymie_Ezio's Beginning of Combat Step
Phase: Ai(3)-Jaymie_Ezio's Declare Attackers Step
Combat: Ai(3)-Jaymie_Ezio assigned Ezio Auditore da Firenze (302), Lydia Frye (287), Shay Cormac (274) and Arno Dorian (226) to attack Ai(2)-GGS_Slitter_diagnostic.
Phase: Ai(3)-Jaymie_Ezio's Declare Blockers Step
Combat: Ai(2)-GGS_Slitter_diagnostic assigned Satoru, the Infiltrator (154) and Yuriko, the Tiger's Shadow (199) to block Ezio Auditore da Firenze (302).
Ai(2)-GGS_Slitter_diagnostic assigned Moon-Circuit Hacker (191) to block Lydia Frye (287).
Ai(2)-GGS_Slitter_diagnostic didn't block Shay Cormac (274).
Ai(2)-GGS_Slitter_diagnostic didn't block Arno Dorian (226).
Phase: Ai(3)-Jaymie_Ezio's First Strike Damage Step
Phase: Ai(3)-Jaymie_Ezio's Combat Damage Step
Damage: Ezio Auditore da Firenze (302) deals 3 damage to Yuriko, the Tiger's Shadow (199).
Damage: Ezio Auditore da Firenze (302) deals 2 damage to Satoru, the Infiltrator (154).
Damage: Lydia Frye (287) deals 5 damage to Moon-Circuit Hacker (191).
Damage: Shay Cormac (274) deals 3 combat damage to Ai(2)-GGS_Slitter_diagnostic.
Damage: Arno Dorian (226) deals 3 combat damage to Ai(2)-GGS_Slitter_diagnostic.
Damage: Moon-Circuit Hacker (191) deals 2 damage to Lydia Frye (287).
Damage: Satoru, the Infiltrator (154) deals 2 damage to Ezio Auditore da Firenze (302).
Damage: Yuriko, the Tiger's Shadow (199) deals 1 damage to Ezio Auditore da Firenze (302).
Life: Life: Ai(2)-GGS_Slitter_diagnostic 21 > 15
Zone Change: Ezio Auditore da Firenze (302) was put into Graveyard from Battlefield.
Zone Change: Lydia Frye (287) was put into Graveyard from Battlefield.
Zone Change: Moon-Circuit Hacker (191) was put into Graveyard from Battlefield.
Zone Change: Yuriko, the Tiger's Shadow (199) was put into Graveyard from Battlefield.
Add To Stack: Ai(3)-Jaymie_Ezio triggered Vraska Joins Up
Add To Stack: Ai(3)-Jaymie_Ezio triggered Vraska Joins Up
Resolve Stack: Whenever a legendary creature you control deals combat damage to a player, draw a card. [Damage Source: Arno Dorian (226), Damaged: Ai(2)-GGS_Slitter_diagnostic, Amount: 3]
Resolve Stack: Whenever a legendary creature you control deals combat damage to a player, draw a card. [Damage Source: Shay Cormac (274), Damaged: Ai(2)-GGS_Slitter_diagnostic, Amount: 3]
Phase: Ai(3)-Jaymie_Ezio's End of Combat Step
Phase: Ai(3)-Jaymie_Ezio's Main phase, postcombat
Land: Ai(3)-Jaymie_Ezio played Mountain (290)
Mana: Command Tower (234) - {T}: Add one mana of any color in your commander's color identity.
Mana: Mountain (290) - {T}: Add {R}.
Mana: Twilight Mire (271) - {T}: Add {C}.
Mana: Kessig Wolf Run (206) - {T}: Add {C}.
Zone Change: Treasure Token (578) was put into Graveyard from Battlefield.
Mana: Treasure Token (578) - {T}, Sacrifice this token: Add one mana of any color.
Zone Change: Treasure Token (577) was put into Graveyard from Battlefield.
Mana: Treasure Token (577) - {T}, Sacrifice this token: Add one mana of any color.
Add To Stack: Ai(3)-Jaymie_Ezio cast Ezio Auditore da Firenze
Resolve Stack: Ezio Auditore da Firenze - Creature 3 / 2
Phase: Ai(3)-Jaymie_Ezio's End step
Phase: Ai(3)-Jaymie_Ezio's Cleanup step
Turn: Turn 37 (Ai(4)-Gabe_Food)
Phase: Ai(4)-Gabe_Food's Untap step
Phase: Ai(4)-Gabe_Food's Upkeep step
Phase: Ai(4)-Gabe_Food's Draw step
Phase: Ai(4)-Gabe_Food's Main phase, precombat
Replacement Effect: Canopy Vista enters tapped unless you control two or more basic lands.
Land: Ai(4)-Gabe_Food played Canopy Vista (373)
Mana: Chromatic Lantern (401) - {T}: Add one mana of any color.
Mana: Swamp (365) - {T}: Add {B}.
Mana: Plains (392) - {T}: Add {W}.
Mana: Forest (336) - {T}: Add {G}.
Add To Stack: Ai(4)-Gabe_Food activated Rogue's Passage targeting [Sam, Loyal Attendant (404)]
Resolve Stack: Rogue's Passage (331) - Sam, Loyal Attendant (404) can't be blocked this turn.
Phase: Ai(4)-Gabe_Food's Beginning of Combat Step
Add To Stack: Ai(4)-Gabe_Food triggered Sam, Loyal Attendant
Resolve Stack: At the beginning of combat on your turn, create a Food token. (It's an artifact with "{2}, {T}, Sacrifice this token: You gain 3 life.") [Phase: Ai(4)-Gabe_Food]
Add To Stack: Ai(4)-Gabe_Food triggered Merry, Warden of Isengard
Resolve Stack: Whenever one or more artifacts you control enter, create a 1/1 white Soldier creature token with lifelink. This ability triggers only once each turn. [Amount: 1]
Phase: Ai(4)-Gabe_Food's Declare Attackers Step
Combat: Ai(4)-Gabe_Food assigned Great Oak Guardian (324) and Sam, Loyal Attendant (404) to attack Ai(2)-GGS_Slitter_diagnostic.
Phase: Ai(4)-Gabe_Food's Declare Blockers Step
Combat: Ai(2)-GGS_Slitter_diagnostic didn't block Great Oak Guardian (324).
Ai(2)-GGS_Slitter_diagnostic didn't block Sam, Loyal Attendant (404).
Phase: Ai(4)-Gabe_Food's First Strike Damage Step
Phase: Ai(4)-Gabe_Food's Combat Damage Step
Damage: Great Oak Guardian (324) deals 4 combat damage to Ai(2)-GGS_Slitter_diagnostic.
Damage: Sam, Loyal Attendant (404) deals 2 combat damage to Ai(2)-GGS_Slitter_diagnostic.
Life: Life: Ai(2)-GGS_Slitter_diagnostic 15 > 9
Phase: Ai(4)-Gabe_Food's End of Combat Step
Phase: Ai(4)-Gabe_Food's Main phase, postcombat
Mana: Plains (390) - {T}: Add {W}.
Mana: Forest (340) - {T}: Add {G}.
Mana: Graypelt Refuge (347) - {T}: Add {G} or {W}.
Mana: Canopy Vista (373) - {T}: Add {G}.
Add To Stack: Ai(4)-Gabe_Food cast Butterbur, Bree Innkeeper
Resolve Stack: Butterbur, Bree Innkeeper - Creature 3 / 3
Phase: Ai(4)-Gabe_Food's End step
Phase: Ai(4)-Gabe_Food's Cleanup step
Turn: Turn 38 (Ai(1)-Destyn_Turtles)
Phase: Ai(1)-Destyn_Turtles' Untap step
Phase: Ai(1)-Destyn_Turtles' Upkeep step
Phase: Ai(1)-Destyn_Turtles' Draw step
Phase: Ai(1)-Destyn_Turtles' Main phase, precombat
Phase: Ai(1)-Destyn_Turtles' Beginning of Combat Step
Phase: Ai(1)-Destyn_Turtles' Declare Attackers Step
Phase: Ai(1)-Destyn_Turtles' Declare Blockers Step
Phase: Ai(1)-Destyn_Turtles' First Strike Damage Step
Phase: Ai(1)-Destyn_Turtles' Combat Damage Step
Phase: Ai(1)-Destyn_Turtles' End of Combat Step
Phase: Ai(1)-Destyn_Turtles' Main phase, postcombat
Mana: Hinterland Harbor (23) - {T}: Add {G} or {U}.
Mana: Plains (87) - {T}: Add {W}.
Mana: Sunken Hollow (24) - {T}: Add {B}.
Mana: Cinder Glade (16) - {T}: Add {G}.
Mana: Path of Ancestry (12) - {T}: Add one mana of any color in your commander's color identity. When that mana is spent to cast a creature spell that shares a creature type with your commander, scry 1. (Look at the top card of your library. You may put that card on the bottom.)
Add To Stack: Ai(1)-Destyn_Turtles cast Krang, the All-Powerful
Resolve Stack: Krang, the All-Powerful - Creature 3 / 3
Phase: Ai(1)-Destyn_Turtles' End step
Phase: Ai(1)-Destyn_Turtles' Cleanup step
Turn: Turn 39 (Ai(2)-GGS_Slitter_diagnostic)
Phase: Ai(2)-GGS_Slitter_diagnostic's Untap step
Phase: Ai(2)-GGS_Slitter_diagnostic's Upkeep step
Phase: Ai(2)-GGS_Slitter_diagnostic's Draw step
Phase: Ai(2)-GGS_Slitter_diagnostic's Main phase, precombat
Land: Ai(2)-GGS_Slitter_diagnostic played Mana Confluence (147)
Phase: Ai(2)-GGS_Slitter_diagnostic's Beginning of Combat Step
Phase: Ai(2)-GGS_Slitter_diagnostic's Declare Attackers Step
Combat: Ai(2)-GGS_Slitter_diagnostic assigned Goldspan Dragon (103) to attack Ai(4)-Gabe_Food.
Add To Stack: Ai(2)-GGS_Slitter_diagnostic triggered Goldspan Dragon
Resolve Stack: Whenever Goldspan Dragon attacks or becomes the target of a spell, create a Treasure token. [Attacker: Goldspan Dragon (103)]
Phase: Ai(2)-GGS_Slitter_diagnostic's Declare Blockers Step
Combat: Ai(4)-Gabe_Food didn't block Goldspan Dragon (103).
Phase: Ai(2)-GGS_Slitter_diagnostic's First Strike Damage Step
Phase: Ai(2)-GGS_Slitter_diagnostic's Combat Damage Step
Damage: Goldspan Dragon (103) deals 5 combat damage to Ai(4)-Gabe_Food.
Life: Life: Ai(4)-Gabe_Food 17 > 12
Phase: Ai(2)-GGS_Slitter_diagnostic's End of Combat Step
Phase: Ai(2)-GGS_Slitter_diagnostic's Main phase, postcombat
Mana: Steam Vents (146) - {T}: Add {R}.
Mana: Blood Crypt (167) - {T}: Add {R}.
Mana: Otawara, Soaring City (113) - {T}: Add {U}.
Mana: Riverpyre Verge (196) - {T}: Add {U}. Activate only if you control an Island or a Mountain.
Mana: Xander's Lounge (187) - {T}: Add {R}.
Add To Stack: Ai(2)-GGS_Slitter_diagnostic cast Port Razer
Resolve Stack: Port Razer - Creature 4 / 4
Life: Life: Ai(2)-GGS_Slitter_diagnostic 9 > 8
Mana: Mana Confluence (147) - {T}, Pay 1 life: Add one mana of any color.
Mana: Shizo, Death's Storehouse (122) - {T}: Add {B}.
Zone Change: Treasure Token (639) was put into Graveyard from Battlefield.
Mana: Treasure Token (639) - {T}, Sacrifice this token: Add one mana of any color.
Add To Stack: Ai(2)-GGS_Slitter_diagnostic cast Aggravated Assault
Resolve Stack: Aggravated Assault
Phase: Ai(2)-GGS_Slitter_diagnostic's End step
Phase: Ai(2)-GGS_Slitter_diagnostic's Cleanup step
Turn: Turn 40 (Ai(3)-Jaymie_Ezio)
Phase: Ai(3)-Jaymie_Ezio's Untap step
Phase: Ai(3)-Jaymie_Ezio's Upkeep step
Phase: Ai(3)-Jaymie_Ezio's Draw step
Phase: Ai(3)-Jaymie_Ezio's Main phase, precombat
Phase: Ai(3)-Jaymie_Ezio's Beginning of Combat Step
Phase: Ai(3)-Jaymie_Ezio's Declare Attackers Step
Combat: Ai(3)-Jaymie_Ezio assigned Ezio Auditore da Firenze (302), Shay Cormac (274) and Arno Dorian (226) to attack Ai(4)-Gabe_Food.
Phase: Ai(3)-Jaymie_Ezio's Declare Blockers Step
Combat: Ai(4)-Gabe_Food assigned Merry, Warden of Isengard (309) and Pippin, Warden of Isengard (343) to block Ezio Auditore da Firenze (302).
Ai(4)-Gabe_Food assigned Soldier Token (608) to block Shay Cormac (274).
Ai(4)-Gabe_Food assigned Butterbur, Bree Innkeeper (397) to block Arno Dorian (226).
Mana: Thriving Grove (229) - {T}: Add {G} or one mana of the chosen color.
Mana: Mountain (290) - {T}: Add {R}.
Mana: Cinder Glade (220) - {T}: Add {G}.
Mana: Smoldering Marsh (273) - {T}: Add {R}.
Mana: Twilight Mire (271) - {T}: Add {C}.
Mana: Command Tower (234) - {T}: Add one mana of any color in your commander's color identity.
Add To Stack: Ai(3)-Jaymie_Ezio activated Kessig Wolf Run targeting [Arno Dorian (226)]
Resolve Stack: Kessig Wolf Run (206) - Arno Dorian (226) gets +4/+0 and gains trample until end of turn. (X=4)
Phase: Ai(3)-Jaymie_Ezio's First Strike Damage Step
Phase: Ai(3)-Jaymie_Ezio's Combat Damage Step
Damage: Ezio Auditore da Firenze (302) deals 3 damage to Merry, Warden of Isengard (309).
Damage: Ezio Auditore da Firenze (302) deals 2 damage to Pippin, Warden of Isengard (343).
Damage: Shay Cormac (274) deals 3 damage (Deathtouch) to Soldier Token (608).
Damage: Arno Dorian (226) deals 6 combat damage to Ai(4)-Gabe_Food.
Damage: Arno Dorian (226) deals 1 damage (Deathtouch) to Butterbur, Bree Innkeeper (397).
Damage: Soldier Token (608) deals 1 damage to Shay Cormac (274).
Life: Life: Ai(4)-Gabe_Food 12 > 13
Damage: Butterbur, Bree Innkeeper (397) deals 3 damage to Arno Dorian (226).
Damage: Merry, Warden of Isengard (309) deals 1 damage to Ezio Auditore da Firenze (302).
Damage: Pippin, Warden of Isengard (343) deals 2 damage to Ezio Auditore da Firenze (302).
Life: Life: Ai(4)-Gabe_Food 13 > 7
Zone Change: Shay Cormac (274) was put into Graveyard from Battlefield.
Zone Change: Arno Dorian (226) was put into Graveyard from Battlefield.
Zone Change: Ezio Auditore da Firenze (302) was put into Graveyard from Battlefield.
Zone Change: Pippin, Warden of Isengard (343) was put into Graveyard from Battlefield.
Zone Change: Soldier Token (608) was put into Graveyard from Battlefield.
Zone Change: Butterbur, Bree Innkeeper (397) was put into Graveyard from Battlefield.
Add To Stack: Ai(3)-Jaymie_Ezio triggered Vraska Joins Up
Resolve Stack: Whenever a legendary creature you control deals combat damage to a player, draw a card. [Damage Source: Arno Dorian (226), Damaged: Ai(4)-Gabe_Food, Amount: 6]
Add To Stack: Ai(1)-Destyn_Turtles triggered Krang, the All-Powerful
Add To Stack: Ai(1)-Destyn_Turtles triggered Krang, the All-Powerful
Resolve Stack: Whenever a player draws their second card each turn, put a +1/+1 counter on Krang. [Player: Ai(3)-Jaymie_Ezio]
Resolve Stack: Whenever a player draws their second card each turn, put a +1/+1 counter on Krang. [Player: Ai(3)-Jaymie_Ezio]
Phase: Ai(3)-Jaymie_Ezio's End of Combat Step
Phase: Ai(3)-Jaymie_Ezio's Main phase, postcombat
Phase: Ai(3)-Jaymie_Ezio's End step
Phase: Ai(3)-Jaymie_Ezio's Cleanup step
Turn: Turn 41 (Ai(4)-Gabe_Food)
Phase: Ai(4)-Gabe_Food's Untap step
Phase: Ai(4)-Gabe_Food's Upkeep step
Phase: Ai(4)-Gabe_Food's Draw step
Mana: Chromatic Lantern (401) - {T}: Add one mana of any color.
Mana: Swamp (365) - {T}: Add one mana of any color.
Mana: Plains (392) - {T}: Add {W}.
Add To Stack: Ai(4)-Gabe_Food cast Anguished Unmaking targeting [Goldspan Dragon (103)]
Add To Stack: Ai(2)-GGS_Slitter_diagnostic triggered Goldspan Dragon
Resolve Stack: Whenever Goldspan Dragon attacks or becomes the target of a spell, create a Treasure token. [Source: Anguished Unmaking (400), Target: Goldspan Dragon (103)]
Zone Change: Treasure Token (668) was put into Graveyard from Battlefield.
Mana: Treasure Token (668) - {T}, Sacrifice this token: Add one mana of any color.
Add To Stack: Ai(2)-GGS_Slitter_diagnostic cast Swan Song targeting [Exile target nonland permanent. You lose 3 life. ]
Zone Change: Send countered spell to Graveyard
Resolve Stack: Swan Song (142) - Counter Anguished Unmaking (400). 
Phase: Ai(4)-Gabe_Food's Main phase, precombat
Mana: Forest (336) - {T}: Add one mana of any color.
Mana: Plains (390) - {T}: Add {W}.
Mana: Forest (340) - {T}: Add {G}.
Mana: Graypelt Refuge (347) - {T}: Add {G} or {W}.
Mana: Canopy Vista (373) - {T}: Add {G}.
Add To Stack: Ai(4)-Gabe_Food cast Dawn
Resolve Stack: Dawn (315) - Return all creature cards with power 2 or less from your graveyard to your hand.
Replacement Effect: Aftermath (Cast this spell only from your graveyard. Then exile it.)
Phase: Ai(4)-Gabe_Food's Beginning of Combat Step
Add To Stack: Ai(4)-Gabe_Food triggered Sam, Loyal Attendant
Resolve Stack: At the beginning of combat on your turn, create a Food token. (It's an artifact with "{2}, {T}, Sacrifice this token: You gain 3 life.") [Phase: Ai(4)-Gabe_Food]
Add To Stack: Ai(4)-Gabe_Food triggered Merry, Warden of Isengard
Resolve Stack: Whenever one or more artifacts you control enter, create a 1/1 white Soldier creature token with lifelink. This ability triggers only once each turn. [Amount: 1]
Phase: Ai(4)-Gabe_Food's Declare Attackers Step
Phase: Ai(4)-Gabe_Food's Declare Blockers Step
Phase: Ai(4)-Gabe_Food's First Strike Damage Step
Phase: Ai(4)-Gabe_Food's Combat Damage Step
Phase: Ai(4)-Gabe_Food's End of Combat Step
Phase: Ai(4)-Gabe_Food's Main phase, postcombat
Phase: Ai(4)-Gabe_Food's End step
Phase: Ai(4)-Gabe_Food's Cleanup step
Turn: Turn 42 (Ai(1)-Destyn_Turtles)
Phase: Ai(1)-Destyn_Turtles' Untap step
Phase: Ai(1)-Destyn_Turtles' Upkeep step
Phase: Ai(1)-Destyn_Turtles' Draw step
Phase: Ai(1)-Destyn_Turtles' Main phase, precombat
Phase: Ai(1)-Destyn_Turtles' Beginning of Combat Step
Phase: Ai(1)-Destyn_Turtles' Declare Attackers Step
Combat: Ai(1)-Destyn_Turtles assigned Krang, the All-Powerful (22) and Acidic Slime (62) to attack Ai(4)-Gabe_Food.
Mana: Rogue's Passage (331) - {T}: Add {C}.
Zone Change: Food Token (433) was put into Graveyard from Battlefield.
Add To Stack: Ai(4)-Gabe_Food activated Food Token
Life: Life: Ai(4)-Gabe_Food 7 > 10
Resolve Stack: Food Token (433) - Ai(4)-Gabe_Food gains 3 life.
Phase: Ai(1)-Destyn_Turtles' Declare Blockers Step
Combat: Ai(4)-Gabe_Food didn't block Krang, the All-Powerful (22).
Ai(4)-Gabe_Food assigned Bird Token (670) to block Acidic Slime (62).
Phase: Ai(1)-Destyn_Turtles' First Strike Damage Step
Phase: Ai(1)-Destyn_Turtles' Combat Damage Step
Damage: Krang, the All-Powerful (22) deals 5 combat damage to Ai(4)-Gabe_Food.
Damage: Acidic Slime (62) deals 2 damage (Deathtouch) to Bird Token (670).
Damage: Bird Token (670) deals 2 damage to Acidic Slime (62).
Life: Life: Ai(4)-Gabe_Food 10 > 5
Zone Change: Acidic Slime (62) was put into Graveyard from Battlefield.
Zone Change: Bird Token (670) was put into Graveyard from Battlefield.
Phase: Ai(1)-Destyn_Turtles' End of Combat Step
Phase: Ai(1)-Destyn_Turtles' Main phase, postcombat
Mana: Plains (87) - {T}: Add {W}.
Mana: Hinterland Harbor (23) - {T}: Add {G} or {U}.
Mana: Sunken Hollow (24) - {T}: Add {B}.
Mana: Cinder Glade (16) - {T}: Add {G}.
Mana: Path of Ancestry (12) - {T}: Add one mana of any color in your commander's color identity. When that mana is spent to cast a creature spell that shares a creature type with your commander, scry 1. (Look at the top card of your library. You may put that card on the bottom.)
Add To Stack: Ai(1)-Destyn_Turtles cast Mole Module
Resolve Stack: Mole Module
Phase: Ai(1)-Destyn_Turtles' End step
Phase: Ai(1)-Destyn_Turtles' Cleanup step
Turn: Turn 43 (Ai(2)-GGS_Slitter_diagnostic)
Phase: Ai(2)-GGS_Slitter_diagnostic's Untap step
Phase: Ai(2)-GGS_Slitter_diagnostic's Upkeep step
Phase: Ai(2)-GGS_Slitter_diagnostic's Draw step
Phase: Ai(2)-GGS_Slitter_diagnostic's Main phase, precombat
Land: Ai(2)-GGS_Slitter_diagnostic played Mountain (195)
Phase: Ai(2)-GGS_Slitter_diagnostic's Beginning of Combat Step
Mana: Blood Crypt (167) - {T}: Add {B}.
Add To Stack: Ai(2)-GGS_Slitter_diagnostic activated Shizo, Death's Storehouse targeting [Raphael, the Muscle (75)]
Resolve Stack: Shizo, Death's Storehouse (122) - Raphael, the Muscle (75) gains fear until end of turn.
Phase: Ai(2)-GGS_Slitter_diagnostic's Declare Attackers Step
Combat: Ai(2)-GGS_Slitter_diagnostic assigned Raphael, the Muscle (75) to attack Ai(4)-Gabe_Food.
Phase: Ai(2)-GGS_Slitter_diagnostic's Declare Blockers Step
Combat: Ai(4)-Gabe_Food assigned Frodo, Adventurous Hobbit (402) to block Raphael, the Muscle (75).
Phase: Ai(2)-GGS_Slitter_diagnostic's First Strike Damage Step
Phase: Ai(2)-GGS_Slitter_diagnostic's Combat Damage Step
Damage: Raphael, the Muscle (75) deals 4 damage to Frodo, Adventurous Hobbit (402).
Damage: Frodo, Adventurous Hobbit (402) deals 1 damage to Raphael, the Muscle (75).
Zone Change: Frodo, Adventurous Hobbit (402) was put into Graveyard from Battlefield.
Phase: Ai(2)-GGS_Slitter_diagnostic's End of Combat Step
Phase: Ai(2)-GGS_Slitter_diagnostic's Main phase, postcombat
Mana: Mountain (195) - {T}: Add {R}.
Mana: Steam Vents (146) - {T}: Add {R}.
Mana: Otawara, Soaring City (113) - {T}: Add {U}.
Mana: Riverpyre Verge (196) - {T}: Add {U}. Activate only if you control an Island or a Mountain.
Mana: Xander's Lounge (187) - {T}: Add {R}.
Add To Stack: Ai(2)-GGS_Slitter_diagnostic activated Aggravated Assault
Resolve Stack: Aggravated Assault (178) - Untap all creatures you control. After this main phase, there is an additional combat phase followed by an additional main phase. Activate only as a sorcery. 
Phase: AdditionalAi(2)-GGS_Slitter_diagnostic's Beginning of Combat Step
Phase: Ai(2)-GGS_Slitter_diagnostic's Declare Attackers Step
Combat: Ai(2)-GGS_Slitter_diagnostic assigned Goldspan Dragon (103), Raphael, the Muscle (75), Port Razer (138), Satoru, the Infiltrator (154) and Kari Zev, Skyship Raider (194) to attack Ai(4)-Gabe_Food.
Add To Stack: Ai(2)-GGS_Slitter_diagnostic triggered Phoenix Chick
Add To Stack: Ai(2)-GGS_Slitter_diagnostic triggered Goldspan Dragon
Add To Stack: Ai(2)-GGS_Slitter_diagnostic triggered Kari Zev, Skyship Raider
Resolve Stack: Whenever Kari Zev, Skyship Raider attacks, create Ragavan, a legendary 2/1 red Monkey creature token. Ragavan enters tapped and attacking. Exile that token at end of combat. [Attacker: Kari Zev, Skyship Raider (194)]
Resolve Stack: Whenever Goldspan Dragon attacks or becomes the target of a spell, create a Treasure token. [Attacker: Goldspan Dragon (103)]
Life: Life: Ai(2)-GGS_Slitter_diagnostic 8 > 7
Mana: Mana Confluence (147) - {T}, Pay 1 life: Add one mana of any color.
Zone Change: Treasure Token (683) was put into Graveyard from Battlefield.
Mana: Treasure Token (683) - {T}, Sacrifice this token: Add one mana of any color.
Resolve Stack: Whenever you attack with three or more creatures, you may pay {R}{R}. If you do, return Phoenix Chick from your graveyard to the battlefield tapped and attacking with a +1/+1 counter on it. [Number Attackers: [Goldspan Dragon (103), Raphael, the Muscle (75), Port Razer (138), Satoru, the Infiltrator (154), Kari Zev, Skyship Raider (194)]]
Add To Stack: Ai(2)-GGS_Slitter_diagnostic triggered Satoru, the Infiltrator
Resolve Stack: Whenever Satoru, the Infiltrator and/or one or more other nontoken creatures you control enter, if none of them were cast or no mana was spent to cast them, draw a card. [Amount: 1]
Add To Stack: Ai(1)-Destyn_Turtles triggered Krang, the All-Powerful
Add To Stack: Ai(1)-Destyn_Turtles triggered Krang, the All-Powerful
Resolve Stack: Whenever a player draws their second card each turn, put a +1/+1 counter on Krang. [Player: Ai(2)-GGS_Slitter_diagnostic]
Resolve Stack: Whenever a player draws their second card each turn, put a +1/+1 counter on Krang. [Player: Ai(2)-GGS_Slitter_diagnostic]
Phase: Ai(2)-GGS_Slitter_diagnostic's Declare Blockers Step
Combat: Ai(3)-Jaymie_Ezio didn't block Ragavan (681).
Ai(3)-Jaymie_Ezio didn't block Phoenix Chick (171).
Combat: Ai(4)-Gabe_Food assigned Great Oak Guardian (324) to block Goldspan Dragon (103).
Ai(4)-Gabe_Food didn't block Raphael, the Muscle (75).
Ai(4)-Gabe_Food assigned Soldier Token (676) to block Port Razer (138).
Ai(4)-Gabe_Food assigned Sam, Loyal Attendant (404) and Merry, Warden of Isengard (309) to block Satoru, the Infiltrator (154).
Ai(4)-Gabe_Food didn't block Kari Zev, Skyship Raider (194).
Phase: Ai(2)-GGS_Slitter_diagnostic's First Strike Damage Step
Damage: Kari Zev, Skyship Raider (194) deals 1 combat damage to Ai(4)-Gabe_Food.
Life: Life: Ai(4)-Gabe_Food 5 > 4
Phase: Ai(2)-GGS_Slitter_diagnostic's Combat Damage Step
Replacement Effect: Double all damage that creatures you control with counters on them would deal.
Damage: Goldspan Dragon (103) deals 5 damage to Great Oak Guardian (324).
Damage: Raphael, the Muscle (75) deals 4 combat damage to Ai(4)-Gabe_Food.
Damage: Port Razer (138) deals 4 damage to Soldier Token (676).
Damage: Satoru, the Infiltrator (154) deals 2 damage to Sam, Loyal Attendant (404).
Damage: Ragavan (681) deals 2 combat damage to Ai(3)-Jaymie_Ezio.
Damage: Phoenix Chick (171) deals 4 combat damage to Ai(3)-Jaymie_Ezio.
Damage: Great Oak Guardian (324) deals 4 damage to Goldspan Dragon (103).
Damage: Soldier Token (676) deals 1 damage to Port Razer (138).
Life: Life: Ai(4)-Gabe_Food 4 > 5
Damage: Sam, Loyal Attendant (404) deals 2 damage to Satoru, the Infiltrator (154).
Damage: Merry, Warden of Isengard (309) deals 1 damage to Satoru, the Infiltrator (154).
Life: Life: Ai(3)-Jaymie_Ezio 39 > 33
Life: Life: Ai(4)-Gabe_Food 5 > 1
Zone Change: Satoru, the Infiltrator (154) was put into Graveyard from Battlefield.
Zone Change: Goldspan Dragon (103) was put into Graveyard from Battlefield.
Zone Change: Great Oak Guardian (324) was put into Graveyard from Battlefield.
Zone Change: Soldier Token (676) was put into Graveyard from Battlefield.
Add To Stack: Ai(2)-GGS_Slitter_diagnostic triggered Skullclamp
Resolve Stack: Whenever equipped creature dies, draw two cards. [Zone Changer: Goldspan Dragon (103)]
Phase: Ai(2)-GGS_Slitter_diagnostic's End of Combat Step
Add To Stack: Ai(2)-GGS_Slitter_diagnostic triggered Kari Zev, Skyship Raider
Zone Change: Ragavan (681) was put into Exile from Battlefield.
Resolve Stack: Exile Ragavan (681) at the end of combat. ([Ragavan (681)]) [Phase: Ai(2)-GGS_Slitter_diagnostic]
Phase: Ai(2)-GGS_Slitter_diagnostic's Main phase, postcombat
Phase: Ai(2)-GGS_Slitter_diagnostic's End step
Phase: Ai(2)-GGS_Slitter_diagnostic's Cleanup step
Turn: Turn 44 (Ai(3)-Jaymie_Ezio)
Phase: Ai(3)-Jaymie_Ezio's Untap step
Phase: Ai(3)-Jaymie_Ezio's Upkeep step
Phase: Ai(3)-Jaymie_Ezio's Draw step
Phase: Ai(3)-Jaymie_Ezio's Main phase, precombat
Phase: Ai(3)-Jaymie_Ezio's Beginning of Combat Step
Phase: Ai(3)-Jaymie_Ezio's Declare Attackers Step
Phase: Ai(3)-Jaymie_Ezio's Declare Blockers Step
Phase: Ai(3)-Jaymie_Ezio's First Strike Damage Step
Phase: Ai(3)-Jaymie_Ezio's Combat Damage Step
Phase: Ai(3)-Jaymie_Ezio's End of Combat Step
Phase: Ai(3)-Jaymie_Ezio's Main phase, postcombat
Mana: Thriving Grove (229) - {T}: Add {G} or one mana of the chosen color.
Mana: Cinder Glade (220) - {T}: Add {G}.
Mana: Mountain (290) - {T}: Add {R}.
Discard: Ai(3)-Jaymie_Ezio discards Twisted Landscape (211).
Add To Stack: Ai(3)-Jaymie_Ezio activated Twisted Landscape
Resolve Stack: Twisted Landscape (211) - Ai(3)-Jaymie_Ezio draws a card.
Add To Stack: Ai(1)-Destyn_Turtles triggered Krang, the All-Powerful
Add To Stack: Ai(1)-Destyn_Turtles triggered Krang, the All-Powerful
Resolve Stack: Whenever a player draws their second card each turn, put a +1/+1 counter on Krang. [Player: Ai(3)-Jaymie_Ezio]
Resolve Stack: Whenever a player draws their second card each turn, put a +1/+1 counter on Krang. [Player: Ai(3)-Jaymie_Ezio]
Land: Ai(3)-Jaymie_Ezio played Swamp (261)
Mana: Swamp (261) - {T}: Add {B}.
Add To Stack: Ai(3)-Jaymie_Ezio cast Assassin Initiate
Resolve Stack: Assassin Initiate - Creature 1 / 1
Mana: Command Tower (234) - {T}: Add one mana of any color in your commander's color identity.
Mana: Smoldering Marsh (273) - {T}: Add {R}.
Mana: Twilight Mire (271) - {T}: Add {C}.
Add To Stack: Ai(3)-Jaymie_Ezio cast Caduceus, Staff of Hermes
Resolve Stack: Caduceus, Staff of Hermes
Phase: Ai(3)-Jaymie_Ezio's End step
Phase: Ai(3)-Jaymie_Ezio's Cleanup step
Turn: Turn 45 (Ai(4)-Gabe_Food)
Phase: Ai(4)-Gabe_Food's Untap step
Phase: Ai(4)-Gabe_Food's Upkeep step
Mana: Chromatic Lantern (401) - {T}: Add one mana of any color.
Zone Change: Food Token (440) was put into Graveyard from Battlefield.
Add To Stack: Ai(4)-Gabe_Food activated Food Token
Life: Life: Ai(4)-Gabe_Food 1 > 4
Resolve Stack: Food Token (440) - Ai(4)-Gabe_Food gains 3 life.
Mana: Swamp (365) - {T}: Add {B}.
Zone Change: Food Token (513) was put into Graveyard from Battlefield.
Add To Stack: Ai(4)-Gabe_Food activated Food Token
Life: Life: Ai(4)-Gabe_Food 4 > 7
Resolve Stack: Food Token (513) - Ai(4)-Gabe_Food gains 3 life.
Phase: Ai(4)-Gabe_Food's Draw step
Phase: Ai(4)-Gabe_Food's Main phase, precombat
Replacement Effect: Sunpetal Grove enters tapped unless you control a Forest or a Plains.
Land: Ai(4)-Gabe_Food played Sunpetal Grove (369)
Mana: Plains (392) - {T}: Add one mana of any color.
Mana: Forest (336) - {T}: Add {G}.
Add To Stack: Ai(4)-Gabe_Food cast Pippin, Warden of Isengard
Resolve Stack: Pippin, Warden of Isengard - Creature 2 / 2
Add To Stack: Ai(4)-Gabe_Food triggered Pippin, Warden of Isengard targeting [Ai(4)-Gabe_Food]
Resolve Stack: Partner with Merry, Warden of Isengard (When this creature enters, target player may put Merry into their hand from their library, then shuffle.) (Targeting: [[Ai(4)-Gabe_Food]]) [Zone Changer: Pippin, Warden of Isengard (343)]
Phase: Ai(4)-Gabe_Food's Beginning of Combat Step
Add To Stack: Ai(4)-Gabe_Food triggered Sam, Loyal Attendant
Resolve Stack: At the beginning of combat on your turn, create a Food token. (It's an artifact with "{2}, {T}, Sacrifice this token: You gain 3 life.") [Phase: Ai(4)-Gabe_Food]
Add To Stack: Ai(4)-Gabe_Food triggered Merry, Warden of Isengard
Resolve Stack: Whenever one or more artifacts you control enter, create a 1/1 white Soldier creature token with lifelink. This ability triggers only once each turn. [Amount: 1]
Phase: Ai(4)-Gabe_Food's Declare Attackers Step
Combat: Ai(4)-Gabe_Food assigned Sam, Loyal Attendant (404) and Merry, Warden of Isengard (309) to attack Ai(2)-GGS_Slitter_diagnostic.
Phase: Ai(4)-Gabe_Food's Declare Blockers Step
Combat: Ai(2)-GGS_Slitter_diagnostic didn't block Sam, Loyal Attendant (404).
Ai(2)-GGS_Slitter_diagnostic didn't block Merry, Warden of Isengard (309).
Phase: Ai(4)-Gabe_Food's First Strike Damage Step
Phase: Ai(4)-Gabe_Food's Combat Damage Step
Damage: Sam, Loyal Attendant (404) deals 2 combat damage to Ai(2)-GGS_Slitter_diagnostic.
Damage: Merry, Warden of Isengard (309) deals 1 combat damage to Ai(2)-GGS_Slitter_diagnostic.
Life: Life: Ai(2)-GGS_Slitter_diagnostic 7 > 4
Phase: Ai(4)-Gabe_Food's End of Combat Step
Phase: Ai(4)-Gabe_Food's Main phase, postcombat
Mana: Plains (390) - {T}: Add one mana of any color.
Mana: Forest (340) - {T}: Add one mana of any color.
Mana: Graypelt Refuge (347) - {T}: Add {G} or {W}.
Mana: Sunpetal Grove (369) - {T}: Add {G} or {W}.
Add To Stack: Ai(4)-Gabe_Food cast Frodo, Adventurous Hobbit
Resolve Stack: Frodo, Adventurous Hobbit - Creature 1 / 3
Add To Stack: Ai(4)-Gabe_Food triggered Frodo, Adventurous Hobbit targeting [Ai(4)-Gabe_Food]
Resolve Stack: Partner with Sam, Loyal Attendant (When this creature enters, target player may put Sam into their hand from their library, then shuffle.) (Targeting: [[Ai(4)-Gabe_Food]]) [Zone Changer: Frodo, Adventurous Hobbit (402)]
Mana: Canopy Vista (373) - {T}: Add {G}.
Mana: Rogue's Passage (331) - {T}: Add {C}.
Add To Stack: Ai(4)-Gabe_Food cast Prize Pig
Resolve Stack: Prize Pig - Creature 0 / 3
Phase: Ai(4)-Gabe_Food's End step
Phase: Ai(4)-Gabe_Food's Cleanup step
Turn: Turn 46 (Ai(1)-Destyn_Turtles)
Phase: Ai(1)-Destyn_Turtles' Untap step
Phase: Ai(1)-Destyn_Turtles' Upkeep step
Phase: Ai(1)-Destyn_Turtles' Draw step
Phase: Ai(1)-Destyn_Turtles' Main phase, precombat
Land: Ai(1)-Destyn_Turtles played Fabled Passage (76)
Zone Change: Fabled Passage (76) was put into Graveyard from Battlefield.
Add To Stack: Ai(1)-Destyn_Turtles activated Fabled Passage
Resolve Stack: Fabled Passage (76) - Search your library for a basic land card, put it onto the battlefield tapped, then shuffle. Then if you control four or more lands, untap that land.  
Phase: Ai(1)-Destyn_Turtles' Beginning of Combat Step
Add To Stack: Ai(1)-Destyn_Turtles activated Mole Module
Resolve Stack: Mole Module (64) - Mole Module (64) becomes an artifact creature until end of turn.
Phase: Ai(1)-Destyn_Turtles' Declare Attackers Step
Combat: Ai(1)-Destyn_Turtles assigned Krang, the All-Powerful (22) and Mole Module (64) to attack Ai(4)-Gabe_Food.
Phase: Ai(1)-Destyn_Turtles' Declare Blockers Step
Combat: Ai(4)-Gabe_Food assigned Soldier Token (689) to block Krang, the All-Powerful (22).
Ai(4)-Gabe_Food assigned Prize Pig (332) and Frodo, Adventurous Hobbit (402) to block Mole Module (64).
Phase: Ai(1)-Destyn_Turtles' First Strike Damage Step
Phase: Ai(1)-Destyn_Turtles' Combat Damage Step
Damage: Krang, the All-Powerful (22) deals 9 damage to Soldier Token (689).
Damage: Mole Module (64) deals 3 damage to Frodo, Adventurous Hobbit (402).
Damage: Mole Module (64) deals 3 damage to Prize Pig (332).
Damage: Soldier Token (689) deals 1 damage to Krang, the All-Powerful (22).
Life: Life: Ai(4)-Gabe_Food 7 > 8
Damage: Frodo, Adventurous Hobbit (402) deals 1 damage to Mole Module (64).
Zone Change: Soldier Token (689) was put into Graveyard from Battlefield.
Zone Change: Frodo, Adventurous Hobbit (402) was put into Graveyard from Battlefield.
Zone Change: Prize Pig (332) was put into Graveyard from Battlefield.
Add To Stack: Ai(4)-Gabe_Food triggered Prize Pig
Resolve Stack: Whenever you gain life, put that many ribbon counters on Prize Pig. Then if there are three or more ribbon counters on Prize Pig, remove those counters and untap it. [Player: Ai(4)-Gabe_Food, Gained Amount: 1]
Phase: Ai(1)-Destyn_Turtles' End of Combat Step
Phase: Ai(1)-Destyn_Turtles' Main phase, postcombat
Mana: Plains (87) - {T}: Add {W}.
Mana: Plains (88) - {T}: Add {W}.
Mana: Hinterland Harbor (23) - {T}: Add {G} or {U}.
Mana: Sunken Hollow (24) - {T}: Add {B}.
Add To Stack: Ai(1)-Destyn_Turtles cast Leonardo, the Balance
Resolve Stack: Leonardo, the Balance - Creature 3 / 3
Add To Stack: Ai(1)-Destyn_Turtles triggered April O'Neil, Live on the Scene
Resolve Stack: Whenever a Mutant, Ninja, or Turtle you control enters, investigate. (Create a Clue token. It's an artifact with "{2}, Sacrifice this token: Draw a card.") [Zone Changer: Leonardo, the Balance (101)]
Add To Stack: Ai(1)-Destyn_Turtles triggered Leonardo, the Balance
Resolve Stack: Whenever a token you control enters, you may put a +1/+1 counter on each creature you control. Do this only once each turn. [Zone Changer: Clue Token (692)]
Phase: Ai(1)-Destyn_Turtles' End step
Phase: Ai(1)-Destyn_Turtles' Cleanup step
Turn: Turn 47 (Ai(2)-GGS_Slitter_diagnostic)
Phase: Ai(2)-GGS_Slitter_diagnostic's Untap step
Phase: Ai(2)-GGS_Slitter_diagnostic's Upkeep step
Phase: Ai(2)-GGS_Slitter_diagnostic's Draw step
Phase: Ai(2)-GGS_Slitter_diagnostic's Main phase, precombat
Land: Ai(2)-GGS_Slitter_diagnostic played Command Tower (174)
Mana: Mountain (195) - {T}: Add {R}.
Add To Stack: Ai(2)-GGS_Slitter_diagnostic activated Skullclamp targeting [Raphael, the Muscle (75)]
Resolve Stack: Skullclamp (141) -  Attach to Raphael, the Muscle (75)
Phase: Ai(2)-GGS_Slitter_diagnostic's Beginning of Combat Step
Phase: Ai(2)-GGS_Slitter_diagnostic's Declare Attackers Step
Combat: Ai(2)-GGS_Slitter_diagnostic assigned Phoenix Chick (171) to attack Ai(1)-Destyn_Turtles.
Phase: Ai(2)-GGS_Slitter_diagnostic's Declare Blockers Step
Combat: Ai(1)-Destyn_Turtles didn't block Phoenix Chick (171).
Mana: Blood Crypt (167) - {T}: Add {B}.
Mana: Otawara, Soaring City (113) - {T}: Add {U}.
Mana: Steam Vents (146) - {T}: Add {R}.
Add To Stack: Ai(2)-GGS_Slitter_diagnostic activated Kaito, Bane of Nightmares
Replacement Effect: Kaito, Bane of Nightmares enters with four loyalty counters on it.
Resolve Stack: Kaito, Bane of Nightmares (157) - Ai(2)-GGS_Slitter_diagnostic puts Kaito, Bane of Nightmares (157) from their hand onto the battlefield tapped and attacking.
Phase: Ai(2)-GGS_Slitter_diagnostic's First Strike Damage Step
Phase: Ai(2)-GGS_Slitter_diagnostic's Combat Damage Step
Replacement Effect: Double all damage that creatures you control with counters on them would deal.
Damage: Kaito, Bane of Nightmares (157) deals 6 combat damage to Ai(1)-Destyn_Turtles.
Life: Life: Ai(1)-Destyn_Turtles 33 > 27
Phase: Ai(2)-GGS_Slitter_diagnostic's End of Combat Step
Phase: Ai(2)-GGS_Slitter_diagnostic's Main phase, postcombat
Add To Stack: Ai(2)-GGS_Slitter_diagnostic activated Kaito, Bane of Nightmares
Resolve Stack: Ai(2)-GGS_Slitter_diagnostic surveiled 1 card(s) to the top of the library and 1 card(s) to the graveyard
Resolve Stack: Kaito, Bane of Nightmares (157) - Ai(2)-GGS_Slitter_diagnostic surveils (2). Ai(2)-GGS_Slitter_diagnostic draws a card.
Add To Stack: Ai(1)-Destyn_Turtles triggered Krang, the All-Powerful
Add To Stack: Ai(1)-Destyn_Turtles triggered Krang, the All-Powerful
Resolve Stack: Whenever a player draws their second card each turn, put a +1/+1 counter on Krang. [Player: Ai(2)-GGS_Slitter_diagnostic]
Resolve Stack: Whenever a player draws their second card each turn, put a +1/+1 counter on Krang. [Player: Ai(2)-GGS_Slitter_diagnostic]
Mana: Riverpyre Verge (196) - {T}: Add {R}.
Mana: Command Tower (174) - {T}: Add one mana of any color in your commander's color identity.
Mana: Xander's Lounge (187) - {T}: Add {R}.
Mana: Shizo, Death's Storehouse (122) - {T}: Add {B}.
Player Control: Ai(1)-Destyn_Turtles has restored control over themself
Player Control: Ai(2)-GGS_Slitter_diagnostic has restored control over themself
Player Control: Ai(3)-Jaymie_Ezio has restored control over themself
Player Control: Ai(4)-Gabe_Food has restored control over themself
Game Outcome: Match Duration 3m : 58s
Game Outcome: Turn 24
Game Outcome: Ai(1)-Destyn_Turtles has won because all opponents have lost
Game Outcome: Ai(2)-GGS_Slitter_diagnostic has won because all opponents have lost
Game Outcome: Ai(3)-Jaymie_Ezio has won because all opponents have lost
Game Outcome: Ai(4)-Gabe_Food has won because all opponents have lost
Match Result: Ai(1)-Destyn_Turtles: 0 Ai(2)-GGS_Slitter_diagnostic: 1 Ai(3)-Jaymie_Ezio: 0 Ai(4)-Gabe_Food: 0 

Game Result: Game 1 ended in 240094 ms. Ai(2)-GGS_Slitter_diagnostic has won!

