Error handling registered!
20:41:07 [INFO ] GuiBase: ##########################################
20:41:07 [INFO ] GuiBase: APP: Forge v.2.0.15-SNAPSHOT-09.28
20:41:07 [INFO ] GuiBase: Java: 17.0.20 (Ubuntu)
20:41:07 [INFO ] GuiBase: OS: Linux 6.18.44 amd64
20:41:07 [INFO ] GuiBase: RAM: 1536 MB max, 8 CPUs
20:41:07 [INFO ] GuiBase: ##########################################
Language 'en-US' loaded successfully.
(ThreadUtil first call): Running with priority 5
Read cards: 34010 archived files in 1 ms (25 parts) using thread pool
Upcoming set Star Trek (TRK) dated in the future. All `upcoming` cards will be added to this set with unknown rarity.
The card A-Alrund's Epiphany was not assigned to any set. Adding it to UNKNOWN set... to fix see res/editions/ folder. 
The card A-Baba Lysaga, Night Witch was not assigned to any set. Adding it to UNKNOWN set... to fix see res/editions/ folder. 
The card A-Divide by Zero was not assigned to any set. Adding it to UNKNOWN set... to fix see res/editions/ folder. 
The card A-Esika's Chariot was not assigned to any set. Adding it to UNKNOWN set... to fix see res/editions/ folder. 
The card A-Faceless Haven was not assigned to any set. Adding it to UNKNOWN set... to fix see res/editions/ folder. 
The card A-Fires of Invention was not assigned to any set. Adding it to UNKNOWN set... to fix see res/editions/ folder. 
The card A-Goldspan Dragon was not assigned to any set. Adding it to UNKNOWN set... to fix see res/editions/ folder. 
The card A-Hullbreaker Horror was not assigned to any set. Adding it to UNKNOWN set... to fix see res/editions/ folder. 
The card A-Kumano Faces Kakkazan was not assigned to any set. Adding it to UNKNOWN set... to fix see res/editions/ folder. 
The card A-Luminarch Aspirant was not assigned to any set. Adding it to UNKNOWN set... to fix see res/editions/ folder. 
The card A-Monster Manual was not assigned to any set. Adding it to UNKNOWN set... to fix see res/editions/ folder. 
The card A-Omnath, Locus of Creation was not assigned to any set. Adding it to UNKNOWN set... to fix see res/editions/ folder. 
The card A-The Meathook Massacre was not assigned to any set. Adding it to UNKNOWN set... to fix see res/editions/ folder. 
The card A-Unholy Heat was not assigned to any set. Adding it to UNKNOWN set... to fix see res/editions/ folder. 
The card Blinding Radiance was not assigned to any set. Adding it to UNKNOWN set... to fix see res/editions/ folder. 
The card Goblin Bruiser was not assigned to any set. Adding it to UNKNOWN set... to fix see res/editions/ folder. 
The card Ogre Painbringer was not assigned to any set. Adding it to UNKNOWN set... to fix see res/editions/ folder. 
The card Titanic Pelagosaur was not assigned to any set. Adding it to UNKNOWN set... to fix see res/editions/ folder. 
The card Treetop Recluse was not assigned to any set. Adding it to UNKNOWN set... to fix see res/editions/ folder. 
Upcoming set Star Trek (TRK) dated in the future. All `upcoming` cards will be added to this set with unknown rarity.
Read cards: 854 files in 0 ms (8 parts) using thread pool
Simulation mode
Ai(1)-Jaymie_Ezio vs Ai(2)-Gabe_Food vs Ai(3)-Destyn_Turtles vs Ai(4)-GGS_Naga_diagnostic - one game of Commander seed 20260930
Warning: default (ie. inherited from base class) implementation of confirmAction is used by Goro-Goro and Satoru for forge.ai.ability.PermanentCreatureAi. Consider declaring an overloaded method
Warning: default (ie. inherited from base class) implementation of confirmAction is used by Michelangelo, the Heart for forge.ai.ability.PermanentCreatureAi. Consider declaring an overloaded method
Warning: default (ie. inherited from base class) implementation of confirmAction is used by Leonardo, the Balance for forge.ai.ability.PermanentCreatureAi. Consider declaring an overloaded method
Warning: default (ie. inherited from base class) implementation of confirmAction is used by Goro-Goro and Satoru for forge.ai.ability.PermanentCreatureAi. Consider declaring an overloaded method
Mulligan: Ai(4)-GGS_Naga_diagnostic has kept a hand of 7 cards
Mulligan: Ai(1)-Jaymie_Ezio has kept a hand of 7 cards
Mulligan: Ai(2)-Gabe_Food has kept a hand of 7 cards
Mulligan: Ai(3)-Destyn_Turtles has kept a hand of 7 cards
Turn: Turn 1 (Ai(4)-GGS_Naga_diagnostic)
Phase: Ai(4)-GGS_Naga_diagnostic's Untap step
Phase: Ai(4)-GGS_Naga_diagnostic's Upkeep step
Phase: Ai(4)-GGS_Naga_diagnostic's Draw step
Phase: Ai(4)-GGS_Naga_diagnostic's Main phase, precombat
Replacement Effect: Luxury Suite enters tapped unless you have two or more opponents.
Land: Ai(4)-GGS_Naga_diagnostic played Luxury Suite (378)
Phase: Ai(4)-GGS_Naga_diagnostic's Beginning of Combat Step
Phase: Ai(4)-GGS_Naga_diagnostic's Declare Attackers Step
Phase: Ai(4)-GGS_Naga_diagnostic's Declare Blockers Step
Phase: Ai(4)-GGS_Naga_diagnostic's First Strike Damage Step
Phase: Ai(4)-GGS_Naga_diagnostic's Combat Damage Step
Phase: Ai(4)-GGS_Naga_diagnostic's End of Combat Step
Phase: Ai(4)-GGS_Naga_diagnostic's Main phase, postcombat
Mana: Luxury Suite (378) - {T}: Add {B} or {R}.
Add To Stack: Ai(4)-GGS_Naga_diagnostic cast Sol Ring
Resolve Stack: Sol Ring
Phase: Ai(4)-GGS_Naga_diagnostic's End step
Phase: Ai(4)-GGS_Naga_diagnostic's Cleanup step
Turn: Turn 2 (Ai(1)-Jaymie_Ezio)
Phase: Ai(1)-Jaymie_Ezio's Untap step
Phase: Ai(1)-Jaymie_Ezio's Upkeep step
Phase: Ai(1)-Jaymie_Ezio's Draw step
Phase: Ai(1)-Jaymie_Ezio's Main phase, precombat
Land: Ai(1)-Jaymie_Ezio played Command Tower (32)
Phase: Ai(1)-Jaymie_Ezio's Beginning of Combat Step
Phase: Ai(1)-Jaymie_Ezio's Declare Attackers Step
Phase: Ai(1)-Jaymie_Ezio's Declare Blockers Step
Phase: Ai(1)-Jaymie_Ezio's First Strike Damage Step
Phase: Ai(1)-Jaymie_Ezio's Combat Damage Step
Phase: Ai(1)-Jaymie_Ezio's End of Combat Step
Phase: Ai(1)-Jaymie_Ezio's Main phase, postcombat
Mana: Command Tower (32) - {T}: Add one mana of any color in your commander's color identity.
Add To Stack: Ai(1)-Jaymie_Ezio cast Assassin Initiate
Resolve Stack: Assassin Initiate - Creature 1 / 1
Phase: Ai(1)-Jaymie_Ezio's End step
Phase: Ai(1)-Jaymie_Ezio's Cleanup step
Turn: Turn 3 (Ai(2)-Gabe_Food)
Phase: Ai(2)-Gabe_Food's Untap step
Phase: Ai(2)-Gabe_Food's Upkeep step
Phase: Ai(2)-Gabe_Food's Draw step
Phase: Ai(2)-Gabe_Food's Main phase, precombat
Land: Ai(2)-Gabe_Food played Forest (140)
Phase: Ai(2)-Gabe_Food's Beginning of Combat Step
Phase: Ai(2)-Gabe_Food's Declare Attackers Step
Phase: Ai(2)-Gabe_Food's Declare Blockers Step
Phase: Ai(2)-Gabe_Food's First Strike Damage Step
Phase: Ai(2)-Gabe_Food's Combat Damage Step
Phase: Ai(2)-Gabe_Food's End of Combat Step
Phase: Ai(2)-Gabe_Food's Main phase, postcombat
Phase: Ai(2)-Gabe_Food's End step
Phase: Ai(2)-Gabe_Food's Cleanup step
Turn: Turn 4 (Ai(3)-Destyn_Turtles)
Phase: Ai(3)-Destyn_Turtles' Untap step
Phase: Ai(3)-Destyn_Turtles' Upkeep step
Phase: Ai(3)-Destyn_Turtles' Draw step
Phase: Ai(3)-Destyn_Turtles' Main phase, precombat
Replacement Effect: This land enters tapped unless you control two or more basic lands.
Land: Ai(3)-Destyn_Turtles played Sodden Verdure (283)
Phase: Ai(3)-Destyn_Turtles' Beginning of Combat Step
Phase: Ai(3)-Destyn_Turtles' Declare Attackers Step
Phase: Ai(3)-Destyn_Turtles' Declare Blockers Step
Phase: Ai(3)-Destyn_Turtles' First Strike Damage Step
Phase: Ai(3)-Destyn_Turtles' Combat Damage Step
Phase: Ai(3)-Destyn_Turtles' End of Combat Step
Phase: Ai(3)-Destyn_Turtles' Main phase, postcombat
Phase: Ai(3)-Destyn_Turtles' End step
Phase: Ai(3)-Destyn_Turtles' Cleanup step
Turn: Turn 5 (Ai(4)-GGS_Naga_diagnostic)
Phase: Ai(4)-GGS_Naga_diagnostic's Untap step
Phase: Ai(4)-GGS_Naga_diagnostic's Upkeep step
Phase: Ai(4)-GGS_Naga_diagnostic's Draw step
Phase: Ai(4)-GGS_Naga_diagnostic's Main phase, precombat
Land: Ai(4)-GGS_Naga_diagnostic played Polluted Delta (315)
Life: Life: Ai(4)-GGS_Naga_diagnostic 40 > 39
Zone Change: Polluted Delta (315) was put into Graveyard from Battlefield.
Add To Stack: Ai(4)-GGS_Naga_diagnostic activated Polluted Delta
Replacement Effect: Xander's Lounge enters tapped.
Resolve Stack: Polluted Delta (315) - Ai(4)-GGS_Naga_diagnostic searches their library for an Island or Swamp card, puts it onto the battlefield, then shuffles.
Phase: Ai(4)-GGS_Naga_diagnostic's Beginning of Combat Step
Phase: Ai(4)-GGS_Naga_diagnostic's Declare Attackers Step
Phase: Ai(4)-GGS_Naga_diagnostic's Declare Blockers Step
Phase: Ai(4)-GGS_Naga_diagnostic's First Strike Damage Step
Phase: Ai(4)-GGS_Naga_diagnostic's Combat Damage Step
Phase: Ai(4)-GGS_Naga_diagnostic's End of Combat Step
Phase: Ai(4)-GGS_Naga_diagnostic's Main phase, postcombat
Mana: Luxury Suite (378) - {T}: Add {B} or {R}.
Mana: Sol Ring (343) - {T}: Add {C}{C}.
Add To Stack: Ai(4)-GGS_Naga_diagnostic cast Dragon Tempest
Resolve Stack: Dragon Tempest
Phase: Ai(4)-GGS_Naga_diagnostic's End step
Phase: Ai(4)-GGS_Naga_diagnostic's Cleanup step
Turn: Turn 6 (Ai(1)-Jaymie_Ezio)
Phase: Ai(1)-Jaymie_Ezio's Untap step
Phase: Ai(1)-Jaymie_Ezio's Upkeep step
Phase: Ai(1)-Jaymie_Ezio's Draw step
Phase: Ai(1)-Jaymie_Ezio's Main phase, precombat
Phase: Ai(1)-Jaymie_Ezio's Beginning of Combat Step
Phase: Ai(1)-Jaymie_Ezio's Declare Attackers Step
Combat: Ai(1)-Jaymie_Ezio assigned Assassin Initiate (51) to attack Ai(4)-GGS_Naga_diagnostic.
Phase: Ai(1)-Jaymie_Ezio's Declare Blockers Step
Combat: Ai(4)-GGS_Naga_diagnostic didn't block Assassin Initiate (51).
Phase: Ai(1)-Jaymie_Ezio's First Strike Damage Step
Phase: Ai(1)-Jaymie_Ezio's Combat Damage Step
Damage: Assassin Initiate (51) deals 1 combat damage to Ai(4)-GGS_Naga_diagnostic.
Life: Life: Ai(4)-GGS_Naga_diagnostic 39 > 38
Phase: Ai(1)-Jaymie_Ezio's End of Combat Step
Phase: Ai(1)-Jaymie_Ezio's Main phase, postcombat
Replacement Effect: Path of Ancestry enters tapped.
Land: Ai(1)-Jaymie_Ezio played Path of Ancestry (8)
Mana: Command Tower (32) - {T}: Add one mana of any color in your commander's color identity.
Add To Stack: Ai(1)-Jaymie_Ezio cast Changeling Outcast
Resolve Stack: Changeling Outcast - Creature 1 / 1
Phase: Ai(1)-Jaymie_Ezio's End step
Phase: Ai(1)-Jaymie_Ezio's Cleanup step
Turn: Turn 7 (Ai(2)-Gabe_Food)
Phase: Ai(2)-Gabe_Food's Untap step
Phase: Ai(2)-Gabe_Food's Upkeep step
Phase: Ai(2)-Gabe_Food's Draw step
Phase: Ai(2)-Gabe_Food's Main phase, precombat
Land: Ai(2)-Gabe_Food played Swamp (163)
Phase: Ai(2)-Gabe_Food's Beginning of Combat Step
Phase: Ai(2)-Gabe_Food's Declare Attackers Step
Phase: Ai(2)-Gabe_Food's Declare Blockers Step
Phase: Ai(2)-Gabe_Food's First Strike Damage Step
Phase: Ai(2)-Gabe_Food's Combat Damage Step
Phase: Ai(2)-Gabe_Food's End of Combat Step
Phase: Ai(2)-Gabe_Food's Main phase, postcombat
Mana: Forest (140) - {T}: Add {G}.
Mana: Swamp (163) - {T}: Add {B}.
Add To Stack: Ai(2)-Gabe_Food cast Prize Pig
Resolve Stack: Prize Pig - Creature 0 / 3
Phase: Ai(2)-Gabe_Food's End step
Phase: Ai(2)-Gabe_Food's Cleanup step
Turn: Turn 8 (Ai(3)-Destyn_Turtles)
Phase: Ai(3)-Destyn_Turtles' Untap step
Phase: Ai(3)-Destyn_Turtles' Upkeep step
Phase: Ai(3)-Destyn_Turtles' Draw step
Phase: Ai(3)-Destyn_Turtles' Main phase, precombat
Land: Ai(3)-Destyn_Turtles played City of Brass (247)
Phase: Ai(3)-Destyn_Turtles' Beginning of Combat Step
Phase: Ai(3)-Destyn_Turtles' Declare Attackers Step
Phase: Ai(3)-Destyn_Turtles' Declare Blockers Step
Phase: Ai(3)-Destyn_Turtles' First Strike Damage Step
Phase: Ai(3)-Destyn_Turtles' Combat Damage Step
Phase: Ai(3)-Destyn_Turtles' End of Combat Step
Phase: Ai(3)-Destyn_Turtles' Main phase, postcombat
Mana: Sodden Verdure (283) - {T}: Add {G}.
Mana: City of Brass (247) - {T}: Add one mana of any color.
Add To Stack: Ai(3)-Destyn_Turtles cast Michelangelo, the Heart
Add To Stack: Ai(3)-Destyn_Turtles triggered City of Brass
Damage: City of Brass (247) deals 1 non-combat damage to Ai(3)-Destyn_Turtles.
Life: Life: Ai(3)-Destyn_Turtles 40 > 39
Resolve Stack: Whenever City of Brass becomes tapped, it deals 1 damage to you. [Tapped: City of Brass (247)]
Resolve Stack: Michelangelo, the Heart - Creature 2 / 1
Phase: Ai(3)-Destyn_Turtles' End step
Phase: Ai(3)-Destyn_Turtles' Cleanup step
Turn: Turn 9 (Ai(4)-GGS_Naga_diagnostic)
Phase: Ai(4)-GGS_Naga_diagnostic's Untap step
Phase: Ai(4)-GGS_Naga_diagnostic's Upkeep step
Phase: Ai(4)-GGS_Naga_diagnostic's Draw step
Phase: Ai(4)-GGS_Naga_diagnostic's Main phase, precombat
Land: Ai(4)-GGS_Naga_diagnostic played Exotic Orchard (332)
Mana: Exotic Orchard (332) - {T}: Add one mana of any color that a land an opponent controls could produce.
Mana: Sol Ring (343) - {T}: Add {C}{C}.
Mana: Luxury Suite (378) - {T}: Add {B} or {R}.
Add To Stack: Ai(4)-GGS_Naga_diagnostic cast Purphoros, God of the Forge
Resolve Stack: Purphoros, God of the Forge - Creature 6 / 5
Phase: Ai(4)-GGS_Naga_diagnostic's Beginning of Combat Step
Phase: Ai(4)-GGS_Naga_diagnostic's Declare Attackers Step
Phase: Ai(4)-GGS_Naga_diagnostic's Declare Blockers Step
Phase: Ai(4)-GGS_Naga_diagnostic's First Strike Damage Step
Phase: Ai(4)-GGS_Naga_diagnostic's Combat Damage Step
Phase: Ai(4)-GGS_Naga_diagnostic's End of Combat Step
Phase: Ai(4)-GGS_Naga_diagnostic's Main phase, postcombat
Phase: Ai(4)-GGS_Naga_diagnostic's End step
Phase: Ai(4)-GGS_Naga_diagnostic's Cleanup step
Turn: Turn 10 (Ai(1)-Jaymie_Ezio)
Phase: Ai(1)-Jaymie_Ezio's Untap step
Phase: Ai(1)-Jaymie_Ezio's Upkeep step
Phase: Ai(1)-Jaymie_Ezio's Draw step
Phase: Ai(1)-Jaymie_Ezio's Main phase, precombat
Replacement Effect: Smoldering Marsh enters tapped unless you control two or more basic lands.
Land: Ai(1)-Jaymie_Ezio played Smoldering Marsh (71)
Mana: Command Tower (32) - {T}: Add one mana of any color in your commander's color identity.
Mana: Path of Ancestry (8) - {T}: Add one mana of any color in your commander's color identity. When that mana is spent to cast a creature spell that shares a creature type with your commander, scry 1. (Look at the top card of your library. You may put that card on the bottom.)
Add To Stack: Ai(1)-Jaymie_Ezio cast Rampant Growth
Resolve Stack: Rampant Growth (78) - Search your library for a basic land card, put that card onto the battlefield tapped, then shuffle.
Phase: Ai(1)-Jaymie_Ezio's Beginning of Combat Step
Phase: Ai(1)-Jaymie_Ezio's Declare Attackers Step
Combat: Ai(1)-Jaymie_Ezio assigned Changeling Outcast (14) and Assassin Initiate (51) to attack Ai(4)-GGS_Naga_diagnostic.
Phase: Ai(1)-Jaymie_Ezio's Declare Blockers Step
Combat: Ai(4)-GGS_Naga_diagnostic didn't block Changeling Outcast (14).
Ai(4)-GGS_Naga_diagnostic didn't block Assassin Initiate (51).
Phase: Ai(1)-Jaymie_Ezio's First Strike Damage Step
Phase: Ai(1)-Jaymie_Ezio's Combat Damage Step
Damage: Changeling Outcast (14) deals 1 combat damage to Ai(4)-GGS_Naga_diagnostic.
Damage: Assassin Initiate (51) deals 1 combat damage to Ai(4)-GGS_Naga_diagnostic.
Life: Life: Ai(4)-GGS_Naga_diagnostic 38 > 36
Phase: Ai(1)-Jaymie_Ezio's End of Combat Step
Phase: Ai(1)-Jaymie_Ezio's Main phase, postcombat
Phase: Ai(1)-Jaymie_Ezio's End step
Phase: Ai(1)-Jaymie_Ezio's Cleanup step
Turn: Turn 11 (Ai(2)-Gabe_Food)
Phase: Ai(2)-Gabe_Food's Untap step
Phase: Ai(2)-Gabe_Food's Upkeep step
Phase: Ai(2)-Gabe_Food's Draw step
Phase: Ai(2)-Gabe_Food's Main phase, precombat
Land: Ai(2)-Gabe_Food played Command Tower (131)
Mana: Forest (140) - {T}: Add {G}.
Mana: Swamp (163) - {T}: Add {B}.
Mana: Command Tower (131) - {T}: Add one mana of any color in your commander's color identity.
Mana: Prize Pig (130) - {T}: Add one mana of any color.
Add To Stack: Ai(2)-Gabe_Food cast Assemble the Entmoot
Resolve Stack: Assemble the Entmoot
Phase: Ai(2)-Gabe_Food's Beginning of Combat Step
Phase: Ai(2)-Gabe_Food's Declare Attackers Step
Phase: Ai(2)-Gabe_Food's Declare Blockers Step
Phase: Ai(2)-Gabe_Food's First Strike Damage Step
Phase: Ai(2)-Gabe_Food's Combat Damage Step
Phase: Ai(2)-Gabe_Food's End of Combat Step
Phase: Ai(2)-Gabe_Food's Main phase, postcombat
Phase: Ai(2)-Gabe_Food's End step
Phase: Ai(2)-Gabe_Food's Cleanup step
Turn: Turn 12 (Ai(3)-Destyn_Turtles)
Phase: Ai(3)-Destyn_Turtles' Untap step
Phase: Ai(3)-Destyn_Turtles' Upkeep step
Phase: Ai(3)-Destyn_Turtles' Draw step
Phase: Ai(3)-Destyn_Turtles' Main phase, precombat
Replacement Effect: Cinder Glade enters tapped unless you control two or more basic lands.
Land: Ai(3)-Destyn_Turtles played Cinder Glade (218)
Phase: Ai(3)-Destyn_Turtles' Beginning of Combat Step
Phase: Ai(3)-Destyn_Turtles' Declare Attackers Step
Combat: Ai(3)-Destyn_Turtles assigned Michelangelo, the Heart (301) to attack Ai(2)-Gabe_Food.
Zone Change: Assemble the Entmoot (102) was put into Graveyard from Battlefield.
Add To Stack: Ai(2)-Gabe_Food activated Assemble the Entmoot
Resolve Stack: Assemble the Entmoot (102) - Ai(2)-Gabe_Food creates three tapped X/X green Treefolk creature tokens, where X is the amount of life you gained this turn. Put a reach counter on each of them. Ai(2)-Gabe_Food puts a reach counter on . 
Zone Change: Treefolk Token (418) was put into Graveyard from Battlefield.
Zone Change: Treefolk Token (419) was put into Graveyard from Battlefield.
Zone Change: Treefolk Token (420) was put into Graveyard from Battlefield.
Phase: Ai(3)-Destyn_Turtles' Declare Blockers Step
Combat: Ai(2)-Gabe_Food didn't block Michelangelo, the Heart (301).
Phase: Ai(3)-Destyn_Turtles' First Strike Damage Step
Phase: Ai(3)-Destyn_Turtles' Combat Damage Step
Damage: Michelangelo, the Heart (301) deals 2 combat damage to Ai(2)-Gabe_Food.
Life: Life: Ai(2)-Gabe_Food 40 > 38
Phase: Ai(3)-Destyn_Turtles' End of Combat Step
Phase: Ai(3)-Destyn_Turtles' Main phase, postcombat
Add To Stack: Ai(3)-Destyn_Turtles triggered Michelangelo, the Heart targeting [Michelangelo, the Heart (301)]
Resolve Stack: Raid (the Fridge) — At the beginning of your second main phase, if you attacked this turn, put a +1/+1 counter on target creature and create a Food token. (Targeting: [[Michelangelo, the Heart (301)]]) [Phase: Ai(3)-Destyn_Turtles]
Mana: Sodden Verdure (283) - {T}: Add {G}.
Mana: City of Brass (247) - {T}: Add one mana of any color.
Add To Stack: Ai(3)-Destyn_Turtles cast Everything Pizza
Add To Stack: Ai(3)-Destyn_Turtles triggered City of Brass
Damage: City of Brass (247) deals 1 non-combat damage to Ai(3)-Destyn_Turtles.
Life: Life: Ai(3)-Destyn_Turtles 39 > 38
Resolve Stack: Whenever City of Brass becomes tapped, it deals 1 damage to you. [Tapped: City of Brass (247)]
Resolve Stack: Everything Pizza
Add To Stack: Ai(3)-Destyn_Turtles triggered Everything Pizza
Resolve Stack: When this artifact enters, search your library for a basic land card, reveal it, put it into your hand, then shuffle. [Zone Changer: Everything Pizza (268)]
Phase: Ai(3)-Destyn_Turtles' End step
Phase: Ai(3)-Destyn_Turtles' Cleanup step
Turn: Turn 13 (Ai(4)-GGS_Naga_diagnostic)
Phase: Ai(4)-GGS_Naga_diagnostic's Untap step
Phase: Ai(4)-GGS_Naga_diagnostic's Upkeep step
Phase: Ai(4)-GGS_Naga_diagnostic's Draw step
Phase: Ai(4)-GGS_Naga_diagnostic's Main phase, precombat
Land: Ai(4)-GGS_Naga_diagnostic played Otawara, Soaring City (314)
Mana: Exotic Orchard (332) - {T}: Add one mana of any color that a land an opponent controls could produce.
Mana: Luxury Suite (378) - {T}: Add {B} or {R}.
Mana: Xander's Lounge (388) - {T}: Add {R}.
Add To Stack: Ai(4)-GGS_Naga_diagnostic cast Goro-Goro and Satoru
Resolve Stack: Goro-Goro and Satoru - Creature 3 / 4
Add To Stack: Ai(4)-GGS_Naga_diagnostic triggered Purphoros, God of the Forge
Damage: Purphoros, God of the Forge (365) deals 2 non-combat damage to Ai(1)-Jaymie_Ezio.
Damage: Purphoros, God of the Forge (365) deals 2 non-combat damage to Ai(2)-Gabe_Food.
Damage: Purphoros, God of the Forge (365) deals 2 non-combat damage to Ai(3)-Destyn_Turtles.
Life: Life: Ai(1)-Jaymie_Ezio 40 > 38
Life: Life: Ai(2)-Gabe_Food 38 > 36
Life: Life: Ai(3)-Destyn_Turtles 38 > 36
Resolve Stack: Whenever another creature you control enters, Purphoros, God of the Forge deals 2 damage to each opponent. [Zone Changer: Goro-Goro and Satoru (403)]
Phase: Ai(4)-GGS_Naga_diagnostic's Beginning of Combat Step
Phase: Ai(4)-GGS_Naga_diagnostic's Declare Attackers Step
Phase: Ai(4)-GGS_Naga_diagnostic's Declare Blockers Step
Phase: Ai(4)-GGS_Naga_diagnostic's First Strike Damage Step
Phase: Ai(4)-GGS_Naga_diagnostic's Combat Damage Step
Phase: Ai(4)-GGS_Naga_diagnostic's End of Combat Step
Phase: Ai(4)-GGS_Naga_diagnostic's Main phase, postcombat
Phase: Ai(4)-GGS_Naga_diagnostic's End step
Phase: Ai(4)-GGS_Naga_diagnostic's Cleanup step
Turn: Turn 14 (Ai(1)-Jaymie_Ezio)
Phase: Ai(1)-Jaymie_Ezio's Untap step
Phase: Ai(1)-Jaymie_Ezio's Upkeep step
Phase: Ai(1)-Jaymie_Ezio's Draw step
Phase: Ai(1)-Jaymie_Ezio's Main phase, precombat
Land: Ai(1)-Jaymie_Ezio played Island (33)
Mana: Island (33) - {T}: Add {U}.
Mana: Command Tower (32) - {T}: Add one mana of any color in your commander's color identity.
Mana: Plains (89) - {T}: Add {W}.
Mana: Smoldering Marsh (71) - {T}: Add {R}.
Add To Stack: Ai(1)-Jaymie_Ezio cast Coastal Piracy
Resolve Stack: Coastal Piracy
Phase: Ai(1)-Jaymie_Ezio's Beginning of Combat Step
Phase: Ai(1)-Jaymie_Ezio's Declare Attackers Step
Combat: Ai(1)-Jaymie_Ezio assigned Changeling Outcast (14) to attack Ai(4)-GGS_Naga_diagnostic.
Phase: Ai(1)-Jaymie_Ezio's Declare Blockers Step
Combat: Ai(4)-GGS_Naga_diagnostic didn't block Changeling Outcast (14).
Phase: Ai(1)-Jaymie_Ezio's First Strike Damage Step
Phase: Ai(1)-Jaymie_Ezio's Combat Damage Step
Damage: Changeling Outcast (14) deals 1 combat damage to Ai(4)-GGS_Naga_diagnostic.
Life: Life: Ai(4)-GGS_Naga_diagnostic 36 > 35
Add To Stack: Ai(1)-Jaymie_Ezio triggered Coastal Piracy
Resolve Stack: Whenever a creature you control deals combat damage to an opponent, you may draw a card. [Damage Source: Changeling Outcast (14), Damaged: Ai(4)-GGS_Naga_diagnostic, Amount: 1]
Phase: Ai(1)-Jaymie_Ezio's End of Combat Step
Phase: Ai(1)-Jaymie_Ezio's Main phase, postcombat
Phase: Ai(1)-Jaymie_Ezio's End step
Phase: Ai(1)-Jaymie_Ezio's Cleanup step
Turn: Turn 15 (Ai(2)-Gabe_Food)
Phase: Ai(2)-Gabe_Food's Untap step
Phase: Ai(2)-Gabe_Food's Upkeep step
Mana: Command Tower (131) - {T}: Add one mana of any color in your commander's color identity.
Add To Stack: Ai(2)-Gabe_Food cast Swords to Plowshares targeting [Goro-Goro and Satoru (403)]
Zone Change: Goro-Goro and Satoru (403) was put into Exile from Battlefield.
Life: Life: Ai(4)-GGS_Naga_diagnostic 35 > 38
Resolve Stack: Swords to Plowshares (185) - Exile Goro-Goro and Satoru (403). Ai(4)-GGS_Naga_diagnostic gains life equal to its power.
Phase: Ai(2)-Gabe_Food's Draw step
Phase: Ai(2)-Gabe_Food's Main phase, precombat
Land: Ai(2)-Gabe_Food played Shire Terrace (172)
Mana: Prize Pig (130) - {T}: Add one mana of any color.
Mana: Forest (140) - {T}: Add {G}.
Mana: Swamp (163) - {T}: Add {B}.
Add To Stack: Ai(2)-Gabe_Food cast Sam, Loyal Attendant
Resolve Stack: Sam, Loyal Attendant - Creature 2 / 4
Add To Stack: Ai(2)-Gabe_Food triggered Sam, Loyal Attendant targeting [Ai(2)-Gabe_Food]
Resolve Stack: Partner with Frodo, Adventurous Hobbit (When this creature enters, target player may put Frodo into their hand from their library, then shuffle.) (Targeting: [[Ai(2)-Gabe_Food]]) [Zone Changer: Sam, Loyal Attendant (202)]
Phase: Ai(2)-Gabe_Food's Beginning of Combat Step
Add To Stack: Ai(2)-Gabe_Food triggered Sam, Loyal Attendant
Resolve Stack: At the beginning of combat on your turn, create a Food token. (It's an artifact with "{2}, {T}, Sacrifice this token: You gain 3 life.") [Phase: Ai(2)-Gabe_Food]
Phase: Ai(2)-Gabe_Food's Declare Attackers Step
Phase: Ai(2)-Gabe_Food's Declare Blockers Step
Phase: Ai(2)-Gabe_Food's First Strike Damage Step
Phase: Ai(2)-Gabe_Food's Combat Damage Step
Phase: Ai(2)-Gabe_Food's End of Combat Step
Phase: Ai(2)-Gabe_Food's Main phase, postcombat
Phase: Ai(2)-Gabe_Food's End step
Phase: Ai(2)-Gabe_Food's Cleanup step
Turn: Turn 16 (Ai(3)-Destyn_Turtles)
Phase: Ai(3)-Destyn_Turtles' Untap step
Phase: Ai(3)-Destyn_Turtles' Upkeep step
Phase: Ai(3)-Destyn_Turtles' Draw step
Phase: Ai(3)-Destyn_Turtles' Main phase, precombat
Land: Ai(3)-Destyn_Turtles played Plains (289)
Phase: Ai(3)-Destyn_Turtles' Beginning of Combat Step
Phase: Ai(3)-Destyn_Turtles' Declare Attackers Step
Combat: Ai(3)-Destyn_Turtles assigned Michelangelo, the Heart (301) to attack Ai(1)-Jaymie_Ezio.
Phase: Ai(3)-Destyn_Turtles' Declare Blockers Step
Combat: Ai(1)-Jaymie_Ezio didn't block Michelangelo, the Heart (301).
Phase: Ai(3)-Destyn_Turtles' First Strike Damage Step
Phase: Ai(3)-Destyn_Turtles' Combat Damage Step
Damage: Michelangelo, the Heart (301) deals 3 combat damage to Ai(1)-Jaymie_Ezio.
Life: Life: Ai(1)-Jaymie_Ezio 38 > 35
Phase: Ai(3)-Destyn_Turtles' End of Combat Step
Phase: Ai(3)-Destyn_Turtles' Main phase, postcombat
Add To Stack: Ai(3)-Destyn_Turtles triggered Michelangelo, the Heart targeting [Michelangelo, the Heart (301)]
Resolve Stack: Raid (the Fridge) — At the beginning of your second main phase, if you attacked this turn, put a +1/+1 counter on target creature and create a Food token. (Targeting: [[Michelangelo, the Heart (301)]]) [Phase: Ai(3)-Destyn_Turtles]
Mana: Cinder Glade (218) - {T}: Add {R}.
Mana: Plains (289) - {T}: Add {W}.
Mana: Sodden Verdure (283) - {T}: Add {G}.
Mana: City of Brass (247) - {T}: Add one mana of any color.
Add To Stack: Ai(3)-Destyn_Turtles cast Casey Jones, Back Alley Brute
Add To Stack: Ai(3)-Destyn_Turtles triggered City of Brass
Damage: City of Brass (247) deals 1 non-combat damage to Ai(3)-Destyn_Turtles.
Life: Life: Ai(3)-Destyn_Turtles 36 > 35
Resolve Stack: Whenever City of Brass becomes tapped, it deals 1 damage to you. [Tapped: City of Brass (247)]
Resolve Stack: Casey Jones, Back Alley Brute - Creature 4 / 2
Phase: Ai(3)-Destyn_Turtles' End step
Phase: Ai(3)-Destyn_Turtles' Cleanup step
Turn: Turn 17 (Ai(4)-GGS_Naga_diagnostic)
Phase: Ai(4)-GGS_Naga_diagnostic's Untap step
Phase: Ai(4)-GGS_Naga_diagnostic's Upkeep step
Phase: Ai(4)-GGS_Naga_diagnostic's Draw step
Phase: Ai(4)-GGS_Naga_diagnostic's Main phase, precombat
Mana: Exotic Orchard (332) - {T}: Add one mana of any color that a land an opponent controls could produce.
Mana: Luxury Suite (378) - {T}: Add {B} or {R}.
Mana: Xander's Lounge (388) - {T}: Add {R}.
Mana: Sol Ring (343) - {T}: Add {C}{C}.
Add To Stack: Ai(4)-GGS_Naga_diagnostic cast Goro-Goro and Satoru
Resolve Stack: Goro-Goro and Satoru - Creature 3 / 4
Add To Stack: Ai(4)-GGS_Naga_diagnostic triggered Purphoros, God of the Forge
Damage: Purphoros, God of the Forge (365) deals 2 non-combat damage to Ai(1)-Jaymie_Ezio.
Damage: Purphoros, God of the Forge (365) deals 2 non-combat damage to Ai(2)-Gabe_Food.
Damage: Purphoros, God of the Forge (365) deals 2 non-combat damage to Ai(3)-Destyn_Turtles.
Life: Life: Ai(1)-Jaymie_Ezio 35 > 33
Life: Life: Ai(2)-Gabe_Food 36 > 34
Life: Life: Ai(3)-Destyn_Turtles 35 > 33
Resolve Stack: Whenever another creature you control enters, Purphoros, God of the Forge deals 2 damage to each opponent. [Zone Changer: Goro-Goro and Satoru (403)]
Phase: Ai(4)-GGS_Naga_diagnostic's Beginning of Combat Step
Phase: Ai(4)-GGS_Naga_diagnostic's Declare Attackers Step
Phase: Ai(4)-GGS_Naga_diagnostic's Declare Blockers Step
Phase: Ai(4)-GGS_Naga_diagnostic's First Strike Damage Step
Phase: Ai(4)-GGS_Naga_diagnostic's Combat Damage Step
Phase: Ai(4)-GGS_Naga_diagnostic's End of Combat Step
Phase: Ai(4)-GGS_Naga_diagnostic's Main phase, postcombat
Phase: Ai(4)-GGS_Naga_diagnostic's End step
Phase: Ai(4)-GGS_Naga_diagnostic's Cleanup step
Turn: Turn 18 (Ai(1)-Jaymie_Ezio)
Phase: Ai(1)-Jaymie_Ezio's Untap step
Phase: Ai(1)-Jaymie_Ezio's Upkeep step
Phase: Ai(1)-Jaymie_Ezio's Draw step
Phase: Ai(1)-Jaymie_Ezio's Main phase, precombat
Land: Ai(1)-Jaymie_Ezio played Swamp (61)
Mana: Plains (89) - {T}: Add {W}.
Mana: Swamp (61) - {T}: Add {B}.
Mana: Island (33) - {T}: Add {U}.
Add To Stack: Ai(1)-Jaymie_Ezio cast 
Resolve Stack: Disguise - Creature 2/2
Mana: Smoldering Marsh (71) - {T}: Add {B}.
Mana: Command Tower (32) - {T}: Add one mana of any color in your commander's color identity.
Resolve Stack: Ai(1)-Jaymie_Ezio has undisguised Arno Dorian
Phase: Ai(1)-Jaymie_Ezio's Beginning of Combat Step
Phase: Ai(1)-Jaymie_Ezio's Declare Attackers Step
Combat: Ai(1)-Jaymie_Ezio assigned Changeling Outcast (14) and Assassin Initiate (51) to attack Ai(3)-Destyn_Turtles.
Phase: Ai(1)-Jaymie_Ezio's Declare Blockers Step
Combat: Ai(3)-Destyn_Turtles didn't block Changeling Outcast (14).
Ai(3)-Destyn_Turtles didn't block Assassin Initiate (51).
Phase: Ai(1)-Jaymie_Ezio's First Strike Damage Step
Phase: Ai(1)-Jaymie_Ezio's Combat Damage Step
Damage: Changeling Outcast (14) deals 3 combat damage to Ai(3)-Destyn_Turtles.
Damage: Assassin Initiate (51) deals 3 combat damage to Ai(3)-Destyn_Turtles.
Life: Life: Ai(3)-Destyn_Turtles 33 > 27
Add To Stack: Ai(1)-Jaymie_Ezio triggered Coastal Piracy
Add To Stack: Ai(1)-Jaymie_Ezio triggered Coastal Piracy
Resolve Stack: Whenever a creature you control deals combat damage to an opponent, you may draw a card. [Damage Source: Assassin Initiate (51), Damaged: Ai(3)-Destyn_Turtles, Amount: 3]
Resolve Stack: Whenever a creature you control deals combat damage to an opponent, you may draw a card. [Damage Source: Changeling Outcast (14), Damaged: Ai(3)-Destyn_Turtles, Amount: 3]
Phase: Ai(1)-Jaymie_Ezio's End of Combat Step
Phase: Ai(1)-Jaymie_Ezio's Main phase, postcombat
Mana: Path of Ancestry (8) - {T}: Add one mana of any color in your commander's color identity. When that mana is spent to cast a creature spell that shares a creature type with your commander, scry 1. (Look at the top card of your library. You may put that card on the bottom.)
Add To Stack: Ai(1)-Jaymie_Ezio cast Sol Ring
Resolve Stack: Sol Ring
Phase: Ai(1)-Jaymie_Ezio's End step
Phase: Ai(1)-Jaymie_Ezio's Cleanup step
Turn: Turn 19 (Ai(2)-Gabe_Food)
Phase: Ai(2)-Gabe_Food's Untap step
Phase: Ai(2)-Gabe_Food's Upkeep step
Mana: Forest (140) - {T}: Add {G}.
Zone Change: Shire Terrace (172) was put into Graveyard from Battlefield.
Add To Stack: Ai(2)-Gabe_Food activated Shire Terrace
Resolve Stack: Shire Terrace (172) - Ai(2)-Gabe_Food searches their library for a basic land card, puts it onto the battlefield tapped, then shuffles.
Phase: Ai(2)-Gabe_Food's Draw step
Phase: Ai(2)-Gabe_Food's Main phase, precombat
Land: Ai(2)-Gabe_Food played Forest (138)
Phase: Ai(2)-Gabe_Food's Beginning of Combat Step
Add To Stack: Ai(2)-Gabe_Food triggered Sam, Loyal Attendant
Resolve Stack: At the beginning of combat on your turn, create a Food token. (It's an artifact with "{2}, {T}, Sacrifice this token: You gain 3 life.") [Phase: Ai(2)-Gabe_Food]
Phase: Ai(2)-Gabe_Food's Declare Attackers Step
Phase: Ai(2)-Gabe_Food's Declare Blockers Step
Phase: Ai(2)-Gabe_Food's First Strike Damage Step
Phase: Ai(2)-Gabe_Food's Combat Damage Step
Phase: Ai(2)-Gabe_Food's End of Combat Step
Phase: Ai(2)-Gabe_Food's Main phase, postcombat
Mana: Forest (138) - {T}: Add {G}.
Mana: Swamp (163) - {T}: Add {B}.
Mana: Command Tower (131) - {T}: Add one mana of any color in your commander's color identity.
Mana: Prize Pig (130) - {T}: Add one mana of any color.
Add To Stack: Ai(2)-Gabe_Food cast Well of Lost Dreams
Resolve Stack: Well of Lost Dreams
Phase: Ai(2)-Gabe_Food's End step
Phase: Ai(2)-Gabe_Food's Cleanup step
Turn: Turn 20 (Ai(3)-Destyn_Turtles)
Phase: Ai(3)-Destyn_Turtles' Untap step
Phase: Ai(3)-Destyn_Turtles' Upkeep step
Phase: Ai(3)-Destyn_Turtles' Draw step
Phase: Ai(3)-Destyn_Turtles' Main phase, precombat
Replacement Effect: This land enters tapped.
Land: Ai(3)-Destyn_Turtles played Hidden Hideout (256)
Phase: Ai(3)-Destyn_Turtles' Beginning of Combat Step
Phase: Ai(3)-Destyn_Turtles' Declare Attackers Step
Combat: Ai(3)-Destyn_Turtles assigned Casey Jones, Back Alley Brute (208) and Michelangelo, the Heart (301) to attack Ai(1)-Jaymie_Ezio.
Add To Stack: Ai(3)-Destyn_Turtles triggered Casey Jones, Back Alley Brute targeting [Casey Jones, Back Alley Brute (208)]
Resolve Stack: Whenever Casey Jones attacks, put a +1/+1 counter on target attacking creature. (Targeting: [[Casey Jones, Back Alley Brute (208)]]) [Attacker: Casey Jones, Back Alley Brute (208)]
Add To Stack: Ai(3)-Destyn_Turtles triggered Casey Jones, Back Alley Brute targeting [Ai(1)-Jaymie_Ezio]
Damage: Casey Jones, Back Alley Brute (208) deals 1 non-combat damage to Ai(1)-Jaymie_Ezio.
Life: Life: Ai(1)-Jaymie_Ezio 33 > 32
Resolve Stack: Whenever you put one or more +1/+1 counters on a creature you control, Casey Jones deals that much damage to target opponent. (Targeting: [[Ai(1)-Jaymie_Ezio]]) [Added once: Casey Jones, Back Alley Brute (208) Amount: 1]
Phase: Ai(3)-Destyn_Turtles' Declare Blockers Step
Combat: Ai(1)-Jaymie_Ezio didn't block Casey Jones, Back Alley Brute (208).
Ai(1)-Jaymie_Ezio didn't block Michelangelo, the Heart (301).
Phase: Ai(3)-Destyn_Turtles' First Strike Damage Step
Phase: Ai(3)-Destyn_Turtles' Combat Damage Step
Damage: Casey Jones, Back Alley Brute (208) deals 5 combat damage to Ai(1)-Jaymie_Ezio.
Damage: Michelangelo, the Heart (301) deals 4 combat damage to Ai(1)-Jaymie_Ezio.
Life: Life: Ai(1)-Jaymie_Ezio 32 > 23
Phase: Ai(3)-Destyn_Turtles' End of Combat Step
Phase: Ai(3)-Destyn_Turtles' Main phase, postcombat
Add To Stack: Ai(3)-Destyn_Turtles triggered Michelangelo, the Heart targeting [Casey Jones, Back Alley Brute (208)]
Resolve Stack: Raid (the Fridge) — At the beginning of your second main phase, if you attacked this turn, put a +1/+1 counter on target creature and create a Food token. (Targeting: [[Casey Jones, Back Alley Brute (208)]]) [Phase: Ai(3)-Destyn_Turtles]
Add To Stack: Ai(3)-Destyn_Turtles triggered Casey Jones, Back Alley Brute targeting [Ai(1)-Jaymie_Ezio]
Damage: Casey Jones, Back Alley Brute (208) deals 1 non-combat damage to Ai(1)-Jaymie_Ezio.
Life: Life: Ai(1)-Jaymie_Ezio 23 > 22
Resolve Stack: Whenever you put one or more +1/+1 counters on a creature you control, Casey Jones deals that much damage to target opponent. (Targeting: [[Ai(1)-Jaymie_Ezio]]) [Added once: Casey Jones, Back Alley Brute (208) Amount: 1]
Mana: Plains (289) - {T}: Add {W}.
Mana: Cinder Glade (218) - {T}: Add {G}.
Mana: Sodden Verdure (283) - {T}: Add {G}.
Mana: City of Brass (247) - {T}: Add one mana of any color.
Add To Stack: Ai(3)-Destyn_Turtles cast Leonardo, the Balance
Add To Stack: Ai(3)-Destyn_Turtles triggered City of Brass
Damage: City of Brass (247) deals 1 non-combat damage to Ai(3)-Destyn_Turtles.
Life: Life: Ai(3)-Destyn_Turtles 27 > 26
Resolve Stack: Whenever City of Brass becomes tapped, it deals 1 damage to you. [Tapped: City of Brass (247)]
Resolve Stack: Leonardo, the Balance - Creature 3 / 3
Phase: Ai(3)-Destyn_Turtles' End step
Phase: Ai(3)-Destyn_Turtles' Cleanup step
Turn: Turn 21 (Ai(4)-GGS_Naga_diagnostic)
Phase: Ai(4)-GGS_Naga_diagnostic's Untap step
Phase: Ai(4)-GGS_Naga_diagnostic's Upkeep step
Phase: Ai(4)-GGS_Naga_diagnostic's Draw step
Phase: Ai(4)-GGS_Naga_diagnostic's Main phase, precombat
Mana: Exotic Orchard (332) - {T}: Add one mana of any color that a land an opponent controls could produce.
Mana: Sol Ring (343) - {T}: Add {C}{C}.
Mana: Otawara, Soaring City (314) - {T}: Add {U}.
Add To Stack: Ai(4)-GGS_Naga_diagnostic cast Grim Hireling
Resolve Stack: Grim Hireling - Creature 3 / 2
Add To Stack: Ai(4)-GGS_Naga_diagnostic triggered Purphoros, God of the Forge
Damage: Purphoros, God of the Forge (365) deals 2 non-combat damage to Ai(1)-Jaymie_Ezio.
Damage: Purphoros, God of the Forge (365) deals 2 non-combat damage to Ai(2)-Gabe_Food.
Damage: Purphoros, God of the Forge (365) deals 2 non-combat damage to Ai(3)-Destyn_Turtles.
Life: Life: Ai(1)-Jaymie_Ezio 22 > 20
Life: Life: Ai(2)-Gabe_Food 34 > 32
Life: Life: Ai(3)-Destyn_Turtles 26 > 24
Resolve Stack: Whenever another creature you control enters, Purphoros, God of the Forge deals 2 damage to each opponent. [Zone Changer: Grim Hireling (399)]
Phase: Ai(4)-GGS_Naga_diagnostic's Beginning of Combat Step
Phase: Ai(4)-GGS_Naga_diagnostic's Declare Attackers Step
Combat: Ai(4)-GGS_Naga_diagnostic assigned Goro-Goro and Satoru (403) to attack Ai(3)-Destyn_Turtles.
Phase: Ai(4)-GGS_Naga_diagnostic's Declare Blockers Step
Combat: Ai(3)-Destyn_Turtles didn't block Goro-Goro and Satoru (403).
Phase: Ai(4)-GGS_Naga_diagnostic's First Strike Damage Step
Phase: Ai(4)-GGS_Naga_diagnostic's Combat Damage Step
Damage: Goro-Goro and Satoru (403) deals 3 combat damage to Ai(3)-Destyn_Turtles.
Life: Life: Ai(3)-Destyn_Turtles 24 > 21
Add To Stack: Ai(4)-GGS_Naga_diagnostic triggered Grim Hireling
Resolve Stack: Whenever one or more creatures you control deal combat damage to a player, create two Treasure tokens. [Damaged: Ai(3)-Destyn_Turtles, Amount: 3]
Phase: Ai(4)-GGS_Naga_diagnostic's End of Combat Step
Phase: Ai(4)-GGS_Naga_diagnostic's Main phase, postcombat
Mana: Xander's Lounge (388) - {T}: Add {U}.
Mana: Luxury Suite (378) - {T}: Add {B} or {R}.
Zone Change: Treasure Token (436) was put into Graveyard from Battlefield.
Mana: Treasure Token (436) - {T}, Sacrifice this token: Add one mana of any color.
Add To Stack: Ai(4)-GGS_Naga_diagnostic cast Satoru Umezawa
Resolve Stack: Satoru Umezawa - Creature 2 / 4
Add To Stack: Ai(4)-GGS_Naga_diagnostic triggered Purphoros, God of the Forge
Damage: Purphoros, God of the Forge (365) deals 2 non-combat damage to Ai(1)-Jaymie_Ezio.
Damage: Purphoros, God of the Forge (365) deals 2 non-combat damage to Ai(2)-Gabe_Food.
Damage: Purphoros, God of the Forge (365) deals 2 non-combat damage to Ai(3)-Destyn_Turtles.
Life: Life: Ai(1)-Jaymie_Ezio 20 > 18
Life: Life: Ai(2)-Gabe_Food 32 > 30
Life: Life: Ai(3)-Destyn_Turtles 21 > 19
Resolve Stack: Whenever another creature you control enters, Purphoros, God of the Forge deals 2 damage to each opponent. [Zone Changer: Satoru Umezawa (324)]
Phase: Ai(4)-GGS_Naga_diagnostic's End step
Phase: Ai(4)-GGS_Naga_diagnostic's Cleanup step
Turn: Turn 22 (Ai(1)-Jaymie_Ezio)
Phase: Ai(1)-Jaymie_Ezio's Untap step
Phase: Ai(1)-Jaymie_Ezio's Upkeep step
Phase: Ai(1)-Jaymie_Ezio's Draw step
Phase: Ai(1)-Jaymie_Ezio's Main phase, precombat
Phase: Ai(1)-Jaymie_Ezio's Beginning of Combat Step
Phase: Ai(1)-Jaymie_Ezio's Declare Attackers Step
Combat: Ai(1)-Jaymie_Ezio assigned Changeling Outcast (14) to attack Ai(3)-Destyn_Turtles.
Phase: Ai(1)-Jaymie_Ezio's Declare Blockers Step
Combat: Ai(3)-Destyn_Turtles didn't block Changeling Outcast (14).
Phase: Ai(1)-Jaymie_Ezio's First Strike Damage Step
Phase: Ai(1)-Jaymie_Ezio's Combat Damage Step
Damage: Changeling Outcast (14) deals 3 combat damage to Ai(3)-Destyn_Turtles.
Life: Life: Ai(3)-Destyn_Turtles 19 > 16
Add To Stack: Ai(1)-Jaymie_Ezio triggered Coastal Piracy
Resolve Stack: Whenever a creature you control deals combat damage to an opponent, you may draw a card. [Damage Source: Changeling Outcast (14), Damaged: Ai(3)-Destyn_Turtles, Amount: 3]
Phase: Ai(1)-Jaymie_Ezio's End of Combat Step
Phase: Ai(1)-Jaymie_Ezio's Main phase, postcombat
Replacement Effect: Thriving Grove enters tapped.
Replacement Effect: As Thriving Grove enters, choose a color other than green.
Land: Ai(1)-Jaymie_Ezio played Thriving Grove (27)
Mana: Island (33) - {T}: Add {U}.
Mana: Smoldering Marsh (71) - {T}: Add {R}.
Mana: Swamp (61) - {T}: Add {B}.
Mana: Sol Ring (56) - {T}: Add {C}{C}.
Add To Stack: Ai(1)-Jaymie_Ezio cast Edward Kenway
Resolve Stack: Edward Kenway - Creature 5 / 5
Mana: Command Tower (32) - {T}: Add one mana of any color in your commander's color identity.
Mana: Plains (89) - {T}: Add {W}.
Mana: Path of Ancestry (8) - {T}: Add one mana of any color in your commander's color identity. When that mana is spent to cast a creature spell that shares a creature type with your commander, scry 1. (Look at the top card of your library. You may put that card on the bottom.)
Add To Stack: Ai(1)-Jaymie_Ezio cast Unstoppable Slasher
Add To Stack: Ai(1)-Jaymie_Ezio triggered Path of Ancestry
Resolve Stack: Ai(1)-Jaymie_Ezio scried 1 card(s) to the top of the library
Resolve Stack: When mana produced by Path of Ancestry is spent to cast a creature spell that shares a creature type with your commander, scry 1. ([Unstoppable Slasher - Creature 2 / 3]) [Card: Unstoppable Slasher (75), Activator: Ai(1)-Jaymie_Ezio, SpellAbility: Unstoppable Slasher - Creature 2 / 3]
Resolve Stack: Unstoppable Slasher - Creature 2 / 3
Phase: Ai(1)-Jaymie_Ezio's End step
Add To Stack: Ai(1)-Jaymie_Ezio triggered Edward Kenway
Resolve Stack: At the beginning of your end step, create a Treasure token for each tapped Assassin, Pirate, and/or Vehicle you control. [Phase: Ai(1)-Jaymie_Ezio]
Phase: Ai(1)-Jaymie_Ezio's Cleanup step
Turn: Turn 23 (Ai(2)-Gabe_Food)
Phase: Ai(2)-Gabe_Food's Untap step
Phase: Ai(2)-Gabe_Food's Upkeep step
Phase: Ai(2)-Gabe_Food's Draw step
Phase: Ai(2)-Gabe_Food's Main phase, precombat
Phase: Ai(2)-Gabe_Food's Beginning of Combat Step
Add To Stack: Ai(2)-Gabe_Food triggered Sam, Loyal Attendant
Resolve Stack: At the beginning of combat on your turn, create a Food token. (It's an artifact with "{2}, {T}, Sacrifice this token: You gain 3 life.") [Phase: Ai(2)-Gabe_Food]
Phase: Ai(2)-Gabe_Food's Declare Attackers Step
Phase: Ai(2)-Gabe_Food's Declare Blockers Step
Phase: Ai(2)-Gabe_Food's First Strike Damage Step
Phase: Ai(2)-Gabe_Food's Combat Damage Step
Phase: Ai(2)-Gabe_Food's End of Combat Step
Phase: Ai(2)-Gabe_Food's Main phase, postcombat
Replacement Effect: Sandsteppe Citadel enters tapped.
Land: Ai(2)-Gabe_Food played Sandsteppe Citadel (118)
Mana: Plains (188) - {T}: Add {W}.
Mana: Command Tower (131) - {T}: Add one mana of any color in your commander's color identity.
Mana: Forest (140) - {T}: Add {G}.
Mana: Forest (138) - {T}: Add {G}.
Mana: Swamp (163) - {T}: Add {B}.
Add To Stack: Ai(2)-Gabe_Food cast Call for Unity
Resolve Stack: Call for Unity
Phase: Ai(2)-Gabe_Food's End step
Phase: Ai(2)-Gabe_Food's Cleanup step
Turn: Turn 24 (Ai(3)-Destyn_Turtles)
Phase: Ai(3)-Destyn_Turtles' Untap step
Phase: Ai(3)-Destyn_Turtles' Upkeep step
Phase: Ai(3)-Destyn_Turtles' Draw step
Mana: City of Brass (247) - {T}: Add one mana of any color.
Mana: Sodden Verdure (283) - {T}: Add {G}.
Add To Stack: Ai(3)-Destyn_Turtles cast Assassin's Trophy targeting [Edward Kenway (5)]
Add To Stack: Ai(3)-Destyn_Turtles triggered City of Brass
Damage: City of Brass (247) deals 1 non-combat damage to Ai(3)-Destyn_Turtles.
Life: Life: Ai(3)-Destyn_Turtles 16 > 15
Resolve Stack: Whenever City of Brass becomes tapped, it deals 1 damage to you. [Tapped: City of Brass (247)]
Zone Change: Edward Kenway (5) was put into Graveyard from Battlefield.
Resolve Stack: Assassin's Trophy (244) - Destroy Edward Kenway (5). (OPTIONAL) Ai(3)-Destyn_Turtles searches Ai(1)-Jaymie_Ezio library for a basic land card, puts it onto the battlefield, then shuffles.
Phase: Ai(3)-Destyn_Turtles' Main phase, precombat
Replacement Effect: Sunken Hollow enters tapped unless you control two or more basic lands.
Land: Ai(3)-Destyn_Turtles played Sunken Hollow (226)
Phase: Ai(3)-Destyn_Turtles' Beginning of Combat Step
Phase: Ai(3)-Destyn_Turtles' Declare Attackers Step
Phase: Ai(3)-Destyn_Turtles' Declare Blockers Step
Phase: Ai(3)-Destyn_Turtles' First Strike Damage Step
Phase: Ai(3)-Destyn_Turtles' Combat Damage Step
Phase: Ai(3)-Destyn_Turtles' End of Combat Step
Phase: Ai(3)-Destyn_Turtles' Main phase, postcombat
Mana: Hidden Hideout (256) - {T}: Add one mana of any color in your commander's color identity.
Mana: Plains (289) - {T}: Add {W}.
Add To Stack: Ai(3)-Destyn_Turtles cast Bebop, Skull & Crossbones
Resolve Stack: Bebop, Skull & Crossbones - Creature 2 / 1
Add To Stack: Ai(3)-Destyn_Turtles triggered Bebop, Skull & Crossbones targeting [Ai(3)-Destyn_Turtles]
Resolve Stack: Partner with Rocksteady, Mutant Marauder (When this creature enters, target player may put Rocksteady into their hand from their library, then shuffle.) (Targeting: [[Ai(3)-Destyn_Turtles]]) [Zone Changer: Bebop, Skull & Crossbones (217)]
Phase: Ai(3)-Destyn_Turtles' End step
Phase: Ai(3)-Destyn_Turtles' Cleanup step
Turn: Turn 25 (Ai(4)-GGS_Naga_diagnostic)
Phase: Ai(4)-GGS_Naga_diagnostic's Untap step
Phase: Ai(4)-GGS_Naga_diagnostic's Upkeep step
Phase: Ai(4)-GGS_Naga_diagnostic's Draw step
Mana: Exotic Orchard (332) - {T}: Add one mana of any color that a land an opponent controls could produce.
Mana: Sol Ring (343) - {T}: Add {C}{C}.
Add To Stack: Ai(4)-GGS_Naga_diagnostic cast Chaos Warp targeting [Casey Jones, Back Alley Brute (208)]
Resolve Stack: Chaos Warp (353) - Shuffle Casey Jones, Back Alley Brute (208) into its owner's library. Ai(4)-GGS_Naga_diagnostic reveals the top card of Ai(3)-Destyn_Turtles' library.
Phase: Ai(4)-GGS_Naga_diagnostic's Main phase, precombat
Phase: Ai(4)-GGS_Naga_diagnostic's Beginning of Combat Step
Phase: Ai(4)-GGS_Naga_diagnostic's Declare Attackers Step
Combat: Ai(4)-GGS_Naga_diagnostic assigned Goro-Goro and Satoru (403) to attack Ai(1)-Jaymie_Ezio.
Phase: Ai(4)-GGS_Naga_diagnostic's Declare Blockers Step
Combat: Ai(1)-Jaymie_Ezio didn't block Goro-Goro and Satoru (403).
Phase: Ai(4)-GGS_Naga_diagnostic's First Strike Damage Step
Phase: Ai(4)-GGS_Naga_diagnostic's Combat Damage Step
Damage: Goro-Goro and Satoru (403) deals 3 combat damage to Ai(1)-Jaymie_Ezio.
Life: Life: Ai(1)-Jaymie_Ezio 18 > 15
Add To Stack: Ai(4)-GGS_Naga_diagnostic triggered Grim Hireling
Resolve Stack: Whenever one or more creatures you control deal combat damage to a player, create two Treasure tokens. [Damaged: Ai(1)-Jaymie_Ezio, Amount: 3]
Phase: Ai(4)-GGS_Naga_diagnostic's End of Combat Step
Phase: Ai(4)-GGS_Naga_diagnostic's Main phase, postcombat
Mana: Luxury Suite (378) - {T}: Add {B} or {R}.
Mana: Xander's Lounge (388) - {T}: Add {B}.
Mana: Otawara, Soaring City (314) - {T}: Add {U}.
Zone Change: Treasure Token (446) was put into Graveyard from Battlefield.
Mana: Treasure Token (446) - {T}, Sacrifice this token: Add one mana of any color.
Zone Change: Treasure Token (445) was put into Graveyard from Battlefield.
Mana: Treasure Token (445) - {T}, Sacrifice this token: Add one mana of any color.
Add To Stack: Ai(4)-GGS_Naga_diagnostic cast Crux of Fate
Zone Change: Changeling Outcast (14) was put into Graveyard from Battlefield.
Resolve Stack: Crux of Fate (320) -  Destroy all Dragon creatures.
Phase: Ai(4)-GGS_Naga_diagnostic's End step
Phase: Ai(4)-GGS_Naga_diagnostic's Cleanup step
Turn: Turn 26 (Ai(1)-Jaymie_Ezio)
Phase: Ai(1)-Jaymie_Ezio's Untap step
Phase: Ai(1)-Jaymie_Ezio's Upkeep step
Phase: Ai(1)-Jaymie_Ezio's Draw step
Phase: Ai(1)-Jaymie_Ezio's Main phase, precombat
Phase: Ai(1)-Jaymie_Ezio's Beginning of Combat Step
Phase: Ai(1)-Jaymie_Ezio's Declare Attackers Step
Combat: Ai(1)-Jaymie_Ezio assigned Assassin Initiate (51) to attack Ai(3)-Destyn_Turtles.
Phase: Ai(1)-Jaymie_Ezio's Declare Blockers Step
Combat: Ai(3)-Destyn_Turtles didn't block Assassin Initiate (51).
Phase: Ai(1)-Jaymie_Ezio's First Strike Damage Step
Phase: Ai(1)-Jaymie_Ezio's Combat Damage Step
Damage: Assassin Initiate (51) deals 3 combat damage to Ai(3)-Destyn_Turtles.
Life: Life: Ai(3)-Destyn_Turtles 15 > 12
Add To Stack: Ai(1)-Jaymie_Ezio triggered Coastal Piracy
Resolve Stack: Whenever a creature you control deals combat damage to an opponent, you may draw a card. [Damage Source: Assassin Initiate (51), Damaged: Ai(3)-Destyn_Turtles, Amount: 3]
Phase: Ai(1)-Jaymie_Ezio's End of Combat Step
Phase: Ai(1)-Jaymie_Ezio's Main phase, postcombat
Mana: Island (33) - {T}: Add {U}.
Mana: Swamp (61) - {T}: Add {B}.
Mana: Sol Ring (56) - {T}: Add {C}{C}.
Add To Stack: Ai(1)-Jaymie_Ezio cast Ramses, Assassin Lord
Resolve Stack: Ramses, Assassin Lord - Creature 4 / 4
Mana: Command Tower (32) - {T}: Add one mana of any color in your commander's color identity.
Mana: Plains (89) - {T}: Add {W}.
Mana: Thriving Grove (27) - {T}: Add {G} or one mana of the chosen color.
Add To Stack: Ai(1)-Jaymie_Ezio cast Ratonhnhaké:ton
Resolve Stack: Ratonhnhaké:ton - Creature 3 / 3
Mana: Smoldering Marsh (71) - {T}: Add {B}.
Mana: Forest (36) - {T}: Add {G}.
Add To Stack: Ai(1)-Jaymie_Ezio cast Ezio Auditore da Firenze
Resolve Stack: Ezio Auditore da Firenze - Creature 3 / 2
Mana: Path of Ancestry (8) - {T}: Add one mana of any color in your commander's color identity. When that mana is spent to cast a creature spell that shares a creature type with your commander, scry 1. (Look at the top card of your library. You may put that card on the bottom.)
Zone Change: Treasure Token (439) was put into Graveyard from Battlefield.
Mana: Treasure Token (439) - {T}, Sacrifice this token: Add one mana of any color.
Add To Stack: Ai(1)-Jaymie_Ezio cast Royal Assassin
Add To Stack: Ai(1)-Jaymie_Ezio triggered Path of Ancestry
Resolve Stack: Ai(1)-Jaymie_Ezio scried 1 card(s) to the top of the library
Resolve Stack: When mana produced by Path of Ancestry is spent to cast a creature spell that shares a creature type with your commander, scry 1. ([Freerunning  {B}{B} (You may cast this spell for its freerunning cost if you dealt combat damage to a player this turn with an Assassin or commander.)]) [Card: Royal Assassin (47), Activator: Ai(1)-Jaymie_Ezio, SpellAbility: Freerunning  {B}{B} (You may cast this spell for its freerunning cost if you dealt combat damage to a player this turn with an Assassin or commander.)]
Resolve Stack: Royal Assassin - Creature 1 / 1
Phase: Ai(1)-Jaymie_Ezio's End step
Phase: Ai(1)-Jaymie_Ezio's Cleanup step
Turn: Turn 27 (Ai(2)-Gabe_Food)
Phase: Ai(2)-Gabe_Food's Untap step
Phase: Ai(2)-Gabe_Food's Upkeep step
Phase: Ai(2)-Gabe_Food's Draw step
Phase: Ai(2)-Gabe_Food's Main phase, precombat
Land: Ai(2)-Gabe_Food played Forest (134)
Phase: Ai(2)-Gabe_Food's Beginning of Combat Step
Add To Stack: Ai(2)-Gabe_Food triggered Sam, Loyal Attendant
Resolve Stack: At the beginning of combat on your turn, create a Food token. (It's an artifact with "{2}, {T}, Sacrifice this token: You gain 3 life.") [Phase: Ai(2)-Gabe_Food]
Phase: Ai(2)-Gabe_Food's Declare Attackers Step
Phase: Ai(2)-Gabe_Food's Declare Blockers Step
Phase: Ai(2)-Gabe_Food's First Strike Damage Step
Phase: Ai(2)-Gabe_Food's Combat Damage Step
Phase: Ai(2)-Gabe_Food's End of Combat Step
Phase: Ai(2)-Gabe_Food's Main phase, postcombat
Mana: Forest (140) - {T}: Add {G}.
Mana: Plains (188) - {T}: Add {W}.
Mana: Forest (138) - {T}: Add {G}.
Add To Stack: Ai(2)-Gabe_Food cast Commander's Sphere
Resolve Stack: Commander's Sphere
Mana: Command Tower (131) - {T}: Add one mana of any color in your commander's color identity.
Mana: Swamp (163) - {T}: Add {B}.
Add To Stack: Ai(2)-Gabe_Food cast Frodo, Adventurous Hobbit
Resolve Stack: Frodo, Adventurous Hobbit - Creature 1 / 3
Add To Stack: Ai(2)-Gabe_Food triggered Frodo, Adventurous Hobbit targeting [Ai(2)-Gabe_Food]
Resolve Stack: Partner with Sam, Loyal Attendant (When this creature enters, target player may put Sam into their hand from their library, then shuffle.) (Targeting: [[Ai(2)-Gabe_Food]]) [Zone Changer: Frodo, Adventurous Hobbit (200)]
Mana: Sandsteppe Citadel (118) - {T}: Add {W}, {B}, or {G}.
Mana: Forest (134) - {T}: Add {G}.
Add To Stack: Ai(2)-Gabe_Food cast Night's Whisper
Life: Life: Ai(2)-Gabe_Food 30 > 28
Resolve Stack: Night's Whisper (151) - Ai(2)-Gabe_Food draws two cards. Ai(2)-Gabe_Food loses 2 life.
Phase: Ai(2)-Gabe_Food's End step
Phase: Ai(2)-Gabe_Food's Cleanup step
Turn: Turn 28 (Ai(3)-Destyn_Turtles)
Phase: Ai(3)-Destyn_Turtles' Untap step
Phase: Ai(3)-Destyn_Turtles' Upkeep step
Phase: Ai(3)-Destyn_Turtles' Draw step
Mana: Cinder Glade (218) - {T}: Add {R}.
Mana: Plains (289) - {T}: Add {W}.
Mana: Sunken Hollow (226) - {T}: Add {B}.
Add To Stack: Ai(3)-Destyn_Turtles cast Special Move
Zone Change: Sol Ring (56) was put into Graveyard from Battlefield.
Damage: Michelangelo, the Heart (301) deals 4 damage to Ramses, Assassin Lord (13).
Zone Change: Michelangelo, the Heart (301) was put into Graveyard from Battlefield.
Resolve Stack: Special Move (286) -  Jump Kick — Destroy Sol Ring (56). Foot Toss — Michelangelo, the Heart (301) deals damage equal to its power to Ramses, Assassin Lord (13). Then sacrifice it. 
Zone Change: Ramses, Assassin Lord (13) was put into Graveyard from Battlefield.
Phase: Ai(3)-Destyn_Turtles' Main phase, precombat
Phase: Ai(3)-Destyn_Turtles' Beginning of Combat Step
Phase: Ai(3)-Destyn_Turtles' Declare Attackers Step
Phase: Ai(3)-Destyn_Turtles' Declare Blockers Step
Phase: Ai(3)-Destyn_Turtles' First Strike Damage Step
Phase: Ai(3)-Destyn_Turtles' Combat Damage Step
Phase: Ai(3)-Destyn_Turtles' End of Combat Step
Phase: Ai(3)-Destyn_Turtles' Main phase, postcombat
Mana: Sodden Verdure (283) - {T}: Add {G}.
Mana: City of Brass (247) - {T}: Add one mana of any color.
Mana: Hidden Hideout (256) - {T}: Add one mana of any color in your commander's color identity.
Add To Stack: Ai(3)-Destyn_Turtles cast Rocksteady, Mutant Marauder
Add To Stack: Ai(3)-Destyn_Turtles triggered City of Brass
Damage: City of Brass (247) deals 1 non-combat damage to Ai(3)-Destyn_Turtles.
Life: Life: Ai(3)-Destyn_Turtles 12 > 11
Resolve Stack: Whenever City of Brass becomes tapped, it deals 1 damage to you. [Tapped: City of Brass (247)]
Resolve Stack: Rocksteady, Mutant Marauder - Creature 3 / 3
Add To Stack: Ai(3)-Destyn_Turtles triggered Rocksteady, Mutant Marauder targeting [Ai(3)-Destyn_Turtles]
Resolve Stack: Partner with Bebop, Skull & Crossbones (When this creature enters, target player may put Bebop into their hand from their library, then shuffle.) (Targeting: [[Ai(3)-Destyn_Turtles]]) [Zone Changer: Rocksteady, Mutant Marauder (284)]
Phase: Ai(3)-Destyn_Turtles' End step
Phase: Ai(3)-Destyn_Turtles' Cleanup step
Turn: Turn 29 (Ai(4)-GGS_Naga_diagnostic)
Phase: Ai(4)-GGS_Naga_diagnostic's Untap step
Phase: Ai(4)-GGS_Naga_diagnostic's Upkeep step
Phase: Ai(4)-GGS_Naga_diagnostic's Draw step
Phase: Ai(4)-GGS_Naga_diagnostic's Main phase, precombat
Land: Ai(4)-GGS_Naga_diagnostic played Scalding Tarn (356)
Life: Life: Ai(4)-GGS_Naga_diagnostic 38 > 37
Zone Change: Scalding Tarn (356) was put into Graveyard from Battlefield.
Add To Stack: Ai(4)-GGS_Naga_diagnostic activated Scalding Tarn
Replacement Effect: As Steam Vents enters, you may pay 2 life. If you don't, it enters tapped.
Resolve Stack: Scalding Tarn (356) - Ai(4)-GGS_Naga_diagnostic searches their library for an Island or Mountain card, puts it onto the battlefield, then shuffles.
Phase: Ai(4)-GGS_Naga_diagnostic's Beginning of Combat Step
Phase: Ai(4)-GGS_Naga_diagnostic's Declare Attackers Step
Phase: Ai(4)-GGS_Naga_diagnostic's Declare Blockers Step
Phase: Ai(4)-GGS_Naga_diagnostic's First Strike Damage Step
Phase: Ai(4)-GGS_Naga_diagnostic's Combat Damage Step
Phase: Ai(4)-GGS_Naga_diagnostic's End of Combat Step
Phase: Ai(4)-GGS_Naga_diagnostic's Main phase, postcombat
Phase: Ai(4)-GGS_Naga_diagnostic's End step
Phase: Ai(4)-GGS_Naga_diagnostic's Cleanup step
Turn: Turn 30 (Ai(1)-Jaymie_Ezio)
Phase: Ai(1)-Jaymie_Ezio's Untap step
Phase: Ai(1)-Jaymie_Ezio's Upkeep step
Phase: Ai(1)-Jaymie_Ezio's Draw step
Phase: Ai(1)-Jaymie_Ezio's Main phase, precombat
Mana: Island (33) - {T}: Add {U}.
Mana: Plains (89) - {T}: Add {W}.
Add To Stack: Ai(1)-Jaymie_Ezio cast Security Bypass targeting [Ratonhnhaké:ton (37)]
Resolve Stack: Security Bypass (92) -  Attach to Ratonhnhaké:ton (37)
Phase: Ai(1)-Jaymie_Ezio's Beginning of Combat Step
Phase: Ai(1)-Jaymie_Ezio's Declare Attackers Step
Combat: Ai(1)-Jaymie_Ezio assigned Ratonhnhaké:ton (37), Ezio Auditore da Firenze (100), Unstoppable Slasher (75) and Arno Dorian (24) to attack Ai(2)-Gabe_Food.
Phase: Ai(1)-Jaymie_Ezio's Declare Blockers Step
Combat: Ai(2)-Gabe_Food didn't block Ratonhnhaké:ton (37).
Ai(2)-Gabe_Food didn't block Ezio Auditore da Firenze (100).
Ai(2)-Gabe_Food didn't block Unstoppable Slasher (75).
Ai(2)-Gabe_Food didn't block Arno Dorian (24).
Phase: Ai(1)-Jaymie_Ezio's First Strike Damage Step
Phase: Ai(1)-Jaymie_Ezio's Combat Damage Step
Damage: Ratonhnhaké:ton (37) deals 5 combat damage to Ai(2)-Gabe_Food.
Damage: Ezio Auditore da Firenze (100) deals 5 combat damage to Ai(2)-Gabe_Food.
Damage: Unstoppable Slasher (75) deals 4 combat damage to Ai(2)-Gabe_Food.
Damage: Arno Dorian (24) deals 3 combat damage to Ai(2)-Gabe_Food.
Life: Life: Ai(2)-Gabe_Food 28 > 11
Add To Stack: Ai(1)-Jaymie_Ezio triggered Ratonhnhaké:ton
Add To Stack: Ai(1)-Jaymie_Ezio triggered Ezio Auditore da Firenze
Add To Stack: Ai(1)-Jaymie_Ezio triggered Unstoppable Slasher
Add To Stack: Ai(1)-Jaymie_Ezio triggered Coastal Piracy
Add To Stack: Ai(1)-Jaymie_Ezio triggered Coastal Piracy
Add To Stack: Ai(1)-Jaymie_Ezio triggered Coastal Piracy
Add To Stack: Ai(1)-Jaymie_Ezio triggered Coastal Piracy
Add To Stack: Ai(1)-Jaymie_Ezio triggered Ratonhnhaké:ton
Resolve Stack: Whenever Ratonhnhaké:ton deals combat damage to a player, create a 1/1 black Assassin creature token with menace. When you do, return target Equipment card from your graveyard to the battlefield, then attach it to that token. [Damage Source: Ratonhnhaké:ton (37), Damaged: Ai(2)-Gabe_Food, Amount: 5]
Resolve Stack: Whenever a creature you control deals combat damage to an opponent, you may draw a card. [Damage Source: Arno Dorian (24), Damaged: Ai(2)-Gabe_Food, Amount: 3]
Resolve Stack: Whenever a creature you control deals combat damage to an opponent, you may draw a card. [Damage Source: Unstoppable Slasher (75), Damaged: Ai(2)-Gabe_Food, Amount: 4]
Resolve Stack: Whenever a creature you control deals combat damage to an opponent, you may draw a card. [Damage Source: Ezio Auditore da Firenze (100), Damaged: Ai(2)-Gabe_Food, Amount: 5]
Resolve Stack: Whenever a creature you control deals combat damage to an opponent, you may draw a card. [Damage Source: Ratonhnhaké:ton (37), Damaged: Ai(2)-Gabe_Food, Amount: 5]
Life: Life: Ai(2)-Gabe_Food 11 > 5
Resolve Stack: Whenever Unstoppable Slasher deals combat damage to a player, that player loses half their life, rounded up. [Damage Source: Unstoppable Slasher (75), Damaged: Ai(2)-Gabe_Food, Amount: 4]
Mana: Commander's Sphere (119) - {T}: Add one mana of any color in your commander's color identity.
Zone Change: Food Token (425) was put into Graveyard from Battlefield.
Add To Stack: Ai(2)-Gabe_Food activated Food Token
Life: Life: Ai(2)-Gabe_Food 5 > 8
Resolve Stack: Food Token (425) - Ai(2)-Gabe_Food gains 3 life.
Add To Stack: Ai(2)-Gabe_Food triggered Well of Lost Dreams
Add To Stack: Ai(2)-Gabe_Food triggered Prize Pig
Resolve Stack: Whenever you gain life, put that many ribbon counters on Prize Pig. Then if there are three or more ribbon counters on Prize Pig, remove those counters and untap it. [Player: Ai(2)-Gabe_Food, Gained Amount: 3]
Resolve Stack: Whenever you gain life, you may pay {X}, where X is less than or equal to the amount of life you gained. If you do, draw X cards. [Player: Ai(2)-Gabe_Food, Gained Amount: 3]
Mana: Command Tower (32) - {T}: Add one mana of any color in your commander's color identity.
Mana: Path of Ancestry (8) - {T}: Add one mana of any color in your commander's color identity. When that mana is spent to cast a creature spell that shares a creature type with your commander, scry 1. (Look at the top card of your library. You may put that card on the bottom.)
Mana: Smoldering Marsh (71) - {T}: Add {R}.
Mana: Swamp (61) - {T}: Add {B}.
Mana: Forest (36) - {T}: Add {G}.
Resolve Stack: Whenever Ezio deals combat damage to a player, you may pay {W}{U}{B}{R}{G} if that player has 10 or less life. When you do, that player loses the game. [Damage Source: Ezio Auditore da Firenze (100), Damaged: Ai(2)-Gabe_Food, Amount: 5]
Add To Stack: Ai(1)-Jaymie_Ezio triggered Ezio Auditore da Firenze
Resolve Stack: When you do, that player loses the game.
Discard: Ai(1)-Jaymie_Ezio discards Swamp (59).
Resolve Stack: Whenever this creature deals combat damage to a player, it connives. [Damage Source: Ratonhnhaké:ton (37), Damaged: Ai(2)-Gabe_Food, Amount: 5]
Phase: Ai(1)-Jaymie_Ezio's End of Combat Step
Phase: Ai(1)-Jaymie_Ezio's Main phase, postcombat
Land: Ai(1)-Jaymie_Ezio played Eiganjo, Seat of the Empire (16)
Phase: Ai(1)-Jaymie_Ezio's End step
Phase: Ai(1)-Jaymie_Ezio's Cleanup step
Turn: Turn 31 (Ai(3)-Destyn_Turtles)
Phase: Ai(3)-Destyn_Turtles' Untap step
Phase: Ai(3)-Destyn_Turtles' Upkeep step
Phase: Ai(3)-Destyn_Turtles' Draw step
Phase: Ai(3)-Destyn_Turtles' Main phase, precombat
Replacement Effect: Hinterland Harbor enters tapped unless you control a Forest or an Island.
Land: Ai(3)-Destyn_Turtles played Hinterland Harbor (225)
Mana: Hinterland Harbor (225) - {T}: Add {G} or {U}.
Mana: Sodden Verdure (283) - {T}: Add {G}.
Mana: Plains (289) - {T}: Add {W}.
Mana: Sunken Hollow (226) - {T}: Add {B}.
Mana: Cinder Glade (218) - {T}: Add {G}.
Add To Stack: Ai(3)-Destyn_Turtles cast Acidic Slime
Resolve Stack: Acidic Slime - Creature 2 / 2
Add To Stack: Ai(3)-Destyn_Turtles triggered Acidic Slime targeting [Coastal Piracy (1)]
Add To Stack: Ai(3)-Destyn_Turtles triggered Rocksteady, Mutant Marauder targeting [Leonardo, the Balance (303)]
Resolve Stack: Whenever another nontoken creature you control enters, put a +1/+1 counter on target creature. (Targeting: [[Leonardo, the Balance (303)]]) [Zone Changer: Acidic Slime (264)]
Zone Change: Coastal Piracy (1) was put into Graveyard from Battlefield.
Resolve Stack: When Acidic Slime enters, destroy target artifact, enchantment, or land. (Targeting: [[Coastal Piracy (1)]]) [Zone Changer: Acidic Slime (264)]
Phase: Ai(3)-Destyn_Turtles' Beginning of Combat Step
Phase: Ai(3)-Destyn_Turtles' Declare Attackers Step
Phase: Ai(3)-Destyn_Turtles' Declare Blockers Step
Phase: Ai(3)-Destyn_Turtles' First Strike Damage Step
Phase: Ai(3)-Destyn_Turtles' Combat Damage Step
Phase: Ai(3)-Destyn_Turtles' End of Combat Step
Phase: Ai(3)-Destyn_Turtles' Main phase, postcombat
Phase: Ai(3)-Destyn_Turtles' End step
Phase: Ai(3)-Destyn_Turtles' Cleanup step
Turn: Turn 32 (Ai(4)-GGS_Naga_diagnostic)
Phase: Ai(4)-GGS_Naga_diagnostic's Untap step
Phase: Ai(4)-GGS_Naga_diagnostic's Upkeep step
Phase: Ai(4)-GGS_Naga_diagnostic's Draw step
Phase: Ai(4)-GGS_Naga_diagnostic's Main phase, precombat
Phase: Ai(4)-GGS_Naga_diagnostic's Beginning of Combat Step
Phase: Ai(4)-GGS_Naga_diagnostic's Declare Attackers Step
Phase: Ai(4)-GGS_Naga_diagnostic's Declare Blockers Step
Phase: Ai(4)-GGS_Naga_diagnostic's First Strike Damage Step
Phase: Ai(4)-GGS_Naga_diagnostic's Combat Damage Step
Phase: Ai(4)-GGS_Naga_diagnostic's End of Combat Step
Phase: Ai(4)-GGS_Naga_diagnostic's Main phase, postcombat
Phase: Ai(4)-GGS_Naga_diagnostic's End step
Phase: Ai(4)-GGS_Naga_diagnostic's Cleanup step
Turn: Turn 33 (Ai(1)-Jaymie_Ezio)
Phase: Ai(1)-Jaymie_Ezio's Untap step
Phase: Ai(1)-Jaymie_Ezio's Upkeep step
Phase: Ai(1)-Jaymie_Ezio's Draw step
Phase: Ai(1)-Jaymie_Ezio's Main phase, precombat
Land: Ai(1)-Jaymie_Ezio played Mountain (88)
Phase: Ai(1)-Jaymie_Ezio's Beginning of Combat Step
Phase: Ai(1)-Jaymie_Ezio's Declare Attackers Step
Combat: Ai(1)-Jaymie_Ezio assigned Ratonhnhaké:ton (37), Ezio Auditore da Firenze (100), Unstoppable Slasher (75), Assassin Initiate (51), Arno Dorian (24), Royal Assassin (47) and Assassin Token (452) to attack Ai(3)-Destyn_Turtles.
Mana: City of Brass (247) - {T}: Add one mana of any color.
Mana: Hidden Hideout (256) - {T}: Add one mana of any color in your commander's color identity.
Zone Change: Food Token (422) was put into Graveyard from Battlefield.
Add To Stack: Ai(3)-Destyn_Turtles activated Food Token
Add To Stack: Ai(3)-Destyn_Turtles triggered City of Brass
Damage: City of Brass (247) deals 1 non-combat damage to Ai(3)-Destyn_Turtles.
Life: Life: Ai(3)-Destyn_Turtles 11 > 10
Resolve Stack: Whenever City of Brass becomes tapped, it deals 1 damage to you. [Tapped: City of Brass (247)]
Life: Life: Ai(3)-Destyn_Turtles 10 > 13
Resolve Stack: Food Token (422) - Ai(3)-Destyn_Turtles gains 3 life.
Phase: Ai(1)-Jaymie_Ezio's Declare Blockers Step
Combat: Ai(3)-Destyn_Turtles assigned Bebop, Skull & Crossbones (217) to block Ratonhnhaké:ton (37).
Ai(3)-Destyn_Turtles didn't block Ezio Auditore da Firenze (100).
Ai(3)-Destyn_Turtles assigned Rocksteady, Mutant Marauder (284) to block Unstoppable Slasher (75).
Ai(3)-Destyn_Turtles assigned Acidic Slime (264) to block Assassin Initiate (51).
Ai(3)-Destyn_Turtles assigned Leonardo, the Balance (303) to block Arno Dorian (24).
Ai(3)-Destyn_Turtles didn't block Royal Assassin (47).
Ai(3)-Destyn_Turtles didn't block Assassin Token (452).
Phase: Ai(1)-Jaymie_Ezio's First Strike Damage Step
Phase: Ai(1)-Jaymie_Ezio's Combat Damage Step
Damage: Ratonhnhaké:ton (37) deals 5 damage to Bebop, Skull & Crossbones (217).
Damage: Ezio Auditore da Firenze (100) deals 5 combat damage to Ai(3)-Destyn_Turtles.
Damage: Unstoppable Slasher (75) deals 4 damage (Deathtouch) to Rocksteady, Mutant Marauder (284).
Damage: Assassin Initiate (51) deals 3 damage to Acidic Slime (264).
Damage: Arno Dorian (24) deals 3 damage (Deathtouch) to Leonardo, the Balance (303).
Damage: Royal Assassin (47) deals 3 combat damage to Ai(3)-Destyn_Turtles.
Damage: Assassin Token (452) deals 3 combat damage to Ai(3)-Destyn_Turtles.
Damage: Bebop, Skull & Crossbones (217) deals 2 damage (Deathtouch) to Ratonhnhaké:ton (37).
Damage: Rocksteady, Mutant Marauder (284) deals 3 damage to Unstoppable Slasher (75).
Damage: Acidic Slime (264) deals 2 damage (Deathtouch) to Assassin Initiate (51).
Damage: Leonardo, the Balance (303) deals 4 damage to Arno Dorian (24).
Life: Life: Ai(3)-Destyn_Turtles 13 > 2
Zone Change: Assassin Initiate (51) was put into Graveyard from Battlefield.
Zone Change: Arno Dorian (24) was put into Graveyard from Battlefield.
Zone Change: Unstoppable Slasher (75) was put into Graveyard from Battlefield.
Zone Change: Ratonhnhaké:ton (37) was put into Graveyard from Battlefield.
Zone Change: Leonardo, the Balance (303) was put into Graveyard from Battlefield.
Zone Change: Bebop, Skull & Crossbones (217) was put into Graveyard from Battlefield.
Zone Change: Rocksteady, Mutant Marauder (284) was put into Graveyard from Battlefield.
Zone Change: Acidic Slime (264) was put into Graveyard from Battlefield.
Zone Change: Security Bypass (92) was put into Graveyard from Battlefield.
Add To Stack: Ai(1)-Jaymie_Ezio triggered Ezio Auditore da Firenze
Add To Stack: Ai(1)-Jaymie_Ezio triggered Unstoppable Slasher
Resolve Stack: When Unstoppable Slasher dies, if it had no counters on it, return it to the battlefield tapped under its owner's control with two stun counters on it. [Zone Changer: Unstoppable Slasher (75)]
Mana: Island (33) - {T}: Add {U}.
Mana: Plains (89) - {T}: Add {W}.
Mana: Mountain (88) - {T}: Add {R}.
Mana: Forest (36) - {T}: Add {G}.
Mana: Swamp (61) - {T}: Add {B}.
Resolve Stack: Whenever Ezio deals combat damage to a player, you may pay {W}{U}{B}{R}{G} if that player has 10 or less life. When you do, that player loses the game. [Damage Source: Ezio Auditore da Firenze (100), Damaged: Ai(3)-Destyn_Turtles, Amount: 5]
Add To Stack: Ai(1)-Jaymie_Ezio triggered Ezio Auditore da Firenze
Resolve Stack: When you do, that player loses the game.
Phase: Ai(1)-Jaymie_Ezio's End of Combat Step
Phase: Ai(1)-Jaymie_Ezio's Main phase, postcombat
Mana: Thriving Grove (27) - {T}: Add {G} or one mana of the chosen color.
Mana: Eiganjo, Seat of the Empire (16) - {T}: Add {W}.
Mana: Smoldering Marsh (71) - {T}: Add {R}.
Mana: Command Tower (32) - {T}: Add one mana of any color in your commander's color identity.
Mana: Path of Ancestry (8) - {T}: Add one mana of any color in your commander's color identity. When that mana is spent to cast a creature spell that shares a creature type with your commander, scry 1. (Look at the top card of your library. You may put that card on the bottom.)
Add To Stack: Ai(1)-Jaymie_Ezio cast Viewpoint Synchronization
Resolve Stack: Viewpoint Synchronization (74) - Search your library for up to three basic land cards and reveal them. Put two of them onto the battlefield tapped and the other into your hand, then shuffle.   
Phase: Ai(1)-Jaymie_Ezio's End step
Phase: Ai(1)-Jaymie_Ezio's Cleanup step
Turn: Turn 34 (Ai(4)-GGS_Naga_diagnostic)
Phase: Ai(4)-GGS_Naga_diagnostic's Untap step
Phase: Ai(4)-GGS_Naga_diagnostic's Upkeep step
Phase: Ai(4)-GGS_Naga_diagnostic's Draw step
Phase: Ai(4)-GGS_Naga_diagnostic's Main phase, precombat
Land: Ai(4)-GGS_Naga_diagnostic played Mountain (397)
Phase: Ai(4)-GGS_Naga_diagnostic's Beginning of Combat Step
Phase: Ai(4)-GGS_Naga_diagnostic's Declare Attackers Step
Combat: Ai(4)-GGS_Naga_diagnostic assigned Goro-Goro and Satoru (403), Grim Hireling (399) and Satoru Umezawa (324) to attack Ai(1)-Jaymie_Ezio.
Phase: Ai(4)-GGS_Naga_diagnostic's Declare Blockers Step
Combat: Ai(1)-Jaymie_Ezio didn't block Goro-Goro and Satoru (403).
Ai(1)-Jaymie_Ezio didn't block Grim Hireling (399).
Ai(1)-Jaymie_Ezio didn't block Satoru Umezawa (324).
Phase: Ai(4)-GGS_Naga_diagnostic's First Strike Damage Step
Phase: Ai(4)-GGS_Naga_diagnostic's Combat Damage Step
Damage: Goro-Goro and Satoru (403) deals 3 combat damage to Ai(1)-Jaymie_Ezio.
Damage: Grim Hireling (399) deals 3 combat damage to Ai(1)-Jaymie_Ezio.
Damage: Satoru Umezawa (324) deals 2 combat damage to Ai(1)-Jaymie_Ezio.
Life: Life: Ai(1)-Jaymie_Ezio 15 > 7
Add To Stack: Ai(4)-GGS_Naga_diagnostic triggered Grim Hireling
Resolve Stack: Whenever one or more creatures you control deal combat damage to a player, create two Treasure tokens. [Damaged: Ai(1)-Jaymie_Ezio, Amount: 8]
Phase: Ai(4)-GGS_Naga_diagnostic's End of Combat Step
Phase: Ai(4)-GGS_Naga_diagnostic's Main phase, postcombat
Phase: Ai(4)-GGS_Naga_diagnostic's End step
Phase: Ai(4)-GGS_Naga_diagnostic's Cleanup step
Turn: Turn 35 (Ai(1)-Jaymie_Ezio)
Phase: Ai(1)-Jaymie_Ezio's Untap step
Replacement Effect: If this permanent would become untapped, instead remove a stun counter from it.
Phase: Ai(1)-Jaymie_Ezio's Upkeep step
Add To Stack: Ai(1)-Jaymie_Ezio activated Royal Assassin targeting [Goro-Goro and Satoru (403)]
Zone Change: Goro-Goro and Satoru (403) was put into Graveyard from Battlefield.
Resolve Stack: Royal Assassin (47) - Destroy Goro-Goro and Satoru (403).
Phase: Ai(1)-Jaymie_Ezio's Draw step
Phase: Ai(1)-Jaymie_Ezio's Main phase, precombat
Phase: Ai(1)-Jaymie_Ezio's Beginning of Combat Step
Phase: Ai(1)-Jaymie_Ezio's Declare Attackers Step
Combat: Ai(1)-Jaymie_Ezio assigned Ezio Auditore da Firenze (100) and Assassin Token (452) to attack Ai(4)-GGS_Naga_diagnostic.
Phase: Ai(1)-Jaymie_Ezio's Declare Blockers Step
Combat: Ai(4)-GGS_Naga_diagnostic didn't block Ezio Auditore da Firenze (100).
Ai(4)-GGS_Naga_diagnostic didn't block Assassin Token (452).
Phase: Ai(1)-Jaymie_Ezio's First Strike Damage Step
Phase: Ai(1)-Jaymie_Ezio's Combat Damage Step
Damage: Ezio Auditore da Firenze (100) deals 3 combat damage to Ai(4)-GGS_Naga_diagnostic.
Damage: Assassin Token (452) deals 1 combat damage to Ai(4)-GGS_Naga_diagnostic.
Life: Life: Ai(4)-GGS_Naga_diagnostic 37 > 33
Add To Stack: Ai(1)-Jaymie_Ezio triggered Ezio Auditore da Firenze
Resolve Stack: Whenever Ezio deals combat damage to a player, you may pay {W}{U}{B}{R}{G} if that player has 10 or less life. When you do, that player loses the game. [Damage Source: Ezio Auditore da Firenze (100), Damaged: Ai(4)-GGS_Naga_diagnostic, Amount: 3]
Phase: Ai(1)-Jaymie_Ezio's End of Combat Step
Phase: Ai(1)-Jaymie_Ezio's Main phase, postcombat
Land: Ai(1)-Jaymie_Ezio played Forest (35)
Mana: Mountain (88) - {T}: Add {R}.
Mana: Plains (89) - {T}: Add {W}.
Mana: Forest (36) - {T}: Add {G}.
Mana: Eiganjo, Seat of the Empire (16) - {T}: Add {W}.
Add To Stack: Ai(1)-Jaymie_Ezio cast Origin of the Hidden Ones
Replacement Effect: Origin of the Hidden Ones enters with a lore counter on it.
Resolve Stack: Origin of the Hidden Ones
Add To Stack: Ai(1)-Jaymie_Ezio triggered Origin of the Hidden Ones targeting [Grim Hireling (399)]
Damage: Origin of the Hidden Ones (86) deals 4 damage to Grim Hireling (399).
Resolve Stack: I — Origin of the Hidden Ones deals 4 damage to any target. (Targeting: [[Grim Hireling (399)]]) [Added once: Origin of the Hidden Ones (86)]
Zone Change: Grim Hireling (399) was put into Graveyard from Battlefield.
Mana: Swamp (61) - {T}: Add {B}.
Mana: Plains (90) - {T}: Add {W}.
Mana: Forest (35) - {T}: Add {G}.
Add To Stack: Ai(1)-Jaymie_Ezio cast Black Market Connections
Resolve Stack: Black Market Connections
Mana: Island (33) - {T}: Add {U}.
Mana: Thriving Grove (27) - {T}: Add {G} or one mana of the chosen color.
Mana: Island (34) - {T}: Add {U}.
Add To Stack: Ai(1)-Jaymie_Ezio cast Rooftop Bypass
Resolve Stack: Rooftop Bypass
Mana: Command Tower (32) - {T}: Add one mana of any color in your commander's color identity.
Mana: Smoldering Marsh (71) - {T}: Add {B}.
Mana: Path of Ancestry (8) - {T}: Add one mana of any color in your commander's color identity. When that mana is spent to cast a creature spell that shares a creature type with your commander, scry 1. (Look at the top card of your library. You may put that card on the bottom.)
Discard: Ai(1)-Jaymie_Ezio discards Twisted Landscape (9).
Add To Stack: Ai(1)-Jaymie_Ezio activated Twisted Landscape
Resolve Stack: Twisted Landscape (9) - Ai(1)-Jaymie_Ezio draws a card.
Phase: Ai(1)-Jaymie_Ezio's End step
Phase: Ai(1)-Jaymie_Ezio's Cleanup step
Turn: Turn 36 (Ai(4)-GGS_Naga_diagnostic)
Phase: Ai(4)-GGS_Naga_diagnostic's Untap step
Phase: Ai(4)-GGS_Naga_diagnostic's Upkeep step
Phase: Ai(4)-GGS_Naga_diagnostic's Draw step
Phase: Ai(4)-GGS_Naga_diagnostic's Main phase, precombat
Land: Ai(4)-GGS_Naga_diagnostic played Riverpyre Verge (398)
Mana: Exotic Orchard (332) - {T}: Add one mana of any color that a land an opponent controls could produce.
Mana: Otawara, Soaring City (314) - {T}: Add {U}.
Mana: Mountain (397) - {T}: Add {R}.
Mana: Sol Ring (343) - {T}: Add {C}{C}.
Mana: Luxury Suite (378) - {T}: Add {B} or {R}.
Mana: Steam Vents (346) - {T}: Add {R}.
Add To Stack: Ai(4)-GGS_Naga_diagnostic cast Goro-Goro and Satoru
Resolve Stack: Goro-Goro and Satoru - Creature 3 / 4
Add To Stack: Ai(4)-GGS_Naga_diagnostic triggered Purphoros, God of the Forge
Damage: Purphoros, God of the Forge (365) deals 2 non-combat damage to Ai(1)-Jaymie_Ezio.
Life: Life: Ai(1)-Jaymie_Ezio 7 > 5
Resolve Stack: Whenever another creature you control enters, Purphoros, God of the Forge deals 2 damage to each opponent. [Zone Changer: Goro-Goro and Satoru (403)]
Mana: Riverpyre Verge (398) - {T}: Add {R}.
Mana: Xander's Lounge (388) - {T}: Add {R}.
Add To Stack: Ai(4)-GGS_Naga_diagnostic activated Goro-Goro and Satoru
Resolve Stack: Goro-Goro and Satoru (403) - Creatures you control gain haste until end of turn.
Phase: Ai(4)-GGS_Naga_diagnostic's Beginning of Combat Step
Phase: Ai(4)-GGS_Naga_diagnostic's Declare Attackers Step
Combat: Ai(4)-GGS_Naga_diagnostic assigned Goro-Goro and Satoru (403) and Satoru Umezawa (324) to attack Ai(1)-Jaymie_Ezio.
Phase: Ai(4)-GGS_Naga_diagnostic's Declare Blockers Step
Combat: Ai(1)-Jaymie_Ezio didn't block Goro-Goro and Satoru (403).
Ai(1)-Jaymie_Ezio didn't block Satoru Umezawa (324).
Zone Change: Treasure Token (456) was put into Graveyard from Battlefield.
Mana: Treasure Token (456) - {T}, Sacrifice this token: Add one mana of any color.
Zone Change: Treasure Token (455) was put into Graveyard from Battlefield.
Mana: Treasure Token (455) - {T}, Sacrifice this token: Add one mana of any color.
Zone Change: Treasure Token (435) was put into Graveyard from Battlefield.
Mana: Treasure Token (435) - {T}, Sacrifice this token: Add one mana of any color.
Add To Stack: Ai(4)-GGS_Naga_diagnostic activated Purphoros, God of the Forge
Resolve Stack: Purphoros, God of the Forge (365) - Creatures you control get +1/+0 until end of turn.
Phase: Ai(4)-GGS_Naga_diagnostic's First Strike Damage Step
Phase: Ai(4)-GGS_Naga_diagnostic's Combat Damage Step
Damage: Goro-Goro and Satoru (403) deals 4 combat damage to Ai(1)-Jaymie_Ezio.
Damage: Satoru Umezawa (324) deals 3 combat damage to Ai(1)-Jaymie_Ezio.
Life: Life: Ai(1)-Jaymie_Ezio 5 > -2
Player Control: Ai(1)-Jaymie_Ezio has restored control over themself
Player Control: Ai(2)-Gabe_Food has restored control over themself
Player Control: Ai(3)-Destyn_Turtles has restored control over themself
Player Control: Ai(4)-GGS_Naga_diagnostic has restored control over themself
Game Outcome: Match Duration 1m : 22s
Game Outcome: Turn 18
Game Outcome: Ai(1)-Jaymie_Ezio has lost because life total reached 0
Game Outcome: Ai(2)-Gabe_Food has lost due to effect of spell 'Ezio Auditore da Firenze'
Game Outcome: Ai(3)-Destyn_Turtles has lost due to effect of spell 'Ezio Auditore da Firenze'
Game Outcome: Ai(4)-GGS_Naga_diagnostic has won because all opponents have lost
Match Result: Ai(1)-Jaymie_Ezio: 0 Ai(2)-Gabe_Food: 0 Ai(3)-Destyn_Turtles: 0 Ai(4)-GGS_Naga_diagnostic: 1 

Game Result: Game 1 ended in 83531 ms. Ai(4)-GGS_Naga_diagnostic has won!

