Error handling registered!
20:54:55 [INFO ] GuiBase: ##########################################
20:54:55 [INFO ] GuiBase: APP: Forge v.2.0.15-SNAPSHOT-09.28
20:54:55 [INFO ] GuiBase: Java: 17.0.20 (Ubuntu)
20:54:55 [INFO ] GuiBase: OS: Linux 6.18.44 amd64
20:54:55 [INFO ] GuiBase: RAM: 1536 MB max, 8 CPUs
20:54:55 [INFO ] GuiBase: ##########################################
Language 'en-US' loaded successfully.
(ThreadUtil first call): Running with priority 5
Read cards: 34010 archived files in 1 ms (25 parts) using thread pool
Upcoming set Star Trek (TRK) dated in the future. All `upcoming` cards will be added to this set with unknown rarity.
The card A-Alrund's Epiphany was not assigned to any set. Adding it to UNKNOWN set... to fix see res/editions/ folder. 
The card A-Baba Lysaga, Night Witch was not assigned to any set. Adding it to UNKNOWN set... to fix see res/editions/ folder. 
The card A-Divide by Zero was not assigned to any set. Adding it to UNKNOWN set... to fix see res/editions/ folder. 
The card A-Esika's Chariot was not assigned to any set. Adding it to UNKNOWN set... to fix see res/editions/ folder. 
The card A-Faceless Haven was not assigned to any set. Adding it to UNKNOWN set... to fix see res/editions/ folder. 
The card A-Fires of Invention was not assigned to any set. Adding it to UNKNOWN set... to fix see res/editions/ folder. 
The card A-Goldspan Dragon was not assigned to any set. Adding it to UNKNOWN set... to fix see res/editions/ folder. 
The card A-Hullbreaker Horror was not assigned to any set. Adding it to UNKNOWN set... to fix see res/editions/ folder. 
The card A-Kumano Faces Kakkazan was not assigned to any set. Adding it to UNKNOWN set... to fix see res/editions/ folder. 
The card A-Luminarch Aspirant was not assigned to any set. Adding it to UNKNOWN set... to fix see res/editions/ folder. 
The card A-Monster Manual was not assigned to any set. Adding it to UNKNOWN set... to fix see res/editions/ folder. 
The card A-Omnath, Locus of Creation was not assigned to any set. Adding it to UNKNOWN set... to fix see res/editions/ folder. 
The card A-The Meathook Massacre was not assigned to any set. Adding it to UNKNOWN set... to fix see res/editions/ folder. 
The card A-Unholy Heat was not assigned to any set. Adding it to UNKNOWN set... to fix see res/editions/ folder. 
The card Blinding Radiance was not assigned to any set. Adding it to UNKNOWN set... to fix see res/editions/ folder. 
The card Goblin Bruiser was not assigned to any set. Adding it to UNKNOWN set... to fix see res/editions/ folder. 
The card Ogre Painbringer was not assigned to any set. Adding it to UNKNOWN set... to fix see res/editions/ folder. 
The card Titanic Pelagosaur was not assigned to any set. Adding it to UNKNOWN set... to fix see res/editions/ folder. 
The card Treetop Recluse was not assigned to any set. Adding it to UNKNOWN set... to fix see res/editions/ folder. 
Upcoming set Star Trek (TRK) dated in the future. All `upcoming` cards will be added to this set with unknown rarity.
Read cards: 854 files in 0 ms (8 parts) using thread pool
Simulation mode
Ai(1)-Destyn_Turtles vs Ai(2)-GGS_Mission_diagnostic vs Ai(3)-Jaymie_Ezio vs Ai(4)-Gabe_Food - one game of Commander seed 20260930
Warning: default (ie. inherited from base class) implementation of confirmAction is used by Goro-Goro and Satoru for forge.ai.ability.PermanentCreatureAi. Consider declaring an overloaded method
Warning: default (ie. inherited from base class) implementation of confirmAction is used by Ezio Auditore da Firenze for forge.ai.ability.PermanentCreatureAi. Consider declaring an overloaded method
Warning: default (ie. inherited from base class) implementation of confirmAction is used by Frodo, Adventurous Hobbit for forge.ai.ability.PermanentCreatureAi. Consider declaring an overloaded method
Warning: default (ie. inherited from base class) implementation of confirmAction is used by Frodo, Adventurous Hobbit for forge.ai.ability.PermanentCreatureAi. Consider declaring an overloaded method
Stopping slow match as draw
java.lang.InterruptedException
	at java.base/java.util.concurrent.FutureTask.awaitDone(FutureTask.java:418)
	at java.base/java.util.concurrent.FutureTask.get(FutureTask.java:203)
	at forge.ai.AiController.chooseSpellAbilityToPlayFromList(AiController.java:1686)
	at forge.ai.AiController.getSpellAbilityToPlay(AiController.java:1577)
	at forge.ai.AiController.chooseSpellAbilityToPlay(AiController.java:1397)
	at forge.ai.PlayerControllerAi.chooseSpellAbilityToPlay(PlayerControllerAi.java:833)
	at forge.game.phase.PhaseHandler.mainLoopStep(PhaseHandler.java:1056)
	at forge.game.phase.PhaseHandler.mainGameLoop(PhaseHandler.java:1035)
	at forge.game.phase.PhaseHandler.startFirstTurn(PhaseHandler.java:1029)
	at forge.game.GameAction.startGame(GameAction.java:2373)
	at forge.game.Match.startGame(Match.java:92)
	at forge.game.Match.startGame(Match.java:77)
	at forge.view.SimulateMatch.lambda$simulateSingleMatch$0(SimulateMatch.java:219)
	at forge.view.TimeLimitedCodeBlock.lambda$runWithTimeout$0(TimeLimitedCodeBlock.java:18)
	at java.base/java.util.concurrent.FutureTask.run(FutureTask.java:264)
	at java.base/java.util.concurrent.ThreadPoolExecutor.runWorker(ThreadPoolExecutor.java:1136)
	at java.base/java.util.concurrent.ThreadPoolExecutor$Worker.run(ThreadPoolExecutor.java:635)
	at java.base/java.lang.Thread.run(Thread.java:840)
Mulligan: Ai(2)-GGS_Mission_diagnostic has mulliganed down to 7 cards.
Mulligan: Ai(2)-GGS_Mission_diagnostic has mulliganed down to 6 cards.
Mulligan: Ai(2)-GGS_Mission_diagnostic has mulliganed down to 5 cards.
Mulligan: Ai(4)-Gabe_Food has kept a hand of 7 cards
Mulligan: Ai(1)-Destyn_Turtles has kept a hand of 7 cards
Mulligan: Ai(2)-GGS_Mission_diagnostic has kept a hand of 5 cards
Mulligan: Ai(3)-Jaymie_Ezio has kept a hand of 7 cards
Turn: Turn 1 (Ai(4)-Gabe_Food)
Phase: Ai(4)-Gabe_Food's Untap step
Phase: Ai(4)-Gabe_Food's Upkeep step
Phase: Ai(4)-Gabe_Food's Draw step
Phase: Ai(4)-Gabe_Food's Main phase, precombat
Land: Ai(4)-Gabe_Food played Swamp (365)
Phase: Ai(4)-Gabe_Food's Beginning of Combat Step
Phase: Ai(4)-Gabe_Food's Declare Attackers Step
Phase: Ai(4)-Gabe_Food's Declare Blockers Step
Phase: Ai(4)-Gabe_Food's First Strike Damage Step
Phase: Ai(4)-Gabe_Food's Combat Damage Step
Phase: Ai(4)-Gabe_Food's End of Combat Step
Phase: Ai(4)-Gabe_Food's Main phase, postcombat
Phase: Ai(4)-Gabe_Food's End step
Phase: Ai(4)-Gabe_Food's Cleanup step
Turn: Turn 2 (Ai(1)-Destyn_Turtles)
Phase: Ai(1)-Destyn_Turtles' Untap step
Phase: Ai(1)-Destyn_Turtles' Upkeep step
Phase: Ai(1)-Destyn_Turtles' Draw step
Phase: Ai(1)-Destyn_Turtles' Main phase, precombat
Replacement Effect: Sunken Hollow enters tapped unless you control two or more basic lands.
Land: Ai(1)-Destyn_Turtles played Sunken Hollow (24)
Phase: Ai(1)-Destyn_Turtles' Beginning of Combat Step
Phase: Ai(1)-Destyn_Turtles' Declare Attackers Step
Phase: Ai(1)-Destyn_Turtles' Declare Blockers Step
Phase: Ai(1)-Destyn_Turtles' First Strike Damage Step
Phase: Ai(1)-Destyn_Turtles' Combat Damage Step
Phase: Ai(1)-Destyn_Turtles' End of Combat Step
Phase: Ai(1)-Destyn_Turtles' Main phase, postcombat
Phase: Ai(1)-Destyn_Turtles' End step
Phase: Ai(1)-Destyn_Turtles' Cleanup step
Turn: Turn 3 (Ai(2)-GGS_Mission_diagnostic)
Phase: Ai(2)-GGS_Mission_diagnostic's Untap step
Phase: Ai(2)-GGS_Mission_diagnostic's Upkeep step
Phase: Ai(2)-GGS_Mission_diagnostic's Draw step
Phase: Ai(2)-GGS_Mission_diagnostic's Main phase, precombat
Land: Ai(2)-GGS_Mission_diagnostic played Mountain (195)
Phase: Ai(2)-GGS_Mission_diagnostic's Beginning of Combat Step
Phase: Ai(2)-GGS_Mission_diagnostic's Declare Attackers Step
Phase: Ai(2)-GGS_Mission_diagnostic's Declare Blockers Step
Phase: Ai(2)-GGS_Mission_diagnostic's First Strike Damage Step
Phase: Ai(2)-GGS_Mission_diagnostic's Combat Damage Step
Phase: Ai(2)-GGS_Mission_diagnostic's End of Combat Step
Phase: Ai(2)-GGS_Mission_diagnostic's Main phase, postcombat
Mana: Mountain (195) - {T}: Add {R}.
Add To Stack: Ai(2)-GGS_Mission_diagnostic cast Ragavan, Nimble Pilferer
Resolve Stack: Ragavan, Nimble Pilferer - Creature 2 / 1
Phase: Ai(2)-GGS_Mission_diagnostic's End step
Phase: Ai(2)-GGS_Mission_diagnostic's Cleanup step
Turn: Turn 4 (Ai(3)-Jaymie_Ezio)
Phase: Ai(3)-Jaymie_Ezio's Untap step
Phase: Ai(3)-Jaymie_Ezio's Upkeep step
Phase: Ai(3)-Jaymie_Ezio's Draw step
Phase: Ai(3)-Jaymie_Ezio's Main phase, precombat
Land: Ai(3)-Jaymie_Ezio played Command Tower (234)
Phase: Ai(3)-Jaymie_Ezio's Beginning of Combat Step
Phase: Ai(3)-Jaymie_Ezio's Declare Attackers Step
Phase: Ai(3)-Jaymie_Ezio's Declare Blockers Step
Phase: Ai(3)-Jaymie_Ezio's First Strike Damage Step
Phase: Ai(3)-Jaymie_Ezio's Combat Damage Step
Phase: Ai(3)-Jaymie_Ezio's End of Combat Step
Phase: Ai(3)-Jaymie_Ezio's Main phase, postcombat
Phase: Ai(3)-Jaymie_Ezio's End step
Phase: Ai(3)-Jaymie_Ezio's Cleanup step
Turn: Turn 5 (Ai(4)-Gabe_Food)
Phase: Ai(4)-Gabe_Food's Untap step
Phase: Ai(4)-Gabe_Food's Upkeep step
Phase: Ai(4)-Gabe_Food's Draw step
Phase: Ai(4)-Gabe_Food's Main phase, precombat
Land: Ai(4)-Gabe_Food played Rogue's Passage (331)
Phase: Ai(4)-Gabe_Food's Beginning of Combat Step
Phase: Ai(4)-Gabe_Food's Declare Attackers Step
Phase: Ai(4)-Gabe_Food's Declare Blockers Step
Phase: Ai(4)-Gabe_Food's First Strike Damage Step
Phase: Ai(4)-Gabe_Food's Combat Damage Step
Phase: Ai(4)-Gabe_Food's End of Combat Step
Phase: Ai(4)-Gabe_Food's Main phase, postcombat
Phase: Ai(4)-Gabe_Food's End step
Phase: Ai(4)-Gabe_Food's Cleanup step
Turn: Turn 6 (Ai(1)-Destyn_Turtles)
Phase: Ai(1)-Destyn_Turtles' Untap step
Phase: Ai(1)-Destyn_Turtles' Upkeep step
Phase: Ai(1)-Destyn_Turtles' Draw step
Phase: Ai(1)-Destyn_Turtles' Main phase, precombat
Replacement Effect: Path of Ancestry enters tapped.
Land: Ai(1)-Destyn_Turtles played Path of Ancestry (12)
Phase: Ai(1)-Destyn_Turtles' Beginning of Combat Step
Phase: Ai(1)-Destyn_Turtles' Declare Attackers Step
Phase: Ai(1)-Destyn_Turtles' Declare Blockers Step
Phase: Ai(1)-Destyn_Turtles' First Strike Damage Step
Phase: Ai(1)-Destyn_Turtles' Combat Damage Step
Phase: Ai(1)-Destyn_Turtles' End of Combat Step
Phase: Ai(1)-Destyn_Turtles' Main phase, postcombat
Phase: Ai(1)-Destyn_Turtles' End step
Phase: Ai(1)-Destyn_Turtles' Cleanup step
Turn: Turn 7 (Ai(2)-GGS_Mission_diagnostic)
Phase: Ai(2)-GGS_Mission_diagnostic's Untap step
Phase: Ai(2)-GGS_Mission_diagnostic's Upkeep step
Phase: Ai(2)-GGS_Mission_diagnostic's Draw step
Phase: Ai(2)-GGS_Mission_diagnostic's Main phase, precombat
Replacement Effect: Training Center enters tapped unless you have two or more opponents.
Land: Ai(2)-GGS_Mission_diagnostic played Training Center (130)
Phase: Ai(2)-GGS_Mission_diagnostic's Beginning of Combat Step
Phase: Ai(2)-GGS_Mission_diagnostic's Declare Attackers Step
Combat: Ai(2)-GGS_Mission_diagnostic assigned Ragavan, Nimble Pilferer (186) to attack Ai(1)-Destyn_Turtles.
Mana: Command Tower (234) - {T}: Add one mana of any color in your commander's color identity.
Add To Stack: Ai(3)-Jaymie_Ezio cast Swords to Plowshares targeting [Ragavan, Nimble Pilferer (186)]
Zone Change: Ragavan, Nimble Pilferer (186) was put into Exile from Battlefield.
Life: Life: Ai(2)-GGS_Mission_diagnostic 40 > 42
Resolve Stack: Swords to Plowshares (285) - Exile Ragavan, Nimble Pilferer (186). Ai(2)-GGS_Mission_diagnostic gains life equal to its power.
Phase: Ai(2)-GGS_Mission_diagnostic's Declare Blockers Step
Phase: Ai(2)-GGS_Mission_diagnostic's First Strike Damage Step
Phase: Ai(2)-GGS_Mission_diagnostic's Combat Damage Step
Phase: Ai(2)-GGS_Mission_diagnostic's End of Combat Step
Phase: Ai(2)-GGS_Mission_diagnostic's Main phase, postcombat
Phase: Ai(2)-GGS_Mission_diagnostic's End step
Phase: Ai(2)-GGS_Mission_diagnostic's Cleanup step
Turn: Turn 8 (Ai(3)-Jaymie_Ezio)
Phase: Ai(3)-Jaymie_Ezio's Untap step
Phase: Ai(3)-Jaymie_Ezio's Upkeep step
Phase: Ai(3)-Jaymie_Ezio's Draw step
Phase: Ai(3)-Jaymie_Ezio's Main phase, precombat
Land: Ai(3)-Jaymie_Ezio played Twilight Mire (271)
Phase: Ai(3)-Jaymie_Ezio's Beginning of Combat Step
Phase: Ai(3)-Jaymie_Ezio's Declare Attackers Step
Phase: Ai(3)-Jaymie_Ezio's Declare Blockers Step
Phase: Ai(3)-Jaymie_Ezio's First Strike Damage Step
Phase: Ai(3)-Jaymie_Ezio's Combat Damage Step
Phase: Ai(3)-Jaymie_Ezio's End of Combat Step
Phase: Ai(3)-Jaymie_Ezio's Main phase, postcombat
Mana: Command Tower (234) - {T}: Add one mana of any color in your commander's color identity.
Mana: Twilight Mire (271) - {T}: Add {C}.
Add To Stack: Ai(3)-Jaymie_Ezio cast Ezio Auditore da Firenze
Resolve Stack: Ezio Auditore da Firenze - Creature 3 / 2
Phase: Ai(3)-Jaymie_Ezio's End step
Phase: Ai(3)-Jaymie_Ezio's Cleanup step
Turn: Turn 9 (Ai(4)-Gabe_Food)
Phase: Ai(4)-Gabe_Food's Untap step
Phase: Ai(4)-Gabe_Food's Upkeep step
Phase: Ai(4)-Gabe_Food's Draw step
Phase: Ai(4)-Gabe_Food's Main phase, precombat
Land: Ai(4)-Gabe_Food played Plains (392)
Phase: Ai(4)-Gabe_Food's Beginning of Combat Step
Phase: Ai(4)-Gabe_Food's Declare Attackers Step
Phase: Ai(4)-Gabe_Food's Declare Blockers Step
Phase: Ai(4)-Gabe_Food's First Strike Damage Step
Phase: Ai(4)-Gabe_Food's Combat Damage Step
Phase: Ai(4)-Gabe_Food's End of Combat Step
Phase: Ai(4)-Gabe_Food's Main phase, postcombat
Mana: Plains (392) - {T}: Add {W}.
Mana: Swamp (365) - {T}: Add {B}.
Add To Stack: Ai(4)-Gabe_Food cast Frodo, Adventurous Hobbit
Resolve Stack: Frodo, Adventurous Hobbit - Creature 1 / 3
Add To Stack: Ai(4)-Gabe_Food triggered Frodo, Adventurous Hobbit targeting [Ai(4)-Gabe_Food]
Resolve Stack: Partner with Sam, Loyal Attendant (When this creature enters, target player may put Sam into their hand from their library, then shuffle.) (Targeting: [[Ai(4)-Gabe_Food]]) [Zone Changer: Frodo, Adventurous Hobbit (402)]
Phase: Ai(4)-Gabe_Food's End step
Phase: Ai(4)-Gabe_Food's Cleanup step
Turn: Turn 10 (Ai(1)-Destyn_Turtles)
Phase: Ai(1)-Destyn_Turtles' Untap step
Phase: Ai(1)-Destyn_Turtles' Upkeep step
Phase: Ai(1)-Destyn_Turtles' Draw step
Phase: Ai(1)-Destyn_Turtles' Main phase, precombat
Replacement Effect: Hinterland Harbor enters tapped unless you control a Forest or an Island.
Land: Ai(1)-Destyn_Turtles played Hinterland Harbor (23)
Phase: Ai(1)-Destyn_Turtles' Beginning of Combat Step
Phase: Ai(1)-Destyn_Turtles' Declare Attackers Step
Phase: Ai(1)-Destyn_Turtles' Declare Blockers Step
Phase: Ai(1)-Destyn_Turtles' First Strike Damage Step
Phase: Ai(1)-Destyn_Turtles' Combat Damage Step
Phase: Ai(1)-Destyn_Turtles' End of Combat Step
Phase: Ai(1)-Destyn_Turtles' Main phase, postcombat
Mana: Hinterland Harbor (23) - {T}: Add {G} or {U}.
Mana: Sunken Hollow (24) - {T}: Add {B}.
Mana: Path of Ancestry (12) - {T}: Add one mana of any color in your commander's color identity. When that mana is spent to cast a creature spell that shares a creature type with your commander, scry 1. (Look at the top card of your library. You may put that card on the bottom.)
Add To Stack: Ai(1)-Destyn_Turtles cast Mona Lisa, Science Geek
Add To Stack: Ai(1)-Destyn_Turtles triggered Path of Ancestry
Resolve Stack: Ai(1)-Destyn_Turtles scried 1 card(s) to the bottom of the library
Resolve Stack: When mana produced by Path of Ancestry is spent to cast a creature spell that shares a creature type with your commander, scry 1. ([Mona Lisa, Science Geek - Creature 1 / 3]) [Card: Mona Lisa, Science Geek (61), Activator: Ai(1)-Destyn_Turtles, SpellAbility: Mona Lisa, Science Geek - Creature 1 / 3]
Resolve Stack: Mona Lisa, Science Geek - Creature 1 / 3
Phase: Ai(1)-Destyn_Turtles' End step
Phase: Ai(1)-Destyn_Turtles' Cleanup step
Turn: Turn 11 (Ai(2)-GGS_Mission_diagnostic)
Phase: Ai(2)-GGS_Mission_diagnostic's Untap step
Phase: Ai(2)-GGS_Mission_diagnostic's Upkeep step
Phase: Ai(2)-GGS_Mission_diagnostic's Draw step
Phase: Ai(2)-GGS_Mission_diagnostic's Main phase, precombat
Land: Ai(2)-GGS_Mission_diagnostic played Polluted Delta (112)
Life: Life: Ai(2)-GGS_Mission_diagnostic 42 > 41
Zone Change: Polluted Delta (112) was put into Graveyard from Battlefield.
Add To Stack: Ai(2)-GGS_Mission_diagnostic activated Polluted Delta
Replacement Effect: Undercity Sewers enters tapped.
Resolve Stack: Polluted Delta (112) - Ai(2)-GGS_Mission_diagnostic searches their library for an Island or Swamp card, puts it onto the battlefield, then shuffles.
Add To Stack: Ai(2)-GGS_Mission_diagnostic triggered Undercity Sewers
Resolve Stack: Ai(2)-GGS_Mission_diagnostic surveiled 1 card(s) to the graveyard
Resolve Stack: When Undercity Sewers enters, surveil 1. (Look at the top card of your library. You may put it into your graveyard.) [Zone Changer: Undercity Sewers (104)]
Phase: Ai(2)-GGS_Mission_diagnostic's Beginning of Combat Step
Phase: Ai(2)-GGS_Mission_diagnostic's Declare Attackers Step
Phase: Ai(2)-GGS_Mission_diagnostic's Declare Blockers Step
Phase: Ai(2)-GGS_Mission_diagnostic's First Strike Damage Step
Phase: Ai(2)-GGS_Mission_diagnostic's Combat Damage Step
Phase: Ai(2)-GGS_Mission_diagnostic's End of Combat Step
Phase: Ai(2)-GGS_Mission_diagnostic's Main phase, postcombat
Phase: Ai(2)-GGS_Mission_diagnostic's End step
Phase: Ai(2)-GGS_Mission_diagnostic's Cleanup step
Turn: Turn 12 (Ai(3)-Jaymie_Ezio)
Phase: Ai(3)-Jaymie_Ezio's Untap step
Phase: Ai(3)-Jaymie_Ezio's Upkeep step
Phase: Ai(3)-Jaymie_Ezio's Draw step
Phase: Ai(3)-Jaymie_Ezio's Main phase, precombat
Land: Ai(3)-Jaymie_Ezio played Kessig Wolf Run (206)
Mana: Command Tower (234) - {T}: Add one mana of any color in your commander's color identity.
Mana: Twilight Mire (271) - {T}: Add {C}.
Add To Stack: Ai(3)-Jaymie_Ezio cast Security Bypass targeting [Ezio Auditore da Firenze (302)]
Resolve Stack: Security Bypass (294) -  Attach to Ezio Auditore da Firenze (302)
Phase: Ai(3)-Jaymie_Ezio's Beginning of Combat Step
Phase: Ai(3)-Jaymie_Ezio's Declare Attackers Step
Combat: Ai(3)-Jaymie_Ezio assigned Ezio Auditore da Firenze (302) to attack Ai(1)-Destyn_Turtles.
Phase: Ai(3)-Jaymie_Ezio's Declare Blockers Step
Combat: Ai(1)-Destyn_Turtles didn't block Ezio Auditore da Firenze (302).
Phase: Ai(3)-Jaymie_Ezio's First Strike Damage Step
Phase: Ai(3)-Jaymie_Ezio's Combat Damage Step
Damage: Ezio Auditore da Firenze (302) deals 3 combat damage to Ai(1)-Destyn_Turtles.
Life: Life: Ai(1)-Destyn_Turtles 40 > 37
Add To Stack: Ai(3)-Jaymie_Ezio triggered Ezio Auditore da Firenze
Add To Stack: Ai(3)-Jaymie_Ezio triggered Ezio Auditore da Firenze
Discard: Ai(3)-Jaymie_Ezio discards Cinder Glade (220).
Resolve Stack: Whenever this creature deals combat damage to a player, it connives. [Damage Source: Ezio Auditore da Firenze (302), Damaged: Ai(1)-Destyn_Turtles, Amount: 3]
Resolve Stack: Whenever Ezio deals combat damage to a player, you may pay {W}{U}{B}{R}{G} if that player has 10 or less life. When you do, that player loses the game. [Damage Source: Ezio Auditore da Firenze (302), Damaged: Ai(1)-Destyn_Turtles, Amount: 3]
Phase: Ai(3)-Jaymie_Ezio's End of Combat Step
Phase: Ai(3)-Jaymie_Ezio's Main phase, postcombat
Phase: Ai(3)-Jaymie_Ezio's End step
Phase: Ai(3)-Jaymie_Ezio's Cleanup step
Turn: Turn 13 (Ai(4)-Gabe_Food)
Phase: Ai(4)-Gabe_Food's Untap step
Phase: Ai(4)-Gabe_Food's Upkeep step
Phase: Ai(4)-Gabe_Food's Draw step
Phase: Ai(4)-Gabe_Food's Main phase, precombat
Land: Ai(4)-Gabe_Food played Plains (391)
Phase: Ai(4)-Gabe_Food's Beginning of Combat Step
Phase: Ai(4)-Gabe_Food's Declare Attackers Step
Combat: Ai(4)-Gabe_Food assigned Frodo, Adventurous Hobbit (402) to attack Ai(3)-Jaymie_Ezio.
Phase: Ai(4)-Gabe_Food's Declare Blockers Step
Combat: Ai(3)-Jaymie_Ezio didn't block Frodo, Adventurous Hobbit (402).
Phase: Ai(4)-Gabe_Food's First Strike Damage Step
Phase: Ai(4)-Gabe_Food's Combat Damage Step
Damage: Frodo, Adventurous Hobbit (402) deals 1 combat damage to Ai(3)-Jaymie_Ezio.
Life: Life: Ai(3)-Jaymie_Ezio 40 > 39
Phase: Ai(4)-Gabe_Food's End of Combat Step
Phase: Ai(4)-Gabe_Food's Main phase, postcombat
Mana: Swamp (365) - {T}: Add {B}.
Mana: Plains (392) - {T}: Add {W}.
Mana: Plains (391) - {T}: Add {W}.
Add To Stack: Ai(4)-Gabe_Food cast Commander's Sphere
Resolve Stack: Commander's Sphere
Mana: Commander's Sphere (321) - {T}: Add one mana of any color in your commander's color identity.
Mana: Rogue's Passage (331) - {T}: Add {C}.
Add To Stack: Ai(4)-Gabe_Food cast Prize Pig
Resolve Stack: Prize Pig - Creature 0 / 3
Phase: Ai(4)-Gabe_Food's End step
Phase: Ai(4)-Gabe_Food's Cleanup step
Turn: Turn 14 (Ai(1)-Destyn_Turtles)
Phase: Ai(1)-Destyn_Turtles' Untap step
Phase: Ai(1)-Destyn_Turtles' Upkeep step
Phase: Ai(1)-Destyn_Turtles' Draw step
Phase: Ai(1)-Destyn_Turtles' Main phase, precombat
Land: Ai(1)-Destyn_Turtles played Evolving Wilds (32)
Zone Change: Evolving Wilds (32) was put into Graveyard from Battlefield.
Add To Stack: Ai(1)-Destyn_Turtles activated Evolving Wilds
Resolve Stack: Evolving Wilds (32) - Ai(1)-Destyn_Turtles searches their library for a basic land card, puts it onto the battlefield tapped, then shuffles.
Mana: Hinterland Harbor (23) - {T}: Add {G} or {U}.
Mana: Sunken Hollow (24) - {T}: Add {B}.
Mana: Path of Ancestry (12) - {T}: Add one mana of any color in your commander's color identity. When that mana is spent to cast a creature spell that shares a creature type with your commander, scry 1. (Look at the top card of your library. You may put that card on the bottom.)
Add To Stack: Ai(1)-Destyn_Turtles cast Irma, Part-Time Mutant
Add To Stack: Ai(1)-Destyn_Turtles triggered Path of Ancestry
Resolve Stack: Ai(1)-Destyn_Turtles scried 1 card(s) to the top of the library
Resolve Stack: When mana produced by Path of Ancestry is spent to cast a creature spell that shares a creature type with your commander, scry 1. ([Irma, Part-Time Mutant - Creature 1 / 1]) [Card: Irma, Part-Time Mutant (7), Activator: Ai(1)-Destyn_Turtles, SpellAbility: Irma, Part-Time Mutant - Creature 1 / 1]
Resolve Stack: Irma, Part-Time Mutant - Creature 1 / 1
Phase: Ai(1)-Destyn_Turtles' Beginning of Combat Step
Add To Stack: Ai(1)-Destyn_Turtles triggered Irma, Part-Time Mutant targeting [Mona Lisa, Science Geek (61)]
Resolve Stack: At the beginning of combat on your turn, Irma becomes a copy of up to one other target creature you control, except her name is Irma, Part-Time Mutant and she has this ability. Then put a +1/+1 counter on her. (Targeting: [[Mona Lisa, Science Geek (61)]]) [Phase: Ai(1)-Destyn_Turtles]
Phase: Ai(1)-Destyn_Turtles' Declare Attackers Step
Phase: Ai(1)-Destyn_Turtles' Declare Blockers Step
Phase: Ai(1)-Destyn_Turtles' First Strike Damage Step
Phase: Ai(1)-Destyn_Turtles' Combat Damage Step
Phase: Ai(1)-Destyn_Turtles' End of Combat Step
Phase: Ai(1)-Destyn_Turtles' Main phase, postcombat
Phase: Ai(1)-Destyn_Turtles' End step
Phase: Ai(1)-Destyn_Turtles' Cleanup step
Turn: Turn 15 (Ai(2)-GGS_Mission_diagnostic)
Phase: Ai(2)-GGS_Mission_diagnostic's Untap step
Phase: Ai(2)-GGS_Mission_diagnostic's Upkeep step
Phase: Ai(2)-GGS_Mission_diagnostic's Draw step
Phase: Ai(2)-GGS_Mission_diagnostic's Main phase, precombat
Mana: Mountain (195) - {T}: Add {R}.
Mana: Training Center (130) - {T}: Add {U} or {R}.
Add To Stack: Ai(2)-GGS_Mission_diagnostic cast Loyal Apprentice
Resolve Stack: Loyal Apprentice - Creature 2 / 1
Phase: Ai(2)-GGS_Mission_diagnostic's Beginning of Combat Step
Phase: Ai(2)-GGS_Mission_diagnostic's Declare Attackers Step
Phase: Ai(2)-GGS_Mission_diagnostic's Declare Blockers Step
Phase: Ai(2)-GGS_Mission_diagnostic's First Strike Damage Step
Phase: Ai(2)-GGS_Mission_diagnostic's Combat Damage Step
Phase: Ai(2)-GGS_Mission_diagnostic's End of Combat Step
Phase: Ai(2)-GGS_Mission_diagnostic's Main phase, postcombat
Phase: Ai(2)-GGS_Mission_diagnostic's End step
Phase: Ai(2)-GGS_Mission_diagnostic's Cleanup step
Turn: Turn 16 (Ai(3)-Jaymie_Ezio)
Phase: Ai(3)-Jaymie_Ezio's Untap step
Phase: Ai(3)-Jaymie_Ezio's Upkeep step
Phase: Ai(3)-Jaymie_Ezio's Draw step
Phase: Ai(3)-Jaymie_Ezio's Main phase, precombat
Land: Ai(3)-Jaymie_Ezio played Mountain (289)
Phase: Ai(3)-Jaymie_Ezio's Beginning of Combat Step
Phase: Ai(3)-Jaymie_Ezio's Declare Attackers Step
Combat: Ai(3)-Jaymie_Ezio assigned Ezio Auditore da Firenze (302) to attack Ai(4)-Gabe_Food.
Phase: Ai(3)-Jaymie_Ezio's Declare Blockers Step
Combat: Ai(4)-Gabe_Food didn't block Ezio Auditore da Firenze (302).
Phase: Ai(3)-Jaymie_Ezio's First Strike Damage Step
Phase: Ai(3)-Jaymie_Ezio's Combat Damage Step
Damage: Ezio Auditore da Firenze (302) deals 3 combat damage to Ai(4)-Gabe_Food.
Life: Life: Ai(4)-Gabe_Food 40 > 37
Add To Stack: Ai(3)-Jaymie_Ezio triggered Ezio Auditore da Firenze
Add To Stack: Ai(3)-Jaymie_Ezio triggered Ezio Auditore da Firenze
Discard: Ai(3)-Jaymie_Ezio discards Thriving Grove (229).
Resolve Stack: Whenever this creature deals combat damage to a player, it connives. [Damage Source: Ezio Auditore da Firenze (302), Damaged: Ai(4)-Gabe_Food, Amount: 3]
Resolve Stack: Whenever Ezio deals combat damage to a player, you may pay {W}{U}{B}{R}{G} if that player has 10 or less life. When you do, that player loses the game. [Damage Source: Ezio Auditore da Firenze (302), Damaged: Ai(4)-Gabe_Food, Amount: 3]
Phase: Ai(3)-Jaymie_Ezio's End of Combat Step
Phase: Ai(3)-Jaymie_Ezio's Main phase, postcombat
Mana: Mountain (289) - {T}: Add {R}.
Mana: Twilight Mire (271) - {T}: Add {C}.
Mana: Command Tower (234) - {T}: Add one mana of any color in your commander's color identity.
Add To Stack: Ai(3)-Jaymie_Ezio cast Chromatic Lantern
Resolve Stack: Chromatic Lantern
Mana: Chromatic Lantern (299) - {T}: Add one mana of any color.
Mana: Kessig Wolf Run (206) - {T}: Add one mana of any color.
Add To Stack: Ai(3)-Jaymie_Ezio cast Shay Cormac
Resolve Stack: Shay Cormac - Creature 1 / 1
Phase: Ai(3)-Jaymie_Ezio's End step
Zone Change: Commander's Sphere (321) was put into Graveyard from Battlefield.
Add To Stack: Ai(4)-Gabe_Food activated Commander's Sphere
Resolve Stack: Commander's Sphere (321) - Ai(4)-Gabe_Food draws a card.
Phase: Ai(3)-Jaymie_Ezio's Cleanup step
Turn: Turn 17 (Ai(4)-Gabe_Food)
Phase: Ai(4)-Gabe_Food's Untap step
Phase: Ai(4)-Gabe_Food's Upkeep step
Phase: Ai(4)-Gabe_Food's Draw step
Phase: Ai(4)-Gabe_Food's Main phase, precombat
Land: Ai(4)-Gabe_Food played Forest (339)
Mana: Forest (339) - {T}: Add {G}.
Mana: Swamp (365) - {T}: Add {B}.
Mana: Plains (392) - {T}: Add {W}.
Mana: Plains (391) - {T}: Add {W}.
Mana: Rogue's Passage (331) - {T}: Add {C}.
Mana: Prize Pig (332) - {T}: Add one mana of any color.
Add To Stack: Ai(4)-Gabe_Food cast Great Oak Guardian
Resolve Stack: Great Oak Guardian - Creature 4 / 5
Add To Stack: Ai(4)-Gabe_Food triggered Great Oak Guardian targeting [Ai(4)-Gabe_Food]
Resolve Stack: When Great Oak Guardian enters, creatures target player controls get +2/+2 until end of turn. Untap them. (Targeting: [[Ai(4)-Gabe_Food]]) [Zone Changer: Great Oak Guardian (324)]
Phase: Ai(4)-Gabe_Food's Beginning of Combat Step
Phase: Ai(4)-Gabe_Food's Declare Attackers Step
Combat: Ai(4)-Gabe_Food assigned Frodo, Adventurous Hobbit (402) and Prize Pig (332) to attack Ai(3)-Jaymie_Ezio.
Phase: Ai(4)-Gabe_Food's Declare Blockers Step
Combat: Ai(3)-Jaymie_Ezio didn't block Frodo, Adventurous Hobbit (402).
Ai(3)-Jaymie_Ezio didn't block Prize Pig (332).
Phase: Ai(4)-Gabe_Food's First Strike Damage Step
Phase: Ai(4)-Gabe_Food's Combat Damage Step
Damage: Frodo, Adventurous Hobbit (402) deals 3 combat damage to Ai(3)-Jaymie_Ezio.
Damage: Prize Pig (332) deals 2 combat damage to Ai(3)-Jaymie_Ezio.
Life: Life: Ai(3)-Jaymie_Ezio 39 > 34
Phase: Ai(4)-Gabe_Food's End of Combat Step
Phase: Ai(4)-Gabe_Food's Main phase, postcombat
Phase: Ai(4)-Gabe_Food's End step
Phase: Ai(4)-Gabe_Food's Cleanup step
Turn: Turn 18 (Ai(1)-Destyn_Turtles)
Phase: Ai(1)-Destyn_Turtles' Untap step
Phase: Ai(1)-Destyn_Turtles' Upkeep step
Phase: Ai(1)-Destyn_Turtles' Draw step
Phase: Ai(1)-Destyn_Turtles' Main phase, precombat
Phase: Ai(1)-Destyn_Turtles' Beginning of Combat Step
Add To Stack: Ai(1)-Destyn_Turtles triggered Irma, Part-Time Mutant targeting [Mona Lisa, Science Geek (61)]
Resolve Stack: At the beginning of combat on your turn, Irma becomes a copy of up to one other target creature you control, except her name is Irma, Part-Time Mutant and she has this ability. Then put a +1/+1 counter on her. (Targeting: [[Mona Lisa, Science Geek (61)]]) [Phase: Ai(1)-Destyn_Turtles]
Phase: Ai(1)-Destyn_Turtles' Declare Attackers Step
Phase: Ai(1)-Destyn_Turtles' Declare Blockers Step
Phase: Ai(1)-Destyn_Turtles' First Strike Damage Step
Phase: Ai(1)-Destyn_Turtles' Combat Damage Step
Phase: Ai(1)-Destyn_Turtles' End of Combat Step
Phase: Ai(1)-Destyn_Turtles' Main phase, postcombat
Mana: Hinterland Harbor (23) - {T}: Add {G} or {U}.
Mana: Plains (87) - {T}: Add {W}.
Mana: Sunken Hollow (24) - {T}: Add {B}.
Mana: Path of Ancestry (12) - {T}: Add one mana of any color in your commander's color identity. When that mana is spent to cast a creature spell that shares a creature type with your commander, scry 1. (Look at the top card of your library. You may put that card on the bottom.)
Mana: Mona Lisa, Science Geek (61) - {T}: Add X mana of any one color, where X is Mona Lisa's power.
Add To Stack: Ai(1)-Destyn_Turtles cast Krang, the All-Powerful
Resolve Stack: Krang, the All-Powerful - Creature 3 / 3
Mana: Irma, Part-Time Mutant (7) - {T}: Add X mana of any one color, where X is Irma's power.
Add To Stack: Ai(1)-Destyn_Turtles cast Michelangelo, the Heart
Resolve Stack: Michelangelo, the Heart - Creature 2 / 1
Phase: Ai(1)-Destyn_Turtles' End step
Phase: Ai(1)-Destyn_Turtles' Cleanup step
Turn: Turn 19 (Ai(2)-GGS_Mission_diagnostic)
Phase: Ai(2)-GGS_Mission_diagnostic's Untap step
Phase: Ai(2)-GGS_Mission_diagnostic's Upkeep step
Phase: Ai(2)-GGS_Mission_diagnostic's Draw step
Phase: Ai(2)-GGS_Mission_diagnostic's Main phase, precombat
Phase: Ai(2)-GGS_Mission_diagnostic's Beginning of Combat Step
Phase: Ai(2)-GGS_Mission_diagnostic's Declare Attackers Step
Phase: Ai(2)-GGS_Mission_diagnostic's Declare Blockers Step
Phase: Ai(2)-GGS_Mission_diagnostic's First Strike Damage Step
Phase: Ai(2)-GGS_Mission_diagnostic's Combat Damage Step
Phase: Ai(2)-GGS_Mission_diagnostic's End of Combat Step
Phase: Ai(2)-GGS_Mission_diagnostic's Main phase, postcombat
Mana: Undercity Sewers (104) - {T}: Add {B}.
Mana: Training Center (130) - {T}: Add {U} or {R}.
Mana: Mountain (195) - {T}: Add {R}.
Add To Stack: Ai(2)-GGS_Mission_diagnostic cast Goro-Goro and Satoru
Resolve Stack: Goro-Goro and Satoru - Creature 3 / 4
Phase: Ai(2)-GGS_Mission_diagnostic's End step
Phase: Ai(2)-GGS_Mission_diagnostic's Cleanup step
Turn: Turn 20 (Ai(3)-Jaymie_Ezio)
Phase: Ai(3)-Jaymie_Ezio's Untap step
Phase: Ai(3)-Jaymie_Ezio's Upkeep step
Phase: Ai(3)-Jaymie_Ezio's Draw step
Phase: Ai(3)-Jaymie_Ezio's Main phase, precombat
Replacement Effect: Smoldering Marsh enters tapped unless you control two or more basic lands.
Land: Ai(3)-Jaymie_Ezio played Smoldering Marsh (273)
Mana: Chromatic Lantern (299) - {T}: Add one mana of any color.
Add To Stack: Ai(3)-Jaymie_Ezio cast Vorpal Sword
Add To Stack: Ai(2)-GGS_Mission_diagnostic cast Deadly Rollick targeting [Irma, Part-Time Mutant (7)]
Zone Change: Irma, Part-Time Mutant (7) was put into Exile from Battlefield.
Resolve Stack: Deadly Rollick (160) - Exile Irma, Part-Time Mutant (7).
Resolve Stack: Vorpal Sword
Mana: Mountain (289) - {T}: Add one mana of any color.
Mana: Command Tower (234) - {T}: Add one mana of any color in your commander's color identity.
Add To Stack: Ai(3)-Jaymie_Ezio activated Vorpal Sword targeting [Ezio Auditore da Firenze (302)]
Resolve Stack: Vorpal Sword (212) -  Attach to Ezio Auditore da Firenze (302)
Phase: Ai(3)-Jaymie_Ezio's Beginning of Combat Step
Phase: Ai(3)-Jaymie_Ezio's Declare Attackers Step
Phase: Ai(3)-Jaymie_Ezio's Declare Blockers Step
Phase: Ai(3)-Jaymie_Ezio's First Strike Damage Step
Phase: Ai(3)-Jaymie_Ezio's Combat Damage Step
Phase: Ai(3)-Jaymie_Ezio's End of Combat Step
Phase: Ai(3)-Jaymie_Ezio's Main phase, postcombat
Mana: Twilight Mire (271) - {T}: Add one mana of any color.
Mana: Kessig Wolf Run (206) - {T}: Add one mana of any color.
Add To Stack: Ai(3)-Jaymie_Ezio cast Vraska Joins Up
Resolve Stack: Vraska Joins Up
Add To Stack: Ai(3)-Jaymie_Ezio triggered Vraska Joins Up
Resolve Stack: When Vraska Joins Up enters, put a deathtouch counter on each creature you control. [Zone Changer: Vraska Joins Up (213)]
Phase: Ai(3)-Jaymie_Ezio's End step
Phase: Ai(3)-Jaymie_Ezio's Cleanup step
Turn: Turn 21 (Ai(4)-Gabe_Food)
Phase: Ai(4)-Gabe_Food's Untap step
Phase: Ai(4)-Gabe_Food's Upkeep step
Phase: Ai(4)-Gabe_Food's Draw step
Phase: Ai(4)-Gabe_Food's Main phase, precombat
Land: Ai(4)-Gabe_Food played Swamp (364)
Mana: Forest (339) - {T}: Add {G}.
Mana: Plains (392) - {T}: Add {W}.
Mana: Swamp (365) - {T}: Add {B}.
Add To Stack: Ai(4)-Gabe_Food cast Sam, Loyal Attendant
Resolve Stack: Sam, Loyal Attendant - Creature 2 / 4
Add To Stack: Ai(4)-Gabe_Food triggered Sam, Loyal Attendant targeting [Ai(4)-Gabe_Food]
Resolve Stack: Partner with Frodo, Adventurous Hobbit (When this creature enters, target player may put Frodo into their hand from their library, then shuffle.) (Targeting: [[Ai(4)-Gabe_Food]]) [Zone Changer: Sam, Loyal Attendant (404)]
Mana: Prize Pig (332) - {T}: Add one mana of any color.
Mana: Swamp (364) - {T}: Add {B}.
Add To Stack: Ai(4)-Gabe_Food cast Pippin, Warden of Isengard
Resolve Stack: Pippin, Warden of Isengard - Creature 2 / 2
Add To Stack: Ai(4)-Gabe_Food triggered Pippin, Warden of Isengard targeting [Ai(4)-Gabe_Food]
Resolve Stack: Partner with Merry, Warden of Isengard (When this creature enters, target player may put Merry into their hand from their library, then shuffle.) (Targeting: [[Ai(4)-Gabe_Food]]) [Zone Changer: Pippin, Warden of Isengard (343)]
Phase: Ai(4)-Gabe_Food's Beginning of Combat Step
Add To Stack: Ai(4)-Gabe_Food triggered Sam, Loyal Attendant
Resolve Stack: At the beginning of combat on your turn, create a Food token. (It's an artifact with "{2}, {T}, Sacrifice this token: You gain 3 life.") [Phase: Ai(4)-Gabe_Food]
Phase: Ai(4)-Gabe_Food's Declare Attackers Step
Combat: Ai(4)-Gabe_Food assigned Great Oak Guardian (324) to attack Ai(3)-Jaymie_Ezio.
Phase: Ai(4)-Gabe_Food's Declare Blockers Step
Combat: Ai(3)-Jaymie_Ezio assigned Shay Cormac (274) to block Great Oak Guardian (324).
Phase: Ai(4)-Gabe_Food's First Strike Damage Step
Phase: Ai(4)-Gabe_Food's Combat Damage Step
Damage: Great Oak Guardian (324) deals 4 damage to Shay Cormac (274).
Damage: Shay Cormac (274) deals 1 damage (Deathtouch) to Great Oak Guardian (324).
Zone Change: Great Oak Guardian (324) was put into Graveyard from Battlefield.
Zone Change: Shay Cormac (274) was put into Graveyard from Battlefield.
Phase: Ai(4)-Gabe_Food's End of Combat Step
Phase: Ai(4)-Gabe_Food's Main phase, postcombat
Phase: Ai(4)-Gabe_Food's End step
Phase: Ai(4)-Gabe_Food's Cleanup step
Turn: Turn 22 (Ai(1)-Destyn_Turtles)
Phase: Ai(1)-Destyn_Turtles' Untap step
Phase: Ai(1)-Destyn_Turtles' Upkeep step
Phase: Ai(1)-Destyn_Turtles' Draw step
Phase: Ai(1)-Destyn_Turtles' Main phase, precombat
Phase: Ai(1)-Destyn_Turtles' Beginning of Combat Step
Phase: Ai(1)-Destyn_Turtles' Declare Attackers Step
Phase: Ai(1)-Destyn_Turtles' Declare Blockers Step
Phase: Ai(1)-Destyn_Turtles' First Strike Damage Step
Phase: Ai(1)-Destyn_Turtles' Combat Damage Step
Phase: Ai(1)-Destyn_Turtles' End of Combat Step
Phase: Ai(1)-Destyn_Turtles' Main phase, postcombat
Mana: Plains (87) - {T}: Add {W}.
Mana: Hinterland Harbor (23) - {T}: Add {G} or {U}.
Mana: Sunken Hollow (24) - {T}: Add {B}.
Mana: Path of Ancestry (12) - {T}: Add one mana of any color in your commander's color identity. When that mana is spent to cast a creature spell that shares a creature type with your commander, scry 1. (Look at the top card of your library. You may put that card on the bottom.)
Mana: Mona Lisa, Science Geek (61) - {T}: Add X mana of any one color, where X is Mona Lisa's power.
Add To Stack: Ai(1)-Destyn_Turtles cast Mole Module
Resolve Stack: Mole Module
Phase: Ai(1)-Destyn_Turtles' End step
Phase: Ai(1)-Destyn_Turtles' Cleanup step
Turn: Turn 23 (Ai(2)-GGS_Mission_diagnostic)
Phase: Ai(2)-GGS_Mission_diagnostic's Untap step
Phase: Ai(2)-GGS_Mission_diagnostic's Upkeep step
Phase: Ai(2)-GGS_Mission_diagnostic's Draw step
Phase: Ai(2)-GGS_Mission_diagnostic's Main phase, precombat
Land: Ai(2)-GGS_Mission_diagnostic played Otawara, Soaring City (111)
Phase: Ai(2)-GGS_Mission_diagnostic's Beginning of Combat Step
Add To Stack: Ai(2)-GGS_Mission_diagnostic triggered Loyal Apprentice
Resolve Stack: Lieutenant — At the beginning of combat on your turn, if you control your commander, create a 1/1 colorless Thopter artifact creature token with flying. That token gains haste until end of turn. [Phase: Ai(2)-GGS_Mission_diagnostic]
Phase: Ai(2)-GGS_Mission_diagnostic's Declare Attackers Step
Combat: Ai(2)-GGS_Mission_diagnostic assigned Thopter Token (410) to attack Ai(4)-Gabe_Food.
Phase: Ai(2)-GGS_Mission_diagnostic's Declare Blockers Step
Combat: Ai(4)-Gabe_Food didn't block Thopter Token (410).
Mana: Undercity Sewers (104) - {T}: Add {B}.
Mana: Otawara, Soaring City (111) - {T}: Add {U}.
Add To Stack: Ai(2)-GGS_Mission_diagnostic activated Yuriko, the Tiger's Shadow
Resolve Stack: Yuriko, the Tiger's Shadow (199) - Ai(2)-GGS_Mission_diagnostic puts Yuriko, the Tiger's Shadow (199) from their hand onto the battlefield tapped and attacking.
Phase: Ai(2)-GGS_Mission_diagnostic's First Strike Damage Step
Phase: Ai(2)-GGS_Mission_diagnostic's Combat Damage Step
Damage: Yuriko, the Tiger's Shadow (199) deals 1 combat damage to Ai(4)-Gabe_Food.
Life: Life: Ai(4)-Gabe_Food 37 > 36
Add To Stack: Ai(2)-GGS_Mission_diagnostic triggered Yuriko, the Tiger's Shadow
Add To Stack: Ai(2)-GGS_Mission_diagnostic triggered Goro-Goro and Satoru
Resolve Stack: Whenever one or more creatures you control that entered this turn deal combat damage to a player, create a 5/5 red Dragon Spirit creature token with flying. [Damaged: Ai(4)-Gabe_Food, Amount: 1]
Resolve Stack: Whenever a Ninja you control deals combat damage to a player, reveal the top card of your library and put that card into your hand. Each opponent loses life equal to that card's mana value. [Damage Source: Yuriko, the Tiger's Shadow (199), Damaged: Ai(4)-Gabe_Food, Amount: 1]
Phase: Ai(2)-GGS_Mission_diagnostic's End of Combat Step
Phase: Ai(2)-GGS_Mission_diagnostic's Main phase, postcombat
Phase: Ai(2)-GGS_Mission_diagnostic's End step
Phase: Ai(2)-GGS_Mission_diagnostic's Cleanup step
Turn: Turn 24 (Ai(3)-Jaymie_Ezio)
Phase: Ai(3)-Jaymie_Ezio's Untap step
Phase: Ai(3)-Jaymie_Ezio's Upkeep step
Phase: Ai(3)-Jaymie_Ezio's Draw step
Phase: Ai(3)-Jaymie_Ezio's Main phase, precombat
Mana: Chromatic Lantern (299) - {T}: Add one mana of any color.
Mana: Mountain (289) - {T}: Add {R}.
Mana: Smoldering Marsh (273) - {T}: Add {R}.
Add To Stack: Ai(3)-Jaymie_Ezio cast 
Resolve Stack: Disguise - Creature 2/2
Mana: Command Tower (234) - {T}: Add one mana of any color in your commander's color identity.
Mana: Twilight Mire (271) - {T}: Add one mana of any color.
Resolve Stack: Ai(3)-Jaymie_Ezio has undisguised Arno Dorian
Phase: Ai(3)-Jaymie_Ezio's Beginning of Combat Step
Phase: Ai(3)-Jaymie_Ezio's Declare Attackers Step
Phase: Ai(3)-Jaymie_Ezio's Declare Blockers Step
Phase: Ai(3)-Jaymie_Ezio's First Strike Damage Step
Phase: Ai(3)-Jaymie_Ezio's Combat Damage Step
Phase: Ai(3)-Jaymie_Ezio's End of Combat Step
Phase: Ai(3)-Jaymie_Ezio's Main phase, postcombat
Phase: Ai(3)-Jaymie_Ezio's End step
Phase: Ai(3)-Jaymie_Ezio's Cleanup step
Turn: Turn 25 (Ai(4)-Gabe_Food)
Phase: Ai(4)-Gabe_Food's Untap step
Phase: Ai(4)-Gabe_Food's Upkeep step
Phase: Ai(4)-Gabe_Food's Draw step
Phase: Ai(4)-Gabe_Food's Main phase, precombat
Land: Ai(4)-Gabe_Food played Command Tower (333)
Mana: Plains (392) - {T}: Add {W}.
Mana: Plains (391) - {T}: Add {W}.
Mana: Swamp (365) - {T}: Add {B}.
Mana: Swamp (364) - {T}: Add {B}.
Add To Stack: Ai(4)-Gabe_Food cast Dusk
Zone Change: Krang, the All-Powerful (22) was put into Graveyard from Battlefield.
Zone Change: Goro-Goro and Satoru (201) was put into Graveyard from Battlefield.
Zone Change: Dragon Spirit Token (413) was put into Graveyard from Battlefield.
Zone Change: Ezio Auditore da Firenze (302) was put into Graveyard from Battlefield.
Zone Change: Arno Dorian (226) was put into Graveyard from Battlefield.
Resolve Stack: Dusk (315) - Destroy all creatures with power 3 or greater.
Zone Change: Security Bypass (294) was put into Graveyard from Battlefield.
Phase: Ai(4)-Gabe_Food's Beginning of Combat Step
Add To Stack: Ai(4)-Gabe_Food triggered Sam, Loyal Attendant
Resolve Stack: At the beginning of combat on your turn, create a Food token. (It's an artifact with "{2}, {T}, Sacrifice this token: You gain 3 life.") [Phase: Ai(4)-Gabe_Food]
Phase: Ai(4)-Gabe_Food's Declare Attackers Step
Phase: Ai(4)-Gabe_Food's Declare Blockers Step
Phase: Ai(4)-Gabe_Food's First Strike Damage Step
Phase: Ai(4)-Gabe_Food's Combat Damage Step
Phase: Ai(4)-Gabe_Food's End of Combat Step
Phase: Ai(4)-Gabe_Food's Main phase, postcombat
Mana: Command Tower (333) - {T}: Add one mana of any color in your commander's color identity.
Mana: Forest (339) - {T}: Add {G}.
Mana: Rogue's Passage (331) - {T}: Add {C}.
Add To Stack: Ai(4)-Gabe_Food cast Merry, Warden of Isengard
Resolve Stack: Merry, Warden of Isengard - Creature 1 / 4
Add To Stack: Ai(4)-Gabe_Food triggered Merry, Warden of Isengard targeting [Ai(4)-Gabe_Food]
Resolve Stack: Partner with Pippin, Warden of Isengard (When this creature enters, target player may put Pippin into their hand from their library, then shuffle.) (Targeting: [[Ai(4)-Gabe_Food]]) [Zone Changer: Merry, Warden of Isengard (309)]
Phase: Ai(4)-Gabe_Food's End step
Phase: Ai(4)-Gabe_Food's Cleanup step
Turn: Turn 26 (Ai(1)-Destyn_Turtles)
Phase: Ai(1)-Destyn_Turtles' Untap step
Phase: Ai(1)-Destyn_Turtles' Upkeep step
Phase: Ai(1)-Destyn_Turtles' Draw step
Phase: Ai(1)-Destyn_Turtles' Main phase, precombat
Phase: Ai(1)-Destyn_Turtles' Beginning of Combat Step
Add To Stack: Ai(1)-Destyn_Turtles activated Mole Module
Resolve Stack: Mole Module (64) - Mole Module (64) becomes an artifact creature until end of turn.
Phase: Ai(1)-Destyn_Turtles' Declare Attackers Step
Combat: Ai(1)-Destyn_Turtles assigned Mole Module (64) to attack Ai(4)-Gabe_Food.
Mana: Prize Pig (332) - {T}: Add one mana of any color.
Add To Stack: Ai(4)-Gabe_Food activated Pippin, Warden of Isengard
Resolve Stack: Pippin, Warden of Isengard (343) - Ai(4)-Gabe_Food creates a Food Token.
Add To Stack: Ai(4)-Gabe_Food triggered Merry, Warden of Isengard
Resolve Stack: Whenever one or more artifacts you control enter, create a 1/1 white Soldier creature token with lifelink. This ability triggers only once each turn. [Amount: 1]
Phase: Ai(1)-Destyn_Turtles' Declare Blockers Step
Combat: Ai(4)-Gabe_Food didn't block Mole Module (64).
Phase: Ai(1)-Destyn_Turtles' First Strike Damage Step
Phase: Ai(1)-Destyn_Turtles' Combat Damage Step
Damage: Mole Module (64) deals 6 combat damage to Ai(4)-Gabe_Food.
Life: Life: Ai(4)-Gabe_Food 36 > 30
Add To Stack: Ai(1)-Destyn_Turtles triggered Mole Module
Zone Change: Ai(1)-Destyn_Turtles milled Assassin's Trophy (42), Voracious Hydra (20), Corpsejack Menace (50) and Heroes in a Half Shell (72).
Resolve Stack: Whenever this Vehicle deals combat damage to a player, mill four cards. You may put a permanent card from among them onto the battlefield. [Damage Source: Mole Module (64), Damaged: Ai(4)-Gabe_Food, Amount: 6]
Phase: Ai(1)-Destyn_Turtles' End of Combat Step
Phase: Ai(1)-Destyn_Turtles' Main phase, postcombat
Add To Stack: Ai(1)-Destyn_Turtles triggered Michelangelo, the Heart targeting [Heroes in a Half Shell (72)]
Resolve Stack: Raid (the Fridge) — At the beginning of your second main phase, if you attacked this turn, put a +1/+1 counter on target creature and create a Food token. (Targeting: [[Heroes in a Half Shell (72)]]) [Phase: Ai(1)-Destyn_Turtles]
Mana: Path of Ancestry (12) - {T}: Add one mana of any color in your commander's color identity. When that mana is spent to cast a creature spell that shares a creature type with your commander, scry 1. (Look at the top card of your library. You may put that card on the bottom.)
Mana: Plains (87) - {T}: Add {W}.
Mana: Hinterland Harbor (23) - {T}: Add {G} or {U}.
Mana: Sunken Hollow (24) - {T}: Add {B}.
Mana: Mona Lisa, Science Geek (61) - {T}: Add X mana of any one color, where X is Mona Lisa's power.
Add To Stack: Ai(1)-Destyn_Turtles cast Raphael, the Muscle
Add To Stack: Ai(1)-Destyn_Turtles triggered Path of Ancestry
Resolve Stack: Ai(1)-Destyn_Turtles scried 1 card(s) to the top of the library
Resolve Stack: When mana produced by Path of Ancestry is spent to cast a creature spell that shares a creature type with your commander, scry 1. ([Raphael, the Muscle - Creature 4 / 4]) [Card: Raphael, the Muscle (75), Activator: Ai(1)-Destyn_Turtles, SpellAbility: Raphael, the Muscle - Creature 4 / 4]
Resolve Stack: Raphael, the Muscle - Creature 4 / 4
Add To Stack: Ai(1)-Destyn_Turtles triggered Raphael, the Muscle
Resolve Stack: When Raphael enters, create a Mutagen token. [Zone Changer: Raphael, the Muscle (75)]
Phase: Ai(1)-Destyn_Turtles' End step
Phase: Ai(1)-Destyn_Turtles' Cleanup step
Turn: Turn 27 (Ai(2)-GGS_Mission_diagnostic)
Phase: Ai(2)-GGS_Mission_diagnostic's Untap step
Phase: Ai(2)-GGS_Mission_diagnostic's Upkeep step
Phase: Ai(2)-GGS_Mission_diagnostic's Draw step
Phase: Ai(2)-GGS_Mission_diagnostic's Main phase, precombat
Replacement Effect: Morphic Pool enters tapped unless you have two or more opponents.
Land: Ai(2)-GGS_Mission_diagnostic played Morphic Pool (131)
Phase: Ai(2)-GGS_Mission_diagnostic's Beginning of Combat Step
Phase: Ai(2)-GGS_Mission_diagnostic's Declare Attackers Step
Phase: Ai(2)-GGS_Mission_diagnostic's Declare Blockers Step
Phase: Ai(2)-GGS_Mission_diagnostic's First Strike Damage Step
Phase: Ai(2)-GGS_Mission_diagnostic's Combat Damage Step
Phase: Ai(2)-GGS_Mission_diagnostic's End of Combat Step
Phase: Ai(2)-GGS_Mission_diagnostic's Main phase, postcombat
Mana: Morphic Pool (131) - {T}: Add {U} or {B}.
Mana: Mountain (195) - {T}: Add {R}.
Mana: Otawara, Soaring City (111) - {T}: Add {U}.
Mana: Training Center (130) - {T}: Add {U} or {R}.
Mana: Undercity Sewers (104) - {T}: Add {B}.
Add To Stack: Ai(2)-GGS_Mission_diagnostic cast Goro-Goro and Satoru
Resolve Stack: Goro-Goro and Satoru - Creature 3 / 4
Phase: Ai(2)-GGS_Mission_diagnostic's End step
Phase: Ai(2)-GGS_Mission_diagnostic's Cleanup step
Turn: Turn 28 (Ai(3)-Jaymie_Ezio)
Phase: Ai(3)-Jaymie_Ezio's Untap step
Phase: Ai(3)-Jaymie_Ezio's Upkeep step
Phase: Ai(3)-Jaymie_Ezio's Draw step
Phase: Ai(3)-Jaymie_Ezio's Main phase, precombat
Phase: Ai(3)-Jaymie_Ezio's Beginning of Combat Step
Phase: Ai(3)-Jaymie_Ezio's Declare Attackers Step
Phase: Ai(3)-Jaymie_Ezio's Declare Blockers Step
Phase: Ai(3)-Jaymie_Ezio's First Strike Damage Step
Phase: Ai(3)-Jaymie_Ezio's Combat Damage Step
Phase: Ai(3)-Jaymie_Ezio's End of Combat Step
Phase: Ai(3)-Jaymie_Ezio's Main phase, postcombat
Mana: Chromatic Lantern (299) - {T}: Add one mana of any color.
Mana: Mountain (289) - {T}: Add {R}.
Mana: Smoldering Marsh (273) - {T}: Add {R}.
Mana: Command Tower (234) - {T}: Add one mana of any color.
Add To Stack: Ai(3)-Jaymie_Ezio cast Ezio Auditore da Firenze
Resolve Stack: Ezio Auditore da Firenze - Creature 3 / 2
Mana: Twilight Mire (271) - {T}: Add one mana of any color.
Mana: Kessig Wolf Run (206) - {T}: Add {C}.
Add To Stack: Ai(3)-Jaymie_Ezio cast Haystack
Resolve Stack: Haystack
Phase: Ai(3)-Jaymie_Ezio's End step
Phase: Ai(3)-Jaymie_Ezio's Cleanup step
Turn: Turn 29 (Ai(4)-Gabe_Food)
Phase: Ai(4)-Gabe_Food's Untap step
Phase: Ai(4)-Gabe_Food's Upkeep step
Phase: Ai(4)-Gabe_Food's Draw step
Phase: Ai(4)-Gabe_Food's Main phase, precombat
Mana: Plains (392) - {T}: Add {W}.
Mana: Swamp (365) - {T}: Add {B}.
Mana: Swamp (364) - {T}: Add {B}.
Add To Stack: Ai(4)-Gabe_Food cast Mentor of the Meek
Resolve Stack: Mentor of the Meek - Creature 2 / 2
Mana: Forest (339) - {T}: Add {G}.
Mana: Plains (391) - {T}: Add {W}.
Mana: Command Tower (333) - {T}: Add one mana of any color in your commander's color identity.
Mana: Prize Pig (332) - {T}: Add one mana of any color.
Add To Stack: Ai(4)-Gabe_Food activated Rogue's Passage targeting [Sam, Loyal Attendant (404)]
Resolve Stack: Rogue's Passage (331) - Sam, Loyal Attendant (404) can't be blocked this turn.
Phase: Ai(4)-Gabe_Food's Beginning of Combat Step
Add To Stack: Ai(4)-Gabe_Food triggered Sam, Loyal Attendant
Resolve Stack: At the beginning of combat on your turn, create a Food token. (It's an artifact with "{2}, {T}, Sacrifice this token: You gain 3 life.") [Phase: Ai(4)-Gabe_Food]
Add To Stack: Ai(4)-Gabe_Food triggered Merry, Warden of Isengard
Resolve Stack: Whenever one or more artifacts you control enter, create a 1/1 white Soldier creature token with lifelink. This ability triggers only once each turn. [Amount: 1]
Add To Stack: Ai(4)-Gabe_Food triggered Mentor of the Meek
Resolve Stack: Whenever another creature you control with power 2 or less enters, you may pay {1}. If you do, draw a card. [Zone Changer: Soldier Token (452)]
Phase: Ai(4)-Gabe_Food's Declare Attackers Step
Combat: Ai(4)-Gabe_Food assigned Sam, Loyal Attendant (404) to attack Ai(1)-Destyn_Turtles.
Phase: Ai(4)-Gabe_Food's Declare Blockers Step
Combat: Ai(1)-Destyn_Turtles didn't block Sam, Loyal Attendant (404).
Phase: Ai(4)-Gabe_Food's First Strike Damage Step
Phase: Ai(4)-Gabe_Food's Combat Damage Step
Damage: Sam, Loyal Attendant (404) deals 2 combat damage to Ai(1)-Destyn_Turtles.
Life: Life: Ai(1)-Destyn_Turtles 37 > 35
Phase: Ai(4)-Gabe_Food's End of Combat Step
Phase: Ai(4)-Gabe_Food's Main phase, postcombat
Phase: Ai(4)-Gabe_Food's End step
Phase: Ai(4)-Gabe_Food's Cleanup step
Turn: Turn 30 (Ai(1)-Destyn_Turtles)
Phase: Ai(1)-Destyn_Turtles' Untap step
Phase: Ai(1)-Destyn_Turtles' Upkeep step
Phase: Ai(1)-Destyn_Turtles' Draw step
Phase: Ai(1)-Destyn_Turtles' Main phase, precombat
Phase: Ai(1)-Destyn_Turtles' Beginning of Combat Step
Add To Stack: Ai(1)-Destyn_Turtles activated Mole Module
Resolve Stack: Mole Module (64) - Mole Module (64) becomes an artifact creature until end of turn.
Phase: Ai(1)-Destyn_Turtles' Declare Attackers Step
Combat: Ai(1)-Destyn_Turtles assigned Mole Module (64), Raphael, the Muscle (75) and Heroes in a Half Shell (72) to attack Ai(4)-Gabe_Food.
Phase: Ai(1)-Destyn_Turtles' Declare Blockers Step
Combat: Ai(4)-Gabe_Food didn't block Mole Module (64).
Ai(4)-Gabe_Food assigned Soldier Token (436), Mentor of the Meek (380) and Frodo, Adventurous Hobbit (402) to block Raphael, the Muscle (75).
Ai(4)-Gabe_Food didn't block Heroes in a Half Shell (72).
Phase: Ai(1)-Destyn_Turtles' First Strike Damage Step
Phase: Ai(1)-Destyn_Turtles' Combat Damage Step
Replacement Effect: Double all damage that creatures you control with counters on them would deal.
Damage: Mole Module (64) deals 6 combat damage to Ai(4)-Gabe_Food.
Damage: Raphael, the Muscle (75) deals 3 damage to Frodo, Adventurous Hobbit (402).
Damage: Raphael, the Muscle (75) deals 1 damage to Soldier Token (436).
Damage: Heroes in a Half Shell (72) deals 12 combat damage to Ai(4)-Gabe_Food.
Damage: Soldier Token (436) deals 1 damage to Raphael, the Muscle (75).
Life: Life: Ai(4)-Gabe_Food 30 > 31
Damage: Mentor of the Meek (380) deals 2 damage to Raphael, the Muscle (75).
Damage: Frodo, Adventurous Hobbit (402) deals 1 damage to Raphael, the Muscle (75).
Life: Life: Ai(4)-Gabe_Food 31 > 13
Zone Change: Raphael, the Muscle (75) was put into Graveyard from Battlefield.
Zone Change: Frodo, Adventurous Hobbit (402) was put into Graveyard from Battlefield.
Zone Change: Soldier Token (436) was put into Graveyard from Battlefield.
Add To Stack: Ai(1)-Destyn_Turtles triggered Mole Module
Add To Stack: Ai(1)-Destyn_Turtles triggered Heroes in a Half Shell
Add To Stack: Ai(4)-Gabe_Food triggered Prize Pig
Resolve Stack: Whenever you gain life, put that many ribbon counters on Prize Pig. Then if there are three or more ribbon counters on Prize Pig, remove those counters and untap it. [Player: Ai(4)-Gabe_Food, Gained Amount: 1]
Resolve Stack: Whenever one or more Mutants, Ninjas, and/or Turtles you control deal combat damage to a player, put a +1/+1 counter on each of those creatures and draw a card. [Damaged: Ai(4)-Gabe_Food, Amount: 12]
Zone Change: Ai(1)-Destyn_Turtles milled Rain-Slicked Copse (57), Big Apple, 3 a.m. (71), Thriving Isle (52) and Forest (35).
Replacement Effect: This land enters tapped.
Replacement Effect: As this land enters, choose a color.
Resolve Stack: Whenever this Vehicle deals combat damage to a player, mill four cards. You may put a permanent card from among them onto the battlefield. [Damage Source: Mole Module (64), Damaged: Ai(4)-Gabe_Food, Amount: 6]
Phase: Ai(1)-Destyn_Turtles' End of Combat Step
Phase: Ai(1)-Destyn_Turtles' Main phase, postcombat
Add To Stack: Ai(1)-Destyn_Turtles triggered Michelangelo, the Heart targeting [Heroes in a Half Shell (72)]
Resolve Stack: Raid (the Fridge) — At the beginning of your second main phase, if you attacked this turn, put a +1/+1 counter on target creature and create a Food token. (Targeting: [[Heroes in a Half Shell (72)]]) [Phase: Ai(1)-Destyn_Turtles]
Land: Ai(1)-Destyn_Turtles played Forest (37)
Mana: Plains (87) - {T}: Add {W}.
Mana: Forest (37) - {T}: Add {G}.
Mana: Hinterland Harbor (23) - {T}: Add {G} or {U}.
Mana: Sunken Hollow (24) - {T}: Add {B}.
Add To Stack: Ai(1)-Destyn_Turtles cast Leonardo, the Balance
Resolve Stack: Leonardo, the Balance - Creature 3 / 3
Mana: Path of Ancestry (12) - {T}: Add one mana of any color in your commander's color identity. When that mana is spent to cast a creature spell that shares a creature type with your commander, scry 1. (Look at the top card of your library. You may put that card on the bottom.)
Mana: Mona Lisa, Science Geek (61) - {T}: Add X mana of any one color, where X is Mona Lisa's power.
Add To Stack: Ai(1)-Destyn_Turtles cast April O'Neil, Live on the Scene
Resolve Stack: April O'Neil, Live on the Scene - Creature 2 / 1
Phase: Ai(1)-Destyn_Turtles' End step
Phase: Ai(1)-Destyn_Turtles' Cleanup step
Turn: Turn 31 (Ai(2)-GGS_Mission_diagnostic)
Phase: Ai(2)-GGS_Mission_diagnostic's Untap step
Phase: Ai(2)-GGS_Mission_diagnostic's Upkeep step
Phase: Ai(2)-GGS_Mission_diagnostic's Draw step
Phase: Ai(2)-GGS_Mission_diagnostic's Main phase, precombat
Land: Ai(2)-GGS_Mission_diagnostic played Scalding Tarn (154)
Life: Life: Ai(2)-GGS_Mission_diagnostic 41 > 40
Zone Change: Scalding Tarn (154) was put into Graveyard from Battlefield.
Add To Stack: Ai(2)-GGS_Mission_diagnostic activated Scalding Tarn
Replacement Effect: Xander's Lounge enters tapped.
Resolve Stack: Scalding Tarn (154) - Ai(2)-GGS_Mission_diagnostic searches their library for an Island or Mountain card, puts it onto the battlefield, then shuffles.
Phase: Ai(2)-GGS_Mission_diagnostic's Beginning of Combat Step
Add To Stack: Ai(2)-GGS_Mission_diagnostic triggered Loyal Apprentice
Resolve Stack: Lieutenant — At the beginning of combat on your turn, if you control your commander, create a 1/1 colorless Thopter artifact creature token with flying. That token gains haste until end of turn. [Phase: Ai(2)-GGS_Mission_diagnostic]
Phase: Ai(2)-GGS_Mission_diagnostic's Declare Attackers Step
Combat: Ai(2)-GGS_Mission_diagnostic assigned Thopter Token (496) to attack Ai(1)-Destyn_Turtles.
Phase: Ai(2)-GGS_Mission_diagnostic's Declare Blockers Step
Combat: Ai(1)-Destyn_Turtles didn't block Thopter Token (496).
Phase: Ai(2)-GGS_Mission_diagnostic's First Strike Damage Step
Phase: Ai(2)-GGS_Mission_diagnostic's Combat Damage Step
Damage: Thopter Token (496) deals 1 combat damage to Ai(1)-Destyn_Turtles.
Life: Life: Ai(1)-Destyn_Turtles 35 > 34
Add To Stack: Ai(2)-GGS_Mission_diagnostic triggered Goro-Goro and Satoru
Resolve Stack: Whenever one or more creatures you control that entered this turn deal combat damage to a player, create a 5/5 red Dragon Spirit creature token with flying. [Damaged: Ai(1)-Destyn_Turtles, Amount: 1]
Phase: Ai(2)-GGS_Mission_diagnostic's End of Combat Step
Phase: Ai(2)-GGS_Mission_diagnostic's Main phase, postcombat
Mana: Mountain (195) - {T}: Add {R}.
Mana: Otawara, Soaring City (111) - {T}: Add {U}.
Add To Stack: Ai(2)-GGS_Mission_diagnostic cast Talisman of Creativity
Resolve Stack: Talisman of Creativity
Phase: Ai(2)-GGS_Mission_diagnostic's End step
Phase: Ai(2)-GGS_Mission_diagnostic's Cleanup step
Turn: Turn 32 (Ai(3)-Jaymie_Ezio)
Phase: Ai(3)-Jaymie_Ezio's Untap step
Phase: Ai(3)-Jaymie_Ezio's Upkeep step
Phase: Ai(3)-Jaymie_Ezio's Draw step
Phase: Ai(3)-Jaymie_Ezio's Main phase, precombat
Mana: Chromatic Lantern (299) - {T}: Add one mana of any color.
Mana: Mountain (289) - {T}: Add one mana of any color.
Add To Stack: Ai(3)-Jaymie_Ezio activated Vorpal Sword targeting [Ezio Auditore da Firenze (302)]
Resolve Stack: Vorpal Sword (212) -  Attach to Ezio Auditore da Firenze (302)
Mana: Smoldering Marsh (273) - {T}: Add {R}.
Mana: Command Tower (234) - {T}: Add one mana of any color.
Mana: Twilight Mire (271) - {T}: Add {C}.
Add To Stack: Ai(3)-Jaymie_Ezio cast Sword of Feast and Famine
Mana: Training Center (130) - {T}: Add {U} or {R}.
Mana: Morphic Pool (131) - {T}: Add {U} or {B}.
Add To Stack: Ai(2)-GGS_Mission_diagnostic cast Mana Drain targeting [Sword of Feast and Famine]
Zone Change: Send countered spell to Graveyard
Resolve Stack: Mana Drain (152) - Counter Sword of Feast and Famine (296). At the beginning of your next main phase, add an amount of {C} equal to that spell's mana value. 
Phase: Ai(3)-Jaymie_Ezio's Beginning of Combat Step
Phase: Ai(3)-Jaymie_Ezio's Declare Attackers Step
Phase: Ai(3)-Jaymie_Ezio's Declare Blockers Step
Phase: Ai(3)-Jaymie_Ezio's First Strike Damage Step
Phase: Ai(3)-Jaymie_Ezio's Combat Damage Step
Phase: Ai(3)-Jaymie_Ezio's End of Combat Step
Phase: Ai(3)-Jaymie_Ezio's Main phase, postcombat
Phase: Ai(3)-Jaymie_Ezio's End step
Phase: Ai(3)-Jaymie_Ezio's Cleanup step
Turn: Turn 33 (Ai(4)-Gabe_Food)
Phase: Ai(4)-Gabe_Food's Untap step
Phase: Ai(4)-Gabe_Food's Upkeep step
Phase: Ai(4)-Gabe_Food's Draw step
Phase: Ai(4)-Gabe_Food's Main phase, precombat
Land: Ai(4)-Gabe_Food played Forest (335)
Phase: Ai(4)-Gabe_Food's Beginning of Combat Step
Add To Stack: Ai(4)-Gabe_Food triggered Sam, Loyal Attendant
Resolve Stack: At the beginning of combat on your turn, create a Food token. (It's an artifact with "{2}, {T}, Sacrifice this token: You gain 3 life.") [Phase: Ai(4)-Gabe_Food]
Add To Stack: Ai(4)-Gabe_Food triggered Merry, Warden of Isengard
Resolve Stack: Whenever one or more artifacts you control enter, create a 1/1 white Soldier creature token with lifelink. This ability triggers only once each turn. [Amount: 1]
Add To Stack: Ai(4)-Gabe_Food triggered Mentor of the Meek
Mana: Swamp (365) - {T}: Add {B}.
Resolve Stack: Whenever another creature you control with power 2 or less enters, you may pay {1}. If you do, draw a card. [Zone Changer: Soldier Token (540)]
Phase: Ai(4)-Gabe_Food's Declare Attackers Step
Phase: Ai(4)-Gabe_Food's Declare Blockers Step
Phase: Ai(4)-Gabe_Food's First Strike Damage Step
Phase: Ai(4)-Gabe_Food's Combat Damage Step
Phase: Ai(4)-Gabe_Food's End of Combat Step
Phase: Ai(4)-Gabe_Food's Main phase, postcombat
Mana: Swamp (364) - {T}: Add {B}.
Mana: Forest (339) - {T}: Add {G}.
Mana: Forest (335) - {T}: Add {G}.
Add To Stack: Ai(4)-Gabe_Food cast Rapacious Guest
Resolve Stack: Rapacious Guest - Creature 2 / 2
Add To Stack: Ai(4)-Gabe_Food triggered Mentor of the Meek
Mana: Plains (392) - {T}: Add {W}.
Resolve Stack: Whenever another creature you control with power 2 or less enters, you may pay {1}. If you do, draw a card. [Zone Changer: Rapacious Guest (312)]
Mana: Command Tower (333) - {T}: Add one mana of any color in your commander's color identity.
Mana: Plains (391) - {T}: Add {W}.
Mana: Rogue's Passage (331) - {T}: Add {C}.
Mana: Prize Pig (332) - {T}: Add one mana of any color.
Add To Stack: Ai(4)-Gabe_Food cast Frodo, Adventurous Hobbit
Resolve Stack: Frodo, Adventurous Hobbit - Creature 1 / 3
Add To Stack: Ai(4)-Gabe_Food triggered Frodo, Adventurous Hobbit targeting [Ai(4)-Gabe_Food]
Add To Stack: Ai(4)-Gabe_Food triggered Mentor of the Meek
Resolve Stack: Whenever another creature you control with power 2 or less enters, you may pay {1}. If you do, draw a card. [Zone Changer: Frodo, Adventurous Hobbit (402)]
Resolve Stack: Partner with Sam, Loyal Attendant (When this creature enters, target player may put Sam into their hand from their library, then shuffle.) (Targeting: [[Ai(4)-Gabe_Food]]) [Zone Changer: Frodo, Adventurous Hobbit (402)]
Phase: Ai(4)-Gabe_Food's End step
Phase: Ai(4)-Gabe_Food's Cleanup step
Turn: Turn 34 (Ai(1)-Destyn_Turtles)
Phase: Ai(1)-Destyn_Turtles' Untap step
Phase: Ai(1)-Destyn_Turtles' Upkeep step
Phase: Ai(1)-Destyn_Turtles' Draw step
Phase: Ai(1)-Destyn_Turtles' Main phase, precombat
Phase: Ai(1)-Destyn_Turtles' Beginning of Combat Step
Add To Stack: Ai(1)-Destyn_Turtles activated Mole Module
Resolve Stack: Mole Module (64) - Mole Module (64) becomes an artifact creature until end of turn.
Phase: Ai(1)-Destyn_Turtles' Declare Attackers Step
Combat: Ai(1)-Destyn_Turtles assigned Mole Module (64) and Heroes in a Half Shell (72) to attack Ai(4)-Gabe_Food.
Phase: Ai(1)-Destyn_Turtles' Declare Blockers Step
Combat: Ai(4)-Gabe_Food assigned Soldier Token (540) and Frodo, Adventurous Hobbit (402) to block Mole Module (64).
Ai(4)-Gabe_Food assigned Merry, Warden of Isengard (309) and Soldier Token (452) to block Heroes in a Half Shell (72).
Phase: Ai(1)-Destyn_Turtles' First Strike Damage Step
Phase: Ai(1)-Destyn_Turtles' Combat Damage Step
Damage: Mole Module (64) deals 3 damage to Frodo, Adventurous Hobbit (402).
Damage: Mole Module (64) deals 3 damage to Soldier Token (540).
Damage: Heroes in a Half Shell (72) deals 3 combat damage to Ai(4)-Gabe_Food.
Damage: Heroes in a Half Shell (72) deals 1 damage to Soldier Token (452).
Damage: Heroes in a Half Shell (72) deals 4 damage to Merry, Warden of Isengard (309).
Damage: Merry, Warden of Isengard (309) deals 1 damage to Heroes in a Half Shell (72).
Damage: Soldier Token (452) deals 1 damage to Heroes in a Half Shell (72).
Life: Life: Ai(4)-Gabe_Food 13 > 14
Damage: Soldier Token (540) deals 1 damage to Mole Module (64).
Life: Life: Ai(4)-Gabe_Food 14 > 15
Damage: Frodo, Adventurous Hobbit (402) deals 1 damage to Mole Module (64).
Life: Life: Ai(4)-Gabe_Food 15 > 12
Zone Change: Merry, Warden of Isengard (309) was put into Graveyard from Battlefield.
Zone Change: Soldier Token (452) was put into Graveyard from Battlefield.
Zone Change: Soldier Token (540) was put into Graveyard from Battlefield.
Zone Change: Frodo, Adventurous Hobbit (402) was put into Graveyard from Battlefield.
Add To Stack: Ai(1)-Destyn_Turtles triggered Heroes in a Half Shell
Add To Stack: Ai(4)-Gabe_Food triggered Prize Pig
Add To Stack: Ai(4)-Gabe_Food triggered Prize Pig
Resolve Stack: Whenever you gain life, put that many ribbon counters on Prize Pig. Then if there are three or more ribbon counters on Prize Pig, remove those counters and untap it. [Player: Ai(4)-Gabe_Food, Gained Amount: 1]
Resolve Stack: Whenever you gain life, put that many ribbon counters on Prize Pig. Then if there are three or more ribbon counters on Prize Pig, remove those counters and untap it. [Player: Ai(4)-Gabe_Food, Gained Amount: 1]
Mana: Prize Pig (332) - {T}: Add one mana of any color.
Add To Stack: Ai(4)-Gabe_Food activated Pippin, Warden of Isengard
Resolve Stack: Pippin, Warden of Isengard (343) - Ai(4)-Gabe_Food creates a Food Token.
Resolve Stack: Whenever one or more Mutants, Ninjas, and/or Turtles you control deal combat damage to a player, put a +1/+1 counter on each of those creatures and draw a card. [Damaged: Ai(4)-Gabe_Food, Amount: 3]
Phase: Ai(1)-Destyn_Turtles' End of Combat Step
Phase: Ai(1)-Destyn_Turtles' Main phase, postcombat
Add To Stack: Ai(1)-Destyn_Turtles triggered Michelangelo, the Heart targeting [Heroes in a Half Shell (72)]
Resolve Stack: Raid (the Fridge) — At the beginning of your second main phase, if you attacked this turn, put a +1/+1 counter on target creature and create a Food token. (Targeting: [[Heroes in a Half Shell (72)]]) [Phase: Ai(1)-Destyn_Turtles]
Add To Stack: Ai(1)-Destyn_Turtles triggered Leonardo, the Balance
Resolve Stack: Whenever a token you control enters, you may put a +1/+1 counter on each creature you control. Do this only once each turn. [Zone Changer: Food Token (571)]
Mana: Sunken Hollow (24) - {T}: Add {B}.
Mana: Path of Ancestry (12) - {T}: Add one mana of any color in your commander's color identity. When that mana is spent to cast a creature spell that shares a creature type with your commander, scry 1. (Look at the top card of your library. You may put that card on the bottom.)
Mana: Plains (87) - {T}: Add {W}.
Mana: Forest (37) - {T}: Add {G}.
Mana: Hinterland Harbor (23) - {T}: Add {G} or {U}.
Add To Stack: Ai(1)-Destyn_Turtles cast Shredder, Shadow Master
Add To Stack: Ai(1)-Destyn_Turtles triggered Path of Ancestry
Resolve Stack: Ai(1)-Destyn_Turtles scried 1 card(s) to the bottom of the library
Resolve Stack: When mana produced by Path of Ancestry is spent to cast a creature spell that shares a creature type with your commander, scry 1. ([Shredder, Shadow Master - Creature 5 / 5]) [Card: Shredder, Shadow Master (4), Activator: Ai(1)-Destyn_Turtles, SpellAbility: Shredder, Shadow Master - Creature 5 / 5]
Resolve Stack: Shredder, Shadow Master - Creature 5 / 5
Add To Stack: Ai(1)-Destyn_Turtles triggered April O'Neil, Live on the Scene
Resolve Stack: Whenever a Mutant, Ninja, or Turtle you control enters, investigate. (Create a Clue token. It's an artifact with "{2}, Sacrifice this token: Draw a card.") [Zone Changer: Shredder, Shadow Master (4)]
Mana: Mona Lisa, Science Geek (61) - {T}: Add X mana of any one color, where X is Mona Lisa's power.
Add To Stack: Ai(1)-Destyn_Turtles cast Lita, Little Orphan Amphibian
Resolve Stack: Lita, Little Orphan Amphibian - Creature 2 / 1
Add To Stack: Ai(1)-Destyn_Turtles triggered April O'Neil, Live on the Scene
Resolve Stack: Whenever a Mutant, Ninja, or Turtle you control enters, investigate. (Create a Clue token. It's an artifact with "{2}, Sacrifice this token: Draw a card.") [Zone Changer: Lita, Little Orphan Amphibian (46)]
Mana: Big Apple, 3 a.m. (71) - {T}: Add one mana of the chosen color.
Add To Stack: Ai(1)-Destyn_Turtles cast Sol Ring
Resolve Stack: Sol Ring
Phase: Ai(1)-Destyn_Turtles' End step
Phase: Ai(1)-Destyn_Turtles' Cleanup step
Turn: Turn 35 (Ai(2)-GGS_Mission_diagnostic)
Phase: Ai(2)-GGS_Mission_diagnostic's Untap step
Phase: Ai(2)-GGS_Mission_diagnostic's Upkeep step
Phase: Ai(2)-GGS_Mission_diagnostic's Draw step
Phase: Ai(2)-GGS_Mission_diagnostic's Main phase, precombat
Add To Stack: Ai(2)-GGS_Mission_diagnostic triggered Mana Drain
Resolve Stack: At the beginning of your next main phase, add an amount of {C} equal to that spell's mana value. ([3]) [Phase: Ai(2)-GGS_Mission_diagnostic]
Add To Stack: Ai(2)-GGS_Mission_diagnostic cast Talisman of Dominance
Resolve Stack: Talisman of Dominance
Phase: Ai(2)-GGS_Mission_diagnostic's Beginning of Combat Step
Add To Stack: Ai(2)-GGS_Mission_diagnostic triggered Loyal Apprentice
Resolve Stack: Lieutenant — At the beginning of combat on your turn, if you control your commander, create a 1/1 colorless Thopter artifact creature token with flying. That token gains haste until end of turn. [Phase: Ai(2)-GGS_Mission_diagnostic]
Phase: Ai(2)-GGS_Mission_diagnostic's Declare Attackers Step
Combat: Ai(2)-GGS_Mission_diagnostic assigned Dragon Spirit Token (506), Thopter Token (496) and Thopter Token (580) to attack Ai(1)-Destyn_Turtles.
Phase: Ai(2)-GGS_Mission_diagnostic's Declare Blockers Step
Combat: Ai(1)-Destyn_Turtles didn't block Dragon Spirit Token (506).
Ai(1)-Destyn_Turtles didn't block Thopter Token (496).
Ai(1)-Destyn_Turtles didn't block Thopter Token (580).
Phase: Ai(2)-GGS_Mission_diagnostic's First Strike Damage Step
Phase: Ai(2)-GGS_Mission_diagnostic's Combat Damage Step
Damage: Dragon Spirit Token (506) deals 5 combat damage to Ai(1)-Destyn_Turtles.
Damage: Thopter Token (496) deals 1 combat damage to Ai(1)-Destyn_Turtles.
Damage: Thopter Token (580) deals 1 combat damage to Ai(1)-Destyn_Turtles.
Life: Life: Ai(1)-Destyn_Turtles 34 > 27
Add To Stack: Ai(2)-GGS_Mission_diagnostic triggered Goro-Goro and Satoru
Resolve Stack: Whenever one or more creatures you control that entered this turn deal combat damage to a player, create a 5/5 red Dragon Spirit creature token with flying. [Damaged: Ai(1)-Destyn_Turtles, Amount: 1]
Phase: Ai(2)-GGS_Mission_diagnostic's End of Combat Step
Phase: Ai(2)-GGS_Mission_diagnostic's Main phase, postcombat
Phase: Ai(2)-GGS_Mission_diagnostic's End step
Phase: Ai(2)-GGS_Mission_diagnostic's Cleanup step
Turn: Turn 36 (Ai(3)-Jaymie_Ezio)
Phase: Ai(3)-Jaymie_Ezio's Untap step
Phase: Ai(3)-Jaymie_Ezio's Upkeep step
Phase: Ai(3)-Jaymie_Ezio's Draw step
Phase: Ai(3)-Jaymie_Ezio's Main phase, precombat
Land: Ai(3)-Jaymie_Ezio played Mountain (290)
Phase: Ai(3)-Jaymie_Ezio's Beginning of Combat Step
Phase: Ai(3)-Jaymie_Ezio's Declare Attackers Step
Phase: Ai(3)-Jaymie_Ezio's Declare Blockers Step
Phase: Ai(3)-Jaymie_Ezio's First Strike Damage Step
Phase: Ai(3)-Jaymie_Ezio's Combat Damage Step
Phase: Ai(3)-Jaymie_Ezio's End of Combat Step
Phase: Ai(3)-Jaymie_Ezio's Main phase, postcombat
Mana: Chromatic Lantern (299) - {T}: Add one mana of any color.
Mana: Mountain (289) - {T}: Add {R}.
Mana: Mountain (290) - {T}: Add {R}.
Add To Stack: Ai(3)-Jaymie_Ezio cast Lydia Frye
Resolve Stack: Lydia Frye - Creature 3 / 2
Phase: Ai(3)-Jaymie_Ezio's End step
Add To Stack: Ai(3)-Jaymie_Ezio triggered Lydia Frye
Resolve Stack: At the beginning of your end step, surveil X, where X is the number of tapped Assassins you control. (Look at the top X cards of your library, then put any number of them into your graveyard and the rest on top of your library in any order.) [Phase: Ai(3)-Jaymie_Ezio]
Phase: Ai(3)-Jaymie_Ezio's Cleanup step
Turn: Turn 37 (Ai(4)-Gabe_Food)
Phase: Ai(4)-Gabe_Food's Untap step
Phase: Ai(4)-Gabe_Food's Upkeep step
Phase: Ai(4)-Gabe_Food's Draw step
Phase: Ai(4)-Gabe_Food's Main phase, precombat
Land: Ai(4)-Gabe_Food played Exotic Orchard (350)
Mana: Plains (392) - {T}: Add {W}.
Mana: Swamp (365) - {T}: Add {B}.
Mana: Swamp (364) - {T}: Add {B}.
Mana: Forest (339) - {T}: Add {G}.
Mana: Forest (335) - {T}: Add {G}.
Mana: Plains (391) - {T}: Add {W}.
Add To Stack: Ai(4)-Gabe_Food cast Eagles of the North
Resolve Stack: Eagles of the North - Creature 3 / 3
Add To Stack: Ai(4)-Gabe_Food triggered Eagles of the North
Resolve Stack: When Eagles of the North enters, creatures you control get +1/+0 and gain first strike until end of turn. [Zone Changer: Eagles of the North (381)]
Phase: Ai(4)-Gabe_Food's Beginning of Combat Step
Add To Stack: Ai(4)-Gabe_Food triggered Sam, Loyal Attendant
Resolve Stack: At the beginning of combat on your turn, create a Food token. (It's an artifact with "{2}, {T}, Sacrifice this token: You gain 3 life.") [Phase: Ai(4)-Gabe_Food]
Phase: Ai(4)-Gabe_Food's Declare Attackers Step
Phase: Ai(4)-Gabe_Food's Declare Blockers Step
Phase: Ai(4)-Gabe_Food's First Strike Damage Step
Phase: Ai(4)-Gabe_Food's Combat Damage Step
Phase: Ai(4)-Gabe_Food's End of Combat Step
Phase: Ai(4)-Gabe_Food's Main phase, postcombat
Mana: Exotic Orchard (350) - {T}: Add one mana of any color that a land an opponent controls could produce.
Mana: Command Tower (333) - {T}: Add one mana of any color in your commander's color identity.
Mana: Rogue's Passage (331) - {T}: Add {C}.
Add To Stack: Ai(4)-Gabe_Food cast Chromatic Lantern
Resolve Stack: Chromatic Lantern
Mana: Chromatic Lantern (401) - {T}: Add one mana of any color.
Mana: Prize Pig (332) - {T}: Add one mana of any color.
Add To Stack: Ai(4)-Gabe_Food cast Banquet Guests
Replacement Effect: Banquet Guests enters with twice X +1/+1 counters on it.
Resolve Stack: Banquet Guests - Creature 0 / 0 (X=7)
Phase: Ai(4)-Gabe_Food's End step
Mana: Sol Ring (53) - {T}: Add {C}{C}.
Zone Change: Clue Token (573) was put into Graveyard from Battlefield.
Add To Stack: Ai(1)-Destyn_Turtles activated Clue Token
Resolve Stack: Clue Token (573) - Ai(1)-Destyn_Turtles draws a card.
Phase: Ai(4)-Gabe_Food's Cleanup step
Turn: Turn 38 (Ai(1)-Destyn_Turtles)
Phase: Ai(1)-Destyn_Turtles' Untap step
Phase: Ai(1)-Destyn_Turtles' Upkeep step
Phase: Ai(1)-Destyn_Turtles' Draw step
Phase: Ai(1)-Destyn_Turtles' Main phase, precombat
Replacement Effect: This land enters tapped unless you control two or more basic lands.
Land: Ai(1)-Destyn_Turtles played Vernal Fen (58)
Mana: Sunken Hollow (24) - {T}: Add {B}.
Mana: Sol Ring (53) - {T}: Add {C}{C}.
Mana: Plains (87) - {T}: Add {W}.
Add To Stack: Ai(1)-Destyn_Turtles cast Dimension X Pizzasaur
Resolve Stack: Dimension X Pizzasaur - Creature 2 / 1
Add To Stack: Ai(1)-Destyn_Turtles triggered April O'Neil, Live on the Scene
Add To Stack: Ai(1)-Destyn_Turtles triggered Lita, Little Orphan Amphibian
Add To Stack: Ai(1)-Destyn_Turtles triggered Dimension X Pizzasaur targeting [Heroes in a Half Shell (72)]
Resolve Stack: When this creature enters, put two +1/+1 counters on target creature. When you do, destroy up to one target creature with mana value less than or equal to the number of counters among permanents you control. (Targeting: [[Heroes in a Half Shell (72)]]) [Zone Changer: Dimension X Pizzasaur (39)]
Add To Stack: Ai(1)-Destyn_Turtles triggered Dimension X Pizzasaur targeting [Banquet Guests (378)]
Zone Change: Banquet Guests (378) was put into Graveyard from Battlefield.
Resolve Stack: When you do, destroy up to one target creature with mana value less than or equal to the number of counters among permanents you control. (Targeting: [[Banquet Guests (378)]])
Resolve Stack: Ai(1)-Destyn_Turtles scried 1 card(s) to the bottom of the library
Resolve Stack: Alliance — Whenever another creature you control enters, scry 1. [Zone Changer: Dimension X Pizzasaur (39)]
Resolve Stack: Whenever a Mutant, Ninja, or Turtle you control enters, investigate. (Create a Clue token. It's an artifact with "{2}, Sacrifice this token: Draw a card.") [Zone Changer: Dimension X Pizzasaur (39)]
Add To Stack: Ai(1)-Destyn_Turtles triggered Leonardo, the Balance
Resolve Stack: Whenever a token you control enters, you may put a +1/+1 counter on each creature you control. Do this only once each turn. [Zone Changer: Clue Token (608)]
Phase: Ai(1)-Destyn_Turtles' Beginning of Combat Step
Phase: Ai(1)-Destyn_Turtles' Declare Attackers Step
Combat: Ai(1)-Destyn_Turtles assigned Heroes in a Half Shell (72), Shredder, Shadow Master (4), Leonardo, the Balance (101), Michelangelo, the Heart (99), April O'Neil, Live on the Scene (91), Mona Lisa, Science Geek (61) and Lita, Little Orphan Amphibian (46) to attack Ai(4)-Gabe_Food.
Add To Stack: Ai(1)-Destyn_Turtles triggered Shredder, Shadow Master
Resolve Stack: Whenever Shredder attacks a player, for each other opponent, create a token that's a copy of Shredder tapped and attacking that player, except it isn't legendary. Sacrifice those tokens at end of combat. [Attacker: Shredder, Shadow Master (4)]
Add To Stack: Ai(1)-Destyn_Turtles triggered April O'Neil, Live on the Scene
Add To Stack: Ai(1)-Destyn_Turtles triggered Lita, Little Orphan Amphibian
Add To Stack: Ai(1)-Destyn_Turtles triggered April O'Neil, Live on the Scene
Add To Stack: Ai(1)-Destyn_Turtles triggered Lita, Little Orphan Amphibian
Resolve Stack: Alliance — Whenever another creature you control enters, put a +1/+1 counter on Lita. [Zone Changer: Shredder, Shadow Master (619)]
Resolve Stack: Whenever a Mutant, Ninja, or Turtle you control enters, investigate. (Create a Clue token. It's an artifact with "{2}, Sacrifice this token: Draw a card.") [Zone Changer: Shredder, Shadow Master (619)]
Resolve Stack: Alliance — Whenever another creature you control enters, create a Food token. [Zone Changer: Shredder, Shadow Master (617)]
Resolve Stack: Whenever a Mutant, Ninja, or Turtle you control enters, investigate. (Create a Clue token. It's an artifact with "{2}, Sacrifice this token: Draw a card.") [Zone Changer: Shredder, Shadow Master (617)]
Phase: Ai(1)-Destyn_Turtles' Declare Blockers Step
Combat: Ai(2)-GGS_Mission_diagnostic didn't block Shredder, Shadow Master (617).
Combat: Ai(3)-Jaymie_Ezio didn't block Shredder, Shadow Master (619).
Combat: Ai(4)-Gabe_Food didn't block Heroes in a Half Shell (72).
Ai(4)-Gabe_Food assigned Mentor of the Meek (380) to block Shredder, Shadow Master (4).
Ai(4)-Gabe_Food assigned Rapacious Guest (312) to block Leonardo, the Balance (101).
Ai(4)-Gabe_Food assigned Sam, Loyal Attendant (404) to block Michelangelo, the Heart (99).
Ai(4)-Gabe_Food assigned Pippin, Warden of Isengard (343) to block April O'Neil, Live on the Scene (91).
Ai(4)-Gabe_Food didn't block Mona Lisa, Science Geek (61).
Ai(4)-Gabe_Food assigned Eagles of the North (381) to block Lita, Little Orphan Amphibian (46).
Phase: Ai(1)-Destyn_Turtles' First Strike Damage Step
Phase: Ai(1)-Destyn_Turtles' Combat Damage Step
Damage: Heroes in a Half Shell (72) deals 14 combat damage to Ai(4)-Gabe_Food.
Damage: Shredder, Shadow Master (4) deals 6 damage to Mentor of the Meek (380).
Damage: Leonardo, the Balance (101) deals 5 damage to Rapacious Guest (312).
Damage: Michelangelo, the Heart (99) deals 4 damage to Sam, Loyal Attendant (404).
Damage: April O'Neil, Live on the Scene (91) deals 4 damage to Pippin, Warden of Isengard (343).
Damage: Mona Lisa, Science Geek (61) deals 3 combat damage to Ai(4)-Gabe_Food.
Damage: Lita, Little Orphan Amphibian (46) deals 4 damage to Eagles of the North (381).
Damage: Shredder, Shadow Master (617) deals 5 combat damage to Ai(2)-GGS_Mission_diagnostic.
Damage: Shredder, Shadow Master (619) deals 5 combat damage to Ai(3)-Jaymie_Ezio.
Damage: Mentor of the Meek (380) deals 2 damage to Shredder, Shadow Master (4).
Damage: Rapacious Guest (312) deals 2 damage to Leonardo, the Balance (101).
Damage: Pippin, Warden of Isengard (343) deals 2 damage to April O'Neil, Live on the Scene (91).
Damage: Sam, Loyal Attendant (404) deals 2 damage to Michelangelo, the Heart (99).
Damage: Eagles of the North (381) deals 3 damage to Lita, Little Orphan Amphibian (46).
Life: Life: Ai(2)-GGS_Mission_diagnostic 40 > 35
Life: Life: Ai(3)-Jaymie_Ezio 34 > 29
Life: Life: Ai(4)-Gabe_Food 12 > -5
Zone Change: Lita, Little Orphan Amphibian (46) was put into Graveyard from Battlefield.
Add To Stack: Ai(1)-Destyn_Turtles triggered Shredder, Shadow Master
Add To Stack: Ai(1)-Destyn_Turtles triggered Shredder, Shadow Master
Add To Stack: Ai(1)-Destyn_Turtles triggered Heroes in a Half Shell
Add To Stack: Ai(1)-Destyn_Turtles triggered Heroes in a Half Shell
Add To Stack: Ai(1)-Destyn_Turtles triggered Heroes in a Half Shell
Resolve Stack: Whenever one or more Mutants, Ninjas, and/or Turtles you control deal combat damage to a player, put a +1/+1 counter on each of those creatures and draw a card. [Damaged: Ai(3)-Jaymie_Ezio, Amount: 5]
Resolve Stack: Whenever one or more Mutants, Ninjas, and/or Turtles you control deal combat damage to a player, put a +1/+1 counter on each of those creatures and draw a card. [Damaged: Ai(2)-GGS_Mission_diagnostic, Amount: 5]
Resolve Stack: Whenever one or more Mutants, Ninjas, and/or Turtles you control deal combat damage to a player, put a +1/+1 counter on each of those creatures and draw a card. [Damaged: Ai(4)-Gabe_Food, Amount: 17]
Life: Life: Ai(3)-Jaymie_Ezio 29 > 14
Resolve Stack: Whenever Shredder deals combat damage to a player, that player loses half their life, rounded up. [Damage Source: Shredder, Shadow Master (619), Damaged: Ai(3)-Jaymie_Ezio, Amount: 5]
Life: Life: Ai(2)-GGS_Mission_diagnostic 35 > 17
Resolve Stack: Whenever Shredder deals combat damage to a player, that player loses half their life, rounded up. [Damage Source: Shredder, Shadow Master (617), Damaged: Ai(2)-GGS_Mission_diagnostic, Amount: 5]
Phase: Ai(1)-Destyn_Turtles' End of Combat Step
Add To Stack: Ai(1)-Destyn_Turtles triggered Shredder, Shadow Master
Zone Change: Shredder, Shadow Master (617) was put into Graveyard from Battlefield.
Zone Change: Shredder, Shadow Master (619) was put into Graveyard from Battlefield.
Resolve Stack: Sacrifice those tokens at end of combat. ([Shredder, Shadow Master (617), Shredder, Shadow Master (619)]) [Phase: Ai(1)-Destyn_Turtles]
Phase: Ai(1)-Destyn_Turtles' Main phase, postcombat
Add To Stack: Ai(1)-Destyn_Turtles triggered Michelangelo, the Heart targeting [Heroes in a Half Shell (72)]
Resolve Stack: Raid (the Fridge) — At the beginning of your second main phase, if you attacked this turn, put a +1/+1 counter on target creature and create a Food token. (Targeting: [[Heroes in a Half Shell (72)]]) [Phase: Ai(1)-Destyn_Turtles]
Mana: Hinterland Harbor (23) - {T}: Add {G} or {U}.
Mana: Forest (37) - {T}: Add {G}.
Mana: Vernal Fen (58) - {T}: Add {G}.
Mana: Path of Ancestry (12) - {T}: Add one mana of any color in your commander's color identity. When that mana is spent to cast a creature spell that shares a creature type with your commander, scry 1. (Look at the top card of your library. You may put that card on the bottom.)
Add To Stack: Ai(1)-Destyn_Turtles cast Baxter, Fly in the Ointment
Add To Stack: Ai(1)-Destyn_Turtles triggered Path of Ancestry
Resolve Stack: Ai(1)-Destyn_Turtles scried 1 card(s) to the top of the library
Resolve Stack: When mana produced by Path of Ancestry is spent to cast a creature spell that shares a creature type with your commander, scry 1. ([Baxter, Fly in the Ointment - Creature 2 / 2]) [Card: Baxter, Fly in the Ointment (27), Activator: Ai(1)-Destyn_Turtles, SpellAbility: Baxter, Fly in the Ointment - Creature 2 / 2]
Resolve Stack: Baxter, Fly in the Ointment - Creature 2 / 2
Add To Stack: Ai(1)-Destyn_Turtles triggered April O'Neil, Live on the Scene
Add To Stack: Ai(1)-Destyn_Turtles triggered Baxter, Fly in the Ointment
Resolve Stack: Whenever Baxter enters or attacks, each creature you control with a counter on it gains flying until end of turn. [Zone Changer: Baxter, Fly in the Ointment (27)]
Resolve Stack: Whenever a Mutant, Ninja, or Turtle you control enters, investigate. (Create a Clue token. It's an artifact with "{2}, Sacrifice this token: Draw a card.") [Zone Changer: Baxter, Fly in the Ointment (27)]
Mana: Big Apple, 3 a.m. (71) - {T}: Add one mana of the chosen color.
Discard: Ai(1)-Destyn_Turtles discards Ash Barrens (70).
Add To Stack: Ai(1)-Destyn_Turtles activated Ash Barrens
Resolve Stack: Ash Barrens (70) - Ai(1)-Destyn_Turtles searches their library for a Basic card, reveals it, puts it into their hand, then shuffles.
Phase: Ai(1)-Destyn_Turtles' End step
Phase: Ai(1)-Destyn_Turtles' Cleanup step
Turn: Turn 39 (Ai(2)-GGS_Mission_diagnostic)
Phase: Ai(2)-GGS_Mission_diagnostic's Untap step
Phase: Ai(2)-GGS_Mission_diagnostic's Upkeep step
Phase: Ai(2)-GGS_Mission_diagnostic's Draw step
Phase: Ai(2)-GGS_Mission_diagnostic's Main phase, precombat
Phase: Ai(2)-GGS_Mission_diagnostic's Beginning of Combat Step
Add To Stack: Ai(2)-GGS_Mission_diagnostic triggered Loyal Apprentice
Resolve Stack: Lieutenant — At the beginning of combat on your turn, if you control your commander, create a 1/1 colorless Thopter artifact creature token with flying. That token gains haste until end of turn. [Phase: Ai(2)-GGS_Mission_diagnostic]
Mana: Mountain (195) - {T}: Add {R}.
Mana: Otawara, Soaring City (111) - {T}: Add {U}.
Add To Stack: Ai(2)-GGS_Mission_diagnostic activated Goro-Goro and Satoru
Resolve Stack: Goro-Goro and Satoru (201) - Creatures you control gain haste until end of turn.
Player Control: Ai(1)-Destyn_Turtles has restored control over themself
Player Control: Ai(2)-GGS_Mission_diagnostic has restored control over themself
Player Control: Ai(3)-Jaymie_Ezio has restored control over themself
Player Control: Ai(4)-Gabe_Food has restored control over themself
Game Outcome: Match Duration 3m : 56s
Game Outcome: Turn 20
Game Outcome: Ai(1)-Destyn_Turtles has won because all opponents have lost
Game Outcome: Ai(2)-GGS_Mission_diagnostic has won because all opponents have lost
Game Outcome: Ai(3)-Jaymie_Ezio has won because all opponents have lost
Game Outcome: Ai(4)-Gabe_Food has lost because life total reached 0
Match Result: Ai(1)-Destyn_Turtles: 0 Ai(2)-GGS_Mission_diagnostic: 0 Ai(3)-Jaymie_Ezio: 1 Ai(4)-Gabe_Food: 0 

Game Result: Game 1 ended in 240111 ms. Ai(3)-Jaymie_Ezio has won!

