Error handling registered!
20:40:01 [INFO ] GuiBase: ##########################################
20:40:01 [INFO ] GuiBase: APP: Forge v.2.0.15-SNAPSHOT-09.28
20:40:01 [INFO ] GuiBase: Java: 17.0.20 (Ubuntu)
20:40:01 [INFO ] GuiBase: OS: Linux 6.18.44 amd64
20:40:01 [INFO ] GuiBase: RAM: 1536 MB max, 8 CPUs
20:40:01 [INFO ] GuiBase: ##########################################
Language 'en-US' loaded successfully.
(ThreadUtil first call): Running with priority 5
Read cards: 34010 archived files in 1 ms (25 parts) using thread pool
Upcoming set Star Trek (TRK) dated in the future. All `upcoming` cards will be added to this set with unknown rarity.
The card A-Alrund's Epiphany was not assigned to any set. Adding it to UNKNOWN set... to fix see res/editions/ folder. 
The card A-Baba Lysaga, Night Witch was not assigned to any set. Adding it to UNKNOWN set... to fix see res/editions/ folder. 
The card A-Divide by Zero was not assigned to any set. Adding it to UNKNOWN set... to fix see res/editions/ folder. 
The card A-Esika's Chariot was not assigned to any set. Adding it to UNKNOWN set... to fix see res/editions/ folder. 
The card A-Faceless Haven was not assigned to any set. Adding it to UNKNOWN set... to fix see res/editions/ folder. 
The card A-Fires of Invention was not assigned to any set. Adding it to UNKNOWN set... to fix see res/editions/ folder. 
The card A-Goldspan Dragon was not assigned to any set. Adding it to UNKNOWN set... to fix see res/editions/ folder. 
The card A-Hullbreaker Horror was not assigned to any set. Adding it to UNKNOWN set... to fix see res/editions/ folder. 
The card A-Kumano Faces Kakkazan was not assigned to any set. Adding it to UNKNOWN set... to fix see res/editions/ folder. 
The card A-Luminarch Aspirant was not assigned to any set. Adding it to UNKNOWN set... to fix see res/editions/ folder. 
The card A-Monster Manual was not assigned to any set. Adding it to UNKNOWN set... to fix see res/editions/ folder. 
The card A-Omnath, Locus of Creation was not assigned to any set. Adding it to UNKNOWN set... to fix see res/editions/ folder. 
The card A-The Meathook Massacre was not assigned to any set. Adding it to UNKNOWN set... to fix see res/editions/ folder. 
The card A-Unholy Heat was not assigned to any set. Adding it to UNKNOWN set... to fix see res/editions/ folder. 
The card Blinding Radiance was not assigned to any set. Adding it to UNKNOWN set... to fix see res/editions/ folder. 
The card Goblin Bruiser was not assigned to any set. Adding it to UNKNOWN set... to fix see res/editions/ folder. 
The card Ogre Painbringer was not assigned to any set. Adding it to UNKNOWN set... to fix see res/editions/ folder. 
The card Titanic Pelagosaur was not assigned to any set. Adding it to UNKNOWN set... to fix see res/editions/ folder. 
The card Treetop Recluse was not assigned to any set. Adding it to UNKNOWN set... to fix see res/editions/ folder. 
Upcoming set Star Trek (TRK) dated in the future. All `upcoming` cards will be added to this set with unknown rarity.
Read cards: 854 files in 0 ms (8 parts) using thread pool
Simulation mode
Ai(1)-Destyn_Turtles vs Ai(2)-GGS_Four_card_package vs Ai(3)-Jaymie_Ezio vs Ai(4)-Gabe_Food - one game of Commander seed 20260930
Warning: default (ie. inherited from base class) implementation of confirmAction is used by Ezio Auditore da Firenze for forge.ai.ability.PermanentCreatureAi. Consider declaring an overloaded method
Warning: default (ie. inherited from base class) implementation of confirmAction is used by Michelangelo, the Heart for forge.ai.ability.PermanentCreatureAi. Consider declaring an overloaded method
Correcting zone for Face-down card (H1)
Mulligan: Ai(4)-Gabe_Food has kept a hand of 7 cards
Mulligan: Ai(1)-Destyn_Turtles has kept a hand of 7 cards
Mulligan: Ai(2)-GGS_Four_card_package has kept a hand of 7 cards
Mulligan: Ai(3)-Jaymie_Ezio has kept a hand of 7 cards
Turn: Turn 1 (Ai(4)-Gabe_Food)
Phase: Ai(4)-Gabe_Food's Untap step
Phase: Ai(4)-Gabe_Food's Upkeep step
Phase: Ai(4)-Gabe_Food's Draw step
Phase: Ai(4)-Gabe_Food's Main phase, precombat
Land: Ai(4)-Gabe_Food played Swamp (365)
Phase: Ai(4)-Gabe_Food's Beginning of Combat Step
Phase: Ai(4)-Gabe_Food's Declare Attackers Step
Phase: Ai(4)-Gabe_Food's Declare Blockers Step
Phase: Ai(4)-Gabe_Food's First Strike Damage Step
Phase: Ai(4)-Gabe_Food's Combat Damage Step
Phase: Ai(4)-Gabe_Food's End of Combat Step
Phase: Ai(4)-Gabe_Food's Main phase, postcombat
Phase: Ai(4)-Gabe_Food's End step
Phase: Ai(4)-Gabe_Food's Cleanup step
Turn: Turn 2 (Ai(1)-Destyn_Turtles)
Phase: Ai(1)-Destyn_Turtles' Untap step
Phase: Ai(1)-Destyn_Turtles' Upkeep step
Phase: Ai(1)-Destyn_Turtles' Draw step
Phase: Ai(1)-Destyn_Turtles' Main phase, precombat
Replacement Effect: Sunken Hollow enters tapped unless you control two or more basic lands.
Land: Ai(1)-Destyn_Turtles played Sunken Hollow (24)
Phase: Ai(1)-Destyn_Turtles' Beginning of Combat Step
Phase: Ai(1)-Destyn_Turtles' Declare Attackers Step
Phase: Ai(1)-Destyn_Turtles' Declare Blockers Step
Phase: Ai(1)-Destyn_Turtles' First Strike Damage Step
Phase: Ai(1)-Destyn_Turtles' Combat Damage Step
Phase: Ai(1)-Destyn_Turtles' End of Combat Step
Phase: Ai(1)-Destyn_Turtles' Main phase, postcombat
Phase: Ai(1)-Destyn_Turtles' End step
Phase: Ai(1)-Destyn_Turtles' Cleanup step
Turn: Turn 3 (Ai(2)-GGS_Four_card_package)
Phase: Ai(2)-GGS_Four_card_package's Untap step
Phase: Ai(2)-GGS_Four_card_package's Upkeep step
Phase: Ai(2)-GGS_Four_card_package's Draw step
Phase: Ai(2)-GGS_Four_card_package's Main phase, precombat
Replacement Effect: Training Center enters tapped unless you have two or more opponents.
Land: Ai(2)-GGS_Four_card_package played Training Center (130)
Phase: Ai(2)-GGS_Four_card_package's Beginning of Combat Step
Phase: Ai(2)-GGS_Four_card_package's Declare Attackers Step
Phase: Ai(2)-GGS_Four_card_package's Declare Blockers Step
Phase: Ai(2)-GGS_Four_card_package's First Strike Damage Step
Phase: Ai(2)-GGS_Four_card_package's Combat Damage Step
Phase: Ai(2)-GGS_Four_card_package's End of Combat Step
Phase: Ai(2)-GGS_Four_card_package's Main phase, postcombat
Mana: Training Center (130) - {T}: Add {U} or {R}.
Add To Stack: Ai(2)-GGS_Four_card_package cast Ragavan, Nimble Pilferer
Resolve Stack: Ragavan, Nimble Pilferer - Creature 2 / 1
Phase: Ai(2)-GGS_Four_card_package's End step
Phase: Ai(2)-GGS_Four_card_package's Cleanup step
Turn: Turn 4 (Ai(3)-Jaymie_Ezio)
Phase: Ai(3)-Jaymie_Ezio's Untap step
Phase: Ai(3)-Jaymie_Ezio's Upkeep step
Phase: Ai(3)-Jaymie_Ezio's Draw step
Phase: Ai(3)-Jaymie_Ezio's Main phase, precombat
Land: Ai(3)-Jaymie_Ezio played Command Tower (234)
Phase: Ai(3)-Jaymie_Ezio's Beginning of Combat Step
Phase: Ai(3)-Jaymie_Ezio's Declare Attackers Step
Phase: Ai(3)-Jaymie_Ezio's Declare Blockers Step
Phase: Ai(3)-Jaymie_Ezio's First Strike Damage Step
Phase: Ai(3)-Jaymie_Ezio's Combat Damage Step
Phase: Ai(3)-Jaymie_Ezio's End of Combat Step
Phase: Ai(3)-Jaymie_Ezio's Main phase, postcombat
Phase: Ai(3)-Jaymie_Ezio's End step
Phase: Ai(3)-Jaymie_Ezio's Cleanup step
Turn: Turn 5 (Ai(4)-Gabe_Food)
Phase: Ai(4)-Gabe_Food's Untap step
Phase: Ai(4)-Gabe_Food's Upkeep step
Phase: Ai(4)-Gabe_Food's Draw step
Phase: Ai(4)-Gabe_Food's Main phase, precombat
Land: Ai(4)-Gabe_Food played Rogue's Passage (331)
Phase: Ai(4)-Gabe_Food's Beginning of Combat Step
Phase: Ai(4)-Gabe_Food's Declare Attackers Step
Phase: Ai(4)-Gabe_Food's Declare Blockers Step
Phase: Ai(4)-Gabe_Food's First Strike Damage Step
Phase: Ai(4)-Gabe_Food's Combat Damage Step
Phase: Ai(4)-Gabe_Food's End of Combat Step
Phase: Ai(4)-Gabe_Food's Main phase, postcombat
Phase: Ai(4)-Gabe_Food's End step
Phase: Ai(4)-Gabe_Food's Cleanup step
Turn: Turn 6 (Ai(1)-Destyn_Turtles)
Phase: Ai(1)-Destyn_Turtles' Untap step
Phase: Ai(1)-Destyn_Turtles' Upkeep step
Phase: Ai(1)-Destyn_Turtles' Draw step
Phase: Ai(1)-Destyn_Turtles' Main phase, precombat
Replacement Effect: Path of Ancestry enters tapped.
Land: Ai(1)-Destyn_Turtles played Path of Ancestry (12)
Phase: Ai(1)-Destyn_Turtles' Beginning of Combat Step
Phase: Ai(1)-Destyn_Turtles' Declare Attackers Step
Phase: Ai(1)-Destyn_Turtles' Declare Blockers Step
Phase: Ai(1)-Destyn_Turtles' First Strike Damage Step
Phase: Ai(1)-Destyn_Turtles' Combat Damage Step
Phase: Ai(1)-Destyn_Turtles' End of Combat Step
Phase: Ai(1)-Destyn_Turtles' Main phase, postcombat
Phase: Ai(1)-Destyn_Turtles' End step
Phase: Ai(1)-Destyn_Turtles' Cleanup step
Turn: Turn 7 (Ai(2)-GGS_Four_card_package)
Phase: Ai(2)-GGS_Four_card_package's Untap step
Phase: Ai(2)-GGS_Four_card_package's Upkeep step
Phase: Ai(2)-GGS_Four_card_package's Draw step
Phase: Ai(2)-GGS_Four_card_package's Main phase, precombat
Life: Life: Ai(2)-GGS_Four_card_package 40 > 38
Replacement Effect: As Watery Grave enters, you may pay 2 life. If you don't, it enters tapped.
Land: Ai(2)-GGS_Four_card_package played Watery Grave (172)
Mana: Training Center (130) - {T}: Add {U} or {R}.
Mana: Watery Grave (172) - {T}: Add {B}.
Add To Stack: Ai(2)-GGS_Four_card_package cast Loyal Apprentice
Resolve Stack: Loyal Apprentice - Creature 2 / 1
Phase: Ai(2)-GGS_Four_card_package's Beginning of Combat Step
Phase: Ai(2)-GGS_Four_card_package's Declare Attackers Step
Combat: Ai(2)-GGS_Four_card_package assigned Ragavan, Nimble Pilferer (185) and Loyal Apprentice (102) to attack Ai(1)-Destyn_Turtles.
Phase: Ai(2)-GGS_Four_card_package's Declare Blockers Step
Combat: Ai(1)-Destyn_Turtles didn't block Ragavan, Nimble Pilferer (185).
Ai(1)-Destyn_Turtles didn't block Loyal Apprentice (102).
Phase: Ai(2)-GGS_Four_card_package's First Strike Damage Step
Phase: Ai(2)-GGS_Four_card_package's Combat Damage Step
Damage: Ragavan, Nimble Pilferer (185) deals 2 combat damage to Ai(1)-Destyn_Turtles.
Damage: Loyal Apprentice (102) deals 2 combat damage to Ai(1)-Destyn_Turtles.
Life: Life: Ai(1)-Destyn_Turtles 40 > 36
Add To Stack: Ai(2)-GGS_Four_card_package triggered Ragavan, Nimble Pilferer
Resolve Stack: Whenever Ragavan, Nimble Pilferer deals combat damage to a player, create a Treasure token and exile the top card of that player's library. Until end of turn, you may cast that card. [Damage Source: Ragavan, Nimble Pilferer (185), Damaged: Ai(1)-Destyn_Turtles, Amount: 2]
Phase: Ai(2)-GGS_Four_card_package's End of Combat Step
Phase: Ai(2)-GGS_Four_card_package's Main phase, postcombat
Phase: Ai(2)-GGS_Four_card_package's End step
Mana: Command Tower (234) - {T}: Add one mana of any color in your commander's color identity.
Add To Stack: Ai(3)-Jaymie_Ezio cast Swords to Plowshares targeting [Loyal Apprentice (102)]
Zone Change: Loyal Apprentice (102) was put into Exile from Battlefield.
Life: Life: Ai(2)-GGS_Four_card_package 38 > 40
Resolve Stack: Swords to Plowshares (285) - Exile Loyal Apprentice (102). Ai(2)-GGS_Four_card_package gains life equal to its power.
Phase: Ai(2)-GGS_Four_card_package's Cleanup step
Turn: Turn 8 (Ai(3)-Jaymie_Ezio)
Phase: Ai(3)-Jaymie_Ezio's Untap step
Phase: Ai(3)-Jaymie_Ezio's Upkeep step
Phase: Ai(3)-Jaymie_Ezio's Draw step
Phase: Ai(3)-Jaymie_Ezio's Main phase, precombat
Land: Ai(3)-Jaymie_Ezio played Twilight Mire (271)
Phase: Ai(3)-Jaymie_Ezio's Beginning of Combat Step
Phase: Ai(3)-Jaymie_Ezio's Declare Attackers Step
Phase: Ai(3)-Jaymie_Ezio's Declare Blockers Step
Phase: Ai(3)-Jaymie_Ezio's First Strike Damage Step
Phase: Ai(3)-Jaymie_Ezio's Combat Damage Step
Phase: Ai(3)-Jaymie_Ezio's End of Combat Step
Phase: Ai(3)-Jaymie_Ezio's Main phase, postcombat
Mana: Command Tower (234) - {T}: Add one mana of any color in your commander's color identity.
Mana: Twilight Mire (271) - {T}: Add {C}.
Add To Stack: Ai(3)-Jaymie_Ezio cast Ezio Auditore da Firenze
Resolve Stack: Ezio Auditore da Firenze - Creature 3 / 2
Phase: Ai(3)-Jaymie_Ezio's End step
Phase: Ai(3)-Jaymie_Ezio's Cleanup step
Turn: Turn 9 (Ai(4)-Gabe_Food)
Phase: Ai(4)-Gabe_Food's Untap step
Phase: Ai(4)-Gabe_Food's Upkeep step
Phase: Ai(4)-Gabe_Food's Draw step
Phase: Ai(4)-Gabe_Food's Main phase, precombat
Land: Ai(4)-Gabe_Food played Plains (392)
Phase: Ai(4)-Gabe_Food's Beginning of Combat Step
Phase: Ai(4)-Gabe_Food's Declare Attackers Step
Phase: Ai(4)-Gabe_Food's Declare Blockers Step
Phase: Ai(4)-Gabe_Food's First Strike Damage Step
Phase: Ai(4)-Gabe_Food's Combat Damage Step
Phase: Ai(4)-Gabe_Food's End of Combat Step
Phase: Ai(4)-Gabe_Food's Main phase, postcombat
Mana: Plains (392) - {T}: Add {W}.
Mana: Swamp (365) - {T}: Add {B}.
Add To Stack: Ai(4)-Gabe_Food cast Frodo, Adventurous Hobbit
Resolve Stack: Frodo, Adventurous Hobbit - Creature 1 / 3
Add To Stack: Ai(4)-Gabe_Food triggered Frodo, Adventurous Hobbit targeting [Ai(4)-Gabe_Food]
Resolve Stack: Partner with Sam, Loyal Attendant (When this creature enters, target player may put Sam into their hand from their library, then shuffle.) (Targeting: [[Ai(4)-Gabe_Food]]) [Zone Changer: Frodo, Adventurous Hobbit (402)]
Phase: Ai(4)-Gabe_Food's End step
Phase: Ai(4)-Gabe_Food's Cleanup step
Turn: Turn 10 (Ai(1)-Destyn_Turtles)
Phase: Ai(1)-Destyn_Turtles' Untap step
Phase: Ai(1)-Destyn_Turtles' Upkeep step
Phase: Ai(1)-Destyn_Turtles' Draw step
Phase: Ai(1)-Destyn_Turtles' Main phase, precombat
Land: Ai(1)-Destyn_Turtles played Evolving Wilds (32)
Zone Change: Evolving Wilds (32) was put into Graveyard from Battlefield.
Add To Stack: Ai(1)-Destyn_Turtles activated Evolving Wilds
Resolve Stack: Evolving Wilds (32) - Ai(1)-Destyn_Turtles searches their library for a basic land card, puts it onto the battlefield tapped, then shuffles.
Phase: Ai(1)-Destyn_Turtles' Beginning of Combat Step
Phase: Ai(1)-Destyn_Turtles' Declare Attackers Step
Phase: Ai(1)-Destyn_Turtles' Declare Blockers Step
Phase: Ai(1)-Destyn_Turtles' First Strike Damage Step
Phase: Ai(1)-Destyn_Turtles' Combat Damage Step
Phase: Ai(1)-Destyn_Turtles' End of Combat Step
Phase: Ai(1)-Destyn_Turtles' Main phase, postcombat
Mana: Path of Ancestry (12) - {T}: Add one mana of any color in your commander's color identity. When that mana is spent to cast a creature spell that shares a creature type with your commander, scry 1. (Look at the top card of your library. You may put that card on the bottom.)
Mana: Sunken Hollow (24) - {T}: Add {B}.
Add To Stack: Ai(1)-Destyn_Turtles cast Michelangelo, the Heart
Add To Stack: Ai(1)-Destyn_Turtles triggered Path of Ancestry
Resolve Stack: Ai(1)-Destyn_Turtles scried 1 card(s) to the top of the library
Resolve Stack: When mana produced by Path of Ancestry is spent to cast a creature spell that shares a creature type with your commander, scry 1. ([Michelangelo, the Heart - Creature 2 / 1]) [Card: Michelangelo, the Heart (99), Activator: Ai(1)-Destyn_Turtles, SpellAbility: Michelangelo, the Heart - Creature 2 / 1]
Resolve Stack: Michelangelo, the Heart - Creature 2 / 1
Phase: Ai(1)-Destyn_Turtles' End step
Phase: Ai(1)-Destyn_Turtles' Cleanup step
Turn: Turn 11 (Ai(2)-GGS_Four_card_package)
Phase: Ai(2)-GGS_Four_card_package's Untap step
Phase: Ai(2)-GGS_Four_card_package's Upkeep step
Phase: Ai(2)-GGS_Four_card_package's Draw step
Phase: Ai(2)-GGS_Four_card_package's Main phase, precombat
Replacement Effect: Morphic Pool enters tapped unless you have two or more opponents.
Land: Ai(2)-GGS_Four_card_package played Morphic Pool (131)
Phase: Ai(2)-GGS_Four_card_package's Beginning of Combat Step
Phase: Ai(2)-GGS_Four_card_package's Declare Attackers Step
Mana: Morphic Pool (131) - {T}: Add {U} or {B}.
Mana: Watery Grave (172) - {T}: Add {B}.
Mana: Training Center (130) - {T}: Add {U} or {R}.
Zone Change: Treasure Token (407) was put into Graveyard from Battlefield.
Mana: Treasure Token (407) - {T}, Sacrifice this token: Add one mana of any color.
Add To Stack: Ai(2)-GGS_Four_card_package cast Fell the Profane targeting [Ezio Auditore da Firenze (302)]
Zone Change: Ezio Auditore da Firenze (302) was put into Graveyard from Battlefield.
Resolve Stack: Fell the Profane (168) - Destroy Ezio Auditore da Firenze (302).
Phase: Ai(2)-GGS_Four_card_package's Declare Blockers Step
Phase: Ai(2)-GGS_Four_card_package's First Strike Damage Step
Phase: Ai(2)-GGS_Four_card_package's Combat Damage Step
Phase: Ai(2)-GGS_Four_card_package's End of Combat Step
Phase: Ai(2)-GGS_Four_card_package's Main phase, postcombat
Phase: Ai(2)-GGS_Four_card_package's End step
Phase: Ai(2)-GGS_Four_card_package's Cleanup step
Turn: Turn 12 (Ai(3)-Jaymie_Ezio)
Phase: Ai(3)-Jaymie_Ezio's Untap step
Phase: Ai(3)-Jaymie_Ezio's Upkeep step
Phase: Ai(3)-Jaymie_Ezio's Draw step
Phase: Ai(3)-Jaymie_Ezio's Main phase, precombat
Land: Ai(3)-Jaymie_Ezio played Kessig Wolf Run (206)
Phase: Ai(3)-Jaymie_Ezio's Beginning of Combat Step
Phase: Ai(3)-Jaymie_Ezio's Declare Attackers Step
Phase: Ai(3)-Jaymie_Ezio's Declare Blockers Step
Phase: Ai(3)-Jaymie_Ezio's First Strike Damage Step
Phase: Ai(3)-Jaymie_Ezio's Combat Damage Step
Phase: Ai(3)-Jaymie_Ezio's End of Combat Step
Phase: Ai(3)-Jaymie_Ezio's Main phase, postcombat
Mana: Twilight Mire (271) - {T}: Add {C}.
Mana: Command Tower (234) - {T}: Add one mana of any color in your commander's color identity.
Mana: Kessig Wolf Run (206) - {T}: Add {C}.
Add To Stack: Ai(3)-Jaymie_Ezio cast Chromatic Lantern
Resolve Stack: Chromatic Lantern
Phase: Ai(3)-Jaymie_Ezio's End step
Phase: Ai(3)-Jaymie_Ezio's Cleanup step
Turn: Turn 13 (Ai(4)-Gabe_Food)
Phase: Ai(4)-Gabe_Food's Untap step
Phase: Ai(4)-Gabe_Food's Upkeep step
Phase: Ai(4)-Gabe_Food's Draw step
Phase: Ai(4)-Gabe_Food's Main phase, precombat
Phase: Ai(4)-Gabe_Food's Beginning of Combat Step
Phase: Ai(4)-Gabe_Food's Declare Attackers Step
Combat: Ai(4)-Gabe_Food assigned Frodo, Adventurous Hobbit (402) to attack Ai(1)-Destyn_Turtles.
Phase: Ai(4)-Gabe_Food's Declare Blockers Step
Combat: Ai(1)-Destyn_Turtles didn't block Frodo, Adventurous Hobbit (402).
Phase: Ai(4)-Gabe_Food's First Strike Damage Step
Phase: Ai(4)-Gabe_Food's Combat Damage Step
Damage: Frodo, Adventurous Hobbit (402) deals 1 combat damage to Ai(1)-Destyn_Turtles.
Life: Life: Ai(1)-Destyn_Turtles 36 > 35
Phase: Ai(4)-Gabe_Food's End of Combat Step
Phase: Ai(4)-Gabe_Food's Main phase, postcombat
Mana: Swamp (365) - {T}: Add {B}.
Mana: Plains (392) - {T}: Add {W}.
Mana: Rogue's Passage (331) - {T}: Add {C}.
Add To Stack: Ai(4)-Gabe_Food cast Commander's Sphere
Resolve Stack: Commander's Sphere
Phase: Ai(4)-Gabe_Food's End step
Phase: Ai(4)-Gabe_Food's Cleanup step
Turn: Turn 14 (Ai(1)-Destyn_Turtles)
Phase: Ai(1)-Destyn_Turtles' Untap step
Phase: Ai(1)-Destyn_Turtles' Upkeep step
Phase: Ai(1)-Destyn_Turtles' Draw step
Phase: Ai(1)-Destyn_Turtles' Main phase, precombat
Replacement Effect: Smoldering Marsh enters tapped unless you control two or more basic lands.
Land: Ai(1)-Destyn_Turtles played Smoldering Marsh (68)
Mana: Sunken Hollow (24) - {T}: Add {U}.
Mana: Plains (88) - {T}: Add {W}.
Mana: Path of Ancestry (12) - {T}: Add one mana of any color in your commander's color identity. When that mana is spent to cast a creature spell that shares a creature type with your commander, scry 1. (Look at the top card of your library. You may put that card on the bottom.)
Add To Stack: Ai(1)-Destyn_Turtles cast Irma, Part-Time Mutant
Add To Stack: Ai(1)-Destyn_Turtles triggered Path of Ancestry
Resolve Stack: Ai(1)-Destyn_Turtles scried 1 card(s) to the top of the library
Resolve Stack: When mana produced by Path of Ancestry is spent to cast a creature spell that shares a creature type with your commander, scry 1. ([Irma, Part-Time Mutant - Creature 1 / 1]) [Card: Irma, Part-Time Mutant (7), Activator: Ai(1)-Destyn_Turtles, SpellAbility: Irma, Part-Time Mutant - Creature 1 / 1]
Resolve Stack: Irma, Part-Time Mutant - Creature 1 / 1
Phase: Ai(1)-Destyn_Turtles' Beginning of Combat Step
Add To Stack: Ai(1)-Destyn_Turtles triggered Irma, Part-Time Mutant targeting [Michelangelo, the Heart (99)]
Resolve Stack: At the beginning of combat on your turn, Irma becomes a copy of up to one other target creature you control, except her name is Irma, Part-Time Mutant and she has this ability. Then put a +1/+1 counter on her. (Targeting: [[Michelangelo, the Heart (99)]]) [Phase: Ai(1)-Destyn_Turtles]
Phase: Ai(1)-Destyn_Turtles' Declare Attackers Step
Phase: Ai(1)-Destyn_Turtles' Declare Blockers Step
Phase: Ai(1)-Destyn_Turtles' First Strike Damage Step
Phase: Ai(1)-Destyn_Turtles' Combat Damage Step
Phase: Ai(1)-Destyn_Turtles' End of Combat Step
Phase: Ai(1)-Destyn_Turtles' Main phase, postcombat
Phase: Ai(1)-Destyn_Turtles' End step
Phase: Ai(1)-Destyn_Turtles' Cleanup step
Turn: Turn 15 (Ai(2)-GGS_Four_card_package)
Phase: Ai(2)-GGS_Four_card_package's Untap step
Phase: Ai(2)-GGS_Four_card_package's Upkeep step
Phase: Ai(2)-GGS_Four_card_package's Draw step
Phase: Ai(2)-GGS_Four_card_package's Main phase, precombat
Land: Ai(2)-GGS_Four_card_package played Bloodstained Mire (140)
Life: Life: Ai(2)-GGS_Four_card_package 40 > 39
Zone Change: Bloodstained Mire (140) was put into Graveyard from Battlefield.
Add To Stack: Ai(2)-GGS_Four_card_package activated Bloodstained Mire
Replacement Effect: As Steam Vents enters, you may pay 2 life. If you don't, it enters tapped.
Resolve Stack: Bloodstained Mire (140) - Ai(2)-GGS_Four_card_package searches their library for a Swamp or Mountain card, puts it onto the battlefield, then shuffles.
Phase: Ai(2)-GGS_Four_card_package's Beginning of Combat Step
Phase: Ai(2)-GGS_Four_card_package's Declare Attackers Step
Phase: Ai(2)-GGS_Four_card_package's Declare Blockers Step
Phase: Ai(2)-GGS_Four_card_package's First Strike Damage Step
Phase: Ai(2)-GGS_Four_card_package's Combat Damage Step
Phase: Ai(2)-GGS_Four_card_package's End of Combat Step
Phase: Ai(2)-GGS_Four_card_package's Main phase, postcombat
Mana: Training Center (130) - {T}: Add {U} or {R}.
Mana: Morphic Pool (131) - {T}: Add {U} or {B}.
Mana: Watery Grave (172) - {T}: Add {B}.
Add To Stack: Ai(2)-GGS_Four_card_package cast Goro-Goro and Satoru
Resolve Stack: Goro-Goro and Satoru - Creature 3 / 4
Phase: Ai(2)-GGS_Four_card_package's End step
Phase: Ai(2)-GGS_Four_card_package's Cleanup step
Turn: Turn 16 (Ai(3)-Jaymie_Ezio)
Phase: Ai(3)-Jaymie_Ezio's Untap step
Phase: Ai(3)-Jaymie_Ezio's Upkeep step
Phase: Ai(3)-Jaymie_Ezio's Draw step
Phase: Ai(3)-Jaymie_Ezio's Main phase, precombat
Land: Ai(3)-Jaymie_Ezio played Mountain (289)
Phase: Ai(3)-Jaymie_Ezio's Beginning of Combat Step
Phase: Ai(3)-Jaymie_Ezio's Declare Attackers Step
Phase: Ai(3)-Jaymie_Ezio's Declare Blockers Step
Phase: Ai(3)-Jaymie_Ezio's First Strike Damage Step
Phase: Ai(3)-Jaymie_Ezio's Combat Damage Step
Phase: Ai(3)-Jaymie_Ezio's End of Combat Step
Phase: Ai(3)-Jaymie_Ezio's Main phase, postcombat
Mana: Chromatic Lantern (299) - {T}: Add one mana of any color.
Mana: Mountain (289) - {T}: Add {R}.
Mana: Command Tower (234) - {T}: Add one mana of any color.
Mana: Twilight Mire (271) - {T}: Add {C}.
Add To Stack: Ai(3)-Jaymie_Ezio cast Ezio Auditore da Firenze
Resolve Stack: Ezio Auditore da Firenze - Creature 3 / 2
Phase: Ai(3)-Jaymie_Ezio's End step
Zone Change: Commander's Sphere (321) was put into Graveyard from Battlefield.
Add To Stack: Ai(4)-Gabe_Food activated Commander's Sphere
Resolve Stack: Commander's Sphere (321) - Ai(4)-Gabe_Food draws a card.
Phase: Ai(3)-Jaymie_Ezio's Cleanup step
Turn: Turn 17 (Ai(4)-Gabe_Food)
Phase: Ai(4)-Gabe_Food's Untap step
Phase: Ai(4)-Gabe_Food's Upkeep step
Phase: Ai(4)-Gabe_Food's Draw step
Phase: Ai(4)-Gabe_Food's Main phase, precombat
Land: Ai(4)-Gabe_Food played Forest (342)
Mana: Swamp (365) - {T}: Add {B}.
Mana: Forest (342) - {T}: Add {G}.
Add To Stack: Ai(4)-Gabe_Food cast Pippin, Warden of Isengard
Resolve Stack: Pippin, Warden of Isengard - Creature 2 / 2
Add To Stack: Ai(4)-Gabe_Food triggered Pippin, Warden of Isengard targeting [Ai(4)-Gabe_Food]
Resolve Stack: Partner with Merry, Warden of Isengard (When this creature enters, target player may put Merry into their hand from their library, then shuffle.) (Targeting: [[Ai(4)-Gabe_Food]]) [Zone Changer: Pippin, Warden of Isengard (343)]
Phase: Ai(4)-Gabe_Food's Beginning of Combat Step
Phase: Ai(4)-Gabe_Food's Declare Attackers Step
Phase: Ai(4)-Gabe_Food's Declare Blockers Step
Phase: Ai(4)-Gabe_Food's First Strike Damage Step
Phase: Ai(4)-Gabe_Food's Combat Damage Step
Phase: Ai(4)-Gabe_Food's End of Combat Step
Phase: Ai(4)-Gabe_Food's Main phase, postcombat
Phase: Ai(4)-Gabe_Food's End step
Phase: Ai(4)-Gabe_Food's Cleanup step
Discard: Ai(4)-Gabe_Food discards Dusk // Dawn (315).
Turn: Turn 18 (Ai(1)-Destyn_Turtles)
Phase: Ai(1)-Destyn_Turtles' Untap step
Phase: Ai(1)-Destyn_Turtles' Upkeep step
Phase: Ai(1)-Destyn_Turtles' Draw step
Mana: Sunken Hollow (24) - {T}: Add {U}.
Mana: Plains (88) - {T}: Add {W}.
Add To Stack: Ai(1)-Destyn_Turtles cast Double Jump targeting [Irma, Part-Time Mutant (7)]
Resolve Stack: Double Jump (26) - Put a flying counter on target creature you control. Until end of turn, it has base power and toughness 5/5. (Targeting: Irma, Part-Time Mutant (7)) 
Phase: Ai(1)-Destyn_Turtles' Main phase, precombat
Mana: Path of Ancestry (12) - {T}: Add one mana of any color in your commander's color identity. When that mana is spent to cast a creature spell that shares a creature type with your commander, scry 1. (Look at the top card of your library. You may put that card on the bottom.)
Mana: Smoldering Marsh (68) - {T}: Add {R}.
Add To Stack: Ai(1)-Destyn_Turtles cast Level Up targeting [Irma, Part-Time Mutant (7)]
Resolve Stack: Level Up (90) -  Attach to Irma, Part-Time Mutant (7)
Add To Stack: Ai(1)-Destyn_Turtles triggered Level Up
Resolve Stack: When this Aura enters, put a +1/+1 counter on enchanted creature. [Zone Changer: Level Up (90)]
Phase: Ai(1)-Destyn_Turtles' Beginning of Combat Step
Add To Stack: Ai(1)-Destyn_Turtles triggered Irma, Part-Time Mutant targeting [Michelangelo, the Heart (99)]
Resolve Stack: At the beginning of combat on your turn, Irma becomes a copy of up to one other target creature you control, except her name is Irma, Part-Time Mutant and she has this ability. Then put a +1/+1 counter on her. (Targeting: [[Michelangelo, the Heart (99)]]) [Phase: Ai(1)-Destyn_Turtles]
Phase: Ai(1)-Destyn_Turtles' Declare Attackers Step
Combat: Ai(1)-Destyn_Turtles assigned Irma, Part-Time Mutant (7) to attack Ai(4)-Gabe_Food.
Add To Stack: Ai(1)-Destyn_Turtles triggered Irma, Part-Time Mutant
Resolve Stack: Whenever this creature attacks, double the number of +1/+1 counters on it. Then if it has power 10 or greater, draw a card. [Attacker: Irma, Part-Time Mutant (7)]
Phase: Ai(1)-Destyn_Turtles' Declare Blockers Step
Combat: Ai(4)-Gabe_Food didn't block Irma, Part-Time Mutant (7).
Phase: Ai(1)-Destyn_Turtles' First Strike Damage Step
Phase: Ai(1)-Destyn_Turtles' Combat Damage Step
Damage: Irma, Part-Time Mutant (7) deals 11 combat damage to Ai(4)-Gabe_Food.
Life: Life: Ai(4)-Gabe_Food 40 > 29
Phase: Ai(1)-Destyn_Turtles' End of Combat Step
Phase: Ai(1)-Destyn_Turtles' Main phase, postcombat
Add To Stack: Ai(1)-Destyn_Turtles triggered Michelangelo, the Heart targeting [Irma, Part-Time Mutant (7)]
Add To Stack: Ai(1)-Destyn_Turtles triggered Irma, Part-Time Mutant targeting [Irma, Part-Time Mutant (7)]
Resolve Stack: Raid (the Fridge) — At the beginning of your second main phase, if you attacked this turn, put a +1/+1 counter on target creature and create a Food token. (Targeting: [[Irma, Part-Time Mutant (7)]]) [Phase: Ai(1)-Destyn_Turtles]
Resolve Stack: Raid (the Fridge) — At the beginning of your second main phase, if you attacked this turn, put a +1/+1 counter on target creature and create a Food token. (Targeting: [[Irma, Part-Time Mutant (7)]]) [Phase: Ai(1)-Destyn_Turtles]
Land: Ai(1)-Destyn_Turtles played Island (30)
Phase: Ai(1)-Destyn_Turtles' End step
Phase: Ai(1)-Destyn_Turtles' Cleanup step
Turn: Turn 19 (Ai(2)-GGS_Four_card_package)
Phase: Ai(2)-GGS_Four_card_package's Untap step
Phase: Ai(2)-GGS_Four_card_package's Upkeep step
Phase: Ai(2)-GGS_Four_card_package's Draw step
Phase: Ai(2)-GGS_Four_card_package's Main phase, precombat
Land: Ai(2)-GGS_Four_card_package played Riverpyre Verge (196)
Phase: Ai(2)-GGS_Four_card_package's Beginning of Combat Step
Phase: Ai(2)-GGS_Four_card_package's Declare Attackers Step
Combat: Ai(2)-GGS_Four_card_package assigned Goro-Goro and Satoru (201) to attack Ai(1)-Destyn_Turtles.
Phase: Ai(2)-GGS_Four_card_package's Declare Blockers Step
Combat: Ai(1)-Destyn_Turtles didn't block Goro-Goro and Satoru (201).
Mana: Training Center (130) - {T}: Add {U} or {R}.
Mana: Morphic Pool (131) - {T}: Add {U} or {B}.
Mana: Watery Grave (172) - {T}: Add {B}.
Mana: Steam Vents (142) - {T}: Add {R}.
Add To Stack: Ai(2)-GGS_Four_card_package activated Higure, the Still Wind
Resolve Stack: Higure, the Still Wind (149) - Ai(2)-GGS_Four_card_package puts Higure, the Still Wind (149) from their hand onto the battlefield tapped and attacking.
Phase: Ai(2)-GGS_Four_card_package's First Strike Damage Step
Phase: Ai(2)-GGS_Four_card_package's Combat Damage Step
Damage: Higure, the Still Wind (149) deals 3 combat damage to Ai(1)-Destyn_Turtles.
Life: Life: Ai(1)-Destyn_Turtles 35 > 32
Add To Stack: Ai(2)-GGS_Four_card_package triggered Higure, the Still Wind
Resolve Stack: Whenever Higure, the Still Wind deals combat damage to a player, you may search your library for a Ninja card, reveal it, put it into your hand, then shuffle. [Damage Source: Higure, the Still Wind (149), Damaged: Ai(1)-Destyn_Turtles, Amount: 3]
Phase: Ai(2)-GGS_Four_card_package's End of Combat Step
Phase: Ai(2)-GGS_Four_card_package's Main phase, postcombat
Phase: Ai(2)-GGS_Four_card_package's End step
Phase: Ai(2)-GGS_Four_card_package's Cleanup step
Turn: Turn 20 (Ai(3)-Jaymie_Ezio)
Phase: Ai(3)-Jaymie_Ezio's Untap step
Phase: Ai(3)-Jaymie_Ezio's Upkeep step
Phase: Ai(3)-Jaymie_Ezio's Draw step
Phase: Ai(3)-Jaymie_Ezio's Main phase, precombat
Replacement Effect: Cinder Glade enters tapped unless you control two or more basic lands.
Land: Ai(3)-Jaymie_Ezio played Cinder Glade (220)
Mana: Chromatic Lantern (299) - {T}: Add one mana of any color.
Mana: Mountain (289) - {T}: Add {R}.
Add To Stack: Ai(3)-Jaymie_Ezio cast Security Bypass targeting [Ezio Auditore da Firenze (302)]
Mana: Riverpyre Verge (196) - {T}: Add {U}. Activate only if you control an Island or a Mountain.
Add To Stack: Ai(2)-GGS_Four_card_package cast An Offer You Can't Refuse targeting [Security Bypass]
Zone Change: Send countered spell to Graveyard
Resolve Stack: An Offer You Can't Refuse (163) - Counter Security Bypass (294). Its controller creates two Treasure tokens.
Phase: Ai(3)-Jaymie_Ezio's Beginning of Combat Step
Phase: Ai(3)-Jaymie_Ezio's Declare Attackers Step
Combat: Ai(3)-Jaymie_Ezio assigned Ezio Auditore da Firenze (302) to attack Ai(1)-Destyn_Turtles.
Phase: Ai(3)-Jaymie_Ezio's Declare Blockers Step
Combat: Ai(1)-Destyn_Turtles didn't block Ezio Auditore da Firenze (302).
Phase: Ai(3)-Jaymie_Ezio's First Strike Damage Step
Phase: Ai(3)-Jaymie_Ezio's Combat Damage Step
Damage: Ezio Auditore da Firenze (302) deals 3 combat damage to Ai(1)-Destyn_Turtles.
Life: Life: Ai(1)-Destyn_Turtles 32 > 29
Add To Stack: Ai(3)-Jaymie_Ezio triggered Ezio Auditore da Firenze
Resolve Stack: Whenever Ezio deals combat damage to a player, you may pay {W}{U}{B}{R}{G} if that player has 10 or less life. When you do, that player loses the game. [Damage Source: Ezio Auditore da Firenze (302), Damaged: Ai(1)-Destyn_Turtles, Amount: 3]
Phase: Ai(3)-Jaymie_Ezio's End of Combat Step
Phase: Ai(3)-Jaymie_Ezio's Main phase, postcombat
Mana: Command Tower (234) - {T}: Add one mana of any color in your commander's color identity.
Mana: Twilight Mire (271) - {T}: Add one mana of any color.
Add To Stack: Ai(3)-Jaymie_Ezio cast Shay Cormac
Resolve Stack: Shay Cormac - Creature 1 / 1
Mana: Kessig Wolf Run (206) - {T}: Add one mana of any color.
Zone Change: Treasure Token (415) was put into Graveyard from Battlefield.
Mana: Treasure Token (415) - {T}, Sacrifice this token: Add one mana of any color.
Add To Stack: Ai(3)-Jaymie_Ezio cast Vraska Joins Up
Resolve Stack: Vraska Joins Up
Add To Stack: Ai(3)-Jaymie_Ezio triggered Vraska Joins Up
Resolve Stack: When Vraska Joins Up enters, put a deathtouch counter on each creature you control. [Zone Changer: Vraska Joins Up (213)]
Phase: Ai(3)-Jaymie_Ezio's End step
Phase: Ai(3)-Jaymie_Ezio's Cleanup step
Turn: Turn 21 (Ai(4)-Gabe_Food)
Phase: Ai(4)-Gabe_Food's Untap step
Phase: Ai(4)-Gabe_Food's Upkeep step
Phase: Ai(4)-Gabe_Food's Draw step
Phase: Ai(4)-Gabe_Food's Main phase, precombat
Land: Ai(4)-Gabe_Food played Forest (335)
Mana: Plains (392) - {T}: Add {W}.
Mana: Forest (342) - {T}: Add {G}.
Mana: Swamp (365) - {T}: Add {B}.
Add To Stack: Ai(4)-Gabe_Food cast Sam, Loyal Attendant
Resolve Stack: Sam, Loyal Attendant - Creature 2 / 4
Add To Stack: Ai(4)-Gabe_Food triggered Sam, Loyal Attendant targeting [Ai(4)-Gabe_Food]
Resolve Stack: Partner with Frodo, Adventurous Hobbit (When this creature enters, target player may put Frodo into their hand from their library, then shuffle.) (Targeting: [[Ai(4)-Gabe_Food]]) [Zone Changer: Sam, Loyal Attendant (404)]
Phase: Ai(4)-Gabe_Food's Beginning of Combat Step
Add To Stack: Ai(4)-Gabe_Food triggered Sam, Loyal Attendant
Resolve Stack: At the beginning of combat on your turn, create a Food token. (It's an artifact with "{2}, {T}, Sacrifice this token: You gain 3 life.") [Phase: Ai(4)-Gabe_Food]
Phase: Ai(4)-Gabe_Food's Declare Attackers Step
Combat: Ai(4)-Gabe_Food assigned Frodo, Adventurous Hobbit (402) to attack Ai(1)-Destyn_Turtles.
Phase: Ai(4)-Gabe_Food's Declare Blockers Step
Combat: Ai(1)-Destyn_Turtles didn't block Frodo, Adventurous Hobbit (402).
Phase: Ai(4)-Gabe_Food's First Strike Damage Step
Phase: Ai(4)-Gabe_Food's Combat Damage Step
Damage: Frodo, Adventurous Hobbit (402) deals 1 combat damage to Ai(1)-Destyn_Turtles.
Life: Life: Ai(1)-Destyn_Turtles 29 > 28
Phase: Ai(4)-Gabe_Food's End of Combat Step
Phase: Ai(4)-Gabe_Food's Main phase, postcombat
Mana: Forest (335) - {T}: Add {G}.
Mana: Rogue's Passage (331) - {T}: Add {C}.
Add To Stack: Ai(4)-Gabe_Food cast Prize Pig
Resolve Stack: Prize Pig - Creature 0 / 3
Phase: Ai(4)-Gabe_Food's End step
Phase: Ai(4)-Gabe_Food's Cleanup step
Turn: Turn 22 (Ai(1)-Destyn_Turtles)
Phase: Ai(1)-Destyn_Turtles' Untap step
Phase: Ai(1)-Destyn_Turtles' Upkeep step
Phase: Ai(1)-Destyn_Turtles' Draw step
Phase: Ai(1)-Destyn_Turtles' Main phase, precombat
Land: Ai(1)-Destyn_Turtles played Forest (37)
Phase: Ai(1)-Destyn_Turtles' Beginning of Combat Step
Add To Stack: Ai(1)-Destyn_Turtles triggered Irma, Part-Time Mutant targeting [Michelangelo, the Heart (99)]
Resolve Stack: At the beginning of combat on your turn, Irma becomes a copy of up to one other target creature you control, except her name is Irma, Part-Time Mutant and she has this ability. Then put a +1/+1 counter on her. (Targeting: [[Michelangelo, the Heart (99)]]) [Phase: Ai(1)-Destyn_Turtles]
Phase: Ai(1)-Destyn_Turtles' Declare Attackers Step
Combat: Ai(1)-Destyn_Turtles assigned Irma, Part-Time Mutant (7) to attack Ai(4)-Gabe_Food.
Add To Stack: Ai(1)-Destyn_Turtles triggered Irma, Part-Time Mutant
Resolve Stack: Whenever this creature attacks, double the number of +1/+1 counters on it. Then if it has power 10 or greater, draw a card. [Attacker: Irma, Part-Time Mutant (7)]
Phase: Ai(1)-Destyn_Turtles' Declare Blockers Step
Combat: Ai(4)-Gabe_Food didn't block Irma, Part-Time Mutant (7).
Phase: Ai(1)-Destyn_Turtles' First Strike Damage Step
Phase: Ai(1)-Destyn_Turtles' Combat Damage Step
Damage: Irma, Part-Time Mutant (7) deals 20 combat damage to Ai(4)-Gabe_Food.
Life: Life: Ai(4)-Gabe_Food 29 > 9
Phase: Ai(1)-Destyn_Turtles' End of Combat Step
Phase: Ai(1)-Destyn_Turtles' Main phase, postcombat
Add To Stack: Ai(1)-Destyn_Turtles triggered Michelangelo, the Heart targeting [Irma, Part-Time Mutant (7)]
Add To Stack: Ai(1)-Destyn_Turtles triggered Irma, Part-Time Mutant targeting [Irma, Part-Time Mutant (7)]
Resolve Stack: Raid (the Fridge) — At the beginning of your second main phase, if you attacked this turn, put a +1/+1 counter on target creature and create a Food token. (Targeting: [[Irma, Part-Time Mutant (7)]]) [Phase: Ai(1)-Destyn_Turtles]
Resolve Stack: Raid (the Fridge) — At the beginning of your second main phase, if you attacked this turn, put a +1/+1 counter on target creature and create a Food token. (Targeting: [[Irma, Part-Time Mutant (7)]]) [Phase: Ai(1)-Destyn_Turtles]
Mana: Plains (88) - {T}: Add {W}.
Mana: Island (30) - {T}: Add {U}.
Mana: Forest (37) - {T}: Add {G}.
Mana: Smoldering Marsh (68) - {T}: Add {R}.
Mana: Sunken Hollow (24) - {T}: Add {B}.
Add To Stack: Ai(1)-Destyn_Turtles cast Mole Module
Resolve Stack: Mole Module
Phase: Ai(1)-Destyn_Turtles' End step
Phase: Ai(1)-Destyn_Turtles' Cleanup step
Turn: Turn 23 (Ai(2)-GGS_Four_card_package)
Phase: Ai(2)-GGS_Four_card_package's Untap step
Phase: Ai(2)-GGS_Four_card_package's Upkeep step
Phase: Ai(2)-GGS_Four_card_package's Draw step
Phase: Ai(2)-GGS_Four_card_package's Main phase, precombat
Land: Ai(2)-GGS_Four_card_package played City of Brass (133)
Mana: Morphic Pool (131) - {T}: Add {U} or {B}.
Mana: Training Center (130) - {T}: Add {U} or {R}.
Add To Stack: Ai(2)-GGS_Four_card_package activated Higure, the Still Wind targeting [Higure, the Still Wind (149)]
Resolve Stack: Higure, the Still Wind (149) - Higure, the Still Wind (149) can't be blocked this turn.
Phase: Ai(2)-GGS_Four_card_package's Beginning of Combat Step
Phase: Ai(2)-GGS_Four_card_package's Declare Attackers Step
Combat: Ai(2)-GGS_Four_card_package assigned Higure, the Still Wind (149) to attack Ai(1)-Destyn_Turtles.
Phase: Ai(2)-GGS_Four_card_package's Declare Blockers Step
Combat: Ai(1)-Destyn_Turtles didn't block Higure, the Still Wind (149).
Mana: Watery Grave (172) - {T}: Add {B}.
Mana: Steam Vents (142) - {T}: Add {R}.
Mana: Riverpyre Verge (196) - {T}: Add {U}. Activate only if you control an Island or a Mountain.
Mana: City of Brass (133) - {T}: Add one mana of any color.
Add To Stack: Ai(2)-GGS_Four_card_package activated Orochi Soul-Reaver
Add To Stack: Ai(2)-GGS_Four_card_package triggered City of Brass
Damage: City of Brass (133) deals 1 non-combat damage to Ai(2)-GGS_Four_card_package.
Life: Life: Ai(2)-GGS_Four_card_package 39 > 38
Resolve Stack: Whenever City of Brass becomes tapped, it deals 1 damage to you. [Tapped: City of Brass (133)]
Resolve Stack: Orochi Soul-Reaver (169) - Ai(2)-GGS_Four_card_package puts Orochi Soul-Reaver (169) from their hand onto the battlefield tapped and attacking.
Phase: Ai(2)-GGS_Four_card_package's First Strike Damage Step
Phase: Ai(2)-GGS_Four_card_package's Combat Damage Step
Damage: Orochi Soul-Reaver (169) deals 5 combat damage to Ai(1)-Destyn_Turtles.
Life: Life: Ai(1)-Destyn_Turtles 28 > 23
Add To Stack: Ai(2)-GGS_Four_card_package triggered Orochi Soul-Reaver
Resolve Stack: Whenever one or more creatures you control deal combat damage to a player, create a Treasure token and manifest the top card of that player's library. (Put it onto the battlefield face down as a 2/2 creature. Turn it face up any time for its mana cost if it's a creature card.) [Damaged: Ai(1)-Destyn_Turtles, Amount: 5]
Phase: Ai(2)-GGS_Four_card_package's End of Combat Step
Phase: Ai(2)-GGS_Four_card_package's Main phase, postcombat
Phase: Ai(2)-GGS_Four_card_package's End step
Phase: Ai(2)-GGS_Four_card_package's Cleanup step
Turn: Turn 24 (Ai(3)-Jaymie_Ezio)
Phase: Ai(3)-Jaymie_Ezio's Untap step
Phase: Ai(3)-Jaymie_Ezio's Upkeep step
Phase: Ai(3)-Jaymie_Ezio's Draw step
Phase: Ai(3)-Jaymie_Ezio's Main phase, precombat
Replacement Effect: Smoldering Marsh enters tapped unless you control two or more basic lands.
Land: Ai(3)-Jaymie_Ezio played Smoldering Marsh (273)
Phase: Ai(3)-Jaymie_Ezio's Beginning of Combat Step
Phase: Ai(3)-Jaymie_Ezio's Declare Attackers Step
Combat: Ai(3)-Jaymie_Ezio assigned Ezio Auditore da Firenze (302) to attack Ai(1)-Destyn_Turtles.
Phase: Ai(3)-Jaymie_Ezio's Declare Blockers Step
Combat: Ai(1)-Destyn_Turtles didn't block Ezio Auditore da Firenze (302).
Mana: Chromatic Lantern (299) - {T}: Add one mana of any color.
Mana: Mountain (289) - {T}: Add {R}.
Mana: Cinder Glade (220) - {T}: Add {G}.
Mana: Command Tower (234) - {T}: Add one mana of any color.
Mana: Twilight Mire (271) - {T}: Add {C}.
Zone Change: Treasure Token (414) was put into Graveyard from Battlefield.
Mana: Treasure Token (414) - {T}, Sacrifice this token: Add one mana of any color.
Add To Stack: Ai(3)-Jaymie_Ezio activated Kessig Wolf Run targeting [Ezio Auditore da Firenze (302)]
Resolve Stack: Kessig Wolf Run (206) - Ezio Auditore da Firenze (302) gets +4/+0 and gains trample until end of turn. (X=4)
Phase: Ai(3)-Jaymie_Ezio's First Strike Damage Step
Phase: Ai(3)-Jaymie_Ezio's Combat Damage Step
Damage: Ezio Auditore da Firenze (302) deals 7 combat damage to Ai(1)-Destyn_Turtles.
Life: Life: Ai(1)-Destyn_Turtles 23 > 16
Add To Stack: Ai(3)-Jaymie_Ezio triggered Ezio Auditore da Firenze
Add To Stack: Ai(3)-Jaymie_Ezio triggered Vraska Joins Up
Resolve Stack: Whenever a legendary creature you control deals combat damage to a player, draw a card. [Damage Source: Ezio Auditore da Firenze (302), Damaged: Ai(1)-Destyn_Turtles, Amount: 7]
Resolve Stack: Whenever Ezio deals combat damage to a player, you may pay {W}{U}{B}{R}{G} if that player has 10 or less life. When you do, that player loses the game. [Damage Source: Ezio Auditore da Firenze (302), Damaged: Ai(1)-Destyn_Turtles, Amount: 7]
Phase: Ai(3)-Jaymie_Ezio's End of Combat Step
Phase: Ai(3)-Jaymie_Ezio's Main phase, postcombat
Phase: Ai(3)-Jaymie_Ezio's End step
Phase: Ai(3)-Jaymie_Ezio's Cleanup step
Turn: Turn 25 (Ai(4)-Gabe_Food)
Phase: Ai(4)-Gabe_Food's Untap step
Phase: Ai(4)-Gabe_Food's Upkeep step
Phase: Ai(4)-Gabe_Food's Draw step
Phase: Ai(4)-Gabe_Food's Main phase, precombat
Land: Ai(4)-Gabe_Food played Shire Terrace (374)
Mana: Forest (342) - {T}: Add {G}.
Mana: Swamp (365) - {T}: Add {B}.
Mana: Forest (335) - {T}: Add {G}.
Mana: Plains (392) - {T}: Add {W}.
Mana: Rogue's Passage (331) - {T}: Add {C}.
Mana: Shire Terrace (374) - {T}: Add {C}.
Add To Stack: Ai(4)-Gabe_Food cast Great Oak Guardian
Resolve Stack: Great Oak Guardian - Creature 4 / 5
Add To Stack: Ai(4)-Gabe_Food triggered Great Oak Guardian targeting [Ai(4)-Gabe_Food]
Resolve Stack: When Great Oak Guardian enters, creatures target player controls get +2/+2 until end of turn. Untap them. (Targeting: [[Ai(4)-Gabe_Food]]) [Zone Changer: Great Oak Guardian (324)]
Phase: Ai(4)-Gabe_Food's Beginning of Combat Step
Add To Stack: Ai(4)-Gabe_Food triggered Sam, Loyal Attendant
Resolve Stack: At the beginning of combat on your turn, create a Food token. (It's an artifact with "{2}, {T}, Sacrifice this token: You gain 3 life.") [Phase: Ai(4)-Gabe_Food]
Phase: Ai(4)-Gabe_Food's Declare Attackers Step
Phase: Ai(4)-Gabe_Food's Declare Blockers Step
Phase: Ai(4)-Gabe_Food's First Strike Damage Step
Phase: Ai(4)-Gabe_Food's Combat Damage Step
Phase: Ai(4)-Gabe_Food's End of Combat Step
Phase: Ai(4)-Gabe_Food's Main phase, postcombat
Phase: Ai(4)-Gabe_Food's End step
Phase: Ai(4)-Gabe_Food's Cleanup step
Turn: Turn 26 (Ai(1)-Destyn_Turtles)
Phase: Ai(1)-Destyn_Turtles' Untap step
Phase: Ai(1)-Destyn_Turtles' Upkeep step
Phase: Ai(1)-Destyn_Turtles' Draw step
Phase: Ai(1)-Destyn_Turtles' Main phase, precombat
Land: Ai(1)-Destyn_Turtles played Island (29)
Phase: Ai(1)-Destyn_Turtles' Beginning of Combat Step
Add To Stack: Ai(1)-Destyn_Turtles triggered Irma, Part-Time Mutant targeting [Michelangelo, the Heart (99)]
Resolve Stack: At the beginning of combat on your turn, Irma becomes a copy of up to one other target creature you control, except her name is Irma, Part-Time Mutant and she has this ability. Then put a +1/+1 counter on her. (Targeting: [[Michelangelo, the Heart (99)]]) [Phase: Ai(1)-Destyn_Turtles]
Phase: Ai(1)-Destyn_Turtles' Declare Attackers Step
Combat: Ai(1)-Destyn_Turtles assigned Irma, Part-Time Mutant (7) and Michelangelo, the Heart (99) to attack Ai(4)-Gabe_Food.
Add To Stack: Ai(1)-Destyn_Turtles triggered Irma, Part-Time Mutant
Mana: Prize Pig (332) - {T}: Add one mana of any color.
Add To Stack: Ai(4)-Gabe_Food activated Pippin, Warden of Isengard
Resolve Stack: Pippin, Warden of Isengard (343) - Ai(4)-Gabe_Food creates a Food Token.
Resolve Stack: Whenever this creature attacks, double the number of +1/+1 counters on it. Then if it has power 10 or greater, draw a card. [Attacker: Irma, Part-Time Mutant (7)]
Mana: Smoldering Marsh (68) - {T}: Add {R}.
Mana: Plains (88) - {T}: Add {W}.
Mana: Island (30) - {T}: Add {U}.
Mana: Island (29) - {T}: Add {U}.
Mana: Forest (37) - {T}: Add {G}.
Mana: Sunken Hollow (24) - {T}: Add {B}.
Add To Stack: Ai(1)-Destyn_Turtles cast Shellshock targeting [Great Oak Guardian (324)]
Damage: Shellshock (13) deals 5 damage to Great Oak Guardian (324).
Resolve Stack: Shellshock (13) - Shellshock (13) deals 5 damage to Great Oak Guardian (324).   (X=5)
Zone Change: Great Oak Guardian (324) was put into Graveyard from Battlefield.
Phase: Ai(1)-Destyn_Turtles' Declare Blockers Step
Combat: Ai(4)-Gabe_Food didn't block Irma, Part-Time Mutant (7).
Ai(4)-Gabe_Food assigned Frodo, Adventurous Hobbit (402) to block Michelangelo, the Heart (99).
Phase: Ai(1)-Destyn_Turtles' First Strike Damage Step
Phase: Ai(1)-Destyn_Turtles' Combat Damage Step
Damage: Irma, Part-Time Mutant (7) deals 44 combat damage to Ai(4)-Gabe_Food.
Damage: Michelangelo, the Heart (99) deals 2 damage to Frodo, Adventurous Hobbit (402).
Damage: Frodo, Adventurous Hobbit (402) deals 1 damage to Michelangelo, the Heart (99).
Life: Life: Ai(4)-Gabe_Food 9 > -35
Zone Change: Michelangelo, the Heart (99) was put into Graveyard from Battlefield.
Phase: Ai(1)-Destyn_Turtles' End of Combat Step
Phase: Ai(1)-Destyn_Turtles' Main phase, postcombat
Add To Stack: Ai(1)-Destyn_Turtles triggered Irma, Part-Time Mutant targeting [Irma, Part-Time Mutant (7)]
Resolve Stack: Raid (the Fridge) — At the beginning of your second main phase, if you attacked this turn, put a +1/+1 counter on target creature and create a Food token. (Targeting: [[Irma, Part-Time Mutant (7)]]) [Phase: Ai(1)-Destyn_Turtles]
Phase: Ai(1)-Destyn_Turtles' End step
Phase: Ai(1)-Destyn_Turtles' Cleanup step
Turn: Turn 27 (Ai(2)-GGS_Four_card_package)
Phase: Ai(2)-GGS_Four_card_package's Untap step
Phase: Ai(2)-GGS_Four_card_package's Upkeep step
Phase: Ai(2)-GGS_Four_card_package's Draw step
Phase: Ai(2)-GGS_Four_card_package's Main phase, precombat
Land: Ai(2)-GGS_Four_card_package played Blazemire Verge (106)
Phase: Ai(2)-GGS_Four_card_package's Beginning of Combat Step
Phase: Ai(2)-GGS_Four_card_package's Declare Attackers Step
Phase: Ai(2)-GGS_Four_card_package's Declare Blockers Step
Phase: Ai(2)-GGS_Four_card_package's First Strike Damage Step
Phase: Ai(2)-GGS_Four_card_package's Combat Damage Step
Phase: Ai(2)-GGS_Four_card_package's End of Combat Step
Phase: Ai(2)-GGS_Four_card_package's Main phase, postcombat
Mana: Training Center (130) - {T}: Add {U} or {R}.
Mana: Steam Vents (142) - {T}: Add {R}.
Mana: Morphic Pool (131) - {T}: Add {U} or {B}.
Mana: Blazemire Verge (106) - {T}: Add {R}. Activate only if you control a Swamp or a Mountain.
Mana: Riverpyre Verge (196) - {T}: Add {U}. Activate only if you control an Island or a Mountain.
Add To Stack: Ai(2)-GGS_Four_card_package cast Terror of the Peaks
Resolve Stack: Terror of the Peaks - Creature 5 / 4
Mana: City of Brass (133) - {T}: Add one mana of any color.
Mana: Watery Grave (172) - {T}: Add {U}.
Zone Change: Treasure Token (476) was put into Graveyard from Battlefield.
Mana: Treasure Token (476) - {T}, Sacrifice this token: Add one mana of any color.
Add To Stack: Ai(2)-GGS_Four_card_package cast Goro-Goro and Satoru
Add To Stack: Ai(2)-GGS_Four_card_package triggered City of Brass
Damage: City of Brass (133) deals 1 non-combat damage to Ai(2)-GGS_Four_card_package.
Life: Life: Ai(2)-GGS_Four_card_package 38 > 37
Resolve Stack: Whenever City of Brass becomes tapped, it deals 1 damage to you. [Tapped: City of Brass (133)]
Resolve Stack: Goro-Goro and Satoru - Creature 3 / 4
Add To Stack: Ai(2)-GGS_Four_card_package triggered Terror of the Peaks targeting [Ai(1)-Destyn_Turtles]
Damage: Terror of the Peaks (119) deals 3 non-combat damage to Ai(1)-Destyn_Turtles.
Life: Life: Ai(1)-Destyn_Turtles 16 > 13
Resolve Stack: Whenever another creature you control enters, Terror of the Peaks deals damage equal to that creature's power to any target. (Targeting: [[Ai(1)-Destyn_Turtles]]) [Zone Changer: Goro-Goro and Satoru (201)]
Phase: Ai(2)-GGS_Four_card_package's End step
Phase: Ai(2)-GGS_Four_card_package's Cleanup step
Turn: Turn 28 (Ai(3)-Jaymie_Ezio)
Phase: Ai(3)-Jaymie_Ezio's Untap step
Phase: Ai(3)-Jaymie_Ezio's Upkeep step
Phase: Ai(3)-Jaymie_Ezio's Draw step
Phase: Ai(3)-Jaymie_Ezio's Main phase, precombat
Mana: Chromatic Lantern (299) - {T}: Add one mana of any color.
Mana: Mountain (289) - {T}: Add {R}.
Mana: Cinder Glade (220) - {T}: Add {G}.
Add To Stack: Ai(3)-Jaymie_Ezio cast 
Resolve Stack: Disguise - Creature 2/2
Mana: Smoldering Marsh (273) - {T}: Add {B}.
Mana: Command Tower (234) - {T}: Add one mana of any color in your commander's color identity.
Resolve Stack: Ai(3)-Jaymie_Ezio has undisguised Arno Dorian
Mana: Twilight Mire (271) - {T}: Add one mana of any color.
Add To Stack: Ai(3)-Jaymie_Ezio cast Vorpal Sword
Resolve Stack: Vorpal Sword
Phase: Ai(3)-Jaymie_Ezio's Beginning of Combat Step
Phase: Ai(3)-Jaymie_Ezio's Declare Attackers Step
Phase: Ai(3)-Jaymie_Ezio's Declare Blockers Step
Phase: Ai(3)-Jaymie_Ezio's First Strike Damage Step
Phase: Ai(3)-Jaymie_Ezio's Combat Damage Step
Phase: Ai(3)-Jaymie_Ezio's End of Combat Step
Phase: Ai(3)-Jaymie_Ezio's Main phase, postcombat
Replacement Effect: Thriving Grove enters tapped.
Replacement Effect: As Thriving Grove enters, choose a color other than green.
Land: Ai(3)-Jaymie_Ezio played Thriving Grove (229)
Phase: Ai(3)-Jaymie_Ezio's End step
Phase: Ai(3)-Jaymie_Ezio's Cleanup step
Turn: Turn 29 (Ai(1)-Destyn_Turtles)
Phase: Ai(1)-Destyn_Turtles' Untap step
Phase: Ai(1)-Destyn_Turtles' Upkeep step
Phase: Ai(1)-Destyn_Turtles' Draw step
Phase: Ai(1)-Destyn_Turtles' Main phase, precombat
Phase: Ai(1)-Destyn_Turtles' Beginning of Combat Step
Add To Stack: Ai(1)-Destyn_Turtles triggered Irma, Part-Time Mutant targeting []
Resolve Stack: At the beginning of combat on your turn, Irma becomes a copy of up to one other target creature you control, except her name is Irma, Part-Time Mutant and she has this ability. Then put a +1/+1 counter on her. (Targeting: [[]]) [Phase: Ai(1)-Destyn_Turtles]
Phase: Ai(1)-Destyn_Turtles' Declare Attackers Step
Combat: Ai(1)-Destyn_Turtles assigned Irma, Part-Time Mutant (7) to attack Ai(2)-GGS_Four_card_package.
Add To Stack: Ai(1)-Destyn_Turtles triggered Irma, Part-Time Mutant
Resolve Stack: Whenever this creature attacks, double the number of +1/+1 counters on it. Then if it has power 10 or greater, draw a card. [Attacker: Irma, Part-Time Mutant (7)]
Phase: Ai(1)-Destyn_Turtles' Declare Blockers Step
Combat: Ai(2)-GGS_Four_card_package assigned Terror of the Peaks (119) to block Irma, Part-Time Mutant (7).
Phase: Ai(1)-Destyn_Turtles' First Strike Damage Step
Phase: Ai(1)-Destyn_Turtles' Combat Damage Step
Damage: Irma, Part-Time Mutant (7) deals 86 combat damage to Ai(2)-GGS_Four_card_package.
Damage: Irma, Part-Time Mutant (7) deals 4 damage to Terror of the Peaks (119).
Damage: Terror of the Peaks (119) deals 5 damage to Irma, Part-Time Mutant (7).
Life: Life: Ai(2)-GGS_Four_card_package 37 > -49
Zone Change: Face-down card (H1) was put into Exile from Battlefield.
Phase: Ai(1)-Destyn_Turtles' End of Combat Step
Phase: Ai(1)-Destyn_Turtles' Main phase, postcombat
Add To Stack: Ai(1)-Destyn_Turtles triggered Irma, Part-Time Mutant targeting [Irma, Part-Time Mutant (7)]
Resolve Stack: Raid (the Fridge) — At the beginning of your second main phase, if you attacked this turn, put a +1/+1 counter on target creature and create a Food token. (Targeting: [[Irma, Part-Time Mutant (7)]]) [Phase: Ai(1)-Destyn_Turtles]
Replacement Effect: Thriving Isle enters tapped.
Replacement Effect: As Thriving Isle enters, choose a color other than blue.
Land: Ai(1)-Destyn_Turtles played Thriving Isle (52)
Mana: Forest (37) - {T}: Add {G}.
Mana: Path of Ancestry (12) - {T}: Add one mana of any color in your commander's color identity. When that mana is spent to cast a creature spell that shares a creature type with your commander, scry 1. (Look at the top card of your library. You may put that card on the bottom.)
Mana: Island (30) - {T}: Add {U}.
Mana: Island (29) - {T}: Add {U}.
Mana: Plains (88) - {T}: Add {W}.
Add To Stack: Ai(1)-Destyn_Turtles cast Acidic Slime
Resolve Stack: Acidic Slime - Creature 2 / 2
Add To Stack: Ai(1)-Destyn_Turtles triggered Acidic Slime targeting [Chromatic Lantern (299)]
Zone Change: Chromatic Lantern (299) was put into Graveyard from Battlefield.
Resolve Stack: When Acidic Slime enters, destroy target artifact, enchantment, or land. (Targeting: [[Chromatic Lantern (299)]]) [Zone Changer: Acidic Slime (62)]
Mana: Sunken Hollow (24) - {T}: Add {U}.
Mana: Smoldering Marsh (68) - {T}: Add {R}.
Add To Stack: Ai(1)-Destyn_Turtles cast April O'Neil, Live on the Scene
Resolve Stack: April O'Neil, Live on the Scene - Creature 2 / 1
Phase: Ai(1)-Destyn_Turtles' End step
Phase: Ai(1)-Destyn_Turtles' Cleanup step
Turn: Turn 30 (Ai(3)-Jaymie_Ezio)
Phase: Ai(3)-Jaymie_Ezio's Untap step
Phase: Ai(3)-Jaymie_Ezio's Upkeep step
Phase: Ai(3)-Jaymie_Ezio's Draw step
Phase: Ai(3)-Jaymie_Ezio's Main phase, precombat
Phase: Ai(3)-Jaymie_Ezio's Beginning of Combat Step
Phase: Ai(3)-Jaymie_Ezio's Declare Attackers Step
Phase: Ai(3)-Jaymie_Ezio's Declare Blockers Step
Phase: Ai(3)-Jaymie_Ezio's First Strike Damage Step
Phase: Ai(3)-Jaymie_Ezio's Combat Damage Step
Phase: Ai(3)-Jaymie_Ezio's End of Combat Step
Phase: Ai(3)-Jaymie_Ezio's Main phase, postcombat
Mana: Thriving Grove (229) - {T}: Add {G} or one mana of the chosen color.
Mana: Mountain (289) - {T}: Add {R}.
Mana: Smoldering Marsh (273) - {T}: Add {R}.
Add To Stack: Ai(3)-Jaymie_Ezio cast Lydia Frye
Resolve Stack: Lydia Frye - Creature 3 / 2
Mana: Command Tower (234) - {T}: Add one mana of any color in your commander's color identity.
Mana: Cinder Glade (220) - {T}: Add {G}.
Add To Stack: Ai(3)-Jaymie_Ezio cast Haystack
Resolve Stack: Haystack
Phase: Ai(3)-Jaymie_Ezio's End step
Add To Stack: Ai(3)-Jaymie_Ezio triggered Lydia Frye
Resolve Stack: At the beginning of your end step, surveil X, where X is the number of tapped Assassins you control. (Look at the top X cards of your library, then put any number of them into your graveyard and the rest on top of your library in any order.) [Phase: Ai(3)-Jaymie_Ezio]
Phase: Ai(3)-Jaymie_Ezio's Cleanup step
Turn: Turn 31 (Ai(1)-Destyn_Turtles)
Phase: Ai(1)-Destyn_Turtles' Untap step
Phase: Ai(1)-Destyn_Turtles' Upkeep step
Phase: Ai(1)-Destyn_Turtles' Draw step
Phase: Ai(1)-Destyn_Turtles' Main phase, precombat
Mana: Plains (88) - {T}: Add {W}.
Mana: Path of Ancestry (12) - {T}: Add one mana of any color in your commander's color identity. When that mana is spent to cast a creature spell that shares a creature type with your commander, scry 1. (Look at the top card of your library. You may put that card on the bottom.)
Mana: Island (30) - {T}: Add {U}.
Mana: Island (29) - {T}: Add {U}.
Mana: Forest (37) - {T}: Add {G}.
Add To Stack: Ai(1)-Destyn_Turtles cast Endless Foot Assault
Resolve Stack: Endless Foot Assault
Add To Stack: Ai(1)-Destyn_Turtles triggered Endless Foot Assault
Resolve Stack: When this creature enters, create that many tokens that are copies of it. [Zone Changer: Endless Foot Assault (94)]
Phase: Ai(1)-Destyn_Turtles' Beginning of Combat Step
Add To Stack: Ai(1)-Destyn_Turtles triggered Irma, Part-Time Mutant targeting [Acidic Slime (62)]
Resolve Stack: At the beginning of combat on your turn, Irma becomes a copy of up to one other target creature you control, except her name is Irma, Part-Time Mutant and she has this ability. Then put a +1/+1 counter on her. (Targeting: [[Acidic Slime (62)]]) [Phase: Ai(1)-Destyn_Turtles]
Phase: Ai(1)-Destyn_Turtles' Declare Attackers Step
Combat: Ai(1)-Destyn_Turtles assigned Irma, Part-Time Mutant (7), Acidic Slime (62) and April O'Neil, Live on the Scene (91) to attack Ai(3)-Jaymie_Ezio.
Add To Stack: Ai(1)-Destyn_Turtles triggered Endless Foot Assault
Add To Stack: Ai(1)-Destyn_Turtles triggered Endless Foot Assault
Add To Stack: Ai(1)-Destyn_Turtles triggered Irma, Part-Time Mutant
Resolve Stack: Whenever this creature attacks, double the number of +1/+1 counters on it. Then if it has power 10 or greater, draw a card. [Attacker: Irma, Part-Time Mutant (7)]
Resolve Stack: Whenever you attack, for each opponent, create a 1/1 black Ninja creature token that's tapped and attacking that player. [Number Attackers: [Irma, Part-Time Mutant (7), Acidic Slime (62), April O'Neil, Live on the Scene (91)]]
Add To Stack: Ai(1)-Destyn_Turtles triggered April O'Neil, Live on the Scene
Resolve Stack: Whenever a Mutant, Ninja, or Turtle you control enters, investigate. (Create a Clue token. It's an artifact with "{2}, Sacrifice this token: Draw a card.") [Zone Changer: Ninja Token (536)]
Resolve Stack: Whenever you attack, for each opponent, create a 1/1 black Ninja creature token that's tapped and attacking that player. [Number Attackers: [Irma, Part-Time Mutant (7), Acidic Slime (62), April O'Neil, Live on the Scene (91)]]
Add To Stack: Ai(1)-Destyn_Turtles triggered April O'Neil, Live on the Scene
Resolve Stack: Whenever a Mutant, Ninja, or Turtle you control enters, investigate. (Create a Clue token. It's an artifact with "{2}, Sacrifice this token: Draw a card.") [Zone Changer: Ninja Token (540)]
Phase: Ai(1)-Destyn_Turtles' Declare Blockers Step
Combat: Ai(3)-Jaymie_Ezio didn't block Irma, Part-Time Mutant (7).
Ai(3)-Jaymie_Ezio assigned Shay Cormac (274) to block Acidic Slime (62).
Ai(3)-Jaymie_Ezio assigned Lydia Frye (287) to block April O'Neil, Live on the Scene (91).
Ai(3)-Jaymie_Ezio assigned Arno Dorian (226) to block Ninja Token (536).
Ai(3)-Jaymie_Ezio assigned Ezio Auditore da Firenze (302) to block Ninja Token (540).
Phase: Ai(1)-Destyn_Turtles' First Strike Damage Step
Phase: Ai(1)-Destyn_Turtles' Combat Damage Step
Damage: Irma, Part-Time Mutant (7) deals 182 combat damage to Ai(3)-Jaymie_Ezio.
Damage: Acidic Slime (62) deals 2 damage (Deathtouch) to Shay Cormac (274).
Damage: April O'Neil, Live on the Scene (91) deals 2 damage to Lydia Frye (287).
Damage: Ninja Token (536) deals 1 damage to Arno Dorian (226).
Damage: Ninja Token (540) deals 1 damage to Ezio Auditore da Firenze (302).
Damage: Shay Cormac (274) deals 1 damage (Deathtouch) to Acidic Slime (62).
Damage: Lydia Frye (287) deals 5 damage to April O'Neil, Live on the Scene (91).
Damage: Arno Dorian (226) deals 3 damage (Deathtouch) to Ninja Token (536).
Damage: Ezio Auditore da Firenze (302) deals 5 damage (Deathtouch) to Ninja Token (540).
Life: Life: Ai(3)-Jaymie_Ezio 40 > -142
Player Control: Ai(1)-Destyn_Turtles has restored control over themself
Player Control: Ai(2)-GGS_Four_card_package has restored control over themself
Player Control: Ai(3)-Jaymie_Ezio has restored control over themself
Player Control: Ai(4)-Gabe_Food has restored control over themself
Game Outcome: Match Duration 1m : 59s
Game Outcome: Turn 16
Game Outcome: Ai(1)-Destyn_Turtles has won because all opponents have lost
Game Outcome: Ai(2)-GGS_Four_card_package has lost because life total reached 0
Game Outcome: Ai(3)-Jaymie_Ezio has lost because life total reached 0
Game Outcome: Ai(4)-Gabe_Food has lost because life total reached 0
Match Result: Ai(1)-Destyn_Turtles: 1 Ai(2)-GGS_Four_card_package: 0 Ai(3)-Jaymie_Ezio: 0 Ai(4)-Gabe_Food: 0 

Game Result: Game 1 ended in 120800 ms. Ai(1)-Destyn_Turtles has won!

