Error handling registered!
20:27:19 [INFO ] GuiBase: ##########################################
20:27:19 [INFO ] GuiBase: APP: Forge v.2.0.15-SNAPSHOT-09.28
20:27:19 [INFO ] GuiBase: Java: 17.0.20 (Ubuntu)
20:27:19 [INFO ] GuiBase: OS: Linux 6.18.44 amd64
20:27:19 [INFO ] GuiBase: RAM: 1536 MB max, 8 CPUs
20:27:19 [INFO ] GuiBase: ##########################################
Language 'en-US' loaded successfully.
(ThreadUtil first call): Running with priority 5
Read cards: 34010 archived files in 1 ms (25 parts) using thread pool
Upcoming set Star Trek (TRK) dated in the future. All `upcoming` cards will be added to this set with unknown rarity.
The card A-Alrund's Epiphany was not assigned to any set. Adding it to UNKNOWN set... to fix see res/editions/ folder. 
The card A-Baba Lysaga, Night Witch was not assigned to any set. Adding it to UNKNOWN set... to fix see res/editions/ folder. 
The card A-Divide by Zero was not assigned to any set. Adding it to UNKNOWN set... to fix see res/editions/ folder. 
The card A-Esika's Chariot was not assigned to any set. Adding it to UNKNOWN set... to fix see res/editions/ folder. 
The card A-Faceless Haven was not assigned to any set. Adding it to UNKNOWN set... to fix see res/editions/ folder. 
The card A-Fires of Invention was not assigned to any set. Adding it to UNKNOWN set... to fix see res/editions/ folder. 
The card A-Goldspan Dragon was not assigned to any set. Adding it to UNKNOWN set... to fix see res/editions/ folder. 
The card A-Hullbreaker Horror was not assigned to any set. Adding it to UNKNOWN set... to fix see res/editions/ folder. 
The card A-Kumano Faces Kakkazan was not assigned to any set. Adding it to UNKNOWN set... to fix see res/editions/ folder. 
The card A-Luminarch Aspirant was not assigned to any set. Adding it to UNKNOWN set... to fix see res/editions/ folder. 
The card A-Monster Manual was not assigned to any set. Adding it to UNKNOWN set... to fix see res/editions/ folder. 
The card A-Omnath, Locus of Creation was not assigned to any set. Adding it to UNKNOWN set... to fix see res/editions/ folder. 
The card A-The Meathook Massacre was not assigned to any set. Adding it to UNKNOWN set... to fix see res/editions/ folder. 
The card A-Unholy Heat was not assigned to any set. Adding it to UNKNOWN set... to fix see res/editions/ folder. 
The card Blinding Radiance was not assigned to any set. Adding it to UNKNOWN set... to fix see res/editions/ folder. 
The card Goblin Bruiser was not assigned to any set. Adding it to UNKNOWN set... to fix see res/editions/ folder. 
The card Ogre Painbringer was not assigned to any set. Adding it to UNKNOWN set... to fix see res/editions/ folder. 
The card Titanic Pelagosaur was not assigned to any set. Adding it to UNKNOWN set... to fix see res/editions/ folder. 
The card Treetop Recluse was not assigned to any set. Adding it to UNKNOWN set... to fix see res/editions/ folder. 
Upcoming set Star Trek (TRK) dated in the future. All `upcoming` cards will be added to this set with unknown rarity.
Read cards: 854 files in 0 ms (8 parts) using thread pool
Simulation mode
Ai(1)-Jaymie_Ezio vs Ai(2)-Gabe_Food vs Ai(3)-Destyn_Turtles vs Ai(4)-GGS_Throne_only - one game of Commander seed 20260930
Warning: default (ie. inherited from base class) implementation of confirmAction is used by Ezio Auditore da Firenze for forge.ai.ability.PermanentCreatureAi. Consider declaring an overloaded method
Warning: default (ie. inherited from base class) implementation of confirmAction is used by Michelangelo, the Heart for forge.ai.ability.PermanentCreatureAi. Consider declaring an overloaded method
Warning: default (ie. inherited from base class) implementation of confirmAction is used by Leonardo, the Balance for forge.ai.ability.PermanentCreatureAi. Consider declaring an overloaded method
Warning: default (ie. inherited from base class) implementation of confirmAction is used by Goro-Goro and Satoru for forge.ai.ability.PermanentCreatureAi. Consider declaring an overloaded method
Mulligan: Ai(4)-GGS_Throne_only has mulliganed down to 7 cards.
Mulligan: Ai(4)-GGS_Throne_only has kept a hand of 7 cards
Mulligan: Ai(1)-Jaymie_Ezio has kept a hand of 7 cards
Mulligan: Ai(2)-Gabe_Food has kept a hand of 7 cards
Mulligan: Ai(3)-Destyn_Turtles has kept a hand of 7 cards
Turn: Turn 1 (Ai(4)-GGS_Throne_only)
Phase: Ai(4)-GGS_Throne_only's Untap step
Phase: Ai(4)-GGS_Throne_only's Upkeep step
Phase: Ai(4)-GGS_Throne_only's Draw step
Phase: Ai(4)-GGS_Throne_only's Main phase, precombat
Replacement Effect: Raucous Theater enters tapped.
Land: Ai(4)-GGS_Throne_only played Raucous Theater (386)
Add To Stack: Ai(4)-GGS_Throne_only triggered Raucous Theater
Resolve Stack: Ai(4)-GGS_Throne_only surveiled 1 card(s) to the graveyard
Resolve Stack: When Raucous Theater enters, surveil 1. (Look at the top card of your library. You may put it into your graveyard.) [Zone Changer: Raucous Theater (386)]
Phase: Ai(4)-GGS_Throne_only's Beginning of Combat Step
Phase: Ai(4)-GGS_Throne_only's Declare Attackers Step
Phase: Ai(4)-GGS_Throne_only's Declare Blockers Step
Phase: Ai(4)-GGS_Throne_only's First Strike Damage Step
Phase: Ai(4)-GGS_Throne_only's Combat Damage Step
Phase: Ai(4)-GGS_Throne_only's End of Combat Step
Phase: Ai(4)-GGS_Throne_only's Main phase, postcombat
Phase: Ai(4)-GGS_Throne_only's End step
Phase: Ai(4)-GGS_Throne_only's Cleanup step
Turn: Turn 2 (Ai(1)-Jaymie_Ezio)
Phase: Ai(1)-Jaymie_Ezio's Untap step
Phase: Ai(1)-Jaymie_Ezio's Upkeep step
Phase: Ai(1)-Jaymie_Ezio's Draw step
Phase: Ai(1)-Jaymie_Ezio's Main phase, precombat
Land: Ai(1)-Jaymie_Ezio played Command Tower (32)
Phase: Ai(1)-Jaymie_Ezio's Beginning of Combat Step
Phase: Ai(1)-Jaymie_Ezio's Declare Attackers Step
Phase: Ai(1)-Jaymie_Ezio's Declare Blockers Step
Phase: Ai(1)-Jaymie_Ezio's First Strike Damage Step
Phase: Ai(1)-Jaymie_Ezio's Combat Damage Step
Phase: Ai(1)-Jaymie_Ezio's End of Combat Step
Phase: Ai(1)-Jaymie_Ezio's Main phase, postcombat
Mana: Command Tower (32) - {T}: Add one mana of any color in your commander's color identity.
Add To Stack: Ai(1)-Jaymie_Ezio cast Assassin Initiate
Resolve Stack: Assassin Initiate - Creature 1 / 1
Phase: Ai(1)-Jaymie_Ezio's End step
Phase: Ai(1)-Jaymie_Ezio's Cleanup step
Turn: Turn 3 (Ai(2)-Gabe_Food)
Phase: Ai(2)-Gabe_Food's Untap step
Phase: Ai(2)-Gabe_Food's Upkeep step
Phase: Ai(2)-Gabe_Food's Draw step
Phase: Ai(2)-Gabe_Food's Main phase, precombat
Land: Ai(2)-Gabe_Food played Forest (140)
Phase: Ai(2)-Gabe_Food's Beginning of Combat Step
Phase: Ai(2)-Gabe_Food's Declare Attackers Step
Phase: Ai(2)-Gabe_Food's Declare Blockers Step
Phase: Ai(2)-Gabe_Food's First Strike Damage Step
Phase: Ai(2)-Gabe_Food's Combat Damage Step
Phase: Ai(2)-Gabe_Food's End of Combat Step
Phase: Ai(2)-Gabe_Food's Main phase, postcombat
Phase: Ai(2)-Gabe_Food's End step
Phase: Ai(2)-Gabe_Food's Cleanup step
Turn: Turn 4 (Ai(3)-Destyn_Turtles)
Phase: Ai(3)-Destyn_Turtles' Untap step
Phase: Ai(3)-Destyn_Turtles' Upkeep step
Phase: Ai(3)-Destyn_Turtles' Draw step
Phase: Ai(3)-Destyn_Turtles' Main phase, precombat
Replacement Effect: This land enters tapped unless you control two or more basic lands.
Land: Ai(3)-Destyn_Turtles played Sodden Verdure (283)
Phase: Ai(3)-Destyn_Turtles' Beginning of Combat Step
Phase: Ai(3)-Destyn_Turtles' Declare Attackers Step
Phase: Ai(3)-Destyn_Turtles' Declare Blockers Step
Phase: Ai(3)-Destyn_Turtles' First Strike Damage Step
Phase: Ai(3)-Destyn_Turtles' Combat Damage Step
Phase: Ai(3)-Destyn_Turtles' End of Combat Step
Phase: Ai(3)-Destyn_Turtles' Main phase, postcombat
Phase: Ai(3)-Destyn_Turtles' End step
Phase: Ai(3)-Destyn_Turtles' Cleanup step
Turn: Turn 5 (Ai(4)-GGS_Throne_only)
Phase: Ai(4)-GGS_Throne_only's Untap step
Phase: Ai(4)-GGS_Throne_only's Upkeep step
Phase: Ai(4)-GGS_Throne_only's Draw step
Phase: Ai(4)-GGS_Throne_only's Main phase, precombat
Replacement Effect: As Steam Vents enters, you may pay 2 life. If you don't, it enters tapped.
Land: Ai(4)-GGS_Throne_only played Steam Vents (347)
Phase: Ai(4)-GGS_Throne_only's Beginning of Combat Step
Phase: Ai(4)-GGS_Throne_only's Declare Attackers Step
Phase: Ai(4)-GGS_Throne_only's Declare Blockers Step
Phase: Ai(4)-GGS_Throne_only's First Strike Damage Step
Phase: Ai(4)-GGS_Throne_only's Combat Damage Step
Phase: Ai(4)-GGS_Throne_only's End of Combat Step
Phase: Ai(4)-GGS_Throne_only's Main phase, postcombat
Phase: Ai(4)-GGS_Throne_only's End step
Phase: Ai(4)-GGS_Throne_only's Cleanup step
Turn: Turn 6 (Ai(1)-Jaymie_Ezio)
Phase: Ai(1)-Jaymie_Ezio's Untap step
Phase: Ai(1)-Jaymie_Ezio's Upkeep step
Phase: Ai(1)-Jaymie_Ezio's Draw step
Phase: Ai(1)-Jaymie_Ezio's Main phase, precombat
Phase: Ai(1)-Jaymie_Ezio's Beginning of Combat Step
Phase: Ai(1)-Jaymie_Ezio's Declare Attackers Step
Combat: Ai(1)-Jaymie_Ezio assigned Assassin Initiate (51) to attack Ai(4)-GGS_Throne_only.
Phase: Ai(1)-Jaymie_Ezio's Declare Blockers Step
Combat: Ai(4)-GGS_Throne_only didn't block Assassin Initiate (51).
Phase: Ai(1)-Jaymie_Ezio's First Strike Damage Step
Phase: Ai(1)-Jaymie_Ezio's Combat Damage Step
Damage: Assassin Initiate (51) deals 1 combat damage to Ai(4)-GGS_Throne_only.
Life: Life: Ai(4)-GGS_Throne_only 40 > 39
Phase: Ai(1)-Jaymie_Ezio's End of Combat Step
Phase: Ai(1)-Jaymie_Ezio's Main phase, postcombat
Replacement Effect: Path of Ancestry enters tapped.
Land: Ai(1)-Jaymie_Ezio played Path of Ancestry (8)
Mana: Command Tower (32) - {T}: Add one mana of any color in your commander's color identity.
Add To Stack: Ai(1)-Jaymie_Ezio cast Changeling Outcast
Resolve Stack: Changeling Outcast - Creature 1 / 1
Phase: Ai(1)-Jaymie_Ezio's End step
Phase: Ai(1)-Jaymie_Ezio's Cleanup step
Turn: Turn 7 (Ai(2)-Gabe_Food)
Phase: Ai(2)-Gabe_Food's Untap step
Phase: Ai(2)-Gabe_Food's Upkeep step
Phase: Ai(2)-Gabe_Food's Draw step
Phase: Ai(2)-Gabe_Food's Main phase, precombat
Land: Ai(2)-Gabe_Food played Swamp (163)
Phase: Ai(2)-Gabe_Food's Beginning of Combat Step
Phase: Ai(2)-Gabe_Food's Declare Attackers Step
Phase: Ai(2)-Gabe_Food's Declare Blockers Step
Phase: Ai(2)-Gabe_Food's First Strike Damage Step
Phase: Ai(2)-Gabe_Food's Combat Damage Step
Phase: Ai(2)-Gabe_Food's End of Combat Step
Phase: Ai(2)-Gabe_Food's Main phase, postcombat
Mana: Forest (140) - {T}: Add {G}.
Mana: Swamp (163) - {T}: Add {B}.
Add To Stack: Ai(2)-Gabe_Food cast Prize Pig
Resolve Stack: Prize Pig - Creature 0 / 3
Phase: Ai(2)-Gabe_Food's End step
Phase: Ai(2)-Gabe_Food's Cleanup step
Turn: Turn 8 (Ai(3)-Destyn_Turtles)
Phase: Ai(3)-Destyn_Turtles' Untap step
Phase: Ai(3)-Destyn_Turtles' Upkeep step
Phase: Ai(3)-Destyn_Turtles' Draw step
Phase: Ai(3)-Destyn_Turtles' Main phase, precombat
Land: Ai(3)-Destyn_Turtles played City of Brass (247)
Phase: Ai(3)-Destyn_Turtles' Beginning of Combat Step
Phase: Ai(3)-Destyn_Turtles' Declare Attackers Step
Phase: Ai(3)-Destyn_Turtles' Declare Blockers Step
Phase: Ai(3)-Destyn_Turtles' First Strike Damage Step
Phase: Ai(3)-Destyn_Turtles' Combat Damage Step
Phase: Ai(3)-Destyn_Turtles' End of Combat Step
Phase: Ai(3)-Destyn_Turtles' Main phase, postcombat
Mana: Sodden Verdure (283) - {T}: Add {G}.
Mana: City of Brass (247) - {T}: Add one mana of any color.
Add To Stack: Ai(3)-Destyn_Turtles cast Michelangelo, the Heart
Add To Stack: Ai(3)-Destyn_Turtles triggered City of Brass
Damage: City of Brass (247) deals 1 non-combat damage to Ai(3)-Destyn_Turtles.
Life: Life: Ai(3)-Destyn_Turtles 40 > 39
Resolve Stack: Whenever City of Brass becomes tapped, it deals 1 damage to you. [Tapped: City of Brass (247)]
Resolve Stack: Michelangelo, the Heart - Creature 2 / 1
Phase: Ai(3)-Destyn_Turtles' End step
Phase: Ai(3)-Destyn_Turtles' Cleanup step
Turn: Turn 9 (Ai(4)-GGS_Throne_only)
Phase: Ai(4)-GGS_Throne_only's Untap step
Phase: Ai(4)-GGS_Throne_only's Upkeep step
Phase: Ai(4)-GGS_Throne_only's Draw step
Phase: Ai(4)-GGS_Throne_only's Main phase, precombat
Replacement Effect: Malakir Mire enters tapped.
Land: Ai(4)-GGS_Throne_only played Malakir Mire (308)
Phase: Ai(4)-GGS_Throne_only's Beginning of Combat Step
Phase: Ai(4)-GGS_Throne_only's Declare Attackers Step
Phase: Ai(4)-GGS_Throne_only's Declare Blockers Step
Phase: Ai(4)-GGS_Throne_only's First Strike Damage Step
Phase: Ai(4)-GGS_Throne_only's Combat Damage Step
Phase: Ai(4)-GGS_Throne_only's End of Combat Step
Phase: Ai(4)-GGS_Throne_only's Main phase, postcombat
Mana: Raucous Theater (386) - {T}: Add {R}.
Mana: Steam Vents (347) - {T}: Add {R}.
Add To Stack: Ai(4)-GGS_Throne_only cast Kari Zev, Skyship Raider
Resolve Stack: Kari Zev, Skyship Raider - Creature 1 / 3
Phase: Ai(4)-GGS_Throne_only's End step
Phase: Ai(4)-GGS_Throne_only's Cleanup step
Turn: Turn 10 (Ai(1)-Jaymie_Ezio)
Phase: Ai(1)-Jaymie_Ezio's Untap step
Phase: Ai(1)-Jaymie_Ezio's Upkeep step
Phase: Ai(1)-Jaymie_Ezio's Draw step
Phase: Ai(1)-Jaymie_Ezio's Main phase, precombat
Replacement Effect: Smoldering Marsh enters tapped unless you control two or more basic lands.
Land: Ai(1)-Jaymie_Ezio played Smoldering Marsh (71)
Mana: Command Tower (32) - {T}: Add one mana of any color in your commander's color identity.
Mana: Path of Ancestry (8) - {T}: Add one mana of any color in your commander's color identity. When that mana is spent to cast a creature spell that shares a creature type with your commander, scry 1. (Look at the top card of your library. You may put that card on the bottom.)
Add To Stack: Ai(1)-Jaymie_Ezio cast Rampant Growth
Resolve Stack: Rampant Growth (78) - Search your library for a basic land card, put that card onto the battlefield tapped, then shuffle.
Phase: Ai(1)-Jaymie_Ezio's Beginning of Combat Step
Phase: Ai(1)-Jaymie_Ezio's Declare Attackers Step
Combat: Ai(1)-Jaymie_Ezio assigned Changeling Outcast (14) to attack Ai(4)-GGS_Throne_only.
Phase: Ai(1)-Jaymie_Ezio's Declare Blockers Step
Combat: Ai(4)-GGS_Throne_only didn't block Changeling Outcast (14).
Phase: Ai(1)-Jaymie_Ezio's First Strike Damage Step
Phase: Ai(1)-Jaymie_Ezio's Combat Damage Step
Damage: Changeling Outcast (14) deals 1 combat damage to Ai(4)-GGS_Throne_only.
Life: Life: Ai(4)-GGS_Throne_only 39 > 38
Phase: Ai(1)-Jaymie_Ezio's End of Combat Step
Phase: Ai(1)-Jaymie_Ezio's Main phase, postcombat
Phase: Ai(1)-Jaymie_Ezio's End step
Phase: Ai(1)-Jaymie_Ezio's Cleanup step
Turn: Turn 11 (Ai(2)-Gabe_Food)
Phase: Ai(2)-Gabe_Food's Untap step
Phase: Ai(2)-Gabe_Food's Upkeep step
Phase: Ai(2)-Gabe_Food's Draw step
Phase: Ai(2)-Gabe_Food's Main phase, precombat
Land: Ai(2)-Gabe_Food played Command Tower (131)
Mana: Forest (140) - {T}: Add {G}.
Mana: Swamp (163) - {T}: Add {B}.
Mana: Command Tower (131) - {T}: Add one mana of any color in your commander's color identity.
Mana: Prize Pig (130) - {T}: Add one mana of any color.
Add To Stack: Ai(2)-Gabe_Food cast Assemble the Entmoot
Resolve Stack: Assemble the Entmoot
Phase: Ai(2)-Gabe_Food's Beginning of Combat Step
Phase: Ai(2)-Gabe_Food's Declare Attackers Step
Phase: Ai(2)-Gabe_Food's Declare Blockers Step
Phase: Ai(2)-Gabe_Food's First Strike Damage Step
Phase: Ai(2)-Gabe_Food's Combat Damage Step
Phase: Ai(2)-Gabe_Food's End of Combat Step
Phase: Ai(2)-Gabe_Food's Main phase, postcombat
Phase: Ai(2)-Gabe_Food's End step
Phase: Ai(2)-Gabe_Food's Cleanup step
Turn: Turn 12 (Ai(3)-Destyn_Turtles)
Phase: Ai(3)-Destyn_Turtles' Untap step
Phase: Ai(3)-Destyn_Turtles' Upkeep step
Phase: Ai(3)-Destyn_Turtles' Draw step
Phase: Ai(3)-Destyn_Turtles' Main phase, precombat
Replacement Effect: Cinder Glade enters tapped unless you control two or more basic lands.
Land: Ai(3)-Destyn_Turtles played Cinder Glade (218)
Phase: Ai(3)-Destyn_Turtles' Beginning of Combat Step
Phase: Ai(3)-Destyn_Turtles' Declare Attackers Step
Combat: Ai(3)-Destyn_Turtles assigned Michelangelo, the Heart (301) to attack Ai(2)-Gabe_Food.
Zone Change: Assemble the Entmoot (102) was put into Graveyard from Battlefield.
Add To Stack: Ai(2)-Gabe_Food activated Assemble the Entmoot
Resolve Stack: Assemble the Entmoot (102) - Ai(2)-Gabe_Food creates three tapped X/X green Treefolk creature tokens, where X is the amount of life you gained this turn. Put a reach counter on each of them. Ai(2)-Gabe_Food puts a reach counter on . 
Zone Change: Treefolk Token (418) was put into Graveyard from Battlefield.
Zone Change: Treefolk Token (419) was put into Graveyard from Battlefield.
Zone Change: Treefolk Token (420) was put into Graveyard from Battlefield.
Phase: Ai(3)-Destyn_Turtles' Declare Blockers Step
Combat: Ai(2)-Gabe_Food didn't block Michelangelo, the Heart (301).
Phase: Ai(3)-Destyn_Turtles' First Strike Damage Step
Phase: Ai(3)-Destyn_Turtles' Combat Damage Step
Damage: Michelangelo, the Heart (301) deals 2 combat damage to Ai(2)-Gabe_Food.
Life: Life: Ai(2)-Gabe_Food 40 > 38
Phase: Ai(3)-Destyn_Turtles' End of Combat Step
Phase: Ai(3)-Destyn_Turtles' Main phase, postcombat
Add To Stack: Ai(3)-Destyn_Turtles triggered Michelangelo, the Heart targeting [Michelangelo, the Heart (301)]
Resolve Stack: Raid (the Fridge) — At the beginning of your second main phase, if you attacked this turn, put a +1/+1 counter on target creature and create a Food token. (Targeting: [[Michelangelo, the Heart (301)]]) [Phase: Ai(3)-Destyn_Turtles]
Mana: Sodden Verdure (283) - {T}: Add {G}.
Mana: City of Brass (247) - {T}: Add one mana of any color.
Add To Stack: Ai(3)-Destyn_Turtles cast Everything Pizza
Add To Stack: Ai(3)-Destyn_Turtles triggered City of Brass
Damage: City of Brass (247) deals 1 non-combat damage to Ai(3)-Destyn_Turtles.
Life: Life: Ai(3)-Destyn_Turtles 39 > 38
Resolve Stack: Whenever City of Brass becomes tapped, it deals 1 damage to you. [Tapped: City of Brass (247)]
Resolve Stack: Everything Pizza
Add To Stack: Ai(3)-Destyn_Turtles triggered Everything Pizza
Resolve Stack: When this artifact enters, search your library for a basic land card, reveal it, put it into your hand, then shuffle. [Zone Changer: Everything Pizza (268)]
Phase: Ai(3)-Destyn_Turtles' End step
Phase: Ai(3)-Destyn_Turtles' Cleanup step
Turn: Turn 13 (Ai(4)-GGS_Throne_only)
Phase: Ai(4)-GGS_Throne_only's Untap step
Phase: Ai(4)-GGS_Throne_only's Upkeep step
Phase: Ai(4)-GGS_Throne_only's Draw step
Phase: Ai(4)-GGS_Throne_only's Main phase, precombat
Land: Ai(4)-GGS_Throne_only played Polluted Delta (316)
Life: Life: Ai(4)-GGS_Throne_only 38 > 37
Zone Change: Polluted Delta (316) was put into Graveyard from Battlefield.
Add To Stack: Ai(4)-GGS_Throne_only activated Polluted Delta
Replacement Effect: Xander's Lounge enters tapped.
Resolve Stack: Polluted Delta (316) - Ai(4)-GGS_Throne_only searches their library for an Island or Swamp card, puts it onto the battlefield, then shuffles.
Phase: Ai(4)-GGS_Throne_only's Beginning of Combat Step
Phase: Ai(4)-GGS_Throne_only's Declare Attackers Step
Combat: Ai(4)-GGS_Throne_only assigned Kari Zev, Skyship Raider (396) to attack Ai(3)-Destyn_Turtles.
Add To Stack: Ai(4)-GGS_Throne_only triggered Kari Zev, Skyship Raider
Resolve Stack: Whenever Kari Zev, Skyship Raider attacks, create Ragavan, a legendary 2/1 red Monkey creature token. Ragavan enters tapped and attacking. Exile that token at end of combat. [Attacker: Kari Zev, Skyship Raider (396)]
Mana: Steam Vents (347) - {T}: Add {U}.
Mana: Malakir Mire (308) - {T}: Add {B}.
Add To Stack: Ai(4)-GGS_Throne_only activated Ingenious Infiltrator
Resolve Stack: Ingenious Infiltrator (330) - Ai(4)-GGS_Throne_only puts Ingenious Infiltrator (330) from their hand onto the battlefield tapped and attacking.
Phase: Ai(4)-GGS_Throne_only's Declare Blockers Step
Combat: Ai(1)-Jaymie_Ezio didn't block Ingenious Infiltrator (330).
Combat: Ai(3)-Destyn_Turtles didn't block Kari Zev, Skyship Raider (396).
Phase: Ai(4)-GGS_Throne_only's First Strike Damage Step
Damage: Kari Zev, Skyship Raider (396) deals 1 combat damage to Ai(3)-Destyn_Turtles.
Life: Life: Ai(3)-Destyn_Turtles 38 > 37
Phase: Ai(4)-GGS_Throne_only's Combat Damage Step
Damage: Ingenious Infiltrator (330) deals 2 combat damage to Ai(1)-Jaymie_Ezio.
Life: Life: Ai(1)-Jaymie_Ezio 40 > 38
Add To Stack: Ai(4)-GGS_Throne_only triggered Ingenious Infiltrator
Resolve Stack: Whenever a Ninja you control deals combat damage to a player, draw a card. [Damage Source: Ingenious Infiltrator (330), Damaged: Ai(1)-Jaymie_Ezio, Amount: 2]
Phase: Ai(4)-GGS_Throne_only's End of Combat Step
Add To Stack: Ai(4)-GGS_Throne_only triggered Kari Zev, Skyship Raider
Resolve Stack: Exile Ragavan (425) at the end of combat. ([Ragavan (425)]) [Phase: Ai(4)-GGS_Throne_only]
Phase: Ai(4)-GGS_Throne_only's Main phase, postcombat
Phase: Ai(4)-GGS_Throne_only's End step
Phase: Ai(4)-GGS_Throne_only's Cleanup step
Turn: Turn 14 (Ai(1)-Jaymie_Ezio)
Phase: Ai(1)-Jaymie_Ezio's Untap step
Phase: Ai(1)-Jaymie_Ezio's Upkeep step
Phase: Ai(1)-Jaymie_Ezio's Draw step
Phase: Ai(1)-Jaymie_Ezio's Main phase, precombat
Land: Ai(1)-Jaymie_Ezio played Island (34)
Mana: Island (34) - {T}: Add {U}.
Mana: Command Tower (32) - {T}: Add one mana of any color in your commander's color identity.
Mana: Plains (90) - {T}: Add {W}.
Mana: Smoldering Marsh (71) - {T}: Add {R}.
Add To Stack: Ai(1)-Jaymie_Ezio cast Coastal Piracy
Resolve Stack: Coastal Piracy
Phase: Ai(1)-Jaymie_Ezio's Beginning of Combat Step
Phase: Ai(1)-Jaymie_Ezio's Declare Attackers Step
Combat: Ai(1)-Jaymie_Ezio assigned Changeling Outcast (14) and Assassin Initiate (51) to attack Ai(3)-Destyn_Turtles.
Phase: Ai(1)-Jaymie_Ezio's Declare Blockers Step
Combat: Ai(3)-Destyn_Turtles didn't block Changeling Outcast (14).
Ai(3)-Destyn_Turtles didn't block Assassin Initiate (51).
Phase: Ai(1)-Jaymie_Ezio's First Strike Damage Step
Phase: Ai(1)-Jaymie_Ezio's Combat Damage Step
Damage: Changeling Outcast (14) deals 1 combat damage to Ai(3)-Destyn_Turtles.
Damage: Assassin Initiate (51) deals 1 combat damage to Ai(3)-Destyn_Turtles.
Life: Life: Ai(3)-Destyn_Turtles 37 > 35
Add To Stack: Ai(1)-Jaymie_Ezio triggered Coastal Piracy
Add To Stack: Ai(1)-Jaymie_Ezio triggered Coastal Piracy
Resolve Stack: Whenever a creature you control deals combat damage to an opponent, you may draw a card. [Damage Source: Assassin Initiate (51), Damaged: Ai(3)-Destyn_Turtles, Amount: 1]
Resolve Stack: Whenever a creature you control deals combat damage to an opponent, you may draw a card. [Damage Source: Changeling Outcast (14), Damaged: Ai(3)-Destyn_Turtles, Amount: 1]
Phase: Ai(1)-Jaymie_Ezio's End of Combat Step
Phase: Ai(1)-Jaymie_Ezio's Main phase, postcombat
Phase: Ai(1)-Jaymie_Ezio's End step
Phase: Ai(1)-Jaymie_Ezio's Cleanup step
Turn: Turn 15 (Ai(2)-Gabe_Food)
Phase: Ai(2)-Gabe_Food's Untap step
Phase: Ai(2)-Gabe_Food's Upkeep step
Mana: Command Tower (131) - {T}: Add one mana of any color in your commander's color identity.
Add To Stack: Ai(2)-Gabe_Food cast Swords to Plowshares targeting [Ingenious Infiltrator (330)]
Zone Change: Ingenious Infiltrator (330) was put into Exile from Battlefield.
Life: Life: Ai(4)-GGS_Throne_only 37 > 39
Resolve Stack: Swords to Plowshares (185) - Exile Ingenious Infiltrator (330). Ai(4)-GGS_Throne_only gains life equal to its power.
Phase: Ai(2)-Gabe_Food's Draw step
Phase: Ai(2)-Gabe_Food's Main phase, precombat
Land: Ai(2)-Gabe_Food played Shire Terrace (172)
Mana: Prize Pig (130) - {T}: Add one mana of any color.
Mana: Forest (140) - {T}: Add {G}.
Mana: Swamp (163) - {T}: Add {B}.
Add To Stack: Ai(2)-Gabe_Food cast Sam, Loyal Attendant
Resolve Stack: Sam, Loyal Attendant - Creature 2 / 4
Add To Stack: Ai(2)-Gabe_Food triggered Sam, Loyal Attendant targeting [Ai(2)-Gabe_Food]
Resolve Stack: Partner with Frodo, Adventurous Hobbit (When this creature enters, target player may put Frodo into their hand from their library, then shuffle.) (Targeting: [[Ai(2)-Gabe_Food]]) [Zone Changer: Sam, Loyal Attendant (202)]
Phase: Ai(2)-Gabe_Food's Beginning of Combat Step
Add To Stack: Ai(2)-Gabe_Food triggered Sam, Loyal Attendant
Resolve Stack: At the beginning of combat on your turn, create a Food token. (It's an artifact with "{2}, {T}, Sacrifice this token: You gain 3 life.") [Phase: Ai(2)-Gabe_Food]
Phase: Ai(2)-Gabe_Food's Declare Attackers Step
Phase: Ai(2)-Gabe_Food's Declare Blockers Step
Phase: Ai(2)-Gabe_Food's First Strike Damage Step
Phase: Ai(2)-Gabe_Food's Combat Damage Step
Phase: Ai(2)-Gabe_Food's End of Combat Step
Phase: Ai(2)-Gabe_Food's Main phase, postcombat
Phase: Ai(2)-Gabe_Food's End step
Phase: Ai(2)-Gabe_Food's Cleanup step
Turn: Turn 16 (Ai(3)-Destyn_Turtles)
Phase: Ai(3)-Destyn_Turtles' Untap step
Phase: Ai(3)-Destyn_Turtles' Upkeep step
Phase: Ai(3)-Destyn_Turtles' Draw step
Phase: Ai(3)-Destyn_Turtles' Main phase, precombat
Land: Ai(3)-Destyn_Turtles played Plains (289)
Phase: Ai(3)-Destyn_Turtles' Beginning of Combat Step
Phase: Ai(3)-Destyn_Turtles' Declare Attackers Step
Combat: Ai(3)-Destyn_Turtles assigned Michelangelo, the Heart (301) to attack Ai(1)-Jaymie_Ezio.
Phase: Ai(3)-Destyn_Turtles' Declare Blockers Step
Combat: Ai(1)-Jaymie_Ezio didn't block Michelangelo, the Heart (301).
Phase: Ai(3)-Destyn_Turtles' First Strike Damage Step
Phase: Ai(3)-Destyn_Turtles' Combat Damage Step
Damage: Michelangelo, the Heart (301) deals 3 combat damage to Ai(1)-Jaymie_Ezio.
Life: Life: Ai(1)-Jaymie_Ezio 38 > 35
Phase: Ai(3)-Destyn_Turtles' End of Combat Step
Phase: Ai(3)-Destyn_Turtles' Main phase, postcombat
Add To Stack: Ai(3)-Destyn_Turtles triggered Michelangelo, the Heart targeting [Michelangelo, the Heart (301)]
Resolve Stack: Raid (the Fridge) — At the beginning of your second main phase, if you attacked this turn, put a +1/+1 counter on target creature and create a Food token. (Targeting: [[Michelangelo, the Heart (301)]]) [Phase: Ai(3)-Destyn_Turtles]
Mana: Cinder Glade (218) - {T}: Add {R}.
Mana: Plains (289) - {T}: Add {W}.
Mana: Sodden Verdure (283) - {T}: Add {G}.
Mana: City of Brass (247) - {T}: Add one mana of any color.
Add To Stack: Ai(3)-Destyn_Turtles cast Casey Jones, Back Alley Brute
Add To Stack: Ai(3)-Destyn_Turtles triggered City of Brass
Damage: City of Brass (247) deals 1 non-combat damage to Ai(3)-Destyn_Turtles.
Life: Life: Ai(3)-Destyn_Turtles 35 > 34
Resolve Stack: Whenever City of Brass becomes tapped, it deals 1 damage to you. [Tapped: City of Brass (247)]
Resolve Stack: Casey Jones, Back Alley Brute - Creature 4 / 2
Phase: Ai(3)-Destyn_Turtles' End step
Phase: Ai(3)-Destyn_Turtles' Cleanup step
Turn: Turn 17 (Ai(4)-GGS_Throne_only)
Phase: Ai(4)-GGS_Throne_only's Untap step
Phase: Ai(4)-GGS_Throne_only's Upkeep step
Phase: Ai(4)-GGS_Throne_only's Draw step
Phase: Ai(4)-GGS_Throne_only's Main phase, precombat
Land: Ai(4)-GGS_Throne_only played Sokenzan, Crucible of Defiance (336)
Phase: Ai(4)-GGS_Throne_only's Beginning of Combat Step
Phase: Ai(4)-GGS_Throne_only's Declare Attackers Step
Combat: Ai(4)-GGS_Throne_only assigned Kari Zev, Skyship Raider (396) to attack Ai(3)-Destyn_Turtles.
Add To Stack: Ai(4)-GGS_Throne_only triggered Kari Zev, Skyship Raider
Resolve Stack: Whenever Kari Zev, Skyship Raider attacks, create Ragavan, a legendary 2/1 red Monkey creature token. Ragavan enters tapped and attacking. Exile that token at end of combat. [Attacker: Kari Zev, Skyship Raider (396)]
Mana: Steam Vents (347) - {T}: Add {U}.
Mana: Xander's Lounge (389) - {T}: Add {U}.
Mana: Malakir Mire (308) - {T}: Add {B}.
Mana: Sokenzan, Crucible of Defiance (336) - {T}: Add {R}.
Add To Stack: Ai(4)-GGS_Throne_only activated Thousand-Faced Shadow
Resolve Stack: Thousand-Faced Shadow (326) - Ai(4)-GGS_Throne_only puts Thousand-Faced Shadow (326) from their hand onto the battlefield tapped and attacking.
Add To Stack: Ai(4)-GGS_Throne_only triggered Thousand-Faced Shadow targeting [Kari Zev, Skyship Raider (396)]
Resolve Stack: When Thousand-Faced Shadow enters from your hand, if it's attacking, create a token that's a copy of another target attacking creature. The token enters tapped and attacking. (Targeting: [[Kari Zev, Skyship Raider (396)]]) [Zone Changer: Thousand-Faced Shadow (326)]
Zone Change: Kari Zev, Skyship Raider (500) was put into Graveyard from Battlefield.
Phase: Ai(4)-GGS_Throne_only's Declare Blockers Step
Combat: Ai(1)-Jaymie_Ezio didn't block Thousand-Faced Shadow (326).
Combat: Ai(3)-Destyn_Turtles didn't block Kari Zev, Skyship Raider (396).
Phase: Ai(4)-GGS_Throne_only's First Strike Damage Step
Damage: Kari Zev, Skyship Raider (396) deals 1 combat damage to Ai(3)-Destyn_Turtles.
Life: Life: Ai(3)-Destyn_Turtles 34 > 33
Phase: Ai(4)-GGS_Throne_only's Combat Damage Step
Damage: Thousand-Faced Shadow (326) deals 1 combat damage to Ai(1)-Jaymie_Ezio.
Life: Life: Ai(1)-Jaymie_Ezio 35 > 34
Phase: Ai(4)-GGS_Throne_only's End of Combat Step
Add To Stack: Ai(4)-GGS_Throne_only triggered Kari Zev, Skyship Raider
Resolve Stack: Exile Ragavan (498) at the end of combat. ([Ragavan (498)]) [Phase: Ai(4)-GGS_Throne_only]
Phase: Ai(4)-GGS_Throne_only's Main phase, postcombat
Phase: Ai(4)-GGS_Throne_only's End step
Phase: Ai(4)-GGS_Throne_only's Cleanup step
Turn: Turn 18 (Ai(1)-Jaymie_Ezio)
Phase: Ai(1)-Jaymie_Ezio's Untap step
Phase: Ai(1)-Jaymie_Ezio's Upkeep step
Phase: Ai(1)-Jaymie_Ezio's Draw step
Phase: Ai(1)-Jaymie_Ezio's Main phase, precombat
Mana: Plains (90) - {T}: Add {W}.
Mana: Island (34) - {T}: Add {U}.
Mana: Smoldering Marsh (71) - {T}: Add {R}.
Add To Stack: Ai(1)-Jaymie_Ezio cast 
Resolve Stack: Disguise - Creature 2/2
Mana: Command Tower (32) - {T}: Add one mana of any color in your commander's color identity.
Mana: Path of Ancestry (8) - {T}: Add one mana of any color in your commander's color identity. When that mana is spent to cast a creature spell that shares a creature type with your commander, scry 1. (Look at the top card of your library. You may put that card on the bottom.)
Resolve Stack: Ai(1)-Jaymie_Ezio has undisguised Arno Dorian
Phase: Ai(1)-Jaymie_Ezio's Beginning of Combat Step
Phase: Ai(1)-Jaymie_Ezio's Declare Attackers Step
Combat: Ai(1)-Jaymie_Ezio assigned Changeling Outcast (14) and Assassin Initiate (51) to attack Ai(3)-Destyn_Turtles.
Phase: Ai(1)-Jaymie_Ezio's Declare Blockers Step
Combat: Ai(3)-Destyn_Turtles didn't block Changeling Outcast (14).
Ai(3)-Destyn_Turtles didn't block Assassin Initiate (51).
Phase: Ai(1)-Jaymie_Ezio's First Strike Damage Step
Phase: Ai(1)-Jaymie_Ezio's Combat Damage Step
Damage: Changeling Outcast (14) deals 3 combat damage to Ai(3)-Destyn_Turtles.
Damage: Assassin Initiate (51) deals 3 combat damage to Ai(3)-Destyn_Turtles.
Life: Life: Ai(3)-Destyn_Turtles 33 > 27
Add To Stack: Ai(1)-Jaymie_Ezio triggered Coastal Piracy
Add To Stack: Ai(1)-Jaymie_Ezio triggered Coastal Piracy
Resolve Stack: Whenever a creature you control deals combat damage to an opponent, you may draw a card. [Damage Source: Assassin Initiate (51), Damaged: Ai(3)-Destyn_Turtles, Amount: 3]
Resolve Stack: Whenever a creature you control deals combat damage to an opponent, you may draw a card. [Damage Source: Changeling Outcast (14), Damaged: Ai(3)-Destyn_Turtles, Amount: 3]
Phase: Ai(1)-Jaymie_Ezio's End of Combat Step
Phase: Ai(1)-Jaymie_Ezio's Main phase, postcombat
Replacement Effect: Thriving Grove enters tapped.
Replacement Effect: As Thriving Grove enters, choose a color other than green.
Land: Ai(1)-Jaymie_Ezio played Thriving Grove (27)
Phase: Ai(1)-Jaymie_Ezio's End step
Phase: Ai(1)-Jaymie_Ezio's Cleanup step
Turn: Turn 19 (Ai(2)-Gabe_Food)
Phase: Ai(2)-Gabe_Food's Untap step
Phase: Ai(2)-Gabe_Food's Upkeep step
Mana: Forest (140) - {T}: Add {G}.
Zone Change: Shire Terrace (172) was put into Graveyard from Battlefield.
Add To Stack: Ai(2)-Gabe_Food activated Shire Terrace
Resolve Stack: Shire Terrace (172) - Ai(2)-Gabe_Food searches their library for a basic land card, puts it onto the battlefield tapped, then shuffles.
Phase: Ai(2)-Gabe_Food's Draw step
Phase: Ai(2)-Gabe_Food's Main phase, precombat
Land: Ai(2)-Gabe_Food played Exotic Orchard (148)
Phase: Ai(2)-Gabe_Food's Beginning of Combat Step
Add To Stack: Ai(2)-Gabe_Food triggered Sam, Loyal Attendant
Resolve Stack: At the beginning of combat on your turn, create a Food token. (It's an artifact with "{2}, {T}, Sacrifice this token: You gain 3 life.") [Phase: Ai(2)-Gabe_Food]
Phase: Ai(2)-Gabe_Food's Declare Attackers Step
Phase: Ai(2)-Gabe_Food's Declare Blockers Step
Phase: Ai(2)-Gabe_Food's First Strike Damage Step
Phase: Ai(2)-Gabe_Food's Combat Damage Step
Phase: Ai(2)-Gabe_Food's End of Combat Step
Phase: Ai(2)-Gabe_Food's Main phase, postcombat
Mana: Swamp (163) - {T}: Add {B}.
Mana: Exotic Orchard (148) - {T}: Add one mana of any color that a land an opponent controls could produce.
Mana: Command Tower (131) - {T}: Add one mana of any color in your commander's color identity.
Mana: Prize Pig (130) - {T}: Add one mana of any color.
Add To Stack: Ai(2)-Gabe_Food cast Well of Lost Dreams
Resolve Stack: Well of Lost Dreams
Phase: Ai(2)-Gabe_Food's End step
Phase: Ai(2)-Gabe_Food's Cleanup step
Turn: Turn 20 (Ai(3)-Destyn_Turtles)
Phase: Ai(3)-Destyn_Turtles' Untap step
Phase: Ai(3)-Destyn_Turtles' Upkeep step
Phase: Ai(3)-Destyn_Turtles' Draw step
Phase: Ai(3)-Destyn_Turtles' Main phase, precombat
Replacement Effect: Sunken Hollow enters tapped unless you control two or more basic lands.
Land: Ai(3)-Destyn_Turtles played Sunken Hollow (226)
Phase: Ai(3)-Destyn_Turtles' Beginning of Combat Step
Phase: Ai(3)-Destyn_Turtles' Declare Attackers Step
Combat: Ai(3)-Destyn_Turtles assigned Casey Jones, Back Alley Brute (208) and Michelangelo, the Heart (301) to attack Ai(1)-Jaymie_Ezio.
Add To Stack: Ai(3)-Destyn_Turtles triggered Casey Jones, Back Alley Brute targeting [Casey Jones, Back Alley Brute (208)]
Resolve Stack: Whenever Casey Jones attacks, put a +1/+1 counter on target attacking creature. (Targeting: [[Casey Jones, Back Alley Brute (208)]]) [Attacker: Casey Jones, Back Alley Brute (208)]
Add To Stack: Ai(3)-Destyn_Turtles triggered Casey Jones, Back Alley Brute targeting [Ai(1)-Jaymie_Ezio]
Damage: Casey Jones, Back Alley Brute (208) deals 1 non-combat damage to Ai(1)-Jaymie_Ezio.
Life: Life: Ai(1)-Jaymie_Ezio 34 > 33
Resolve Stack: Whenever you put one or more +1/+1 counters on a creature you control, Casey Jones deals that much damage to target opponent. (Targeting: [[Ai(1)-Jaymie_Ezio]]) [Added once: Casey Jones, Back Alley Brute (208) Amount: 1]
Phase: Ai(3)-Destyn_Turtles' Declare Blockers Step
Combat: Ai(1)-Jaymie_Ezio didn't block Casey Jones, Back Alley Brute (208).
Ai(1)-Jaymie_Ezio didn't block Michelangelo, the Heart (301).
Phase: Ai(3)-Destyn_Turtles' First Strike Damage Step
Phase: Ai(3)-Destyn_Turtles' Combat Damage Step
Damage: Casey Jones, Back Alley Brute (208) deals 5 combat damage to Ai(1)-Jaymie_Ezio.
Damage: Michelangelo, the Heart (301) deals 4 combat damage to Ai(1)-Jaymie_Ezio.
Life: Life: Ai(1)-Jaymie_Ezio 33 > 24
Phase: Ai(3)-Destyn_Turtles' End of Combat Step
Phase: Ai(3)-Destyn_Turtles' Main phase, postcombat
Add To Stack: Ai(3)-Destyn_Turtles triggered Michelangelo, the Heart targeting [Casey Jones, Back Alley Brute (208)]
Resolve Stack: Raid (the Fridge) — At the beginning of your second main phase, if you attacked this turn, put a +1/+1 counter on target creature and create a Food token. (Targeting: [[Casey Jones, Back Alley Brute (208)]]) [Phase: Ai(3)-Destyn_Turtles]
Add To Stack: Ai(3)-Destyn_Turtles triggered Casey Jones, Back Alley Brute targeting [Ai(1)-Jaymie_Ezio]
Damage: Casey Jones, Back Alley Brute (208) deals 1 non-combat damage to Ai(1)-Jaymie_Ezio.
Life: Life: Ai(1)-Jaymie_Ezio 24 > 23
Resolve Stack: Whenever you put one or more +1/+1 counters on a creature you control, Casey Jones deals that much damage to target opponent. (Targeting: [[Ai(1)-Jaymie_Ezio]]) [Added once: Casey Jones, Back Alley Brute (208) Amount: 1]
Mana: Plains (289) - {T}: Add {W}.
Mana: Cinder Glade (218) - {T}: Add {G}.
Mana: Sodden Verdure (283) - {T}: Add {G}.
Mana: City of Brass (247) - {T}: Add one mana of any color.
Add To Stack: Ai(3)-Destyn_Turtles cast Leonardo, the Balance
Add To Stack: Ai(3)-Destyn_Turtles triggered City of Brass
Damage: City of Brass (247) deals 1 non-combat damage to Ai(3)-Destyn_Turtles.
Life: Life: Ai(3)-Destyn_Turtles 27 > 26
Resolve Stack: Whenever City of Brass becomes tapped, it deals 1 damage to you. [Tapped: City of Brass (247)]
Resolve Stack: Leonardo, the Balance - Creature 3 / 3
Phase: Ai(3)-Destyn_Turtles' End step
Phase: Ai(3)-Destyn_Turtles' Cleanup step
Turn: Turn 21 (Ai(4)-GGS_Throne_only)
Phase: Ai(4)-GGS_Throne_only's Untap step
Phase: Ai(4)-GGS_Throne_only's Upkeep step
Phase: Ai(4)-GGS_Throne_only's Draw step
Phase: Ai(4)-GGS_Throne_only's Main phase, precombat
Land: Ai(4)-GGS_Throne_only played Takenuma, Abandoned Mire (387)
Phase: Ai(4)-GGS_Throne_only's Beginning of Combat Step
Phase: Ai(4)-GGS_Throne_only's Declare Attackers Step
Combat: Ai(4)-GGS_Throne_only assigned Kari Zev, Skyship Raider (396) and Thousand-Faced Shadow (326) to attack Ai(3)-Destyn_Turtles.
Add To Stack: Ai(4)-GGS_Throne_only triggered Kari Zev, Skyship Raider
Resolve Stack: Whenever Kari Zev, Skyship Raider attacks, create Ragavan, a legendary 2/1 red Monkey creature token. Ragavan enters tapped and attacking. Exile that token at end of combat. [Attacker: Kari Zev, Skyship Raider (396)]
Phase: Ai(4)-GGS_Throne_only's Declare Blockers Step
Combat: Ai(1)-Jaymie_Ezio assigned Arno Dorian (24) to block Ragavan (508).
Combat: Ai(3)-Destyn_Turtles didn't block Kari Zev, Skyship Raider (396).
Ai(3)-Destyn_Turtles didn't block Thousand-Faced Shadow (326).
Phase: Ai(4)-GGS_Throne_only's First Strike Damage Step
Damage: Kari Zev, Skyship Raider (396) deals 1 combat damage to Ai(3)-Destyn_Turtles.
Life: Life: Ai(3)-Destyn_Turtles 26 > 25
Phase: Ai(4)-GGS_Throne_only's Combat Damage Step
Damage: Thousand-Faced Shadow (326) deals 1 combat damage to Ai(3)-Destyn_Turtles.
Damage: Ragavan (508) deals 2 damage to Arno Dorian (24).
Damage: Arno Dorian (24) deals 3 damage (Deathtouch) to Ragavan (508).
Life: Life: Ai(3)-Destyn_Turtles 25 > 24
Zone Change: Ragavan (508) was put into Graveyard from Battlefield.
Phase: Ai(4)-GGS_Throne_only's End of Combat Step
Add To Stack: Ai(4)-GGS_Throne_only triggered Kari Zev, Skyship Raider
Resolve Stack: Exile Ragavan (508) at the end of combat. ([Ragavan (508)]) [Phase: Ai(4)-GGS_Throne_only]
Phase: Ai(4)-GGS_Throne_only's Main phase, postcombat
Mana: Sokenzan, Crucible of Defiance (336) - {T}: Add {R}.
Mana: Raucous Theater (386) - {T}: Add {R}.
Mana: Malakir Mire (308) - {T}: Add {B}.
Mana: Takenuma, Abandoned Mire (387) - {T}: Add {B}.
Mana: Steam Vents (347) - {T}: Add {R}.
Add To Stack: Ai(4)-GGS_Throne_only cast Draconic Visitor
Resolve Stack: Draconic Visitor - Creature 5 / 5
Phase: Ai(4)-GGS_Throne_only's End step
Phase: Ai(4)-GGS_Throne_only's Cleanup step
Turn: Turn 22 (Ai(1)-Jaymie_Ezio)
Phase: Ai(1)-Jaymie_Ezio's Untap step
Phase: Ai(1)-Jaymie_Ezio's Upkeep step
Phase: Ai(1)-Jaymie_Ezio's Draw step
Phase: Ai(1)-Jaymie_Ezio's Main phase, precombat
Mana: Island (34) - {T}: Add {U}.
Mana: Plains (90) - {T}: Add {W}.
Add To Stack: Ai(1)-Jaymie_Ezio cast Security Bypass targeting [Arno Dorian (24)]
Mana: Xander's Lounge (389) - {T}: Add {U}.
Add To Stack: Ai(4)-GGS_Throne_only cast An Offer You Can't Refuse targeting [Security Bypass]
Zone Change: Send countered spell to Graveyard
Resolve Stack: An Offer You Can't Refuse (367) - Counter Security Bypass (92). Its controller creates two Treasure tokens.
Phase: Ai(1)-Jaymie_Ezio's Beginning of Combat Step
Phase: Ai(1)-Jaymie_Ezio's Declare Attackers Step
Combat: Ai(1)-Jaymie_Ezio assigned Changeling Outcast (14) to attack Ai(3)-Destyn_Turtles.
Phase: Ai(1)-Jaymie_Ezio's Declare Blockers Step
Combat: Ai(3)-Destyn_Turtles didn't block Changeling Outcast (14).
Phase: Ai(1)-Jaymie_Ezio's First Strike Damage Step
Phase: Ai(1)-Jaymie_Ezio's Combat Damage Step
Damage: Changeling Outcast (14) deals 3 combat damage to Ai(3)-Destyn_Turtles.
Life: Life: Ai(3)-Destyn_Turtles 24 > 21
Add To Stack: Ai(1)-Jaymie_Ezio triggered Coastal Piracy
Resolve Stack: Whenever a creature you control deals combat damage to an opponent, you may draw a card. [Damage Source: Changeling Outcast (14), Damaged: Ai(3)-Destyn_Turtles, Amount: 3]
Phase: Ai(1)-Jaymie_Ezio's End of Combat Step
Phase: Ai(1)-Jaymie_Ezio's Main phase, postcombat
Replacement Effect: Thriving Moor enters tapped.
Replacement Effect: As Thriving Moor enters, choose a color other than black.
Land: Ai(1)-Jaymie_Ezio played Thriving Moor (99)
Mana: Command Tower (32) - {T}: Add one mana of any color in your commander's color identity.
Mana: Smoldering Marsh (71) - {T}: Add {R}.
Mana: Thriving Grove (27) - {T}: Add {G} or one mana of the chosen color.
Mana: Path of Ancestry (8) - {T}: Add one mana of any color in your commander's color identity. When that mana is spent to cast a creature spell that shares a creature type with your commander, scry 1. (Look at the top card of your library. You may put that card on the bottom.)
Zone Change: Treasure Token (511) was put into Graveyard from Battlefield.
Mana: Treasure Token (511) - {T}, Sacrifice this token: Add one mana of any color.
Add To Stack: Ai(1)-Jaymie_Ezio cast Edward Kenway
Add To Stack: Ai(1)-Jaymie_Ezio triggered Path of Ancestry
Resolve Stack: Ai(1)-Jaymie_Ezio scried 1 card(s) to the top of the library
Resolve Stack: When mana produced by Path of Ancestry is spent to cast a creature spell that shares a creature type with your commander, scry 1. ([Edward Kenway - Creature 5 / 5]) [Card: Edward Kenway (5), Activator: Ai(1)-Jaymie_Ezio, SpellAbility: Edward Kenway - Creature 5 / 5]
Resolve Stack: Edward Kenway - Creature 5 / 5
Phase: Ai(1)-Jaymie_Ezio's End step
Add To Stack: Ai(1)-Jaymie_Ezio triggered Edward Kenway
Resolve Stack: At the beginning of your end step, create a Treasure token for each tapped Assassin, Pirate, and/or Vehicle you control. [Phase: Ai(1)-Jaymie_Ezio]
Phase: Ai(1)-Jaymie_Ezio's Cleanup step
Turn: Turn 23 (Ai(2)-Gabe_Food)
Phase: Ai(2)-Gabe_Food's Untap step
Phase: Ai(2)-Gabe_Food's Upkeep step
Phase: Ai(2)-Gabe_Food's Draw step
Phase: Ai(2)-Gabe_Food's Main phase, precombat
Replacement Effect: As Shineshadow Snarl enters, you may reveal a Plains or Swamp card from your hand. If you don't, Shineshadow Snarl enters tapped.
Land: Ai(2)-Gabe_Food played Shineshadow Snarl (121)
Phase: Ai(2)-Gabe_Food's Beginning of Combat Step
Add To Stack: Ai(2)-Gabe_Food triggered Sam, Loyal Attendant
Resolve Stack: At the beginning of combat on your turn, create a Food token. (It's an artifact with "{2}, {T}, Sacrifice this token: You gain 3 life.") [Phase: Ai(2)-Gabe_Food]
Phase: Ai(2)-Gabe_Food's Declare Attackers Step
Phase: Ai(2)-Gabe_Food's Declare Blockers Step
Phase: Ai(2)-Gabe_Food's First Strike Damage Step
Phase: Ai(2)-Gabe_Food's Combat Damage Step
Phase: Ai(2)-Gabe_Food's End of Combat Step
Phase: Ai(2)-Gabe_Food's Main phase, postcombat
Mana: Plains (187) - {T}: Add {W}.
Mana: Exotic Orchard (148) - {T}: Add one mana of any color that a land an opponent controls could produce.
Mana: Forest (140) - {T}: Add {G}.
Mana: Swamp (163) - {T}: Add {B}.
Mana: Command Tower (131) - {T}: Add one mana of any color in your commander's color identity.
Add To Stack: Ai(2)-Gabe_Food cast Call for Unity
Resolve Stack: Call for Unity
Phase: Ai(2)-Gabe_Food's End step
Phase: Ai(2)-Gabe_Food's Cleanup step
Turn: Turn 24 (Ai(3)-Destyn_Turtles)
Phase: Ai(3)-Destyn_Turtles' Untap step
Phase: Ai(3)-Destyn_Turtles' Upkeep step
Phase: Ai(3)-Destyn_Turtles' Draw step
Phase: Ai(3)-Destyn_Turtles' Main phase, precombat
Mana: Sodden Verdure (283) - {T}: Add {G}.
Mana: Cinder Glade (218) - {T}: Add {G}.
Mana: Plains (289) - {T}: Add {W}.
Mana: Sunken Hollow (226) - {T}: Add {B}.
Mana: City of Brass (247) - {T}: Add one mana of any color.
Add To Stack: Ai(3)-Destyn_Turtles cast Acidic Slime
Add To Stack: Ai(3)-Destyn_Turtles triggered City of Brass
Damage: City of Brass (247) deals 1 non-combat damage to Ai(3)-Destyn_Turtles.
Life: Life: Ai(3)-Destyn_Turtles 21 > 20
Resolve Stack: Whenever City of Brass becomes tapped, it deals 1 damage to you. [Tapped: City of Brass (247)]
Resolve Stack: Acidic Slime - Creature 2 / 2
Add To Stack: Ai(3)-Destyn_Turtles triggered Acidic Slime targeting [Coastal Piracy (1)]
Zone Change: Coastal Piracy (1) was put into Graveyard from Battlefield.
Resolve Stack: When Acidic Slime enters, destroy target artifact, enchantment, or land. (Targeting: [[Coastal Piracy (1)]]) [Zone Changer: Acidic Slime (264)]
Phase: Ai(3)-Destyn_Turtles' Beginning of Combat Step
Phase: Ai(3)-Destyn_Turtles' Declare Attackers Step
Phase: Ai(3)-Destyn_Turtles' Declare Blockers Step
Phase: Ai(3)-Destyn_Turtles' First Strike Damage Step
Phase: Ai(3)-Destyn_Turtles' Combat Damage Step
Phase: Ai(3)-Destyn_Turtles' End of Combat Step
Phase: Ai(3)-Destyn_Turtles' Main phase, postcombat
Phase: Ai(3)-Destyn_Turtles' End step
Phase: Ai(3)-Destyn_Turtles' Cleanup step
Turn: Turn 25 (Ai(4)-GGS_Throne_only)
Phase: Ai(4)-GGS_Throne_only's Untap step
Phase: Ai(4)-GGS_Throne_only's Upkeep step
Phase: Ai(4)-GGS_Throne_only's Draw step
Phase: Ai(4)-GGS_Throne_only's Main phase, precombat
Mana: Sokenzan, Crucible of Defiance (336) - {T}: Add {R}.
Mana: Malakir Mire (308) - {T}: Add {B}.
Add To Stack: Ai(4)-GGS_Throne_only cast Lightning Greaves
Resolve Stack: Lightning Greaves
Add To Stack: Ai(4)-GGS_Throne_only activated Lightning Greaves targeting [Draconic Visitor (318)]
Resolve Stack: Lightning Greaves (361) -  Attach to Draconic Visitor (318)
Phase: Ai(4)-GGS_Throne_only's Beginning of Combat Step
Phase: Ai(4)-GGS_Throne_only's Declare Attackers Step
Combat: Ai(4)-GGS_Throne_only assigned Draconic Visitor (318) and Thousand-Faced Shadow (326) to attack Ai(3)-Destyn_Turtles.
Phase: Ai(4)-GGS_Throne_only's Declare Blockers Step
Combat: Ai(3)-Destyn_Turtles didn't block Draconic Visitor (318).
Ai(3)-Destyn_Turtles didn't block Thousand-Faced Shadow (326).
Phase: Ai(4)-GGS_Throne_only's First Strike Damage Step
Phase: Ai(4)-GGS_Throne_only's Combat Damage Step
Damage: Draconic Visitor (318) deals 5 combat damage to Ai(3)-Destyn_Turtles.
Damage: Thousand-Faced Shadow (326) deals 1 combat damage to Ai(3)-Destyn_Turtles.
Life: Life: Ai(3)-Destyn_Turtles 20 > 14
Phase: Ai(4)-GGS_Throne_only's End of Combat Step
Phase: Ai(4)-GGS_Throne_only's Main phase, postcombat
Mana: Steam Vents (347) - {T}: Add {U}.
Mana: Raucous Theater (386) - {T}: Add {R}.
Mana: Takenuma, Abandoned Mire (387) - {T}: Add {B}.
Add To Stack: Ai(4)-GGS_Throne_only cast Goro-Goro and Satoru
Resolve Stack: Goro-Goro and Satoru - Creature 3 / 4
Phase: Ai(4)-GGS_Throne_only's End step
Phase: Ai(4)-GGS_Throne_only's Cleanup step
Turn: Turn 26 (Ai(1)-Jaymie_Ezio)
Phase: Ai(1)-Jaymie_Ezio's Untap step
Phase: Ai(1)-Jaymie_Ezio's Upkeep step
Phase: Ai(1)-Jaymie_Ezio's Draw step
Phase: Ai(1)-Jaymie_Ezio's Main phase, precombat
Phase: Ai(1)-Jaymie_Ezio's Beginning of Combat Step
Phase: Ai(1)-Jaymie_Ezio's Declare Attackers Step
Combat: Ai(1)-Jaymie_Ezio assigned Changeling Outcast (14) to attack Ai(3)-Destyn_Turtles.
Phase: Ai(1)-Jaymie_Ezio's Declare Blockers Step
Combat: Ai(3)-Destyn_Turtles didn't block Changeling Outcast (14).
Phase: Ai(1)-Jaymie_Ezio's First Strike Damage Step
Phase: Ai(1)-Jaymie_Ezio's Combat Damage Step
Damage: Changeling Outcast (14) deals 3 combat damage to Ai(3)-Destyn_Turtles.
Life: Life: Ai(3)-Destyn_Turtles 14 > 11
Phase: Ai(1)-Jaymie_Ezio's End of Combat Step
Phase: Ai(1)-Jaymie_Ezio's Main phase, postcombat
Mana: Thriving Grove (27) - {T}: Add {G} or one mana of the chosen color.
Mana: Thriving Moor (99) - {T}: Add {B} or one mana of the chosen color.
Mana: Smoldering Marsh (71) - {T}: Add {B}.
Mana: Plains (90) - {T}: Add {W}.
Mana: Island (34) - {T}: Add {U}.
Mana: Command Tower (32) - {T}: Add one mana of any color in your commander's color identity.
Add To Stack: Ai(1)-Jaymie_Ezio cast Sorin Markov
Replacement Effect: Sorin Markov enters with four loyalty counters on it.
Resolve Stack: Sorin Markov
Add To Stack: Ai(1)-Jaymie_Ezio activated Sorin Markov targeting [Ai(4)-GGS_Throne_only]
Life: Life: Ai(4)-GGS_Throne_only 39 > 10
Resolve Stack: Sorin Markov (29) - Ai(4)-GGS_Throne_only life total becomes 10.
Mana: Path of Ancestry (8) - {T}: Add one mana of any color in your commander's color identity. When that mana is spent to cast a creature spell that shares a creature type with your commander, scry 1. (Look at the top card of your library. You may put that card on the bottom.)
Zone Change: Treasure Token (514) was put into Graveyard from Battlefield.
Mana: Treasure Token (514) - {T}, Sacrifice this token: Add one mana of any color.
Add To Stack: Ai(1)-Jaymie_Ezio cast Ezio Auditore da Firenze
Add To Stack: Ai(1)-Jaymie_Ezio triggered Path of Ancestry
Resolve Stack: Ai(1)-Jaymie_Ezio scried 1 card(s) to the top of the library
Resolve Stack: When mana produced by Path of Ancestry is spent to cast a creature spell that shares a creature type with your commander, scry 1. ([Ezio Auditore da Firenze - Creature 3 / 2]) [Card: Ezio Auditore da Firenze (100), Activator: Ai(1)-Jaymie_Ezio, SpellAbility: Ezio Auditore da Firenze - Creature 3 / 2]
Resolve Stack: Ezio Auditore da Firenze - Creature 3 / 2
Phase: Ai(1)-Jaymie_Ezio's End step
Add To Stack: Ai(1)-Jaymie_Ezio triggered Edward Kenway
Resolve Stack: At the beginning of your end step, create a Treasure token for each tapped Assassin, Pirate, and/or Vehicle you control. [Phase: Ai(1)-Jaymie_Ezio]
Phase: Ai(1)-Jaymie_Ezio's Cleanup step
Turn: Turn 27 (Ai(2)-Gabe_Food)
Phase: Ai(2)-Gabe_Food's Untap step
Phase: Ai(2)-Gabe_Food's Upkeep step
Phase: Ai(2)-Gabe_Food's Draw step
Phase: Ai(2)-Gabe_Food's Main phase, precombat
Land: Ai(2)-Gabe_Food played Ash Barrens (173)
Phase: Ai(2)-Gabe_Food's Beginning of Combat Step
Add To Stack: Ai(2)-Gabe_Food triggered Sam, Loyal Attendant
Resolve Stack: At the beginning of combat on your turn, create a Food token. (It's an artifact with "{2}, {T}, Sacrifice this token: You gain 3 life.") [Phase: Ai(2)-Gabe_Food]
Phase: Ai(2)-Gabe_Food's Declare Attackers Step
Phase: Ai(2)-Gabe_Food's Declare Blockers Step
Phase: Ai(2)-Gabe_Food's First Strike Damage Step
Phase: Ai(2)-Gabe_Food's Combat Damage Step
Phase: Ai(2)-Gabe_Food's End of Combat Step
Phase: Ai(2)-Gabe_Food's Main phase, postcombat
Mana: Ash Barrens (173) - {T}: Add {C}.
Mana: Forest (140) - {T}: Add {G}.
Mana: Plains (187) - {T}: Add {W}.
Add To Stack: Ai(2)-Gabe_Food cast Commander's Sphere
Resolve Stack: Commander's Sphere
Mana: Exotic Orchard (148) - {T}: Add one mana of any color that a land an opponent controls could produce.
Mana: Swamp (163) - {T}: Add {B}.
Add To Stack: Ai(2)-Gabe_Food cast Frodo, Adventurous Hobbit
Resolve Stack: Frodo, Adventurous Hobbit - Creature 1 / 3
Add To Stack: Ai(2)-Gabe_Food triggered Frodo, Adventurous Hobbit targeting [Ai(2)-Gabe_Food]
Resolve Stack: Partner with Sam, Loyal Attendant (When this creature enters, target player may put Sam into their hand from their library, then shuffle.) (Targeting: [[Ai(2)-Gabe_Food]]) [Zone Changer: Frodo, Adventurous Hobbit (200)]
Mana: Shineshadow Snarl (121) - {T}: Add {W} or {B}.
Mana: Command Tower (131) - {T}: Add one mana of any color in your commander's color identity.
Add To Stack: Ai(2)-Gabe_Food cast Night's Whisper
Life: Life: Ai(2)-Gabe_Food 38 > 36
Resolve Stack: Night's Whisper (151) - Ai(2)-Gabe_Food draws two cards. Ai(2)-Gabe_Food loses 2 life.
Mana: Commander's Sphere (119) - {T}: Add one mana of any color in your commander's color identity.
Mana: Prize Pig (130) - {T}: Add one mana of any color.
Add To Stack: Ai(2)-Gabe_Food cast Shire Shirriff
Resolve Stack: Shire Shirriff - Creature 2 / 2
Add To Stack: Ai(2)-Gabe_Food triggered Shire Shirriff
Resolve Stack: When Shire Shirriff enters, you may sacrifice a token. When you do, exile target creature an opponent controls until Shire Shirriff leaves the battlefield. [Zone Changer: Shire Shirriff (111)]
Phase: Ai(2)-Gabe_Food's End step
Phase: Ai(2)-Gabe_Food's Cleanup step
Turn: Turn 28 (Ai(3)-Destyn_Turtles)
Phase: Ai(3)-Destyn_Turtles' Untap step
Phase: Ai(3)-Destyn_Turtles' Upkeep step
Phase: Ai(3)-Destyn_Turtles' Draw step
Phase: Ai(3)-Destyn_Turtles' Main phase, precombat
Replacement Effect: This land enters tapped unless you control two or more basic lands.
Land: Ai(3)-Destyn_Turtles played Vernal Fen (260)
Phase: Ai(3)-Destyn_Turtles' Beginning of Combat Step
Phase: Ai(3)-Destyn_Turtles' Declare Attackers Step
Phase: Ai(3)-Destyn_Turtles' Declare Blockers Step
Phase: Ai(3)-Destyn_Turtles' First Strike Damage Step
Phase: Ai(3)-Destyn_Turtles' Combat Damage Step
Phase: Ai(3)-Destyn_Turtles' End of Combat Step
Phase: Ai(3)-Destyn_Turtles' Main phase, postcombat
Mana: Sunken Hollow (226) - {T}: Add {B}.
Mana: Plains (289) - {T}: Add {W}.
Mana: Cinder Glade (218) - {T}: Add {G}.
Mana: Sodden Verdure (283) - {T}: Add {G}.
Add To Stack: Ai(3)-Destyn_Turtles cast Dimension X Pizzasaur
Resolve Stack: Dimension X Pizzasaur - Creature 2 / 1
Add To Stack: Ai(3)-Destyn_Turtles triggered Dimension X Pizzasaur targeting [Casey Jones, Back Alley Brute (208)]
Resolve Stack: When this creature enters, put two +1/+1 counters on target creature. When you do, destroy up to one target creature with mana value less than or equal to the number of counters among permanents you control. (Targeting: [[Casey Jones, Back Alley Brute (208)]]) [Zone Changer: Dimension X Pizzasaur (241)]
Add To Stack: Ai(3)-Destyn_Turtles triggered Casey Jones, Back Alley Brute targeting [Ai(4)-GGS_Throne_only]
Add To Stack: Ai(3)-Destyn_Turtles triggered Dimension X Pizzasaur targeting [Edward Kenway (5)]
Zone Change: Edward Kenway (5) was put into Graveyard from Battlefield.
Resolve Stack: When you do, destroy up to one target creature with mana value less than or equal to the number of counters among permanents you control. (Targeting: [[Edward Kenway (5)]])
Damage: Casey Jones, Back Alley Brute (208) deals 2 non-combat damage to Ai(4)-GGS_Throne_only.
Life: Life: Ai(4)-GGS_Throne_only 10 > 8
Resolve Stack: Whenever you put one or more +1/+1 counters on a creature you control, Casey Jones deals that much damage to target opponent. (Targeting: [[Ai(4)-GGS_Throne_only]]) [Added once: Casey Jones, Back Alley Brute (208) Amount: 2]
Mana: City of Brass (247) - {T}: Add one mana of any color.
Add To Stack: Ai(3)-Destyn_Turtles cast Sol Ring
Add To Stack: Ai(3)-Destyn_Turtles triggered City of Brass
Damage: City of Brass (247) deals 1 non-combat damage to Ai(3)-Destyn_Turtles.
Life: Life: Ai(3)-Destyn_Turtles 11 > 10
Resolve Stack: Whenever City of Brass becomes tapped, it deals 1 damage to you. [Tapped: City of Brass (247)]
Resolve Stack: Sol Ring
Phase: Ai(3)-Destyn_Turtles' End step
Phase: Ai(3)-Destyn_Turtles' Cleanup step
Turn: Turn 29 (Ai(4)-GGS_Throne_only)
Phase: Ai(4)-GGS_Throne_only's Untap step
Phase: Ai(4)-GGS_Throne_only's Upkeep step
Phase: Ai(4)-GGS_Throne_only's Draw step
Phase: Ai(4)-GGS_Throne_only's Main phase, precombat
Phase: Ai(4)-GGS_Throne_only's Beginning of Combat Step
Phase: Ai(4)-GGS_Throne_only's Declare Attackers Step
Phase: Ai(4)-GGS_Throne_only's Declare Blockers Step
Phase: Ai(4)-GGS_Throne_only's First Strike Damage Step
Phase: Ai(4)-GGS_Throne_only's Combat Damage Step
Phase: Ai(4)-GGS_Throne_only's End of Combat Step
Phase: Ai(4)-GGS_Throne_only's Main phase, postcombat
Mana: Sokenzan, Crucible of Defiance (336) - {T}: Add {R}.
Mana: Malakir Mire (308) - {T}: Add {B}.
Mana: Takenuma, Abandoned Mire (387) - {T}: Add {B}.
Add To Stack: Ai(4)-GGS_Throne_only cast Professional Face-Breaker
Resolve Stack: Professional Face-Breaker - Creature 2 / 3
Mana: Raucous Theater (386) - {T}: Add {B}.
Mana: Steam Vents (347) - {T}: Add {R}.
Mana: Xander's Lounge (389) - {T}: Add {R}.
Add To Stack: Ai(4)-GGS_Throne_only cast Fire Navy Trebuchet
Resolve Stack: Fire Navy Trebuchet - Creature 0 / 4
Phase: Ai(4)-GGS_Throne_only's End step
Phase: Ai(4)-GGS_Throne_only's Cleanup step
Turn: Turn 30 (Ai(1)-Jaymie_Ezio)
Phase: Ai(1)-Jaymie_Ezio's Untap step
Phase: Ai(1)-Jaymie_Ezio's Upkeep step
Phase: Ai(1)-Jaymie_Ezio's Draw step
Phase: Ai(1)-Jaymie_Ezio's Main phase, precombat
Add To Stack: Ai(1)-Jaymie_Ezio activated Sorin Markov targeting [Thousand-Faced Shadow (326)]
Damage: Sorin Markov (29) deals 2 damage to Thousand-Faced Shadow (326).
Life: Life: Ai(1)-Jaymie_Ezio 23 > 25
Resolve Stack: Sorin Markov (29) - Sorin Markov (29) deals 2 damage to Thousand-Faced Shadow (326). Ai(1)-Jaymie_Ezio gains 2 life.
Zone Change: Thousand-Faced Shadow (326) was put into Graveyard from Battlefield.
Mana: Plains (90) - {T}: Add {W}.
Mana: Island (34) - {T}: Add {U}.
Mana: Thriving Moor (99) - {T}: Add {B} or one mana of the chosen color.
Add To Stack: Ai(1)-Jaymie_Ezio cast Caduceus, Staff of Hermes
Resolve Stack: Caduceus, Staff of Hermes
Mana: Command Tower (32) - {T}: Add one mana of any color in your commander's color identity.
Mana: Path of Ancestry (8) - {T}: Add one mana of any color in your commander's color identity. When that mana is spent to cast a creature spell that shares a creature type with your commander, scry 1. (Look at the top card of your library. You may put that card on the bottom.)
Add To Stack: Ai(1)-Jaymie_Ezio activated Caduceus, Staff of Hermes targeting [Arno Dorian (24)]
Resolve Stack: Caduceus, Staff of Hermes (17) -  Attach to Arno Dorian (24)
Phase: Ai(1)-Jaymie_Ezio's Beginning of Combat Step
Phase: Ai(1)-Jaymie_Ezio's Declare Attackers Step
Combat: Ai(1)-Jaymie_Ezio assigned Changeling Outcast (14) to attack Ai(3)-Destyn_Turtles.
Phase: Ai(1)-Jaymie_Ezio's Declare Blockers Step
Combat: Ai(3)-Destyn_Turtles didn't block Changeling Outcast (14).
Phase: Ai(1)-Jaymie_Ezio's First Strike Damage Step
Phase: Ai(1)-Jaymie_Ezio's Combat Damage Step
Damage: Changeling Outcast (14) deals 3 combat damage to Ai(3)-Destyn_Turtles.
Life: Life: Ai(3)-Destyn_Turtles 10 > 7
Phase: Ai(1)-Jaymie_Ezio's End of Combat Step
Phase: Ai(1)-Jaymie_Ezio's Main phase, postcombat
Mana: Thriving Grove (27) - {T}: Add {G} or one mana of the chosen color.
Mana: Smoldering Marsh (71) - {T}: Add {B}.
Add To Stack: Ai(1)-Jaymie_Ezio cast Combustion Man
Resolve Stack: Combustion Man - Creature 4 / 6
Zone Change: Treasure Token (520) was put into Graveyard from Battlefield.
Mana: Treasure Token (520) - {T}, Sacrifice this token: Add one mana of any color.
Zone Change: Treasure Token (510) was put into Graveyard from Battlefield.
Mana: Treasure Token (510) - {T}, Sacrifice this token: Add one mana of any color.
Add To Stack: Ai(1)-Jaymie_Ezio cast Mari, the Killing Quill
Resolve Stack: Mari, the Killing Quill - Creature 3 / 2
Phase: Ai(1)-Jaymie_Ezio's End step
Zone Change: Commander's Sphere (119) was put into Graveyard from Battlefield.
Add To Stack: Ai(2)-Gabe_Food activated Commander's Sphere
Resolve Stack: Commander's Sphere (119) - Ai(2)-Gabe_Food draws a card.
Phase: Ai(1)-Jaymie_Ezio's Cleanup step
Turn: Turn 31 (Ai(2)-Gabe_Food)
Phase: Ai(2)-Gabe_Food's Untap step
Phase: Ai(2)-Gabe_Food's Upkeep step
Mana: Plains (187) - {T}: Add {W}.
Mana: Exotic Orchard (148) - {T}: Add one mana of any color that a land an opponent controls could produce.
Mana: Ash Barrens (173) - {T}: Add {C}.
Add To Stack: Ai(2)-Gabe_Food cast Anguished Unmaking targeting [Combustion Man (84)]
Zone Change: Combustion Man (84) was put into Exile from Battlefield.
Life: Life: Ai(2)-Gabe_Food 36 > 33
Resolve Stack: Anguished Unmaking (198) - Exile Combustion Man (84). Ai(2)-Gabe_Food loses 3 life.
Phase: Ai(2)-Gabe_Food's Draw step
Phase: Ai(2)-Gabe_Food's Main phase, precombat
Replacement Effect: As Fortified Village enters, you may reveal a Forest or Plains card from your hand. If you don't, Fortified Village enters tapped.
Land: Ai(2)-Gabe_Food played Fortified Village (150)
Phase: Ai(2)-Gabe_Food's Beginning of Combat Step
Add To Stack: Ai(2)-Gabe_Food triggered Sam, Loyal Attendant
Resolve Stack: At the beginning of combat on your turn, create a Food token. (It's an artifact with "{2}, {T}, Sacrifice this token: You gain 3 life.") [Phase: Ai(2)-Gabe_Food]
Phase: Ai(2)-Gabe_Food's Declare Attackers Step
Phase: Ai(2)-Gabe_Food's Declare Blockers Step
Phase: Ai(2)-Gabe_Food's First Strike Damage Step
Phase: Ai(2)-Gabe_Food's Combat Damage Step
Phase: Ai(2)-Gabe_Food's End of Combat Step
Phase: Ai(2)-Gabe_Food's Main phase, postcombat
Phase: Ai(2)-Gabe_Food's End step
Phase: Ai(2)-Gabe_Food's Cleanup step
Turn: Turn 32 (Ai(3)-Destyn_Turtles)
Phase: Ai(3)-Destyn_Turtles' Untap step
Phase: Ai(3)-Destyn_Turtles' Upkeep step
Phase: Ai(3)-Destyn_Turtles' Draw step
Phase: Ai(3)-Destyn_Turtles' Main phase, precombat
Land: Ai(3)-Destyn_Turtles played Vibrant Cityscape (276)
Zone Change: Vibrant Cityscape (276) was put into Graveyard from Battlefield.
Add To Stack: Ai(3)-Destyn_Turtles activated Vibrant Cityscape
Resolve Stack: Vibrant Cityscape (276) - Ai(3)-Destyn_Turtles searches their library for a basic land card, puts it onto the battlefield tapped, then shuffles.
Phase: Ai(3)-Destyn_Turtles' Beginning of Combat Step
Phase: Ai(3)-Destyn_Turtles' Declare Attackers Step
Phase: Ai(3)-Destyn_Turtles' Declare Blockers Step
Phase: Ai(3)-Destyn_Turtles' First Strike Damage Step
Phase: Ai(3)-Destyn_Turtles' Combat Damage Step
Phase: Ai(3)-Destyn_Turtles' End of Combat Step
Phase: Ai(3)-Destyn_Turtles' Main phase, postcombat
Mana: Sodden Verdure (283) - {T}: Add {U}.
Mana: Sol Ring (255) - {T}: Add {C}{C}.
Add To Stack: Ai(3)-Destyn_Turtles cast Ray Fillet, Wave Warrior
Resolve Stack: Ray Fillet, Wave Warrior - Creature 0 / 2
Mana: Cinder Glade (218) - {T}: Add {G}.
Mana: Vernal Fen (260) - {T}: Add {G}.
Mana: Plains (289) - {T}: Add {W}.
Mana: Sunken Hollow (226) - {T}: Add {B}.
Add To Stack: Ai(3)-Destyn_Turtles cast Harmonize
Resolve Stack: Harmonize (265) - Ai(3)-Destyn_Turtles draws three cards.
Phase: Ai(3)-Destyn_Turtles' End step
Phase: Ai(3)-Destyn_Turtles' Cleanup step
Turn: Turn 33 (Ai(4)-GGS_Throne_only)
Phase: Ai(4)-GGS_Throne_only's Untap step
Phase: Ai(4)-GGS_Throne_only's Upkeep step
Phase: Ai(4)-GGS_Throne_only's Draw step
Phase: Ai(4)-GGS_Throne_only's Main phase, precombat
Phase: Ai(4)-GGS_Throne_only's Beginning of Combat Step
Phase: Ai(4)-GGS_Throne_only's Declare Attackers Step
Phase: Ai(4)-GGS_Throne_only's Declare Blockers Step
Phase: Ai(4)-GGS_Throne_only's First Strike Damage Step
Phase: Ai(4)-GGS_Throne_only's Combat Damage Step
Phase: Ai(4)-GGS_Throne_only's End of Combat Step
Phase: Ai(4)-GGS_Throne_only's Main phase, postcombat
Mana: Sokenzan, Crucible of Defiance (336) - {T}: Add {R}.
Mana: Malakir Mire (308) - {T}: Add {B}.
Mana: Takenuma, Abandoned Mire (387) - {T}: Add {B}.
Add To Stack: Ai(4)-GGS_Throne_only cast War Cadence
Resolve Stack: War Cadence
Phase: Ai(4)-GGS_Throne_only's End step
Phase: Ai(4)-GGS_Throne_only's Cleanup step
Turn: Turn 34 (Ai(1)-Jaymie_Ezio)
Phase: Ai(1)-Jaymie_Ezio's Untap step
Phase: Ai(1)-Jaymie_Ezio's Upkeep step
Phase: Ai(1)-Jaymie_Ezio's Draw step
Phase: Ai(1)-Jaymie_Ezio's Main phase, precombat
Add To Stack: Ai(1)-Jaymie_Ezio activated Sorin Markov targeting [Acidic Slime (264)]
Damage: Sorin Markov (29) deals 2 damage to Acidic Slime (264).
Life: Life: Ai(1)-Jaymie_Ezio 25 > 27
Resolve Stack: Sorin Markov (29) - Sorin Markov (29) deals 2 damage to Acidic Slime (264). Ai(1)-Jaymie_Ezio gains 2 life.
Zone Change: Acidic Slime (264) was put into Graveyard from Battlefield.
Add To Stack: Ai(1)-Jaymie_Ezio triggered Mari, the Killing Quill
Resolve Stack: Whenever a creature an opponent controls dies, exile it with a hit counter on it. [Zone Changer: Acidic Slime (264)]
Phase: Ai(1)-Jaymie_Ezio's Beginning of Combat Step
Phase: Ai(1)-Jaymie_Ezio's Declare Attackers Step
Combat: Ai(1)-Jaymie_Ezio assigned Changeling Outcast (14), Ezio Auditore da Firenze (100), Mari, the Killing Quill (70), Assassin Initiate (51) and Arno Dorian (24) to attack Ai(3)-Destyn_Turtles.
Phase: Ai(1)-Jaymie_Ezio's Declare Blockers Step
Combat: Ai(3)-Destyn_Turtles didn't block Changeling Outcast (14).
Ai(3)-Destyn_Turtles assigned Ray Fillet, Wave Warrior (269) and Casey Jones, Back Alley Brute (208) to block Ezio Auditore da Firenze (100).
Ai(3)-Destyn_Turtles assigned Dimension X Pizzasaur (241) to block Mari, the Killing Quill (70).
Ai(3)-Destyn_Turtles assigned Leonardo, the Balance (303) to block Assassin Initiate (51).
Ai(3)-Destyn_Turtles assigned Michelangelo, the Heart (301) to block Arno Dorian (24).
Phase: Ai(1)-Jaymie_Ezio's First Strike Damage Step
Phase: Ai(1)-Jaymie_Ezio's Combat Damage Step
Damage: Changeling Outcast (14) deals 3 combat damage to Ai(3)-Destyn_Turtles.
Damage: Ezio Auditore da Firenze (100) deals 1 damage (Deathtouch) to Casey Jones, Back Alley Brute (208).
Damage: Ezio Auditore da Firenze (100) deals 4 damage (Deathtouch) to Ray Fillet, Wave Warrior (269).
Damage: Mari, the Killing Quill (70) deals 5 damage (Deathtouch) to Dimension X Pizzasaur (241).
Damage: Assassin Initiate (51) deals 3 damage (Deathtouch) to Leonardo, the Balance (303).
Damage: Arno Dorian (24) deals 3 damage (Deathtouch) to Michelangelo, the Heart (301).
Life: Life: Ai(1)-Jaymie_Ezio 27 > 30
Damage: Dimension X Pizzasaur (241) deals 2 damage to Mari, the Killing Quill (70).
Damage: Leonardo, the Balance (303) deals 3 damage to Assassin Initiate (51).
Damage: Michelangelo, the Heart (301) deals 4 damage to Arno Dorian (24).
Damage: Casey Jones, Back Alley Brute (208) deals 8 damage to Ezio Auditore da Firenze (100).
Life: Life: Ai(3)-Destyn_Turtles 7 > 4
Zone Change: Assassin Initiate (51) was put into Graveyard from Battlefield.
Zone Change: Ezio Auditore da Firenze (100) was put into Graveyard from Battlefield.
Zone Change: Mari, the Killing Quill (70) was put into Graveyard from Battlefield.
Zone Change: Michelangelo, the Heart (301) was put into Graveyard from Battlefield.
Zone Change: Casey Jones, Back Alley Brute (208) was put into Graveyard from Battlefield.
Zone Change: Leonardo, the Balance (303) was put into Graveyard from Battlefield.
Zone Change: Dimension X Pizzasaur (241) was put into Graveyard from Battlefield.
Zone Change: Ray Fillet, Wave Warrior (269) was put into Graveyard from Battlefield.
Add To Stack: Ai(1)-Jaymie_Ezio triggered Changeling Outcast
Add To Stack: Ai(1)-Jaymie_Ezio triggered Mari, the Killing Quill
Add To Stack: Ai(1)-Jaymie_Ezio triggered Mari, the Killing Quill
Add To Stack: Ai(1)-Jaymie_Ezio triggered Mari, the Killing Quill
Add To Stack: Ai(1)-Jaymie_Ezio triggered Mari, the Killing Quill
Add To Stack: Ai(1)-Jaymie_Ezio triggered Mari, the Killing Quill
Resolve Stack: Whenever a creature an opponent controls dies, exile it with a hit counter on it. [Zone Changer: Ray Fillet, Wave Warrior (269)]
Resolve Stack: Whenever a creature an opponent controls dies, exile it with a hit counter on it. [Zone Changer: Dimension X Pizzasaur (241)]
Resolve Stack: Whenever a creature an opponent controls dies, exile it with a hit counter on it. [Zone Changer: Leonardo, the Balance (303)]
Resolve Stack: Whenever a creature an opponent controls dies, exile it with a hit counter on it. [Zone Changer: Casey Jones, Back Alley Brute (208)]
Resolve Stack: Whenever a creature an opponent controls dies, exile it with a hit counter on it. [Zone Changer: Michelangelo, the Heart (301)]
Resolve Stack: Whenever this creature deals combat damage to a player, you may remove a hit counter from a card that player owns in exile. If you do, draw a card and create two Treasure tokens. [Damage Source: Changeling Outcast (14), Damaged: Ai(3)-Destyn_Turtles, Amount: 3]
Phase: Ai(1)-Jaymie_Ezio's End of Combat Step
Phase: Ai(1)-Jaymie_Ezio's Main phase, postcombat
Mana: Island (34) - {T}: Add {U}.
Mana: Thriving Grove (27) - {T}: Add {G} or one mana of the chosen color.
Mana: Plains (90) - {T}: Add {W}.
Mana: Thriving Moor (99) - {T}: Add {B} or one mana of the chosen color.
Add To Stack: Ai(1)-Jaymie_Ezio cast Etrata, the Silencer
Resolve Stack: Etrata, the Silencer - Creature 3 / 5
Mana: Command Tower (32) - {T}: Add one mana of any color in your commander's color identity.
Mana: Smoldering Marsh (71) - {T}: Add {B}.
Add To Stack: Ai(1)-Jaymie_Ezio cast Basim Ibn Ishaq
Resolve Stack: Basim Ibn Ishaq - Creature 2 / 2
Phase: Ai(1)-Jaymie_Ezio's End step
Phase: Ai(1)-Jaymie_Ezio's Cleanup step
Turn: Turn 35 (Ai(2)-Gabe_Food)
Phase: Ai(2)-Gabe_Food's Untap step
Phase: Ai(2)-Gabe_Food's Upkeep step
Phase: Ai(2)-Gabe_Food's Draw step
Phase: Ai(2)-Gabe_Food's Main phase, precombat
Phase: Ai(2)-Gabe_Food's Beginning of Combat Step
Add To Stack: Ai(2)-Gabe_Food triggered Sam, Loyal Attendant
Resolve Stack: At the beginning of combat on your turn, create a Food token. (It's an artifact with "{2}, {T}, Sacrifice this token: You gain 3 life.") [Phase: Ai(2)-Gabe_Food]
Phase: Ai(2)-Gabe_Food's Declare Attackers Step
Phase: Ai(2)-Gabe_Food's Declare Blockers Step
Phase: Ai(2)-Gabe_Food's First Strike Damage Step
Phase: Ai(2)-Gabe_Food's Combat Damage Step
Phase: Ai(2)-Gabe_Food's End of Combat Step
Phase: Ai(2)-Gabe_Food's Main phase, postcombat
Mana: Forest (140) - {T}: Add {G}.
Mana: Ash Barrens (173) - {T}: Add {C}.
Mana: Exotic Orchard (148) - {T}: Add one mana of any color that a land an opponent controls could produce.
Mana: Swamp (163) - {T}: Add {B}.
Mana: Plains (187) - {T}: Add {W}.
Mana: Fortified Village (150) - {T}: Add {G} or {W}.
Add To Stack: Ai(2)-Gabe_Food cast Generous Ent
Resolve Stack: Generous Ent - Creature 5 / 7
Add To Stack: Ai(2)-Gabe_Food triggered Generous Ent
Resolve Stack: When Generous Ent enters, create a Food token. (It's an artifact with "{2}, {T}, Sacrifice this token: You gain 3 life.") [Zone Changer: Generous Ent (177)]
Phase: Ai(2)-Gabe_Food's End step
Phase: Ai(2)-Gabe_Food's Cleanup step
Turn: Turn 36 (Ai(3)-Destyn_Turtles)
Phase: Ai(3)-Destyn_Turtles' Untap step
Phase: Ai(3)-Destyn_Turtles' Upkeep step
Mana: Sol Ring (255) - {T}: Add {C}{C}.
Zone Change: Food Token (422) was put into Graveyard from Battlefield.
Add To Stack: Ai(3)-Destyn_Turtles activated Food Token
Life: Life: Ai(3)-Destyn_Turtles 4 > 7
Resolve Stack: Food Token (422) - Ai(3)-Destyn_Turtles gains 3 life.
Mana: Cinder Glade (218) - {T}: Add {R}.
Mana: Plains (289) - {T}: Add {W}.
Mana: Plains (290) - {T}: Add {W}.
Mana: Sodden Verdure (283) - {T}: Add {G}.
Mana: Sunken Hollow (226) - {T}: Add {B}.
Add To Stack: Ai(3)-Destyn_Turtles cast Shellshock targeting [Goro-Goro and Satoru (403)]
Damage: Shellshock (215) deals 4 damage to Goro-Goro and Satoru (403).
Resolve Stack: Shellshock (215) - Shellshock (215) deals 4 damage to Goro-Goro and Satoru (403).   (X=4)
Zone Change: Goro-Goro and Satoru (403) was put into Graveyard from Battlefield.
Phase: Ai(3)-Destyn_Turtles' Draw step
Phase: Ai(3)-Destyn_Turtles' Main phase, precombat
Phase: Ai(3)-Destyn_Turtles' Beginning of Combat Step
Phase: Ai(3)-Destyn_Turtles' Declare Attackers Step
Phase: Ai(3)-Destyn_Turtles' Declare Blockers Step
Phase: Ai(3)-Destyn_Turtles' First Strike Damage Step
Phase: Ai(3)-Destyn_Turtles' Combat Damage Step
Phase: Ai(3)-Destyn_Turtles' End of Combat Step
Phase: Ai(3)-Destyn_Turtles' Main phase, postcombat
Mana: City of Brass (247) - {T}: Add one mana of any color.
Mana: Vernal Fen (260) - {T}: Add {G}.
Add To Stack: Ai(3)-Destyn_Turtles cast Tempestra, Dame of Games
Add To Stack: Ai(3)-Destyn_Turtles triggered City of Brass
Damage: City of Brass (247) deals 1 non-combat damage to Ai(3)-Destyn_Turtles.
Life: Life: Ai(3)-Destyn_Turtles 7 > 6
Resolve Stack: Whenever City of Brass becomes tapped, it deals 1 damage to you. [Tapped: City of Brass (247)]
Resolve Stack: Tempestra, Dame of Games - Creature 1 / 3
Phase: Ai(3)-Destyn_Turtles' End step
Phase: Ai(3)-Destyn_Turtles' Cleanup step
Turn: Turn 37 (Ai(4)-GGS_Throne_only)
Phase: Ai(4)-GGS_Throne_only's Untap step
Phase: Ai(4)-GGS_Throne_only's Upkeep step
Phase: Ai(4)-GGS_Throne_only's Draw step
Phase: Ai(4)-GGS_Throne_only's Main phase, precombat
Phase: Ai(4)-GGS_Throne_only's Beginning of Combat Step
Phase: Ai(4)-GGS_Throne_only's Declare Attackers Step
Phase: Ai(4)-GGS_Throne_only's Declare Blockers Step
Phase: Ai(4)-GGS_Throne_only's First Strike Damage Step
Phase: Ai(4)-GGS_Throne_only's Combat Damage Step
Phase: Ai(4)-GGS_Throne_only's End of Combat Step
Phase: Ai(4)-GGS_Throne_only's Main phase, postcombat
Mana: Steam Vents (347) - {T}: Add {U}.
Mana: Sokenzan, Crucible of Defiance (336) - {T}: Add {R}.
Mana: Malakir Mire (308) - {T}: Add {B}.
Mana: Takenuma, Abandoned Mire (387) - {T}: Add {B}.
Mana: Raucous Theater (386) - {T}: Add {R}.
Add To Stack: Ai(4)-GGS_Throne_only cast Goro-Goro and Satoru
Resolve Stack: Goro-Goro and Satoru - Creature 3 / 4
Phase: Ai(4)-GGS_Throne_only's End step
Phase: Ai(4)-GGS_Throne_only's Cleanup step
Turn: Turn 38 (Ai(1)-Jaymie_Ezio)
Phase: Ai(1)-Jaymie_Ezio's Untap step
Phase: Ai(1)-Jaymie_Ezio's Upkeep step
Phase: Ai(1)-Jaymie_Ezio's Draw step
Phase: Ai(1)-Jaymie_Ezio's Main phase, precombat
Add To Stack: Ai(1)-Jaymie_Ezio activated Sorin Markov targeting [Ai(3)-Destyn_Turtles]
Damage: Sorin Markov (29) deals 2 non-combat damage to Ai(3)-Destyn_Turtles.
Life: Life: Ai(3)-Destyn_Turtles 6 > 4
Life: Life: Ai(1)-Jaymie_Ezio 30 > 32
Resolve Stack: Sorin Markov (29) - Sorin Markov (29) deals 2 damage to Ai(3)-Destyn_Turtles. Ai(1)-Jaymie_Ezio gains 2 life.
Phase: Ai(1)-Jaymie_Ezio's Beginning of Combat Step
Phase: Ai(1)-Jaymie_Ezio's Declare Attackers Step
Combat: Ai(1)-Jaymie_Ezio assigned Arno Dorian (24), Etrata, the Silencer (66), Basim Ibn Ishaq (39) and Changeling Outcast (14) to attack Ai(4)-GGS_Throne_only.
Phase: Ai(1)-Jaymie_Ezio's Declare Blockers Step
Combat: Ai(4)-GGS_Throne_only assigned Fire Navy Trebuchet (360) to block Arno Dorian (24).
Ai(4)-GGS_Throne_only didn't block Etrata, the Silencer (66).
Ai(4)-GGS_Throne_only assigned Kari Zev, Skyship Raider (396) and Draconic Visitor (318) to block Basim Ibn Ishaq (39).
Ai(4)-GGS_Throne_only didn't block Changeling Outcast (14).
Phase: Ai(1)-Jaymie_Ezio's First Strike Damage Step
Damage: Kari Zev, Skyship Raider (396) deals 1 damage to Basim Ibn Ishaq (39).
Phase: Ai(1)-Jaymie_Ezio's Combat Damage Step
Damage: Arno Dorian (24) deals 8 damage (Deathtouch) to Fire Navy Trebuchet (360).
Life: Life: Ai(1)-Jaymie_Ezio 32 > 40
Damage: Etrata, the Silencer (66) deals 5 combat damage to Ai(4)-GGS_Throne_only.
Damage: Basim Ibn Ishaq (39) deals 3 damage to Kari Zev, Skyship Raider (396).
Damage: Basim Ibn Ishaq (39) deals 1 damage to Draconic Visitor (318).
Damage: Changeling Outcast (14) deals 3 combat damage to Ai(4)-GGS_Throne_only.
Damage: Draconic Visitor (318) deals 5 damage to Basim Ibn Ishaq (39).
Life: Life: Ai(4)-GGS_Throne_only 8 > 0
Zone Change: Basim Ibn Ishaq (39) was put into Graveyard from Battlefield.
Phase: Ai(1)-Jaymie_Ezio's End of Combat Step
Phase: Ai(1)-Jaymie_Ezio's Main phase, postcombat
Mana: Thriving Grove (27) - {T}: Add {G} or one mana of the chosen color.
Mana: Island (34) - {T}: Add {U}.
Mana: Plains (90) - {T}: Add {W}.
Mana: Thriving Moor (99) - {T}: Add {B} or one mana of the chosen color.
Add To Stack: Ai(1)-Jaymie_Ezio cast Ezio Auditore da Firenze
Resolve Stack: Ezio Auditore da Firenze - Creature 3 / 2
Mana: Smoldering Marsh (71) - {T}: Add {B}.
Mana: Command Tower (32) - {T}: Add one mana of any color in your commander's color identity.
Add To Stack: Ai(1)-Jaymie_Ezio cast Desmond Miles
Resolve Stack: Desmond Miles - Creature 1 / 3
Phase: Ai(1)-Jaymie_Ezio's End step
Phase: Ai(1)-Jaymie_Ezio's Cleanup step
Turn: Turn 39 (Ai(2)-Gabe_Food)
Phase: Ai(2)-Gabe_Food's Untap step
Phase: Ai(2)-Gabe_Food's Upkeep step
Phase: Ai(2)-Gabe_Food's Draw step
Phase: Ai(2)-Gabe_Food's Main phase, precombat
Phase: Ai(2)-Gabe_Food's Beginning of Combat Step
Add To Stack: Ai(2)-Gabe_Food triggered Sam, Loyal Attendant
Resolve Stack: At the beginning of combat on your turn, create a Food token. (It's an artifact with "{2}, {T}, Sacrifice this token: You gain 3 life.") [Phase: Ai(2)-Gabe_Food]
Phase: Ai(2)-Gabe_Food's Declare Attackers Step
Phase: Ai(2)-Gabe_Food's Declare Blockers Step
Phase: Ai(2)-Gabe_Food's First Strike Damage Step
Phase: Ai(2)-Gabe_Food's Combat Damage Step
Phase: Ai(2)-Gabe_Food's End of Combat Step
Phase: Ai(2)-Gabe_Food's Main phase, postcombat
Replacement Effect: Sandsteppe Citadel enters tapped.
Land: Ai(2)-Gabe_Food played Sandsteppe Citadel (118)
Phase: Ai(2)-Gabe_Food's End step
Phase: Ai(2)-Gabe_Food's Cleanup step
Turn: Turn 40 (Ai(3)-Destyn_Turtles)
Phase: Ai(3)-Destyn_Turtles' Untap step
Phase: Ai(3)-Destyn_Turtles' Upkeep step
Mana: Cinder Glade (218) - {T}: Add {R}.
Mana: Plains (289) - {T}: Add {W}.
Mana: Sodden Verdure (283) - {T}: Add {U}.
Mana: Vernal Fen (260) - {T}: Add {G}.
Mana: Sunken Hollow (226) - {T}: Add {B}.
Mana: Sol Ring (255) - {T}: Add {C}{C}.
Zone Change: Everything Pizza (268) was put into Graveyard from Battlefield.
Add To Stack: Ai(3)-Destyn_Turtles activated Everything Pizza targeting [Ai(3)-Destyn_Turtles] [Shire Shirriff (111)] [Tempestra, Dame of Games (281)]
Life: Life: Ai(3)-Destyn_Turtles 4 > 7
Discard: Ai(1)-Jaymie_Ezio discards Reconnaissance (65).
Discard: Ai(2)-Gabe_Food discards Sunpetal Grove (167).
Damage: Everything Pizza (268) deals 3 damage to Shire Shirriff (111).
Resolve Stack: Everything Pizza (268) - Ai(3)-Destyn_Turtles gains 3 life. Ai(3)-Destyn_Turtles draws a card. Ai(1)-Jaymie_Ezio and Ai(2)-Gabe_Food discard a card. Everything Pizza (268) deals 3 damage to Shire Shirriff (111). Ai(3)-Destyn_Turtles puts three +1/+1 counters on Tempestra, Dame of Games (281).
Zone Change: Shire Shirriff (111) was put into Graveyard from Battlefield.
Phase: Ai(3)-Destyn_Turtles' Draw step
Phase: Ai(3)-Destyn_Turtles' Main phase, precombat
Phase: Ai(3)-Destyn_Turtles' Beginning of Combat Step
Phase: Ai(3)-Destyn_Turtles' Declare Attackers Step
Phase: Ai(3)-Destyn_Turtles' Declare Blockers Step
Phase: Ai(3)-Destyn_Turtles' First Strike Damage Step
Phase: Ai(3)-Destyn_Turtles' Combat Damage Step
Phase: Ai(3)-Destyn_Turtles' End of Combat Step
Phase: Ai(3)-Destyn_Turtles' Main phase, postcombat
Phase: Ai(3)-Destyn_Turtles' End step
Phase: Ai(3)-Destyn_Turtles' Cleanup step
Turn: Turn 41 (Ai(1)-Jaymie_Ezio)
Phase: Ai(1)-Jaymie_Ezio's Untap step
Phase: Ai(1)-Jaymie_Ezio's Upkeep step
Phase: Ai(1)-Jaymie_Ezio's Draw step
Phase: Ai(1)-Jaymie_Ezio's Main phase, precombat
Mana: Island (34) - {T}: Add {U}.
Mana: Thriving Grove (27) - {T}: Add {G} or one mana of the chosen color.
Mana: Plains (90) - {T}: Add {W}.
Mana: Thriving Moor (99) - {T}: Add {B} or one mana of the chosen color.
Add To Stack: Ai(1)-Jaymie_Ezio cast Achilles Davenport
Resolve Stack: Achilles Davenport - Creature 3 / 3
Phase: Ai(1)-Jaymie_Ezio's Beginning of Combat Step
Phase: Ai(1)-Jaymie_Ezio's Declare Attackers Step
Combat: Ai(1)-Jaymie_Ezio assigned Changeling Outcast (14), Desmond Miles (46), Arno Dorian (24) and Etrata, the Silencer (66) to attack Ai(2)-Gabe_Food.
Mana: Ash Barrens (173) - {T}: Add {C}.
Zone Change: Food Token (460) was put into Graveyard from Battlefield.
Add To Stack: Ai(2)-Gabe_Food activated Food Token
Life: Life: Ai(2)-Gabe_Food 33 > 36
Resolve Stack: Food Token (460) - Ai(2)-Gabe_Food gains 3 life.
Add To Stack: Ai(2)-Gabe_Food triggered Well of Lost Dreams
Add To Stack: Ai(2)-Gabe_Food triggered Prize Pig
Resolve Stack: Whenever you gain life, put that many ribbon counters on Prize Pig. Then if there are three or more ribbon counters on Prize Pig, remove those counters and untap it. [Player: Ai(2)-Gabe_Food, Gained Amount: 3]
Mana: Forest (140) - {T}: Add {G}.
Mana: Swamp (163) - {T}: Add {B}.
Mana: Plains (187) - {T}: Add {W}.
Resolve Stack: Whenever you gain life, you may pay {X}, where X is less than or equal to the amount of life you gained. If you do, draw X cards. [Player: Ai(2)-Gabe_Food, Gained Amount: 3]
Phase: Ai(1)-Jaymie_Ezio's Declare Blockers Step
Combat: Ai(2)-Gabe_Food didn't block Changeling Outcast (14).
Ai(2)-Gabe_Food didn't block Desmond Miles (46).
Ai(2)-Gabe_Food didn't block Arno Dorian (24).
Ai(2)-Gabe_Food didn't block Etrata, the Silencer (66).
Phase: Ai(1)-Jaymie_Ezio's First Strike Damage Step
Phase: Ai(1)-Jaymie_Ezio's Combat Damage Step
Damage: Changeling Outcast (14) deals 4 combat damage to Ai(2)-Gabe_Food.
Damage: Desmond Miles (46) deals 13 combat damage to Ai(2)-Gabe_Food.
Damage: Arno Dorian (24) deals 9 combat damage to Ai(2)-Gabe_Food.
Life: Life: Ai(1)-Jaymie_Ezio 40 > 49
Damage: Etrata, the Silencer (66) deals 6 combat damage to Ai(2)-Gabe_Food.
Life: Life: Ai(2)-Gabe_Food 36 > 4
Add To Stack: Ai(1)-Jaymie_Ezio triggered Desmond Miles
Add To Stack: Ai(1)-Jaymie_Ezio triggered Etrata, the Silencer targeting [Generous Ent (177)]
Mana: Exotic Orchard (148) - {T}: Add one mana of any color that a land an opponent controls could produce.
Zone Change: Food Token (517) was put into Graveyard from Battlefield.
Add To Stack: Ai(2)-Gabe_Food activated Food Token
Life: Life: Ai(2)-Gabe_Food 4 > 7
Resolve Stack: Food Token (517) - Ai(2)-Gabe_Food gains 3 life.
Add To Stack: Ai(2)-Gabe_Food triggered Well of Lost Dreams
Add To Stack: Ai(2)-Gabe_Food triggered Prize Pig
Resolve Stack: Whenever you gain life, put that many ribbon counters on Prize Pig. Then if there are three or more ribbon counters on Prize Pig, remove those counters and untap it. [Player: Ai(2)-Gabe_Food, Gained Amount: 3]
Mana: Fortified Village (150) - {T}: Add {G} or {W}.
Mana: Shineshadow Snarl (121) - {T}: Add {W} or {B}.
Mana: Command Tower (131) - {T}: Add one mana of any color in your commander's color identity.
Resolve Stack: Whenever you gain life, you may pay {X}, where X is less than or equal to the amount of life you gained. If you do, draw X cards. [Player: Ai(2)-Gabe_Food, Gained Amount: 3]
Zone Change: Generous Ent (177) was put into Exile from Battlefield.
Resolve Stack: Whenever Etrata deals combat damage to a player, exile target creature that player controls and put a hit counter on that card. That player loses the game if they own three or more exiled cards with hit counters on them. Etrata's owner shuffles Etrata into their library. (Targeting: [[Generous Ent (177)]]) [Damage Source: Etrata, the Silencer (66), Damaged: Ai(2)-Gabe_Food, Amount: 6]
Resolve Stack: Ai(1)-Jaymie_Ezio surveiled 6 card(s) to the top of the library and 7 card(s) to the graveyard
Resolve Stack: Whenever Desmond Miles deals combat damage to a player, surveil X, where X is the amount of damage it dealt to that player. [Damage Source: Desmond Miles (46), Damaged: Ai(2)-Gabe_Food, Amount: 13]
Phase: Ai(1)-Jaymie_Ezio's End of Combat Step
Phase: Ai(1)-Jaymie_Ezio's Main phase, postcombat
Add To Stack: Ai(1)-Jaymie_Ezio activated Sorin Markov targeting [Ai(2)-Gabe_Food]
Damage: Sorin Markov (29) deals 2 non-combat damage to Ai(2)-Gabe_Food.
Life: Life: Ai(2)-Gabe_Food 7 > 5
Life: Life: Ai(1)-Jaymie_Ezio 49 > 51
Resolve Stack: Sorin Markov (29) - Sorin Markov (29) deals 2 damage to Ai(2)-Gabe_Food. Ai(1)-Jaymie_Ezio gains 2 life.
Mana: Command Tower (32) - {T}: Add one mana of any color in your commander's color identity.
Mana: Smoldering Marsh (71) - {T}: Add {B}.
Add To Stack: Ai(1)-Jaymie_Ezio cast Vraska Joins Up
Mana: Prize Pig (130) - {T}: Add one mana of any color.
Zone Change: Food Token (523) was put into Graveyard from Battlefield.
Add To Stack: Ai(2)-Gabe_Food activated Food Token
Life: Life: Ai(2)-Gabe_Food 5 > 8
Resolve Stack: Food Token (523) - Ai(2)-Gabe_Food gains 3 life.
Add To Stack: Ai(2)-Gabe_Food triggered Well of Lost Dreams
Add To Stack: Ai(2)-Gabe_Food triggered Prize Pig
Resolve Stack: Whenever you gain life, put that many ribbon counters on Prize Pig. Then if there are three or more ribbon counters on Prize Pig, remove those counters and untap it. [Player: Ai(2)-Gabe_Food, Gained Amount: 3]
Resolve Stack: Whenever you gain life, you may pay {X}, where X is less than or equal to the amount of life you gained. If you do, draw X cards. [Player: Ai(2)-Gabe_Food, Gained Amount: 3]
Resolve Stack: Vraska Joins Up
Add To Stack: Ai(1)-Jaymie_Ezio triggered Vraska Joins Up
Resolve Stack: When Vraska Joins Up enters, put a deathtouch counter on each creature you control. [Zone Changer: Vraska Joins Up (11)]
Phase: Ai(1)-Jaymie_Ezio's End step
Phase: Ai(1)-Jaymie_Ezio's Cleanup step
Turn: Turn 42 (Ai(2)-Gabe_Food)
Phase: Ai(2)-Gabe_Food's Untap step
Phase: Ai(2)-Gabe_Food's Upkeep step
Phase: Ai(2)-Gabe_Food's Draw step
Phase: Ai(2)-Gabe_Food's Main phase, precombat
Replacement Effect: Canopy Vista enters tapped unless you control two or more basic lands.
Land: Ai(2)-Gabe_Food played Canopy Vista (171)
Mana: Plains (187) - {T}: Add {W}.
Mana: Ash Barrens (173) - {T}: Add {C}.
Mana: Forest (140) - {T}: Add {G}.
Add To Stack: Ai(2)-Gabe_Food cast Field-Tested Frying Pan
Resolve Stack: Field-Tested Frying Pan
Add To Stack: Ai(2)-Gabe_Food triggered Field-Tested Frying Pan
Resolve Stack: When Field-Tested Frying Pan enters, create a Food token, then create a 1/1 white Halfling creature token and attach Field-Tested Frying Pan to it. [Zone Changer: Field-Tested Frying Pan (174)]
Phase: Ai(2)-Gabe_Food's Beginning of Combat Step
Add To Stack: Ai(2)-Gabe_Food triggered Sam, Loyal Attendant
Resolve Stack: At the beginning of combat on your turn, create a Food token. (It's an artifact with "{2}, {T}, Sacrifice this token: You gain 3 life.") [Phase: Ai(2)-Gabe_Food]
Phase: Ai(2)-Gabe_Food's Declare Attackers Step
Phase: Ai(2)-Gabe_Food's Declare Blockers Step
Phase: Ai(2)-Gabe_Food's First Strike Damage Step
Phase: Ai(2)-Gabe_Food's Combat Damage Step
Phase: Ai(2)-Gabe_Food's End of Combat Step
Phase: Ai(2)-Gabe_Food's Main phase, postcombat
Mana: Swamp (163) - {T}: Add {B}.
Mana: Exotic Orchard (148) - {T}: Add one mana of any color that a land an opponent controls could produce.
Mana: Fortified Village (150) - {T}: Add {G} or {W}.
Mana: Shineshadow Snarl (121) - {T}: Add {W} or {B}.
Mana: Canopy Vista (171) - {T}: Add {G}.
Add To Stack: Ai(2)-Gabe_Food cast Sanguine Bond
Resolve Stack: Sanguine Bond
Mana: Command Tower (131) - {T}: Add one mana of any color in your commander's color identity.
Mana: Sandsteppe Citadel (118) - {T}: Add {W}, {B}, or {G}.
Mana: Prize Pig (130) - {T}: Add one mana of any color.
Add To Stack: Ai(2)-Gabe_Food cast Savvy Hunter
Resolve Stack: Savvy Hunter - Creature 3 / 3
Phase: Ai(2)-Gabe_Food's End step
Phase: Ai(2)-Gabe_Food's Cleanup step
Turn: Turn 43 (Ai(3)-Destyn_Turtles)
Phase: Ai(3)-Destyn_Turtles' Untap step
Phase: Ai(3)-Destyn_Turtles' Upkeep step
Phase: Ai(3)-Destyn_Turtles' Draw step
Phase: Ai(3)-Destyn_Turtles' Main phase, precombat
Land: Ai(3)-Destyn_Turtles played Exotic Orchard (243)
Phase: Ai(3)-Destyn_Turtles' Beginning of Combat Step
Phase: Ai(3)-Destyn_Turtles' Declare Attackers Step
Phase: Ai(3)-Destyn_Turtles' Declare Blockers Step
Phase: Ai(3)-Destyn_Turtles' First Strike Damage Step
Phase: Ai(3)-Destyn_Turtles' Combat Damage Step
Phase: Ai(3)-Destyn_Turtles' End of Combat Step
Phase: Ai(3)-Destyn_Turtles' Main phase, postcombat
Mana: Exotic Orchard (243) - {T}: Add one mana of any color that a land an opponent controls could produce.
Mana: Sol Ring (255) - {T}: Add {C}{C}.
Mana: Plains (289) - {T}: Add {W}.
Mana: Plains (290) - {T}: Add {W}.
Add To Stack: Ai(3)-Destyn_Turtles cast Raphael, the Muscle
Resolve Stack: Raphael, the Muscle - Creature 4 / 4
Add To Stack: Ai(3)-Destyn_Turtles triggered Raphael, the Muscle
Resolve Stack: When Raphael enters, create a Mutagen token. [Zone Changer: Raphael, the Muscle (277)]
Mana: Sodden Verdure (283) - {T}: Add {G}.
Mana: Cinder Glade (218) - {T}: Add {G}.
Mana: Sunken Hollow (226) - {T}: Add {B}.
Mana: Vernal Fen (260) - {T}: Add {G}.
Mana: City of Brass (247) - {T}: Add one mana of any color.
Add To Stack: Ai(3)-Destyn_Turtles cast Biogenic Ooze
Add To Stack: Ai(3)-Destyn_Turtles triggered City of Brass
Damage: City of Brass (247) deals 1 non-combat damage to Ai(3)-Destyn_Turtles.
Life: Life: Ai(3)-Destyn_Turtles 7 > 6
Resolve Stack: Whenever City of Brass becomes tapped, it deals 1 damage to you. [Tapped: City of Brass (247)]
Resolve Stack: Biogenic Ooze - Creature 2 / 2
Add To Stack: Ai(3)-Destyn_Turtles triggered Biogenic Ooze
Resolve Stack: When Biogenic Ooze enters, create a 2/2 green Ooze creature token. [Zone Changer: Biogenic Ooze (267)]
Phase: Ai(3)-Destyn_Turtles' End step
Add To Stack: Ai(3)-Destyn_Turtles triggered Biogenic Ooze
Resolve Stack: At the beginning of your end step, put a +1/+1 counter on each Ooze you control. [Phase: Ai(3)-Destyn_Turtles]
Phase: Ai(3)-Destyn_Turtles' Cleanup step
Turn: Turn 44 (Ai(1)-Jaymie_Ezio)
Phase: Ai(1)-Jaymie_Ezio's Untap step
Phase: Ai(1)-Jaymie_Ezio's Upkeep step
Phase: Ai(1)-Jaymie_Ezio's Draw step
Phase: Ai(1)-Jaymie_Ezio's Main phase, precombat
Add To Stack: Ai(1)-Jaymie_Ezio activated Sorin Markov targeting [Ai(3)-Destyn_Turtles]
Damage: Sorin Markov (29) deals 2 non-combat damage to Ai(3)-Destyn_Turtles.
Life: Life: Ai(3)-Destyn_Turtles 6 > 4
Life: Life: Ai(1)-Jaymie_Ezio 51 > 53
Resolve Stack: Sorin Markov (29) - Sorin Markov (29) deals 2 damage to Ai(3)-Destyn_Turtles. Ai(1)-Jaymie_Ezio gains 2 life.
Phase: Ai(1)-Jaymie_Ezio's Beginning of Combat Step
Phase: Ai(1)-Jaymie_Ezio's Declare Attackers Step
Combat: Ai(1)-Jaymie_Ezio assigned Desmond Miles (46), Arno Dorian (24), Ezio Auditore da Firenze (100), Achilles Davenport (43) and Changeling Outcast (14) to attack Ai(2)-Gabe_Food.
Phase: Ai(1)-Jaymie_Ezio's Declare Blockers Step
Combat: Ai(2)-Gabe_Food assigned Sam, Loyal Attendant (202) and Frodo, Adventurous Hobbit (200) to block Desmond Miles (46).
Ai(2)-Gabe_Food assigned Halfling Token (548) to block Arno Dorian (24).
Ai(2)-Gabe_Food didn't block Ezio Auditore da Firenze (100).
Ai(2)-Gabe_Food didn't block Achilles Davenport (43).
Ai(2)-Gabe_Food didn't block Changeling Outcast (14).
Zone Change: Food Token (551) was put into Graveyard from Battlefield.
Zone Change: Food Token (546) was put into Graveyard from Battlefield.
Add To Stack: Ai(2)-Gabe_Food activated Savvy Hunter
Resolve Stack: Savvy Hunter (124) - Ai(2)-Gabe_Food draws a card.
Zone Change: Food Token (540) was put into Graveyard from Battlefield.
Zone Change: Food Token (533) was put into Graveyard from Battlefield.
Add To Stack: Ai(2)-Gabe_Food activated Savvy Hunter
Resolve Stack: Savvy Hunter (124) - Ai(2)-Gabe_Food draws a card.
Zone Change: Food Token (529) was put into Graveyard from Battlefield.
Zone Change: Food Token (526) was put into Graveyard from Battlefield.
Add To Stack: Ai(2)-Gabe_Food activated Savvy Hunter
Resolve Stack: Savvy Hunter (124) - Ai(2)-Gabe_Food draws a card.
Phase: Ai(1)-Jaymie_Ezio's First Strike Damage Step
Phase: Ai(1)-Jaymie_Ezio's Combat Damage Step
Replacement Effect: Prevent all damage that would be dealt to Arno Dorian.
Damage: Desmond Miles (46) deals 13 damage (Deathtouch) to Frodo, Adventurous Hobbit (200).
Damage: Desmond Miles (46) deals 1 damage (Deathtouch) to Sam, Loyal Attendant (202).
Damage: Arno Dorian (24) deals 9 damage (Deathtouch) to Halfling Token (548).
Life: Life: Ai(1)-Jaymie_Ezio 53 > 62
Damage: Ezio Auditore da Firenze (100) deals 6 combat damage to Ai(2)-Gabe_Food.
Damage: Achilles Davenport (43) deals 5 combat damage to Ai(2)-Gabe_Food.
Damage: Changeling Outcast (14) deals 4 combat damage to Ai(2)-Gabe_Food.
Damage: Sam, Loyal Attendant (202) deals 2 damage to Desmond Miles (46).
Damage: Frodo, Adventurous Hobbit (200) deals 1 damage to Desmond Miles (46).
Life: Life: Ai(2)-Gabe_Food 8 > -7
Add To Stack: Ai(1)-Jaymie_Ezio triggered Ezio Auditore da Firenze
Add To Stack: Ai(1)-Jaymie_Ezio triggered Vraska Joins Up
Add To Stack: Ai(1)-Jaymie_Ezio triggered Vraska Joins Up
Resolve Stack: Whenever a legendary creature you control deals combat damage to a player, draw a card. [Damage Source: Achilles Davenport (43), Damaged: Ai(2)-Gabe_Food, Amount: 5]
Resolve Stack: Whenever a legendary creature you control deals combat damage to a player, draw a card. [Damage Source: Ezio Auditore da Firenze (100), Damaged: Ai(2)-Gabe_Food, Amount: 6]
Mana: Island (34) - {T}: Add {U}.
Mana: Smoldering Marsh (71) - {T}: Add {R}.
Mana: Thriving Grove (27) - {T}: Add {G} or one mana of the chosen color.
Mana: Thriving Moor (99) - {T}: Add {B} or one mana of the chosen color.
Mana: Plains (90) - {T}: Add {W}.
Resolve Stack: Whenever Ezio deals combat damage to a player, you may pay {W}{U}{B}{R}{G} if that player has 10 or less life. When you do, that player loses the game. [Damage Source: Ezio Auditore da Firenze (100), Damaged: Ai(2)-Gabe_Food, Amount: 6]
Add To Stack: Ai(1)-Jaymie_Ezio triggered Ezio Auditore da Firenze
Resolve Stack: When you do, that player loses the game.
Phase: Ai(1)-Jaymie_Ezio's End of Combat Step
Phase: Ai(1)-Jaymie_Ezio's Main phase, postcombat
Mana: Command Tower (32) - {T}: Add one mana of any color in your commander's color identity.
Mana: Path of Ancestry (8) - {T}: Add one mana of any color in your commander's color identity. When that mana is spent to cast a creature spell that shares a creature type with your commander, scry 1. (Look at the top card of your library. You may put that card on the bottom.)
Add To Stack: Ai(1)-Jaymie_Ezio cast Arcane Signet
Resolve Stack: Arcane Signet
Phase: Ai(1)-Jaymie_Ezio's End step
Phase: Ai(1)-Jaymie_Ezio's Cleanup step
Turn: Turn 45 (Ai(3)-Destyn_Turtles)
Phase: Ai(3)-Destyn_Turtles' Untap step
Phase: Ai(3)-Destyn_Turtles' Upkeep step
Mana: Sol Ring (255) - {T}: Add {C}{C}.
Zone Change: Food Token (485) was put into Graveyard from Battlefield.
Add To Stack: Ai(3)-Destyn_Turtles activated Food Token
Life: Life: Ai(3)-Destyn_Turtles 4 > 7
Resolve Stack: Food Token (485) - Ai(3)-Destyn_Turtles gains 3 life.
Phase: Ai(3)-Destyn_Turtles' Draw step
Phase: Ai(3)-Destyn_Turtles' Main phase, precombat
Phase: Ai(3)-Destyn_Turtles' Beginning of Combat Step
Phase: Ai(3)-Destyn_Turtles' Declare Attackers Step
Phase: Ai(3)-Destyn_Turtles' Declare Blockers Step
Phase: Ai(3)-Destyn_Turtles' First Strike Damage Step
Phase: Ai(3)-Destyn_Turtles' Combat Damage Step
Phase: Ai(3)-Destyn_Turtles' End of Combat Step
Phase: Ai(3)-Destyn_Turtles' Main phase, postcombat
Mana: Plains (289) - {T}: Add {W}.
Mana: Plains (290) - {T}: Add {W}.
Mana: Exotic Orchard (243) - {T}: Add one mana of any color that a land an opponent controls could produce.
Mana: Cinder Glade (218) - {T}: Add {G}.
Mana: Vernal Fen (260) - {T}: Add {G}.
Mana: Sodden Verdure (283) - {T}: Add {G}.
Add To Stack: Ai(3)-Destyn_Turtles cast Leonardo, the Balance
Resolve Stack: Leonardo, the Balance - Creature 3 / 3
Phase: Ai(3)-Destyn_Turtles' End step
Add To Stack: Ai(3)-Destyn_Turtles triggered Biogenic Ooze
Resolve Stack: At the beginning of your end step, put a +1/+1 counter on each Ooze you control. [Phase: Ai(3)-Destyn_Turtles]
Phase: Ai(3)-Destyn_Turtles' Cleanup step
Turn: Turn 46 (Ai(1)-Jaymie_Ezio)
Phase: Ai(1)-Jaymie_Ezio's Untap step
Phase: Ai(1)-Jaymie_Ezio's Upkeep step
Phase: Ai(1)-Jaymie_Ezio's Draw step
Phase: Ai(1)-Jaymie_Ezio's Main phase, precombat
Phase: Ai(1)-Jaymie_Ezio's Beginning of Combat Step
Phase: Ai(1)-Jaymie_Ezio's Declare Attackers Step
Combat: Ai(1)-Jaymie_Ezio assigned Desmond Miles (46), Arno Dorian (24), Ezio Auditore da Firenze (100), Achilles Davenport (43) and Changeling Outcast (14) to attack Ai(3)-Destyn_Turtles.
Mana: Sunken Hollow (226) - {T}: Add {B}.
Mana: City of Brass (247) - {T}: Add one mana of any color.
Zone Change: Food Token (505) was put into Graveyard from Battlefield.
Add To Stack: Ai(3)-Destyn_Turtles activated Food Token
Add To Stack: Ai(3)-Destyn_Turtles triggered City of Brass
Damage: City of Brass (247) deals 1 non-combat damage to Ai(3)-Destyn_Turtles.
Life: Life: Ai(3)-Destyn_Turtles 7 > 6
Resolve Stack: Whenever City of Brass becomes tapped, it deals 1 damage to you. [Tapped: City of Brass (247)]
Life: Life: Ai(3)-Destyn_Turtles 6 > 9
Resolve Stack: Food Token (505) - Ai(3)-Destyn_Turtles gains 3 life.
Phase: Ai(1)-Jaymie_Ezio's Declare Blockers Step
Combat: Ai(3)-Destyn_Turtles assigned Tempestra, Dame of Games (281) and Raphael, the Muscle (277) to block Desmond Miles (46).
Ai(3)-Destyn_Turtles assigned Ooze Token (559) to block Arno Dorian (24).
Ai(3)-Destyn_Turtles assigned Biogenic Ooze (267) and Leonardo, the Balance (303) to block Ezio Auditore da Firenze (100).
Ai(3)-Destyn_Turtles didn't block Achilles Davenport (43).
Ai(3)-Destyn_Turtles didn't block Changeling Outcast (14).
Phase: Ai(1)-Jaymie_Ezio's First Strike Damage Step
Phase: Ai(1)-Jaymie_Ezio's Combat Damage Step
Replacement Effect: Prevent all damage that would be dealt to Arno Dorian.
Replacement Effect: Double all damage that creatures you control with counters on them would deal.
Replacement Effect: Double all damage that creatures you control with counters on them would deal.
Damage: Desmond Miles (46) deals 13 damage (Deathtouch) to Raphael, the Muscle (277).
Damage: Desmond Miles (46) deals 1 damage (Deathtouch) to Tempestra, Dame of Games (281).
Damage: Arno Dorian (24) deals 9 damage (Deathtouch) to Ooze Token (559).
Life: Life: Ai(1)-Jaymie_Ezio 62 > 71
Damage: Ezio Auditore da Firenze (100) deals 1 damage (Deathtouch) to Biogenic Ooze (267).
Damage: Ezio Auditore da Firenze (100) deals 5 damage (Deathtouch) to Leonardo, the Balance (303).
Damage: Achilles Davenport (43) deals 5 combat damage to Ai(3)-Destyn_Turtles.
Damage: Changeling Outcast (14) deals 4 combat damage to Ai(3)-Destyn_Turtles.
Damage: Tempestra, Dame of Games (281) deals 8 damage to Desmond Miles (46).
Damage: Raphael, the Muscle (277) deals 4 damage to Desmond Miles (46).
Damage: Biogenic Ooze (267) deals 8 damage to Ezio Auditore da Firenze (100).
Damage: Leonardo, the Balance (303) deals 3 damage to Ezio Auditore da Firenze (100).
Life: Life: Ai(3)-Destyn_Turtles 9 > 0
Player Control: Ai(1)-Jaymie_Ezio has restored control over themself
Player Control: Ai(2)-Gabe_Food has restored control over themself
Player Control: Ai(3)-Destyn_Turtles has restored control over themself
Player Control: Ai(4)-GGS_Throne_only has restored control over themself
Game Outcome: Match Duration 2m : 19s
Game Outcome: Turn 23
Game Outcome: Ai(1)-Jaymie_Ezio has won because all opponents have lost
Game Outcome: Ai(2)-Gabe_Food has lost due to effect of spell 'Ezio Auditore da Firenze'
Game Outcome: Ai(3)-Destyn_Turtles has lost because life total reached 0
Game Outcome: Ai(4)-GGS_Throne_only has lost because life total reached 0
Match Result: Ai(1)-Jaymie_Ezio: 1 Ai(2)-Gabe_Food: 0 Ai(3)-Destyn_Turtles: 0 Ai(4)-GGS_Throne_only: 0 

Game Result: Game 1 ended in 141111 ms. Ai(1)-Jaymie_Ezio has won!

