Error handling registered!
20:59:04 [INFO ] GuiBase: ##########################################
20:59:04 [INFO ] GuiBase: APP: Forge v.2.0.15-SNAPSHOT-09.28
20:59:04 [INFO ] GuiBase: Java: 17.0.20 (Ubuntu)
20:59:04 [INFO ] GuiBase: OS: Linux 6.18.44 amd64
20:59:04 [INFO ] GuiBase: RAM: 1536 MB max, 8 CPUs
20:59:04 [INFO ] GuiBase: ##########################################
Language 'en-US' loaded successfully.
(ThreadUtil first call): Running with priority 5
Read cards: 34010 archived files in 1 ms (25 parts) using thread pool
Upcoming set Star Trek (TRK) dated in the future. All `upcoming` cards will be added to this set with unknown rarity.
The card A-Alrund's Epiphany was not assigned to any set. Adding it to UNKNOWN set... to fix see res/editions/ folder. 
The card A-Baba Lysaga, Night Witch was not assigned to any set. Adding it to UNKNOWN set... to fix see res/editions/ folder. 
The card A-Divide by Zero was not assigned to any set. Adding it to UNKNOWN set... to fix see res/editions/ folder. 
The card A-Esika's Chariot was not assigned to any set. Adding it to UNKNOWN set... to fix see res/editions/ folder. 
The card A-Faceless Haven was not assigned to any set. Adding it to UNKNOWN set... to fix see res/editions/ folder. 
The card A-Fires of Invention was not assigned to any set. Adding it to UNKNOWN set... to fix see res/editions/ folder. 
The card A-Goldspan Dragon was not assigned to any set. Adding it to UNKNOWN set... to fix see res/editions/ folder. 
The card A-Hullbreaker Horror was not assigned to any set. Adding it to UNKNOWN set... to fix see res/editions/ folder. 
The card A-Kumano Faces Kakkazan was not assigned to any set. Adding it to UNKNOWN set... to fix see res/editions/ folder. 
The card A-Luminarch Aspirant was not assigned to any set. Adding it to UNKNOWN set... to fix see res/editions/ folder. 
The card A-Monster Manual was not assigned to any set. Adding it to UNKNOWN set... to fix see res/editions/ folder. 
The card A-Omnath, Locus of Creation was not assigned to any set. Adding it to UNKNOWN set... to fix see res/editions/ folder. 
The card A-The Meathook Massacre was not assigned to any set. Adding it to UNKNOWN set... to fix see res/editions/ folder. 
The card A-Unholy Heat was not assigned to any set. Adding it to UNKNOWN set... to fix see res/editions/ folder. 
The card Blinding Radiance was not assigned to any set. Adding it to UNKNOWN set... to fix see res/editions/ folder. 
The card Goblin Bruiser was not assigned to any set. Adding it to UNKNOWN set... to fix see res/editions/ folder. 
The card Ogre Painbringer was not assigned to any set. Adding it to UNKNOWN set... to fix see res/editions/ folder. 
The card Titanic Pelagosaur was not assigned to any set. Adding it to UNKNOWN set... to fix see res/editions/ folder. 
The card Treetop Recluse was not assigned to any set. Adding it to UNKNOWN set... to fix see res/editions/ folder. 
Upcoming set Star Trek (TRK) dated in the future. All `upcoming` cards will be added to this set with unknown rarity.
Read cards: 854 files in 0 ms (8 parts) using thread pool
Simulation mode
Ai(1)-Gabe_Food vs Ai(2)-Destyn_Turtles vs Ai(3)-GGS_Slitter_diagnostic vs Ai(4)-Jaymie_Ezio - one game of Commander seed 20260930
Warning: default (ie. inherited from base class) implementation of confirmAction is used by Ezio Auditore da Firenze for forge.ai.ability.PermanentCreatureAi. Consider declaring an overloaded method
Warning: default (ie. inherited from base class) implementation of confirmAction is used by Michelangelo, the Heart for forge.ai.ability.PermanentCreatureAi. Consider declaring an overloaded method
Warning: default (ie. inherited from base class) implementation of confirmAction is used by Goro-Goro and Satoru for forge.ai.ability.PermanentCreatureAi. Consider declaring an overloaded method
Mulligan: Ai(2)-Destyn_Turtles has mulliganed down to 7 cards.
Mulligan: Ai(4)-Jaymie_Ezio has kept a hand of 7 cards
Mulligan: Ai(1)-Gabe_Food has kept a hand of 7 cards
Mulligan: Ai(2)-Destyn_Turtles has kept a hand of 7 cards
Mulligan: Ai(3)-GGS_Slitter_diagnostic has kept a hand of 7 cards
Turn: Turn 1 (Ai(4)-Jaymie_Ezio)
Phase: Ai(4)-Jaymie_Ezio's Untap step
Phase: Ai(4)-Jaymie_Ezio's Upkeep step
Phase: Ai(4)-Jaymie_Ezio's Draw step
Phase: Ai(4)-Jaymie_Ezio's Main phase, precombat
Replacement Effect: Cinder Glade enters tapped unless you control two or more basic lands.
Land: Ai(4)-Jaymie_Ezio played Cinder Glade (321)
Phase: Ai(4)-Jaymie_Ezio's Beginning of Combat Step
Phase: Ai(4)-Jaymie_Ezio's Declare Attackers Step
Phase: Ai(4)-Jaymie_Ezio's Declare Blockers Step
Phase: Ai(4)-Jaymie_Ezio's First Strike Damage Step
Phase: Ai(4)-Jaymie_Ezio's Combat Damage Step
Phase: Ai(4)-Jaymie_Ezio's End of Combat Step
Phase: Ai(4)-Jaymie_Ezio's Main phase, postcombat
Phase: Ai(4)-Jaymie_Ezio's End step
Phase: Ai(4)-Jaymie_Ezio's Cleanup step
Turn: Turn 2 (Ai(1)-Gabe_Food)
Phase: Ai(1)-Gabe_Food's Untap step
Phase: Ai(1)-Gabe_Food's Upkeep step
Phase: Ai(1)-Gabe_Food's Draw step
Phase: Ai(1)-Gabe_Food's Main phase, precombat
Land: Ai(1)-Gabe_Food played Forest (32)
Phase: Ai(1)-Gabe_Food's Beginning of Combat Step
Phase: Ai(1)-Gabe_Food's Declare Attackers Step
Phase: Ai(1)-Gabe_Food's Declare Blockers Step
Phase: Ai(1)-Gabe_Food's First Strike Damage Step
Phase: Ai(1)-Gabe_Food's Combat Damage Step
Phase: Ai(1)-Gabe_Food's End of Combat Step
Phase: Ai(1)-Gabe_Food's Main phase, postcombat
Phase: Ai(1)-Gabe_Food's End step
Phase: Ai(1)-Gabe_Food's Cleanup step
Turn: Turn 3 (Ai(2)-Destyn_Turtles)
Phase: Ai(2)-Destyn_Turtles' Untap step
Phase: Ai(2)-Destyn_Turtles' Upkeep step
Phase: Ai(2)-Destyn_Turtles' Draw step
Phase: Ai(2)-Destyn_Turtles' Main phase, precombat
Replacement Effect: This land enters tapped unless you control two or more basic lands.
Land: Ai(2)-Destyn_Turtles played Vernal Fen (159)
Phase: Ai(2)-Destyn_Turtles' Beginning of Combat Step
Phase: Ai(2)-Destyn_Turtles' Declare Attackers Step
Phase: Ai(2)-Destyn_Turtles' Declare Blockers Step
Phase: Ai(2)-Destyn_Turtles' First Strike Damage Step
Phase: Ai(2)-Destyn_Turtles' Combat Damage Step
Phase: Ai(2)-Destyn_Turtles' End of Combat Step
Phase: Ai(2)-Destyn_Turtles' Main phase, postcombat
Phase: Ai(2)-Destyn_Turtles' End step
Phase: Ai(2)-Destyn_Turtles' Cleanup step
Turn: Turn 4 (Ai(3)-GGS_Slitter_diagnostic)
Phase: Ai(3)-GGS_Slitter_diagnostic's Untap step
Phase: Ai(3)-GGS_Slitter_diagnostic's Upkeep step
Phase: Ai(3)-GGS_Slitter_diagnostic's Draw step
Phase: Ai(3)-GGS_Slitter_diagnostic's Main phase, precombat
Replacement Effect: As Blood Crypt enters, you may pay 2 life. If you don't, it enters tapped.
Land: Ai(3)-GGS_Slitter_diagnostic played Blood Crypt (268)
Phase: Ai(3)-GGS_Slitter_diagnostic's Beginning of Combat Step
Phase: Ai(3)-GGS_Slitter_diagnostic's Declare Attackers Step
Phase: Ai(3)-GGS_Slitter_diagnostic's Declare Blockers Step
Phase: Ai(3)-GGS_Slitter_diagnostic's First Strike Damage Step
Phase: Ai(3)-GGS_Slitter_diagnostic's Combat Damage Step
Phase: Ai(3)-GGS_Slitter_diagnostic's End of Combat Step
Phase: Ai(3)-GGS_Slitter_diagnostic's Main phase, postcombat
Phase: Ai(3)-GGS_Slitter_diagnostic's End step
Phase: Ai(3)-GGS_Slitter_diagnostic's Cleanup step
Turn: Turn 5 (Ai(4)-Jaymie_Ezio)
Phase: Ai(4)-Jaymie_Ezio's Untap step
Phase: Ai(4)-Jaymie_Ezio's Upkeep step
Phase: Ai(4)-Jaymie_Ezio's Draw step
Phase: Ai(4)-Jaymie_Ezio's Main phase, precombat
Land: Ai(4)-Jaymie_Ezio played Foreboding Landscape (324)
Zone Change: Foreboding Landscape (324) was put into Graveyard from Battlefield.
Add To Stack: Ai(4)-Jaymie_Ezio activated Foreboding Landscape
Resolve Stack: Foreboding Landscape (324) - Ai(4)-Jaymie_Ezio searches their library for a basic Swamp, Forest, or Island card, puts it onto the battlefield tapped, then shuffles.
Phase: Ai(4)-Jaymie_Ezio's Beginning of Combat Step
Phase: Ai(4)-Jaymie_Ezio's Declare Attackers Step
Phase: Ai(4)-Jaymie_Ezio's Declare Blockers Step
Phase: Ai(4)-Jaymie_Ezio's First Strike Damage Step
Phase: Ai(4)-Jaymie_Ezio's Combat Damage Step
Phase: Ai(4)-Jaymie_Ezio's End of Combat Step
Phase: Ai(4)-Jaymie_Ezio's Main phase, postcombat
Phase: Ai(4)-Jaymie_Ezio's End step
Phase: Ai(4)-Jaymie_Ezio's Cleanup step
Turn: Turn 6 (Ai(1)-Gabe_Food)
Phase: Ai(1)-Gabe_Food's Untap step
Phase: Ai(1)-Gabe_Food's Upkeep step
Phase: Ai(1)-Gabe_Food's Draw step
Phase: Ai(1)-Gabe_Food's Main phase, precombat
Replacement Effect: As Murmuring Bosk enters, you may reveal a Treefolk card from your hand. If you don't, Murmuring Bosk enters tapped.
Land: Ai(1)-Gabe_Food played Murmuring Bosk (24)
Phase: Ai(1)-Gabe_Food's Beginning of Combat Step
Phase: Ai(1)-Gabe_Food's Declare Attackers Step
Phase: Ai(1)-Gabe_Food's Declare Blockers Step
Phase: Ai(1)-Gabe_Food's First Strike Damage Step
Phase: Ai(1)-Gabe_Food's Combat Damage Step
Phase: Ai(1)-Gabe_Food's End of Combat Step
Phase: Ai(1)-Gabe_Food's Main phase, postcombat
Phase: Ai(1)-Gabe_Food's End step
Phase: Ai(1)-Gabe_Food's Cleanup step
Turn: Turn 7 (Ai(2)-Destyn_Turtles)
Phase: Ai(2)-Destyn_Turtles' Untap step
Phase: Ai(2)-Destyn_Turtles' Upkeep step
Phase: Ai(2)-Destyn_Turtles' Draw step
Phase: Ai(2)-Destyn_Turtles' Main phase, precombat
Land: Ai(2)-Destyn_Turtles played Swamp (157)
Phase: Ai(2)-Destyn_Turtles' Beginning of Combat Step
Phase: Ai(2)-Destyn_Turtles' Declare Attackers Step
Phase: Ai(2)-Destyn_Turtles' Declare Blockers Step
Phase: Ai(2)-Destyn_Turtles' First Strike Damage Step
Phase: Ai(2)-Destyn_Turtles' Combat Damage Step
Phase: Ai(2)-Destyn_Turtles' End of Combat Step
Phase: Ai(2)-Destyn_Turtles' Main phase, postcombat
Mana: Vernal Fen (159) - {T}: Add {G}.
Mana: Swamp (157) - {T}: Add {B}.
Add To Stack: Ai(2)-Destyn_Turtles cast Michelangelo, the Heart
Resolve Stack: Michelangelo, the Heart - Creature 2 / 1
Phase: Ai(2)-Destyn_Turtles' End step
Phase: Ai(2)-Destyn_Turtles' Cleanup step
Turn: Turn 8 (Ai(3)-GGS_Slitter_diagnostic)
Phase: Ai(3)-GGS_Slitter_diagnostic's Untap step
Phase: Ai(3)-GGS_Slitter_diagnostic's Upkeep step
Phase: Ai(3)-GGS_Slitter_diagnostic's Draw step
Phase: Ai(3)-GGS_Slitter_diagnostic's Main phase, precombat
Replacement Effect: As Steam Vents enters, you may pay 2 life. If you don't, it enters tapped.
Land: Ai(3)-GGS_Slitter_diagnostic played Steam Vents (247)
Phase: Ai(3)-GGS_Slitter_diagnostic's Beginning of Combat Step
Phase: Ai(3)-GGS_Slitter_diagnostic's Declare Attackers Step
Phase: Ai(3)-GGS_Slitter_diagnostic's Declare Blockers Step
Phase: Ai(3)-GGS_Slitter_diagnostic's First Strike Damage Step
Phase: Ai(3)-GGS_Slitter_diagnostic's Combat Damage Step
Phase: Ai(3)-GGS_Slitter_diagnostic's End of Combat Step
Phase: Ai(3)-GGS_Slitter_diagnostic's Main phase, postcombat
Phase: Ai(3)-GGS_Slitter_diagnostic's End step
Phase: Ai(3)-GGS_Slitter_diagnostic's Cleanup step
Turn: Turn 9 (Ai(4)-Jaymie_Ezio)
Phase: Ai(4)-Jaymie_Ezio's Untap step
Phase: Ai(4)-Jaymie_Ezio's Upkeep step
Phase: Ai(4)-Jaymie_Ezio's Draw step
Phase: Ai(4)-Jaymie_Ezio's Main phase, precombat
Land: Ai(4)-Jaymie_Ezio played Plains (392)
Mana: Cinder Glade (321) - {T}: Add {G}.
Mana: Island (336) - {T}: Add {U}.
Add To Stack: Ai(4)-Jaymie_Ezio cast Farseek
Replacement Effect: Smoldering Marsh enters tapped unless you control two or more basic lands.
Resolve Stack: Farseek (331) - Ai(4)-Jaymie_Ezio searches their library for a Plains, Island, Swamp or Mountain card, puts it onto the battlefield tapped, then shuffles.
Phase: Ai(4)-Jaymie_Ezio's Beginning of Combat Step
Phase: Ai(4)-Jaymie_Ezio's Declare Attackers Step
Phase: Ai(4)-Jaymie_Ezio's Declare Blockers Step
Phase: Ai(4)-Jaymie_Ezio's First Strike Damage Step
Phase: Ai(4)-Jaymie_Ezio's Combat Damage Step
Phase: Ai(4)-Jaymie_Ezio's End of Combat Step
Phase: Ai(4)-Jaymie_Ezio's Main phase, postcombat
Phase: Ai(4)-Jaymie_Ezio's End step
Phase: Ai(4)-Jaymie_Ezio's Cleanup step
Turn: Turn 10 (Ai(1)-Gabe_Food)
Phase: Ai(1)-Gabe_Food's Untap step
Phase: Ai(1)-Gabe_Food's Upkeep step
Phase: Ai(1)-Gabe_Food's Draw step
Phase: Ai(1)-Gabe_Food's Main phase, precombat
Land: Ai(1)-Gabe_Food played Swamp (61)
Phase: Ai(1)-Gabe_Food's Beginning of Combat Step
Phase: Ai(1)-Gabe_Food's Declare Attackers Step
Phase: Ai(1)-Gabe_Food's Declare Blockers Step
Phase: Ai(1)-Gabe_Food's First Strike Damage Step
Phase: Ai(1)-Gabe_Food's Combat Damage Step
Phase: Ai(1)-Gabe_Food's End of Combat Step
Phase: Ai(1)-Gabe_Food's Main phase, postcombat
Mana: Swamp (61) - {T}: Add {B}.
Mana: Forest (32) - {T}: Add {G}.
Mana: Murmuring Bosk (24) - {T}: Add {G}.
Add To Stack: Ai(1)-Gabe_Food cast Savvy Hunter
Resolve Stack: Savvy Hunter - Creature 3 / 3
Phase: Ai(1)-Gabe_Food's End step
Phase: Ai(1)-Gabe_Food's Cleanup step
Turn: Turn 11 (Ai(2)-Destyn_Turtles)
Phase: Ai(2)-Destyn_Turtles' Untap step
Phase: Ai(2)-Destyn_Turtles' Upkeep step
Phase: Ai(2)-Destyn_Turtles' Draw step
Phase: Ai(2)-Destyn_Turtles' Main phase, precombat
Land: Ai(2)-Destyn_Turtles played Forest (138)
Phase: Ai(2)-Destyn_Turtles' Beginning of Combat Step
Phase: Ai(2)-Destyn_Turtles' Declare Attackers Step
Phase: Ai(2)-Destyn_Turtles' Declare Blockers Step
Phase: Ai(2)-Destyn_Turtles' First Strike Damage Step
Phase: Ai(2)-Destyn_Turtles' Combat Damage Step
Phase: Ai(2)-Destyn_Turtles' End of Combat Step
Phase: Ai(2)-Destyn_Turtles' Main phase, postcombat
Mana: Forest (138) - {T}: Add {G}.
Mana: Swamp (157) - {T}: Add {B}.
Mana: Vernal Fen (159) - {T}: Add {G}.
Add To Stack: Ai(2)-Destyn_Turtles cast Mona Lisa, Science Geek
Resolve Stack: Mona Lisa, Science Geek - Creature 1 / 3
Phase: Ai(2)-Destyn_Turtles' End step
Phase: Ai(2)-Destyn_Turtles' Cleanup step
Turn: Turn 12 (Ai(3)-GGS_Slitter_diagnostic)
Phase: Ai(3)-GGS_Slitter_diagnostic's Untap step
Phase: Ai(3)-GGS_Slitter_diagnostic's Upkeep step
Phase: Ai(3)-GGS_Slitter_diagnostic's Draw step
Phase: Ai(3)-GGS_Slitter_diagnostic's Main phase, precombat
Land: Ai(3)-GGS_Slitter_diagnostic played Marsh Flats (283)
Life: Life: Ai(3)-GGS_Slitter_diagnostic 40 > 39
Zone Change: Marsh Flats (283) was put into Graveyard from Battlefield.
Add To Stack: Ai(3)-GGS_Slitter_diagnostic activated Marsh Flats
Replacement Effect: Xander's Lounge enters tapped.
Resolve Stack: Marsh Flats (283) - Ai(3)-GGS_Slitter_diagnostic searches their library for a Plains or Swamp card, puts it onto the battlefield, then shuffles.
Phase: Ai(3)-GGS_Slitter_diagnostic's Beginning of Combat Step
Phase: Ai(3)-GGS_Slitter_diagnostic's Declare Attackers Step
Phase: Ai(3)-GGS_Slitter_diagnostic's Declare Blockers Step
Phase: Ai(3)-GGS_Slitter_diagnostic's First Strike Damage Step
Phase: Ai(3)-GGS_Slitter_diagnostic's Combat Damage Step
Phase: Ai(3)-GGS_Slitter_diagnostic's End of Combat Step
Phase: Ai(3)-GGS_Slitter_diagnostic's Main phase, postcombat
Mana: Blood Crypt (268) - {T}: Add {R}.
Mana: Steam Vents (247) - {T}: Add {R}.
Add To Stack: Ai(3)-GGS_Slitter_diagnostic cast Talisman of Creativity
Resolve Stack: Talisman of Creativity
Phase: Ai(3)-GGS_Slitter_diagnostic's End step
Phase: Ai(3)-GGS_Slitter_diagnostic's Cleanup step
Turn: Turn 13 (Ai(4)-Jaymie_Ezio)
Phase: Ai(4)-Jaymie_Ezio's Untap step
Phase: Ai(4)-Jaymie_Ezio's Upkeep step
Phase: Ai(4)-Jaymie_Ezio's Draw step
Phase: Ai(4)-Jaymie_Ezio's Main phase, precombat
Replacement Effect: Path of Ancestry enters tapped.
Land: Ai(4)-Jaymie_Ezio played Path of Ancestry (311)
Phase: Ai(4)-Jaymie_Ezio's Beginning of Combat Step
Phase: Ai(4)-Jaymie_Ezio's Declare Attackers Step
Phase: Ai(4)-Jaymie_Ezio's Declare Blockers Step
Phase: Ai(4)-Jaymie_Ezio's First Strike Damage Step
Phase: Ai(4)-Jaymie_Ezio's Combat Damage Step
Phase: Ai(4)-Jaymie_Ezio's End of Combat Step
Phase: Ai(4)-Jaymie_Ezio's Main phase, postcombat
Mana: Plains (392) - {T}: Add {W}.
Mana: Cinder Glade (321) - {T}: Add {R}.
Mana: Island (336) - {T}: Add {U}.
Mana: Smoldering Marsh (374) - {T}: Add {R}.
Add To Stack: Ai(4)-Jaymie_Ezio cast Aya of Alexandria
Resolve Stack: Aya of Alexandria - Creature 4 / 3
Phase: Ai(4)-Jaymie_Ezio's End step
Phase: Ai(4)-Jaymie_Ezio's Cleanup step
Turn: Turn 14 (Ai(1)-Gabe_Food)
Phase: Ai(1)-Gabe_Food's Untap step
Phase: Ai(1)-Gabe_Food's Upkeep step
Damage: Murmuring Bosk (24) deals 1 non-combat damage to Ai(1)-Gabe_Food.
Life: Life: Ai(1)-Gabe_Food 40 > 39
Mana: Murmuring Bosk (24) - {T}: Add {W} or {B}. Murmuring Bosk deals 1 damage to you. 
Add To Stack: Ai(1)-Gabe_Food cast Path to Exile targeting [Aya of Alexandria (315)]
Zone Change: Aya of Alexandria (315) was put into Exile from Battlefield.
Resolve Stack: Path to Exile (7) - Exile Aya of Alexandria (315). Ai(4)-Jaymie_Ezio may search their library for a basic land card, put that card onto the battlefield tapped, then shuffle their library. 
Phase: Ai(1)-Gabe_Food's Draw step
Phase: Ai(1)-Gabe_Food's Main phase, precombat
Land: Ai(1)-Gabe_Food played Swamp (63)
Phase: Ai(1)-Gabe_Food's Beginning of Combat Step
Phase: Ai(1)-Gabe_Food's Declare Attackers Step
Combat: Ai(1)-Gabe_Food assigned Savvy Hunter (23) to attack Ai(2)-Destyn_Turtles.
Add To Stack: Ai(1)-Gabe_Food triggered Savvy Hunter
Resolve Stack: Whenever Savvy Hunter attacks or blocks, create a Food token. (It's an artifact with "{2}, {T}, Sacrifice this token: You gain 3 life.") [Attacker: Savvy Hunter (23)]
Phase: Ai(1)-Gabe_Food's Declare Blockers Step
Combat: Ai(2)-Destyn_Turtles didn't block Savvy Hunter (23).
Phase: Ai(1)-Gabe_Food's First Strike Damage Step
Phase: Ai(1)-Gabe_Food's Combat Damage Step
Damage: Savvy Hunter (23) deals 3 combat damage to Ai(2)-Destyn_Turtles.
Life: Life: Ai(2)-Destyn_Turtles 40 > 37
Phase: Ai(1)-Gabe_Food's End of Combat Step
Phase: Ai(1)-Gabe_Food's Main phase, postcombat
Mana: Forest (32) - {T}: Add {G}.
Mana: Swamp (61) - {T}: Add {B}.
Mana: Swamp (63) - {T}: Add {B}.
Add To Stack: Ai(1)-Gabe_Food cast Pristine Talisman
Resolve Stack: Pristine Talisman
Phase: Ai(1)-Gabe_Food's End step
Phase: Ai(1)-Gabe_Food's Cleanup step
Turn: Turn 15 (Ai(2)-Destyn_Turtles)
Phase: Ai(2)-Destyn_Turtles' Untap step
Phase: Ai(2)-Destyn_Turtles' Upkeep step
Phase: Ai(2)-Destyn_Turtles' Draw step
Phase: Ai(2)-Destyn_Turtles' Main phase, precombat
Land: Ai(2)-Destyn_Turtles played Evolving Wilds (133)
Zone Change: Evolving Wilds (133) was put into Graveyard from Battlefield.
Add To Stack: Ai(2)-Destyn_Turtles activated Evolving Wilds
Resolve Stack: Evolving Wilds (133) - Ai(2)-Destyn_Turtles searches their library for a basic land card, puts it onto the battlefield tapped, then shuffles.
Mana: Mona Lisa, Science Geek (162) - {T}: Add X mana of any one color, where X is Mona Lisa's power.
Mana: Swamp (157) - {T}: Add {B}.
Mana: Forest (138) - {T}: Add {G}.
Mana: Vernal Fen (159) - {T}: Add {G}.
Add To Stack: Ai(2)-Destyn_Turtles cast Baxter, Fly in the Ointment
Resolve Stack: Baxter, Fly in the Ointment - Creature 2 / 2
Add To Stack: Ai(2)-Destyn_Turtles triggered Baxter, Fly in the Ointment
Resolve Stack: Whenever Baxter enters or attacks, each creature you control with a counter on it gains flying until end of turn. [Zone Changer: Baxter, Fly in the Ointment (128)]
Phase: Ai(2)-Destyn_Turtles' Beginning of Combat Step
Phase: Ai(2)-Destyn_Turtles' Declare Attackers Step
Combat: Ai(2)-Destyn_Turtles assigned Michelangelo, the Heart (200) to attack Ai(1)-Gabe_Food.
Phase: Ai(2)-Destyn_Turtles' Declare Blockers Step
Combat: Ai(1)-Gabe_Food didn't block Michelangelo, the Heart (200).
Phase: Ai(2)-Destyn_Turtles' First Strike Damage Step
Phase: Ai(2)-Destyn_Turtles' Combat Damage Step
Damage: Michelangelo, the Heart (200) deals 2 combat damage to Ai(1)-Gabe_Food.
Life: Life: Ai(1)-Gabe_Food 39 > 37
Phase: Ai(2)-Destyn_Turtles' End of Combat Step
Phase: Ai(2)-Destyn_Turtles' Main phase, postcombat
Add To Stack: Ai(2)-Destyn_Turtles triggered Michelangelo, the Heart targeting [Mona Lisa, Science Geek (162)]
Resolve Stack: Raid (the Fridge) — At the beginning of your second main phase, if you attacked this turn, put a +1/+1 counter on target creature and create a Food token. (Targeting: [[Mona Lisa, Science Geek (162)]]) [Phase: Ai(2)-Destyn_Turtles]
Phase: Ai(2)-Destyn_Turtles' End step
Phase: Ai(2)-Destyn_Turtles' Cleanup step
Turn: Turn 16 (Ai(3)-GGS_Slitter_diagnostic)
Phase: Ai(3)-GGS_Slitter_diagnostic's Untap step
Phase: Ai(3)-GGS_Slitter_diagnostic's Upkeep step
Phase: Ai(3)-GGS_Slitter_diagnostic's Draw step
Phase: Ai(3)-GGS_Slitter_diagnostic's Main phase, precombat
Land: Ai(3)-GGS_Slitter_diagnostic played Misty Rainforest (218)
Life: Life: Ai(3)-GGS_Slitter_diagnostic 39 > 38
Zone Change: Misty Rainforest (218) was put into Graveyard from Battlefield.
Add To Stack: Ai(3)-GGS_Slitter_diagnostic activated Misty Rainforest
Replacement Effect: Undercity Sewers enters tapped.
Resolve Stack: Misty Rainforest (218) - Ai(3)-GGS_Slitter_diagnostic searches their library for a Forest or Island card, puts it onto the battlefield, then shuffles.
Add To Stack: Ai(3)-GGS_Slitter_diagnostic triggered Undercity Sewers
Resolve Stack: Ai(3)-GGS_Slitter_diagnostic surveiled 1 card(s) to the top of the library
Resolve Stack: When Undercity Sewers enters, surveil 1. (Look at the top card of your library. You may put it into your graveyard.) [Zone Changer: Undercity Sewers (205)]
Phase: Ai(3)-GGS_Slitter_diagnostic's Beginning of Combat Step
Phase: Ai(3)-GGS_Slitter_diagnostic's Declare Attackers Step
Phase: Ai(3)-GGS_Slitter_diagnostic's Declare Blockers Step
Phase: Ai(3)-GGS_Slitter_diagnostic's First Strike Damage Step
Phase: Ai(3)-GGS_Slitter_diagnostic's Combat Damage Step
Phase: Ai(3)-GGS_Slitter_diagnostic's End of Combat Step
Phase: Ai(3)-GGS_Slitter_diagnostic's Main phase, postcombat
Mana: Blood Crypt (268) - {T}: Add {R}.
Mana: Steam Vents (247) - {T}: Add {R}.
Mana: Xander's Lounge (288) - {T}: Add {R}.
Mana: Talisman of Creativity (251) - {T}: Add {C}.
Add To Stack: Ai(3)-GGS_Slitter_diagnostic cast Purphoros, God of the Forge
Resolve Stack: Purphoros, God of the Forge - Creature 6 / 5
Phase: Ai(3)-GGS_Slitter_diagnostic's End step
Phase: Ai(3)-GGS_Slitter_diagnostic's Cleanup step
Turn: Turn 17 (Ai(4)-Jaymie_Ezio)
Phase: Ai(4)-Jaymie_Ezio's Untap step
Phase: Ai(4)-Jaymie_Ezio's Upkeep step
Phase: Ai(4)-Jaymie_Ezio's Draw step
Phase: Ai(4)-Jaymie_Ezio's Main phase, precombat
Replacement Effect: Submerged Boneyard enters tapped.
Land: Ai(4)-Jaymie_Ezio played Submerged Boneyard (333)
Phase: Ai(4)-Jaymie_Ezio's Beginning of Combat Step
Phase: Ai(4)-Jaymie_Ezio's Declare Attackers Step
Phase: Ai(4)-Jaymie_Ezio's Declare Blockers Step
Phase: Ai(4)-Jaymie_Ezio's First Strike Damage Step
Phase: Ai(4)-Jaymie_Ezio's Combat Damage Step
Phase: Ai(4)-Jaymie_Ezio's End of Combat Step
Phase: Ai(4)-Jaymie_Ezio's Main phase, postcombat
Mana: Island (336) - {T}: Add {U}.
Mana: Smoldering Marsh (374) - {T}: Add {B}.
Mana: Plains (392) - {T}: Add {W}.
Mana: Plains (393) - {T}: Add {W}.
Mana: Cinder Glade (321) - {T}: Add {G}.
Add To Stack: Ai(4)-Jaymie_Ezio cast Ezio, Blade of Vengeance
Resolve Stack: Ezio, Blade of Vengeance - Creature 5 / 5
Phase: Ai(4)-Jaymie_Ezio's End step
Life: Life: Ai(1)-Gabe_Food 37 > 38
Mana: Pristine Talisman (91) - {T}: Add {C}. You gain 1 life. 
Phase: Ai(4)-Jaymie_Ezio's Cleanup step
Turn: Turn 18 (Ai(1)-Gabe_Food)
Phase: Ai(1)-Gabe_Food's Untap step
Phase: Ai(1)-Gabe_Food's Upkeep step
Phase: Ai(1)-Gabe_Food's Draw step
Phase: Ai(1)-Gabe_Food's Main phase, precombat
Land: Ai(1)-Gabe_Food played Forest (39)
Damage: Murmuring Bosk (24) deals 1 non-combat damage to Ai(1)-Gabe_Food.
Life: Life: Ai(1)-Gabe_Food 38 > 37
Mana: Murmuring Bosk (24) - {T}: Add {W} or {B}. Murmuring Bosk deals 1 damage to you. 
Mana: Forest (32) - {T}: Add {G}.
Mana: Swamp (61) - {T}: Add {B}.
Mana: Swamp (63) - {T}: Add {B}.
Mana: Forest (39) - {T}: Add {G}.
Add To Stack: Ai(1)-Gabe_Food cast Fell the Mighty targeting [Savvy Hunter (23)]
Zone Change: Ezio, Blade of Vengeance (343) was put into Graveyard from Battlefield.
Resolve Stack: Fell the Mighty (22) - Destroy all creatures with power greater than target creature's power.
Phase: Ai(1)-Gabe_Food's Beginning of Combat Step
Phase: Ai(1)-Gabe_Food's Declare Attackers Step
Combat: Ai(1)-Gabe_Food assigned Savvy Hunter (23) to attack Ai(2)-Destyn_Turtles.
Add To Stack: Ai(1)-Gabe_Food triggered Savvy Hunter
Resolve Stack: Whenever Savvy Hunter attacks or blocks, create a Food token. (It's an artifact with "{2}, {T}, Sacrifice this token: You gain 3 life.") [Attacker: Savvy Hunter (23)]
Phase: Ai(1)-Gabe_Food's Declare Blockers Step
Combat: Ai(2)-Destyn_Turtles didn't block Savvy Hunter (23).
Phase: Ai(1)-Gabe_Food's First Strike Damage Step
Phase: Ai(1)-Gabe_Food's Combat Damage Step
Damage: Savvy Hunter (23) deals 3 combat damage to Ai(2)-Destyn_Turtles.
Life: Life: Ai(2)-Destyn_Turtles 37 > 34
Phase: Ai(1)-Gabe_Food's End of Combat Step
Phase: Ai(1)-Gabe_Food's Main phase, postcombat
Phase: Ai(1)-Gabe_Food's End step
Phase: Ai(1)-Gabe_Food's Cleanup step
Turn: Turn 19 (Ai(2)-Destyn_Turtles)
Phase: Ai(2)-Destyn_Turtles' Untap step
Phase: Ai(2)-Destyn_Turtles' Upkeep step
Phase: Ai(2)-Destyn_Turtles' Draw step
Add To Stack: Ai(2)-Destyn_Turtles triggered Baxter, Fly in the Ointment
Resolve Stack: Whenever you draw a card, put a +1/+1 counter on Baxter. [Player: Ai(2)-Destyn_Turtles]
Phase: Ai(2)-Destyn_Turtles' Main phase, precombat
Phase: Ai(2)-Destyn_Turtles' Beginning of Combat Step
Phase: Ai(2)-Destyn_Turtles' Declare Attackers Step
Combat: Ai(2)-Destyn_Turtles assigned Baxter, Fly in the Ointment (128), Michelangelo, the Heart (200) and Mona Lisa, Science Geek (162) to attack Ai(1)-Gabe_Food.
Add To Stack: Ai(2)-Destyn_Turtles triggered Baxter, Fly in the Ointment
Resolve Stack: Whenever Baxter enters or attacks, each creature you control with a counter on it gains flying until end of turn. [Attacker: Baxter, Fly in the Ointment (128)]
Phase: Ai(2)-Destyn_Turtles' Declare Blockers Step
Combat: Ai(1)-Gabe_Food didn't block Baxter, Fly in the Ointment (128).
Ai(1)-Gabe_Food didn't block Michelangelo, the Heart (200).
Ai(1)-Gabe_Food didn't block Mona Lisa, Science Geek (162).
Phase: Ai(2)-Destyn_Turtles' First Strike Damage Step
Phase: Ai(2)-Destyn_Turtles' Combat Damage Step
Damage: Baxter, Fly in the Ointment (128) deals 3 combat damage to Ai(1)-Gabe_Food.
Damage: Michelangelo, the Heart (200) deals 2 combat damage to Ai(1)-Gabe_Food.
Damage: Mona Lisa, Science Geek (162) deals 2 combat damage to Ai(1)-Gabe_Food.
Life: Life: Ai(1)-Gabe_Food 37 > 30
Phase: Ai(2)-Destyn_Turtles' End of Combat Step
Phase: Ai(2)-Destyn_Turtles' Main phase, postcombat
Add To Stack: Ai(2)-Destyn_Turtles triggered Michelangelo, the Heart targeting [Mona Lisa, Science Geek (162)]
Resolve Stack: Raid (the Fridge) — At the beginning of your second main phase, if you attacked this turn, put a +1/+1 counter on target creature and create a Food token. (Targeting: [[Mona Lisa, Science Geek (162)]]) [Phase: Ai(2)-Destyn_Turtles]
Mana: Swamp (157) - {T}: Add {B}.
Mana: Plains (189) - {T}: Add {W}.
Mana: Forest (138) - {T}: Add {G}.
Mana: Vernal Fen (159) - {T}: Add {G}.
Add To Stack: Ai(2)-Destyn_Turtles cast Rat King, Pale Piper
Resolve Stack: Rat King, Pale Piper - Creature 3 / 3
Phase: Ai(2)-Destyn_Turtles' End step
Phase: Ai(2)-Destyn_Turtles' Cleanup step
Turn: Turn 20 (Ai(3)-GGS_Slitter_diagnostic)
Phase: Ai(3)-GGS_Slitter_diagnostic's Untap step
Phase: Ai(3)-GGS_Slitter_diagnostic's Upkeep step
Phase: Ai(3)-GGS_Slitter_diagnostic's Draw step
Phase: Ai(3)-GGS_Slitter_diagnostic's Main phase, precombat
Mana: Undercity Sewers (205) - {T}: Add {B}.
Mana: Steam Vents (247) - {T}: Add {U}.
Mana: Blood Crypt (268) - {T}: Add {R}.
Add To Stack: Ai(3)-GGS_Slitter_diagnostic cast Goro-Goro and Satoru
Resolve Stack: Goro-Goro and Satoru - Creature 3 / 4
Add To Stack: Ai(3)-GGS_Slitter_diagnostic triggered Purphoros, God of the Forge
Damage: Purphoros, God of the Forge (265) deals 2 non-combat damage to Ai(1)-Gabe_Food.
Damage: Purphoros, God of the Forge (265) deals 2 non-combat damage to Ai(2)-Destyn_Turtles.
Damage: Purphoros, God of the Forge (265) deals 2 non-combat damage to Ai(4)-Jaymie_Ezio.
Life: Life: Ai(1)-Gabe_Food 30 > 28
Life: Life: Ai(2)-Destyn_Turtles 34 > 32
Life: Life: Ai(4)-Jaymie_Ezio 40 > 38
Resolve Stack: Whenever another creature you control enters, Purphoros, God of the Forge deals 2 damage to each opponent. [Zone Changer: Goro-Goro and Satoru (302)]
Phase: Ai(3)-GGS_Slitter_diagnostic's Beginning of Combat Step
Phase: Ai(3)-GGS_Slitter_diagnostic's Declare Attackers Step
Phase: Ai(3)-GGS_Slitter_diagnostic's Declare Blockers Step
Phase: Ai(3)-GGS_Slitter_diagnostic's First Strike Damage Step
Phase: Ai(3)-GGS_Slitter_diagnostic's Combat Damage Step
Phase: Ai(3)-GGS_Slitter_diagnostic's End of Combat Step
Phase: Ai(3)-GGS_Slitter_diagnostic's Main phase, postcombat
Phase: Ai(3)-GGS_Slitter_diagnostic's End step
Phase: Ai(3)-GGS_Slitter_diagnostic's Cleanup step
Turn: Turn 21 (Ai(4)-Jaymie_Ezio)
Phase: Ai(4)-Jaymie_Ezio's Untap step
Phase: Ai(4)-Jaymie_Ezio's Upkeep step
Phase: Ai(4)-Jaymie_Ezio's Draw step
Phase: Ai(4)-Jaymie_Ezio's Main phase, precombat
Phase: Ai(4)-Jaymie_Ezio's Beginning of Combat Step
Phase: Ai(4)-Jaymie_Ezio's Declare Attackers Step
Phase: Ai(4)-Jaymie_Ezio's Declare Blockers Step
Phase: Ai(4)-Jaymie_Ezio's First Strike Damage Step
Phase: Ai(4)-Jaymie_Ezio's Combat Damage Step
Phase: Ai(4)-Jaymie_Ezio's End of Combat Step
Phase: Ai(4)-Jaymie_Ezio's Main phase, postcombat
Mana: Submerged Boneyard (333) - {T}: Add {U} or {B}.
Mana: Smoldering Marsh (374) - {T}: Add {B}.
Mana: Path of Ancestry (311) - {T}: Add one mana of any color in your commander's color identity. When that mana is spent to cast a creature spell that shares a creature type with your commander, scry 1. (Look at the top card of your library. You may put that card on the bottom.)
Mana: Island (336) - {T}: Add {U}.
Mana: Plains (392) - {T}: Add {W}.
Mana: Plains (393) - {T}: Add {W}.
Add To Stack: Ai(4)-Jaymie_Ezio cast Sorin Markov
Add To Stack: Ai(3)-GGS_Slitter_diagnostic cast Fierce Guardianship targeting [Sorin Markov]
Zone Change: Send countered spell to Graveyard
Resolve Stack: Fierce Guardianship (226) - Counter Sorin Markov (332).
Phase: Ai(4)-Jaymie_Ezio's End step
Life: Life: Ai(1)-Gabe_Food 28 > 29
Mana: Pristine Talisman (91) - {T}: Add {C}. You gain 1 life. 
Phase: Ai(4)-Jaymie_Ezio's Cleanup step
Turn: Turn 22 (Ai(1)-Gabe_Food)
Phase: Ai(1)-Gabe_Food's Untap step
Phase: Ai(1)-Gabe_Food's Upkeep step
Phase: Ai(1)-Gabe_Food's Draw step
Phase: Ai(1)-Gabe_Food's Main phase, precombat
Replacement Effect: As Necroblossom Snarl enters, you may reveal a Swamp or Forest card from your hand. If you don't, Necroblossom Snarl enters tapped.
Land: Ai(1)-Gabe_Food played Necroblossom Snarl (64)
Damage: Murmuring Bosk (24) deals 1 non-combat damage to Ai(1)-Gabe_Food.
Life: Life: Ai(1)-Gabe_Food 29 > 28
Mana: Murmuring Bosk (24) - {T}: Add {W} or {B}. Murmuring Bosk deals 1 damage to you. 
Mana: Forest (32) - {T}: Add {G}.
Mana: Swamp (61) - {T}: Add {B}.
Add To Stack: Ai(1)-Gabe_Food cast Sam, Loyal Attendant
Resolve Stack: Sam, Loyal Attendant - Creature 2 / 4
Add To Stack: Ai(1)-Gabe_Food triggered Sam, Loyal Attendant targeting [Ai(1)-Gabe_Food]
Resolve Stack: Partner with Frodo, Adventurous Hobbit (When this creature enters, target player may put Frodo into their hand from their library, then shuffle.) (Targeting: [[Ai(1)-Gabe_Food]]) [Zone Changer: Sam, Loyal Attendant (101)]
Phase: Ai(1)-Gabe_Food's Beginning of Combat Step
Add To Stack: Ai(1)-Gabe_Food triggered Sam, Loyal Attendant
Resolve Stack: At the beginning of combat on your turn, create a Food token. (It's an artifact with "{2}, {T}, Sacrifice this token: You gain 3 life.") [Phase: Ai(1)-Gabe_Food]
Phase: Ai(1)-Gabe_Food's Declare Attackers Step
Phase: Ai(1)-Gabe_Food's Declare Blockers Step
Phase: Ai(1)-Gabe_Food's First Strike Damage Step
Phase: Ai(1)-Gabe_Food's Combat Damage Step
Phase: Ai(1)-Gabe_Food's End of Combat Step
Phase: Ai(1)-Gabe_Food's Main phase, postcombat
Phase: Ai(1)-Gabe_Food's End step
Phase: Ai(1)-Gabe_Food's Cleanup step
Turn: Turn 23 (Ai(2)-Destyn_Turtles)
Phase: Ai(2)-Destyn_Turtles' Untap step
Phase: Ai(2)-Destyn_Turtles' Upkeep step
Phase: Ai(2)-Destyn_Turtles' Draw step
Add To Stack: Ai(2)-Destyn_Turtles triggered Baxter, Fly in the Ointment
Resolve Stack: Whenever you draw a card, put a +1/+1 counter on Baxter. [Player: Ai(2)-Destyn_Turtles]
Phase: Ai(2)-Destyn_Turtles' Main phase, precombat
Phase: Ai(2)-Destyn_Turtles' Beginning of Combat Step
Phase: Ai(2)-Destyn_Turtles' Declare Attackers Step
Combat: Ai(2)-Destyn_Turtles assigned Baxter, Fly in the Ointment (128) to attack Ai(1)-Gabe_Food.
Add To Stack: Ai(2)-Destyn_Turtles triggered Baxter, Fly in the Ointment
Resolve Stack: Whenever Baxter enters or attacks, each creature you control with a counter on it gains flying until end of turn. [Attacker: Baxter, Fly in the Ointment (128)]
Phase: Ai(2)-Destyn_Turtles' Declare Blockers Step
Combat: Ai(1)-Gabe_Food didn't block Baxter, Fly in the Ointment (128).
Phase: Ai(2)-Destyn_Turtles' First Strike Damage Step
Phase: Ai(2)-Destyn_Turtles' Combat Damage Step
Damage: Baxter, Fly in the Ointment (128) deals 4 combat damage to Ai(1)-Gabe_Food.
Life: Life: Ai(1)-Gabe_Food 28 > 24
Phase: Ai(2)-Destyn_Turtles' End of Combat Step
Phase: Ai(2)-Destyn_Turtles' Main phase, postcombat
Add To Stack: Ai(2)-Destyn_Turtles triggered Michelangelo, the Heart targeting [Mona Lisa, Science Geek (162)]
Resolve Stack: Raid (the Fridge) — At the beginning of your second main phase, if you attacked this turn, put a +1/+1 counter on target creature and create a Food token. (Targeting: [[Mona Lisa, Science Geek (162)]]) [Phase: Ai(2)-Destyn_Turtles]
Replacement Effect: Rain-Slicked Copse enters tapped.
Land: Ai(2)-Destyn_Turtles played Rain-Slicked Copse (158)
Mana: Mona Lisa, Science Geek (162) - {T}: Add X mana of any one color, where X is Mona Lisa's power.
Mana: Swamp (157) - {T}: Add {B}.
Add To Stack: Ai(2)-Destyn_Turtles cast Raphael, the Muscle
Resolve Stack: Raphael, the Muscle - Creature 4 / 4
Add To Stack: Ai(2)-Destyn_Turtles triggered Raphael, the Muscle
Resolve Stack: When Raphael enters, create a Mutagen token. [Zone Changer: Raphael, the Muscle (176)]
Phase: Ai(2)-Destyn_Turtles' End step
Phase: Ai(2)-Destyn_Turtles' Cleanup step
Turn: Turn 24 (Ai(3)-GGS_Slitter_diagnostic)
Phase: Ai(3)-GGS_Slitter_diagnostic's Untap step
Phase: Ai(3)-GGS_Slitter_diagnostic's Upkeep step
Phase: Ai(3)-GGS_Slitter_diagnostic's Draw step
Phase: Ai(3)-GGS_Slitter_diagnostic's Main phase, precombat
Mana: Blood Crypt (268) - {T}: Add {R}.
Mana: Steam Vents (247) - {T}: Add {R}.
Mana: Undercity Sewers (205) - {T}: Add {B}.
Add To Stack: Ai(3)-GGS_Slitter_diagnostic cast Professional Face-Breaker
Resolve Stack: Professional Face-Breaker - Creature 2 / 3
Add To Stack: Ai(3)-GGS_Slitter_diagnostic triggered Purphoros, God of the Forge
Damage: Purphoros, God of the Forge (265) deals 2 non-combat damage to Ai(1)-Gabe_Food.
Damage: Purphoros, God of the Forge (265) deals 2 non-combat damage to Ai(2)-Destyn_Turtles.
Damage: Purphoros, God of the Forge (265) deals 2 non-combat damage to Ai(4)-Jaymie_Ezio.
Life: Life: Ai(1)-Gabe_Food 24 > 22
Life: Life: Ai(2)-Destyn_Turtles 32 > 30
Life: Life: Ai(4)-Jaymie_Ezio 38 > 36
Resolve Stack: Whenever another creature you control enters, Purphoros, God of the Forge deals 2 damage to each opponent. [Zone Changer: Professional Face-Breaker (269)]
Phase: Ai(3)-GGS_Slitter_diagnostic's Beginning of Combat Step
Phase: Ai(3)-GGS_Slitter_diagnostic's Declare Attackers Step
Phase: Ai(3)-GGS_Slitter_diagnostic's Declare Blockers Step
Phase: Ai(3)-GGS_Slitter_diagnostic's First Strike Damage Step
Phase: Ai(3)-GGS_Slitter_diagnostic's Combat Damage Step
Phase: Ai(3)-GGS_Slitter_diagnostic's End of Combat Step
Phase: Ai(3)-GGS_Slitter_diagnostic's Main phase, postcombat
Phase: Ai(3)-GGS_Slitter_diagnostic's End step
Phase: Ai(3)-GGS_Slitter_diagnostic's Cleanup step
Turn: Turn 25 (Ai(4)-Jaymie_Ezio)
Phase: Ai(4)-Jaymie_Ezio's Untap step
Phase: Ai(4)-Jaymie_Ezio's Upkeep step
Phase: Ai(4)-Jaymie_Ezio's Draw step
Phase: Ai(4)-Jaymie_Ezio's Main phase, precombat
Phase: Ai(4)-Jaymie_Ezio's Beginning of Combat Step
Phase: Ai(4)-Jaymie_Ezio's Declare Attackers Step
Phase: Ai(4)-Jaymie_Ezio's Declare Blockers Step
Phase: Ai(4)-Jaymie_Ezio's First Strike Damage Step
Phase: Ai(4)-Jaymie_Ezio's Combat Damage Step
Phase: Ai(4)-Jaymie_Ezio's End of Combat Step
Phase: Ai(4)-Jaymie_Ezio's Main phase, postcombat
Mana: Submerged Boneyard (333) - {T}: Add {U} or {B}.
Mana: Island (336) - {T}: Add {U}.
Mana: Plains (392) - {T}: Add {W}.
Add To Stack: Ai(4)-Jaymie_Ezio cast Unstoppable Slasher
Mana: Xander's Lounge (288) - {T}: Add {U}.
Damage: Talisman of Creativity (251) deals 1 non-combat damage to Ai(3)-GGS_Slitter_diagnostic.
Life: Life: Ai(3)-GGS_Slitter_diagnostic 38 > 37
Mana: Talisman of Creativity (251) - {T}: Add {U} or {R}. Talisman of Creativity deals 1 damage to you. 
Add To Stack: Ai(3)-GGS_Slitter_diagnostic cast Mana Drain targeting [Unstoppable Slasher - Creature 2 / 3]
Zone Change: Send countered spell to Graveyard
Resolve Stack: Mana Drain (254) - Counter Unstoppable Slasher (378). At the beginning of your next main phase, add an amount of {C} equal to that spell's mana value. 
Mana: Smoldering Marsh (374) - {T}: Add {B}.
Mana: Plains (393) - {T}: Add {W}.
Add To Stack: Ai(4)-Jaymie_Ezio cast Ezio Auditore da Firenze
Resolve Stack: Ezio Auditore da Firenze - Creature 3 / 2
Phase: Ai(4)-Jaymie_Ezio's End step
Life: Life: Ai(1)-Gabe_Food 22 > 23
Mana: Pristine Talisman (91) - {T}: Add {C}. You gain 1 life. 
Phase: Ai(4)-Jaymie_Ezio's Cleanup step
Turn: Turn 26 (Ai(1)-Gabe_Food)
Phase: Ai(1)-Gabe_Food's Untap step
Phase: Ai(1)-Gabe_Food's Upkeep step
Phase: Ai(1)-Gabe_Food's Draw step
Phase: Ai(1)-Gabe_Food's Main phase, precombat
Phase: Ai(1)-Gabe_Food's Beginning of Combat Step
Add To Stack: Ai(1)-Gabe_Food triggered Sam, Loyal Attendant
Resolve Stack: At the beginning of combat on your turn, create a Food token. (It's an artifact with "{2}, {T}, Sacrifice this token: You gain 3 life.") [Phase: Ai(1)-Gabe_Food]
Phase: Ai(1)-Gabe_Food's Declare Attackers Step
Phase: Ai(1)-Gabe_Food's Declare Blockers Step
Phase: Ai(1)-Gabe_Food's First Strike Damage Step
Phase: Ai(1)-Gabe_Food's Combat Damage Step
Phase: Ai(1)-Gabe_Food's End of Combat Step
Phase: Ai(1)-Gabe_Food's Main phase, postcombat
Damage: Murmuring Bosk (24) deals 1 non-combat damage to Ai(1)-Gabe_Food.
Life: Life: Ai(1)-Gabe_Food 23 > 22
Mana: Murmuring Bosk (24) - {T}: Add {W} or {B}. Murmuring Bosk deals 1 damage to you. 
Mana: Forest (32) - {T}: Add {G}.
Mana: Forest (39) - {T}: Add {G}.
Mana: Swamp (61) - {T}: Add {B}.
Mana: Swamp (63) - {T}: Add {B}.
Add To Stack: Ai(1)-Gabe_Food cast Gwaihir, Greatest of the Eagles
Resolve Stack: Gwaihir, Greatest of the Eagles - Creature 5 / 5
Mana: Necroblossom Snarl (64) - {T}: Add {B} or {G}.
Life: Life: Ai(1)-Gabe_Food 22 > 23
Mana: Pristine Talisman (91) - {T}: Add {C}. You gain 1 life. 
Add To Stack: Ai(1)-Gabe_Food cast Gollum, Obsessed Stalker
Resolve Stack: Gollum, Obsessed Stalker - Creature 1 / 1
Phase: Ai(1)-Gabe_Food's End step
Add To Stack: Ai(1)-Gabe_Food triggered Gollum, Obsessed Stalker
Resolve Stack: At the beginning of your end step, each opponent dealt combat damage this game by a creature named Gollum, Obsessed Stalker loses life equal to the amount of life you gained this turn. [Phase: Ai(1)-Gabe_Food]
Phase: Ai(1)-Gabe_Food's Cleanup step
Turn: Turn 27 (Ai(2)-Destyn_Turtles)
Phase: Ai(2)-Destyn_Turtles' Untap step
Phase: Ai(2)-Destyn_Turtles' Upkeep step
Phase: Ai(2)-Destyn_Turtles' Draw step
Add To Stack: Ai(2)-Destyn_Turtles triggered Baxter, Fly in the Ointment
Resolve Stack: Whenever you draw a card, put a +1/+1 counter on Baxter. [Player: Ai(2)-Destyn_Turtles]
Phase: Ai(2)-Destyn_Turtles' Main phase, precombat
Land: Ai(2)-Destyn_Turtles played Forest (137)
Phase: Ai(2)-Destyn_Turtles' Beginning of Combat Step
Phase: Ai(2)-Destyn_Turtles' Declare Attackers Step
Combat: Ai(2)-Destyn_Turtles assigned Baxter, Fly in the Ointment (128) to attack Ai(1)-Gabe_Food.
Add To Stack: Ai(2)-Destyn_Turtles triggered Baxter, Fly in the Ointment
Resolve Stack: Whenever Baxter enters or attacks, each creature you control with a counter on it gains flying until end of turn. [Attacker: Baxter, Fly in the Ointment (128)]
Phase: Ai(2)-Destyn_Turtles' Declare Blockers Step
Combat: Ai(1)-Gabe_Food assigned Gwaihir, Greatest of the Eagles (90) to block Baxter, Fly in the Ointment (128).
Phase: Ai(2)-Destyn_Turtles' First Strike Damage Step
Phase: Ai(2)-Destyn_Turtles' Combat Damage Step
Replacement Effect: Double all damage that creatures you control with counters on them would deal.
Damage: Baxter, Fly in the Ointment (128) deals 10 damage to Gwaihir, Greatest of the Eagles (90).
Damage: Gwaihir, Greatest of the Eagles (90) deals 5 damage to Baxter, Fly in the Ointment (128).
Zone Change: Baxter, Fly in the Ointment (128) was put into Graveyard from Battlefield.
Zone Change: Gwaihir, Greatest of the Eagles (90) was put into Graveyard from Battlefield.
Add To Stack: Ai(2)-Destyn_Turtles triggered Rat King, Pale Piper
Resolve Stack: Whenever Rat King or another nontoken creature you control leaves the battlefield, create a 1/1 black Rat creature token. [Zone Changer: Baxter, Fly in the Ointment (128)]
Phase: Ai(2)-Destyn_Turtles' End of Combat Step
Phase: Ai(2)-Destyn_Turtles' Main phase, postcombat
Add To Stack: Ai(2)-Destyn_Turtles triggered Michelangelo, the Heart targeting [Mona Lisa, Science Geek (162)]
Resolve Stack: Raid (the Fridge) — At the beginning of your second main phase, if you attacked this turn, put a +1/+1 counter on target creature and create a Food token. (Targeting: [[Mona Lisa, Science Geek (162)]]) [Phase: Ai(2)-Destyn_Turtles]
Mana: Mona Lisa, Science Geek (162) - {T}: Add X mana of any one color, where X is Mona Lisa's power.
Add To Stack: Ai(2)-Destyn_Turtles cast Casey Jones, Back Alley Brute
Resolve Stack: Casey Jones, Back Alley Brute - Creature 4 / 2
Mana: Plains (189) - {T}: Add {W}.
Mana: Swamp (157) - {T}: Add {B}.
Mana: Forest (138) - {T}: Add {G}.
Add To Stack: Ai(2)-Destyn_Turtles cast Leonardo, the Balance
Resolve Stack: Leonardo, the Balance - Creature 3 / 3
Phase: Ai(2)-Destyn_Turtles' End step
Phase: Ai(2)-Destyn_Turtles' Cleanup step
Turn: Turn 28 (Ai(3)-GGS_Slitter_diagnostic)
Phase: Ai(3)-GGS_Slitter_diagnostic's Untap step
Phase: Ai(3)-GGS_Slitter_diagnostic's Upkeep step
Phase: Ai(3)-GGS_Slitter_diagnostic's Draw step
Phase: Ai(3)-GGS_Slitter_diagnostic's Main phase, precombat
Add To Stack: Ai(3)-GGS_Slitter_diagnostic triggered Mana Drain
Resolve Stack: At the beginning of your next main phase, add an amount of {C} equal to that spell's mana value. ([3]) [Phase: Ai(3)-GGS_Slitter_diagnostic]
Mana: Blood Crypt (268) - {T}: Add {R}.
Add To Stack: Ai(3)-GGS_Slitter_diagnostic cast Aggravated Assault
Resolve Stack: Aggravated Assault
Phase: Ai(3)-GGS_Slitter_diagnostic's Beginning of Combat Step
Phase: Ai(3)-GGS_Slitter_diagnostic's Declare Attackers Step
Phase: Ai(3)-GGS_Slitter_diagnostic's Declare Blockers Step
Phase: Ai(3)-GGS_Slitter_diagnostic's First Strike Damage Step
Phase: Ai(3)-GGS_Slitter_diagnostic's Combat Damage Step
Phase: Ai(3)-GGS_Slitter_diagnostic's End of Combat Step
Phase: Ai(3)-GGS_Slitter_diagnostic's Main phase, postcombat
Mana: Steam Vents (247) - {T}: Add {U}.
Mana: Undercity Sewers (205) - {T}: Add {B}.
Add To Stack: Ai(3)-GGS_Slitter_diagnostic cast Tetsuko Umezawa, Fugitive
Resolve Stack: Tetsuko Umezawa, Fugitive - Creature 1 / 3
Add To Stack: Ai(3)-GGS_Slitter_diagnostic triggered Purphoros, God of the Forge
Damage: Purphoros, God of the Forge (265) deals 2 non-combat damage to Ai(1)-Gabe_Food.
Damage: Purphoros, God of the Forge (265) deals 2 non-combat damage to Ai(2)-Destyn_Turtles.
Damage: Purphoros, God of the Forge (265) deals 2 non-combat damage to Ai(4)-Jaymie_Ezio.
Life: Life: Ai(1)-Gabe_Food 23 > 21
Life: Life: Ai(2)-Destyn_Turtles 30 > 28
Life: Life: Ai(4)-Jaymie_Ezio 36 > 34
Resolve Stack: Whenever another creature you control enters, Purphoros, God of the Forge deals 2 damage to each opponent. [Zone Changer: Tetsuko Umezawa, Fugitive (277)]
Phase: Ai(3)-GGS_Slitter_diagnostic's End step
Phase: Ai(3)-GGS_Slitter_diagnostic's Cleanup step
Turn: Turn 29 (Ai(4)-Jaymie_Ezio)
Phase: Ai(4)-Jaymie_Ezio's Untap step
Phase: Ai(4)-Jaymie_Ezio's Upkeep step
Phase: Ai(4)-Jaymie_Ezio's Draw step
Phase: Ai(4)-Jaymie_Ezio's Main phase, precombat
Phase: Ai(4)-Jaymie_Ezio's Beginning of Combat Step
Phase: Ai(4)-Jaymie_Ezio's Declare Attackers Step
Phase: Ai(4)-Jaymie_Ezio's Declare Blockers Step
Phase: Ai(4)-Jaymie_Ezio's First Strike Damage Step
Phase: Ai(4)-Jaymie_Ezio's Combat Damage Step
Phase: Ai(4)-Jaymie_Ezio's End of Combat Step
Phase: Ai(4)-Jaymie_Ezio's Main phase, postcombat
Replacement Effect: Boros Garrison enters tapped.
Land: Ai(4)-Jaymie_Ezio played Boros Garrison (383)
Add To Stack: Ai(4)-Jaymie_Ezio triggered Boros Garrison
Resolve Stack: When Boros Garrison enters, return a land you control to its owner's hand. [Zone Changer: Boros Garrison (383)]
Mana: Submerged Boneyard (333) - {T}: Add {U} or {B}.
Mana: Island (336) - {T}: Add {U}.
Mana: Plains (392) - {T}: Add {W}.
Add To Stack: Ai(4)-Jaymie_Ezio cast Jacob Frye
Resolve Stack: Jacob Frye - Creature 3 / 2
Add To Stack: Ai(4)-Jaymie_Ezio triggered Jacob Frye targeting [Ai(4)-Jaymie_Ezio]
Resolve Stack: Partner with Evie Frye (When this creature enters, target player may put Evie Frye into their hand from their library, then shuffle.) (Targeting: [[Ai(4)-Jaymie_Ezio]]) [Zone Changer: Jacob Frye (365)]
Mana: Smoldering Marsh (374) - {T}: Add {B}.
Mana: Path of Ancestry (311) - {T}: Add one mana of any color in your commander's color identity. When that mana is spent to cast a creature spell that shares a creature type with your commander, scry 1. (Look at the top card of your library. You may put that card on the bottom.)
Mana: Cinder Glade (321) - {T}: Add {G}.
Add To Stack: Ai(4)-Jaymie_Ezio cast Mari, the Killing Quill
Add To Stack: Ai(4)-Jaymie_Ezio triggered Path of Ancestry
Resolve Stack: Ai(4)-Jaymie_Ezio scried 1 card(s) to the top of the library
Resolve Stack: When mana produced by Path of Ancestry is spent to cast a creature spell that shares a creature type with your commander, scry 1. ([Mari, the Killing Quill - Creature 3 / 2]) [Card: Mari, the Killing Quill (373), Activator: Ai(4)-Jaymie_Ezio, SpellAbility: Mari, the Killing Quill - Creature 3 / 2]
Resolve Stack: Mari, the Killing Quill - Creature 3 / 2
Phase: Ai(4)-Jaymie_Ezio's End step
Phase: Ai(4)-Jaymie_Ezio's Cleanup step
Turn: Turn 30 (Ai(1)-Gabe_Food)
Phase: Ai(1)-Gabe_Food's Untap step
Phase: Ai(1)-Gabe_Food's Upkeep step
Phase: Ai(1)-Gabe_Food's Draw step
Phase: Ai(1)-Gabe_Food's Main phase, precombat
Land: Ai(1)-Gabe_Food played Forest (37)
Phase: Ai(1)-Gabe_Food's Beginning of Combat Step
Add To Stack: Ai(1)-Gabe_Food triggered Sam, Loyal Attendant
Resolve Stack: At the beginning of combat on your turn, create a Food token. (It's an artifact with "{2}, {T}, Sacrifice this token: You gain 3 life.") [Phase: Ai(1)-Gabe_Food]
Phase: Ai(1)-Gabe_Food's Declare Attackers Step
Phase: Ai(1)-Gabe_Food's Declare Blockers Step
Phase: Ai(1)-Gabe_Food's First Strike Damage Step
Phase: Ai(1)-Gabe_Food's Combat Damage Step
Phase: Ai(1)-Gabe_Food's End of Combat Step
Phase: Ai(1)-Gabe_Food's Main phase, postcombat
Damage: Murmuring Bosk (24) deals 1 non-combat damage to Ai(1)-Gabe_Food.
Life: Life: Ai(1)-Gabe_Food 21 > 20
Mana: Murmuring Bosk (24) - {T}: Add {W} or {B}. Murmuring Bosk deals 1 damage to you. 
Mana: Forest (32) - {T}: Add {G}.
Mana: Forest (39) - {T}: Add {G}.
Mana: Forest (37) - {T}: Add {G}.
Add To Stack: Ai(1)-Gabe_Food cast Treebeard, Gracious Host
Resolve Stack: Treebeard, Gracious Host - Creature 0 / 5
Add To Stack: Ai(1)-Gabe_Food triggered Treebeard, Gracious Host
Resolve Stack: When Treebeard, Gracious Host enters, create two Food tokens. [Zone Changer: Treebeard, Gracious Host (79)]
Phase: Ai(1)-Gabe_Food's End step
Add To Stack: Ai(1)-Gabe_Food triggered Gollum, Obsessed Stalker
Resolve Stack: At the beginning of your end step, each opponent dealt combat damage this game by a creature named Gollum, Obsessed Stalker loses life equal to the amount of life you gained this turn. [Phase: Ai(1)-Gabe_Food]
Phase: Ai(1)-Gabe_Food's Cleanup step
Turn: Turn 31 (Ai(2)-Destyn_Turtles)
Phase: Ai(2)-Destyn_Turtles' Untap step
Phase: Ai(2)-Destyn_Turtles' Upkeep step
Phase: Ai(2)-Destyn_Turtles' Draw step
Mana: Mona Lisa, Science Geek (162) - {T}: Add X mana of any one color, where X is Mona Lisa's power.
Add To Stack: Ai(2)-Destyn_Turtles cast Special Move
Zone Change: Pristine Talisman (91) was put into Graveyard from Battlefield.
Replacement Effect: Double all damage that creatures you control with counters on them would deal.
Damage: Mona Lisa, Science Geek (162) deals 10 damage to Ezio Auditore da Firenze (403).
Zone Change: Mona Lisa, Science Geek (162) was put into Graveyard from Battlefield.
Resolve Stack: Special Move (185) -  Jump Kick — Destroy Pristine Talisman (91). Foot Toss — Mona Lisa, Science Geek (162) deals damage equal to its power to Ezio Auditore da Firenze (403). Then sacrifice it. 
Zone Change: Ezio Auditore da Firenze (403) was put into Graveyard from Battlefield.
Add To Stack: Ai(2)-Destyn_Turtles triggered Rat King, Pale Piper
Add To Stack: Ai(4)-Jaymie_Ezio triggered Mari, the Killing Quill
Resolve Stack: Whenever a creature an opponent controls dies, exile it with a hit counter on it. [Zone Changer: Mona Lisa, Science Geek (162)]
Resolve Stack: Whenever Rat King or another nontoken creature you control leaves the battlefield, create a 1/1 black Rat creature token. [Zone Changer: Mona Lisa, Science Geek (162)]
Add To Stack: Ai(2)-Destyn_Turtles triggered Leonardo, the Balance
Resolve Stack: Whenever a token you control enters, you may put a +1/+1 counter on each creature you control. Do this only once each turn. [Zone Changer: Rat Token (457)]
Add To Stack: Ai(2)-Destyn_Turtles triggered Casey Jones, Back Alley Brute targeting [Ai(1)-Gabe_Food]
Add To Stack: Ai(2)-Destyn_Turtles triggered Casey Jones, Back Alley Brute targeting [Ai(1)-Gabe_Food]
Add To Stack: Ai(2)-Destyn_Turtles triggered Casey Jones, Back Alley Brute targeting [Ai(1)-Gabe_Food]
Add To Stack: Ai(2)-Destyn_Turtles triggered Casey Jones, Back Alley Brute targeting [Ai(1)-Gabe_Food]
Add To Stack: Ai(2)-Destyn_Turtles triggered Casey Jones, Back Alley Brute targeting [Ai(1)-Gabe_Food]
Add To Stack: Ai(2)-Destyn_Turtles triggered Casey Jones, Back Alley Brute targeting [Ai(1)-Gabe_Food]
Add To Stack: Ai(2)-Destyn_Turtles triggered Casey Jones, Back Alley Brute targeting [Ai(1)-Gabe_Food]
Replacement Effect: Double all damage that creatures you control with counters on them would deal.
Damage: Casey Jones, Back Alley Brute (107) deals 2 non-combat damage to Ai(1)-Gabe_Food.
Life: Life: Ai(1)-Gabe_Food 20 > 18
Resolve Stack: Whenever you put one or more +1/+1 counters on a creature you control, Casey Jones deals that much damage to target opponent. (Targeting: [[Ai(1)-Gabe_Food]]) [Added once: Rat Token (457) Amount: 1]
Replacement Effect: Double all damage that creatures you control with counters on them would deal.
Damage: Casey Jones, Back Alley Brute (107) deals 2 non-combat damage to Ai(1)-Gabe_Food.
Life: Life: Ai(1)-Gabe_Food 18 > 16
Resolve Stack: Whenever you put one or more +1/+1 counters on a creature you control, Casey Jones deals that much damage to target opponent. (Targeting: [[Ai(1)-Gabe_Food]]) [Added once: Leonardo, the Balance (202) Amount: 1]
Replacement Effect: Double all damage that creatures you control with counters on them would deal.
Damage: Casey Jones, Back Alley Brute (107) deals 2 non-combat damage to Ai(1)-Gabe_Food.
Life: Life: Ai(1)-Gabe_Food 16 > 14
Resolve Stack: Whenever you put one or more +1/+1 counters on a creature you control, Casey Jones deals that much damage to target opponent. (Targeting: [[Ai(1)-Gabe_Food]]) [Added once: Casey Jones, Back Alley Brute (107) Amount: 1]
Replacement Effect: Double all damage that creatures you control with counters on them would deal.
Damage: Casey Jones, Back Alley Brute (107) deals 2 non-combat damage to Ai(1)-Gabe_Food.
Life: Life: Ai(1)-Gabe_Food 14 > 12
Resolve Stack: Whenever you put one or more +1/+1 counters on a creature you control, Casey Jones deals that much damage to target opponent. (Targeting: [[Ai(1)-Gabe_Food]]) [Added once: Rat Token (443) Amount: 1]
Replacement Effect: Double all damage that creatures you control with counters on them would deal.
Damage: Casey Jones, Back Alley Brute (107) deals 2 non-combat damage to Ai(1)-Gabe_Food.
Life: Life: Ai(1)-Gabe_Food 12 > 10
Resolve Stack: Whenever you put one or more +1/+1 counters on a creature you control, Casey Jones deals that much damage to target opponent. (Targeting: [[Ai(1)-Gabe_Food]]) [Added once: Raphael, the Muscle (176) Amount: 1]
Replacement Effect: Double all damage that creatures you control with counters on them would deal.
Damage: Casey Jones, Back Alley Brute (107) deals 2 non-combat damage to Ai(1)-Gabe_Food.
Life: Life: Ai(1)-Gabe_Food 10 > 8
Resolve Stack: Whenever you put one or more +1/+1 counters on a creature you control, Casey Jones deals that much damage to target opponent. (Targeting: [[Ai(1)-Gabe_Food]]) [Added once: Rat King, Pale Piper (144) Amount: 1]
Replacement Effect: Double all damage that creatures you control with counters on them would deal.
Damage: Casey Jones, Back Alley Brute (107) deals 2 non-combat damage to Ai(1)-Gabe_Food.
Life: Life: Ai(1)-Gabe_Food 8 > 6
Resolve Stack: Whenever you put one or more +1/+1 counters on a creature you control, Casey Jones deals that much damage to target opponent. (Targeting: [[Ai(1)-Gabe_Food]]) [Added once: Michelangelo, the Heart (200) Amount: 1]
Phase: Ai(2)-Destyn_Turtles' Main phase, precombat
Phase: Ai(2)-Destyn_Turtles' Beginning of Combat Step
Phase: Ai(2)-Destyn_Turtles' Declare Attackers Step
Combat: Ai(2)-Destyn_Turtles assigned Raphael, the Muscle (176), Casey Jones, Back Alley Brute (107), Rat King, Pale Piper (144), Leonardo, the Balance (202), Michelangelo, the Heart (200) and Rat Token (443) to attack Ai(1)-Gabe_Food.
Add To Stack: Ai(2)-Destyn_Turtles triggered Casey Jones, Back Alley Brute targeting [Raphael, the Muscle (176)]
Mana: Swamp (61) - {T}: Add {B}.
Zone Change: Food Token (412) was put into Graveyard from Battlefield.
Add To Stack: Ai(1)-Gabe_Food activated Food Token
Life: Life: Ai(1)-Gabe_Food 6 > 9
Resolve Stack: Food Token (412) - Ai(1)-Gabe_Food gains 3 life.
Add To Stack: Ai(1)-Gabe_Food triggered Treebeard, Gracious Host targeting [Sam, Loyal Attendant (101)]
Resolve Stack: Whenever you gain life, put that many +1/+1 counters on target Halfling or Treefolk. (Targeting: [[Sam, Loyal Attendant (101)]]) [Player: Ai(1)-Gabe_Food, Gained Amount: 3]
Mana: Swamp (63) - {T}: Add {B}.
Zone Change: Food Token (419) was put into Graveyard from Battlefield.
Add To Stack: Ai(1)-Gabe_Food activated Food Token
Life: Life: Ai(1)-Gabe_Food 9 > 12
Resolve Stack: Food Token (419) - Ai(1)-Gabe_Food gains 3 life.
Add To Stack: Ai(1)-Gabe_Food triggered Treebeard, Gracious Host targeting [Sam, Loyal Attendant (101)]
Resolve Stack: Whenever you gain life, put that many +1/+1 counters on target Halfling or Treefolk. (Targeting: [[Sam, Loyal Attendant (101)]]) [Player: Ai(1)-Gabe_Food, Gained Amount: 3]
Mana: Necroblossom Snarl (64) - {T}: Add {B} or {G}.
Zone Change: Food Token (427) was put into Graveyard from Battlefield.
Add To Stack: Ai(1)-Gabe_Food activated Food Token
Life: Life: Ai(1)-Gabe_Food 12 > 15
Resolve Stack: Food Token (427) - Ai(1)-Gabe_Food gains 3 life.
Add To Stack: Ai(1)-Gabe_Food triggered Treebeard, Gracious Host targeting [Sam, Loyal Attendant (101)]
Resolve Stack: Whenever you gain life, put that many +1/+1 counters on target Halfling or Treefolk. (Targeting: [[Sam, Loyal Attendant (101)]]) [Player: Ai(1)-Gabe_Food, Gained Amount: 3]
Resolve Stack: Whenever Casey Jones attacks, put a +1/+1 counter on target attacking creature. (Targeting: [[Raphael, the Muscle (176)]]) [Attacker: Casey Jones, Back Alley Brute (107)]
Add To Stack: Ai(2)-Destyn_Turtles triggered Casey Jones, Back Alley Brute targeting [Ai(1)-Gabe_Food]
Replacement Effect: Double all damage that creatures you control with counters on them would deal.
Damage: Casey Jones, Back Alley Brute (107) deals 2 non-combat damage to Ai(1)-Gabe_Food.
Life: Life: Ai(1)-Gabe_Food 15 > 13
Resolve Stack: Whenever you put one or more +1/+1 counters on a creature you control, Casey Jones deals that much damage to target opponent. (Targeting: [[Ai(1)-Gabe_Food]]) [Added once: Raphael, the Muscle (176) Amount: 1]
Phase: Ai(2)-Destyn_Turtles' Declare Blockers Step
Combat: Ai(1)-Gabe_Food assigned Sam, Loyal Attendant (101) to block Raphael, the Muscle (176).
Ai(1)-Gabe_Food didn't block Casey Jones, Back Alley Brute (107).
Ai(1)-Gabe_Food didn't block Rat King, Pale Piper (144).
Ai(1)-Gabe_Food assigned Treebeard, Gracious Host (79) to block Leonardo, the Balance (202).
Ai(1)-Gabe_Food assigned Savvy Hunter (23) to block Michelangelo, the Heart (200).
Ai(1)-Gabe_Food assigned Gollum, Obsessed Stalker (42) to block Rat Token (443).
Add To Stack: Ai(1)-Gabe_Food triggered Savvy Hunter
Resolve Stack: Whenever Savvy Hunter attacks or blocks, create a Food token. (It's an artifact with "{2}, {T}, Sacrifice this token: You gain 3 life.") [Blocker: Savvy Hunter (23)]
Phase: Ai(2)-Destyn_Turtles' First Strike Damage Step
Phase: Ai(2)-Destyn_Turtles' Combat Damage Step
Replacement Effect: Double all damage that creatures you control with counters on them would deal.
Replacement Effect: Double all damage that creatures you control with counters on them would deal.
Replacement Effect: Double all damage that creatures you control with counters on them would deal.
Replacement Effect: Double all damage that creatures you control with counters on them would deal.
Replacement Effect: Double all damage that creatures you control with counters on them would deal.
Replacement Effect: Double all damage that creatures you control with counters on them would deal.
Damage: Raphael, the Muscle (176) deals 12 damage to Sam, Loyal Attendant (101).
Damage: Casey Jones, Back Alley Brute (107) deals 10 combat damage to Ai(1)-Gabe_Food.
Damage: Rat King, Pale Piper (144) deals 8 combat damage to Ai(1)-Gabe_Food.
Damage: Leonardo, the Balance (202) deals 8 damage to Treebeard, Gracious Host (79).
Damage: Michelangelo, the Heart (200) deals 6 damage to Savvy Hunter (23).
Damage: Rat Token (443) deals 4 damage to Gollum, Obsessed Stalker (42).
Damage: Sam, Loyal Attendant (101) deals 11 damage to Raphael, the Muscle (176).
Damage: Savvy Hunter (23) deals 3 damage to Michelangelo, the Heart (200).
Damage: Gollum, Obsessed Stalker (42) deals 1 damage to Rat Token (443).
Life: Life: Ai(1)-Gabe_Food 13 > -5
Zone Change: Michelangelo, the Heart (200) was put into Graveyard from Battlefield.
Zone Change: Raphael, the Muscle (176) was put into Graveyard from Battlefield.
Add To Stack: Ai(2)-Destyn_Turtles triggered Rat King, Pale Piper
Add To Stack: Ai(2)-Destyn_Turtles triggered Rat King, Pale Piper
Add To Stack: Ai(4)-Jaymie_Ezio triggered Mari, the Killing Quill
Add To Stack: Ai(4)-Jaymie_Ezio triggered Mari, the Killing Quill
Resolve Stack: Whenever a creature an opponent controls dies, exile it with a hit counter on it. [Zone Changer: Raphael, the Muscle (176)]
Resolve Stack: Whenever a creature an opponent controls dies, exile it with a hit counter on it. [Zone Changer: Michelangelo, the Heart (200)]
Resolve Stack: Whenever Rat King or another nontoken creature you control leaves the battlefield, create a 1/1 black Rat creature token. [Zone Changer: Raphael, the Muscle (176)]
Resolve Stack: Whenever Rat King or another nontoken creature you control leaves the battlefield, create a 1/1 black Rat creature token. [Zone Changer: Michelangelo, the Heart (200)]
Phase: Ai(2)-Destyn_Turtles' End of Combat Step
Phase: Ai(2)-Destyn_Turtles' Main phase, postcombat
Mana: Forest (138) - {T}: Add {G}.
Mana: Forest (137) - {T}: Add {G}.
Mana: Swamp (157) - {T}: Add {B}.
Mana: Plains (189) - {T}: Add {W}.
Mana: Vernal Fen (159) - {T}: Add {G}.
Add To Stack: Ai(2)-Destyn_Turtles cast Biogenic Ooze
Resolve Stack: Biogenic Ooze - Creature 2 / 2
Add To Stack: Ai(2)-Destyn_Turtles triggered Biogenic Ooze
Resolve Stack: When Biogenic Ooze enters, create a 2/2 green Ooze creature token. [Zone Changer: Biogenic Ooze (166)]
Phase: Ai(2)-Destyn_Turtles' End step
Add To Stack: Ai(2)-Destyn_Turtles triggered Biogenic Ooze
Resolve Stack: At the beginning of your end step, put a +1/+1 counter on each Ooze you control. [Phase: Ai(2)-Destyn_Turtles]
Add To Stack: Ai(2)-Destyn_Turtles triggered Casey Jones, Back Alley Brute targeting [Ai(4)-Jaymie_Ezio]
Add To Stack: Ai(2)-Destyn_Turtles triggered Casey Jones, Back Alley Brute targeting [Ai(4)-Jaymie_Ezio]
Damage: Casey Jones, Back Alley Brute (107) deals 1 non-combat damage to Ai(4)-Jaymie_Ezio.
Life: Life: Ai(4)-Jaymie_Ezio 34 > 33
Resolve Stack: Whenever you put one or more +1/+1 counters on a creature you control, Casey Jones deals that much damage to target opponent. (Targeting: [[Ai(4)-Jaymie_Ezio]]) [Added once: Ooze Token (470) Amount: 1]
Damage: Casey Jones, Back Alley Brute (107) deals 1 non-combat damage to Ai(4)-Jaymie_Ezio.
Life: Life: Ai(4)-Jaymie_Ezio 33 > 32
Resolve Stack: Whenever you put one or more +1/+1 counters on a creature you control, Casey Jones deals that much damage to target opponent. (Targeting: [[Ai(4)-Jaymie_Ezio]]) [Added once: Biogenic Ooze (166) Amount: 1]
Phase: Ai(2)-Destyn_Turtles' Cleanup step
Turn: Turn 32 (Ai(3)-GGS_Slitter_diagnostic)
Phase: Ai(3)-GGS_Slitter_diagnostic's Untap step
Phase: Ai(3)-GGS_Slitter_diagnostic's Upkeep step
Phase: Ai(3)-GGS_Slitter_diagnostic's Draw step
Phase: Ai(3)-GGS_Slitter_diagnostic's Main phase, precombat
Mana: Blood Crypt (268) - {T}: Add {R}.
Mana: Steam Vents (247) - {T}: Add {R}.
Mana: Undercity Sewers (205) - {T}: Add {B}.
Mana: Xander's Lounge (288) - {T}: Add {R}.
Mana: Talisman of Creativity (251) - {T}: Add {C}.
Add To Stack: Ai(3)-GGS_Slitter_diagnostic cast Draconic Visitor
Resolve Stack: Draconic Visitor - Creature 5 / 5
Add To Stack: Ai(3)-GGS_Slitter_diagnostic triggered Purphoros, God of the Forge
Damage: Purphoros, God of the Forge (265) deals 2 non-combat damage to Ai(2)-Destyn_Turtles.
Damage: Purphoros, God of the Forge (265) deals 2 non-combat damage to Ai(4)-Jaymie_Ezio.
Life: Life: Ai(2)-Destyn_Turtles 28 > 26
Life: Life: Ai(4)-Jaymie_Ezio 32 > 30
Resolve Stack: Whenever another creature you control enters, Purphoros, God of the Forge deals 2 damage to each opponent. [Zone Changer: Draconic Visitor (217)]
Phase: Ai(3)-GGS_Slitter_diagnostic's Beginning of Combat Step
Phase: Ai(3)-GGS_Slitter_diagnostic's Declare Attackers Step
Combat: Ai(3)-GGS_Slitter_diagnostic assigned Purphoros, God of the Forge (265) and Tetsuko Umezawa, Fugitive (277) to attack Ai(2)-Destyn_Turtles.
Phase: Ai(3)-GGS_Slitter_diagnostic's Declare Blockers Step
Combat: Ai(2)-Destyn_Turtles didn't block Purphoros, God of the Forge (265).
Ai(2)-Destyn_Turtles didn't block Tetsuko Umezawa, Fugitive (277).
Phase: Ai(3)-GGS_Slitter_diagnostic's First Strike Damage Step
Phase: Ai(3)-GGS_Slitter_diagnostic's Combat Damage Step
Damage: Purphoros, God of the Forge (265) deals 6 combat damage to Ai(2)-Destyn_Turtles.
Damage: Tetsuko Umezawa, Fugitive (277) deals 1 combat damage to Ai(2)-Destyn_Turtles.
Life: Life: Ai(2)-Destyn_Turtles 26 > 19
Add To Stack: Ai(3)-GGS_Slitter_diagnostic triggered Professional Face-Breaker
Replacement Effect: If one or more artifact tokens would be created under your control, that many 5/5 red Dragon creature tokens with flying are created instead.
Resolve Stack: Whenever one or more creatures you control deal combat damage to a player, create a Treasure token. [Damaged: Ai(2)-Destyn_Turtles, Amount: 7]
Add To Stack: Ai(3)-GGS_Slitter_diagnostic triggered Purphoros, God of the Forge
Damage: Purphoros, God of the Forge (265) deals 2 non-combat damage to Ai(2)-Destyn_Turtles.
Damage: Purphoros, God of the Forge (265) deals 2 non-combat damage to Ai(4)-Jaymie_Ezio.
Life: Life: Ai(2)-Destyn_Turtles 19 > 17
Life: Life: Ai(4)-Jaymie_Ezio 30 > 28
Resolve Stack: Whenever another creature you control enters, Purphoros, God of the Forge deals 2 damage to each opponent. [Zone Changer: Dragon Token (488)]
Phase: Ai(3)-GGS_Slitter_diagnostic's End of Combat Step
Phase: Ai(3)-GGS_Slitter_diagnostic's Main phase, postcombat
Phase: Ai(3)-GGS_Slitter_diagnostic's End step
Phase: Ai(3)-GGS_Slitter_diagnostic's Cleanup step
Turn: Turn 33 (Ai(4)-Jaymie_Ezio)
Phase: Ai(4)-Jaymie_Ezio's Untap step
Phase: Ai(4)-Jaymie_Ezio's Upkeep step
Phase: Ai(4)-Jaymie_Ezio's Draw step
Phase: Ai(4)-Jaymie_Ezio's Main phase, precombat
Phase: Ai(4)-Jaymie_Ezio's Beginning of Combat Step
Phase: Ai(4)-Jaymie_Ezio's Declare Attackers Step
Phase: Ai(4)-Jaymie_Ezio's Declare Blockers Step
Phase: Ai(4)-Jaymie_Ezio's First Strike Damage Step
Phase: Ai(4)-Jaymie_Ezio's Combat Damage Step
Phase: Ai(4)-Jaymie_Ezio's End of Combat Step
Phase: Ai(4)-Jaymie_Ezio's Main phase, postcombat
Land: Ai(4)-Jaymie_Ezio played Plains (393)
Mana: Island (336) - {T}: Add {U}.
Mana: Submerged Boneyard (333) - {T}: Add {U} or {B}.
Mana: Plains (392) - {T}: Add {W}.
Mana: Plains (393) - {T}: Add {W}.
Add To Stack: Ai(4)-Jaymie_Ezio cast Etrata, the Silencer
Resolve Stack: Etrata, the Silencer - Creature 3 / 5
Mana: Path of Ancestry (311) - {T}: Add one mana of any color in your commander's color identity. When that mana is spent to cast a creature spell that shares a creature type with your commander, scry 1. (Look at the top card of your library. You may put that card on the bottom.)
Mana: Smoldering Marsh (374) - {T}: Add {B}.
Mana: Boros Garrison (383) - {T}: Add {R}{W}.
Add To Stack: Ai(4)-Jaymie_Ezio cast Rooftop Bypass
Resolve Stack: Rooftop Bypass
Phase: Ai(4)-Jaymie_Ezio's End step
Phase: Ai(4)-Jaymie_Ezio's Cleanup step
Turn: Turn 34 (Ai(2)-Destyn_Turtles)
Phase: Ai(2)-Destyn_Turtles' Untap step
Phase: Ai(2)-Destyn_Turtles' Upkeep step
Phase: Ai(2)-Destyn_Turtles' Draw step
Phase: Ai(2)-Destyn_Turtles' Main phase, precombat
Mana: Swamp (157) - {T}: Add {B}.
Mana: Forest (138) - {T}: Add {G}.
Mana: Forest (137) - {T}: Add {G}.
Mana: Plains (189) - {T}: Add {W}.
Add To Stack: Ai(2)-Destyn_Turtles cast Coin of Mastery
Resolve Stack: Coin of Mastery
Phase: Ai(2)-Destyn_Turtles' Beginning of Combat Step
Phase: Ai(2)-Destyn_Turtles' Declare Attackers Step
Phase: Ai(2)-Destyn_Turtles' Declare Blockers Step
Phase: Ai(2)-Destyn_Turtles' First Strike Damage Step
Phase: Ai(2)-Destyn_Turtles' Combat Damage Step
Phase: Ai(2)-Destyn_Turtles' End of Combat Step
Phase: Ai(2)-Destyn_Turtles' Main phase, postcombat
Phase: Ai(2)-Destyn_Turtles' End step
Add To Stack: Ai(2)-Destyn_Turtles triggered Biogenic Ooze
Resolve Stack: At the beginning of your end step, put a +1/+1 counter on each Ooze you control. [Phase: Ai(2)-Destyn_Turtles]
Add To Stack: Ai(2)-Destyn_Turtles triggered Casey Jones, Back Alley Brute targeting [Ai(4)-Jaymie_Ezio]
Add To Stack: Ai(2)-Destyn_Turtles triggered Casey Jones, Back Alley Brute targeting [Ai(4)-Jaymie_Ezio]
Damage: Casey Jones, Back Alley Brute (107) deals 1 non-combat damage to Ai(4)-Jaymie_Ezio.
Life: Life: Ai(4)-Jaymie_Ezio 28 > 27
Resolve Stack: Whenever you put one or more +1/+1 counters on a creature you control, Casey Jones deals that much damage to target opponent. (Targeting: [[Ai(4)-Jaymie_Ezio]]) [Added once: Ooze Token (470) Amount: 1]
Damage: Casey Jones, Back Alley Brute (107) deals 1 non-combat damage to Ai(4)-Jaymie_Ezio.
Life: Life: Ai(4)-Jaymie_Ezio 27 > 26
Resolve Stack: Whenever you put one or more +1/+1 counters on a creature you control, Casey Jones deals that much damage to target opponent. (Targeting: [[Ai(4)-Jaymie_Ezio]]) [Added once: Biogenic Ooze (166) Amount: 1]
Phase: Ai(2)-Destyn_Turtles' Cleanup step
Turn: Turn 35 (Ai(3)-GGS_Slitter_diagnostic)
Phase: Ai(3)-GGS_Slitter_diagnostic's Untap step
Phase: Ai(3)-GGS_Slitter_diagnostic's Upkeep step
Phase: Ai(3)-GGS_Slitter_diagnostic's Draw step
Phase: Ai(3)-GGS_Slitter_diagnostic's Main phase, precombat
Mana: Blood Crypt (268) - {T}: Add {R}.
Mana: Steam Vents (247) - {T}: Add {R}.
Add To Stack: Ai(3)-GGS_Slitter_diagnostic cast Determined Iteration
Resolve Stack: Determined Iteration
Phase: Ai(3)-GGS_Slitter_diagnostic's Beginning of Combat Step
Add To Stack: Ai(3)-GGS_Slitter_diagnostic triggered Determined Iteration
Resolve Stack: At the beginning of combat on your turn, populate. The token created this way gains haste. Sacrifice it at the beginning of the next end step. (To populate, create a token that's a copy of a creature token you control.) [Phase: Ai(3)-GGS_Slitter_diagnostic]
Add To Stack: Ai(3)-GGS_Slitter_diagnostic triggered Purphoros, God of the Forge
Damage: Purphoros, God of the Forge (265) deals 2 non-combat damage to Ai(2)-Destyn_Turtles.
Damage: Purphoros, God of the Forge (265) deals 2 non-combat damage to Ai(4)-Jaymie_Ezio.
Life: Life: Ai(2)-Destyn_Turtles 17 > 15
Life: Life: Ai(4)-Jaymie_Ezio 26 > 24
Resolve Stack: Whenever another creature you control enters, Purphoros, God of the Forge deals 2 damage to each opponent. [Zone Changer: Dragon Token (541)]
Phase: Ai(3)-GGS_Slitter_diagnostic's Declare Attackers Step
Combat: Ai(3)-GGS_Slitter_diagnostic assigned Dragon Token (541), Purphoros, God of the Forge (265), Draconic Visitor (217), Dragon Token (488), Goro-Goro and Satoru (302), Professional Face-Breaker (269) and Tetsuko Umezawa, Fugitive (277) to attack Ai(2)-Destyn_Turtles.
Mana: Vernal Fen (159) - {T}: Add {G}.
Mana: Rain-Slicked Copse (158) - {T}: Add {G}.
Zone Change: Food Token (414) was put into Graveyard from Battlefield.
Add To Stack: Ai(2)-Destyn_Turtles activated Food Token
Life: Life: Ai(2)-Destyn_Turtles 15 > 18
Resolve Stack: Food Token (414) - Ai(2)-Destyn_Turtles gains 3 life.
Add To Stack: Ai(2)-Destyn_Turtles activated Coin of Mastery
Resolve Stack: Coin of Mastery (122) - Ai(2)-Destyn_Turtles creates a Treasure token.
Add To Stack: Ai(2)-Destyn_Turtles triggered Leonardo, the Balance
Resolve Stack: Whenever a token you control enters, you may put a +1/+1 counter on each creature you control. Do this only once each turn. [Zone Changer: Treasure Token (553)]
Add To Stack: Ai(2)-Destyn_Turtles triggered Casey Jones, Back Alley Brute targeting [Ai(4)-Jaymie_Ezio]
Add To Stack: Ai(2)-Destyn_Turtles triggered Casey Jones, Back Alley Brute targeting [Ai(4)-Jaymie_Ezio]
Add To Stack: Ai(2)-Destyn_Turtles triggered Casey Jones, Back Alley Brute targeting [Ai(4)-Jaymie_Ezio]
Add To Stack: Ai(2)-Destyn_Turtles triggered Casey Jones, Back Alley Brute targeting [Ai(4)-Jaymie_Ezio]
Add To Stack: Ai(2)-Destyn_Turtles triggered Casey Jones, Back Alley Brute targeting [Ai(4)-Jaymie_Ezio]
Add To Stack: Ai(2)-Destyn_Turtles triggered Casey Jones, Back Alley Brute targeting [Ai(4)-Jaymie_Ezio]
Add To Stack: Ai(2)-Destyn_Turtles triggered Casey Jones, Back Alley Brute targeting [Ai(4)-Jaymie_Ezio]
Add To Stack: Ai(2)-Destyn_Turtles triggered Casey Jones, Back Alley Brute targeting [Ai(4)-Jaymie_Ezio]
Add To Stack: Ai(2)-Destyn_Turtles triggered Casey Jones, Back Alley Brute targeting [Ai(4)-Jaymie_Ezio]
Damage: Casey Jones, Back Alley Brute (107) deals 1 non-combat damage to Ai(4)-Jaymie_Ezio.
Life: Life: Ai(4)-Jaymie_Ezio 24 > 23
Resolve Stack: Whenever you put one or more +1/+1 counters on a creature you control, Casey Jones deals that much damage to target opponent. (Targeting: [[Ai(4)-Jaymie_Ezio]]) [Added once: Ooze Token (470) Amount: 1]
Damage: Casey Jones, Back Alley Brute (107) deals 1 non-combat damage to Ai(4)-Jaymie_Ezio.
Life: Life: Ai(4)-Jaymie_Ezio 23 > 22
Resolve Stack: Whenever you put one or more +1/+1 counters on a creature you control, Casey Jones deals that much damage to target opponent. (Targeting: [[Ai(4)-Jaymie_Ezio]]) [Added once: Biogenic Ooze (166) Amount: 1]
Damage: Casey Jones, Back Alley Brute (107) deals 1 non-combat damage to Ai(4)-Jaymie_Ezio.
Life: Life: Ai(4)-Jaymie_Ezio 22 > 21
Resolve Stack: Whenever you put one or more +1/+1 counters on a creature you control, Casey Jones deals that much damage to target opponent. (Targeting: [[Ai(4)-Jaymie_Ezio]]) [Added once: Rat Token (466) Amount: 1]
Damage: Casey Jones, Back Alley Brute (107) deals 1 non-combat damage to Ai(4)-Jaymie_Ezio.
Life: Life: Ai(4)-Jaymie_Ezio 21 > 20
Resolve Stack: Whenever you put one or more +1/+1 counters on a creature you control, Casey Jones deals that much damage to target opponent. (Targeting: [[Ai(4)-Jaymie_Ezio]]) [Added once: Rat Token (464) Amount: 1]
Damage: Casey Jones, Back Alley Brute (107) deals 1 non-combat damage to Ai(4)-Jaymie_Ezio.
Life: Life: Ai(4)-Jaymie_Ezio 20 > 19
Resolve Stack: Whenever you put one or more +1/+1 counters on a creature you control, Casey Jones deals that much damage to target opponent. (Targeting: [[Ai(4)-Jaymie_Ezio]]) [Added once: Rat Token (457) Amount: 1]
Damage: Casey Jones, Back Alley Brute (107) deals 1 non-combat damage to Ai(4)-Jaymie_Ezio.
Life: Life: Ai(4)-Jaymie_Ezio 19 > 18
Resolve Stack: Whenever you put one or more +1/+1 counters on a creature you control, Casey Jones deals that much damage to target opponent. (Targeting: [[Ai(4)-Jaymie_Ezio]]) [Added once: Leonardo, the Balance (202) Amount: 1]
Damage: Casey Jones, Back Alley Brute (107) deals 1 non-combat damage to Ai(4)-Jaymie_Ezio.
Life: Life: Ai(4)-Jaymie_Ezio 18 > 17
Resolve Stack: Whenever you put one or more +1/+1 counters on a creature you control, Casey Jones deals that much damage to target opponent. (Targeting: [[Ai(4)-Jaymie_Ezio]]) [Added once: Casey Jones, Back Alley Brute (107) Amount: 1]
Damage: Casey Jones, Back Alley Brute (107) deals 1 non-combat damage to Ai(4)-Jaymie_Ezio.
Life: Life: Ai(4)-Jaymie_Ezio 17 > 16
Resolve Stack: Whenever you put one or more +1/+1 counters on a creature you control, Casey Jones deals that much damage to target opponent. (Targeting: [[Ai(4)-Jaymie_Ezio]]) [Added once: Rat Token (443) Amount: 1]
Damage: Casey Jones, Back Alley Brute (107) deals 1 non-combat damage to Ai(4)-Jaymie_Ezio.
Life: Life: Ai(4)-Jaymie_Ezio 16 > 15
Resolve Stack: Whenever you put one or more +1/+1 counters on a creature you control, Casey Jones deals that much damage to target opponent. (Targeting: [[Ai(4)-Jaymie_Ezio]]) [Added once: Rat King, Pale Piper (144) Amount: 1]
Phase: Ai(3)-GGS_Slitter_diagnostic's Declare Blockers Step
Combat: Ai(2)-Destyn_Turtles didn't block Dragon Token (541).
Ai(2)-Destyn_Turtles assigned Rat Token (464) to block Purphoros, God of the Forge (265).
Ai(2)-Destyn_Turtles didn't block Draconic Visitor (217).
Ai(2)-Destyn_Turtles didn't block Dragon Token (488).
Ai(2)-Destyn_Turtles assigned Ooze Token (470) to block Goro-Goro and Satoru (302).
Ai(2)-Destyn_Turtles assigned Rat King, Pale Piper (144) and Rat Token (443) to block Professional Face-Breaker (269).
Ai(2)-Destyn_Turtles didn't block Tetsuko Umezawa, Fugitive (277).
Mana: Xander's Lounge (288) - {T}: Add {R}.
Mana: Undercity Sewers (205) - {T}: Add {B}.
Mana: Talisman of Creativity (251) - {T}: Add {C}.
Add To Stack: Ai(3)-GGS_Slitter_diagnostic activated Purphoros, God of the Forge
Resolve Stack: Purphoros, God of the Forge (265) - Creatures you control get +1/+0 until end of turn.
Phase: Ai(3)-GGS_Slitter_diagnostic's First Strike Damage Step
Phase: Ai(3)-GGS_Slitter_diagnostic's Combat Damage Step
Damage: Dragon Token (541) deals 6 combat damage to Ai(2)-Destyn_Turtles.
Damage: Purphoros, God of the Forge (265) deals 7 damage to Rat Token (464).
Damage: Draconic Visitor (217) deals 6 combat damage to Ai(2)-Destyn_Turtles.
Damage: Dragon Token (488) deals 6 combat damage to Ai(2)-Destyn_Turtles.
Damage: Goro-Goro and Satoru (302) deals 4 damage to Ooze Token (470).
Damage: Professional Face-Breaker (269) deals 3 damage to Rat Token (443).
Damage: Tetsuko Umezawa, Fugitive (277) deals 2 combat damage to Ai(2)-Destyn_Turtles.
Damage: Ooze Token (470) deals 5 damage to Goro-Goro and Satoru (302).
Damage: Rat Token (464) deals 2 damage to Purphoros, God of the Forge (265).
Damage: Rat King, Pale Piper (144) deals 5 damage to Professional Face-Breaker (269).
Damage: Rat Token (443) deals 3 damage to Professional Face-Breaker (269).
Life: Life: Ai(2)-Destyn_Turtles 18 > -2
Zone Change: Goro-Goro and Satoru (302) was put into Graveyard from Battlefield.
Zone Change: Professional Face-Breaker (269) was put into Graveyard from Battlefield.
Add To Stack: Ai(3)-GGS_Slitter_diagnostic triggered Goro-Goro and Satoru
Add To Stack: Ai(3)-GGS_Slitter_diagnostic triggered Professional Face-Breaker
Add To Stack: Ai(4)-Jaymie_Ezio triggered Mari, the Killing Quill
Add To Stack: Ai(4)-Jaymie_Ezio triggered Mari, the Killing Quill
Resolve Stack: Whenever a creature an opponent controls dies, exile it with a hit counter on it. [Zone Changer: Professional Face-Breaker (269)]
Resolve Stack: Whenever a creature an opponent controls dies, exile it with a hit counter on it. [Zone Changer: Goro-Goro and Satoru (302)]
Replacement Effect: If one or more artifact tokens would be created under your control, that many 5/5 red Dragon creature tokens with flying are created instead.
Resolve Stack: Whenever one or more creatures you control deal combat damage to a player, create a Treasure token. [Damaged: Ai(2)-Destyn_Turtles, Amount: 20]
Add To Stack: Ai(3)-GGS_Slitter_diagnostic triggered Purphoros, God of the Forge
Damage: Purphoros, God of the Forge (265) deals 2 non-combat damage to Ai(4)-Jaymie_Ezio.
Life: Life: Ai(4)-Jaymie_Ezio 15 > 13
Resolve Stack: Whenever another creature you control enters, Purphoros, God of the Forge deals 2 damage to each opponent. [Zone Changer: Dragon Token (564)]
Resolve Stack: Whenever one or more creatures you control that entered this turn deal combat damage to a player, create a 5/5 red Dragon Spirit creature token with flying. [Damaged: Ai(2)-Destyn_Turtles, Amount: 6]
Add To Stack: Ai(3)-GGS_Slitter_diagnostic triggered Purphoros, God of the Forge
Damage: Purphoros, God of the Forge (265) deals 2 non-combat damage to Ai(4)-Jaymie_Ezio.
Life: Life: Ai(4)-Jaymie_Ezio 13 > 11
Resolve Stack: Whenever another creature you control enters, Purphoros, God of the Forge deals 2 damage to each opponent. [Zone Changer: Dragon Spirit Token (566)]
Phase: Ai(3)-GGS_Slitter_diagnostic's End of Combat Step
Phase: Ai(3)-GGS_Slitter_diagnostic's Main phase, postcombat
Phase: Ai(3)-GGS_Slitter_diagnostic's End step
Add To Stack: Ai(3)-GGS_Slitter_diagnostic triggered Determined Iteration
Zone Change: Dragon Token (541) was put into Graveyard from Battlefield.
Resolve Stack: Sacrifice Dragon Token (541) at the beginning of the next end step. ([Dragon Token (541)]) [Phase: Ai(3)-GGS_Slitter_diagnostic]
Add To Stack: Ai(4)-Jaymie_Ezio triggered Mari, the Killing Quill
Resolve Stack: Whenever a creature an opponent controls dies, exile it with a hit counter on it. [Zone Changer: Dragon Token (541)]
Phase: Ai(3)-GGS_Slitter_diagnostic's Cleanup step
Turn: Turn 36 (Ai(4)-Jaymie_Ezio)
Phase: Ai(4)-Jaymie_Ezio's Untap step
Phase: Ai(4)-Jaymie_Ezio's Upkeep step
Phase: Ai(4)-Jaymie_Ezio's Draw step
Phase: Ai(4)-Jaymie_Ezio's Main phase, precombat
Mana: Island (336) - {T}: Add {U}.
Mana: Plains (392) - {T}: Add {W}.
Mana: Plains (393) - {T}: Add {W}.
Add To Stack: Ai(4)-Jaymie_Ezio cast 
Resolve Stack: Disguise - Creature 2/2
Mana: Cinder Glade (321) - {T}: Add {G}.
Mana: Submerged Boneyard (333) - {T}: Add {U} or {B}.
Resolve Stack: Ai(4)-Jaymie_Ezio has undisguised Aveline de Grandpré
Phase: Ai(4)-Jaymie_Ezio's Beginning of Combat Step
Phase: Ai(4)-Jaymie_Ezio's Declare Attackers Step
Phase: Ai(4)-Jaymie_Ezio's Declare Blockers Step
Phase: Ai(4)-Jaymie_Ezio's First Strike Damage Step
Phase: Ai(4)-Jaymie_Ezio's Combat Damage Step
Phase: Ai(4)-Jaymie_Ezio's End of Combat Step
Phase: Ai(4)-Jaymie_Ezio's Main phase, postcombat
Mana: Smoldering Marsh (374) - {T}: Add {B}.
Mana: Boros Garrison (383) - {T}: Add {R}{W}.
Mana: Path of Ancestry (311) - {T}: Add one mana of any color in your commander's color identity. When that mana is spent to cast a creature spell that shares a creature type with your commander, scry 1. (Look at the top card of your library. You may put that card on the bottom.)
Add To Stack: Ai(4)-Jaymie_Ezio cast Ezio Auditore da Firenze
Add To Stack: Ai(4)-Jaymie_Ezio triggered Path of Ancestry
Resolve Stack: Ai(4)-Jaymie_Ezio scried 1 card(s) to the bottom of the library
Resolve Stack: When mana produced by Path of Ancestry is spent to cast a creature spell that shares a creature type with your commander, scry 1. ([Ezio Auditore da Firenze - Creature 3 / 2]) [Card: Ezio Auditore da Firenze (403), Activator: Ai(4)-Jaymie_Ezio, SpellAbility: Ezio Auditore da Firenze - Creature 3 / 2]
Resolve Stack: Ezio Auditore da Firenze - Creature 3 / 2
Phase: Ai(4)-Jaymie_Ezio's End step
Phase: Ai(4)-Jaymie_Ezio's Cleanup step
Turn: Turn 37 (Ai(3)-GGS_Slitter_diagnostic)
Phase: Ai(3)-GGS_Slitter_diagnostic's Untap step
Phase: Ai(3)-GGS_Slitter_diagnostic's Upkeep step
Phase: Ai(3)-GGS_Slitter_diagnostic's Draw step
Phase: Ai(3)-GGS_Slitter_diagnostic's Main phase, precombat
Mana: Blood Crypt (268) - {T}: Add {R}.
Mana: Steam Vents (247) - {T}: Add {R}.
Mana: Undercity Sewers (205) - {T}: Add {B}.
Mana: Xander's Lounge (288) - {T}: Add {R}.
Mana: Talisman of Creativity (251) - {T}: Add {C}.
Add To Stack: Ai(3)-GGS_Slitter_diagnostic cast Port Razer
Resolve Stack: Port Razer - Creature 4 / 4
Add To Stack: Ai(3)-GGS_Slitter_diagnostic triggered Purphoros, God of the Forge
Damage: Purphoros, God of the Forge (265) deals 2 non-combat damage to Ai(4)-Jaymie_Ezio.
Life: Life: Ai(4)-Jaymie_Ezio 11 > 9
Resolve Stack: Whenever another creature you control enters, Purphoros, God of the Forge deals 2 damage to each opponent. [Zone Changer: Port Razer (239)]
Phase: Ai(3)-GGS_Slitter_diagnostic's Beginning of Combat Step
Add To Stack: Ai(3)-GGS_Slitter_diagnostic triggered Determined Iteration
Resolve Stack: At the beginning of combat on your turn, populate. The token created this way gains haste. Sacrifice it at the beginning of the next end step. (To populate, create a token that's a copy of a creature token you control.) [Phase: Ai(3)-GGS_Slitter_diagnostic]
Add To Stack: Ai(3)-GGS_Slitter_diagnostic triggered Purphoros, God of the Forge
Damage: Purphoros, God of the Forge (265) deals 2 non-combat damage to Ai(4)-Jaymie_Ezio.
Life: Life: Ai(4)-Jaymie_Ezio 9 > 7
Resolve Stack: Whenever another creature you control enters, Purphoros, God of the Forge deals 2 damage to each opponent. [Zone Changer: Dragon Token (568)]
Phase: Ai(3)-GGS_Slitter_diagnostic's Declare Attackers Step
Combat: Ai(3)-GGS_Slitter_diagnostic assigned Dragon Token (568), Purphoros, God of the Forge (265), Draconic Visitor (217), Dragon Token (488), Dragon Token (564), Dragon Spirit Token (566) and Tetsuko Umezawa, Fugitive (277) to attack Ai(4)-Jaymie_Ezio.
Phase: Ai(3)-GGS_Slitter_diagnostic's Declare Blockers Step
Combat: Ai(4)-Jaymie_Ezio didn't block Dragon Token (568).
Ai(4)-Jaymie_Ezio assigned Jacob Frye (365) to block Purphoros, God of the Forge (265).
Ai(4)-Jaymie_Ezio didn't block Draconic Visitor (217).
Ai(4)-Jaymie_Ezio didn't block Dragon Token (488).
Ai(4)-Jaymie_Ezio didn't block Dragon Token (564).
Ai(4)-Jaymie_Ezio didn't block Dragon Spirit Token (566).
Ai(4)-Jaymie_Ezio didn't block Tetsuko Umezawa, Fugitive (277).
Phase: Ai(3)-GGS_Slitter_diagnostic's First Strike Damage Step
Phase: Ai(3)-GGS_Slitter_diagnostic's Combat Damage Step
Damage: Dragon Token (568) deals 5 combat damage to Ai(4)-Jaymie_Ezio.
Damage: Purphoros, God of the Forge (265) deals 6 damage to Jacob Frye (365).
Damage: Draconic Visitor (217) deals 5 combat damage to Ai(4)-Jaymie_Ezio.
Damage: Dragon Token (488) deals 5 combat damage to Ai(4)-Jaymie_Ezio.
Damage: Dragon Token (564) deals 5 combat damage to Ai(4)-Jaymie_Ezio.
Damage: Dragon Spirit Token (566) deals 5 combat damage to Ai(4)-Jaymie_Ezio.
Damage: Tetsuko Umezawa, Fugitive (277) deals 1 combat damage to Ai(4)-Jaymie_Ezio.
Damage: Jacob Frye (365) deals 3 damage (Deathtouch) to Purphoros, God of the Forge (265).
Life: Life: Ai(4)-Jaymie_Ezio 7 > -19
Player Control: Ai(1)-Gabe_Food has restored control over themself
Player Control: Ai(2)-Destyn_Turtles has restored control over themself
Player Control: Ai(3)-GGS_Slitter_diagnostic has restored control over themself
Player Control: Ai(4)-Jaymie_Ezio has restored control over themself
Game Outcome: Match Duration 1m : 27s
Game Outcome: Turn 19
Game Outcome: Ai(1)-Gabe_Food has lost because life total reached 0
Game Outcome: Ai(2)-Destyn_Turtles has lost because life total reached 0
Game Outcome: Ai(3)-GGS_Slitter_diagnostic has won because all opponents have lost
Game Outcome: Ai(4)-Jaymie_Ezio has lost because life total reached 0
Match Result: Ai(1)-Gabe_Food: 0 Ai(2)-Destyn_Turtles: 0 Ai(3)-GGS_Slitter_diagnostic: 1 Ai(4)-Jaymie_Ezio: 0 

Game Result: Game 1 ended in 89383 ms. Ai(3)-GGS_Slitter_diagnostic has won!

