Error handling registered!
20:42:39 [INFO ] GuiBase: ##########################################
20:42:39 [INFO ] GuiBase: APP: Forge v.2.0.15-SNAPSHOT-09.28
20:42:39 [INFO ] GuiBase: Java: 17.0.20 (Ubuntu)
20:42:39 [INFO ] GuiBase: OS: Linux 6.18.44 amd64
20:42:39 [INFO ] GuiBase: RAM: 1536 MB max, 8 CPUs
20:42:39 [INFO ] GuiBase: ##########################################
Language 'en-US' loaded successfully.
(ThreadUtil first call): Running with priority 5
Read cards: 34010 archived files in 1 ms (25 parts) using thread pool
Upcoming set Star Trek (TRK) dated in the future. All `upcoming` cards will be added to this set with unknown rarity.
The card A-Alrund's Epiphany was not assigned to any set. Adding it to UNKNOWN set... to fix see res/editions/ folder. 
The card A-Baba Lysaga, Night Witch was not assigned to any set. Adding it to UNKNOWN set... to fix see res/editions/ folder. 
The card A-Divide by Zero was not assigned to any set. Adding it to UNKNOWN set... to fix see res/editions/ folder. 
The card A-Esika's Chariot was not assigned to any set. Adding it to UNKNOWN set... to fix see res/editions/ folder. 
The card A-Faceless Haven was not assigned to any set. Adding it to UNKNOWN set... to fix see res/editions/ folder. 
The card A-Fires of Invention was not assigned to any set. Adding it to UNKNOWN set... to fix see res/editions/ folder. 
The card A-Goldspan Dragon was not assigned to any set. Adding it to UNKNOWN set... to fix see res/editions/ folder. 
The card A-Hullbreaker Horror was not assigned to any set. Adding it to UNKNOWN set... to fix see res/editions/ folder. 
The card A-Kumano Faces Kakkazan was not assigned to any set. Adding it to UNKNOWN set... to fix see res/editions/ folder. 
The card A-Luminarch Aspirant was not assigned to any set. Adding it to UNKNOWN set... to fix see res/editions/ folder. 
The card A-Monster Manual was not assigned to any set. Adding it to UNKNOWN set... to fix see res/editions/ folder. 
The card A-Omnath, Locus of Creation was not assigned to any set. Adding it to UNKNOWN set... to fix see res/editions/ folder. 
The card A-The Meathook Massacre was not assigned to any set. Adding it to UNKNOWN set... to fix see res/editions/ folder. 
The card A-Unholy Heat was not assigned to any set. Adding it to UNKNOWN set... to fix see res/editions/ folder. 
The card Blinding Radiance was not assigned to any set. Adding it to UNKNOWN set... to fix see res/editions/ folder. 
The card Goblin Bruiser was not assigned to any set. Adding it to UNKNOWN set... to fix see res/editions/ folder. 
The card Ogre Painbringer was not assigned to any set. Adding it to UNKNOWN set... to fix see res/editions/ folder. 
The card Titanic Pelagosaur was not assigned to any set. Adding it to UNKNOWN set... to fix see res/editions/ folder. 
The card Treetop Recluse was not assigned to any set. Adding it to UNKNOWN set... to fix see res/editions/ folder. 
Upcoming set Star Trek (TRK) dated in the future. All `upcoming` cards will be added to this set with unknown rarity.
Read cards: 854 files in 0 ms (8 parts) using thread pool
Simulation mode
Ai(1)-Destyn_Turtles vs Ai(2)-GGS_Naga_diagnostic vs Ai(3)-Jaymie_Ezio vs Ai(4)-Gabe_Food - one game of Commander seed 20260930
Warning: default (ie. inherited from base class) implementation of confirmAction is used by Leonardo, the Balance for forge.ai.ability.PermanentCreatureAi. Consider declaring an overloaded method
Warning: default (ie. inherited from base class) implementation of confirmAction is used by Goro-Goro and Satoru for forge.ai.ability.PermanentCreatureAi. Consider declaring an overloaded method
Warning: default (ie. inherited from base class) implementation of confirmAction is used by Ezio Auditore da Firenze for forge.ai.ability.PermanentCreatureAi. Consider declaring an overloaded method
Warning: default (ie. inherited from base class) implementation of confirmAction is used by Ezio Auditore da Firenze for forge.ai.ability.PermanentCreatureAi. Consider declaring an overloaded method
Warning: default (ie. inherited from base class) implementation of confirmAction is used by Ezio Auditore da Firenze for forge.ai.ability.PermanentCreatureAi. Consider declaring an overloaded method
Warning: default (ie. inherited from base class) implementation of confirmAction is used by Goro-Goro and Satoru for forge.ai.ability.PermanentCreatureAi. Consider declaring an overloaded method
Warning: default (ie. inherited from base class) implementation of confirmAction is used by Michelangelo, the Heart for forge.ai.ability.PermanentCreatureAi. Consider declaring an overloaded method
Stopping slow match as draw
Mulligan: Ai(2)-GGS_Naga_diagnostic has mulliganed down to 7 cards.
Mulligan: Ai(4)-Gabe_Food has kept a hand of 7 cards
Mulligan: Ai(1)-Destyn_Turtles has kept a hand of 7 cards
Mulligan: Ai(2)-GGS_Naga_diagnostic has kept a hand of 7 cards
Mulligan: Ai(3)-Jaymie_Ezio has kept a hand of 7 cards
Turn: Turn 1 (Ai(4)-Gabe_Food)
Phase: Ai(4)-Gabe_Food's Untap step
Phase: Ai(4)-Gabe_Food's Upkeep step
Phase: Ai(4)-Gabe_Food's Draw step
Phase: Ai(4)-Gabe_Food's Main phase, precombat
Land: Ai(4)-Gabe_Food played Swamp (365)
Phase: Ai(4)-Gabe_Food's Beginning of Combat Step
Phase: Ai(4)-Gabe_Food's Declare Attackers Step
Phase: Ai(4)-Gabe_Food's Declare Blockers Step
Phase: Ai(4)-Gabe_Food's First Strike Damage Step
Phase: Ai(4)-Gabe_Food's Combat Damage Step
Phase: Ai(4)-Gabe_Food's End of Combat Step
Phase: Ai(4)-Gabe_Food's Main phase, postcombat
Phase: Ai(4)-Gabe_Food's End step
Phase: Ai(4)-Gabe_Food's Cleanup step
Turn: Turn 2 (Ai(1)-Destyn_Turtles)
Phase: Ai(1)-Destyn_Turtles' Untap step
Phase: Ai(1)-Destyn_Turtles' Upkeep step
Phase: Ai(1)-Destyn_Turtles' Draw step
Phase: Ai(1)-Destyn_Turtles' Main phase, precombat
Replacement Effect: Sunken Hollow enters tapped unless you control two or more basic lands.
Land: Ai(1)-Destyn_Turtles played Sunken Hollow (24)
Phase: Ai(1)-Destyn_Turtles' Beginning of Combat Step
Phase: Ai(1)-Destyn_Turtles' Declare Attackers Step
Phase: Ai(1)-Destyn_Turtles' Declare Blockers Step
Phase: Ai(1)-Destyn_Turtles' First Strike Damage Step
Phase: Ai(1)-Destyn_Turtles' Combat Damage Step
Phase: Ai(1)-Destyn_Turtles' End of Combat Step
Phase: Ai(1)-Destyn_Turtles' Main phase, postcombat
Phase: Ai(1)-Destyn_Turtles' End step
Phase: Ai(1)-Destyn_Turtles' Cleanup step
Turn: Turn 3 (Ai(2)-GGS_Naga_diagnostic)
Phase: Ai(2)-GGS_Naga_diagnostic's Untap step
Phase: Ai(2)-GGS_Naga_diagnostic's Upkeep step
Phase: Ai(2)-GGS_Naga_diagnostic's Draw step
Phase: Ai(2)-GGS_Naga_diagnostic's Main phase, precombat
Land: Ai(2)-GGS_Naga_diagnostic played Mana Confluence (146)
Phase: Ai(2)-GGS_Naga_diagnostic's Beginning of Combat Step
Phase: Ai(2)-GGS_Naga_diagnostic's Declare Attackers Step
Phase: Ai(2)-GGS_Naga_diagnostic's Declare Blockers Step
Phase: Ai(2)-GGS_Naga_diagnostic's First Strike Damage Step
Phase: Ai(2)-GGS_Naga_diagnostic's Combat Damage Step
Phase: Ai(2)-GGS_Naga_diagnostic's End of Combat Step
Phase: Ai(2)-GGS_Naga_diagnostic's Main phase, postcombat
Life: Life: Ai(2)-GGS_Naga_diagnostic 40 > 39
java.lang.InterruptedException
	at java.base/java.util.concurrent.FutureTask.awaitDone(FutureTask.java:418)
	at java.base/java.util.concurrent.FutureTask.get(FutureTask.java:203)
	at forge.ai.AiController.chooseSpellAbilityToPlayFromList(AiController.java:1686)
	at forge.ai.AiController.getSpellAbilityToPlay(AiController.java:1577)
	at forge.ai.AiController.chooseSpellAbilityToPlay(AiController.java:1397)
	at forge.ai.PlayerControllerAi.chooseSpellAbilityToPlay(PlayerControllerAi.java:833)
	at forge.game.phase.PhaseHandler.mainLoopStep(PhaseHandler.java:1056)
	at forge.game.phase.PhaseHandler.mainGameLoop(PhaseHandler.java:1035)
	at forge.game.phase.PhaseHandler.startFirstTurn(PhaseHandler.java:1029)
	at forge.game.GameAction.startGame(GameAction.java:2373)
	at forge.game.Match.startGame(Match.java:92)
	at forge.game.Match.startGame(Match.java:77)
	at forge.view.SimulateMatch.lambda$simulateSingleMatch$0(SimulateMatch.java:219)
	at forge.view.TimeLimitedCodeBlock.lambda$runWithTimeout$0(TimeLimitedCodeBlock.java:18)
	at java.base/java.util.concurrent.FutureTask.run(FutureTask.java:264)
	at java.base/java.util.concurrent.ThreadPoolExecutor.runWorker(ThreadPoolExecutor.java:1136)
	at java.base/java.util.concurrent.ThreadPoolExecutor$Worker.run(ThreadPoolExecutor.java:635)
	at java.base/java.lang.Thread.run(Thread.java:840)
Mana: Mana Confluence (146) - {T}, Pay 1 life: Add one mana of any color.
Add To Stack: Ai(2)-GGS_Naga_diagnostic cast Sol Ring
Resolve Stack: Sol Ring
Mana: Sol Ring (141) - {T}: Add {C}{C}.
Add To Stack: Ai(2)-GGS_Naga_diagnostic cast Talisman of Indulgence
Resolve Stack: Talisman of Indulgence
Phase: Ai(2)-GGS_Naga_diagnostic's End step
Phase: Ai(2)-GGS_Naga_diagnostic's Cleanup step
Turn: Turn 4 (Ai(3)-Jaymie_Ezio)
Phase: Ai(3)-Jaymie_Ezio's Untap step
Phase: Ai(3)-Jaymie_Ezio's Upkeep step
Phase: Ai(3)-Jaymie_Ezio's Draw step
Phase: Ai(3)-Jaymie_Ezio's Main phase, precombat
Land: Ai(3)-Jaymie_Ezio played Command Tower (234)
Phase: Ai(3)-Jaymie_Ezio's Beginning of Combat Step
Phase: Ai(3)-Jaymie_Ezio's Declare Attackers Step
Phase: Ai(3)-Jaymie_Ezio's Declare Blockers Step
Phase: Ai(3)-Jaymie_Ezio's First Strike Damage Step
Phase: Ai(3)-Jaymie_Ezio's Combat Damage Step
Phase: Ai(3)-Jaymie_Ezio's End of Combat Step
Phase: Ai(3)-Jaymie_Ezio's Main phase, postcombat
Phase: Ai(3)-Jaymie_Ezio's End step
Phase: Ai(3)-Jaymie_Ezio's Cleanup step
Turn: Turn 5 (Ai(4)-Gabe_Food)
Phase: Ai(4)-Gabe_Food's Untap step
Phase: Ai(4)-Gabe_Food's Upkeep step
Phase: Ai(4)-Gabe_Food's Draw step
Phase: Ai(4)-Gabe_Food's Main phase, precombat
Land: Ai(4)-Gabe_Food played Rogue's Passage (331)
Phase: Ai(4)-Gabe_Food's Beginning of Combat Step
Phase: Ai(4)-Gabe_Food's Declare Attackers Step
Phase: Ai(4)-Gabe_Food's Declare Blockers Step
Phase: Ai(4)-Gabe_Food's First Strike Damage Step
Phase: Ai(4)-Gabe_Food's Combat Damage Step
Phase: Ai(4)-Gabe_Food's End of Combat Step
Phase: Ai(4)-Gabe_Food's Main phase, postcombat
Phase: Ai(4)-Gabe_Food's End step
Phase: Ai(4)-Gabe_Food's Cleanup step
Turn: Turn 6 (Ai(1)-Destyn_Turtles)
Phase: Ai(1)-Destyn_Turtles' Untap step
Phase: Ai(1)-Destyn_Turtles' Upkeep step
Phase: Ai(1)-Destyn_Turtles' Draw step
Phase: Ai(1)-Destyn_Turtles' Main phase, precombat
Replacement Effect: Path of Ancestry enters tapped.
Land: Ai(1)-Destyn_Turtles played Path of Ancestry (12)
Phase: Ai(1)-Destyn_Turtles' Beginning of Combat Step
Phase: Ai(1)-Destyn_Turtles' Declare Attackers Step
Phase: Ai(1)-Destyn_Turtles' Declare Blockers Step
Phase: Ai(1)-Destyn_Turtles' First Strike Damage Step
Phase: Ai(1)-Destyn_Turtles' Combat Damage Step
Phase: Ai(1)-Destyn_Turtles' End of Combat Step
Phase: Ai(1)-Destyn_Turtles' Main phase, postcombat
Phase: Ai(1)-Destyn_Turtles' End step
Phase: Ai(1)-Destyn_Turtles' Cleanup step
Turn: Turn 7 (Ai(2)-GGS_Naga_diagnostic)
Phase: Ai(2)-GGS_Naga_diagnostic's Untap step
Phase: Ai(2)-GGS_Naga_diagnostic's Upkeep step
Phase: Ai(2)-GGS_Naga_diagnostic's Draw step
Phase: Ai(2)-GGS_Naga_diagnostic's Main phase, precombat
Land: Ai(2)-GGS_Naga_diagnostic played Misty Rainforest (116)
Life: Life: Ai(2)-GGS_Naga_diagnostic 39 > 38
Zone Change: Misty Rainforest (116) was put into Graveyard from Battlefield.
Add To Stack: Ai(2)-GGS_Naga_diagnostic activated Misty Rainforest
Replacement Effect: Xander's Lounge enters tapped.
Resolve Stack: Misty Rainforest (116) - Ai(2)-GGS_Naga_diagnostic searches their library for a Forest or Island card, puts it onto the battlefield, then shuffles.
Phase: Ai(2)-GGS_Naga_diagnostic's Beginning of Combat Step
Phase: Ai(2)-GGS_Naga_diagnostic's Declare Attackers Step
Phase: Ai(2)-GGS_Naga_diagnostic's Declare Blockers Step
Phase: Ai(2)-GGS_Naga_diagnostic's First Strike Damage Step
Phase: Ai(2)-GGS_Naga_diagnostic's Combat Damage Step
Phase: Ai(2)-GGS_Naga_diagnostic's End of Combat Step
Phase: Ai(2)-GGS_Naga_diagnostic's Main phase, postcombat
Life: Life: Ai(2)-GGS_Naga_diagnostic 38 > 37
Mana: Mana Confluence (146) - {T}, Pay 1 life: Add one mana of any color.
Mana: Sol Ring (141) - {T}: Add {C}{C}.
Add To Stack: Ai(2)-GGS_Naga_diagnostic cast Prosperous Thief
Resolve Stack: Prosperous Thief - Creature 3 / 2
Mana: Command Tower (234) - {T}: Add one mana of any color in your commander's color identity.
Add To Stack: Ai(3)-Jaymie_Ezio cast Swords to Plowshares targeting [Prosperous Thief (128)]
Zone Change: Prosperous Thief (128) was put into Exile from Battlefield.
Life: Life: Ai(2)-GGS_Naga_diagnostic 37 > 40
Resolve Stack: Swords to Plowshares (285) - Exile Prosperous Thief (128). Ai(2)-GGS_Naga_diagnostic gains life equal to its power.
Phase: Ai(2)-GGS_Naga_diagnostic's End step
Phase: Ai(2)-GGS_Naga_diagnostic's Cleanup step
Turn: Turn 8 (Ai(3)-Jaymie_Ezio)
Phase: Ai(3)-Jaymie_Ezio's Untap step
Phase: Ai(3)-Jaymie_Ezio's Upkeep step
Phase: Ai(3)-Jaymie_Ezio's Draw step
Phase: Ai(3)-Jaymie_Ezio's Main phase, precombat
Land: Ai(3)-Jaymie_Ezio played Twilight Mire (271)
Phase: Ai(3)-Jaymie_Ezio's Beginning of Combat Step
Phase: Ai(3)-Jaymie_Ezio's Declare Attackers Step
Phase: Ai(3)-Jaymie_Ezio's Declare Blockers Step
Phase: Ai(3)-Jaymie_Ezio's First Strike Damage Step
Phase: Ai(3)-Jaymie_Ezio's Combat Damage Step
Phase: Ai(3)-Jaymie_Ezio's End of Combat Step
Phase: Ai(3)-Jaymie_Ezio's Main phase, postcombat
Mana: Command Tower (234) - {T}: Add one mana of any color in your commander's color identity.
Mana: Twilight Mire (271) - {T}: Add {C}.
Add To Stack: Ai(3)-Jaymie_Ezio cast Ezio Auditore da Firenze
Resolve Stack: Ezio Auditore da Firenze - Creature 3 / 2
Phase: Ai(3)-Jaymie_Ezio's End step
Phase: Ai(3)-Jaymie_Ezio's Cleanup step
Turn: Turn 9 (Ai(4)-Gabe_Food)
Phase: Ai(4)-Gabe_Food's Untap step
Phase: Ai(4)-Gabe_Food's Upkeep step
Phase: Ai(4)-Gabe_Food's Draw step
Phase: Ai(4)-Gabe_Food's Main phase, precombat
Land: Ai(4)-Gabe_Food played Plains (392)
Phase: Ai(4)-Gabe_Food's Beginning of Combat Step
Phase: Ai(4)-Gabe_Food's Declare Attackers Step
Phase: Ai(4)-Gabe_Food's Declare Blockers Step
Phase: Ai(4)-Gabe_Food's First Strike Damage Step
Phase: Ai(4)-Gabe_Food's Combat Damage Step
Phase: Ai(4)-Gabe_Food's End of Combat Step
Phase: Ai(4)-Gabe_Food's Main phase, postcombat
Mana: Plains (392) - {T}: Add {W}.
Mana: Swamp (365) - {T}: Add {B}.
Add To Stack: Ai(4)-Gabe_Food cast Frodo, Adventurous Hobbit
Resolve Stack: Frodo, Adventurous Hobbit - Creature 1 / 3
Add To Stack: Ai(4)-Gabe_Food triggered Frodo, Adventurous Hobbit targeting [Ai(4)-Gabe_Food]
Resolve Stack: Partner with Sam, Loyal Attendant (When this creature enters, target player may put Sam into their hand from their library, then shuffle.) (Targeting: [[Ai(4)-Gabe_Food]]) [Zone Changer: Frodo, Adventurous Hobbit (402)]
Phase: Ai(4)-Gabe_Food's End step
Phase: Ai(4)-Gabe_Food's Cleanup step
Turn: Turn 10 (Ai(1)-Destyn_Turtles)
Phase: Ai(1)-Destyn_Turtles' Untap step
Phase: Ai(1)-Destyn_Turtles' Upkeep step
Phase: Ai(1)-Destyn_Turtles' Draw step
Phase: Ai(1)-Destyn_Turtles' Main phase, precombat
Replacement Effect: Hinterland Harbor enters tapped unless you control a Forest or an Island.
Land: Ai(1)-Destyn_Turtles played Hinterland Harbor (23)
Phase: Ai(1)-Destyn_Turtles' Beginning of Combat Step
Phase: Ai(1)-Destyn_Turtles' Declare Attackers Step
Phase: Ai(1)-Destyn_Turtles' Declare Blockers Step
Phase: Ai(1)-Destyn_Turtles' First Strike Damage Step
Phase: Ai(1)-Destyn_Turtles' Combat Damage Step
Phase: Ai(1)-Destyn_Turtles' End of Combat Step
Phase: Ai(1)-Destyn_Turtles' Main phase, postcombat
Mana: Hinterland Harbor (23) - {T}: Add {G} or {U}.
Mana: Sunken Hollow (24) - {T}: Add {B}.
Mana: Path of Ancestry (12) - {T}: Add one mana of any color in your commander's color identity. When that mana is spent to cast a creature spell that shares a creature type with your commander, scry 1. (Look at the top card of your library. You may put that card on the bottom.)
Add To Stack: Ai(1)-Destyn_Turtles cast Mona Lisa, Science Geek
Add To Stack: Ai(1)-Destyn_Turtles triggered Path of Ancestry
Resolve Stack: Ai(1)-Destyn_Turtles scried 1 card(s) to the bottom of the library
Resolve Stack: When mana produced by Path of Ancestry is spent to cast a creature spell that shares a creature type with your commander, scry 1. ([Mona Lisa, Science Geek - Creature 1 / 3]) [Card: Mona Lisa, Science Geek (61), Activator: Ai(1)-Destyn_Turtles, SpellAbility: Mona Lisa, Science Geek - Creature 1 / 3]
Resolve Stack: Mona Lisa, Science Geek - Creature 1 / 3
Phase: Ai(1)-Destyn_Turtles' End step
Phase: Ai(1)-Destyn_Turtles' Cleanup step
Turn: Turn 11 (Ai(2)-GGS_Naga_diagnostic)
Phase: Ai(2)-GGS_Naga_diagnostic's Untap step
Phase: Ai(2)-GGS_Naga_diagnostic's Upkeep step
Phase: Ai(2)-GGS_Naga_diagnostic's Draw step
Phase: Ai(2)-GGS_Naga_diagnostic's Main phase, precombat
Land: Ai(2)-GGS_Naga_diagnostic played Polluted Delta (113)
Life: Life: Ai(2)-GGS_Naga_diagnostic 40 > 39
Zone Change: Polluted Delta (113) was put into Graveyard from Battlefield.
Add To Stack: Ai(2)-GGS_Naga_diagnostic activated Polluted Delta
Replacement Effect: As Watery Grave enters, you may pay 2 life. If you don't, it enters tapped.
Resolve Stack: Polluted Delta (113) - Ai(2)-GGS_Naga_diagnostic searches their library for an Island or Swamp card, puts it onto the battlefield, then shuffles.
Mana: Xander's Lounge (186) - {T}: Add {R}.
Damage: Talisman of Indulgence (114) deals 1 non-combat damage to Ai(2)-GGS_Naga_diagnostic.
Life: Life: Ai(2)-GGS_Naga_diagnostic 39 > 38
Mana: Talisman of Indulgence (114) - {T}: Add {B} or {R}. Talisman of Indulgence deals 1 damage to you. 
Mana: Sol Ring (141) - {T}: Add {C}{C}.
Life: Life: Ai(2)-GGS_Naga_diagnostic 38 > 37
Mana: Mana Confluence (146) - {T}, Pay 1 life: Add one mana of any color.
Add To Stack: Ai(2)-GGS_Naga_diagnostic cast Goldspan Dragon
Resolve Stack: Goldspan Dragon - Creature 4 / 4
Phase: Ai(2)-GGS_Naga_diagnostic's Beginning of Combat Step
Phase: Ai(2)-GGS_Naga_diagnostic's Declare Attackers Step
Combat: Ai(2)-GGS_Naga_diagnostic assigned Goldspan Dragon (103) to attack Ai(4)-Gabe_Food.
Add To Stack: Ai(2)-GGS_Naga_diagnostic triggered Goldspan Dragon
Resolve Stack: Whenever Goldspan Dragon attacks or becomes the target of a spell, create a Treasure token. [Attacker: Goldspan Dragon (103)]
Phase: Ai(2)-GGS_Naga_diagnostic's Declare Blockers Step
Combat: Ai(4)-Gabe_Food didn't block Goldspan Dragon (103).
Phase: Ai(2)-GGS_Naga_diagnostic's First Strike Damage Step
Phase: Ai(2)-GGS_Naga_diagnostic's Combat Damage Step
Damage: Goldspan Dragon (103) deals 4 combat damage to Ai(4)-Gabe_Food.
Life: Life: Ai(4)-Gabe_Food 40 > 36
Phase: Ai(2)-GGS_Naga_diagnostic's End of Combat Step
Phase: Ai(2)-GGS_Naga_diagnostic's Main phase, postcombat
Phase: Ai(2)-GGS_Naga_diagnostic's End step
Phase: Ai(2)-GGS_Naga_diagnostic's Cleanup step
Turn: Turn 12 (Ai(3)-Jaymie_Ezio)
Phase: Ai(3)-Jaymie_Ezio's Untap step
Phase: Ai(3)-Jaymie_Ezio's Upkeep step
Phase: Ai(3)-Jaymie_Ezio's Draw step
Phase: Ai(3)-Jaymie_Ezio's Main phase, precombat
Land: Ai(3)-Jaymie_Ezio played Kessig Wolf Run (206)
Mana: Command Tower (234) - {T}: Add one mana of any color in your commander's color identity.
Mana: Twilight Mire (271) - {T}: Add {C}.
Add To Stack: Ai(3)-Jaymie_Ezio cast Security Bypass targeting [Ezio Auditore da Firenze (302)]
Resolve Stack: Security Bypass (294) -  Attach to Ezio Auditore da Firenze (302)
Phase: Ai(3)-Jaymie_Ezio's Beginning of Combat Step
Phase: Ai(3)-Jaymie_Ezio's Declare Attackers Step
Combat: Ai(3)-Jaymie_Ezio assigned Ezio Auditore da Firenze (302) to attack Ai(2)-GGS_Naga_diagnostic.
Phase: Ai(3)-Jaymie_Ezio's Declare Blockers Step
Combat: Ai(2)-GGS_Naga_diagnostic didn't block Ezio Auditore da Firenze (302).
Phase: Ai(3)-Jaymie_Ezio's First Strike Damage Step
Phase: Ai(3)-Jaymie_Ezio's Combat Damage Step
Damage: Ezio Auditore da Firenze (302) deals 3 combat damage to Ai(2)-GGS_Naga_diagnostic.
Life: Life: Ai(2)-GGS_Naga_diagnostic 37 > 34
Add To Stack: Ai(3)-Jaymie_Ezio triggered Ezio Auditore da Firenze
Add To Stack: Ai(3)-Jaymie_Ezio triggered Ezio Auditore da Firenze
Discard: Ai(3)-Jaymie_Ezio discards Cinder Glade (220).
Resolve Stack: Whenever this creature deals combat damage to a player, it connives. [Damage Source: Ezio Auditore da Firenze (302), Damaged: Ai(2)-GGS_Naga_diagnostic, Amount: 3]
Resolve Stack: Whenever Ezio deals combat damage to a player, you may pay {W}{U}{B}{R}{G} if that player has 10 or less life. When you do, that player loses the game. [Damage Source: Ezio Auditore da Firenze (302), Damaged: Ai(2)-GGS_Naga_diagnostic, Amount: 3]
Phase: Ai(3)-Jaymie_Ezio's End of Combat Step
Phase: Ai(3)-Jaymie_Ezio's Main phase, postcombat
Phase: Ai(3)-Jaymie_Ezio's End step
Phase: Ai(3)-Jaymie_Ezio's Cleanup step
Turn: Turn 13 (Ai(4)-Gabe_Food)
Phase: Ai(4)-Gabe_Food's Untap step
Phase: Ai(4)-Gabe_Food's Upkeep step
Phase: Ai(4)-Gabe_Food's Draw step
Phase: Ai(4)-Gabe_Food's Main phase, precombat
Phase: Ai(4)-Gabe_Food's Beginning of Combat Step
Phase: Ai(4)-Gabe_Food's Declare Attackers Step
Combat: Ai(4)-Gabe_Food assigned Frodo, Adventurous Hobbit (402) to attack Ai(2)-GGS_Naga_diagnostic.
Phase: Ai(4)-Gabe_Food's Declare Blockers Step
Combat: Ai(2)-GGS_Naga_diagnostic didn't block Frodo, Adventurous Hobbit (402).
Phase: Ai(4)-Gabe_Food's First Strike Damage Step
Phase: Ai(4)-Gabe_Food's Combat Damage Step
Damage: Frodo, Adventurous Hobbit (402) deals 1 combat damage to Ai(2)-GGS_Naga_diagnostic.
Life: Life: Ai(2)-GGS_Naga_diagnostic 34 > 33
Phase: Ai(4)-Gabe_Food's End of Combat Step
Phase: Ai(4)-Gabe_Food's Main phase, postcombat
Mana: Swamp (365) - {T}: Add {B}.
Mana: Plains (392) - {T}: Add {W}.
Mana: Rogue's Passage (331) - {T}: Add {C}.
Add To Stack: Ai(4)-Gabe_Food cast Commander's Sphere
Resolve Stack: Commander's Sphere
Phase: Ai(4)-Gabe_Food's End step
Phase: Ai(4)-Gabe_Food's Cleanup step
Turn: Turn 14 (Ai(1)-Destyn_Turtles)
Phase: Ai(1)-Destyn_Turtles' Untap step
Phase: Ai(1)-Destyn_Turtles' Upkeep step
Phase: Ai(1)-Destyn_Turtles' Draw step
Phase: Ai(1)-Destyn_Turtles' Main phase, precombat
Land: Ai(1)-Destyn_Turtles played Evolving Wilds (32)
Zone Change: Evolving Wilds (32) was put into Graveyard from Battlefield.
Add To Stack: Ai(1)-Destyn_Turtles activated Evolving Wilds
Resolve Stack: Evolving Wilds (32) - Ai(1)-Destyn_Turtles searches their library for a basic land card, puts it onto the battlefield tapped, then shuffles.
Mana: Hinterland Harbor (23) - {T}: Add {G} or {U}.
Mana: Sunken Hollow (24) - {T}: Add {B}.
Mana: Path of Ancestry (12) - {T}: Add one mana of any color in your commander's color identity. When that mana is spent to cast a creature spell that shares a creature type with your commander, scry 1. (Look at the top card of your library. You may put that card on the bottom.)
Add To Stack: Ai(1)-Destyn_Turtles cast Irma, Part-Time Mutant
Add To Stack: Ai(1)-Destyn_Turtles triggered Path of Ancestry
Resolve Stack: Ai(1)-Destyn_Turtles scried 1 card(s) to the top of the library
Resolve Stack: When mana produced by Path of Ancestry is spent to cast a creature spell that shares a creature type with your commander, scry 1. ([Irma, Part-Time Mutant - Creature 1 / 1]) [Card: Irma, Part-Time Mutant (7), Activator: Ai(1)-Destyn_Turtles, SpellAbility: Irma, Part-Time Mutant - Creature 1 / 1]
Resolve Stack: Irma, Part-Time Mutant - Creature 1 / 1
Phase: Ai(1)-Destyn_Turtles' Beginning of Combat Step
Add To Stack: Ai(1)-Destyn_Turtles triggered Irma, Part-Time Mutant targeting [Mona Lisa, Science Geek (61)]
Resolve Stack: At the beginning of combat on your turn, Irma becomes a copy of up to one other target creature you control, except her name is Irma, Part-Time Mutant and she has this ability. Then put a +1/+1 counter on her. (Targeting: [[Mona Lisa, Science Geek (61)]]) [Phase: Ai(1)-Destyn_Turtles]
Phase: Ai(1)-Destyn_Turtles' Declare Attackers Step
Combat: Ai(1)-Destyn_Turtles assigned Mona Lisa, Science Geek (61) to attack Ai(2)-GGS_Naga_diagnostic.
Phase: Ai(1)-Destyn_Turtles' Declare Blockers Step
Combat: Ai(2)-GGS_Naga_diagnostic didn't block Mona Lisa, Science Geek (61).
Phase: Ai(1)-Destyn_Turtles' First Strike Damage Step
Phase: Ai(1)-Destyn_Turtles' Combat Damage Step
Damage: Mona Lisa, Science Geek (61) deals 1 combat damage to Ai(2)-GGS_Naga_diagnostic.
Life: Life: Ai(2)-GGS_Naga_diagnostic 33 > 32
Phase: Ai(1)-Destyn_Turtles' End of Combat Step
Phase: Ai(1)-Destyn_Turtles' Main phase, postcombat
Phase: Ai(1)-Destyn_Turtles' End step
Phase: Ai(1)-Destyn_Turtles' Cleanup step
Turn: Turn 15 (Ai(2)-GGS_Naga_diagnostic)
Phase: Ai(2)-GGS_Naga_diagnostic's Untap step
Phase: Ai(2)-GGS_Naga_diagnostic's Upkeep step
Phase: Ai(2)-GGS_Naga_diagnostic's Draw step
Phase: Ai(2)-GGS_Naga_diagnostic's Main phase, precombat
Phase: Ai(2)-GGS_Naga_diagnostic's Beginning of Combat Step
Phase: Ai(2)-GGS_Naga_diagnostic's Declare Attackers Step
Combat: Ai(2)-GGS_Naga_diagnostic assigned Goldspan Dragon (103) to attack Ai(4)-Gabe_Food.
Add To Stack: Ai(2)-GGS_Naga_diagnostic triggered Goldspan Dragon
Resolve Stack: Whenever Goldspan Dragon attacks or becomes the target of a spell, create a Treasure token. [Attacker: Goldspan Dragon (103)]
Phase: Ai(2)-GGS_Naga_diagnostic's Declare Blockers Step
Combat: Ai(4)-Gabe_Food didn't block Goldspan Dragon (103).
Phase: Ai(2)-GGS_Naga_diagnostic's First Strike Damage Step
Phase: Ai(2)-GGS_Naga_diagnostic's Combat Damage Step
Damage: Goldspan Dragon (103) deals 4 combat damage to Ai(4)-Gabe_Food.
Life: Life: Ai(4)-Gabe_Food 36 > 32
Phase: Ai(2)-GGS_Naga_diagnostic's End of Combat Step
Phase: Ai(2)-GGS_Naga_diagnostic's Main phase, postcombat
Land: Ai(2)-GGS_Naga_diagnostic played Blazemire Verge (108)
Mana: Watery Grave (172) - {T}: Add {U}.
Mana: Blazemire Verge (108) - {T}: Add {B}.
Mana: Xander's Lounge (186) - {T}: Add {R}.
Add To Stack: Ai(2)-GGS_Naga_diagnostic cast Goro-Goro and Satoru
Resolve Stack: Goro-Goro and Satoru - Creature 3 / 4
Life: Life: Ai(2)-GGS_Naga_diagnostic 32 > 31
Mana: Mana Confluence (146) - {T}, Pay 1 life: Add one mana of any color.
Damage: Talisman of Indulgence (114) deals 1 non-combat damage to Ai(2)-GGS_Naga_diagnostic.
Life: Life: Ai(2)-GGS_Naga_diagnostic 31 > 30
Mana: Talisman of Indulgence (114) - {T}: Add {B} or {R}. Talisman of Indulgence deals 1 damage to you. 
Mana: Sol Ring (141) - {T}: Add {C}{C}.
Add To Stack: Ai(2)-GGS_Naga_diagnostic cast Yuriko, the Tiger's Shadow
Resolve Stack: Yuriko, the Tiger's Shadow - Creature 1 / 3
Zone Change: Treasure Token (410) was put into Graveyard from Battlefield.
Mana: Treasure Token (410) - {T}, Sacrifice this token: Add one mana of any color.
Add To Stack: Ai(2)-GGS_Naga_diagnostic cast Moon-Circuit Hacker
Resolve Stack: Moon-Circuit Hacker - Creature 2 / 1
Phase: Ai(2)-GGS_Naga_diagnostic's End step
Phase: Ai(2)-GGS_Naga_diagnostic's Cleanup step
Turn: Turn 16 (Ai(3)-Jaymie_Ezio)
Phase: Ai(3)-Jaymie_Ezio's Untap step
Phase: Ai(3)-Jaymie_Ezio's Upkeep step
Phase: Ai(3)-Jaymie_Ezio's Draw step
Phase: Ai(3)-Jaymie_Ezio's Main phase, precombat
Land: Ai(3)-Jaymie_Ezio played Mountain (289)
Phase: Ai(3)-Jaymie_Ezio's Beginning of Combat Step
Phase: Ai(3)-Jaymie_Ezio's Declare Attackers Step
Phase: Ai(3)-Jaymie_Ezio's Declare Blockers Step
Phase: Ai(3)-Jaymie_Ezio's First Strike Damage Step
Phase: Ai(3)-Jaymie_Ezio's Combat Damage Step
Phase: Ai(3)-Jaymie_Ezio's End of Combat Step
Phase: Ai(3)-Jaymie_Ezio's Main phase, postcombat
Mana: Mountain (289) - {T}: Add {R}.
Mana: Twilight Mire (271) - {T}: Add {C}.
Mana: Command Tower (234) - {T}: Add one mana of any color in your commander's color identity.
Add To Stack: Ai(3)-Jaymie_Ezio cast Chromatic Lantern
Resolve Stack: Chromatic Lantern
Mana: Chromatic Lantern (299) - {T}: Add one mana of any color.
Mana: Kessig Wolf Run (206) - {T}: Add one mana of any color.
Add To Stack: Ai(3)-Jaymie_Ezio cast Shay Cormac
Resolve Stack: Shay Cormac - Creature 1 / 1
Phase: Ai(3)-Jaymie_Ezio's End step
Zone Change: Commander's Sphere (321) was put into Graveyard from Battlefield.
Add To Stack: Ai(4)-Gabe_Food activated Commander's Sphere
Resolve Stack: Commander's Sphere (321) - Ai(4)-Gabe_Food draws a card.
Phase: Ai(3)-Jaymie_Ezio's Cleanup step
Turn: Turn 17 (Ai(4)-Gabe_Food)
Phase: Ai(4)-Gabe_Food's Untap step
Phase: Ai(4)-Gabe_Food's Upkeep step
Phase: Ai(4)-Gabe_Food's Draw step
Phase: Ai(4)-Gabe_Food's Main phase, precombat
Replacement Effect: As Necroblossom Snarl enters, you may reveal a Swamp or Forest card from your hand. If you don't, Necroblossom Snarl enters tapped.
Land: Ai(4)-Gabe_Food played Necroblossom Snarl (367)
Phase: Ai(4)-Gabe_Food's Beginning of Combat Step
Phase: Ai(4)-Gabe_Food's Declare Attackers Step
Phase: Ai(4)-Gabe_Food's Declare Blockers Step
Phase: Ai(4)-Gabe_Food's First Strike Damage Step
Phase: Ai(4)-Gabe_Food's Combat Damage Step
Phase: Ai(4)-Gabe_Food's End of Combat Step
Phase: Ai(4)-Gabe_Food's Main phase, postcombat
Mana: Swamp (365) - {T}: Add {B}.
Mana: Plains (392) - {T}: Add {W}.
Mana: Rogue's Passage (331) - {T}: Add {C}.
Add To Stack: Ai(4)-Gabe_Food cast Chromatic Lantern
Resolve Stack: Chromatic Lantern
Phase: Ai(4)-Gabe_Food's End step
Phase: Ai(4)-Gabe_Food's Cleanup step
Turn: Turn 18 (Ai(1)-Destyn_Turtles)
Phase: Ai(1)-Destyn_Turtles' Untap step
Phase: Ai(1)-Destyn_Turtles' Upkeep step
Phase: Ai(1)-Destyn_Turtles' Draw step
Phase: Ai(1)-Destyn_Turtles' Main phase, precombat
Phase: Ai(1)-Destyn_Turtles' Beginning of Combat Step
Add To Stack: Ai(1)-Destyn_Turtles triggered Irma, Part-Time Mutant targeting [Mona Lisa, Science Geek (61)]
Resolve Stack: At the beginning of combat on your turn, Irma becomes a copy of up to one other target creature you control, except her name is Irma, Part-Time Mutant and she has this ability. Then put a +1/+1 counter on her. (Targeting: [[Mona Lisa, Science Geek (61)]]) [Phase: Ai(1)-Destyn_Turtles]
Phase: Ai(1)-Destyn_Turtles' Declare Attackers Step
Phase: Ai(1)-Destyn_Turtles' Declare Blockers Step
Phase: Ai(1)-Destyn_Turtles' First Strike Damage Step
Phase: Ai(1)-Destyn_Turtles' Combat Damage Step
Phase: Ai(1)-Destyn_Turtles' End of Combat Step
Phase: Ai(1)-Destyn_Turtles' Main phase, postcombat
Mana: Sunken Hollow (24) - {T}: Add {B}.
Mana: Hinterland Harbor (23) - {T}: Add {G} or {U}.
Mana: Plains (88) - {T}: Add {W}.
Mana: Path of Ancestry (12) - {T}: Add one mana of any color in your commander's color identity. When that mana is spent to cast a creature spell that shares a creature type with your commander, scry 1. (Look at the top card of your library. You may put that card on the bottom.)
Add To Stack: Ai(1)-Destyn_Turtles cast Corpsejack Menace
Resolve Stack: Corpsejack Menace - Creature 4 / 4
Mana: Mona Lisa, Science Geek (61) - {T}: Add X mana of any one color, where X is Mona Lisa's power.
Mana: Irma, Part-Time Mutant (7) - {T}: Add X mana of any one color, where X is Irma's power.
Add To Stack: Ai(1)-Destyn_Turtles cast Leonardo, the Balance
Resolve Stack: Leonardo, the Balance - Creature 3 / 3
Phase: Ai(1)-Destyn_Turtles' End step
Phase: Ai(1)-Destyn_Turtles' Cleanup step
Turn: Turn 19 (Ai(2)-GGS_Naga_diagnostic)
Phase: Ai(2)-GGS_Naga_diagnostic's Untap step
Phase: Ai(2)-GGS_Naga_diagnostic's Upkeep step
Phase: Ai(2)-GGS_Naga_diagnostic's Draw step
Phase: Ai(2)-GGS_Naga_diagnostic's Main phase, precombat
Phase: Ai(2)-GGS_Naga_diagnostic's Beginning of Combat Step
Phase: Ai(2)-GGS_Naga_diagnostic's Declare Attackers Step
Combat: Ai(2)-GGS_Naga_diagnostic assigned Goldspan Dragon (103) to attack Ai(1)-Destyn_Turtles.
Add To Stack: Ai(2)-GGS_Naga_diagnostic triggered Goldspan Dragon
Resolve Stack: Whenever Goldspan Dragon attacks or becomes the target of a spell, create a Treasure token. [Attacker: Goldspan Dragon (103)]
Phase: Ai(2)-GGS_Naga_diagnostic's Declare Blockers Step
Combat: Ai(1)-Destyn_Turtles didn't block Goldspan Dragon (103).
Phase: Ai(2)-GGS_Naga_diagnostic's First Strike Damage Step
Phase: Ai(2)-GGS_Naga_diagnostic's Combat Damage Step
Damage: Goldspan Dragon (103) deals 4 combat damage to Ai(1)-Destyn_Turtles.
Life: Life: Ai(1)-Destyn_Turtles 40 > 36
Phase: Ai(2)-GGS_Naga_diagnostic's End of Combat Step
Phase: Ai(2)-GGS_Naga_diagnostic's Main phase, postcombat
Mana: Blazemire Verge (108) - {T}: Add {R}. Activate only if you control a Swamp or a Mountain.
Mana: Sol Ring (141) - {T}: Add {C}{C}.
Add To Stack: Ai(2)-GGS_Naga_diagnostic cast War Cadence
Resolve Stack: War Cadence
Mana: Xander's Lounge (186) - {T}: Add {R}.
Mana: Watery Grave (172) - {T}: Add {B}.
Add To Stack: Ai(2)-GGS_Naga_diagnostic cast Determined Iteration
Resolve Stack: Determined Iteration
Phase: Ai(2)-GGS_Naga_diagnostic's End step
Phase: Ai(2)-GGS_Naga_diagnostic's Cleanup step
Turn: Turn 20 (Ai(3)-Jaymie_Ezio)
Phase: Ai(3)-Jaymie_Ezio's Untap step
Phase: Ai(3)-Jaymie_Ezio's Upkeep step
Phase: Ai(3)-Jaymie_Ezio's Draw step
Phase: Ai(3)-Jaymie_Ezio's Main phase, precombat
Replacement Effect: Smoldering Marsh enters tapped unless you control two or more basic lands.
Land: Ai(3)-Jaymie_Ezio played Smoldering Marsh (273)
Phase: Ai(3)-Jaymie_Ezio's Beginning of Combat Step
Phase: Ai(3)-Jaymie_Ezio's Declare Attackers Step
Phase: Ai(3)-Jaymie_Ezio's Declare Blockers Step
Phase: Ai(3)-Jaymie_Ezio's First Strike Damage Step
Phase: Ai(3)-Jaymie_Ezio's Combat Damage Step
Phase: Ai(3)-Jaymie_Ezio's End of Combat Step
Phase: Ai(3)-Jaymie_Ezio's Main phase, postcombat
Mana: Chromatic Lantern (299) - {T}: Add one mana of any color.
Mana: Mountain (289) - {T}: Add one mana of any color.
Add To Stack: Ai(3)-Jaymie_Ezio cast Vraska Joins Up
Resolve Stack: Vraska Joins Up
Add To Stack: Ai(3)-Jaymie_Ezio triggered Vraska Joins Up
Resolve Stack: When Vraska Joins Up enters, put a deathtouch counter on each creature you control. [Zone Changer: Vraska Joins Up (213)]
Mana: Command Tower (234) - {T}: Add one mana of any color in your commander's color identity.
Mana: Twilight Mire (271) - {T}: Add {C}.
Add To Stack: Ai(3)-Jaymie_Ezio cast Haystack
Resolve Stack: Haystack
Phase: Ai(3)-Jaymie_Ezio's End step
Phase: Ai(3)-Jaymie_Ezio's Cleanup step
Turn: Turn 21 (Ai(4)-Gabe_Food)
Phase: Ai(4)-Gabe_Food's Untap step
Phase: Ai(4)-Gabe_Food's Upkeep step
Phase: Ai(4)-Gabe_Food's Draw step
Phase: Ai(4)-Gabe_Food's Main phase, precombat
Land: Ai(4)-Gabe_Food played Command Tower (333)
Mana: Chromatic Lantern (401) - {T}: Add one mana of any color.
Mana: Swamp (365) - {T}: Add one mana of any color.
Mana: Plains (392) - {T}: Add {W}.
Mana: Necroblossom Snarl (367) - {T}: Add {B} or {G}.
Add To Stack: Ai(4)-Gabe_Food cast Dusk
Zone Change: Irma, Part-Time Mutant (7) was put into Graveyard from Battlefield.
Zone Change: Corpsejack Menace (50) was put into Graveyard from Battlefield.
Zone Change: Leonardo, the Balance (101) was put into Graveyard from Battlefield.
Zone Change: Goldspan Dragon (103) was put into Graveyard from Battlefield.
Zone Change: Goro-Goro and Satoru (201) was put into Graveyard from Battlefield.
Zone Change: Ezio Auditore da Firenze (302) was put into Graveyard from Battlefield.
Resolve Stack: Dusk (315) - Destroy all creatures with power 3 or greater.
Zone Change: Security Bypass (294) was put into Graveyard from Battlefield.
Mana: Command Tower (333) - {T}: Add one mana of any color in your commander's color identity.
Mana: Rogue's Passage (331) - {T}: Add one mana of any color.
Add To Stack: Ai(4)-Gabe_Food cast Pippin, Warden of Isengard
Resolve Stack: Pippin, Warden of Isengard - Creature 2 / 2
Add To Stack: Ai(4)-Gabe_Food triggered Pippin, Warden of Isengard targeting [Ai(4)-Gabe_Food]
Resolve Stack: Partner with Merry, Warden of Isengard (When this creature enters, target player may put Merry into their hand from their library, then shuffle.) (Targeting: [[Ai(4)-Gabe_Food]]) [Zone Changer: Pippin, Warden of Isengard (343)]
Phase: Ai(4)-Gabe_Food's Beginning of Combat Step
Phase: Ai(4)-Gabe_Food's Declare Attackers Step
Phase: Ai(4)-Gabe_Food's Declare Blockers Step
Phase: Ai(4)-Gabe_Food's First Strike Damage Step
Phase: Ai(4)-Gabe_Food's Combat Damage Step
Phase: Ai(4)-Gabe_Food's End of Combat Step
Phase: Ai(4)-Gabe_Food's Main phase, postcombat
Phase: Ai(4)-Gabe_Food's End step
Phase: Ai(4)-Gabe_Food's Cleanup step
Turn: Turn 22 (Ai(1)-Destyn_Turtles)
Phase: Ai(1)-Destyn_Turtles' Untap step
Phase: Ai(1)-Destyn_Turtles' Upkeep step
Phase: Ai(1)-Destyn_Turtles' Draw step
Phase: Ai(1)-Destyn_Turtles' Main phase, precombat
Phase: Ai(1)-Destyn_Turtles' Beginning of Combat Step
Phase: Ai(1)-Destyn_Turtles' Declare Attackers Step
Phase: Ai(1)-Destyn_Turtles' Declare Blockers Step
Phase: Ai(1)-Destyn_Turtles' First Strike Damage Step
Phase: Ai(1)-Destyn_Turtles' Combat Damage Step
Phase: Ai(1)-Destyn_Turtles' End of Combat Step
Phase: Ai(1)-Destyn_Turtles' Main phase, postcombat
Mana: Path of Ancestry (12) - {T}: Add one mana of any color in your commander's color identity. When that mana is spent to cast a creature spell that shares a creature type with your commander, scry 1. (Look at the top card of your library. You may put that card on the bottom.)
Mana: Plains (88) - {T}: Add {W}.
Mana: Hinterland Harbor (23) - {T}: Add {G} or {U}.
Add To Stack: Ai(1)-Destyn_Turtles cast Tokka & Rahzar, Unsupervised
Add To Stack: Ai(1)-Destyn_Turtles triggered Path of Ancestry
Resolve Stack: Ai(1)-Destyn_Turtles scried 1 card(s) to the top of the library
Resolve Stack: When mana produced by Path of Ancestry is spent to cast a creature spell that shares a creature type with your commander, scry 1. ([Tokka & Rahzar, Unsupervised - Creature 3 / 3]) [Card: Tokka & Rahzar, Unsupervised (3), Activator: Ai(1)-Destyn_Turtles, SpellAbility: Tokka & Rahzar, Unsupervised - Creature 3 / 3]
Resolve Stack: Tokka & Rahzar, Unsupervised - Creature 3 / 3
Mana: Mona Lisa, Science Geek (61) - {T}: Add X mana of any one color, where X is Mona Lisa's power.
Mana: Sunken Hollow (24) - {T}: Add {B}.
Add To Stack: Ai(1)-Destyn_Turtles cast Michelangelo, the Heart
Resolve Stack: Michelangelo, the Heart - Creature 2 / 1
Phase: Ai(1)-Destyn_Turtles' End step
Phase: Ai(1)-Destyn_Turtles' Cleanup step
Turn: Turn 23 (Ai(2)-GGS_Naga_diagnostic)
Phase: Ai(2)-GGS_Naga_diagnostic's Untap step
Phase: Ai(2)-GGS_Naga_diagnostic's Upkeep step
Phase: Ai(2)-GGS_Naga_diagnostic's Draw step
Phase: Ai(2)-GGS_Naga_diagnostic's Main phase, precombat
Land: Ai(2)-GGS_Naga_diagnostic played City of Brass (135)
Phase: Ai(2)-GGS_Naga_diagnostic's Beginning of Combat Step
Add To Stack: Ai(2)-GGS_Naga_diagnostic triggered Determined Iteration
Resolve Stack: At the beginning of combat on your turn, populate. The token created this way gains haste. Sacrifice it at the beginning of the next end step. (To populate, create a token that's a copy of a creature token you control.) [Phase: Ai(2)-GGS_Naga_diagnostic]
Phase: Ai(2)-GGS_Naga_diagnostic's Declare Attackers Step
Phase: Ai(2)-GGS_Naga_diagnostic's Declare Blockers Step
Phase: Ai(2)-GGS_Naga_diagnostic's First Strike Damage Step
Phase: Ai(2)-GGS_Naga_diagnostic's Combat Damage Step
Phase: Ai(2)-GGS_Naga_diagnostic's End of Combat Step
Phase: Ai(2)-GGS_Naga_diagnostic's Main phase, postcombat
Mana: Watery Grave (172) - {T}: Add {U}.
Mana: Blazemire Verge (108) - {T}: Add {B}.
Mana: City of Brass (135) - {T}: Add one mana of any color.
Mana: Sol Ring (141) - {T}: Add {C}{C}.
Add To Stack: Ai(2)-GGS_Naga_diagnostic cast Goro-Goro and Satoru
Add To Stack: Ai(2)-GGS_Naga_diagnostic triggered City of Brass
Damage: City of Brass (135) deals 1 non-combat damage to Ai(2)-GGS_Naga_diagnostic.
Life: Life: Ai(2)-GGS_Naga_diagnostic 30 > 29
Resolve Stack: Whenever City of Brass becomes tapped, it deals 1 damage to you. [Tapped: City of Brass (135)]
Resolve Stack: Goro-Goro and Satoru - Creature 3 / 4
Phase: Ai(2)-GGS_Naga_diagnostic's End step
Add To Stack: Ai(2)-GGS_Naga_diagnostic triggered Determined Iteration
Resolve Stack: Sacrifice  at the beginning of the next end step. [Phase: Ai(2)-GGS_Naga_diagnostic]
Phase: Ai(2)-GGS_Naga_diagnostic's Cleanup step
Turn: Turn 24 (Ai(3)-Jaymie_Ezio)
Phase: Ai(3)-Jaymie_Ezio's Untap step
Phase: Ai(3)-Jaymie_Ezio's Upkeep step
Phase: Ai(3)-Jaymie_Ezio's Draw step
Phase: Ai(3)-Jaymie_Ezio's Main phase, precombat
Mana: Chromatic Lantern (299) - {T}: Add one mana of any color.
Add To Stack: Ai(3)-Jaymie_Ezio cast Vorpal Sword
Resolve Stack: Vorpal Sword
Phase: Ai(3)-Jaymie_Ezio's Beginning of Combat Step
Phase: Ai(3)-Jaymie_Ezio's Declare Attackers Step
Phase: Ai(3)-Jaymie_Ezio's Declare Blockers Step
Phase: Ai(3)-Jaymie_Ezio's First Strike Damage Step
Phase: Ai(3)-Jaymie_Ezio's Combat Damage Step
Phase: Ai(3)-Jaymie_Ezio's End of Combat Step
Phase: Ai(3)-Jaymie_Ezio's Main phase, postcombat
Replacement Effect: Thriving Grove enters tapped.
Replacement Effect: As Thriving Grove enters, choose a color other than green.
Land: Ai(3)-Jaymie_Ezio played Thriving Grove (229)
Mana: Mountain (289) - {T}: Add one mana of any color.
Mana: Smoldering Marsh (273) - {T}: Add {R}.
Mana: Command Tower (234) - {T}: Add one mana of any color.
Mana: Twilight Mire (271) - {T}: Add {C}.
Add To Stack: Ai(3)-Jaymie_Ezio cast Ezio Auditore da Firenze
Resolve Stack: Ezio Auditore da Firenze - Creature 3 / 2
Phase: Ai(3)-Jaymie_Ezio's End step
Phase: Ai(3)-Jaymie_Ezio's Cleanup step
Turn: Turn 25 (Ai(4)-Gabe_Food)
Phase: Ai(4)-Gabe_Food's Untap step
Phase: Ai(4)-Gabe_Food's Upkeep step
Mana: Chromatic Lantern (401) - {T}: Add one mana of any color.
Mana: Swamp (365) - {T}: Add {B}.
Mana: Plains (392) - {T}: Add {W}.
Mana: Necroblossom Snarl (367) - {T}: Add {B} or {G}.
Mana: Command Tower (333) - {T}: Add one mana of any color in your commander's color identity.
Mana: Rogue's Passage (331) - {T}: Add {C}.
Add To Stack: Ai(4)-Gabe_Food cast Great Oak Guardian
Resolve Stack: Great Oak Guardian - Creature 4 / 5
Add To Stack: Ai(4)-Gabe_Food triggered Great Oak Guardian targeting [Ai(4)-Gabe_Food]
Resolve Stack: When Great Oak Guardian enters, creatures target player controls get +2/+2 until end of turn. Untap them. (Targeting: [[Ai(4)-Gabe_Food]]) [Zone Changer: Great Oak Guardian (324)]
Phase: Ai(4)-Gabe_Food's Draw step
Phase: Ai(4)-Gabe_Food's Main phase, precombat
Phase: Ai(4)-Gabe_Food's Beginning of Combat Step
Phase: Ai(4)-Gabe_Food's Declare Attackers Step
Combat: Ai(4)-Gabe_Food assigned Pippin, Warden of Isengard (343) to attack Ai(2)-GGS_Naga_diagnostic.
Phase: Ai(4)-Gabe_Food's Declare Blockers Step
Combat: Ai(2)-GGS_Naga_diagnostic didn't block Pippin, Warden of Isengard (343).
Phase: Ai(4)-Gabe_Food's First Strike Damage Step
Phase: Ai(4)-Gabe_Food's Combat Damage Step
Damage: Pippin, Warden of Isengard (343) deals 4 combat damage to Ai(2)-GGS_Naga_diagnostic.
Life: Life: Ai(2)-GGS_Naga_diagnostic 29 > 25
Phase: Ai(4)-Gabe_Food's End of Combat Step
Phase: Ai(4)-Gabe_Food's Main phase, postcombat
Phase: Ai(4)-Gabe_Food's End step
Phase: Ai(4)-Gabe_Food's Cleanup step
Turn: Turn 26 (Ai(1)-Destyn_Turtles)
Phase: Ai(1)-Destyn_Turtles' Untap step
Phase: Ai(1)-Destyn_Turtles' Upkeep step
Phase: Ai(1)-Destyn_Turtles' Draw step
Phase: Ai(1)-Destyn_Turtles' Main phase, precombat
Land: Ai(1)-Destyn_Turtles played Island (29)
Phase: Ai(1)-Destyn_Turtles' Beginning of Combat Step
Phase: Ai(1)-Destyn_Turtles' Declare Attackers Step
Phase: Ai(1)-Destyn_Turtles' Declare Blockers Step
Phase: Ai(1)-Destyn_Turtles' First Strike Damage Step
Phase: Ai(1)-Destyn_Turtles' Combat Damage Step
Phase: Ai(1)-Destyn_Turtles' End of Combat Step
Phase: Ai(1)-Destyn_Turtles' Main phase, postcombat
Mana: Island (29) - {T}: Add {U}.
Mana: Plains (88) - {T}: Add {W}.
Mana: Hinterland Harbor (23) - {T}: Add {G} or {U}.
Mana: Sunken Hollow (24) - {T}: Add {B}.
Mana: Path of Ancestry (12) - {T}: Add one mana of any color in your commander's color identity. When that mana is spent to cast a creature spell that shares a creature type with your commander, scry 1. (Look at the top card of your library. You may put that card on the bottom.)
Add To Stack: Ai(1)-Destyn_Turtles cast Krang, the All-Powerful
Resolve Stack: Krang, the All-Powerful - Creature 3 / 3
Phase: Ai(1)-Destyn_Turtles' End step
Phase: Ai(1)-Destyn_Turtles' Cleanup step
Turn: Turn 27 (Ai(2)-GGS_Naga_diagnostic)
Phase: Ai(2)-GGS_Naga_diagnostic's Untap step
Phase: Ai(2)-GGS_Naga_diagnostic's Upkeep step
Phase: Ai(2)-GGS_Naga_diagnostic's Draw step
Phase: Ai(2)-GGS_Naga_diagnostic's Main phase, precombat
Phase: Ai(2)-GGS_Naga_diagnostic's Beginning of Combat Step
Add To Stack: Ai(2)-GGS_Naga_diagnostic triggered Determined Iteration
Resolve Stack: At the beginning of combat on your turn, populate. The token created this way gains haste. Sacrifice it at the beginning of the next end step. (To populate, create a token that's a copy of a creature token you control.) [Phase: Ai(2)-GGS_Naga_diagnostic]
Phase: Ai(2)-GGS_Naga_diagnostic's Declare Attackers Step
Phase: Ai(2)-GGS_Naga_diagnostic's Declare Blockers Step
Phase: Ai(2)-GGS_Naga_diagnostic's First Strike Damage Step
Phase: Ai(2)-GGS_Naga_diagnostic's Combat Damage Step
Phase: Ai(2)-GGS_Naga_diagnostic's End of Combat Step
Phase: Ai(2)-GGS_Naga_diagnostic's Main phase, postcombat
Mana: Blazemire Verge (108) - {T}: Add {R}. Activate only if you control a Swamp or a Mountain.
Mana: City of Brass (135) - {T}: Add one mana of any color.
Mana: Sol Ring (141) - {T}: Add {C}{C}.
Mana: Watery Grave (172) - {T}: Add {B}.
Add To Stack: Ai(2)-GGS_Naga_diagnostic cast Draconic Visitor
Add To Stack: Ai(2)-GGS_Naga_diagnostic triggered City of Brass
Damage: City of Brass (135) deals 1 non-combat damage to Ai(2)-GGS_Naga_diagnostic.
Life: Life: Ai(2)-GGS_Naga_diagnostic 25 > 24
Resolve Stack: Whenever City of Brass becomes tapped, it deals 1 damage to you. [Tapped: City of Brass (135)]
Resolve Stack: Draconic Visitor - Creature 5 / 5
Phase: Ai(2)-GGS_Naga_diagnostic's End step
Add To Stack: Ai(2)-GGS_Naga_diagnostic triggered Determined Iteration
Resolve Stack: Sacrifice  at the beginning of the next end step. [Phase: Ai(2)-GGS_Naga_diagnostic]
Phase: Ai(2)-GGS_Naga_diagnostic's Cleanup step
Turn: Turn 28 (Ai(3)-Jaymie_Ezio)
Phase: Ai(3)-Jaymie_Ezio's Untap step
Phase: Ai(3)-Jaymie_Ezio's Upkeep step
Phase: Ai(3)-Jaymie_Ezio's Draw step
Phase: Ai(3)-Jaymie_Ezio's Main phase, precombat
Mana: Chromatic Lantern (299) - {T}: Add one mana of any color.
Mana: Mountain (289) - {T}: Add {R}.
Mana: Thriving Grove (229) - {T}: Add {G} or one mana of the chosen color.
Add To Stack: Ai(3)-Jaymie_Ezio cast 
Resolve Stack: Disguise - Creature 2/2
Mana: Smoldering Marsh (273) - {T}: Add {B}.
Mana: Command Tower (234) - {T}: Add one mana of any color in your commander's color identity.
Resolve Stack: Ai(3)-Jaymie_Ezio has undisguised Arno Dorian
Mana: Twilight Mire (271) - {T}: Add one mana of any color.
Mana: Kessig Wolf Run (206) - {T}: Add one mana of any color.
Add To Stack: Ai(3)-Jaymie_Ezio activated Vorpal Sword targeting [Ezio Auditore da Firenze (302)]
Resolve Stack: Vorpal Sword (212) -  Attach to Ezio Auditore da Firenze (302)
Phase: Ai(3)-Jaymie_Ezio's Beginning of Combat Step
Phase: Ai(3)-Jaymie_Ezio's Declare Attackers Step
Phase: Ai(3)-Jaymie_Ezio's Declare Blockers Step
Phase: Ai(3)-Jaymie_Ezio's First Strike Damage Step
Phase: Ai(3)-Jaymie_Ezio's Combat Damage Step
Phase: Ai(3)-Jaymie_Ezio's End of Combat Step
Phase: Ai(3)-Jaymie_Ezio's Main phase, postcombat
Phase: Ai(3)-Jaymie_Ezio's End step
Phase: Ai(3)-Jaymie_Ezio's Cleanup step
Turn: Turn 29 (Ai(4)-Gabe_Food)
Phase: Ai(4)-Gabe_Food's Untap step
Phase: Ai(4)-Gabe_Food's Upkeep step
Phase: Ai(4)-Gabe_Food's Draw step
Phase: Ai(4)-Gabe_Food's Main phase, precombat
Mana: Chromatic Lantern (401) - {T}: Add one mana of any color.
Mana: Swamp (365) - {T}: Add {B}.
Mana: Plains (392) - {T}: Add {W}.
Mana: Necroblossom Snarl (367) - {T}: Add {B} or {G}.
Add To Stack: Ai(4)-Gabe_Food cast Assemble the Entmoot
Resolve Stack: Assemble the Entmoot
Phase: Ai(4)-Gabe_Food's Beginning of Combat Step
Phase: Ai(4)-Gabe_Food's Declare Attackers Step
Phase: Ai(4)-Gabe_Food's Declare Blockers Step
Phase: Ai(4)-Gabe_Food's First Strike Damage Step
Phase: Ai(4)-Gabe_Food's Combat Damage Step
Phase: Ai(4)-Gabe_Food's End of Combat Step
Phase: Ai(4)-Gabe_Food's Main phase, postcombat
Mana: Command Tower (333) - {T}: Add one mana of any color in your commander's color identity.
Mana: Rogue's Passage (331) - {T}: Add {C}.
Add To Stack: Ai(4)-Gabe_Food cast Prize Pig
Resolve Stack: Prize Pig - Creature 0 / 3
Phase: Ai(4)-Gabe_Food's End step
Phase: Ai(4)-Gabe_Food's Cleanup step
Turn: Turn 30 (Ai(1)-Destyn_Turtles)
Phase: Ai(1)-Destyn_Turtles' Untap step
Phase: Ai(1)-Destyn_Turtles' Upkeep step
Phase: Ai(1)-Destyn_Turtles' Draw step
Phase: Ai(1)-Destyn_Turtles' Main phase, precombat
Land: Ai(1)-Destyn_Turtles played Fabled Passage (76)
Zone Change: Fabled Passage (76) was put into Graveyard from Battlefield.
Add To Stack: Ai(1)-Destyn_Turtles activated Fabled Passage
Resolve Stack: Fabled Passage (76) - Search your library for a basic land card, put it onto the battlefield tapped, then shuffle. Then if you control four or more lands, untap that land.  
Phase: Ai(1)-Destyn_Turtles' Beginning of Combat Step
Phase: Ai(1)-Destyn_Turtles' Declare Attackers Step
Zone Change: Assemble the Entmoot (304) was put into Graveyard from Battlefield.
Add To Stack: Ai(4)-Gabe_Food activated Assemble the Entmoot
Resolve Stack: Assemble the Entmoot (304) - Ai(4)-Gabe_Food creates three tapped X/X green Treefolk creature tokens, where X is the amount of life you gained this turn. Put a reach counter on each of them. Ai(4)-Gabe_Food puts a reach counter on . 
Zone Change: Treefolk Token (446) was put into Graveyard from Battlefield.
Zone Change: Treefolk Token (447) was put into Graveyard from Battlefield.
Zone Change: Treefolk Token (448) was put into Graveyard from Battlefield.
Phase: Ai(1)-Destyn_Turtles' Declare Blockers Step
Phase: Ai(1)-Destyn_Turtles' First Strike Damage Step
Phase: Ai(1)-Destyn_Turtles' Combat Damage Step
Phase: Ai(1)-Destyn_Turtles' End of Combat Step
Phase: Ai(1)-Destyn_Turtles' Main phase, postcombat
Mana: Plains (88) - {T}: Add {W}.
Mana: Mountain (86) - {T}: Add {R}.
Mana: Island (29) - {T}: Add {U}.
Mana: Hinterland Harbor (23) - {T}: Add {G} or {U}.
Mana: Sunken Hollow (24) - {T}: Add {B}.
Add To Stack: Ai(1)-Destyn_Turtles cast Mole Module
Resolve Stack: Mole Module
Mana: Path of Ancestry (12) - {T}: Add one mana of any color in your commander's color identity. When that mana is spent to cast a creature spell that shares a creature type with your commander, scry 1. (Look at the top card of your library. You may put that card on the bottom.)
Mana: Mona Lisa, Science Geek (61) - {T}: Add X mana of any one color, where X is Mona Lisa's power.
Add To Stack: Ai(1)-Destyn_Turtles cast April O'Neil, Live on the Scene
Resolve Stack: April O'Neil, Live on the Scene - Creature 2 / 1
Phase: Ai(1)-Destyn_Turtles' End step
Phase: Ai(1)-Destyn_Turtles' Cleanup step
Turn: Turn 31 (Ai(2)-GGS_Naga_diagnostic)
Phase: Ai(2)-GGS_Naga_diagnostic's Untap step
Phase: Ai(2)-GGS_Naga_diagnostic's Upkeep step
Phase: Ai(2)-GGS_Naga_diagnostic's Draw step
Add To Stack: Ai(2)-GGS_Naga_diagnostic cast Deadly Rollick targeting [Ezio Auditore da Firenze (302)]
Zone Change: Ezio Auditore da Firenze (302) was put into Exile from Battlefield.
Resolve Stack: Deadly Rollick (160) - Exile Ezio Auditore da Firenze (302).
Phase: Ai(2)-GGS_Naga_diagnostic's Main phase, precombat
Phase: Ai(2)-GGS_Naga_diagnostic's Beginning of Combat Step
Add To Stack: Ai(2)-GGS_Naga_diagnostic triggered Determined Iteration
Resolve Stack: At the beginning of combat on your turn, populate. The token created this way gains haste. Sacrifice it at the beginning of the next end step. (To populate, create a token that's a copy of a creature token you control.) [Phase: Ai(2)-GGS_Naga_diagnostic]
Phase: Ai(2)-GGS_Naga_diagnostic's Declare Attackers Step
Combat: Ai(2)-GGS_Naga_diagnostic assigned Draconic Visitor (115) to attack Ai(1)-Destyn_Turtles.
Phase: Ai(2)-GGS_Naga_diagnostic's Declare Blockers Step
Combat: Ai(1)-Destyn_Turtles didn't block Draconic Visitor (115).
Phase: Ai(2)-GGS_Naga_diagnostic's First Strike Damage Step
Phase: Ai(2)-GGS_Naga_diagnostic's Combat Damage Step
Damage: Draconic Visitor (115) deals 5 combat damage to Ai(1)-Destyn_Turtles.
Life: Life: Ai(1)-Destyn_Turtles 36 > 31
Phase: Ai(2)-GGS_Naga_diagnostic's End of Combat Step
Phase: Ai(2)-GGS_Naga_diagnostic's Main phase, postcombat
Phase: Ai(2)-GGS_Naga_diagnostic's End step
Add To Stack: Ai(2)-GGS_Naga_diagnostic triggered Determined Iteration
Resolve Stack: Sacrifice  at the beginning of the next end step. [Phase: Ai(2)-GGS_Naga_diagnostic]
Phase: Ai(2)-GGS_Naga_diagnostic's Cleanup step
Turn: Turn 32 (Ai(3)-Jaymie_Ezio)
Phase: Ai(3)-Jaymie_Ezio's Untap step
Phase: Ai(3)-Jaymie_Ezio's Upkeep step
Phase: Ai(3)-Jaymie_Ezio's Draw step
Phase: Ai(3)-Jaymie_Ezio's Main phase, precombat
Phase: Ai(3)-Jaymie_Ezio's Beginning of Combat Step
Phase: Ai(3)-Jaymie_Ezio's Declare Attackers Step
Phase: Ai(3)-Jaymie_Ezio's Declare Blockers Step
Phase: Ai(3)-Jaymie_Ezio's First Strike Damage Step
Phase: Ai(3)-Jaymie_Ezio's Combat Damage Step
Phase: Ai(3)-Jaymie_Ezio's End of Combat Step
Phase: Ai(3)-Jaymie_Ezio's Main phase, postcombat
Mana: Chromatic Lantern (299) - {T}: Add one mana of any color.
Mana: Mountain (289) - {T}: Add {R}.
Mana: Thriving Grove (229) - {T}: Add {G} or one mana of the chosen color.
Mana: Smoldering Marsh (273) - {T}: Add {R}.
Mana: Command Tower (234) - {T}: Add one mana of any color.
Mana: Twilight Mire (271) - {T}: Add {C}.
Add To Stack: Ai(3)-Jaymie_Ezio cast Ezio Auditore da Firenze
Resolve Stack: Ezio Auditore da Firenze - Creature 3 / 2
Phase: Ai(3)-Jaymie_Ezio's End step
Phase: Ai(3)-Jaymie_Ezio's Cleanup step
Turn: Turn 33 (Ai(4)-Gabe_Food)
Phase: Ai(4)-Gabe_Food's Untap step
Phase: Ai(4)-Gabe_Food's Upkeep step
Mana: Chromatic Lantern (401) - {T}: Add one mana of any color.
Mana: Swamp (365) - {T}: Add {B}.
Mana: Plains (392) - {T}: Add {W}.
Add To Stack: Ai(4)-Gabe_Food cast Crypt Incursion targeting [Ai(1)-Destyn_Turtles]
Life: Life: Ai(4)-Gabe_Food 32 > 38
Resolve Stack: Crypt Incursion (361) - Exile all creature cards from target player's graveyard. You gain 3 life for each card exiled this way. Ai(4)-Gabe_Food gains 0 life. 
Add To Stack: Ai(4)-Gabe_Food triggered Prize Pig
Resolve Stack: Whenever you gain life, put that many ribbon counters on Prize Pig. Then if there are three or more ribbon counters on Prize Pig, remove those counters and untap it. [Player: Ai(4)-Gabe_Food, Gained Amount: 6]
Phase: Ai(4)-Gabe_Food's Draw step
Phase: Ai(4)-Gabe_Food's Main phase, precombat
Mana: Necroblossom Snarl (367) - {T}: Add one mana of any color.
Mana: Command Tower (333) - {T}: Add one mana of any color in your commander's color identity.
Mana: Rogue's Passage (331) - {T}: Add {C}.
Add To Stack: Ai(4)-Gabe_Food cast Sam, Loyal Attendant
Resolve Stack: Sam, Loyal Attendant - Creature 2 / 4
Add To Stack: Ai(4)-Gabe_Food triggered Sam, Loyal Attendant targeting [Ai(4)-Gabe_Food]
Resolve Stack: Partner with Frodo, Adventurous Hobbit (When this creature enters, target player may put Frodo into their hand from their library, then shuffle.) (Targeting: [[Ai(4)-Gabe_Food]]) [Zone Changer: Sam, Loyal Attendant (404)]
Phase: Ai(4)-Gabe_Food's Beginning of Combat Step
Add To Stack: Ai(4)-Gabe_Food triggered Sam, Loyal Attendant
Resolve Stack: At the beginning of combat on your turn, create a Food token. (It's an artifact with "{2}, {T}, Sacrifice this token: You gain 3 life.") [Phase: Ai(4)-Gabe_Food]
Phase: Ai(4)-Gabe_Food's Declare Attackers Step
Combat: Ai(4)-Gabe_Food assigned Great Oak Guardian (324) to attack Ai(2)-GGS_Naga_diagnostic.
Phase: Ai(4)-Gabe_Food's Declare Blockers Step
Combat: Ai(2)-GGS_Naga_diagnostic didn't block Great Oak Guardian (324).
Phase: Ai(4)-Gabe_Food's First Strike Damage Step
Phase: Ai(4)-Gabe_Food's Combat Damage Step
Damage: Great Oak Guardian (324) deals 4 combat damage to Ai(2)-GGS_Naga_diagnostic.
Life: Life: Ai(2)-GGS_Naga_diagnostic 24 > 20
Phase: Ai(4)-Gabe_Food's End of Combat Step
Phase: Ai(4)-Gabe_Food's Main phase, postcombat
Phase: Ai(4)-Gabe_Food's End step
Phase: Ai(4)-Gabe_Food's Cleanup step
Turn: Turn 34 (Ai(1)-Destyn_Turtles)
Phase: Ai(1)-Destyn_Turtles' Untap step
Phase: Ai(1)-Destyn_Turtles' Upkeep step
Phase: Ai(1)-Destyn_Turtles' Draw step
Phase: Ai(1)-Destyn_Turtles' Main phase, precombat
Mana: Plains (88) - {T}: Add {W}.
Mana: Path of Ancestry (12) - {T}: Add one mana of any color in your commander's color identity. When that mana is spent to cast a creature spell that shares a creature type with your commander, scry 1. (Look at the top card of your library. You may put that card on the bottom.)
Mana: Mona Lisa, Science Geek (61) - {T}: Add X mana of any one color, where X is Mona Lisa's power.
Mana: Island (29) - {T}: Add {U}.
Mana: Mountain (86) - {T}: Add {R}.
Mana: Hinterland Harbor (23) - {T}: Add {G} or {U}.
Mana: Sunken Hollow (24) - {T}: Add {B}.
Add To Stack: Ai(1)-Destyn_Turtles cast Endless Foot Assault
Resolve Stack: Endless Foot Assault
Add To Stack: Ai(1)-Destyn_Turtles triggered Endless Foot Assault
Resolve Stack: When this creature enters, create that many tokens that are copies of it. [Zone Changer: Endless Foot Assault (94)]
Phase: Ai(1)-Destyn_Turtles' Beginning of Combat Step
Add To Stack: Ai(1)-Destyn_Turtles activated Mole Module
Resolve Stack: Mole Module (64) - Mole Module (64) becomes an artifact creature until end of turn.
Phase: Ai(1)-Destyn_Turtles' Declare Attackers Step
Combat: Ai(1)-Destyn_Turtles assigned Mole Module (64) to attack Ai(2)-GGS_Naga_diagnostic.
Add To Stack: Ai(1)-Destyn_Turtles triggered Endless Foot Assault
Add To Stack: Ai(1)-Destyn_Turtles triggered Endless Foot Assault
Add To Stack: Ai(1)-Destyn_Turtles triggered Endless Foot Assault
Mana: Prize Pig (332) - {T}: Add one mana of any color.
Add To Stack: Ai(4)-Gabe_Food activated Pippin, Warden of Isengard
Resolve Stack: Pippin, Warden of Isengard (343) - Ai(4)-Gabe_Food creates a Food Token.
Resolve Stack: Whenever you attack, for each opponent, create a 1/1 black Ninja creature token that's tapped and attacking that player. [Number Attackers: [Mole Module (64)]]
Add To Stack: Ai(1)-Destyn_Turtles triggered April O'Neil, Live on the Scene
Add To Stack: Ai(1)-Destyn_Turtles triggered April O'Neil, Live on the Scene
Add To Stack: Ai(1)-Destyn_Turtles triggered April O'Neil, Live on the Scene
Resolve Stack: Whenever a Mutant, Ninja, or Turtle you control enters, investigate. (Create a Clue token. It's an artifact with "{2}, Sacrifice this token: Draw a card.") [Zone Changer: Ninja Token (527)]
Resolve Stack: Whenever a Mutant, Ninja, or Turtle you control enters, investigate. (Create a Clue token. It's an artifact with "{2}, Sacrifice this token: Draw a card.") [Zone Changer: Ninja Token (525)]
Resolve Stack: Whenever a Mutant, Ninja, or Turtle you control enters, investigate. (Create a Clue token. It's an artifact with "{2}, Sacrifice this token: Draw a card.") [Zone Changer: Ninja Token (523)]
Resolve Stack: Whenever you attack, for each opponent, create a 1/1 black Ninja creature token that's tapped and attacking that player. [Number Attackers: [Mole Module (64)]]
Add To Stack: Ai(1)-Destyn_Turtles triggered April O'Neil, Live on the Scene
Add To Stack: Ai(1)-Destyn_Turtles triggered April O'Neil, Live on the Scene
Add To Stack: Ai(1)-Destyn_Turtles triggered April O'Neil, Live on the Scene
Resolve Stack: Whenever a Mutant, Ninja, or Turtle you control enters, investigate. (Create a Clue token. It's an artifact with "{2}, Sacrifice this token: Draw a card.") [Zone Changer: Ninja Token (539)]
Resolve Stack: Whenever a Mutant, Ninja, or Turtle you control enters, investigate. (Create a Clue token. It's an artifact with "{2}, Sacrifice this token: Draw a card.") [Zone Changer: Ninja Token (537)]
Resolve Stack: Whenever a Mutant, Ninja, or Turtle you control enters, investigate. (Create a Clue token. It's an artifact with "{2}, Sacrifice this token: Draw a card.") [Zone Changer: Ninja Token (535)]
Resolve Stack: Whenever you attack, for each opponent, create a 1/1 black Ninja creature token that's tapped and attacking that player. [Number Attackers: [Mole Module (64)]]
Add To Stack: Ai(1)-Destyn_Turtles triggered April O'Neil, Live on the Scene
Add To Stack: Ai(1)-Destyn_Turtles triggered April O'Neil, Live on the Scene
Add To Stack: Ai(1)-Destyn_Turtles triggered April O'Neil, Live on the Scene
Resolve Stack: Whenever a Mutant, Ninja, or Turtle you control enters, investigate. (Create a Clue token. It's an artifact with "{2}, Sacrifice this token: Draw a card.") [Zone Changer: Ninja Token (551)]
Resolve Stack: Whenever a Mutant, Ninja, or Turtle you control enters, investigate. (Create a Clue token. It's an artifact with "{2}, Sacrifice this token: Draw a card.") [Zone Changer: Ninja Token (549)]
Resolve Stack: Whenever a Mutant, Ninja, or Turtle you control enters, investigate. (Create a Clue token. It's an artifact with "{2}, Sacrifice this token: Draw a card.") [Zone Changer: Ninja Token (547)]
Phase: Ai(1)-Destyn_Turtles' Declare Blockers Step
Combat: Ai(2)-GGS_Naga_diagnostic didn't block Mole Module (64).
Ai(2)-GGS_Naga_diagnostic assigned Yuriko, the Tiger's Shadow (199) to block Ninja Token (523).
Ai(2)-GGS_Naga_diagnostic assigned Goro-Goro and Satoru (201) to block Ninja Token (535).
Ai(2)-GGS_Naga_diagnostic didn't block Ninja Token (547).
Combat: Ai(3)-Jaymie_Ezio assigned Ezio Auditore da Firenze (302) to block Ninja Token (525).
Ai(3)-Jaymie_Ezio assigned Arno Dorian (226) to block Ninja Token (537).
Ai(3)-Jaymie_Ezio didn't block Ninja Token (549).
Combat: Ai(4)-Gabe_Food assigned Frodo, Adventurous Hobbit (402) to block Ninja Token (527).
Ai(4)-Gabe_Food assigned Sam, Loyal Attendant (404) to block Ninja Token (539).
Ai(4)-Gabe_Food didn't block Ninja Token (551).
Phase: Ai(1)-Destyn_Turtles' First Strike Damage Step
Phase: Ai(1)-Destyn_Turtles' Combat Damage Step
Damage: Mole Module (64) deals 6 combat damage to Ai(2)-GGS_Naga_diagnostic.
Damage: Ninja Token (523) deals 1 damage to Yuriko, the Tiger's Shadow (199).
Damage: Ninja Token (535) deals 1 damage to Goro-Goro and Satoru (201).
Damage: Ninja Token (547) deals 1 combat damage to Ai(2)-GGS_Naga_diagnostic.
Damage: Ninja Token (525) deals 1 damage to Ezio Auditore da Firenze (302).
Damage: Ninja Token (537) deals 1 damage to Arno Dorian (226).
Damage: Ninja Token (549) deals 1 combat damage to Ai(3)-Jaymie_Ezio.
Damage: Ninja Token (527) deals 1 damage to Frodo, Adventurous Hobbit (402).
Damage: Ninja Token (539) deals 1 damage to Sam, Loyal Attendant (404).
Damage: Ninja Token (551) deals 1 combat damage to Ai(4)-Gabe_Food.
Damage: Yuriko, the Tiger's Shadow (199) deals 1 damage to Ninja Token (523).
Damage: Goro-Goro and Satoru (201) deals 3 damage to Ninja Token (535).
Damage: Ezio Auditore da Firenze (302) deals 5 damage to Ninja Token (525).
Damage: Arno Dorian (226) deals 3 damage (Deathtouch) to Ninja Token (537).
Damage: Frodo, Adventurous Hobbit (402) deals 1 damage to Ninja Token (527).
Damage: Sam, Loyal Attendant (404) deals 2 damage to Ninja Token (539).
Life: Life: Ai(2)-GGS_Naga_diagnostic 20 > 13
Life: Life: Ai(3)-Jaymie_Ezio 40 > 39
Life: Life: Ai(4)-Gabe_Food 38 > 37
Zone Change: Ninja Token (523) was put into Graveyard from Battlefield.
Zone Change: Ninja Token (525) was put into Graveyard from Battlefield.
Zone Change: Ninja Token (527) was put into Graveyard from Battlefield.
Zone Change: Ninja Token (535) was put into Graveyard from Battlefield.
Zone Change: Ninja Token (537) was put into Graveyard from Battlefield.
Zone Change: Ninja Token (539) was put into Graveyard from Battlefield.
Add To Stack: Ai(1)-Destyn_Turtles triggered Mole Module
Zone Change: Ai(1)-Destyn_Turtles milled Assassin's Trophy (42), Acidic Slime (62), Super Combo (44) and Level Up (90).
Resolve Stack: Whenever this Vehicle deals combat damage to a player, mill four cards. You may put a permanent card from among them onto the battlefield. [Damage Source: Mole Module (64), Damaged: Ai(2)-GGS_Naga_diagnostic, Amount: 6]
Add To Stack: Ai(1)-Destyn_Turtles triggered Acidic Slime targeting [Moon-Circuit Hacker (191)]
Zone Change: Moon-Circuit Hacker (191) was put into Graveyard from Battlefield.
Resolve Stack: When Acidic Slime enters, destroy target artifact, enchantment, or land. (Targeting: [[Moon-Circuit Hacker (191)]]) [Zone Changer: Acidic Slime (62)]
Phase: Ai(1)-Destyn_Turtles' End of Combat Step
Phase: Ai(1)-Destyn_Turtles' Main phase, postcombat
Add To Stack: Ai(1)-Destyn_Turtles triggered Michelangelo, the Heart targeting [Mole Module (64)]
Resolve Stack: Raid (the Fridge) — At the beginning of your second main phase, if you attacked this turn, put a +1/+1 counter on target creature and create a Food token. (Targeting: [[Mole Module (64)]]) [Phase: Ai(1)-Destyn_Turtles]
Phase: Ai(1)-Destyn_Turtles' End step
Phase: Ai(1)-Destyn_Turtles' Cleanup step
Turn: Turn 35 (Ai(2)-GGS_Naga_diagnostic)
Phase: Ai(2)-GGS_Naga_diagnostic's Untap step
Phase: Ai(2)-GGS_Naga_diagnostic's Upkeep step
Phase: Ai(2)-GGS_Naga_diagnostic's Draw step
Phase: Ai(2)-GGS_Naga_diagnostic's Main phase, precombat
Mana: Watery Grave (172) - {T}: Add {B}.
Mana: Sol Ring (141) - {T}: Add {C}{C}.
Add To Stack: Ai(2)-GGS_Naga_diagnostic cast Feed the Swarm targeting [Tokka & Rahzar, Unsupervised (3)]
Zone Change: Tokka & Rahzar, Unsupervised (3) was put into Graveyard from Battlefield.
Life: Life: Ai(2)-GGS_Naga_diagnostic 13 > 10
Resolve Stack: Feed the Swarm (145) - Destroy Tokka & Rahzar, Unsupervised (3). Ai(2)-GGS_Naga_diagnostic loses 3 life.
Phase: Ai(2)-GGS_Naga_diagnostic's Beginning of Combat Step
Add To Stack: Ai(2)-GGS_Naga_diagnostic triggered Determined Iteration
Resolve Stack: At the beginning of combat on your turn, populate. The token created this way gains haste. Sacrifice it at the beginning of the next end step. (To populate, create a token that's a copy of a creature token you control.) [Phase: Ai(2)-GGS_Naga_diagnostic]
Phase: Ai(2)-GGS_Naga_diagnostic's Declare Attackers Step
Combat: Ai(2)-GGS_Naga_diagnostic assigned Draconic Visitor (115) to attack Ai(1)-Destyn_Turtles.
Phase: Ai(2)-GGS_Naga_diagnostic's Declare Blockers Step
Combat: Ai(1)-Destyn_Turtles didn't block Draconic Visitor (115).
Phase: Ai(2)-GGS_Naga_diagnostic's First Strike Damage Step
Phase: Ai(2)-GGS_Naga_diagnostic's Combat Damage Step
Damage: Draconic Visitor (115) deals 5 combat damage to Ai(1)-Destyn_Turtles.
Life: Life: Ai(1)-Destyn_Turtles 31 > 26
Phase: Ai(2)-GGS_Naga_diagnostic's End of Combat Step
Phase: Ai(2)-GGS_Naga_diagnostic's Main phase, postcombat
Phase: Ai(2)-GGS_Naga_diagnostic's End step
Add To Stack: Ai(2)-GGS_Naga_diagnostic triggered Determined Iteration
Resolve Stack: Sacrifice  at the beginning of the next end step. [Phase: Ai(2)-GGS_Naga_diagnostic]
Phase: Ai(2)-GGS_Naga_diagnostic's Cleanup step
Turn: Turn 36 (Ai(3)-Jaymie_Ezio)
Phase: Ai(3)-Jaymie_Ezio's Untap step
Phase: Ai(3)-Jaymie_Ezio's Upkeep step
Phase: Ai(3)-Jaymie_Ezio's Draw step
Phase: Ai(3)-Jaymie_Ezio's Main phase, precombat
Mana: Chromatic Lantern (299) - {T}: Add one mana of any color.
Mana: Mountain (289) - {T}: Add one mana of any color.
Add To Stack: Ai(3)-Jaymie_Ezio activated Vorpal Sword targeting [Ezio Auditore da Firenze (302)]
Resolve Stack: Vorpal Sword (212) -  Attach to Ezio Auditore da Firenze (302)
Mana: Thriving Grove (229) - {T}: Add {G} or one mana of the chosen color.
Mana: Smoldering Marsh (273) - {T}: Add {R}.
Mana: Command Tower (234) - {T}: Add one mana of any color.
Add To Stack: Ai(3)-Jaymie_Ezio cast Sword of Feast and Famine
Resolve Stack: Sword of Feast and Famine
Mana: Twilight Mire (271) - {T}: Add {C}.
Mana: Kessig Wolf Run (206) - {T}: Add {C}.
Add To Stack: Ai(3)-Jaymie_Ezio activated Sword of Feast and Famine targeting [Ezio Auditore da Firenze (302)]
Resolve Stack: Sword of Feast and Famine (296) -  Attach to Ezio Auditore da Firenze (302)
Phase: Ai(3)-Jaymie_Ezio's Beginning of Combat Step
Phase: Ai(3)-Jaymie_Ezio's Declare Attackers Step
Combat: Ai(3)-Jaymie_Ezio assigned Ezio Auditore da Firenze (302) to attack Ai(1)-Destyn_Turtles.
Phase: Ai(3)-Jaymie_Ezio's Declare Blockers Step
Combat: Ai(1)-Destyn_Turtles didn't block Ezio Auditore da Firenze (302).
Phase: Ai(3)-Jaymie_Ezio's First Strike Damage Step
Phase: Ai(3)-Jaymie_Ezio's Combat Damage Step
Damage: Ezio Auditore da Firenze (302) deals 7 combat damage to Ai(1)-Destyn_Turtles.
Life: Life: Ai(1)-Destyn_Turtles 26 > 19
Add To Stack: Ai(3)-Jaymie_Ezio triggered Ezio Auditore da Firenze
Add To Stack: Ai(3)-Jaymie_Ezio triggered Sword of Feast and Famine
Add To Stack: Ai(3)-Jaymie_Ezio triggered Vraska Joins Up
Resolve Stack: Whenever a legendary creature you control deals combat damage to a player, draw a card. [Damage Source: Ezio Auditore da Firenze (302), Damaged: Ai(1)-Destyn_Turtles, Amount: 7]
Add To Stack: Ai(1)-Destyn_Turtles triggered Krang, the All-Powerful
Add To Stack: Ai(1)-Destyn_Turtles triggered Krang, the All-Powerful
Resolve Stack: Whenever a player draws their second card each turn, put a +1/+1 counter on Krang. [Player: Ai(3)-Jaymie_Ezio]
Resolve Stack: Whenever a player draws their second card each turn, put a +1/+1 counter on Krang. [Player: Ai(3)-Jaymie_Ezio]
Discard: Ai(1)-Destyn_Turtles discards Dimension X Pizzasaur (39).
Resolve Stack: Whenever equipped creature deals combat damage to a player, that player discards a card and you untap all lands you control. [Damage Source: Ezio Auditore da Firenze (302), Damaged: Ai(1)-Destyn_Turtles, Amount: 7]
Resolve Stack: Whenever Ezio deals combat damage to a player, you may pay {W}{U}{B}{R}{G} if that player has 10 or less life. When you do, that player loses the game. [Damage Source: Ezio Auditore da Firenze (302), Damaged: Ai(1)-Destyn_Turtles, Amount: 7]
Phase: Ai(3)-Jaymie_Ezio's End of Combat Step
Phase: Ai(3)-Jaymie_Ezio's Main phase, postcombat
Land: Ai(3)-Jaymie_Ezio played Mountain (290)
Mana: Mountain (289) - {T}: Add one mana of any color.
Mana: Mountain (290) - {T}: Add one mana of any color.
Add To Stack: Ai(3)-Jaymie_Ezio cast Lydia Frye
Resolve Stack: Lydia Frye - Creature 3 / 2
Mana: Thriving Grove (229) - {T}: Add {G} or one mana of the chosen color.
Mana: Smoldering Marsh (273) - {T}: Add {B}.
Add To Stack: Ai(3)-Jaymie_Ezio activated Vorpal Sword targeting [Lydia Frye (287)]
Resolve Stack: Vorpal Sword (212) -  Attach to Lydia Frye (287)
Phase: Ai(3)-Jaymie_Ezio's End step
Add To Stack: Ai(3)-Jaymie_Ezio triggered Lydia Frye
Resolve Stack: Ai(3)-Jaymie_Ezio surveiled 1 card(s) to the graveyard
Resolve Stack: At the beginning of your end step, surveil X, where X is the number of tapped Assassins you control. (Look at the top X cards of your library, then put any number of them into your graveyard and the rest on top of your library in any order.) [Phase: Ai(3)-Jaymie_Ezio]
Phase: Ai(3)-Jaymie_Ezio's Cleanup step
Turn: Turn 37 (Ai(4)-Gabe_Food)
Phase: Ai(4)-Gabe_Food's Untap step
Phase: Ai(4)-Gabe_Food's Upkeep step
Phase: Ai(4)-Gabe_Food's Draw step
Phase: Ai(4)-Gabe_Food's Main phase, precombat
Mana: Chromatic Lantern (401) - {T}: Add one mana of any color.
Mana: Swamp (365) - {T}: Add {B}.
Mana: Plains (392) - {T}: Add {W}.
Add To Stack: Ai(4)-Gabe_Food cast Mentor of the Meek
Resolve Stack: Mentor of the Meek - Creature 2 / 2
Phase: Ai(4)-Gabe_Food's Beginning of Combat Step
Add To Stack: Ai(4)-Gabe_Food triggered Sam, Loyal Attendant
Resolve Stack: At the beginning of combat on your turn, create a Food token. (It's an artifact with "{2}, {T}, Sacrifice this token: You gain 3 life.") [Phase: Ai(4)-Gabe_Food]
Phase: Ai(4)-Gabe_Food's Declare Attackers Step
Phase: Ai(4)-Gabe_Food's Declare Blockers Step
Phase: Ai(4)-Gabe_Food's First Strike Damage Step
Phase: Ai(4)-Gabe_Food's Combat Damage Step
Phase: Ai(4)-Gabe_Food's End of Combat Step
Phase: Ai(4)-Gabe_Food's Main phase, postcombat
Mana: Necroblossom Snarl (367) - {T}: Add {B} or {G}.
Mana: Command Tower (333) - {T}: Add one mana of any color in your commander's color identity.
Mana: Prize Pig (332) - {T}: Add one mana of any color.
Mana: Rogue's Passage (331) - {T}: Add {C}.
Add To Stack: Ai(4)-Gabe_Food cast Well of Lost Dreams
Resolve Stack: Well of Lost Dreams
Phase: Ai(4)-Gabe_Food's End step
Phase: Ai(4)-Gabe_Food's Cleanup step
Turn: Turn 38 (Ai(1)-Destyn_Turtles)
Phase: Ai(1)-Destyn_Turtles' Untap step
Phase: Ai(1)-Destyn_Turtles' Upkeep step
Phase: Ai(1)-Destyn_Turtles' Draw step
Mana: Mountain (86) - {T}: Add {R}.
Mana: Plains (88) - {T}: Add {W}.
Mana: Island (29) - {T}: Add {U}.
Add To Stack: Ai(1)-Destyn_Turtles cast Special Move
Zone Change: Well of Lost Dreams (351) was put into Graveyard from Battlefield.
Damage: Krang, the All-Powerful (22) deals 5 damage to Ezio Auditore da Firenze (302).
Zone Change: Krang, the All-Powerful (22) was put into Graveyard from Battlefield.
Resolve Stack: Special Move (84) -  Jump Kick — Destroy Well of Lost Dreams (351). Foot Toss — Krang, the All-Powerful (22) deals damage equal to its power to Ezio Auditore da Firenze (302). Then sacrifice it. 
Zone Change: Ezio Auditore da Firenze (302) was put into Graveyard from Battlefield.
Phase: Ai(1)-Destyn_Turtles' Main phase, precombat
Phase: Ai(1)-Destyn_Turtles' Beginning of Combat Step
Add To Stack: Ai(1)-Destyn_Turtles activated Mole Module
Resolve Stack: Mole Module (64) - Mole Module (64) becomes an artifact creature until end of turn.
Phase: Ai(1)-Destyn_Turtles' Declare Attackers Step
Combat: Ai(1)-Destyn_Turtles assigned Mole Module (64) and Acidic Slime (62) to attack Ai(2)-GGS_Naga_diagnostic.
Add To Stack: Ai(1)-Destyn_Turtles triggered Endless Foot Assault
Add To Stack: Ai(1)-Destyn_Turtles triggered Endless Foot Assault
Add To Stack: Ai(1)-Destyn_Turtles triggered Endless Foot Assault
Resolve Stack: Whenever you attack, for each opponent, create a 1/1 black Ninja creature token that's tapped and attacking that player. [Number Attackers: [Mole Module (64), Acidic Slime (62)]]
Add To Stack: Ai(1)-Destyn_Turtles triggered April O'Neil, Live on the Scene
Add To Stack: Ai(1)-Destyn_Turtles triggered April O'Neil, Live on the Scene
Add To Stack: Ai(1)-Destyn_Turtles triggered April O'Neil, Live on the Scene
Resolve Stack: Whenever a Mutant, Ninja, or Turtle you control enters, investigate. (Create a Clue token. It's an artifact with "{2}, Sacrifice this token: Draw a card.") [Zone Changer: Ninja Token (584)]
Resolve Stack: Whenever a Mutant, Ninja, or Turtle you control enters, investigate. (Create a Clue token. It's an artifact with "{2}, Sacrifice this token: Draw a card.") [Zone Changer: Ninja Token (582)]
Resolve Stack: Whenever a Mutant, Ninja, or Turtle you control enters, investigate. (Create a Clue token. It's an artifact with "{2}, Sacrifice this token: Draw a card.") [Zone Changer: Ninja Token (580)]
Resolve Stack: Whenever you attack, for each opponent, create a 1/1 black Ninja creature token that's tapped and attacking that player. [Number Attackers: [Mole Module (64), Acidic Slime (62)]]
Add To Stack: Ai(1)-Destyn_Turtles triggered April O'Neil, Live on the Scene
Add To Stack: Ai(1)-Destyn_Turtles triggered April O'Neil, Live on the Scene
Add To Stack: Ai(1)-Destyn_Turtles triggered April O'Neil, Live on the Scene
Resolve Stack: Whenever a Mutant, Ninja, or Turtle you control enters, investigate. (Create a Clue token. It's an artifact with "{2}, Sacrifice this token: Draw a card.") [Zone Changer: Ninja Token (604)]
Resolve Stack: Whenever a Mutant, Ninja, or Turtle you control enters, investigate. (Create a Clue token. It's an artifact with "{2}, Sacrifice this token: Draw a card.") [Zone Changer: Ninja Token (602)]
Resolve Stack: Whenever a Mutant, Ninja, or Turtle you control enters, investigate. (Create a Clue token. It's an artifact with "{2}, Sacrifice this token: Draw a card.") [Zone Changer: Ninja Token (600)]
Resolve Stack: Whenever you attack, for each opponent, create a 1/1 black Ninja creature token that's tapped and attacking that player. [Number Attackers: [Mole Module (64), Acidic Slime (62)]]
Add To Stack: Ai(1)-Destyn_Turtles triggered April O'Neil, Live on the Scene
Add To Stack: Ai(1)-Destyn_Turtles triggered April O'Neil, Live on the Scene
Add To Stack: Ai(1)-Destyn_Turtles triggered April O'Neil, Live on the Scene
Resolve Stack: Whenever a Mutant, Ninja, or Turtle you control enters, investigate. (Create a Clue token. It's an artifact with "{2}, Sacrifice this token: Draw a card.") [Zone Changer: Ninja Token (624)]
Resolve Stack: Whenever a Mutant, Ninja, or Turtle you control enters, investigate. (Create a Clue token. It's an artifact with "{2}, Sacrifice this token: Draw a card.") [Zone Changer: Ninja Token (622)]
Resolve Stack: Whenever a Mutant, Ninja, or Turtle you control enters, investigate. (Create a Clue token. It's an artifact with "{2}, Sacrifice this token: Draw a card.") [Zone Changer: Ninja Token (620)]
Phase: Ai(1)-Destyn_Turtles' Declare Blockers Step
Combat: Ai(2)-GGS_Naga_diagnostic didn't block Mole Module (64).
Ai(2)-GGS_Naga_diagnostic assigned Goro-Goro and Satoru (201) to block Acidic Slime (62).
Ai(2)-GGS_Naga_diagnostic assigned Yuriko, the Tiger's Shadow (199) to block Ninja Token (580).
Ai(2)-GGS_Naga_diagnostic didn't block Ninja Token (600).
Ai(2)-GGS_Naga_diagnostic didn't block Ninja Token (620).
Combat: Ai(3)-Jaymie_Ezio assigned Arno Dorian (226) to block Ninja Token (582).
Ai(3)-Jaymie_Ezio assigned Lydia Frye (287) to block Ninja Token (602).
Ai(3)-Jaymie_Ezio didn't block Ninja Token (622).
Combat: Ai(4)-Gabe_Food assigned Mentor of the Meek (380) to block Ninja Token (584).
Ai(4)-Gabe_Food assigned Frodo, Adventurous Hobbit (402) to block Ninja Token (604).
Ai(4)-Gabe_Food assigned Pippin, Warden of Isengard (343) to block Ninja Token (624).
Phase: Ai(1)-Destyn_Turtles' First Strike Damage Step
Phase: Ai(1)-Destyn_Turtles' Combat Damage Step
Damage: Mole Module (64) deals 7 combat damage to Ai(2)-GGS_Naga_diagnostic.
Damage: Acidic Slime (62) deals 2 damage (Deathtouch) to Goro-Goro and Satoru (201).
Damage: Ninja Token (580) deals 1 damage to Yuriko, the Tiger's Shadow (199).
Damage: Ninja Token (600) deals 1 combat damage to Ai(2)-GGS_Naga_diagnostic.
Damage: Ninja Token (620) deals 1 combat damage to Ai(2)-GGS_Naga_diagnostic.
Damage: Ninja Token (582) deals 1 damage to Arno Dorian (226).
Damage: Ninja Token (602) deals 1 damage to Lydia Frye (287).
Damage: Ninja Token (622) deals 1 combat damage to Ai(3)-Jaymie_Ezio.
Damage: Ninja Token (584) deals 1 damage to Mentor of the Meek (380).
Damage: Ninja Token (604) deals 1 damage to Frodo, Adventurous Hobbit (402).
Damage: Ninja Token (624) deals 1 damage to Pippin, Warden of Isengard (343).
Damage: Goro-Goro and Satoru (201) deals 3 damage to Acidic Slime (62).
Damage: Yuriko, the Tiger's Shadow (199) deals 1 damage to Ninja Token (580).
Damage: Arno Dorian (226) deals 3 damage (Deathtouch) to Ninja Token (582).
Damage: Lydia Frye (287) deals 7 damage (Deathtouch) to Ninja Token (602).
Damage: Mentor of the Meek (380) deals 2 damage to Ninja Token (584).
Damage: Frodo, Adventurous Hobbit (402) deals 1 damage to Ninja Token (604).
Damage: Pippin, Warden of Isengard (343) deals 2 damage to Ninja Token (624).
Life: Life: Ai(2)-GGS_Naga_diagnostic 10 > 1
Life: Life: Ai(3)-Jaymie_Ezio 39 > 38
Zone Change: Acidic Slime (62) was put into Graveyard from Battlefield.
Zone Change: Ninja Token (580) was put into Graveyard from Battlefield.
Zone Change: Ninja Token (582) was put into Graveyard from Battlefield.
Zone Change: Ninja Token (584) was put into Graveyard from Battlefield.
Zone Change: Ninja Token (602) was put into Graveyard from Battlefield.
Zone Change: Ninja Token (604) was put into Graveyard from Battlefield.
Zone Change: Ninja Token (624) was put into Graveyard from Battlefield.
Zone Change: Goro-Goro and Satoru (201) was put into Graveyard from Battlefield.
Add To Stack: Ai(1)-Destyn_Turtles triggered Mole Module
Zone Change: Ai(1)-Destyn_Turtles milled Everything Pizza (66), Arcade Cabinet (59), Shellshock (13) and Ash Barrens (70).
Resolve Stack: Whenever this Vehicle deals combat damage to a player, mill four cards. You may put a permanent card from among them onto the battlefield. [Damage Source: Mole Module (64), Damaged: Ai(2)-GGS_Naga_diagnostic, Amount: 7]
Add To Stack: Ai(1)-Destyn_Turtles triggered Arcade Cabinet targeting [Mole Module (64), Mona Lisa, Science Geek (61), Michelangelo, the Heart (99), April O'Neil, Live on the Scene (91)]
Resolve Stack: When this artifact enters, put a +1/+1 counter on each of up to four target creatures. (Targeting: [[Mole Module (64), Mona Lisa, Science Geek (61), Michelangelo, the Heart (99), April O'Neil, Live on the Scene (91)]]) [Zone Changer: Arcade Cabinet (59)]
Mana: Hinterland Harbor (23) - {T}: Add {G} or {U}.
Mana: Sunken Hollow (24) - {T}: Add {B}.
Zone Change: Clue Token (543) was put into Graveyard from Battlefield.
Add To Stack: Ai(1)-Destyn_Turtles activated Arcade Cabinet targeting [Mole Module (64)]
Resolve Stack: Arcade Cabinet (59) - Double the number of each kind of counter on Mole Module (64).
Phase: Ai(1)-Destyn_Turtles' End of Combat Step
Phase: Ai(1)-Destyn_Turtles' Main phase, postcombat
Add To Stack: Ai(1)-Destyn_Turtles triggered Michelangelo, the Heart targeting [Mole Module (64)]
Resolve Stack: Raid (the Fridge) — At the beginning of your second main phase, if you attacked this turn, put a +1/+1 counter on target creature and create a Food token. (Targeting: [[Mole Module (64)]]) [Phase: Ai(1)-Destyn_Turtles]
Phase: Ai(1)-Destyn_Turtles' End step
Phase: Ai(1)-Destyn_Turtles' Cleanup step
Turn: Turn 39 (Ai(2)-GGS_Naga_diagnostic)
Phase: Ai(2)-GGS_Naga_diagnostic's Untap step
Phase: Ai(2)-GGS_Naga_diagnostic's Upkeep step
Phase: Ai(2)-GGS_Naga_diagnostic's Draw step
Mana: Watery Grave (172) - {T}: Add {B}.
Mana: Blazemire Verge (108) - {T}: Add {B}.
Mana: Sol Ring (141) - {T}: Add {C}{C}.
Add To Stack: Ai(2)-GGS_Naga_diagnostic cast Fell the Profane targeting [Mona Lisa, Science Geek (61)]
Zone Change: Mona Lisa, Science Geek (61) was put into Graveyard from Battlefield.
Resolve Stack: Fell the Profane (169) - Destroy Mona Lisa, Science Geek (61).
Phase: Ai(2)-GGS_Naga_diagnostic's Main phase, precombat
Phase: Ai(2)-GGS_Naga_diagnostic's Beginning of Combat Step
Add To Stack: Ai(2)-GGS_Naga_diagnostic triggered Determined Iteration
Resolve Stack: At the beginning of combat on your turn, populate. The token created this way gains haste. Sacrifice it at the beginning of the next end step. (To populate, create a token that's a copy of a creature token you control.) [Phase: Ai(2)-GGS_Naga_diagnostic]
Phase: Ai(2)-GGS_Naga_diagnostic's Declare Attackers Step
Phase: Ai(2)-GGS_Naga_diagnostic's Declare Blockers Step
Phase: Ai(2)-GGS_Naga_diagnostic's First Strike Damage Step
Phase: Ai(2)-GGS_Naga_diagnostic's Combat Damage Step
Phase: Ai(2)-GGS_Naga_diagnostic's End of Combat Step
Phase: Ai(2)-GGS_Naga_diagnostic's Main phase, postcombat
Phase: Ai(2)-GGS_Naga_diagnostic's End step
Add To Stack: Ai(2)-GGS_Naga_diagnostic triggered Determined Iteration
Resolve Stack: Sacrifice  at the beginning of the next end step. [Phase: Ai(2)-GGS_Naga_diagnostic]
Phase: Ai(2)-GGS_Naga_diagnostic's Cleanup step
Turn: Turn 40 (Ai(3)-Jaymie_Ezio)
Phase: Ai(3)-Jaymie_Ezio's Untap step
Phase: Ai(3)-Jaymie_Ezio's Upkeep step
Phase: Ai(3)-Jaymie_Ezio's Draw step
Phase: Ai(3)-Jaymie_Ezio's Main phase, precombat
Mana: Chromatic Lantern (299) - {T}: Add one mana of any color.
Mana: Mountain (289) - {T}: Add {R}.
Add To Stack: Ai(3)-Jaymie_Ezio activated Sword of Feast and Famine targeting [Lydia Frye (287)]
Resolve Stack: Sword of Feast and Famine (296) -  Attach to Lydia Frye (287)
Phase: Ai(3)-Jaymie_Ezio's Beginning of Combat Step
Phase: Ai(3)-Jaymie_Ezio's Declare Attackers Step
Combat: Ai(3)-Jaymie_Ezio assigned Lydia Frye (287), Arno Dorian (226) and Shay Cormac (274) to attack Ai(1)-Destyn_Turtles.
Phase: Ai(3)-Jaymie_Ezio's Declare Blockers Step
Combat: Ai(1)-Destyn_Turtles didn't block Lydia Frye (287).
Ai(1)-Destyn_Turtles assigned Ninja Token (547) and Michelangelo, the Heart (99) to block Arno Dorian (226).
Ai(1)-Destyn_Turtles assigned April O'Neil, Live on the Scene (91) to block Shay Cormac (274).
Mana: Mountain (290) - {T}: Add one mana of any color.
Mana: Thriving Grove (229) - {T}: Add one mana of any color.
Mana: Smoldering Marsh (273) - {T}: Add {R}.
Mana: Command Tower (234) - {T}: Add one mana of any color.
Mana: Twilight Mire (271) - {T}: Add {C}.
Add To Stack: Ai(3)-Jaymie_Ezio activated Kessig Wolf Run targeting [Lydia Frye (287)]
Resolve Stack: Kessig Wolf Run (206) - Lydia Frye (287) gets +3/+0 and gains trample until end of turn. (X=3)
Phase: Ai(3)-Jaymie_Ezio's First Strike Damage Step
Phase: Ai(3)-Jaymie_Ezio's Combat Damage Step
Damage: Lydia Frye (287) deals 10 combat damage to Ai(1)-Destyn_Turtles.
Damage: Arno Dorian (226) deals 1 damage (Deathtouch) to Michelangelo, the Heart (99).
Damage: Arno Dorian (226) deals 2 damage (Deathtouch) to Ninja Token (547).
Damage: Shay Cormac (274) deals 1 damage (Deathtouch) to April O'Neil, Live on the Scene (91).
Damage: Ninja Token (547) deals 1 damage to Arno Dorian (226).
Damage: Michelangelo, the Heart (99) deals 3 damage to Arno Dorian (226).
Damage: April O'Neil, Live on the Scene (91) deals 3 damage to Shay Cormac (274).
Life: Life: Ai(1)-Destyn_Turtles 19 > 9
Zone Change: Shay Cormac (274) was put into Graveyard from Battlefield.
Zone Change: Arno Dorian (226) was put into Graveyard from Battlefield.
Zone Change: Michelangelo, the Heart (99) was put into Graveyard from Battlefield.
Zone Change: April O'Neil, Live on the Scene (91) was put into Graveyard from Battlefield.
Zone Change: Ninja Token (547) was put into Graveyard from Battlefield.
Add To Stack: Ai(3)-Jaymie_Ezio triggered Sword of Feast and Famine
Add To Stack: Ai(3)-Jaymie_Ezio triggered Vraska Joins Up
Resolve Stack: Whenever a legendary creature you control deals combat damage to a player, draw a card. [Damage Source: Lydia Frye (287), Damaged: Ai(1)-Destyn_Turtles, Amount: 10]
Discard: Ai(1)-Destyn_Turtles discards Harmonize (63).
Resolve Stack: Whenever equipped creature deals combat damage to a player, that player discards a card and you untap all lands you control. [Damage Source: Lydia Frye (287), Damaged: Ai(1)-Destyn_Turtles, Amount: 10]
Phase: Ai(3)-Jaymie_Ezio's End of Combat Step
Phase: Ai(3)-Jaymie_Ezio's Main phase, postcombat
Mana: Mountain (289) - {T}: Add one mana of any color.
Mana: Mountain (290) - {T}: Add one mana of any color.
Mana: Thriving Grove (229) - {T}: Add one mana of any color.
Discard: Ai(3)-Jaymie_Ezio discards Twisted Landscape (211).
Add To Stack: Ai(3)-Jaymie_Ezio activated Twisted Landscape
Resolve Stack: Twisted Landscape (211) - Ai(3)-Jaymie_Ezio draws a card.
Mana: Smoldering Marsh (273) - {T}: Add one mana of any color.
Mana: Command Tower (234) - {T}: Add one mana of any color.
Mana: Twilight Mire (271) - {T}: Add {C}.
Add To Stack: Ai(3)-Jaymie_Ezio cast Caduceus, Staff of Hermes
Resolve Stack: Caduceus, Staff of Hermes
Phase: Ai(3)-Jaymie_Ezio's End step
Add To Stack: Ai(3)-Jaymie_Ezio triggered Lydia Frye
Resolve Stack: Ai(3)-Jaymie_Ezio surveiled 1 card(s) to the graveyard
Resolve Stack: At the beginning of your end step, surveil X, where X is the number of tapped Assassins you control. (Look at the top X cards of your library, then put any number of them into your graveyard and the rest on top of your library in any order.) [Phase: Ai(3)-Jaymie_Ezio]
Phase: Ai(3)-Jaymie_Ezio's Cleanup step
Turn: Turn 41 (Ai(4)-Gabe_Food)
Phase: Ai(4)-Gabe_Food's Untap step
Phase: Ai(4)-Gabe_Food's Upkeep step
Phase: Ai(4)-Gabe_Food's Draw step
Mana: Chromatic Lantern (401) - {T}: Add one mana of any color.
Mana: Swamp (365) - {T}: Add {B}.
Mana: Plains (392) - {T}: Add {W}.
Add To Stack: Ai(4)-Gabe_Food cast Mortify targeting [Endless Foot Assault (513)]
Zone Change: Endless Foot Assault (513) was put into Graveyard from Battlefield.
Resolve Stack: Mortify (368) - Destroy Endless Foot Assault (513).
Player Control: Ai(1)-Destyn_Turtles has restored control over themself
Player Control: Ai(2)-GGS_Naga_diagnostic has restored control over themself
Player Control: Ai(3)-Jaymie_Ezio has restored control over themself
Player Control: Ai(4)-Gabe_Food has restored control over themself
Game Outcome: Match Duration 3m : 58s
Game Outcome: Turn 21
Game Outcome: Ai(1)-Destyn_Turtles has won because all opponents have lost
Game Outcome: Ai(2)-GGS_Naga_diagnostic has won because all opponents have lost
Game Outcome: Ai(3)-Jaymie_Ezio has won because all opponents have lost
Game Outcome: Ai(4)-Gabe_Food has won because all opponents have lost
Match Result: Ai(1)-Destyn_Turtles: 0 Ai(2)-GGS_Naga_diagnostic: 0 Ai(3)-Jaymie_Ezio: 0 Ai(4)-Gabe_Food: 1 

Game Result: Game 1 ended in 240117 ms. Ai(4)-Gabe_Food has won!

