Error handling registered!
21:00:42 [INFO ] GuiBase: ##########################################
21:00:42 [INFO ] GuiBase: APP: Forge v.2.0.15-SNAPSHOT-09.28
21:00:42 [INFO ] GuiBase: Java: 17.0.20 (Ubuntu)
21:00:42 [INFO ] GuiBase: OS: Linux 6.18.44 amd64
21:00:42 [INFO ] GuiBase: RAM: 1536 MB max, 8 CPUs
21:00:42 [INFO ] GuiBase: ##########################################
Language 'en-US' loaded successfully.
(ThreadUtil first call): Running with priority 5
Read cards: 34010 archived files in 1 ms (25 parts) using thread pool
Upcoming set Star Trek (TRK) dated in the future. All `upcoming` cards will be added to this set with unknown rarity.
The card A-Alrund's Epiphany was not assigned to any set. Adding it to UNKNOWN set... to fix see res/editions/ folder. 
The card A-Baba Lysaga, Night Witch was not assigned to any set. Adding it to UNKNOWN set... to fix see res/editions/ folder. 
The card A-Divide by Zero was not assigned to any set. Adding it to UNKNOWN set... to fix see res/editions/ folder. 
The card A-Esika's Chariot was not assigned to any set. Adding it to UNKNOWN set... to fix see res/editions/ folder. 
The card A-Faceless Haven was not assigned to any set. Adding it to UNKNOWN set... to fix see res/editions/ folder. 
The card A-Fires of Invention was not assigned to any set. Adding it to UNKNOWN set... to fix see res/editions/ folder. 
The card A-Goldspan Dragon was not assigned to any set. Adding it to UNKNOWN set... to fix see res/editions/ folder. 
The card A-Hullbreaker Horror was not assigned to any set. Adding it to UNKNOWN set... to fix see res/editions/ folder. 
The card A-Kumano Faces Kakkazan was not assigned to any set. Adding it to UNKNOWN set... to fix see res/editions/ folder. 
The card A-Luminarch Aspirant was not assigned to any set. Adding it to UNKNOWN set... to fix see res/editions/ folder. 
The card A-Monster Manual was not assigned to any set. Adding it to UNKNOWN set... to fix see res/editions/ folder. 
The card A-Omnath, Locus of Creation was not assigned to any set. Adding it to UNKNOWN set... to fix see res/editions/ folder. 
The card A-The Meathook Massacre was not assigned to any set. Adding it to UNKNOWN set... to fix see res/editions/ folder. 
The card A-Unholy Heat was not assigned to any set. Adding it to UNKNOWN set... to fix see res/editions/ folder. 
The card Blinding Radiance was not assigned to any set. Adding it to UNKNOWN set... to fix see res/editions/ folder. 
The card Goblin Bruiser was not assigned to any set. Adding it to UNKNOWN set... to fix see res/editions/ folder. 
The card Ogre Painbringer was not assigned to any set. Adding it to UNKNOWN set... to fix see res/editions/ folder. 
The card Titanic Pelagosaur was not assigned to any set. Adding it to UNKNOWN set... to fix see res/editions/ folder. 
The card Treetop Recluse was not assigned to any set. Adding it to UNKNOWN set... to fix see res/editions/ folder. 
Upcoming set Star Trek (TRK) dated in the future. All `upcoming` cards will be added to this set with unknown rarity.
Read cards: 854 files in 0 ms (8 parts) using thread pool
Simulation mode
Ai(1)-Jaymie_Ezio vs Ai(2)-Gabe_Food vs Ai(3)-Destyn_Turtles vs Ai(4)-GGS_Cruise_diagnostic - one game of Commander seed 20260930
Mulligan: Ai(4)-GGS_Cruise_diagnostic has kept a hand of 7 cards
Mulligan: Ai(1)-Jaymie_Ezio has kept a hand of 7 cards
Mulligan: Ai(2)-Gabe_Food has kept a hand of 7 cards
Mulligan: Ai(3)-Destyn_Turtles has kept a hand of 7 cards
Turn: Turn 1 (Ai(4)-GGS_Cruise_diagnostic)
Phase: Ai(4)-GGS_Cruise_diagnostic's Untap step
Phase: Ai(4)-GGS_Cruise_diagnostic's Upkeep step
Phase: Ai(4)-GGS_Cruise_diagnostic's Draw step
Phase: Ai(4)-GGS_Cruise_diagnostic's Main phase, precombat
Replacement Effect: Training Center enters tapped unless you have two or more opponents.
Land: Ai(4)-GGS_Cruise_diagnostic played Training Center (332)
Phase: Ai(4)-GGS_Cruise_diagnostic's Beginning of Combat Step
Phase: Ai(4)-GGS_Cruise_diagnostic's Declare Attackers Step
Phase: Ai(4)-GGS_Cruise_diagnostic's Declare Blockers Step
Phase: Ai(4)-GGS_Cruise_diagnostic's First Strike Damage Step
Phase: Ai(4)-GGS_Cruise_diagnostic's Combat Damage Step
Phase: Ai(4)-GGS_Cruise_diagnostic's End of Combat Step
Phase: Ai(4)-GGS_Cruise_diagnostic's Main phase, postcombat
Mana: Training Center (332) - {T}: Add {U} or {R}.
Add To Stack: Ai(4)-GGS_Cruise_diagnostic cast Sol Ring
Resolve Stack: Sol Ring
Mana: Sol Ring (343) - {T}: Add {C}{C}.
Add To Stack: Ai(4)-GGS_Cruise_diagnostic cast Talisman of Indulgence
Resolve Stack: Talisman of Indulgence
Phase: Ai(4)-GGS_Cruise_diagnostic's End step
Phase: Ai(4)-GGS_Cruise_diagnostic's Cleanup step
Turn: Turn 2 (Ai(1)-Jaymie_Ezio)
Phase: Ai(1)-Jaymie_Ezio's Untap step
Phase: Ai(1)-Jaymie_Ezio's Upkeep step
Phase: Ai(1)-Jaymie_Ezio's Draw step
Phase: Ai(1)-Jaymie_Ezio's Main phase, precombat
Land: Ai(1)-Jaymie_Ezio played Command Tower (32)
Phase: Ai(1)-Jaymie_Ezio's Beginning of Combat Step
Phase: Ai(1)-Jaymie_Ezio's Declare Attackers Step
Phase: Ai(1)-Jaymie_Ezio's Declare Blockers Step
Phase: Ai(1)-Jaymie_Ezio's First Strike Damage Step
Phase: Ai(1)-Jaymie_Ezio's Combat Damage Step
Phase: Ai(1)-Jaymie_Ezio's End of Combat Step
Phase: Ai(1)-Jaymie_Ezio's Main phase, postcombat
Mana: Command Tower (32) - {T}: Add one mana of any color in your commander's color identity.
Add To Stack: Ai(1)-Jaymie_Ezio cast Assassin Initiate
Resolve Stack: Assassin Initiate - Creature 1 / 1
Phase: Ai(1)-Jaymie_Ezio's End step
Phase: Ai(1)-Jaymie_Ezio's Cleanup step
Turn: Turn 3 (Ai(2)-Gabe_Food)
Phase: Ai(2)-Gabe_Food's Untap step
Phase: Ai(2)-Gabe_Food's Upkeep step
Phase: Ai(2)-Gabe_Food's Draw step
Phase: Ai(2)-Gabe_Food's Main phase, precombat
Land: Ai(2)-Gabe_Food played Forest (140)
Phase: Ai(2)-Gabe_Food's Beginning of Combat Step
Phase: Ai(2)-Gabe_Food's Declare Attackers Step
Phase: Ai(2)-Gabe_Food's Declare Blockers Step
Phase: Ai(2)-Gabe_Food's First Strike Damage Step
Phase: Ai(2)-Gabe_Food's Combat Damage Step
Phase: Ai(2)-Gabe_Food's End of Combat Step
Phase: Ai(2)-Gabe_Food's Main phase, postcombat
Phase: Ai(2)-Gabe_Food's End step
Phase: Ai(2)-Gabe_Food's Cleanup step
Turn: Turn 4 (Ai(3)-Destyn_Turtles)
Phase: Ai(3)-Destyn_Turtles' Untap step
Phase: Ai(3)-Destyn_Turtles' Upkeep step
Phase: Ai(3)-Destyn_Turtles' Draw step
Phase: Ai(3)-Destyn_Turtles' Main phase, precombat
Replacement Effect: This land enters tapped unless you control two or more basic lands.
Land: Ai(3)-Destyn_Turtles played Sodden Verdure (283)
Phase: Ai(3)-Destyn_Turtles' Beginning of Combat Step
Phase: Ai(3)-Destyn_Turtles' Declare Attackers Step
Phase: Ai(3)-Destyn_Turtles' Declare Blockers Step
Phase: Ai(3)-Destyn_Turtles' First Strike Damage Step
Phase: Ai(3)-Destyn_Turtles' Combat Damage Step
Phase: Ai(3)-Destyn_Turtles' End of Combat Step
Phase: Ai(3)-Destyn_Turtles' Main phase, postcombat
Phase: Ai(3)-Destyn_Turtles' End step
Phase: Ai(3)-Destyn_Turtles' Cleanup step
Turn: Turn 5 (Ai(4)-GGS_Cruise_diagnostic)
Phase: Ai(4)-GGS_Cruise_diagnostic's Untap step
Phase: Ai(4)-GGS_Cruise_diagnostic's Upkeep step
Phase: Ai(4)-GGS_Cruise_diagnostic's Draw step
Phase: Ai(4)-GGS_Cruise_diagnostic's Main phase, precombat
Replacement Effect: Luxury Suite enters tapped unless you have two or more opponents.
Land: Ai(4)-GGS_Cruise_diagnostic played Luxury Suite (378)
Phase: Ai(4)-GGS_Cruise_diagnostic's Beginning of Combat Step
Phase: Ai(4)-GGS_Cruise_diagnostic's Declare Attackers Step
Phase: Ai(4)-GGS_Cruise_diagnostic's Declare Blockers Step
Phase: Ai(4)-GGS_Cruise_diagnostic's First Strike Damage Step
Phase: Ai(4)-GGS_Cruise_diagnostic's Combat Damage Step
Phase: Ai(4)-GGS_Cruise_diagnostic's End of Combat Step
Phase: Ai(4)-GGS_Cruise_diagnostic's Main phase, postcombat
Mana: Training Center (332) - {T}: Add {U} or {R}.
Mana: Sol Ring (343) - {T}: Add {C}{C}.
Mana: Luxury Suite (378) - {T}: Add {B} or {R}.
Add To Stack: Ai(4)-GGS_Cruise_diagnostic cast Purphoros, God of the Forge
Resolve Stack: Purphoros, God of the Forge - Creature 6 / 5
Phase: Ai(4)-GGS_Cruise_diagnostic's End step
Phase: Ai(4)-GGS_Cruise_diagnostic's Cleanup step
Turn: Turn 6 (Ai(1)-Jaymie_Ezio)
Phase: Ai(1)-Jaymie_Ezio's Untap step
Phase: Ai(1)-Jaymie_Ezio's Upkeep step
Phase: Ai(1)-Jaymie_Ezio's Draw step
Phase: Ai(1)-Jaymie_Ezio's Main phase, precombat
Phase: Ai(1)-Jaymie_Ezio's Beginning of Combat Step
Phase: Ai(1)-Jaymie_Ezio's Declare Attackers Step
Combat: Ai(1)-Jaymie_Ezio assigned Assassin Initiate (51) to attack Ai(4)-GGS_Cruise_diagnostic.
Phase: Ai(1)-Jaymie_Ezio's Declare Blockers Step
Combat: Ai(4)-GGS_Cruise_diagnostic didn't block Assassin Initiate (51).
Phase: Ai(1)-Jaymie_Ezio's First Strike Damage Step
Phase: Ai(1)-Jaymie_Ezio's Combat Damage Step
Damage: Assassin Initiate (51) deals 1 combat damage to Ai(4)-GGS_Cruise_diagnostic.
Life: Life: Ai(4)-GGS_Cruise_diagnostic 40 > 39
Phase: Ai(1)-Jaymie_Ezio's End of Combat Step
Phase: Ai(1)-Jaymie_Ezio's Main phase, postcombat
Replacement Effect: Path of Ancestry enters tapped.
Land: Ai(1)-Jaymie_Ezio played Path of Ancestry (8)
Mana: Command Tower (32) - {T}: Add one mana of any color in your commander's color identity.
Add To Stack: Ai(1)-Jaymie_Ezio cast Changeling Outcast
Resolve Stack: Changeling Outcast - Creature 1 / 1
Phase: Ai(1)-Jaymie_Ezio's End step
Phase: Ai(1)-Jaymie_Ezio's Cleanup step
Turn: Turn 7 (Ai(2)-Gabe_Food)
Phase: Ai(2)-Gabe_Food's Untap step
Phase: Ai(2)-Gabe_Food's Upkeep step
Phase: Ai(2)-Gabe_Food's Draw step
Phase: Ai(2)-Gabe_Food's Main phase, precombat
Land: Ai(2)-Gabe_Food played Swamp (163)
Phase: Ai(2)-Gabe_Food's Beginning of Combat Step
Phase: Ai(2)-Gabe_Food's Declare Attackers Step
Phase: Ai(2)-Gabe_Food's Declare Blockers Step
Phase: Ai(2)-Gabe_Food's First Strike Damage Step
Phase: Ai(2)-Gabe_Food's Combat Damage Step
Phase: Ai(2)-Gabe_Food's End of Combat Step
Phase: Ai(2)-Gabe_Food's Main phase, postcombat
Mana: Forest (140) - {T}: Add {G}.
Mana: Swamp (163) - {T}: Add {B}.
Add To Stack: Ai(2)-Gabe_Food cast Prize Pig
Resolve Stack: Prize Pig - Creature 0 / 3
Phase: Ai(2)-Gabe_Food's End step
Phase: Ai(2)-Gabe_Food's Cleanup step
Turn: Turn 8 (Ai(3)-Destyn_Turtles)
Phase: Ai(3)-Destyn_Turtles' Untap step
Phase: Ai(3)-Destyn_Turtles' Upkeep step
Phase: Ai(3)-Destyn_Turtles' Draw step
Phase: Ai(3)-Destyn_Turtles' Main phase, precombat
Land: Ai(3)-Destyn_Turtles played City of Brass (247)
Phase: Ai(3)-Destyn_Turtles' Beginning of Combat Step
Phase: Ai(3)-Destyn_Turtles' Declare Attackers Step
Phase: Ai(3)-Destyn_Turtles' Declare Blockers Step
Phase: Ai(3)-Destyn_Turtles' First Strike Damage Step
Phase: Ai(3)-Destyn_Turtles' Combat Damage Step
Phase: Ai(3)-Destyn_Turtles' End of Combat Step
Phase: Ai(3)-Destyn_Turtles' Main phase, postcombat
Mana: Sodden Verdure (283) - {T}: Add {G}.
Mana: City of Brass (247) - {T}: Add one mana of any color.
Add To Stack: Ai(3)-Destyn_Turtles cast Michelangelo, the Heart
Add To Stack: Ai(3)-Destyn_Turtles triggered City of Brass
Damage: City of Brass (247) deals 1 non-combat damage to Ai(3)-Destyn_Turtles.
Life: Life: Ai(3)-Destyn_Turtles 40 > 39
Resolve Stack: Whenever City of Brass becomes tapped, it deals 1 damage to you. [Tapped: City of Brass (247)]
Resolve Stack: Michelangelo, the Heart - Creature 2 / 1
Phase: Ai(3)-Destyn_Turtles' End step
Phase: Ai(3)-Destyn_Turtles' Cleanup step
Turn: Turn 9 (Ai(4)-GGS_Cruise_diagnostic)
Phase: Ai(4)-GGS_Cruise_diagnostic's Untap step
Phase: Ai(4)-GGS_Cruise_diagnostic's Upkeep step
Phase: Ai(4)-GGS_Cruise_diagnostic's Draw step
Phase: Ai(4)-GGS_Cruise_diagnostic's Main phase, precombat
Land: Ai(4)-GGS_Cruise_diagnostic played Exotic Orchard (331)
Mana: Exotic Orchard (331) - {T}: Add one mana of any color that a land an opponent controls could produce.
Mana: Training Center (332) - {T}: Add {U} or {R}.
Mana: Sol Ring (343) - {T}: Add {C}{C}.
Mana: Luxury Suite (378) - {T}: Add {B} or {R}.
Add To Stack: Ai(4)-GGS_Cruise_diagnostic cast Terror of the Peaks
Resolve Stack: Terror of the Peaks - Creature 5 / 4
Add To Stack: Ai(4)-GGS_Cruise_diagnostic triggered Purphoros, God of the Forge
Damage: Purphoros, God of the Forge (365) deals 2 non-combat damage to Ai(1)-Jaymie_Ezio.
Damage: Purphoros, God of the Forge (365) deals 2 non-combat damage to Ai(2)-Gabe_Food.
Damage: Purphoros, God of the Forge (365) deals 2 non-combat damage to Ai(3)-Destyn_Turtles.
Life: Life: Ai(1)-Jaymie_Ezio 40 > 38
Life: Life: Ai(2)-Gabe_Food 40 > 38
Life: Life: Ai(3)-Destyn_Turtles 39 > 37
Resolve Stack: Whenever another creature you control enters, Purphoros, God of the Forge deals 2 damage to each opponent. [Zone Changer: Terror of the Peaks (321)]
Phase: Ai(4)-GGS_Cruise_diagnostic's Beginning of Combat Step
Phase: Ai(4)-GGS_Cruise_diagnostic's Declare Attackers Step
Phase: Ai(4)-GGS_Cruise_diagnostic's Declare Blockers Step
Phase: Ai(4)-GGS_Cruise_diagnostic's First Strike Damage Step
Phase: Ai(4)-GGS_Cruise_diagnostic's Combat Damage Step
Phase: Ai(4)-GGS_Cruise_diagnostic's End of Combat Step
Phase: Ai(4)-GGS_Cruise_diagnostic's Main phase, postcombat
Phase: Ai(4)-GGS_Cruise_diagnostic's End step
Phase: Ai(4)-GGS_Cruise_diagnostic's Cleanup step
Turn: Turn 10 (Ai(1)-Jaymie_Ezio)
Phase: Ai(1)-Jaymie_Ezio's Untap step
Phase: Ai(1)-Jaymie_Ezio's Upkeep step
Phase: Ai(1)-Jaymie_Ezio's Draw step
Phase: Ai(1)-Jaymie_Ezio's Main phase, precombat
Replacement Effect: Smoldering Marsh enters tapped unless you control two or more basic lands.
Land: Ai(1)-Jaymie_Ezio played Smoldering Marsh (71)
Mana: Command Tower (32) - {T}: Add one mana of any color in your commander's color identity.
Mana: Path of Ancestry (8) - {T}: Add one mana of any color in your commander's color identity. When that mana is spent to cast a creature spell that shares a creature type with your commander, scry 1. (Look at the top card of your library. You may put that card on the bottom.)
Add To Stack: Ai(1)-Jaymie_Ezio cast Rampant Growth
Resolve Stack: Rampant Growth (78) - Search your library for a basic land card, put that card onto the battlefield tapped, then shuffle.
Phase: Ai(1)-Jaymie_Ezio's Beginning of Combat Step
Phase: Ai(1)-Jaymie_Ezio's Declare Attackers Step
Combat: Ai(1)-Jaymie_Ezio assigned Changeling Outcast (14) to attack Ai(4)-GGS_Cruise_diagnostic.
Phase: Ai(1)-Jaymie_Ezio's Declare Blockers Step
Combat: Ai(4)-GGS_Cruise_diagnostic didn't block Changeling Outcast (14).
Phase: Ai(1)-Jaymie_Ezio's First Strike Damage Step
Phase: Ai(1)-Jaymie_Ezio's Combat Damage Step
Damage: Changeling Outcast (14) deals 1 combat damage to Ai(4)-GGS_Cruise_diagnostic.
Life: Life: Ai(4)-GGS_Cruise_diagnostic 39 > 38
Phase: Ai(1)-Jaymie_Ezio's End of Combat Step
Phase: Ai(1)-Jaymie_Ezio's Main phase, postcombat
Phase: Ai(1)-Jaymie_Ezio's End step
Phase: Ai(1)-Jaymie_Ezio's Cleanup step
Turn: Turn 11 (Ai(2)-Gabe_Food)
Phase: Ai(2)-Gabe_Food's Untap step
Phase: Ai(2)-Gabe_Food's Upkeep step
Mana: Prize Pig (130) - {T}: Add one mana of any color.
Life: Life: Ai(2)-Gabe_Food 38 > 35
Add To Stack: Ai(2)-Gabe_Food cast Swords to Plowshares targeting [Terror of the Peaks (321)]
Zone Change: Terror of the Peaks (321) was put into Exile from Battlefield.
Life: Life: Ai(4)-GGS_Cruise_diagnostic 38 > 43
Resolve Stack: Swords to Plowshares (185) - Exile Terror of the Peaks (321). Ai(4)-GGS_Cruise_diagnostic gains life equal to its power.
Phase: Ai(2)-Gabe_Food's Draw step
Phase: Ai(2)-Gabe_Food's Main phase, precombat
Land: Ai(2)-Gabe_Food played Command Tower (131)
Mana: Command Tower (131) - {T}: Add one mana of any color in your commander's color identity.
Mana: Forest (140) - {T}: Add {G}.
Mana: Swamp (163) - {T}: Add {B}.
Add To Stack: Ai(2)-Gabe_Food cast Sam, Loyal Attendant
Resolve Stack: Sam, Loyal Attendant - Creature 2 / 4
Add To Stack: Ai(2)-Gabe_Food triggered Sam, Loyal Attendant targeting [Ai(2)-Gabe_Food]
Resolve Stack: Partner with Frodo, Adventurous Hobbit (When this creature enters, target player may put Frodo into their hand from their library, then shuffle.) (Targeting: [[Ai(2)-Gabe_Food]]) [Zone Changer: Sam, Loyal Attendant (202)]
Phase: Ai(2)-Gabe_Food's Beginning of Combat Step
Add To Stack: Ai(2)-Gabe_Food triggered Sam, Loyal Attendant
Resolve Stack: At the beginning of combat on your turn, create a Food token. (It's an artifact with "{2}, {T}, Sacrifice this token: You gain 3 life.") [Phase: Ai(2)-Gabe_Food]
Phase: Ai(2)-Gabe_Food's Declare Attackers Step
Phase: Ai(2)-Gabe_Food's Declare Blockers Step
Phase: Ai(2)-Gabe_Food's First Strike Damage Step
Phase: Ai(2)-Gabe_Food's Combat Damage Step
Phase: Ai(2)-Gabe_Food's End of Combat Step
Phase: Ai(2)-Gabe_Food's Main phase, postcombat
Phase: Ai(2)-Gabe_Food's End step
Phase: Ai(2)-Gabe_Food's Cleanup step
Turn: Turn 12 (Ai(3)-Destyn_Turtles)
Phase: Ai(3)-Destyn_Turtles' Untap step
Phase: Ai(3)-Destyn_Turtles' Upkeep step
Phase: Ai(3)-Destyn_Turtles' Draw step
Phase: Ai(3)-Destyn_Turtles' Main phase, precombat
Replacement Effect: Cinder Glade enters tapped unless you control two or more basic lands.
Land: Ai(3)-Destyn_Turtles played Cinder Glade (218)
Phase: Ai(3)-Destyn_Turtles' Beginning of Combat Step
Phase: Ai(3)-Destyn_Turtles' Declare Attackers Step
Phase: Ai(3)-Destyn_Turtles' Declare Blockers Step
Phase: Ai(3)-Destyn_Turtles' First Strike Damage Step
Phase: Ai(3)-Destyn_Turtles' Combat Damage Step
Phase: Ai(3)-Destyn_Turtles' End of Combat Step
Phase: Ai(3)-Destyn_Turtles' Main phase, postcombat
Mana: Sodden Verdure (283) - {T}: Add {G}.
Mana: City of Brass (247) - {T}: Add one mana of any color.
Add To Stack: Ai(3)-Destyn_Turtles cast Everything Pizza
Add To Stack: Ai(3)-Destyn_Turtles triggered City of Brass
Damage: City of Brass (247) deals 1 non-combat damage to Ai(3)-Destyn_Turtles.
Life: Life: Ai(3)-Destyn_Turtles 37 > 36
Resolve Stack: Whenever City of Brass becomes tapped, it deals 1 damage to you. [Tapped: City of Brass (247)]
Resolve Stack: Everything Pizza
Add To Stack: Ai(3)-Destyn_Turtles triggered Everything Pizza
Resolve Stack: When this artifact enters, search your library for a basic land card, reveal it, put it into your hand, then shuffle. [Zone Changer: Everything Pizza (268)]
Phase: Ai(3)-Destyn_Turtles' End step
Phase: Ai(3)-Destyn_Turtles' Cleanup step
Turn: Turn 13 (Ai(4)-GGS_Cruise_diagnostic)
Phase: Ai(4)-GGS_Cruise_diagnostic's Untap step
Phase: Ai(4)-GGS_Cruise_diagnostic's Upkeep step
Phase: Ai(4)-GGS_Cruise_diagnostic's Draw step
Phase: Ai(4)-GGS_Cruise_diagnostic's Main phase, precombat
Mana: Exotic Orchard (331) - {T}: Add one mana of any color that a land an opponent controls could produce.
Mana: Luxury Suite (378) - {T}: Add {B} or {R}.
Mana: Training Center (332) - {T}: Add {U} or {R}.
Add To Stack: Ai(4)-GGS_Cruise_diagnostic cast Goro-Goro and Satoru
Resolve Stack: Goro-Goro and Satoru - Creature 3 / 4
Add To Stack: Ai(4)-GGS_Cruise_diagnostic triggered Purphoros, God of the Forge
Damage: Purphoros, God of the Forge (365) deals 2 non-combat damage to Ai(1)-Jaymie_Ezio.
Damage: Purphoros, God of the Forge (365) deals 2 non-combat damage to Ai(2)-Gabe_Food.
Damage: Purphoros, God of the Forge (365) deals 2 non-combat damage to Ai(3)-Destyn_Turtles.
Life: Life: Ai(1)-Jaymie_Ezio 38 > 36
Life: Life: Ai(2)-Gabe_Food 35 > 33
Life: Life: Ai(3)-Destyn_Turtles 36 > 34
Resolve Stack: Whenever another creature you control enters, Purphoros, God of the Forge deals 2 damage to each opponent. [Zone Changer: Goro-Goro and Satoru (403)]
Phase: Ai(4)-GGS_Cruise_diagnostic's Beginning of Combat Step
Phase: Ai(4)-GGS_Cruise_diagnostic's Declare Attackers Step
Phase: Ai(4)-GGS_Cruise_diagnostic's Declare Blockers Step
Phase: Ai(4)-GGS_Cruise_diagnostic's First Strike Damage Step
Phase: Ai(4)-GGS_Cruise_diagnostic's Combat Damage Step
Phase: Ai(4)-GGS_Cruise_diagnostic's End of Combat Step
Phase: Ai(4)-GGS_Cruise_diagnostic's Main phase, postcombat
Replacement Effect: Raucous Theater enters tapped.
Land: Ai(4)-GGS_Cruise_diagnostic played Raucous Theater (385)
Add To Stack: Ai(4)-GGS_Cruise_diagnostic triggered Raucous Theater
Resolve Stack: Ai(4)-GGS_Cruise_diagnostic surveiled 1 card(s) to the top of the library
Resolve Stack: When Raucous Theater enters, surveil 1. (Look at the top card of your library. You may put it into your graveyard.) [Zone Changer: Raucous Theater (385)]
Phase: Ai(4)-GGS_Cruise_diagnostic's End step
Phase: Ai(4)-GGS_Cruise_diagnostic's Cleanup step
Turn: Turn 14 (Ai(1)-Jaymie_Ezio)
Phase: Ai(1)-Jaymie_Ezio's Untap step
Phase: Ai(1)-Jaymie_Ezio's Upkeep step
Phase: Ai(1)-Jaymie_Ezio's Draw step
Phase: Ai(1)-Jaymie_Ezio's Main phase, precombat
Mana: Plains (90) - {T}: Add {W}.
Mana: Smoldering Marsh (71) - {T}: Add {B}.
Mana: Command Tower (32) - {T}: Add one mana of any color in your commander's color identity.
Mana: Path of Ancestry (8) - {T}: Add one mana of any color in your commander's color identity. When that mana is spent to cast a creature spell that shares a creature type with your commander, scry 1. (Look at the top card of your library. You may put that card on the bottom.)
Add To Stack: Ai(1)-Jaymie_Ezio cast Queen Marchesa
Add To Stack: Ai(1)-Jaymie_Ezio triggered Path of Ancestry
Resolve Stack: Ai(1)-Jaymie_Ezio scried 1 card(s) to the top of the library
Resolve Stack: When mana produced by Path of Ancestry is spent to cast a creature spell that shares a creature type with your commander, scry 1. ([Queen Marchesa - Creature 3 / 3]) [Card: Queen Marchesa (31), Activator: Ai(1)-Jaymie_Ezio, SpellAbility: Queen Marchesa - Creature 3 / 3]
Resolve Stack: Queen Marchesa - Creature 3 / 3
Add To Stack: Ai(1)-Jaymie_Ezio triggered Queen Marchesa
Resolve Stack: When Queen Marchesa enters, you become the monarch. [Zone Changer: Queen Marchesa (31)]
Phase: Ai(1)-Jaymie_Ezio's Beginning of Combat Step
Phase: Ai(1)-Jaymie_Ezio's Declare Attackers Step
Combat: Ai(1)-Jaymie_Ezio assigned Changeling Outcast (14) and Queen Marchesa (31) to attack Ai(4)-GGS_Cruise_diagnostic.
Phase: Ai(1)-Jaymie_Ezio's Declare Blockers Step
Combat: Ai(4)-GGS_Cruise_diagnostic didn't block Changeling Outcast (14).
Ai(4)-GGS_Cruise_diagnostic didn't block Queen Marchesa (31).
Phase: Ai(1)-Jaymie_Ezio's First Strike Damage Step
Phase: Ai(1)-Jaymie_Ezio's Combat Damage Step
Damage: Changeling Outcast (14) deals 1 combat damage to Ai(4)-GGS_Cruise_diagnostic.
Damage: Queen Marchesa (31) deals 3 combat damage to Ai(4)-GGS_Cruise_diagnostic.
Life: Life: Ai(4)-GGS_Cruise_diagnostic 43 > 39
Phase: Ai(1)-Jaymie_Ezio's End of Combat Step
Phase: Ai(1)-Jaymie_Ezio's Main phase, postcombat
Replacement Effect: Thriving Grove enters tapped.
Replacement Effect: As Thriving Grove enters, choose a color other than green.
Land: Ai(1)-Jaymie_Ezio played Thriving Grove (27)
Phase: Ai(1)-Jaymie_Ezio's End step
Add To Stack: Ai(1)-Jaymie_Ezio triggered The Monarch
Resolve Stack: At the beginning of your end step, draw a card. [Phase: Ai(1)-Jaymie_Ezio]
Phase: Ai(1)-Jaymie_Ezio's Cleanup step
Turn: Turn 15 (Ai(2)-Gabe_Food)
Phase: Ai(2)-Gabe_Food's Untap step
Phase: Ai(2)-Gabe_Food's Upkeep step
Phase: Ai(2)-Gabe_Food's Draw step
Phase: Ai(2)-Gabe_Food's Main phase, precombat
Land: Ai(2)-Gabe_Food played Shire Terrace (172)
Mana: Forest (140) - {T}: Add {G}.
Mana: Swamp (163) - {T}: Add {B}.
Mana: Command Tower (131) - {T}: Add one mana of any color in your commander's color identity.
Mana: Shire Terrace (172) - {T}: Add {C}.
Add To Stack: Ai(2)-Gabe_Food cast Assemble the Entmoot
Resolve Stack: Assemble the Entmoot
Phase: Ai(2)-Gabe_Food's Beginning of Combat Step
Add To Stack: Ai(2)-Gabe_Food triggered Sam, Loyal Attendant
Resolve Stack: At the beginning of combat on your turn, create a Food token. (It's an artifact with "{2}, {T}, Sacrifice this token: You gain 3 life.") [Phase: Ai(2)-Gabe_Food]
Phase: Ai(2)-Gabe_Food's Declare Attackers Step
Combat: Ai(2)-Gabe_Food assigned Sam, Loyal Attendant (202) to attack Ai(1)-Jaymie_Ezio.
Phase: Ai(2)-Gabe_Food's Declare Blockers Step
Combat: Ai(1)-Jaymie_Ezio didn't block Sam, Loyal Attendant (202).
Phase: Ai(2)-Gabe_Food's First Strike Damage Step
Phase: Ai(2)-Gabe_Food's Combat Damage Step
Damage: Sam, Loyal Attendant (202) deals 2 combat damage to Ai(1)-Jaymie_Ezio.
Life: Life: Ai(1)-Jaymie_Ezio 36 > 34
Add To Stack: Ai(1)-Jaymie_Ezio triggered The Monarch
Resolve Stack: Whenever a creature deals combat damage to you, its controller becomes the monarch. [Damage Source: Sam, Loyal Attendant (202), Damaged: Ai(1)-Jaymie_Ezio, Amount: 2]
Phase: Ai(2)-Gabe_Food's End of Combat Step
Phase: Ai(2)-Gabe_Food's Main phase, postcombat
Phase: Ai(2)-Gabe_Food's End step
Add To Stack: Ai(2)-Gabe_Food triggered The Monarch
Resolve Stack: At the beginning of your end step, draw a card. [Phase: Ai(2)-Gabe_Food]
Phase: Ai(2)-Gabe_Food's Cleanup step
Turn: Turn 16 (Ai(3)-Destyn_Turtles)
Phase: Ai(3)-Destyn_Turtles' Untap step
Phase: Ai(3)-Destyn_Turtles' Upkeep step
Phase: Ai(3)-Destyn_Turtles' Draw step
Phase: Ai(3)-Destyn_Turtles' Main phase, precombat
Land: Ai(3)-Destyn_Turtles played Plains (289)
Phase: Ai(3)-Destyn_Turtles' Beginning of Combat Step
Phase: Ai(3)-Destyn_Turtles' Declare Attackers Step
Zone Change: Assemble the Entmoot (102) was put into Graveyard from Battlefield.
Add To Stack: Ai(2)-Gabe_Food activated Assemble the Entmoot
Resolve Stack: Assemble the Entmoot (102) - Ai(2)-Gabe_Food creates three tapped X/X green Treefolk creature tokens, where X is the amount of life you gained this turn. Put a reach counter on each of them. Ai(2)-Gabe_Food puts a reach counter on . 
Zone Change: Treefolk Token (429) was put into Graveyard from Battlefield.
Zone Change: Treefolk Token (430) was put into Graveyard from Battlefield.
Zone Change: Treefolk Token (431) was put into Graveyard from Battlefield.
Phase: Ai(3)-Destyn_Turtles' Declare Blockers Step
Phase: Ai(3)-Destyn_Turtles' First Strike Damage Step
Phase: Ai(3)-Destyn_Turtles' Combat Damage Step
Phase: Ai(3)-Destyn_Turtles' End of Combat Step
Phase: Ai(3)-Destyn_Turtles' Main phase, postcombat
Mana: Cinder Glade (218) - {T}: Add {R}.
Mana: Plains (289) - {T}: Add {W}.
Mana: Sodden Verdure (283) - {T}: Add {G}.
Mana: City of Brass (247) - {T}: Add one mana of any color.
Add To Stack: Ai(3)-Destyn_Turtles cast Casey Jones, Back Alley Brute
Add To Stack: Ai(3)-Destyn_Turtles triggered City of Brass
Damage: City of Brass (247) deals 1 non-combat damage to Ai(3)-Destyn_Turtles.
Life: Life: Ai(3)-Destyn_Turtles 34 > 33
Resolve Stack: Whenever City of Brass becomes tapped, it deals 1 damage to you. [Tapped: City of Brass (247)]
Resolve Stack: Casey Jones, Back Alley Brute - Creature 4 / 2
Phase: Ai(3)-Destyn_Turtles' End step
Phase: Ai(3)-Destyn_Turtles' Cleanup step
Turn: Turn 17 (Ai(4)-GGS_Cruise_diagnostic)
Phase: Ai(4)-GGS_Cruise_diagnostic's Untap step
Phase: Ai(4)-GGS_Cruise_diagnostic's Upkeep step
Phase: Ai(4)-GGS_Cruise_diagnostic's Draw step
Phase: Ai(4)-GGS_Cruise_diagnostic's Main phase, precombat
Phase: Ai(4)-GGS_Cruise_diagnostic's Beginning of Combat Step
Phase: Ai(4)-GGS_Cruise_diagnostic's Declare Attackers Step
Combat: Ai(4)-GGS_Cruise_diagnostic assigned Goro-Goro and Satoru (403) to attack Ai(2)-Gabe_Food.
Phase: Ai(4)-GGS_Cruise_diagnostic's Declare Blockers Step
Combat: Ai(2)-Gabe_Food didn't block Goro-Goro and Satoru (403).
Phase: Ai(4)-GGS_Cruise_diagnostic's First Strike Damage Step
Phase: Ai(4)-GGS_Cruise_diagnostic's Combat Damage Step
Damage: Goro-Goro and Satoru (403) deals 3 combat damage to Ai(2)-Gabe_Food.
Life: Life: Ai(2)-Gabe_Food 33 > 30
Add To Stack: Ai(2)-Gabe_Food triggered The Monarch
Resolve Stack: Whenever a creature deals combat damage to you, its controller becomes the monarch. [Damage Source: Goro-Goro and Satoru (403), Damaged: Ai(2)-Gabe_Food, Amount: 3]
Phase: Ai(4)-GGS_Cruise_diagnostic's End of Combat Step
Phase: Ai(4)-GGS_Cruise_diagnostic's Main phase, postcombat
Mana: Exotic Orchard (331) - {T}: Add one mana of any color that a land an opponent controls could produce.
Mana: Luxury Suite (378) - {T}: Add {B} or {R}.
Mana: Sol Ring (343) - {T}: Add {C}{C}.
Add To Stack: Ai(4)-GGS_Cruise_diagnostic cast Yuriko, the Tiger's Shadow
Resolve Stack: Yuriko, the Tiger's Shadow - Creature 1 / 3
Add To Stack: Ai(4)-GGS_Cruise_diagnostic triggered Purphoros, God of the Forge
Damage: Purphoros, God of the Forge (365) deals 2 non-combat damage to Ai(1)-Jaymie_Ezio.
Damage: Purphoros, God of the Forge (365) deals 2 non-combat damage to Ai(2)-Gabe_Food.
Damage: Purphoros, God of the Forge (365) deals 2 non-combat damage to Ai(3)-Destyn_Turtles.
Life: Life: Ai(1)-Jaymie_Ezio 34 > 32
Life: Life: Ai(2)-Gabe_Food 30 > 28
Life: Life: Ai(3)-Destyn_Turtles 33 > 31
Resolve Stack: Whenever another creature you control enters, Purphoros, God of the Forge deals 2 damage to each opponent. [Zone Changer: Yuriko, the Tiger's Shadow (401)]
Mana: Training Center (332) - {T}: Add {U} or {R}.
Add To Stack: Ai(4)-GGS_Cruise_diagnostic cast Moon-Circuit Hacker
Resolve Stack: Moon-Circuit Hacker - Creature 2 / 1
Add To Stack: Ai(4)-GGS_Cruise_diagnostic triggered Purphoros, God of the Forge
Damage: Purphoros, God of the Forge (365) deals 2 non-combat damage to Ai(1)-Jaymie_Ezio.
Damage: Purphoros, God of the Forge (365) deals 2 non-combat damage to Ai(2)-Gabe_Food.
Damage: Purphoros, God of the Forge (365) deals 2 non-combat damage to Ai(3)-Destyn_Turtles.
Life: Life: Ai(1)-Jaymie_Ezio 32 > 30
Life: Life: Ai(2)-Gabe_Food 28 > 26
Life: Life: Ai(3)-Destyn_Turtles 31 > 29
Resolve Stack: Whenever another creature you control enters, Purphoros, God of the Forge deals 2 damage to each opponent. [Zone Changer: Moon-Circuit Hacker (392)]
Phase: Ai(4)-GGS_Cruise_diagnostic's End step
Add To Stack: Ai(4)-GGS_Cruise_diagnostic triggered The Monarch
Resolve Stack: At the beginning of your end step, draw a card. [Phase: Ai(4)-GGS_Cruise_diagnostic]
Phase: Ai(4)-GGS_Cruise_diagnostic's Cleanup step
Turn: Turn 18 (Ai(1)-Jaymie_Ezio)
Phase: Ai(1)-Jaymie_Ezio's Untap step
Phase: Ai(1)-Jaymie_Ezio's Upkeep step
Add To Stack: Ai(1)-Jaymie_Ezio triggered Queen Marchesa
Resolve Stack: At the beginning of your upkeep, if an opponent is the monarch, create a 1/1 black Assassin creature token with deathtouch and haste. [Phase: Ai(1)-Jaymie_Ezio]
Phase: Ai(1)-Jaymie_Ezio's Draw step
Phase: Ai(1)-Jaymie_Ezio's Main phase, precombat
Land: Ai(1)-Jaymie_Ezio played Mountain (88)
Mana: Command Tower (32) - {T}: Add one mana of any color in your commander's color identity.
Mana: Path of Ancestry (8) - {T}: Add one mana of any color in your commander's color identity. When that mana is spent to cast a creature spell that shares a creature type with your commander, scry 1. (Look at the top card of your library. You may put that card on the bottom.)
Mana: Plains (90) - {T}: Add {W}.
Mana: Mountain (88) - {T}: Add {R}.
Add To Stack: Ai(1)-Jaymie_Ezio cast Coastal Piracy
Resolve Stack: Coastal Piracy
Mana: Thriving Grove (27) - {T}: Add {G} or one mana of the chosen color.
Mana: Smoldering Marsh (71) - {T}: Add {R}.
Add To Stack: Ai(1)-Jaymie_Ezio cast Farseek
Resolve Stack: Farseek (28) - Ai(1)-Jaymie_Ezio searches their library for a Plains, Island, Swamp or Mountain card, puts it onto the battlefield tapped, then shuffles.
Phase: Ai(1)-Jaymie_Ezio's Beginning of Combat Step
Phase: Ai(1)-Jaymie_Ezio's Declare Attackers Step
Combat: Ai(1)-Jaymie_Ezio assigned Changeling Outcast (14) and Queen Marchesa (31) to attack Ai(4)-GGS_Cruise_diagnostic.
Phase: Ai(1)-Jaymie_Ezio's Declare Blockers Step
Combat: Ai(4)-GGS_Cruise_diagnostic didn't block Changeling Outcast (14).
Ai(4)-GGS_Cruise_diagnostic didn't block Queen Marchesa (31).
Phase: Ai(1)-Jaymie_Ezio's First Strike Damage Step
Phase: Ai(1)-Jaymie_Ezio's Combat Damage Step
Damage: Changeling Outcast (14) deals 1 combat damage to Ai(4)-GGS_Cruise_diagnostic.
Damage: Queen Marchesa (31) deals 3 combat damage to Ai(4)-GGS_Cruise_diagnostic.
Life: Life: Ai(4)-GGS_Cruise_diagnostic 39 > 35
Add To Stack: Ai(1)-Jaymie_Ezio triggered Coastal Piracy
Add To Stack: Ai(1)-Jaymie_Ezio triggered Coastal Piracy
Add To Stack: Ai(4)-GGS_Cruise_diagnostic triggered The Monarch
Add To Stack: Ai(4)-GGS_Cruise_diagnostic triggered The Monarch
Resolve Stack: Whenever a creature deals combat damage to you, its controller becomes the monarch. [Damage Source: Queen Marchesa (31), Damaged: Ai(4)-GGS_Cruise_diagnostic, Amount: 3]
Resolve Stack: Whenever a creature deals combat damage to you, its controller becomes the monarch. [Damage Source: Changeling Outcast (14), Damaged: Ai(4)-GGS_Cruise_diagnostic, Amount: 1]
Resolve Stack: Whenever a creature you control deals combat damage to an opponent, you may draw a card. [Damage Source: Queen Marchesa (31), Damaged: Ai(4)-GGS_Cruise_diagnostic, Amount: 3]
Resolve Stack: Whenever a creature you control deals combat damage to an opponent, you may draw a card. [Damage Source: Changeling Outcast (14), Damaged: Ai(4)-GGS_Cruise_diagnostic, Amount: 1]
Phase: Ai(1)-Jaymie_Ezio's End of Combat Step
Phase: Ai(1)-Jaymie_Ezio's Main phase, postcombat
Phase: Ai(1)-Jaymie_Ezio's End step
Add To Stack: Ai(1)-Jaymie_Ezio triggered The Monarch
Resolve Stack: At the beginning of your end step, draw a card. [Phase: Ai(1)-Jaymie_Ezio]
Phase: Ai(1)-Jaymie_Ezio's Cleanup step
Turn: Turn 19 (Ai(2)-Gabe_Food)
Phase: Ai(2)-Gabe_Food's Untap step
Phase: Ai(2)-Gabe_Food's Upkeep step
Mana: Forest (140) - {T}: Add {G}.
Zone Change: Shire Terrace (172) was put into Graveyard from Battlefield.
Add To Stack: Ai(2)-Gabe_Food activated Shire Terrace
Resolve Stack: Shire Terrace (172) - Ai(2)-Gabe_Food searches their library for a basic land card, puts it onto the battlefield tapped, then shuffles.
Phase: Ai(2)-Gabe_Food's Draw step
Phase: Ai(2)-Gabe_Food's Main phase, precombat
Phase: Ai(2)-Gabe_Food's Beginning of Combat Step
Add To Stack: Ai(2)-Gabe_Food triggered Sam, Loyal Attendant
Resolve Stack: At the beginning of combat on your turn, create a Food token. (It's an artifact with "{2}, {T}, Sacrifice this token: You gain 3 life.") [Phase: Ai(2)-Gabe_Food]
Phase: Ai(2)-Gabe_Food's Declare Attackers Step
Phase: Ai(2)-Gabe_Food's Declare Blockers Step
Phase: Ai(2)-Gabe_Food's First Strike Damage Step
Phase: Ai(2)-Gabe_Food's Combat Damage Step
Phase: Ai(2)-Gabe_Food's End of Combat Step
Phase: Ai(2)-Gabe_Food's Main phase, postcombat
Replacement Effect: Sandsteppe Citadel enters tapped.
Land: Ai(2)-Gabe_Food played Sandsteppe Citadel (118)
Mana: Command Tower (131) - {T}: Add one mana of any color in your commander's color identity.
Mana: Swamp (163) - {T}: Add {B}.
Add To Stack: Ai(2)-Gabe_Food cast Frodo, Adventurous Hobbit
Resolve Stack: Frodo, Adventurous Hobbit - Creature 1 / 3
Add To Stack: Ai(2)-Gabe_Food triggered Frodo, Adventurous Hobbit targeting [Ai(2)-Gabe_Food]
Resolve Stack: Partner with Sam, Loyal Attendant (When this creature enters, target player may put Sam into their hand from their library, then shuffle.) (Targeting: [[Ai(2)-Gabe_Food]]) [Zone Changer: Frodo, Adventurous Hobbit (200)]
Phase: Ai(2)-Gabe_Food's End step
Phase: Ai(2)-Gabe_Food's Cleanup step
Turn: Turn 20 (Ai(3)-Destyn_Turtles)
Phase: Ai(3)-Destyn_Turtles' Untap step
Phase: Ai(3)-Destyn_Turtles' Upkeep step
Phase: Ai(3)-Destyn_Turtles' Draw step
Phase: Ai(3)-Destyn_Turtles' Main phase, precombat
Replacement Effect: Sunken Hollow enters tapped unless you control two or more basic lands.
Land: Ai(3)-Destyn_Turtles played Sunken Hollow (226)
Phase: Ai(3)-Destyn_Turtles' Beginning of Combat Step
Phase: Ai(3)-Destyn_Turtles' Declare Attackers Step
Phase: Ai(3)-Destyn_Turtles' Declare Blockers Step
Phase: Ai(3)-Destyn_Turtles' First Strike Damage Step
Phase: Ai(3)-Destyn_Turtles' Combat Damage Step
Phase: Ai(3)-Destyn_Turtles' End of Combat Step
Phase: Ai(3)-Destyn_Turtles' Main phase, postcombat
Mana: Plains (289) - {T}: Add {W}.
Mana: Cinder Glade (218) - {T}: Add {G}.
Mana: Sodden Verdure (283) - {T}: Add {G}.
Mana: City of Brass (247) - {T}: Add one mana of any color.
Add To Stack: Ai(3)-Destyn_Turtles cast Leonardo, the Balance
Add To Stack: Ai(3)-Destyn_Turtles triggered City of Brass
Damage: City of Brass (247) deals 1 non-combat damage to Ai(3)-Destyn_Turtles.
Life: Life: Ai(3)-Destyn_Turtles 29 > 28
Resolve Stack: Whenever City of Brass becomes tapped, it deals 1 damage to you. [Tapped: City of Brass (247)]
Resolve Stack: Leonardo, the Balance - Creature 3 / 3
Phase: Ai(3)-Destyn_Turtles' End step
Phase: Ai(3)-Destyn_Turtles' Cleanup step
Turn: Turn 21 (Ai(4)-GGS_Cruise_diagnostic)
Phase: Ai(4)-GGS_Cruise_diagnostic's Untap step
Phase: Ai(4)-GGS_Cruise_diagnostic's Upkeep step
Phase: Ai(4)-GGS_Cruise_diagnostic's Draw step
Phase: Ai(4)-GGS_Cruise_diagnostic's Main phase, precombat
Mana: Sol Ring (343) - {T}: Add {C}{C}.
Mana: Exotic Orchard (331) - {T}: Add one mana of any color that a land an opponent controls could produce.
Add To Stack: Ai(4)-GGS_Cruise_diagnostic cast Sword of Feast and Famine
Resolve Stack: Sword of Feast and Famine
Mana: Luxury Suite (378) - {T}: Add {B} or {R}.
Mana: Training Center (332) - {T}: Add {U} or {R}.
Add To Stack: Ai(4)-GGS_Cruise_diagnostic activated Sword of Feast and Famine targeting [Goro-Goro and Satoru (403)]
Resolve Stack: Sword of Feast and Famine (400) -  Attach to Goro-Goro and Satoru (403)
Phase: Ai(4)-GGS_Cruise_diagnostic's Beginning of Combat Step
Phase: Ai(4)-GGS_Cruise_diagnostic's Declare Attackers Step
Combat: Ai(4)-GGS_Cruise_diagnostic assigned Goro-Goro and Satoru (403) to attack Ai(1)-Jaymie_Ezio.
Phase: Ai(4)-GGS_Cruise_diagnostic's Declare Blockers Step
Combat: Ai(1)-Jaymie_Ezio didn't block Goro-Goro and Satoru (403).
Phase: Ai(4)-GGS_Cruise_diagnostic's First Strike Damage Step
Phase: Ai(4)-GGS_Cruise_diagnostic's Combat Damage Step
Damage: Goro-Goro and Satoru (403) deals 5 combat damage to Ai(1)-Jaymie_Ezio.
Life: Life: Ai(1)-Jaymie_Ezio 30 > 25
Add To Stack: Ai(4)-GGS_Cruise_diagnostic triggered Sword of Feast and Famine
Add To Stack: Ai(1)-Jaymie_Ezio triggered The Monarch
Resolve Stack: Whenever a creature deals combat damage to you, its controller becomes the monarch. [Damage Source: Goro-Goro and Satoru (403), Damaged: Ai(1)-Jaymie_Ezio, Amount: 5]
Discard: Ai(1)-Jaymie_Ezio discards Island (34).
Resolve Stack: Whenever equipped creature deals combat damage to a player, that player discards a card and you untap all lands you control. [Damage Source: Goro-Goro and Satoru (403), Damaged: Ai(1)-Jaymie_Ezio, Amount: 5]
Phase: Ai(4)-GGS_Cruise_diagnostic's End of Combat Step
Phase: Ai(4)-GGS_Cruise_diagnostic's Main phase, postcombat
Mana: Exotic Orchard (331) - {T}: Add one mana of any color that a land an opponent controls could produce.
Mana: Luxury Suite (378) - {T}: Add {B} or {R}.
Mana: Training Center (332) - {T}: Add {U} or {R}.
Mana: Raucous Theater (385) - {T}: Add {R}.
Add To Stack: Ai(4)-GGS_Cruise_diagnostic cast Grim Hireling
Resolve Stack: Grim Hireling - Creature 3 / 2
Add To Stack: Ai(4)-GGS_Cruise_diagnostic triggered Purphoros, God of the Forge
Damage: Purphoros, God of the Forge (365) deals 2 non-combat damage to Ai(1)-Jaymie_Ezio.
Damage: Purphoros, God of the Forge (365) deals 2 non-combat damage to Ai(2)-Gabe_Food.
Damage: Purphoros, God of the Forge (365) deals 2 non-combat damage to Ai(3)-Destyn_Turtles.
Life: Life: Ai(1)-Jaymie_Ezio 25 > 23
Life: Life: Ai(2)-Gabe_Food 26 > 24
Life: Life: Ai(3)-Destyn_Turtles 28 > 26
Resolve Stack: Whenever another creature you control enters, Purphoros, God of the Forge deals 2 damage to each opponent. [Zone Changer: Grim Hireling (399)]
Phase: Ai(4)-GGS_Cruise_diagnostic's End step
Add To Stack: Ai(4)-GGS_Cruise_diagnostic triggered The Monarch
Resolve Stack: At the beginning of your end step, draw a card. [Phase: Ai(4)-GGS_Cruise_diagnostic]
Phase: Ai(4)-GGS_Cruise_diagnostic's Cleanup step
Turn: Turn 22 (Ai(1)-Jaymie_Ezio)
Phase: Ai(1)-Jaymie_Ezio's Untap step
Phase: Ai(1)-Jaymie_Ezio's Upkeep step
Add To Stack: Ai(1)-Jaymie_Ezio triggered Queen Marchesa
Resolve Stack: At the beginning of your upkeep, if an opponent is the monarch, create a 1/1 black Assassin creature token with deathtouch and haste. [Phase: Ai(1)-Jaymie_Ezio]
Phase: Ai(1)-Jaymie_Ezio's Draw step
Phase: Ai(1)-Jaymie_Ezio's Main phase, precombat
Mana: Mountain (88) - {T}: Add {R}.
Mana: Island (33) - {T}: Add {U}.
Mana: Plains (90) - {T}: Add {W}.
Add To Stack: Ai(1)-Jaymie_Ezio cast 
Resolve Stack: Disguise - Creature 2/2
Mana: Smoldering Marsh (71) - {T}: Add {R}.
Mana: Thriving Grove (27) - {T}: Add {G} or one mana of the chosen color.
Resolve Stack: Ai(1)-Jaymie_Ezio has undisguised Arno Dorian
Phase: Ai(1)-Jaymie_Ezio's Beginning of Combat Step
Phase: Ai(1)-Jaymie_Ezio's Declare Attackers Step
Combat: Ai(1)-Jaymie_Ezio assigned Changeling Outcast (14) to attack Ai(4)-GGS_Cruise_diagnostic.
Phase: Ai(1)-Jaymie_Ezio's Declare Blockers Step
Combat: Ai(4)-GGS_Cruise_diagnostic didn't block Changeling Outcast (14).
Phase: Ai(1)-Jaymie_Ezio's First Strike Damage Step
Phase: Ai(1)-Jaymie_Ezio's Combat Damage Step
Damage: Changeling Outcast (14) deals 3 combat damage to Ai(4)-GGS_Cruise_diagnostic.
Life: Life: Ai(4)-GGS_Cruise_diagnostic 35 > 32
Add To Stack: Ai(1)-Jaymie_Ezio triggered Coastal Piracy
Add To Stack: Ai(4)-GGS_Cruise_diagnostic triggered The Monarch
Resolve Stack: Whenever a creature deals combat damage to you, its controller becomes the monarch. [Damage Source: Changeling Outcast (14), Damaged: Ai(4)-GGS_Cruise_diagnostic, Amount: 3]
Resolve Stack: Whenever a creature you control deals combat damage to an opponent, you may draw a card. [Damage Source: Changeling Outcast (14), Damaged: Ai(4)-GGS_Cruise_diagnostic, Amount: 3]
Phase: Ai(1)-Jaymie_Ezio's End of Combat Step
Phase: Ai(1)-Jaymie_Ezio's Main phase, postcombat
Replacement Effect: Thriving Moor enters tapped.
Replacement Effect: As Thriving Moor enters, choose a color other than black.
Land: Ai(1)-Jaymie_Ezio played Thriving Moor (99)
Mana: Command Tower (32) - {T}: Add one mana of any color in your commander's color identity.
Mana: Path of Ancestry (8) - {T}: Add one mana of any color in your commander's color identity. When that mana is spent to cast a creature spell that shares a creature type with your commander, scry 1. (Look at the top card of your library. You may put that card on the bottom.)
Add To Stack: Ai(1)-Jaymie_Ezio cast Achilles Davenport
Add To Stack: Ai(1)-Jaymie_Ezio triggered Path of Ancestry
Resolve Stack: Ai(1)-Jaymie_Ezio scried 1 card(s) to the bottom of the library
Resolve Stack: When mana produced by Path of Ancestry is spent to cast a creature spell that shares a creature type with your commander, scry 1. ([Freerunning  {U}{B} (You may cast this spell for its freerunning cost if you dealt combat damage to a player this turn with an Assassin or commander.)]) [Card: Achilles Davenport (43), Activator: Ai(1)-Jaymie_Ezio, SpellAbility: Freerunning  {U}{B} (You may cast this spell for its freerunning cost if you dealt combat damage to a player this turn with an Assassin or commander.)]
Resolve Stack: Achilles Davenport - Creature 3 / 3
Phase: Ai(1)-Jaymie_Ezio's End step
Add To Stack: Ai(1)-Jaymie_Ezio triggered The Monarch
Resolve Stack: At the beginning of your end step, draw a card. [Phase: Ai(1)-Jaymie_Ezio]
Phase: Ai(1)-Jaymie_Ezio's Cleanup step
Turn: Turn 23 (Ai(2)-Gabe_Food)
Phase: Ai(2)-Gabe_Food's Untap step
Phase: Ai(2)-Gabe_Food's Upkeep step
Phase: Ai(2)-Gabe_Food's Draw step
Phase: Ai(2)-Gabe_Food's Main phase, precombat
Mana: Forest (140) - {T}: Add {G}.
Mana: Swamp (163) - {T}: Add {B}.
Mana: Plains (187) - {T}: Add {W}.
Mana: Command Tower (131) - {T}: Add one mana of any color in your commander's color identity.
Mana: Sandsteppe Citadel (118) - {T}: Add {W}, {B}, or {G}.
Mana: Prize Pig (130) - {T}: Add one mana of any color.
Add To Stack: Ai(2)-Gabe_Food cast Great Oak Guardian
Resolve Stack: Great Oak Guardian - Creature 4 / 5
Add To Stack: Ai(2)-Gabe_Food triggered Great Oak Guardian targeting [Ai(2)-Gabe_Food]
Resolve Stack: When Great Oak Guardian enters, creatures target player controls get +2/+2 until end of turn. Untap them. (Targeting: [[Ai(2)-Gabe_Food]]) [Zone Changer: Great Oak Guardian (122)]
Phase: Ai(2)-Gabe_Food's Beginning of Combat Step
Add To Stack: Ai(2)-Gabe_Food triggered Sam, Loyal Attendant
Resolve Stack: At the beginning of combat on your turn, create a Food token. (It's an artifact with "{2}, {T}, Sacrifice this token: You gain 3 life.") [Phase: Ai(2)-Gabe_Food]
Phase: Ai(2)-Gabe_Food's Declare Attackers Step
Combat: Ai(2)-Gabe_Food assigned Frodo, Adventurous Hobbit (200) to attack Ai(4)-GGS_Cruise_diagnostic.
Phase: Ai(2)-Gabe_Food's Declare Blockers Step
Combat: Ai(4)-GGS_Cruise_diagnostic didn't block Frodo, Adventurous Hobbit (200).
Phase: Ai(2)-Gabe_Food's First Strike Damage Step
Phase: Ai(2)-Gabe_Food's Combat Damage Step
Damage: Frodo, Adventurous Hobbit (200) deals 3 combat damage to Ai(4)-GGS_Cruise_diagnostic.
Life: Life: Ai(4)-GGS_Cruise_diagnostic 32 > 29
Phase: Ai(2)-Gabe_Food's End of Combat Step
Phase: Ai(2)-Gabe_Food's Main phase, postcombat
Phase: Ai(2)-Gabe_Food's End step
Phase: Ai(2)-Gabe_Food's Cleanup step
Turn: Turn 24 (Ai(3)-Destyn_Turtles)
Phase: Ai(3)-Destyn_Turtles' Untap step
Phase: Ai(3)-Destyn_Turtles' Upkeep step
Phase: Ai(3)-Destyn_Turtles' Draw step
Phase: Ai(3)-Destyn_Turtles' Main phase, precombat
Mana: Sodden Verdure (283) - {T}: Add {G}.
Mana: Cinder Glade (218) - {T}: Add {G}.
Mana: Plains (289) - {T}: Add {W}.
Mana: Sunken Hollow (226) - {T}: Add {B}.
Mana: City of Brass (247) - {T}: Add one mana of any color.
Add To Stack: Ai(3)-Destyn_Turtles cast Acidic Slime
Add To Stack: Ai(3)-Destyn_Turtles triggered City of Brass
Damage: City of Brass (247) deals 1 non-combat damage to Ai(3)-Destyn_Turtles.
Life: Life: Ai(3)-Destyn_Turtles 26 > 25
Resolve Stack: Whenever City of Brass becomes tapped, it deals 1 damage to you. [Tapped: City of Brass (247)]
Resolve Stack: Acidic Slime - Creature 2 / 2
Add To Stack: Ai(3)-Destyn_Turtles triggered Acidic Slime targeting [Moon-Circuit Hacker (392)]
Zone Change: Moon-Circuit Hacker (392) was put into Graveyard from Battlefield.
Resolve Stack: When Acidic Slime enters, destroy target artifact, enchantment, or land. (Targeting: [[Moon-Circuit Hacker (392)]]) [Zone Changer: Acidic Slime (264)]
Phase: Ai(3)-Destyn_Turtles' Beginning of Combat Step
Phase: Ai(3)-Destyn_Turtles' Declare Attackers Step
Phase: Ai(3)-Destyn_Turtles' Declare Blockers Step
Phase: Ai(3)-Destyn_Turtles' First Strike Damage Step
Phase: Ai(3)-Destyn_Turtles' Combat Damage Step
Phase: Ai(3)-Destyn_Turtles' End of Combat Step
Phase: Ai(3)-Destyn_Turtles' Main phase, postcombat
Phase: Ai(3)-Destyn_Turtles' End step
Phase: Ai(3)-Destyn_Turtles' Cleanup step
Turn: Turn 25 (Ai(4)-GGS_Cruise_diagnostic)
Phase: Ai(4)-GGS_Cruise_diagnostic's Untap step
Phase: Ai(4)-GGS_Cruise_diagnostic's Upkeep step
Phase: Ai(4)-GGS_Cruise_diagnostic's Draw step
Phase: Ai(4)-GGS_Cruise_diagnostic's Main phase, precombat
Phase: Ai(4)-GGS_Cruise_diagnostic's Beginning of Combat Step
Phase: Ai(4)-GGS_Cruise_diagnostic's Declare Attackers Step
Combat: Ai(4)-GGS_Cruise_diagnostic assigned Goro-Goro and Satoru (403) to attack Ai(1)-Jaymie_Ezio.
Phase: Ai(4)-GGS_Cruise_diagnostic's Declare Blockers Step
Combat: Ai(1)-Jaymie_Ezio didn't block Goro-Goro and Satoru (403).
Phase: Ai(4)-GGS_Cruise_diagnostic's First Strike Damage Step
Phase: Ai(4)-GGS_Cruise_diagnostic's Combat Damage Step
Damage: Goro-Goro and Satoru (403) deals 5 combat damage to Ai(1)-Jaymie_Ezio.
Life: Life: Ai(1)-Jaymie_Ezio 23 > 18
Add To Stack: Ai(4)-GGS_Cruise_diagnostic triggered Sword of Feast and Famine
Add To Stack: Ai(4)-GGS_Cruise_diagnostic triggered Grim Hireling
Add To Stack: Ai(1)-Jaymie_Ezio triggered The Monarch
Resolve Stack: Whenever a creature deals combat damage to you, its controller becomes the monarch. [Damage Source: Goro-Goro and Satoru (403), Damaged: Ai(1)-Jaymie_Ezio, Amount: 5]
Resolve Stack: Whenever one or more creatures you control deal combat damage to a player, create two Treasure tokens. [Damaged: Ai(1)-Jaymie_Ezio, Amount: 5]
Discard: Ai(1)-Jaymie_Ezio discards Haystack (3).
Resolve Stack: Whenever equipped creature deals combat damage to a player, that player discards a card and you untap all lands you control. [Damage Source: Goro-Goro and Satoru (403), Damaged: Ai(1)-Jaymie_Ezio, Amount: 5]
Phase: Ai(4)-GGS_Cruise_diagnostic's End of Combat Step
Phase: Ai(4)-GGS_Cruise_diagnostic's Main phase, postcombat
Mana: Sol Ring (343) - {T}: Add {C}{C}.
Add To Stack: Ai(4)-GGS_Cruise_diagnostic cast Hope of Ghirapur
Resolve Stack: Hope of Ghirapur - Creature 1 / 1
Add To Stack: Ai(4)-GGS_Cruise_diagnostic triggered Purphoros, God of the Forge
Damage: Purphoros, God of the Forge (365) deals 2 non-combat damage to Ai(1)-Jaymie_Ezio.
Damage: Purphoros, God of the Forge (365) deals 2 non-combat damage to Ai(2)-Gabe_Food.
Damage: Purphoros, God of the Forge (365) deals 2 non-combat damage to Ai(3)-Destyn_Turtles.
Life: Life: Ai(1)-Jaymie_Ezio 18 > 16
Life: Life: Ai(2)-Gabe_Food 24 > 22
Life: Life: Ai(3)-Destyn_Turtles 25 > 23
Resolve Stack: Whenever another creature you control enters, Purphoros, God of the Forge deals 2 damage to each opponent. [Zone Changer: Hope of Ghirapur (350)]
Mana: Exotic Orchard (331) - {T}: Add one mana of any color that a land an opponent controls could produce.
Add To Stack: Ai(4)-GGS_Cruise_diagnostic cast Fellwar Stone
Resolve Stack: Fellwar Stone
Phase: Ai(4)-GGS_Cruise_diagnostic's End step
Add To Stack: Ai(4)-GGS_Cruise_diagnostic triggered The Monarch
Resolve Stack: At the beginning of your end step, draw a card. [Phase: Ai(4)-GGS_Cruise_diagnostic]
Phase: Ai(4)-GGS_Cruise_diagnostic's Cleanup step
Turn: Turn 26 (Ai(1)-Jaymie_Ezio)
Phase: Ai(1)-Jaymie_Ezio's Untap step
Phase: Ai(1)-Jaymie_Ezio's Upkeep step
Add To Stack: Ai(1)-Jaymie_Ezio triggered Queen Marchesa
Resolve Stack: At the beginning of your upkeep, if an opponent is the monarch, create a 1/1 black Assassin creature token with deathtouch and haste. [Phase: Ai(1)-Jaymie_Ezio]
Phase: Ai(1)-Jaymie_Ezio's Draw step
Phase: Ai(1)-Jaymie_Ezio's Main phase, precombat
Phase: Ai(1)-Jaymie_Ezio's Beginning of Combat Step
Phase: Ai(1)-Jaymie_Ezio's Declare Attackers Step
Combat: Ai(1)-Jaymie_Ezio assigned Changeling Outcast (14) to attack Ai(4)-GGS_Cruise_diagnostic.
Phase: Ai(1)-Jaymie_Ezio's Declare Blockers Step
Combat: Ai(4)-GGS_Cruise_diagnostic didn't block Changeling Outcast (14).
Phase: Ai(1)-Jaymie_Ezio's First Strike Damage Step
Phase: Ai(1)-Jaymie_Ezio's Combat Damage Step
Damage: Changeling Outcast (14) deals 4 combat damage to Ai(4)-GGS_Cruise_diagnostic.
Life: Life: Ai(4)-GGS_Cruise_diagnostic 29 > 25
Add To Stack: Ai(1)-Jaymie_Ezio triggered Coastal Piracy
Add To Stack: Ai(4)-GGS_Cruise_diagnostic triggered The Monarch
Resolve Stack: Whenever a creature deals combat damage to you, its controller becomes the monarch. [Damage Source: Changeling Outcast (14), Damaged: Ai(4)-GGS_Cruise_diagnostic, Amount: 4]
Resolve Stack: Whenever a creature you control deals combat damage to an opponent, you may draw a card. [Damage Source: Changeling Outcast (14), Damaged: Ai(4)-GGS_Cruise_diagnostic, Amount: 4]
Phase: Ai(1)-Jaymie_Ezio's End of Combat Step
Phase: Ai(1)-Jaymie_Ezio's Main phase, postcombat
Land: Ai(1)-Jaymie_Ezio played Shadowblood Ridge (55)
Mana: Island (33) - {T}: Add {U}.
Mana: Mountain (88) - {T}: Add {R}.
Mana: Thriving Grove (27) - {T}: Add {G} or one mana of the chosen color.
Mana: Plains (90) - {T}: Add {W}.
Mana: Thriving Moor (99) - {T}: Add {B} or one mana of the chosen color.
Add To Stack: Ai(1)-Jaymie_Ezio cast Edward Kenway
Resolve Stack: Edward Kenway - Creature 5 / 5
Mana: Smoldering Marsh (71) - {T}: Add {B}.
Mana: Command Tower (32) - {T}: Add one mana of any color in your commander's color identity.
Add To Stack: Ai(1)-Jaymie_Ezio cast Ezio Auditore da Firenze
Resolve Stack: Ezio Auditore da Firenze - Creature 3 / 2
Phase: Ai(1)-Jaymie_Ezio's End step
Add To Stack: Ai(1)-Jaymie_Ezio triggered The Monarch
Add To Stack: Ai(1)-Jaymie_Ezio triggered Edward Kenway
Resolve Stack: At the beginning of your end step, create a Treasure token for each tapped Assassin, Pirate, and/or Vehicle you control. [Phase: Ai(1)-Jaymie_Ezio]
Resolve Stack: At the beginning of your end step, draw a card. [Phase: Ai(1)-Jaymie_Ezio]
Phase: Ai(1)-Jaymie_Ezio's Cleanup step
Turn: Turn 27 (Ai(2)-Gabe_Food)
Phase: Ai(2)-Gabe_Food's Untap step
Phase: Ai(2)-Gabe_Food's Upkeep step
Phase: Ai(2)-Gabe_Food's Draw step
Phase: Ai(2)-Gabe_Food's Main phase, precombat
Mana: Plains (187) - {T}: Add {W}.
Mana: Forest (140) - {T}: Add {G}.
Mana: Swamp (163) - {T}: Add {B}.
Add To Stack: Ai(2)-Gabe_Food cast Field-Tested Frying Pan
Resolve Stack: Field-Tested Frying Pan
Add To Stack: Ai(2)-Gabe_Food triggered Field-Tested Frying Pan
Resolve Stack: When Field-Tested Frying Pan enters, create a Food token, then create a 1/1 white Halfling creature token and attach Field-Tested Frying Pan to it. [Zone Changer: Field-Tested Frying Pan (174)]
Phase: Ai(2)-Gabe_Food's Beginning of Combat Step
Add To Stack: Ai(2)-Gabe_Food triggered Sam, Loyal Attendant
Resolve Stack: At the beginning of combat on your turn, create a Food token. (It's an artifact with "{2}, {T}, Sacrifice this token: You gain 3 life.") [Phase: Ai(2)-Gabe_Food]
Phase: Ai(2)-Gabe_Food's Declare Attackers Step
Phase: Ai(2)-Gabe_Food's Declare Blockers Step
Phase: Ai(2)-Gabe_Food's First Strike Damage Step
Phase: Ai(2)-Gabe_Food's Combat Damage Step
Phase: Ai(2)-Gabe_Food's End of Combat Step
Phase: Ai(2)-Gabe_Food's Main phase, postcombat
Mana: Command Tower (131) - {T}: Add one mana of any color in your commander's color identity.
Mana: Sandsteppe Citadel (118) - {T}: Add {W}, {B}, or {G}.
Add To Stack: Ai(2)-Gabe_Food cast Feasting Hobbit
Zone Change: Food Token (464) was put into Graveyard from Battlefield.
Zone Change: Food Token (459) was put into Graveyard from Battlefield.
Zone Change: Food Token (445) was put into Graveyard from Battlefield.
Zone Change: Food Token (438) was put into Graveyard from Battlefield.
Zone Change: Food Token (412) was put into Graveyard from Battlefield.
Zone Change: Food Token (407) was put into Graveyard from Battlefield.
Replacement Effect: Devour Food 3 (As this object enters, you may sacrifice any number of Foods. This permanent enters with three +1/+1 counters on it for each permanent sacrificed this way.)
Resolve Stack: Feasting Hobbit - Creature 2 / 2
Phase: Ai(2)-Gabe_Food's End step
Phase: Ai(2)-Gabe_Food's Cleanup step
Turn: Turn 28 (Ai(3)-Destyn_Turtles)
Phase: Ai(3)-Destyn_Turtles' Untap step
Phase: Ai(3)-Destyn_Turtles' Upkeep step
Phase: Ai(3)-Destyn_Turtles' Draw step
Phase: Ai(3)-Destyn_Turtles' Main phase, precombat
Mana: Cinder Glade (218) - {T}: Add {R}.
Mana: Plains (289) - {T}: Add {W}.
Mana: Sunken Hollow (226) - {T}: Add {B}.
Mana: Sodden Verdure (283) - {T}: Add {G}.
Mana: City of Brass (247) - {T}: Add one mana of any color.
Add To Stack: Ai(3)-Destyn_Turtles cast Fast Forward
Add To Stack: Ai(3)-Destyn_Turtles triggered City of Brass
Damage: City of Brass (247) deals 1 non-combat damage to Ai(3)-Destyn_Turtles.
Life: Life: Ai(3)-Destyn_Turtles 23 > 22
Resolve Stack: Whenever City of Brass becomes tapped, it deals 1 damage to you. [Tapped: City of Brass (247)]
Resolve Stack: Fast Forward (233) - Ai(3)-Destyn_Turtles goads Assassin Initiate (51), Changeling Outcast (14), Queen Marchesa (31), Assassin Token (435), Assassin Token (441), Arno Dorian (24), Achilles Davenport (43), Assassin Token (452), Edward Kenway (5), Ezio Auditore da Firenze (100), Prize Pig (130), Sam, Loyal Attendant (202), Frodo, Adventurous Hobbit (200), Great Oak Guardian (122), Halfling Token (461), Feasting Hobbit (194), Goro-Goro and Satoru (403), Yuriko, the Tiger's Shadow (401), Grim Hireling (399) and Hope of Ghirapur (350).
Phase: Ai(3)-Destyn_Turtles' Beginning of Combat Step
Phase: Ai(3)-Destyn_Turtles' Declare Attackers Step
Phase: Ai(3)-Destyn_Turtles' Declare Blockers Step
Phase: Ai(3)-Destyn_Turtles' First Strike Damage Step
Phase: Ai(3)-Destyn_Turtles' Combat Damage Step
Phase: Ai(3)-Destyn_Turtles' End of Combat Step
Phase: Ai(3)-Destyn_Turtles' Main phase, postcombat
Phase: Ai(3)-Destyn_Turtles' End step
Phase: Ai(3)-Destyn_Turtles' Cleanup step
Turn: Turn 29 (Ai(4)-GGS_Cruise_diagnostic)
Phase: Ai(4)-GGS_Cruise_diagnostic's Untap step
Phase: Ai(4)-GGS_Cruise_diagnostic's Upkeep step
Phase: Ai(4)-GGS_Cruise_diagnostic's Draw step
Phase: Ai(4)-GGS_Cruise_diagnostic's Main phase, precombat
Phase: Ai(4)-GGS_Cruise_diagnostic's Beginning of Combat Step
Phase: Ai(4)-GGS_Cruise_diagnostic's Declare Attackers Step
Combat: Ai(4)-GGS_Cruise_diagnostic assigned Goro-Goro and Satoru (403), Grim Hireling (399), Yuriko, the Tiger's Shadow (401) and Hope of Ghirapur (350) to attack Ai(1)-Jaymie_Ezio.
Phase: Ai(4)-GGS_Cruise_diagnostic's Declare Blockers Step
Combat: Ai(1)-Jaymie_Ezio didn't block Goro-Goro and Satoru (403).
Ai(1)-Jaymie_Ezio assigned Assassin Token (435) to block Grim Hireling (399).
Ai(1)-Jaymie_Ezio assigned Assassin Token (441) to block Yuriko, the Tiger's Shadow (401).
Ai(1)-Jaymie_Ezio didn't block Hope of Ghirapur (350).
Mana: Exotic Orchard (331) - {T}: Add one mana of any color that a land an opponent controls could produce.
Mana: Sol Ring (343) - {T}: Add {C}{C}.
Add To Stack: Ai(4)-GGS_Cruise_diagnostic activated Purphoros, God of the Forge
Resolve Stack: Purphoros, God of the Forge (365) - Creatures you control get +1/+0 until end of turn.
Add To Stack: Ai(1)-Jaymie_Ezio cast Flawless Maneuver
Resolve Stack: Flawless Maneuver (2) - Creatures you control gain indestructible until end of turn.
Phase: Ai(4)-GGS_Cruise_diagnostic's First Strike Damage Step
Phase: Ai(4)-GGS_Cruise_diagnostic's Combat Damage Step
Damage: Goro-Goro and Satoru (403) deals 6 combat damage to Ai(1)-Jaymie_Ezio.
Damage: Grim Hireling (399) deals 4 damage to Assassin Token (435).
Damage: Yuriko, the Tiger's Shadow (401) deals 2 damage to Assassin Token (441).
Damage: Hope of Ghirapur (350) deals 2 combat damage to Ai(1)-Jaymie_Ezio.
Damage: Assassin Token (435) deals 4 damage (Deathtouch) to Grim Hireling (399).
Damage: Assassin Token (441) deals 4 damage (Deathtouch) to Yuriko, the Tiger's Shadow (401).
Life: Life: Ai(1)-Jaymie_Ezio 16 > 8
Zone Change: Yuriko, the Tiger's Shadow (401) was put into Graveyard from Battlefield.
Zone Change: Grim Hireling (399) was put into Graveyard from Battlefield.
Add To Stack: Ai(4)-GGS_Cruise_diagnostic triggered Sword of Feast and Famine
Add To Stack: Ai(4)-GGS_Cruise_diagnostic triggered Grim Hireling
Add To Stack: Ai(1)-Jaymie_Ezio triggered The Monarch
Add To Stack: Ai(1)-Jaymie_Ezio triggered The Monarch
Resolve Stack: Whenever a creature deals combat damage to you, its controller becomes the monarch. [Damage Source: Hope of Ghirapur (350), Damaged: Ai(1)-Jaymie_Ezio, Amount: 2]
Resolve Stack: Whenever a creature deals combat damage to you, its controller becomes the monarch. [Damage Source: Goro-Goro and Satoru (403), Damaged: Ai(1)-Jaymie_Ezio, Amount: 6]
Resolve Stack: Whenever one or more creatures you control deal combat damage to a player, create two Treasure tokens. [Damaged: Ai(1)-Jaymie_Ezio, Amount: 8]
Discard: Ai(1)-Jaymie_Ezio discards Perilous Landscape (26).
Resolve Stack: Whenever equipped creature deals combat damage to a player, that player discards a card and you untap all lands you control. [Damage Source: Goro-Goro and Satoru (403), Damaged: Ai(1)-Jaymie_Ezio, Amount: 6]
Phase: Ai(4)-GGS_Cruise_diagnostic's End of Combat Step
Phase: Ai(4)-GGS_Cruise_diagnostic's Main phase, postcombat
Mana: Exotic Orchard (331) - {T}: Add one mana of any color that a land an opponent controls could produce.
Mana: Fellwar Stone (395) - {T}: Add one mana of any color that a land an opponent controls could produce.
Add To Stack: Ai(4)-GGS_Cruise_diagnostic cast Tetsuko Umezawa, Fugitive
Resolve Stack: Tetsuko Umezawa, Fugitive - Creature 1 / 3
Add To Stack: Ai(4)-GGS_Cruise_diagnostic triggered Purphoros, God of the Forge
Damage: Purphoros, God of the Forge (365) deals 2 non-combat damage to Ai(1)-Jaymie_Ezio.
Damage: Purphoros, God of the Forge (365) deals 2 non-combat damage to Ai(2)-Gabe_Food.
Damage: Purphoros, God of the Forge (365) deals 2 non-combat damage to Ai(3)-Destyn_Turtles.
Life: Life: Ai(1)-Jaymie_Ezio 8 > 6
Life: Life: Ai(2)-Gabe_Food 22 > 20
Life: Life: Ai(3)-Destyn_Turtles 22 > 20
Resolve Stack: Whenever another creature you control enters, Purphoros, God of the Forge deals 2 damage to each opponent. [Zone Changer: Tetsuko Umezawa, Fugitive (377)]
Mana: Training Center (332) - {T}: Add {U} or {R}.
Add To Stack: Ai(4)-GGS_Cruise_diagnostic cast Thousand-Faced Shadow
Resolve Stack: Thousand-Faced Shadow - Creature 1 / 1
Add To Stack: Ai(4)-GGS_Cruise_diagnostic triggered Purphoros, God of the Forge
Damage: Purphoros, God of the Forge (365) deals 2 non-combat damage to Ai(1)-Jaymie_Ezio.
Damage: Purphoros, God of the Forge (365) deals 2 non-combat damage to Ai(2)-Gabe_Food.
Damage: Purphoros, God of the Forge (365) deals 2 non-combat damage to Ai(3)-Destyn_Turtles.
Life: Life: Ai(1)-Jaymie_Ezio 6 > 4
Life: Life: Ai(2)-Gabe_Food 20 > 18
Life: Life: Ai(3)-Destyn_Turtles 20 > 18
Resolve Stack: Whenever another creature you control enters, Purphoros, God of the Forge deals 2 damage to each opponent. [Zone Changer: Thousand-Faced Shadow (324)]
Phase: Ai(4)-GGS_Cruise_diagnostic's End step
Add To Stack: Ai(4)-GGS_Cruise_diagnostic triggered The Monarch
Resolve Stack: At the beginning of your end step, draw a card. [Phase: Ai(4)-GGS_Cruise_diagnostic]
Phase: Ai(4)-GGS_Cruise_diagnostic's Cleanup step
Turn: Turn 30 (Ai(1)-Jaymie_Ezio)
Phase: Ai(1)-Jaymie_Ezio's Untap step
Phase: Ai(1)-Jaymie_Ezio's Upkeep step
Add To Stack: Ai(1)-Jaymie_Ezio triggered Queen Marchesa
Resolve Stack: At the beginning of your upkeep, if an opponent is the monarch, create a 1/1 black Assassin creature token with deathtouch and haste. [Phase: Ai(1)-Jaymie_Ezio]
Phase: Ai(1)-Jaymie_Ezio's Draw step
Phase: Ai(1)-Jaymie_Ezio's Main phase, precombat
Phase: Ai(1)-Jaymie_Ezio's Beginning of Combat Step
Phase: Ai(1)-Jaymie_Ezio's Declare Attackers Step
Combat: Ai(1)-Jaymie_Ezio assigned Edward Kenway (5), Queen Marchesa (31), Achilles Davenport (43), Assassin Initiate (51), Assassin Token (435), Assassin Token (441), Arno Dorian (24), Changeling Outcast (14), Assassin Token (452), Ezio Auditore da Firenze (100) and Assassin Token (471) to attack Ai(2)-Gabe_Food.
Phase: Ai(1)-Jaymie_Ezio's Declare Blockers Step
Combat: Ai(2)-Gabe_Food assigned Halfling Token (461) to block Edward Kenway (5).
Ai(2)-Gabe_Food assigned Prize Pig (130) to block Queen Marchesa (31).
Ai(2)-Gabe_Food didn't block Achilles Davenport (43).
Ai(2)-Gabe_Food assigned Frodo, Adventurous Hobbit (200) to block Assassin Initiate (51).
Ai(2)-Gabe_Food assigned Sam, Loyal Attendant (202) to block Assassin Token (435).
Ai(2)-Gabe_Food assigned Great Oak Guardian (122) to block Assassin Token (441).
Ai(2)-Gabe_Food assigned Feasting Hobbit (194) to block Arno Dorian (24).
Ai(2)-Gabe_Food didn't block Changeling Outcast (14).
Ai(2)-Gabe_Food didn't block Assassin Token (452).
Ai(2)-Gabe_Food didn't block Ezio Auditore da Firenze (100).
Ai(2)-Gabe_Food didn't block Assassin Token (471).
Phase: Ai(1)-Jaymie_Ezio's First Strike Damage Step
Phase: Ai(1)-Jaymie_Ezio's Combat Damage Step
Damage: Edward Kenway (5) deals 8 damage to Halfling Token (461).
Damage: Queen Marchesa (31) deals 6 damage (Deathtouch) to Prize Pig (130).
Damage: Achilles Davenport (43) deals 5 combat damage to Ai(2)-Gabe_Food.
Damage: Assassin Initiate (51) deals 4 damage to Frodo, Adventurous Hobbit (200).
Damage: Assassin Token (435) deals 4 damage (Deathtouch) to Sam, Loyal Attendant (202).
Damage: Assassin Token (441) deals 4 damage (Deathtouch) to Great Oak Guardian (122).
Damage: Arno Dorian (24) deals 4 damage (Deathtouch) to Feasting Hobbit (194).
Damage: Changeling Outcast (14) deals 4 combat damage to Ai(2)-Gabe_Food.
Damage: Assassin Token (452) deals 4 combat damage to Ai(2)-Gabe_Food.
Damage: Ezio Auditore da Firenze (100) deals 6 combat damage to Ai(2)-Gabe_Food.
Damage: Assassin Token (471) deals 4 combat damage to Ai(2)-Gabe_Food.
Damage: Halfling Token (461) deals 1 damage to Edward Kenway (5).
Damage: Frodo, Adventurous Hobbit (200) deals 1 damage to Assassin Initiate (51).
Damage: Sam, Loyal Attendant (202) deals 2 damage to Assassin Token (435).
Damage: Great Oak Guardian (122) deals 4 damage to Assassin Token (441).
Damage: Feasting Hobbit (194) deals 20 damage to Arno Dorian (24).
Life: Life: Ai(2)-Gabe_Food 18 > -5
Zone Change: Assassin Token (435) was put into Graveyard from Battlefield.
Zone Change: Assassin Token (441) was put into Graveyard from Battlefield.
Zone Change: Arno Dorian (24) was put into Graveyard from Battlefield.
Add To Stack: Ai(1)-Jaymie_Ezio triggered Ezio Auditore da Firenze
Add To Stack: Ai(1)-Jaymie_Ezio triggered Coastal Piracy
Add To Stack: Ai(1)-Jaymie_Ezio triggered Coastal Piracy
Add To Stack: Ai(1)-Jaymie_Ezio triggered Coastal Piracy
Add To Stack: Ai(1)-Jaymie_Ezio triggered Coastal Piracy
Add To Stack: Ai(1)-Jaymie_Ezio triggered Coastal Piracy
Resolve Stack: Whenever a creature you control deals combat damage to an opponent, you may draw a card. [Damage Source: Assassin Token (471), Damaged: Ai(2)-Gabe_Food, Amount: 4]
Resolve Stack: Whenever a creature you control deals combat damage to an opponent, you may draw a card. [Damage Source: Ezio Auditore da Firenze (100), Damaged: Ai(2)-Gabe_Food, Amount: 6]
Resolve Stack: Whenever a creature you control deals combat damage to an opponent, you may draw a card. [Damage Source: Assassin Token (452), Damaged: Ai(2)-Gabe_Food, Amount: 4]
Resolve Stack: Whenever a creature you control deals combat damage to an opponent, you may draw a card. [Damage Source: Changeling Outcast (14), Damaged: Ai(2)-Gabe_Food, Amount: 4]
Resolve Stack: Whenever a creature you control deals combat damage to an opponent, you may draw a card. [Damage Source: Achilles Davenport (43), Damaged: Ai(2)-Gabe_Food, Amount: 5]
Mana: Island (33) - {T}: Add {U}.
Mana: Thriving Grove (27) - {T}: Add {G} or one mana of the chosen color.
Mana: Plains (90) - {T}: Add {W}.
Mana: Thriving Moor (99) - {T}: Add {B} or one mana of the chosen color.
Mana: Mountain (88) - {T}: Add {R}.
Resolve Stack: Whenever Ezio deals combat damage to a player, you may pay {W}{U}{B}{R}{G} if that player has 10 or less life. When you do, that player loses the game. [Damage Source: Ezio Auditore da Firenze (100), Damaged: Ai(2)-Gabe_Food, Amount: 6]
Add To Stack: Ai(1)-Jaymie_Ezio triggered Ezio Auditore da Firenze
Resolve Stack: When you do, that player loses the game.
Phase: Ai(1)-Jaymie_Ezio's End of Combat Step
Phase: Ai(1)-Jaymie_Ezio's Main phase, postcombat
Replacement Effect: Cinder Glade enters tapped unless you control two or more basic lands.
Land: Ai(1)-Jaymie_Ezio played Cinder Glade (18)
Mana: Smoldering Marsh (71) - {T}: Add {B}.
Mana: Command Tower (32) - {T}: Add one mana of any color in your commander's color identity.
Add To Stack: Ai(1)-Jaymie_Ezio cast Ramses, Assassin Lord
Resolve Stack: Ramses, Assassin Lord - Creature 4 / 4
Mana: Path of Ancestry (8) - {T}: Add one mana of any color in your commander's color identity. When that mana is spent to cast a creature spell that shares a creature type with your commander, scry 1. (Look at the top card of your library. You may put that card on the bottom.)
Zone Change: Treasure Token (455) was put into Graveyard from Battlefield.
Mana: Treasure Token (455) - {T}, Sacrifice this token: Add one mana of any color.
Add To Stack: Ai(1)-Jaymie_Ezio cast Adéwalé, Breaker of Chains
Add To Stack: Ai(1)-Jaymie_Ezio triggered Path of Ancestry
Resolve Stack: Ai(1)-Jaymie_Ezio scried 1 card(s) to the top of the library
Resolve Stack: When mana produced by Path of Ancestry is spent to cast a creature spell that shares a creature type with your commander, scry 1. ([Freerunning  {B}{B} (You may cast this spell for its freerunning cost if you dealt combat damage to a player this turn with an Assassin or commander.)]) [Card: Adéwalé, Breaker of Chains (81), Activator: Ai(1)-Jaymie_Ezio, SpellAbility: Freerunning  {B}{B} (You may cast this spell for its freerunning cost if you dealt combat damage to a player this turn with an Assassin or commander.)]
Resolve Stack: Adéwalé, Breaker of Chains - Creature 4 / 1
Add To Stack: Ai(1)-Jaymie_Ezio triggered Adéwalé, Breaker of Chains
Resolve Stack: When Adéwalé enters, reveal the top six cards of your library. Put an Assassin, Pirate, or Vehicle card from among them into your hand and the rest on the bottom of your library in a random order. [Zone Changer: Adéwalé, Breaker of Chains (81)]
Phase: Ai(1)-Jaymie_Ezio's End step
Add To Stack: Ai(1)-Jaymie_Ezio triggered Edward Kenway
Resolve Stack: At the beginning of your end step, create a Treasure token for each tapped Assassin, Pirate, and/or Vehicle you control. [Phase: Ai(1)-Jaymie_Ezio]
Phase: Ai(1)-Jaymie_Ezio's Cleanup step
Turn: Turn 31 (Ai(3)-Destyn_Turtles)
Phase: Ai(3)-Destyn_Turtles' Untap step
Phase: Ai(3)-Destyn_Turtles' Upkeep step
Phase: Ai(3)-Destyn_Turtles' Draw step
Phase: Ai(3)-Destyn_Turtles' Main phase, precombat
Mana: Sodden Verdure (283) - {T}: Add {U}.
Mana: Plains (289) - {T}: Add {W}.
Mana: Sunken Hollow (226) - {T}: Add {B}.
Add To Stack: Ai(3)-Destyn_Turtles cast Irma, Part-Time Mutant
Resolve Stack: Irma, Part-Time Mutant - Creature 1 / 1
Phase: Ai(3)-Destyn_Turtles' Beginning of Combat Step
Add To Stack: Ai(3)-Destyn_Turtles triggered Irma, Part-Time Mutant targeting [Casey Jones, Back Alley Brute (208)]
Resolve Stack: At the beginning of combat on your turn, Irma becomes a copy of up to one other target creature you control, except her name is Irma, Part-Time Mutant and she has this ability. Then put a +1/+1 counter on her. (Targeting: [[Casey Jones, Back Alley Brute (208)]]) [Phase: Ai(3)-Destyn_Turtles]
Add To Stack: Ai(3)-Destyn_Turtles triggered Casey Jones, Back Alley Brute targeting [Ai(1)-Jaymie_Ezio]
Add To Stack: Ai(3)-Destyn_Turtles triggered Irma, Part-Time Mutant targeting [Ai(1)-Jaymie_Ezio]
Damage: Irma, Part-Time Mutant (209) deals 1 non-combat damage to Ai(1)-Jaymie_Ezio.
Life: Life: Ai(1)-Jaymie_Ezio 4 > 3
Resolve Stack: Whenever you put one or more +1/+1 counters on a creature you control, Irma deals that much damage to target opponent. (Targeting: [[Ai(1)-Jaymie_Ezio]]) [Added once: Irma, Part-Time Mutant (209) Amount: 1]
Damage: Casey Jones, Back Alley Brute (208) deals 1 non-combat damage to Ai(1)-Jaymie_Ezio.
Life: Life: Ai(1)-Jaymie_Ezio 3 > 2
Resolve Stack: Whenever you put one or more +1/+1 counters on a creature you control, Casey Jones deals that much damage to target opponent. (Targeting: [[Ai(1)-Jaymie_Ezio]]) [Added once: Irma, Part-Time Mutant (209) Amount: 1]
Phase: Ai(3)-Destyn_Turtles' Declare Attackers Step
Combat: Ai(3)-Destyn_Turtles assigned Casey Jones, Back Alley Brute (208), Leonardo, the Balance (303), Michelangelo, the Heart (301) and Acidic Slime (264) to attack Ai(1)-Jaymie_Ezio.
Add To Stack: Ai(3)-Destyn_Turtles triggered Casey Jones, Back Alley Brute targeting [Casey Jones, Back Alley Brute (208)]
Resolve Stack: Whenever Casey Jones attacks, put a +1/+1 counter on target attacking creature. (Targeting: [[Casey Jones, Back Alley Brute (208)]]) [Attacker: Casey Jones, Back Alley Brute (208)]
Add To Stack: Ai(3)-Destyn_Turtles triggered Casey Jones, Back Alley Brute targeting [Ai(1)-Jaymie_Ezio]
Add To Stack: Ai(3)-Destyn_Turtles triggered Irma, Part-Time Mutant targeting [Ai(1)-Jaymie_Ezio]
Damage: Irma, Part-Time Mutant (209) deals 1 non-combat damage to Ai(1)-Jaymie_Ezio.
Life: Life: Ai(1)-Jaymie_Ezio 2 > 1
Resolve Stack: Whenever you put one or more +1/+1 counters on a creature you control, Irma deals that much damage to target opponent. (Targeting: [[Ai(1)-Jaymie_Ezio]]) [Added once: Casey Jones, Back Alley Brute (208) Amount: 1]
Damage: Casey Jones, Back Alley Brute (208) deals 1 non-combat damage to Ai(1)-Jaymie_Ezio.
Life: Life: Ai(1)-Jaymie_Ezio 1 > 0
Resolve Stack: Whenever you put one or more +1/+1 counters on a creature you control, Casey Jones deals that much damage to target opponent. (Targeting: [[Ai(1)-Jaymie_Ezio]]) [Added once: Casey Jones, Back Alley Brute (208) Amount: 1]
Phase: Ai(3)-Destyn_Turtles' Declare Blockers Step
Phase: Ai(3)-Destyn_Turtles' First Strike Damage Step
Phase: Ai(3)-Destyn_Turtles' Combat Damage Step
Phase: Ai(3)-Destyn_Turtles' End of Combat Step
Phase: Ai(3)-Destyn_Turtles' Main phase, postcombat
Add To Stack: Ai(3)-Destyn_Turtles triggered Michelangelo, the Heart targeting [Irma, Part-Time Mutant (209)]
Resolve Stack: Raid (the Fridge) — At the beginning of your second main phase, if you attacked this turn, put a +1/+1 counter on target creature and create a Food token. (Targeting: [[Irma, Part-Time Mutant (209)]]) [Phase: Ai(3)-Destyn_Turtles]
Add To Stack: Ai(3)-Destyn_Turtles triggered Casey Jones, Back Alley Brute targeting [Ai(4)-GGS_Cruise_diagnostic]
Add To Stack: Ai(3)-Destyn_Turtles triggered Irma, Part-Time Mutant targeting [Ai(4)-GGS_Cruise_diagnostic]
Add To Stack: Ai(3)-Destyn_Turtles triggered Leonardo, the Balance
Resolve Stack: Whenever a token you control enters, you may put a +1/+1 counter on each creature you control. Do this only once each turn. [Zone Changer: Food Token (483)]
Add To Stack: Ai(3)-Destyn_Turtles triggered Casey Jones, Back Alley Brute targeting [Ai(4)-GGS_Cruise_diagnostic]
Add To Stack: Ai(3)-Destyn_Turtles triggered Irma, Part-Time Mutant targeting [Ai(4)-GGS_Cruise_diagnostic]
Add To Stack: Ai(3)-Destyn_Turtles triggered Casey Jones, Back Alley Brute targeting [Ai(4)-GGS_Cruise_diagnostic]
Add To Stack: Ai(3)-Destyn_Turtles triggered Irma, Part-Time Mutant targeting [Ai(4)-GGS_Cruise_diagnostic]
Add To Stack: Ai(3)-Destyn_Turtles triggered Casey Jones, Back Alley Brute targeting [Ai(4)-GGS_Cruise_diagnostic]
Add To Stack: Ai(3)-Destyn_Turtles triggered Irma, Part-Time Mutant targeting [Ai(4)-GGS_Cruise_diagnostic]
Add To Stack: Ai(3)-Destyn_Turtles triggered Casey Jones, Back Alley Brute targeting [Ai(4)-GGS_Cruise_diagnostic]
Add To Stack: Ai(3)-Destyn_Turtles triggered Irma, Part-Time Mutant targeting [Ai(4)-GGS_Cruise_diagnostic]
Add To Stack: Ai(3)-Destyn_Turtles triggered Casey Jones, Back Alley Brute targeting [Ai(4)-GGS_Cruise_diagnostic]
Add To Stack: Ai(3)-Destyn_Turtles triggered Irma, Part-Time Mutant targeting [Ai(4)-GGS_Cruise_diagnostic]
Damage: Irma, Part-Time Mutant (209) deals 1 non-combat damage to Ai(4)-GGS_Cruise_diagnostic.
Life: Life: Ai(4)-GGS_Cruise_diagnostic 25 > 24
Resolve Stack: Whenever you put one or more +1/+1 counters on a creature you control, Irma deals that much damage to target opponent. (Targeting: [[Ai(4)-GGS_Cruise_diagnostic]]) [Added once: Irma, Part-Time Mutant (209) Amount: 1]
Damage: Casey Jones, Back Alley Brute (208) deals 1 non-combat damage to Ai(4)-GGS_Cruise_diagnostic.
Life: Life: Ai(4)-GGS_Cruise_diagnostic 24 > 23
Resolve Stack: Whenever you put one or more +1/+1 counters on a creature you control, Casey Jones deals that much damage to target opponent. (Targeting: [[Ai(4)-GGS_Cruise_diagnostic]]) [Added once: Irma, Part-Time Mutant (209) Amount: 1]
Damage: Irma, Part-Time Mutant (209) deals 1 non-combat damage to Ai(4)-GGS_Cruise_diagnostic.
Life: Life: Ai(4)-GGS_Cruise_diagnostic 23 > 22
Resolve Stack: Whenever you put one or more +1/+1 counters on a creature you control, Irma deals that much damage to target opponent. (Targeting: [[Ai(4)-GGS_Cruise_diagnostic]]) [Added once: Acidic Slime (264) Amount: 1]
Damage: Casey Jones, Back Alley Brute (208) deals 1 non-combat damage to Ai(4)-GGS_Cruise_diagnostic.
Life: Life: Ai(4)-GGS_Cruise_diagnostic 22 > 21
Resolve Stack: Whenever you put one or more +1/+1 counters on a creature you control, Casey Jones deals that much damage to target opponent. (Targeting: [[Ai(4)-GGS_Cruise_diagnostic]]) [Added once: Acidic Slime (264) Amount: 1]
Damage: Irma, Part-Time Mutant (209) deals 1 non-combat damage to Ai(4)-GGS_Cruise_diagnostic.
Life: Life: Ai(4)-GGS_Cruise_diagnostic 21 > 20
Resolve Stack: Whenever you put one or more +1/+1 counters on a creature you control, Irma deals that much damage to target opponent. (Targeting: [[Ai(4)-GGS_Cruise_diagnostic]]) [Added once: Leonardo, the Balance (303) Amount: 1]
Damage: Casey Jones, Back Alley Brute (208) deals 1 non-combat damage to Ai(4)-GGS_Cruise_diagnostic.
Life: Life: Ai(4)-GGS_Cruise_diagnostic 20 > 19
Resolve Stack: Whenever you put one or more +1/+1 counters on a creature you control, Casey Jones deals that much damage to target opponent. (Targeting: [[Ai(4)-GGS_Cruise_diagnostic]]) [Added once: Leonardo, the Balance (303) Amount: 1]
Damage: Irma, Part-Time Mutant (209) deals 1 non-combat damage to Ai(4)-GGS_Cruise_diagnostic.
Life: Life: Ai(4)-GGS_Cruise_diagnostic 19 > 18
Resolve Stack: Whenever you put one or more +1/+1 counters on a creature you control, Irma deals that much damage to target opponent. (Targeting: [[Ai(4)-GGS_Cruise_diagnostic]]) [Added once: Casey Jones, Back Alley Brute (208) Amount: 1]
Damage: Casey Jones, Back Alley Brute (208) deals 1 non-combat damage to Ai(4)-GGS_Cruise_diagnostic.
Life: Life: Ai(4)-GGS_Cruise_diagnostic 18 > 17
Resolve Stack: Whenever you put one or more +1/+1 counters on a creature you control, Casey Jones deals that much damage to target opponent. (Targeting: [[Ai(4)-GGS_Cruise_diagnostic]]) [Added once: Casey Jones, Back Alley Brute (208) Amount: 1]
Damage: Irma, Part-Time Mutant (209) deals 1 non-combat damage to Ai(4)-GGS_Cruise_diagnostic.
Life: Life: Ai(4)-GGS_Cruise_diagnostic 17 > 16
Resolve Stack: Whenever you put one or more +1/+1 counters on a creature you control, Irma deals that much damage to target opponent. (Targeting: [[Ai(4)-GGS_Cruise_diagnostic]]) [Added once: Michelangelo, the Heart (301) Amount: 1]
Damage: Casey Jones, Back Alley Brute (208) deals 1 non-combat damage to Ai(4)-GGS_Cruise_diagnostic.
Life: Life: Ai(4)-GGS_Cruise_diagnostic 16 > 15
Resolve Stack: Whenever you put one or more +1/+1 counters on a creature you control, Casey Jones deals that much damage to target opponent. (Targeting: [[Ai(4)-GGS_Cruise_diagnostic]]) [Added once: Michelangelo, the Heart (301) Amount: 1]
Damage: Irma, Part-Time Mutant (209) deals 1 non-combat damage to Ai(4)-GGS_Cruise_diagnostic.
Life: Life: Ai(4)-GGS_Cruise_diagnostic 15 > 14
Resolve Stack: Whenever you put one or more +1/+1 counters on a creature you control, Irma deals that much damage to target opponent. (Targeting: [[Ai(4)-GGS_Cruise_diagnostic]]) [Added once: Irma, Part-Time Mutant (209) Amount: 1]
Damage: Casey Jones, Back Alley Brute (208) deals 1 non-combat damage to Ai(4)-GGS_Cruise_diagnostic.
Life: Life: Ai(4)-GGS_Cruise_diagnostic 14 > 13
Resolve Stack: Whenever you put one or more +1/+1 counters on a creature you control, Casey Jones deals that much damage to target opponent. (Targeting: [[Ai(4)-GGS_Cruise_diagnostic]]) [Added once: Irma, Part-Time Mutant (209) Amount: 1]
Mana: City of Brass (247) - {T}: Add one mana of any color.
Mana: Cinder Glade (218) - {T}: Add {G}.
Add To Stack: Ai(3)-Destyn_Turtles cast April O'Neil, Live on the Scene
Add To Stack: Ai(3)-Destyn_Turtles triggered City of Brass
Damage: City of Brass (247) deals 1 non-combat damage to Ai(3)-Destyn_Turtles.
Life: Life: Ai(3)-Destyn_Turtles 18 > 17
Resolve Stack: Whenever City of Brass becomes tapped, it deals 1 damage to you. [Tapped: City of Brass (247)]
Resolve Stack: April O'Neil, Live on the Scene - Creature 2 / 1
Phase: Ai(3)-Destyn_Turtles' End step
Phase: Ai(3)-Destyn_Turtles' Cleanup step
Turn: Turn 32 (Ai(4)-GGS_Cruise_diagnostic)
Phase: Ai(4)-GGS_Cruise_diagnostic's Untap step
Phase: Ai(4)-GGS_Cruise_diagnostic's Upkeep step
Phase: Ai(4)-GGS_Cruise_diagnostic's Draw step
Phase: Ai(4)-GGS_Cruise_diagnostic's Main phase, precombat
Mana: Exotic Orchard (331) - {T}: Add one mana of any color that a land an opponent controls could produce.
Mana: Sol Ring (343) - {T}: Add {C}{C}.
Add To Stack: Ai(4)-GGS_Cruise_diagnostic cast Loyal Apprentice
Resolve Stack: Loyal Apprentice - Creature 2 / 1
Add To Stack: Ai(4)-GGS_Cruise_diagnostic triggered Purphoros, God of the Forge
Damage: Purphoros, God of the Forge (365) deals 2 non-combat damage to Ai(3)-Destyn_Turtles.
Life: Life: Ai(3)-Destyn_Turtles 17 > 15
Resolve Stack: Whenever another creature you control enters, Purphoros, God of the Forge deals 2 damage to each opponent. [Zone Changer: Loyal Apprentice (304)]
Phase: Ai(4)-GGS_Cruise_diagnostic's Beginning of Combat Step
Add To Stack: Ai(4)-GGS_Cruise_diagnostic triggered Loyal Apprentice
Resolve Stack: Lieutenant — At the beginning of combat on your turn, if you control your commander, create a 1/1 colorless Thopter artifact creature token with flying. That token gains haste until end of turn. [Phase: Ai(4)-GGS_Cruise_diagnostic]
Add To Stack: Ai(4)-GGS_Cruise_diagnostic triggered Purphoros, God of the Forge
Damage: Purphoros, God of the Forge (365) deals 2 non-combat damage to Ai(3)-Destyn_Turtles.
Life: Life: Ai(3)-Destyn_Turtles 15 > 13
Resolve Stack: Whenever another creature you control enters, Purphoros, God of the Forge deals 2 damage to each opponent. [Zone Changer: Thopter Token (486)]
Phase: Ai(4)-GGS_Cruise_diagnostic's Declare Attackers Step
Phase: Ai(4)-GGS_Cruise_diagnostic's Declare Blockers Step
Phase: Ai(4)-GGS_Cruise_diagnostic's First Strike Damage Step
Phase: Ai(4)-GGS_Cruise_diagnostic's Combat Damage Step
Phase: Ai(4)-GGS_Cruise_diagnostic's End of Combat Step
Phase: Ai(4)-GGS_Cruise_diagnostic's Main phase, postcombat
Phase: Ai(4)-GGS_Cruise_diagnostic's End step
Add To Stack: Ai(4)-GGS_Cruise_diagnostic triggered The Monarch
Resolve Stack: At the beginning of your end step, draw a card. [Phase: Ai(4)-GGS_Cruise_diagnostic]
Phase: Ai(4)-GGS_Cruise_diagnostic's Cleanup step
Turn: Turn 33 (Ai(3)-Destyn_Turtles)
Phase: Ai(3)-Destyn_Turtles' Untap step
Phase: Ai(3)-Destyn_Turtles' Upkeep step
Phase: Ai(3)-Destyn_Turtles' Draw step
Phase: Ai(3)-Destyn_Turtles' Main phase, precombat
Replacement Effect: This land enters tapped.
Land: Ai(3)-Destyn_Turtles played Hidden Hideout (256)
Phase: Ai(3)-Destyn_Turtles' Beginning of Combat Step
Add To Stack: Ai(3)-Destyn_Turtles triggered Irma, Part-Time Mutant targeting [Casey Jones, Back Alley Brute (208)]
Resolve Stack: At the beginning of combat on your turn, Irma becomes a copy of up to one other target creature you control, except her name is Irma, Part-Time Mutant and she has this ability. Then put a +1/+1 counter on her. (Targeting: [[Casey Jones, Back Alley Brute (208)]]) [Phase: Ai(3)-Destyn_Turtles]
Add To Stack: Ai(3)-Destyn_Turtles triggered Casey Jones, Back Alley Brute targeting [Ai(4)-GGS_Cruise_diagnostic]
Add To Stack: Ai(3)-Destyn_Turtles triggered Irma, Part-Time Mutant targeting [Ai(4)-GGS_Cruise_diagnostic]
Damage: Irma, Part-Time Mutant (209) deals 1 non-combat damage to Ai(4)-GGS_Cruise_diagnostic.
Life: Life: Ai(4)-GGS_Cruise_diagnostic 13 > 12
Resolve Stack: Whenever you put one or more +1/+1 counters on a creature you control, Irma deals that much damage to target opponent. (Targeting: [[Ai(4)-GGS_Cruise_diagnostic]]) [Added once: Irma, Part-Time Mutant (209) Amount: 1]
Damage: Casey Jones, Back Alley Brute (208) deals 1 non-combat damage to Ai(4)-GGS_Cruise_diagnostic.
Life: Life: Ai(4)-GGS_Cruise_diagnostic 12 > 11
Resolve Stack: Whenever you put one or more +1/+1 counters on a creature you control, Casey Jones deals that much damage to target opponent. (Targeting: [[Ai(4)-GGS_Cruise_diagnostic]]) [Added once: Irma, Part-Time Mutant (209) Amount: 1]
Phase: Ai(3)-Destyn_Turtles' Declare Attackers Step
Combat: Ai(3)-Destyn_Turtles assigned Irma, Part-Time Mutant (209) and Casey Jones, Back Alley Brute (208) to attack Ai(4)-GGS_Cruise_diagnostic.
Add To Stack: Ai(3)-Destyn_Turtles triggered Irma, Part-Time Mutant targeting [Irma, Part-Time Mutant (209)]
Add To Stack: Ai(3)-Destyn_Turtles triggered Casey Jones, Back Alley Brute targeting [Irma, Part-Time Mutant (209)]
Resolve Stack: Whenever Casey Jones attacks, put a +1/+1 counter on target attacking creature. (Targeting: [[Irma, Part-Time Mutant (209)]]) [Attacker: Casey Jones, Back Alley Brute (208)]
Add To Stack: Ai(3)-Destyn_Turtles triggered Casey Jones, Back Alley Brute targeting [Ai(4)-GGS_Cruise_diagnostic]
Add To Stack: Ai(3)-Destyn_Turtles triggered Irma, Part-Time Mutant targeting [Ai(4)-GGS_Cruise_diagnostic]
Damage: Irma, Part-Time Mutant (209) deals 1 non-combat damage to Ai(4)-GGS_Cruise_diagnostic.
Life: Life: Ai(4)-GGS_Cruise_diagnostic 11 > 10
Resolve Stack: Whenever you put one or more +1/+1 counters on a creature you control, Irma deals that much damage to target opponent. (Targeting: [[Ai(4)-GGS_Cruise_diagnostic]]) [Added once: Irma, Part-Time Mutant (209) Amount: 1]
Damage: Casey Jones, Back Alley Brute (208) deals 1 non-combat damage to Ai(4)-GGS_Cruise_diagnostic.
Life: Life: Ai(4)-GGS_Cruise_diagnostic 10 > 9
Resolve Stack: Whenever you put one or more +1/+1 counters on a creature you control, Casey Jones deals that much damage to target opponent. (Targeting: [[Ai(4)-GGS_Cruise_diagnostic]]) [Added once: Irma, Part-Time Mutant (209) Amount: 1]
Resolve Stack: Whenever Irma attacks, put a +1/+1 counter on target attacking creature. (Targeting: [[Irma, Part-Time Mutant (209)]]) [Attacker: Irma, Part-Time Mutant (209)]
Add To Stack: Ai(3)-Destyn_Turtles triggered Casey Jones, Back Alley Brute targeting [Ai(4)-GGS_Cruise_diagnostic]
Add To Stack: Ai(3)-Destyn_Turtles triggered Irma, Part-Time Mutant targeting [Ai(4)-GGS_Cruise_diagnostic]
Damage: Irma, Part-Time Mutant (209) deals 1 non-combat damage to Ai(4)-GGS_Cruise_diagnostic.
Life: Life: Ai(4)-GGS_Cruise_diagnostic 9 > 8
Resolve Stack: Whenever you put one or more +1/+1 counters on a creature you control, Irma deals that much damage to target opponent. (Targeting: [[Ai(4)-GGS_Cruise_diagnostic]]) [Added once: Irma, Part-Time Mutant (209) Amount: 1]
Damage: Casey Jones, Back Alley Brute (208) deals 1 non-combat damage to Ai(4)-GGS_Cruise_diagnostic.
Life: Life: Ai(4)-GGS_Cruise_diagnostic 8 > 7
Resolve Stack: Whenever you put one or more +1/+1 counters on a creature you control, Casey Jones deals that much damage to target opponent. (Targeting: [[Ai(4)-GGS_Cruise_diagnostic]]) [Added once: Irma, Part-Time Mutant (209) Amount: 1]
Phase: Ai(3)-Destyn_Turtles' Declare Blockers Step
Combat: Ai(4)-GGS_Cruise_diagnostic assigned Hope of Ghirapur (350) and Tetsuko Umezawa, Fugitive (377) to block Irma, Part-Time Mutant (209).
Ai(4)-GGS_Cruise_diagnostic assigned Thousand-Faced Shadow (324) and Thopter Token (486) to block Casey Jones, Back Alley Brute (208).
Mana: Plains (289) - {T}: Add {W}.
Mana: Sunken Hollow (226) - {T}: Add {B}.
Mana: Sodden Verdure (283) - {T}: Add {U}.
Mana: Cinder Glade (218) - {T}: Add {R}.
Mana: City of Brass (247) - {T}: Add one mana of any color.
Add To Stack: Ai(3)-Destyn_Turtles activated Leonardo, the Balance
Add To Stack: Ai(3)-Destyn_Turtles triggered City of Brass
Damage: City of Brass (247) deals 1 non-combat damage to Ai(3)-Destyn_Turtles.
Life: Life: Ai(3)-Destyn_Turtles 13 > 12
Resolve Stack: Whenever City of Brass becomes tapped, it deals 1 damage to you. [Tapped: City of Brass (247)]
Resolve Stack: Leonardo, the Balance (303) - Creatures you control gain menace, trample, and lifelink until end of turn.
Phase: Ai(3)-Destyn_Turtles' First Strike Damage Step
Phase: Ai(3)-Destyn_Turtles' Combat Damage Step
Damage: Irma, Part-Time Mutant (209) deals 6 combat damage to Ai(4)-GGS_Cruise_diagnostic.
Damage: Irma, Part-Time Mutant (209) deals 3 damage to Tetsuko Umezawa, Fugitive (377).
Damage: Irma, Part-Time Mutant (209) deals 1 damage to Hope of Ghirapur (350).
Life: Life: Ai(3)-Destyn_Turtles 12 > 22
Damage: Casey Jones, Back Alley Brute (208) deals 4 combat damage to Ai(4)-GGS_Cruise_diagnostic.
Damage: Casey Jones, Back Alley Brute (208) deals 1 damage to Thousand-Faced Shadow (324).
Damage: Casey Jones, Back Alley Brute (208) deals 1 damage to Thopter Token (486).
Life: Life: Ai(3)-Destyn_Turtles 22 > 28
Damage: Hope of Ghirapur (350) deals 1 damage to Irma, Part-Time Mutant (209).
Damage: Tetsuko Umezawa, Fugitive (377) deals 1 damage to Irma, Part-Time Mutant (209).
Damage: Thousand-Faced Shadow (324) deals 1 damage to Casey Jones, Back Alley Brute (208).
Damage: Thopter Token (486) deals 1 damage to Casey Jones, Back Alley Brute (208).
Life: Life: Ai(4)-GGS_Cruise_diagnostic 7 > -3
Player Control: Ai(1)-Jaymie_Ezio has restored control over themself
Player Control: Ai(2)-Gabe_Food has restored control over themself
Player Control: Ai(3)-Destyn_Turtles has restored control over themself
Player Control: Ai(4)-GGS_Cruise_diagnostic has restored control over themself
Game Outcome: Match Duration 1m : 47s
Game Outcome: Turn 17
Game Outcome: Ai(1)-Jaymie_Ezio has lost because life total reached 0
Game Outcome: Ai(2)-Gabe_Food has lost due to effect of spell 'Ezio Auditore da Firenze'
Game Outcome: Ai(3)-Destyn_Turtles has won because all opponents have lost
Game Outcome: Ai(4)-GGS_Cruise_diagnostic has lost because life total reached 0
Match Result: Ai(1)-Jaymie_Ezio: 0 Ai(2)-Gabe_Food: 0 Ai(3)-Destyn_Turtles: 1 Ai(4)-GGS_Cruise_diagnostic: 0 

Game Result: Game 1 ended in 109496 ms. Ai(3)-Destyn_Turtles has won!

