Error handling registered!
20:23:27 [INFO ] GuiBase: ##########################################
20:23:27 [INFO ] GuiBase: APP: Forge v.2.0.15-SNAPSHOT-09.28
20:23:27 [INFO ] GuiBase: Java: 17.0.20 (Ubuntu)
20:23:27 [INFO ] GuiBase: OS: Linux 6.18.44 amd64
20:23:27 [INFO ] GuiBase: RAM: 1536 MB max, 8 CPUs
20:23:27 [INFO ] GuiBase: ##########################################
Language 'en-US' loaded successfully.
(ThreadUtil first call): Running with priority 5
Read cards: 34010 archived files in 1 ms (25 parts) using thread pool
Upcoming set Star Trek (TRK) dated in the future. All `upcoming` cards will be added to this set with unknown rarity.
The card A-Alrund's Epiphany was not assigned to any set. Adding it to UNKNOWN set... to fix see res/editions/ folder. 
The card A-Baba Lysaga, Night Witch was not assigned to any set. Adding it to UNKNOWN set... to fix see res/editions/ folder. 
The card A-Divide by Zero was not assigned to any set. Adding it to UNKNOWN set... to fix see res/editions/ folder. 
The card A-Esika's Chariot was not assigned to any set. Adding it to UNKNOWN set... to fix see res/editions/ folder. 
The card A-Faceless Haven was not assigned to any set. Adding it to UNKNOWN set... to fix see res/editions/ folder. 
The card A-Fires of Invention was not assigned to any set. Adding it to UNKNOWN set... to fix see res/editions/ folder. 
The card A-Goldspan Dragon was not assigned to any set. Adding it to UNKNOWN set... to fix see res/editions/ folder. 
The card A-Hullbreaker Horror was not assigned to any set. Adding it to UNKNOWN set... to fix see res/editions/ folder. 
The card A-Kumano Faces Kakkazan was not assigned to any set. Adding it to UNKNOWN set... to fix see res/editions/ folder. 
The card A-Luminarch Aspirant was not assigned to any set. Adding it to UNKNOWN set... to fix see res/editions/ folder. 
The card A-Monster Manual was not assigned to any set. Adding it to UNKNOWN set... to fix see res/editions/ folder. 
The card A-Omnath, Locus of Creation was not assigned to any set. Adding it to UNKNOWN set... to fix see res/editions/ folder. 
The card A-The Meathook Massacre was not assigned to any set. Adding it to UNKNOWN set... to fix see res/editions/ folder. 
The card A-Unholy Heat was not assigned to any set. Adding it to UNKNOWN set... to fix see res/editions/ folder. 
The card Blinding Radiance was not assigned to any set. Adding it to UNKNOWN set... to fix see res/editions/ folder. 
The card Goblin Bruiser was not assigned to any set. Adding it to UNKNOWN set... to fix see res/editions/ folder. 
The card Ogre Painbringer was not assigned to any set. Adding it to UNKNOWN set... to fix see res/editions/ folder. 
The card Titanic Pelagosaur was not assigned to any set. Adding it to UNKNOWN set... to fix see res/editions/ folder. 
The card Treetop Recluse was not assigned to any set. Adding it to UNKNOWN set... to fix see res/editions/ folder. 
Upcoming set Star Trek (TRK) dated in the future. All `upcoming` cards will be added to this set with unknown rarity.
Read cards: 854 files in 0 ms (8 parts) using thread pool
Simulation mode
Ai(1)-Jaymie_Ezio vs Ai(2)-Gabe_Food vs Ai(3)-Destyn_Turtles vs Ai(4)-GGS_Current - one game of Commander seed 20260930
Warning: default (ie. inherited from base class) implementation of chkAIDrawback is used by Evie Frye for forge.ai.ability.EffectAi. Consider declaring an overloaded method
Warning: default (ie. inherited from base class) implementation of chkAIDrawback is used by Evie Frye for forge.ai.ability.EffectAi. Consider declaring an overloaded method
Warning: default (ie. inherited from base class) implementation of chkAIDrawback is used by Evie Frye for forge.ai.ability.EffectAi. Consider declaring an overloaded method
Warning: default (ie. inherited from base class) implementation of chkAIDrawback is used by Evie Frye for forge.ai.ability.EffectAi. Consider declaring an overloaded method
Warning: default (ie. inherited from base class) implementation of chkAIDrawback is used by Evie Frye for forge.ai.ability.EffectAi. Consider declaring an overloaded method
Warning: default (ie. inherited from base class) implementation of chkAIDrawback is used by Evie Frye for forge.ai.ability.EffectAi. Consider declaring an overloaded method
Warning: default (ie. inherited from base class) implementation of chkAIDrawback is used by Evie Frye for forge.ai.ability.EffectAi. Consider declaring an overloaded method
Warning: default (ie. inherited from base class) implementation of chkAIDrawback is used by Evie Frye for forge.ai.ability.EffectAi. Consider declaring an overloaded method
Warning: default (ie. inherited from base class) implementation of chkAIDrawback is used by Evie Frye for forge.ai.ability.EffectAi. Consider declaring an overloaded method
Warning: default (ie. inherited from base class) implementation of chkAIDrawback is used by Evie Frye for forge.ai.ability.EffectAi. Consider declaring an overloaded method
Warning: default (ie. inherited from base class) implementation of chkAIDrawback is used by Evie Frye for forge.ai.ability.EffectAi. Consider declaring an overloaded method
Warning: default (ie. inherited from base class) implementation of chkAIDrawback is used by Evie Frye for forge.ai.ability.EffectAi. Consider declaring an overloaded method
Warning: default (ie. inherited from base class) implementation of chkAIDrawback is used by Evie Frye for forge.ai.ability.EffectAi. Consider declaring an overloaded method
Warning: default (ie. inherited from base class) implementation of confirmAction is used by Goro-Goro and Satoru for forge.ai.ability.PermanentCreatureAi. Consider declaring an overloaded method
Correcting zone for Hithlain Rope (126)
Correcting zone for Hithlain Rope (126)
Correcting zone for Hithlain Rope (126)
Correcting zone for Hithlain Rope (126)
Mulligan: Ai(4)-GGS_Current has mulliganed down to 7 cards.
Mulligan: Ai(4)-GGS_Current has kept a hand of 7 cards
Mulligan: Ai(1)-Jaymie_Ezio has kept a hand of 7 cards
Mulligan: Ai(2)-Gabe_Food has kept a hand of 7 cards
Mulligan: Ai(3)-Destyn_Turtles has kept a hand of 7 cards
Turn: Turn 1 (Ai(4)-GGS_Current)
Phase: Ai(4)-GGS_Current's Untap step
Phase: Ai(4)-GGS_Current's Upkeep step
Phase: Ai(4)-GGS_Current's Draw step
Phase: Ai(4)-GGS_Current's Main phase, precombat
Replacement Effect: Raucous Theater enters tapped.
Land: Ai(4)-GGS_Current played Raucous Theater (386)
Add To Stack: Ai(4)-GGS_Current triggered Raucous Theater
Resolve Stack: Ai(4)-GGS_Current surveiled 1 card(s) to the graveyard
Resolve Stack: When Raucous Theater enters, surveil 1. (Look at the top card of your library. You may put it into your graveyard.) [Zone Changer: Raucous Theater (386)]
Phase: Ai(4)-GGS_Current's Beginning of Combat Step
Phase: Ai(4)-GGS_Current's Declare Attackers Step
Phase: Ai(4)-GGS_Current's Declare Blockers Step
Phase: Ai(4)-GGS_Current's First Strike Damage Step
Phase: Ai(4)-GGS_Current's Combat Damage Step
Phase: Ai(4)-GGS_Current's End of Combat Step
Phase: Ai(4)-GGS_Current's Main phase, postcombat
Phase: Ai(4)-GGS_Current's End step
Phase: Ai(4)-GGS_Current's Cleanup step
Turn: Turn 2 (Ai(1)-Jaymie_Ezio)
Phase: Ai(1)-Jaymie_Ezio's Untap step
Phase: Ai(1)-Jaymie_Ezio's Upkeep step
Phase: Ai(1)-Jaymie_Ezio's Draw step
Phase: Ai(1)-Jaymie_Ezio's Main phase, precombat
Land: Ai(1)-Jaymie_Ezio played Command Tower (32)
Phase: Ai(1)-Jaymie_Ezio's Beginning of Combat Step
Phase: Ai(1)-Jaymie_Ezio's Declare Attackers Step
Phase: Ai(1)-Jaymie_Ezio's Declare Blockers Step
Phase: Ai(1)-Jaymie_Ezio's First Strike Damage Step
Phase: Ai(1)-Jaymie_Ezio's Combat Damage Step
Phase: Ai(1)-Jaymie_Ezio's End of Combat Step
Phase: Ai(1)-Jaymie_Ezio's Main phase, postcombat
Mana: Command Tower (32) - {T}: Add one mana of any color in your commander's color identity.
Add To Stack: Ai(1)-Jaymie_Ezio cast Assassin Initiate
Resolve Stack: Assassin Initiate - Creature 1 / 1
Phase: Ai(1)-Jaymie_Ezio's End step
Phase: Ai(1)-Jaymie_Ezio's Cleanup step
Turn: Turn 3 (Ai(2)-Gabe_Food)
Phase: Ai(2)-Gabe_Food's Untap step
Phase: Ai(2)-Gabe_Food's Upkeep step
Phase: Ai(2)-Gabe_Food's Draw step
Phase: Ai(2)-Gabe_Food's Main phase, precombat
Land: Ai(2)-Gabe_Food played Forest (140)
Phase: Ai(2)-Gabe_Food's Beginning of Combat Step
Phase: Ai(2)-Gabe_Food's Declare Attackers Step
Phase: Ai(2)-Gabe_Food's Declare Blockers Step
Phase: Ai(2)-Gabe_Food's First Strike Damage Step
Phase: Ai(2)-Gabe_Food's Combat Damage Step
Phase: Ai(2)-Gabe_Food's End of Combat Step
Phase: Ai(2)-Gabe_Food's Main phase, postcombat
Phase: Ai(2)-Gabe_Food's End step
Phase: Ai(2)-Gabe_Food's Cleanup step
Turn: Turn 4 (Ai(3)-Destyn_Turtles)
Phase: Ai(3)-Destyn_Turtles' Untap step
Phase: Ai(3)-Destyn_Turtles' Upkeep step
Phase: Ai(3)-Destyn_Turtles' Draw step
Phase: Ai(3)-Destyn_Turtles' Main phase, precombat
Replacement Effect: This land enters tapped unless you control two or more basic lands.
Land: Ai(3)-Destyn_Turtles played Sodden Verdure (283)
Phase: Ai(3)-Destyn_Turtles' Beginning of Combat Step
Phase: Ai(3)-Destyn_Turtles' Declare Attackers Step
Phase: Ai(3)-Destyn_Turtles' Declare Blockers Step
Phase: Ai(3)-Destyn_Turtles' First Strike Damage Step
Phase: Ai(3)-Destyn_Turtles' Combat Damage Step
Phase: Ai(3)-Destyn_Turtles' End of Combat Step
Phase: Ai(3)-Destyn_Turtles' Main phase, postcombat
Phase: Ai(3)-Destyn_Turtles' End step
Phase: Ai(3)-Destyn_Turtles' Cleanup step
Turn: Turn 5 (Ai(4)-GGS_Current)
Phase: Ai(4)-GGS_Current's Untap step
Phase: Ai(4)-GGS_Current's Upkeep step
Phase: Ai(4)-GGS_Current's Draw step
Phase: Ai(4)-GGS_Current's Main phase, precombat
Replacement Effect: As Steam Vents enters, you may pay 2 life. If you don't, it enters tapped.
Land: Ai(4)-GGS_Current played Steam Vents (347)
Phase: Ai(4)-GGS_Current's Beginning of Combat Step
Phase: Ai(4)-GGS_Current's Declare Attackers Step
Phase: Ai(4)-GGS_Current's Declare Blockers Step
Phase: Ai(4)-GGS_Current's First Strike Damage Step
Phase: Ai(4)-GGS_Current's Combat Damage Step
Phase: Ai(4)-GGS_Current's End of Combat Step
Phase: Ai(4)-GGS_Current's Main phase, postcombat
Phase: Ai(4)-GGS_Current's End step
Phase: Ai(4)-GGS_Current's Cleanup step
Turn: Turn 6 (Ai(1)-Jaymie_Ezio)
Phase: Ai(1)-Jaymie_Ezio's Untap step
Phase: Ai(1)-Jaymie_Ezio's Upkeep step
Phase: Ai(1)-Jaymie_Ezio's Draw step
Phase: Ai(1)-Jaymie_Ezio's Main phase, precombat
Phase: Ai(1)-Jaymie_Ezio's Beginning of Combat Step
Phase: Ai(1)-Jaymie_Ezio's Declare Attackers Step
Combat: Ai(1)-Jaymie_Ezio assigned Assassin Initiate (51) to attack Ai(3)-Destyn_Turtles.
Phase: Ai(1)-Jaymie_Ezio's Declare Blockers Step
Combat: Ai(3)-Destyn_Turtles didn't block Assassin Initiate (51).
Phase: Ai(1)-Jaymie_Ezio's First Strike Damage Step
Phase: Ai(1)-Jaymie_Ezio's Combat Damage Step
Damage: Assassin Initiate (51) deals 1 combat damage to Ai(3)-Destyn_Turtles.
Life: Life: Ai(3)-Destyn_Turtles 40 > 39
Phase: Ai(1)-Jaymie_Ezio's End of Combat Step
Phase: Ai(1)-Jaymie_Ezio's Main phase, postcombat
Replacement Effect: Path of Ancestry enters tapped.
Land: Ai(1)-Jaymie_Ezio played Path of Ancestry (8)
Mana: Command Tower (32) - {T}: Add one mana of any color in your commander's color identity.
Add To Stack: Ai(1)-Jaymie_Ezio cast Changeling Outcast
Resolve Stack: Changeling Outcast - Creature 1 / 1
Phase: Ai(1)-Jaymie_Ezio's End step
Phase: Ai(1)-Jaymie_Ezio's Cleanup step
Turn: Turn 7 (Ai(2)-Gabe_Food)
Phase: Ai(2)-Gabe_Food's Untap step
Phase: Ai(2)-Gabe_Food's Upkeep step
Phase: Ai(2)-Gabe_Food's Draw step
Phase: Ai(2)-Gabe_Food's Main phase, precombat
Land: Ai(2)-Gabe_Food played Swamp (163)
Phase: Ai(2)-Gabe_Food's Beginning of Combat Step
Phase: Ai(2)-Gabe_Food's Declare Attackers Step
Phase: Ai(2)-Gabe_Food's Declare Blockers Step
Phase: Ai(2)-Gabe_Food's First Strike Damage Step
Phase: Ai(2)-Gabe_Food's Combat Damage Step
Phase: Ai(2)-Gabe_Food's End of Combat Step
Phase: Ai(2)-Gabe_Food's Main phase, postcombat
Mana: Forest (140) - {T}: Add {G}.
Mana: Swamp (163) - {T}: Add {B}.
Add To Stack: Ai(2)-Gabe_Food cast Prize Pig
Resolve Stack: Prize Pig - Creature 0 / 3
Phase: Ai(2)-Gabe_Food's End step
Phase: Ai(2)-Gabe_Food's Cleanup step
Turn: Turn 8 (Ai(3)-Destyn_Turtles)
Phase: Ai(3)-Destyn_Turtles' Untap step
Phase: Ai(3)-Destyn_Turtles' Upkeep step
Phase: Ai(3)-Destyn_Turtles' Draw step
Phase: Ai(3)-Destyn_Turtles' Main phase, precombat
Land: Ai(3)-Destyn_Turtles played City of Brass (247)
Phase: Ai(3)-Destyn_Turtles' Beginning of Combat Step
Phase: Ai(3)-Destyn_Turtles' Declare Attackers Step
Phase: Ai(3)-Destyn_Turtles' Declare Blockers Step
Phase: Ai(3)-Destyn_Turtles' First Strike Damage Step
Phase: Ai(3)-Destyn_Turtles' Combat Damage Step
Phase: Ai(3)-Destyn_Turtles' End of Combat Step
Phase: Ai(3)-Destyn_Turtles' Main phase, postcombat
Mana: Sodden Verdure (283) - {T}: Add {G}.
Mana: City of Brass (247) - {T}: Add one mana of any color.
Add To Stack: Ai(3)-Destyn_Turtles cast Michelangelo, the Heart
Add To Stack: Ai(3)-Destyn_Turtles triggered City of Brass
Damage: City of Brass (247) deals 1 non-combat damage to Ai(3)-Destyn_Turtles.
Life: Life: Ai(3)-Destyn_Turtles 39 > 38
Resolve Stack: Whenever City of Brass becomes tapped, it deals 1 damage to you. [Tapped: City of Brass (247)]
Resolve Stack: Michelangelo, the Heart - Creature 2 / 1
Phase: Ai(3)-Destyn_Turtles' End step
Phase: Ai(3)-Destyn_Turtles' Cleanup step
Turn: Turn 9 (Ai(4)-GGS_Current)
Phase: Ai(4)-GGS_Current's Untap step
Phase: Ai(4)-GGS_Current's Upkeep step
Phase: Ai(4)-GGS_Current's Draw step
Phase: Ai(4)-GGS_Current's Main phase, precombat
Replacement Effect: Malakir Mire enters tapped.
Land: Ai(4)-GGS_Current played Malakir Mire (308)
Phase: Ai(4)-GGS_Current's Beginning of Combat Step
Phase: Ai(4)-GGS_Current's Declare Attackers Step
Phase: Ai(4)-GGS_Current's Declare Blockers Step
Phase: Ai(4)-GGS_Current's First Strike Damage Step
Phase: Ai(4)-GGS_Current's Combat Damage Step
Phase: Ai(4)-GGS_Current's End of Combat Step
Phase: Ai(4)-GGS_Current's Main phase, postcombat
Mana: Raucous Theater (386) - {T}: Add {R}.
Mana: Steam Vents (347) - {T}: Add {R}.
Add To Stack: Ai(4)-GGS_Current cast Kari Zev, Skyship Raider
Resolve Stack: Kari Zev, Skyship Raider - Creature 1 / 3
Phase: Ai(4)-GGS_Current's End step
Phase: Ai(4)-GGS_Current's Cleanup step
Turn: Turn 10 (Ai(1)-Jaymie_Ezio)
Phase: Ai(1)-Jaymie_Ezio's Untap step
Phase: Ai(1)-Jaymie_Ezio's Upkeep step
Phase: Ai(1)-Jaymie_Ezio's Draw step
Phase: Ai(1)-Jaymie_Ezio's Main phase, precombat
Replacement Effect: Smoldering Marsh enters tapped unless you control two or more basic lands.
Land: Ai(1)-Jaymie_Ezio played Smoldering Marsh (71)
Mana: Command Tower (32) - {T}: Add one mana of any color in your commander's color identity.
Mana: Path of Ancestry (8) - {T}: Add one mana of any color in your commander's color identity. When that mana is spent to cast a creature spell that shares a creature type with your commander, scry 1. (Look at the top card of your library. You may put that card on the bottom.)
Add To Stack: Ai(1)-Jaymie_Ezio cast Rampant Growth
Resolve Stack: Rampant Growth (78) - Search your library for a basic land card, put that card onto the battlefield tapped, then shuffle.
Phase: Ai(1)-Jaymie_Ezio's Beginning of Combat Step
Phase: Ai(1)-Jaymie_Ezio's Declare Attackers Step
Combat: Ai(1)-Jaymie_Ezio assigned Changeling Outcast (14) to attack Ai(4)-GGS_Current.
Phase: Ai(1)-Jaymie_Ezio's Declare Blockers Step
Combat: Ai(4)-GGS_Current didn't block Changeling Outcast (14).
Phase: Ai(1)-Jaymie_Ezio's First Strike Damage Step
Phase: Ai(1)-Jaymie_Ezio's Combat Damage Step
Damage: Changeling Outcast (14) deals 1 combat damage to Ai(4)-GGS_Current.
Life: Life: Ai(4)-GGS_Current 40 > 39
Phase: Ai(1)-Jaymie_Ezio's End of Combat Step
Phase: Ai(1)-Jaymie_Ezio's Main phase, postcombat
Phase: Ai(1)-Jaymie_Ezio's End step
Phase: Ai(1)-Jaymie_Ezio's Cleanup step
Turn: Turn 11 (Ai(2)-Gabe_Food)
Phase: Ai(2)-Gabe_Food's Untap step
Phase: Ai(2)-Gabe_Food's Upkeep step
Phase: Ai(2)-Gabe_Food's Draw step
Phase: Ai(2)-Gabe_Food's Main phase, precombat
Land: Ai(2)-Gabe_Food played Command Tower (131)
Mana: Forest (140) - {T}: Add {G}.
Mana: Swamp (163) - {T}: Add {B}.
Mana: Command Tower (131) - {T}: Add one mana of any color in your commander's color identity.
Mana: Prize Pig (130) - {T}: Add one mana of any color.
Add To Stack: Ai(2)-Gabe_Food cast Assemble the Entmoot
Resolve Stack: Assemble the Entmoot
Phase: Ai(2)-Gabe_Food's Beginning of Combat Step
Phase: Ai(2)-Gabe_Food's Declare Attackers Step
Phase: Ai(2)-Gabe_Food's Declare Blockers Step
Phase: Ai(2)-Gabe_Food's First Strike Damage Step
Phase: Ai(2)-Gabe_Food's Combat Damage Step
Phase: Ai(2)-Gabe_Food's End of Combat Step
Phase: Ai(2)-Gabe_Food's Main phase, postcombat
Phase: Ai(2)-Gabe_Food's End step
Phase: Ai(2)-Gabe_Food's Cleanup step
Turn: Turn 12 (Ai(3)-Destyn_Turtles)
Phase: Ai(3)-Destyn_Turtles' Untap step
Phase: Ai(3)-Destyn_Turtles' Upkeep step
Phase: Ai(3)-Destyn_Turtles' Draw step
Phase: Ai(3)-Destyn_Turtles' Main phase, precombat
Replacement Effect: Cinder Glade enters tapped unless you control two or more basic lands.
Land: Ai(3)-Destyn_Turtles played Cinder Glade (218)
Phase: Ai(3)-Destyn_Turtles' Beginning of Combat Step
Phase: Ai(3)-Destyn_Turtles' Declare Attackers Step
Combat: Ai(3)-Destyn_Turtles assigned Michelangelo, the Heart (301) to attack Ai(2)-Gabe_Food.
Zone Change: Assemble the Entmoot (102) was put into Graveyard from Battlefield.
Add To Stack: Ai(2)-Gabe_Food activated Assemble the Entmoot
Resolve Stack: Assemble the Entmoot (102) - Ai(2)-Gabe_Food creates three tapped X/X green Treefolk creature tokens, where X is the amount of life you gained this turn. Put a reach counter on each of them. Ai(2)-Gabe_Food puts a reach counter on . 
Zone Change: Treefolk Token (418) was put into Graveyard from Battlefield.
Zone Change: Treefolk Token (419) was put into Graveyard from Battlefield.
Zone Change: Treefolk Token (420) was put into Graveyard from Battlefield.
Phase: Ai(3)-Destyn_Turtles' Declare Blockers Step
Combat: Ai(2)-Gabe_Food didn't block Michelangelo, the Heart (301).
Phase: Ai(3)-Destyn_Turtles' First Strike Damage Step
Phase: Ai(3)-Destyn_Turtles' Combat Damage Step
Damage: Michelangelo, the Heart (301) deals 2 combat damage to Ai(2)-Gabe_Food.
Life: Life: Ai(2)-Gabe_Food 40 > 38
Phase: Ai(3)-Destyn_Turtles' End of Combat Step
Phase: Ai(3)-Destyn_Turtles' Main phase, postcombat
Add To Stack: Ai(3)-Destyn_Turtles triggered Michelangelo, the Heart targeting [Michelangelo, the Heart (301)]
Resolve Stack: Raid (the Fridge) — At the beginning of your second main phase, if you attacked this turn, put a +1/+1 counter on target creature and create a Food token. (Targeting: [[Michelangelo, the Heart (301)]]) [Phase: Ai(3)-Destyn_Turtles]
Mana: Sodden Verdure (283) - {T}: Add {G}.
Mana: City of Brass (247) - {T}: Add one mana of any color.
Add To Stack: Ai(3)-Destyn_Turtles cast Everything Pizza
Add To Stack: Ai(3)-Destyn_Turtles triggered City of Brass
Damage: City of Brass (247) deals 1 non-combat damage to Ai(3)-Destyn_Turtles.
Life: Life: Ai(3)-Destyn_Turtles 38 > 37
Resolve Stack: Whenever City of Brass becomes tapped, it deals 1 damage to you. [Tapped: City of Brass (247)]
Resolve Stack: Everything Pizza
Add To Stack: Ai(3)-Destyn_Turtles triggered Everything Pizza
Resolve Stack: When this artifact enters, search your library for a basic land card, reveal it, put it into your hand, then shuffle. [Zone Changer: Everything Pizza (268)]
Phase: Ai(3)-Destyn_Turtles' End step
Phase: Ai(3)-Destyn_Turtles' Cleanup step
Turn: Turn 13 (Ai(4)-GGS_Current)
Phase: Ai(4)-GGS_Current's Untap step
Phase: Ai(4)-GGS_Current's Upkeep step
Phase: Ai(4)-GGS_Current's Draw step
Phase: Ai(4)-GGS_Current's Main phase, precombat
Land: Ai(4)-GGS_Current played Misty Rainforest (318)
Life: Life: Ai(4)-GGS_Current 39 > 38
Zone Change: Misty Rainforest (318) was put into Graveyard from Battlefield.
Add To Stack: Ai(4)-GGS_Current activated Misty Rainforest
Replacement Effect: Undercity Sewers enters tapped.
Resolve Stack: Misty Rainforest (318) - Ai(4)-GGS_Current searches their library for a Forest or Island card, puts it onto the battlefield, then shuffles.
Add To Stack: Ai(4)-GGS_Current triggered Undercity Sewers
Resolve Stack: Ai(4)-GGS_Current surveiled 1 card(s) to the top of the library
Resolve Stack: When Undercity Sewers enters, surveil 1. (Look at the top card of your library. You may put it into your graveyard.) [Zone Changer: Undercity Sewers (306)]
Phase: Ai(4)-GGS_Current's Beginning of Combat Step
Phase: Ai(4)-GGS_Current's Declare Attackers Step
Combat: Ai(4)-GGS_Current assigned Kari Zev, Skyship Raider (396) to attack Ai(3)-Destyn_Turtles.
Add To Stack: Ai(4)-GGS_Current triggered Kari Zev, Skyship Raider
Resolve Stack: Whenever Kari Zev, Skyship Raider attacks, create Ragavan, a legendary 2/1 red Monkey creature token. Ragavan enters tapped and attacking. Exile that token at end of combat. [Attacker: Kari Zev, Skyship Raider (396)]
Mana: Steam Vents (347) - {T}: Add {U}.
Mana: Malakir Mire (308) - {T}: Add {B}.
Add To Stack: Ai(4)-GGS_Current activated Prosperous Thief
Resolve Stack: Prosperous Thief (330) - Ai(4)-GGS_Current puts Prosperous Thief (330) from their hand onto the battlefield tapped and attacking.
Phase: Ai(4)-GGS_Current's Declare Blockers Step
Combat: Ai(1)-Jaymie_Ezio didn't block Prosperous Thief (330).
Combat: Ai(3)-Destyn_Turtles didn't block Kari Zev, Skyship Raider (396).
Phase: Ai(4)-GGS_Current's First Strike Damage Step
Damage: Kari Zev, Skyship Raider (396) deals 1 combat damage to Ai(3)-Destyn_Turtles.
Life: Life: Ai(3)-Destyn_Turtles 37 > 36
Phase: Ai(4)-GGS_Current's Combat Damage Step
Damage: Prosperous Thief (330) deals 3 combat damage to Ai(1)-Jaymie_Ezio.
Life: Life: Ai(1)-Jaymie_Ezio 40 > 37
Add To Stack: Ai(4)-GGS_Current triggered Prosperous Thief
Resolve Stack: Whenever one or more Ninja or Rogue creatures you control deal combat damage to a player, create a Treasure token. (It's an artifact with "{T}, Sacrifice this token: Add one mana of any color.") [Damaged: Ai(1)-Jaymie_Ezio, Amount: 3]
Phase: Ai(4)-GGS_Current's End of Combat Step
Add To Stack: Ai(4)-GGS_Current triggered Kari Zev, Skyship Raider
Resolve Stack: Exile Ragavan (425) at the end of combat. ([Ragavan (425)]) [Phase: Ai(4)-GGS_Current]
Phase: Ai(4)-GGS_Current's Main phase, postcombat
Mana: Raucous Theater (386) - {T}: Add {R}.
Zone Change: Treasure Token (428) was put into Graveyard from Battlefield.
Mana: Treasure Token (428) - {T}, Sacrifice this token: Add one mana of any color.
Add To Stack: Ai(4)-GGS_Current cast Talisman of Indulgence
Resolve Stack: Talisman of Indulgence
Phase: Ai(4)-GGS_Current's End step
Phase: Ai(4)-GGS_Current's Cleanup step
Turn: Turn 14 (Ai(1)-Jaymie_Ezio)
Phase: Ai(1)-Jaymie_Ezio's Untap step
Phase: Ai(1)-Jaymie_Ezio's Upkeep step
Phase: Ai(1)-Jaymie_Ezio's Draw step
Phase: Ai(1)-Jaymie_Ezio's Main phase, precombat
Mana: Command Tower (32) - {T}: Add one mana of any color in your commander's color identity.
Mana: Path of Ancestry (8) - {T}: Add one mana of any color in your commander's color identity. When that mana is spent to cast a creature spell that shares a creature type with your commander, scry 1. (Look at the top card of your library. You may put that card on the bottom.)
Mana: Plains (90) - {T}: Add {W}.
Mana: Smoldering Marsh (71) - {T}: Add {R}.
Add To Stack: Ai(1)-Jaymie_Ezio cast Coastal Piracy
Resolve Stack: Coastal Piracy
Phase: Ai(1)-Jaymie_Ezio's Beginning of Combat Step
Phase: Ai(1)-Jaymie_Ezio's Declare Attackers Step
Combat: Ai(1)-Jaymie_Ezio assigned Changeling Outcast (14) and Assassin Initiate (51) to attack Ai(4)-GGS_Current.
Phase: Ai(1)-Jaymie_Ezio's Declare Blockers Step
Combat: Ai(4)-GGS_Current didn't block Changeling Outcast (14).
Ai(4)-GGS_Current didn't block Assassin Initiate (51).
Phase: Ai(1)-Jaymie_Ezio's First Strike Damage Step
Phase: Ai(1)-Jaymie_Ezio's Combat Damage Step
Damage: Changeling Outcast (14) deals 1 combat damage to Ai(4)-GGS_Current.
Damage: Assassin Initiate (51) deals 1 combat damage to Ai(4)-GGS_Current.
Life: Life: Ai(4)-GGS_Current 38 > 36
Add To Stack: Ai(1)-Jaymie_Ezio triggered Coastal Piracy
Add To Stack: Ai(1)-Jaymie_Ezio triggered Coastal Piracy
Resolve Stack: Whenever a creature you control deals combat damage to an opponent, you may draw a card. [Damage Source: Assassin Initiate (51), Damaged: Ai(4)-GGS_Current, Amount: 1]
Resolve Stack: Whenever a creature you control deals combat damage to an opponent, you may draw a card. [Damage Source: Changeling Outcast (14), Damaged: Ai(4)-GGS_Current, Amount: 1]
Phase: Ai(1)-Jaymie_Ezio's End of Combat Step
Phase: Ai(1)-Jaymie_Ezio's Main phase, postcombat
Land: Ai(1)-Jaymie_Ezio played Island (34)
Phase: Ai(1)-Jaymie_Ezio's End step
Phase: Ai(1)-Jaymie_Ezio's Cleanup step
Turn: Turn 15 (Ai(2)-Gabe_Food)
Phase: Ai(2)-Gabe_Food's Untap step
Phase: Ai(2)-Gabe_Food's Upkeep step
Mana: Command Tower (131) - {T}: Add one mana of any color in your commander's color identity.
Add To Stack: Ai(2)-Gabe_Food cast Swords to Plowshares targeting [Prosperous Thief (330)]
Zone Change: Prosperous Thief (330) was put into Exile from Battlefield.
Life: Life: Ai(4)-GGS_Current 36 > 39
Resolve Stack: Swords to Plowshares (185) - Exile Prosperous Thief (330). Ai(4)-GGS_Current gains life equal to its power.
Phase: Ai(2)-Gabe_Food's Draw step
Phase: Ai(2)-Gabe_Food's Main phase, precombat
Land: Ai(2)-Gabe_Food played Shire Terrace (172)
Mana: Prize Pig (130) - {T}: Add one mana of any color.
Mana: Forest (140) - {T}: Add {G}.
Mana: Swamp (163) - {T}: Add {B}.
Add To Stack: Ai(2)-Gabe_Food cast Sam, Loyal Attendant
Resolve Stack: Sam, Loyal Attendant - Creature 2 / 4
Add To Stack: Ai(2)-Gabe_Food triggered Sam, Loyal Attendant targeting [Ai(2)-Gabe_Food]
Resolve Stack: Partner with Frodo, Adventurous Hobbit (When this creature enters, target player may put Frodo into their hand from their library, then shuffle.) (Targeting: [[Ai(2)-Gabe_Food]]) [Zone Changer: Sam, Loyal Attendant (202)]
Phase: Ai(2)-Gabe_Food's Beginning of Combat Step
Add To Stack: Ai(2)-Gabe_Food triggered Sam, Loyal Attendant
Resolve Stack: At the beginning of combat on your turn, create a Food token. (It's an artifact with "{2}, {T}, Sacrifice this token: You gain 3 life.") [Phase: Ai(2)-Gabe_Food]
Phase: Ai(2)-Gabe_Food's Declare Attackers Step
Phase: Ai(2)-Gabe_Food's Declare Blockers Step
Phase: Ai(2)-Gabe_Food's First Strike Damage Step
Phase: Ai(2)-Gabe_Food's Combat Damage Step
Phase: Ai(2)-Gabe_Food's End of Combat Step
Phase: Ai(2)-Gabe_Food's Main phase, postcombat
Phase: Ai(2)-Gabe_Food's End step
Phase: Ai(2)-Gabe_Food's Cleanup step
Turn: Turn 16 (Ai(3)-Destyn_Turtles)
Phase: Ai(3)-Destyn_Turtles' Untap step
Phase: Ai(3)-Destyn_Turtles' Upkeep step
Phase: Ai(3)-Destyn_Turtles' Draw step
Phase: Ai(3)-Destyn_Turtles' Main phase, precombat
Land: Ai(3)-Destyn_Turtles played Plains (289)
Mana: Plains (289) - {T}: Add {W}.
Mana: Cinder Glade (218) - {T}: Add {G}.
Mana: Sodden Verdure (283) - {T}: Add {G}.
Add To Stack: Ai(3)-Destyn_Turtles cast Endless Foot Assault
Resolve Stack: Endless Foot Assault
Phase: Ai(3)-Destyn_Turtles' Beginning of Combat Step
Phase: Ai(3)-Destyn_Turtles' Declare Attackers Step
Combat: Ai(3)-Destyn_Turtles assigned Michelangelo, the Heart (301) to attack Ai(1)-Jaymie_Ezio.
Add To Stack: Ai(3)-Destyn_Turtles triggered Endless Foot Assault
Resolve Stack: Whenever you attack, for each opponent, create a 1/1 black Ninja creature token that's tapped and attacking that player. [Number Attackers: [Michelangelo, the Heart (301)]]
Phase: Ai(3)-Destyn_Turtles' Declare Blockers Step
Combat: Ai(4)-GGS_Current didn't block Ninja Token (433).
Combat: Ai(1)-Jaymie_Ezio didn't block Michelangelo, the Heart (301).
Ai(1)-Jaymie_Ezio didn't block Ninja Token (435).
Combat: Ai(2)-Gabe_Food assigned Sam, Loyal Attendant (202) to block Ninja Token (437).
Phase: Ai(3)-Destyn_Turtles' First Strike Damage Step
Phase: Ai(3)-Destyn_Turtles' Combat Damage Step
Damage: Michelangelo, the Heart (301) deals 3 combat damage to Ai(1)-Jaymie_Ezio.
Damage: Ninja Token (435) deals 1 combat damage to Ai(1)-Jaymie_Ezio.
Damage: Ninja Token (433) deals 1 combat damage to Ai(4)-GGS_Current.
Damage: Ninja Token (437) deals 1 damage to Sam, Loyal Attendant (202).
Damage: Sam, Loyal Attendant (202) deals 2 damage to Ninja Token (437).
Life: Life: Ai(1)-Jaymie_Ezio 37 > 33
Life: Life: Ai(4)-GGS_Current 39 > 38
Zone Change: Ninja Token (437) was put into Graveyard from Battlefield.
Phase: Ai(3)-Destyn_Turtles' End of Combat Step
Phase: Ai(3)-Destyn_Turtles' Main phase, postcombat
Add To Stack: Ai(3)-Destyn_Turtles triggered Michelangelo, the Heart targeting [Michelangelo, the Heart (301)]
Resolve Stack: Raid (the Fridge) — At the beginning of your second main phase, if you attacked this turn, put a +1/+1 counter on target creature and create a Food token. (Targeting: [[Michelangelo, the Heart (301)]]) [Phase: Ai(3)-Destyn_Turtles]
Phase: Ai(3)-Destyn_Turtles' End step
Phase: Ai(3)-Destyn_Turtles' Cleanup step
Turn: Turn 17 (Ai(4)-GGS_Current)
Phase: Ai(4)-GGS_Current's Untap step
Phase: Ai(4)-GGS_Current's Upkeep step
Phase: Ai(4)-GGS_Current's Draw step
Phase: Ai(4)-GGS_Current's Main phase, precombat
Phase: Ai(4)-GGS_Current's Beginning of Combat Step
Phase: Ai(4)-GGS_Current's Declare Attackers Step
Combat: Ai(4)-GGS_Current assigned Kari Zev, Skyship Raider (396) to attack Ai(3)-Destyn_Turtles.
Add To Stack: Ai(4)-GGS_Current triggered Kari Zev, Skyship Raider
Resolve Stack: Whenever Kari Zev, Skyship Raider attacks, create Ragavan, a legendary 2/1 red Monkey creature token. Ragavan enters tapped and attacking. Exile that token at end of combat. [Attacker: Kari Zev, Skyship Raider (396)]
Phase: Ai(4)-GGS_Current's Declare Blockers Step
Combat: Ai(1)-Jaymie_Ezio didn't block Ragavan (442).
Combat: Ai(3)-Destyn_Turtles didn't block Kari Zev, Skyship Raider (396).
Phase: Ai(4)-GGS_Current's First Strike Damage Step
Damage: Kari Zev, Skyship Raider (396) deals 1 combat damage to Ai(3)-Destyn_Turtles.
Life: Life: Ai(3)-Destyn_Turtles 36 > 35
Phase: Ai(4)-GGS_Current's Combat Damage Step
Damage: Ragavan (442) deals 2 combat damage to Ai(1)-Jaymie_Ezio.
Life: Life: Ai(1)-Jaymie_Ezio 33 > 31
Phase: Ai(4)-GGS_Current's End of Combat Step
Add To Stack: Ai(4)-GGS_Current triggered Kari Zev, Skyship Raider
Zone Change: Ragavan (442) was put into Exile from Battlefield.
Resolve Stack: Exile Ragavan (442) at the end of combat. ([Ragavan (442)]) [Phase: Ai(4)-GGS_Current]
Phase: Ai(4)-GGS_Current's Main phase, postcombat
Mana: Steam Vents (347) - {T}: Add {U}.
Mana: Raucous Theater (386) - {T}: Add {R}.
Mana: Malakir Mire (308) - {T}: Add {B}.
Add To Stack: Ai(4)-GGS_Current cast Goro-Goro and Satoru
Resolve Stack: Goro-Goro and Satoru - Creature 3 / 4
Phase: Ai(4)-GGS_Current's End step
Phase: Ai(4)-GGS_Current's Cleanup step
Turn: Turn 18 (Ai(1)-Jaymie_Ezio)
Phase: Ai(1)-Jaymie_Ezio's Untap step
Phase: Ai(1)-Jaymie_Ezio's Upkeep step
Phase: Ai(1)-Jaymie_Ezio's Draw step
Phase: Ai(1)-Jaymie_Ezio's Main phase, precombat
Mana: Island (34) - {T}: Add {U}.
Mana: Plains (90) - {T}: Add {W}.
Mana: Smoldering Marsh (71) - {T}: Add {R}.
Add To Stack: Ai(1)-Jaymie_Ezio cast 
Resolve Stack: Disguise - Creature 2/2
Mana: Command Tower (32) - {T}: Add one mana of any color in your commander's color identity.
Mana: Path of Ancestry (8) - {T}: Add one mana of any color in your commander's color identity. When that mana is spent to cast a creature spell that shares a creature type with your commander, scry 1. (Look at the top card of your library. You may put that card on the bottom.)
Resolve Stack: Ai(1)-Jaymie_Ezio has undisguised Arno Dorian
Phase: Ai(1)-Jaymie_Ezio's Beginning of Combat Step
Phase: Ai(1)-Jaymie_Ezio's Declare Attackers Step
Combat: Ai(1)-Jaymie_Ezio assigned Changeling Outcast (14) and Assassin Initiate (51) to attack Ai(3)-Destyn_Turtles.
Phase: Ai(1)-Jaymie_Ezio's Declare Blockers Step
Combat: Ai(3)-Destyn_Turtles didn't block Changeling Outcast (14).
Ai(3)-Destyn_Turtles didn't block Assassin Initiate (51).
Phase: Ai(1)-Jaymie_Ezio's First Strike Damage Step
Phase: Ai(1)-Jaymie_Ezio's Combat Damage Step
Damage: Changeling Outcast (14) deals 3 combat damage to Ai(3)-Destyn_Turtles.
Damage: Assassin Initiate (51) deals 3 combat damage to Ai(3)-Destyn_Turtles.
Life: Life: Ai(3)-Destyn_Turtles 35 > 29
Add To Stack: Ai(1)-Jaymie_Ezio triggered Coastal Piracy
Add To Stack: Ai(1)-Jaymie_Ezio triggered Coastal Piracy
Resolve Stack: Whenever a creature you control deals combat damage to an opponent, you may draw a card. [Damage Source: Assassin Initiate (51), Damaged: Ai(3)-Destyn_Turtles, Amount: 3]
Resolve Stack: Whenever a creature you control deals combat damage to an opponent, you may draw a card. [Damage Source: Changeling Outcast (14), Damaged: Ai(3)-Destyn_Turtles, Amount: 3]
Phase: Ai(1)-Jaymie_Ezio's End of Combat Step
Phase: Ai(1)-Jaymie_Ezio's Main phase, postcombat
Land: Ai(1)-Jaymie_Ezio played Kessig Wolf Run (4)
Phase: Ai(1)-Jaymie_Ezio's End step
Phase: Ai(1)-Jaymie_Ezio's Cleanup step
Turn: Turn 19 (Ai(2)-Gabe_Food)
Phase: Ai(2)-Gabe_Food's Untap step
Phase: Ai(2)-Gabe_Food's Upkeep step
Mana: Forest (140) - {T}: Add {G}.
Zone Change: Shire Terrace (172) was put into Graveyard from Battlefield.
Add To Stack: Ai(2)-Gabe_Food activated Shire Terrace
Resolve Stack: Shire Terrace (172) - Ai(2)-Gabe_Food searches their library for a basic land card, puts it onto the battlefield tapped, then shuffles.
Phase: Ai(2)-Gabe_Food's Draw step
Phase: Ai(2)-Gabe_Food's Main phase, precombat
Phase: Ai(2)-Gabe_Food's Beginning of Combat Step
Add To Stack: Ai(2)-Gabe_Food triggered Sam, Loyal Attendant
Resolve Stack: At the beginning of combat on your turn, create a Food token. (It's an artifact with "{2}, {T}, Sacrifice this token: You gain 3 life.") [Phase: Ai(2)-Gabe_Food]
Phase: Ai(2)-Gabe_Food's Declare Attackers Step
Combat: Ai(2)-Gabe_Food assigned Sam, Loyal Attendant (202) to attack Ai(3)-Destyn_Turtles.
Phase: Ai(2)-Gabe_Food's Declare Blockers Step
Combat: Ai(3)-Destyn_Turtles didn't block Sam, Loyal Attendant (202).
Phase: Ai(2)-Gabe_Food's First Strike Damage Step
Phase: Ai(2)-Gabe_Food's Combat Damage Step
Damage: Sam, Loyal Attendant (202) deals 2 combat damage to Ai(3)-Destyn_Turtles.
Life: Life: Ai(3)-Destyn_Turtles 29 > 27
Phase: Ai(2)-Gabe_Food's End of Combat Step
Phase: Ai(2)-Gabe_Food's Main phase, postcombat
Mana: Swamp (163) - {T}: Add {B}.
Mana: Command Tower (131) - {T}: Add one mana of any color in your commander's color identity.
Mana: Prize Pig (130) - {T}: Add one mana of any color.
Add To Stack: Ai(2)-Gabe_Food cast Commander's Sphere
Mana: Undercity Sewers (306) - {T}: Add {U}.
Add To Stack: Ai(4)-GGS_Current cast An Offer You Can't Refuse targeting [Commander's Sphere]
Zone Change: Send countered spell to Graveyard
Resolve Stack: An Offer You Can't Refuse (367) - Counter Commander's Sphere (119). Its controller creates two Treasure tokens.
Zone Change: Treasure Token (448) was put into Graveyard from Battlefield.
Mana: Treasure Token (448) - {T}, Sacrifice this token: Add one mana of any color.
Zone Change: Treasure Token (447) was put into Graveyard from Battlefield.
Mana: Treasure Token (447) - {T}, Sacrifice this token: Add one mana of any color.
Add To Stack: Ai(2)-Gabe_Food cast Frodo, Adventurous Hobbit
Resolve Stack: Frodo, Adventurous Hobbit - Creature 1 / 3
Add To Stack: Ai(2)-Gabe_Food triggered Frodo, Adventurous Hobbit targeting [Ai(2)-Gabe_Food]
Resolve Stack: Partner with Sam, Loyal Attendant (When this creature enters, target player may put Sam into their hand from their library, then shuffle.) (Targeting: [[Ai(2)-Gabe_Food]]) [Zone Changer: Frodo, Adventurous Hobbit (200)]
Phase: Ai(2)-Gabe_Food's End step
Phase: Ai(2)-Gabe_Food's Cleanup step
Turn: Turn 20 (Ai(3)-Destyn_Turtles)
Phase: Ai(3)-Destyn_Turtles' Untap step
Phase: Ai(3)-Destyn_Turtles' Upkeep step
Phase: Ai(3)-Destyn_Turtles' Draw step
Phase: Ai(3)-Destyn_Turtles' Main phase, precombat
Replacement Effect: Sunken Hollow enters tapped unless you control two or more basic lands.
Land: Ai(3)-Destyn_Turtles played Sunken Hollow (226)
Phase: Ai(3)-Destyn_Turtles' Beginning of Combat Step
Phase: Ai(3)-Destyn_Turtles' Declare Attackers Step
Combat: Ai(3)-Destyn_Turtles assigned Michelangelo, the Heart (301) to attack Ai(1)-Jaymie_Ezio.
Add To Stack: Ai(3)-Destyn_Turtles triggered Endless Foot Assault
Resolve Stack: Whenever you attack, for each opponent, create a 1/1 black Ninja creature token that's tapped and attacking that player. [Number Attackers: [Michelangelo, the Heart (301)]]
Phase: Ai(3)-Destyn_Turtles' Declare Blockers Step
Combat: Ai(4)-GGS_Current assigned Goro-Goro and Satoru (403) to block Ninja Token (450).
Combat: Ai(1)-Jaymie_Ezio didn't block Michelangelo, the Heart (301).
Ai(1)-Jaymie_Ezio assigned Arno Dorian (24) to block Ninja Token (452).
Combat: Ai(2)-Gabe_Food assigned Frodo, Adventurous Hobbit (200) to block Ninja Token (454).
Phase: Ai(3)-Destyn_Turtles' First Strike Damage Step
Phase: Ai(3)-Destyn_Turtles' Combat Damage Step
Damage: Michelangelo, the Heart (301) deals 4 combat damage to Ai(1)-Jaymie_Ezio.
Damage: Ninja Token (452) deals 1 damage to Arno Dorian (24).
Damage: Ninja Token (450) deals 1 damage to Goro-Goro and Satoru (403).
Damage: Ninja Token (454) deals 1 damage to Frodo, Adventurous Hobbit (200).
Damage: Goro-Goro and Satoru (403) deals 3 damage to Ninja Token (450).
Damage: Arno Dorian (24) deals 3 damage (Deathtouch) to Ninja Token (452).
Damage: Frodo, Adventurous Hobbit (200) deals 1 damage to Ninja Token (454).
Life: Life: Ai(1)-Jaymie_Ezio 31 > 27
Zone Change: Ninja Token (450) was put into Graveyard from Battlefield.
Zone Change: Ninja Token (452) was put into Graveyard from Battlefield.
Zone Change: Ninja Token (454) was put into Graveyard from Battlefield.
Phase: Ai(3)-Destyn_Turtles' End of Combat Step
Phase: Ai(3)-Destyn_Turtles' Main phase, postcombat
Add To Stack: Ai(3)-Destyn_Turtles triggered Michelangelo, the Heart targeting [Michelangelo, the Heart (301)]
Resolve Stack: Raid (the Fridge) — At the beginning of your second main phase, if you attacked this turn, put a +1/+1 counter on target creature and create a Food token. (Targeting: [[Michelangelo, the Heart (301)]]) [Phase: Ai(3)-Destyn_Turtles]
Mana: Cinder Glade (218) - {T}: Add {R}.
Mana: Plains (289) - {T}: Add {W}.
Mana: Sodden Verdure (283) - {T}: Add {G}.
Mana: City of Brass (247) - {T}: Add one mana of any color.
Add To Stack: Ai(3)-Destyn_Turtles cast Casey Jones, Back Alley Brute
Add To Stack: Ai(3)-Destyn_Turtles triggered City of Brass
Damage: City of Brass (247) deals 1 non-combat damage to Ai(3)-Destyn_Turtles.
Life: Life: Ai(3)-Destyn_Turtles 27 > 26
Resolve Stack: Whenever City of Brass becomes tapped, it deals 1 damage to you. [Tapped: City of Brass (247)]
Resolve Stack: Casey Jones, Back Alley Brute - Creature 4 / 2
Phase: Ai(3)-Destyn_Turtles' End step
Phase: Ai(3)-Destyn_Turtles' Cleanup step
Turn: Turn 21 (Ai(4)-GGS_Current)
Phase: Ai(4)-GGS_Current's Untap step
Phase: Ai(4)-GGS_Current's Upkeep step
Phase: Ai(4)-GGS_Current's Draw step
Phase: Ai(4)-GGS_Current's Main phase, precombat
Phase: Ai(4)-GGS_Current's Beginning of Combat Step
Phase: Ai(4)-GGS_Current's Declare Attackers Step
Phase: Ai(4)-GGS_Current's Declare Blockers Step
Phase: Ai(4)-GGS_Current's First Strike Damage Step
Phase: Ai(4)-GGS_Current's Combat Damage Step
Phase: Ai(4)-GGS_Current's End of Combat Step
Phase: Ai(4)-GGS_Current's Main phase, postcombat
Mana: Raucous Theater (386) - {T}: Add {R}.
Mana: Steam Vents (347) - {T}: Add {R}.
Mana: Malakir Mire (308) - {T}: Add {B}.
Mana: Undercity Sewers (306) - {T}: Add {B}.
Mana: Talisman of Indulgence (316) - {T}: Add {C}.
Add To Stack: Ai(4)-GGS_Current cast Draconic Visitor
Resolve Stack: Draconic Visitor - Creature 5 / 5
Phase: Ai(4)-GGS_Current's End step
Phase: Ai(4)-GGS_Current's Cleanup step
Turn: Turn 22 (Ai(1)-Jaymie_Ezio)
Phase: Ai(1)-Jaymie_Ezio's Untap step
Phase: Ai(1)-Jaymie_Ezio's Upkeep step
Phase: Ai(1)-Jaymie_Ezio's Draw step
Mana: Smoldering Marsh (71) - {T}: Add {B}.
Mana: Command Tower (32) - {T}: Add one mana of any color in your commander's color identity.
Add To Stack: Ai(1)-Jaymie_Ezio cast Terminate targeting [Draconic Visitor (317)]
Add To Stack: Ai(4)-GGS_Current cast Fierce Guardianship targeting [Destroy target creature. It can't be regenerated.]
Zone Change: Send countered spell to Graveyard
Resolve Stack: Fierce Guardianship (326) - Counter Terminate (67).
Phase: Ai(1)-Jaymie_Ezio's Main phase, precombat
Phase: Ai(1)-Jaymie_Ezio's Beginning of Combat Step
Phase: Ai(1)-Jaymie_Ezio's Declare Attackers Step
Combat: Ai(1)-Jaymie_Ezio assigned Changeling Outcast (14) to attack Ai(3)-Destyn_Turtles.
Phase: Ai(1)-Jaymie_Ezio's Declare Blockers Step
Combat: Ai(3)-Destyn_Turtles didn't block Changeling Outcast (14).
Phase: Ai(1)-Jaymie_Ezio's First Strike Damage Step
Phase: Ai(1)-Jaymie_Ezio's Combat Damage Step
Damage: Changeling Outcast (14) deals 3 combat damage to Ai(3)-Destyn_Turtles.
Life: Life: Ai(3)-Destyn_Turtles 26 > 23
Add To Stack: Ai(1)-Jaymie_Ezio triggered Coastal Piracy
Resolve Stack: Whenever a creature you control deals combat damage to an opponent, you may draw a card. [Damage Source: Changeling Outcast (14), Damaged: Ai(3)-Destyn_Turtles, Amount: 3]
Phase: Ai(1)-Jaymie_Ezio's End of Combat Step
Phase: Ai(1)-Jaymie_Ezio's Main phase, postcombat
Replacement Effect: Thriving Grove enters tapped.
Replacement Effect: As Thriving Grove enters, choose a color other than green.
Land: Ai(1)-Jaymie_Ezio played Thriving Grove (27)
Mana: Path of Ancestry (8) - {T}: Add one mana of any color in your commander's color identity. When that mana is spent to cast a creature spell that shares a creature type with your commander, scry 1. (Look at the top card of your library. You may put that card on the bottom.)
Mana: Island (34) - {T}: Add {U}.
Mana: Plains (90) - {T}: Add {W}.
Add To Stack: Ai(1)-Jaymie_Ezio cast Unstoppable Slasher
Add To Stack: Ai(1)-Jaymie_Ezio triggered Path of Ancestry
Resolve Stack: Ai(1)-Jaymie_Ezio scried 1 card(s) to the bottom of the library
Resolve Stack: When mana produced by Path of Ancestry is spent to cast a creature spell that shares a creature type with your commander, scry 1. ([Unstoppable Slasher - Creature 2 / 3]) [Card: Unstoppable Slasher (75), Activator: Ai(1)-Jaymie_Ezio, SpellAbility: Unstoppable Slasher - Creature 2 / 3]
Resolve Stack: Unstoppable Slasher - Creature 2 / 3
Phase: Ai(1)-Jaymie_Ezio's End step
Phase: Ai(1)-Jaymie_Ezio's Cleanup step
Turn: Turn 23 (Ai(2)-Gabe_Food)
Phase: Ai(2)-Gabe_Food's Untap step
Phase: Ai(2)-Gabe_Food's Upkeep step
Phase: Ai(2)-Gabe_Food's Draw step
Phase: Ai(2)-Gabe_Food's Main phase, precombat
Land: Ai(2)-Gabe_Food played Forest (138)
Phase: Ai(2)-Gabe_Food's Beginning of Combat Step
Add To Stack: Ai(2)-Gabe_Food triggered Sam, Loyal Attendant
Resolve Stack: At the beginning of combat on your turn, create a Food token. (It's an artifact with "{2}, {T}, Sacrifice this token: You gain 3 life.") [Phase: Ai(2)-Gabe_Food]
Phase: Ai(2)-Gabe_Food's Declare Attackers Step
Phase: Ai(2)-Gabe_Food's Declare Blockers Step
Phase: Ai(2)-Gabe_Food's First Strike Damage Step
Phase: Ai(2)-Gabe_Food's Combat Damage Step
Phase: Ai(2)-Gabe_Food's End of Combat Step
Phase: Ai(2)-Gabe_Food's Main phase, postcombat
Mana: Plains (190) - {T}: Add {W}.
Mana: Command Tower (131) - {T}: Add one mana of any color in your commander's color identity.
Mana: Forest (140) - {T}: Add {G}.
Mana: Forest (138) - {T}: Add {G}.
Mana: Swamp (163) - {T}: Add {B}.
Add To Stack: Ai(2)-Gabe_Food cast Call for Unity
Resolve Stack: Call for Unity
Phase: Ai(2)-Gabe_Food's End step
Phase: Ai(2)-Gabe_Food's Cleanup step
Turn: Turn 24 (Ai(3)-Destyn_Turtles)
Phase: Ai(3)-Destyn_Turtles' Untap step
Phase: Ai(3)-Destyn_Turtles' Upkeep step
Phase: Ai(3)-Destyn_Turtles' Draw step
Phase: Ai(3)-Destyn_Turtles' Main phase, precombat
Mana: Sodden Verdure (283) - {T}: Add {G}.
Mana: Cinder Glade (218) - {T}: Add {G}.
Mana: Plains (289) - {T}: Add {W}.
Mana: Sunken Hollow (226) - {T}: Add {B}.
Mana: City of Brass (247) - {T}: Add one mana of any color.
Add To Stack: Ai(3)-Destyn_Turtles cast Acidic Slime
Add To Stack: Ai(3)-Destyn_Turtles triggered City of Brass
Damage: City of Brass (247) deals 1 non-combat damage to Ai(3)-Destyn_Turtles.
Life: Life: Ai(3)-Destyn_Turtles 23 > 22
Resolve Stack: Whenever City of Brass becomes tapped, it deals 1 damage to you. [Tapped: City of Brass (247)]
Resolve Stack: Acidic Slime - Creature 2 / 2
Add To Stack: Ai(3)-Destyn_Turtles triggered Acidic Slime targeting [Coastal Piracy (1)]
Zone Change: Coastal Piracy (1) was put into Graveyard from Battlefield.
Resolve Stack: When Acidic Slime enters, destroy target artifact, enchantment, or land. (Targeting: [[Coastal Piracy (1)]]) [Zone Changer: Acidic Slime (264)]
Phase: Ai(3)-Destyn_Turtles' Beginning of Combat Step
Phase: Ai(3)-Destyn_Turtles' Declare Attackers Step
Phase: Ai(3)-Destyn_Turtles' Declare Blockers Step
Phase: Ai(3)-Destyn_Turtles' First Strike Damage Step
Phase: Ai(3)-Destyn_Turtles' Combat Damage Step
Phase: Ai(3)-Destyn_Turtles' End of Combat Step
Phase: Ai(3)-Destyn_Turtles' Main phase, postcombat
Replacement Effect: Thriving Moor enters tapped.
Replacement Effect: As Thriving Moor enters, choose a color other than black.
Land: Ai(3)-Destyn_Turtles played Thriving Moor (298)
Phase: Ai(3)-Destyn_Turtles' End step
Phase: Ai(3)-Destyn_Turtles' Cleanup step
Turn: Turn 25 (Ai(4)-GGS_Current)
Phase: Ai(4)-GGS_Current's Untap step
Phase: Ai(4)-GGS_Current's Upkeep step
Phase: Ai(4)-GGS_Current's Draw step
Phase: Ai(4)-GGS_Current's Main phase, precombat
Phase: Ai(4)-GGS_Current's Beginning of Combat Step
Phase: Ai(4)-GGS_Current's Declare Attackers Step
Combat: Ai(4)-GGS_Current assigned Draconic Visitor (317) to attack Ai(3)-Destyn_Turtles.
Phase: Ai(4)-GGS_Current's Declare Blockers Step
Combat: Ai(3)-Destyn_Turtles didn't block Draconic Visitor (317).
Phase: Ai(4)-GGS_Current's First Strike Damage Step
Phase: Ai(4)-GGS_Current's Combat Damage Step
Damage: Draconic Visitor (317) deals 5 combat damage to Ai(3)-Destyn_Turtles.
Life: Life: Ai(3)-Destyn_Turtles 22 > 17
Phase: Ai(4)-GGS_Current's End of Combat Step
Phase: Ai(4)-GGS_Current's Main phase, postcombat
Mana: Steam Vents (347) - {T}: Add {U}.
Mana: Malakir Mire (308) - {T}: Add {B}.
Mana: Undercity Sewers (306) - {T}: Add {B}.
Add To Stack: Ai(4)-GGS_Current cast Yuriko, the Tiger's Shadow
Resolve Stack: Yuriko, the Tiger's Shadow - Creature 1 / 3
Phase: Ai(4)-GGS_Current's End step
Phase: Ai(4)-GGS_Current's Cleanup step
Turn: Turn 26 (Ai(1)-Jaymie_Ezio)
Phase: Ai(1)-Jaymie_Ezio's Untap step
Phase: Ai(1)-Jaymie_Ezio's Upkeep step
Phase: Ai(1)-Jaymie_Ezio's Draw step
Phase: Ai(1)-Jaymie_Ezio's Main phase, precombat
Land: Ai(1)-Jaymie_Ezio played Forest (36)
Phase: Ai(1)-Jaymie_Ezio's Beginning of Combat Step
Phase: Ai(1)-Jaymie_Ezio's Declare Attackers Step
Combat: Ai(1)-Jaymie_Ezio assigned Changeling Outcast (14) to attack Ai(3)-Destyn_Turtles.
Phase: Ai(1)-Jaymie_Ezio's Declare Blockers Step
Combat: Ai(3)-Destyn_Turtles didn't block Changeling Outcast (14).
Phase: Ai(1)-Jaymie_Ezio's First Strike Damage Step
Phase: Ai(1)-Jaymie_Ezio's Combat Damage Step
Damage: Changeling Outcast (14) deals 3 combat damage to Ai(3)-Destyn_Turtles.
Life: Life: Ai(3)-Destyn_Turtles 17 > 14
Phase: Ai(1)-Jaymie_Ezio's End of Combat Step
Phase: Ai(1)-Jaymie_Ezio's Main phase, postcombat
Mana: Island (34) - {T}: Add {U}.
Mana: Smoldering Marsh (71) - {T}: Add {R}.
Mana: Thriving Grove (27) - {T}: Add {G} or one mana of the chosen color.
Mana: Forest (36) - {T}: Add {G}.
Mana: Plains (90) - {T}: Add {W}.
Add To Stack: Ai(1)-Jaymie_Ezio cast Edward Kenway
Resolve Stack: Edward Kenway - Creature 5 / 5
Mana: Command Tower (32) - {T}: Add one mana of any color in your commander's color identity.
Mana: Path of Ancestry (8) - {T}: Add one mana of any color in your commander's color identity. When that mana is spent to cast a creature spell that shares a creature type with your commander, scry 1. (Look at the top card of your library. You may put that card on the bottom.)
Add To Stack: Ai(1)-Jaymie_Ezio cast Ezio Auditore da Firenze
Add To Stack: Ai(1)-Jaymie_Ezio triggered Path of Ancestry
Resolve Stack: Ai(1)-Jaymie_Ezio scried 1 card(s) to the bottom of the library
Resolve Stack: When mana produced by Path of Ancestry is spent to cast a creature spell that shares a creature type with your commander, scry 1. ([Ezio Auditore da Firenze - Creature 3 / 2]) [Card: Ezio Auditore da Firenze (100), Activator: Ai(1)-Jaymie_Ezio, SpellAbility: Ezio Auditore da Firenze - Creature 3 / 2]
Resolve Stack: Ezio Auditore da Firenze - Creature 3 / 2
Phase: Ai(1)-Jaymie_Ezio's End step
Add To Stack: Ai(1)-Jaymie_Ezio triggered Edward Kenway
Resolve Stack: At the beginning of your end step, create a Treasure token for each tapped Assassin, Pirate, and/or Vehicle you control. [Phase: Ai(1)-Jaymie_Ezio]
Phase: Ai(1)-Jaymie_Ezio's Cleanup step
Turn: Turn 27 (Ai(2)-Gabe_Food)
Phase: Ai(2)-Gabe_Food's Untap step
Phase: Ai(2)-Gabe_Food's Upkeep step
Phase: Ai(2)-Gabe_Food's Draw step
Phase: Ai(2)-Gabe_Food's Main phase, precombat
Phase: Ai(2)-Gabe_Food's Beginning of Combat Step
Add To Stack: Ai(2)-Gabe_Food triggered Sam, Loyal Attendant
Resolve Stack: At the beginning of combat on your turn, create a Food token. (It's an artifact with "{2}, {T}, Sacrifice this token: You gain 3 life.") [Phase: Ai(2)-Gabe_Food]
Phase: Ai(2)-Gabe_Food's Declare Attackers Step
Phase: Ai(2)-Gabe_Food's Declare Blockers Step
Phase: Ai(2)-Gabe_Food's First Strike Damage Step
Phase: Ai(2)-Gabe_Food's Combat Damage Step
Phase: Ai(2)-Gabe_Food's End of Combat Step
Phase: Ai(2)-Gabe_Food's Main phase, postcombat
Mana: Swamp (163) - {T}: Add {B}.
Mana: Command Tower (131) - {T}: Add one mana of any color in your commander's color identity.
Mana: Forest (140) - {T}: Add {G}.
Mana: Forest (138) - {T}: Add {G}.
Mana: Plains (190) - {T}: Add {W}.
Add To Stack: Ai(2)-Gabe_Food cast Sanguine Bond
Resolve Stack: Sanguine Bond
Phase: Ai(2)-Gabe_Food's End step
Phase: Ai(2)-Gabe_Food's Cleanup step
Turn: Turn 28 (Ai(3)-Destyn_Turtles)
Phase: Ai(3)-Destyn_Turtles' Untap step
Phase: Ai(3)-Destyn_Turtles' Upkeep step
Phase: Ai(3)-Destyn_Turtles' Draw step
Phase: Ai(3)-Destyn_Turtles' Main phase, precombat
Phase: Ai(3)-Destyn_Turtles' Beginning of Combat Step
Phase: Ai(3)-Destyn_Turtles' Declare Attackers Step
Phase: Ai(3)-Destyn_Turtles' Declare Blockers Step
Phase: Ai(3)-Destyn_Turtles' First Strike Damage Step
Phase: Ai(3)-Destyn_Turtles' Combat Damage Step
Phase: Ai(3)-Destyn_Turtles' End of Combat Step
Phase: Ai(3)-Destyn_Turtles' Main phase, postcombat
Replacement Effect: Thriving Grove enters tapped.
Replacement Effect: As Thriving Grove enters, choose a color other than green.
Land: Ai(3)-Destyn_Turtles played Thriving Grove (227)
Mana: Plains (289) - {T}: Add {W}.
Mana: Thriving Moor (298) - {T}: Add {B} or one mana of the chosen color.
Mana: Sunken Hollow (226) - {T}: Add {B}.
Mana: Cinder Glade (218) - {T}: Add {G}.
Add To Stack: Ai(3)-Destyn_Turtles cast Leonardo, the Balance
Resolve Stack: Leonardo, the Balance - Creature 3 / 3
Phase: Ai(3)-Destyn_Turtles' End step
Phase: Ai(3)-Destyn_Turtles' Cleanup step
Turn: Turn 29 (Ai(4)-GGS_Current)
Phase: Ai(4)-GGS_Current's Untap step
Phase: Ai(4)-GGS_Current's Upkeep step
Phase: Ai(4)-GGS_Current's Draw step
Phase: Ai(4)-GGS_Current's Main phase, precombat
Mana: Raucous Theater (386) - {T}: Add {R}.
Add To Stack: Ai(4)-GGS_Current cast Phoenix Chick
Resolve Stack: Phoenix Chick - Creature 1 / 1
Phase: Ai(4)-GGS_Current's Beginning of Combat Step
Phase: Ai(4)-GGS_Current's Declare Attackers Step
Combat: Ai(4)-GGS_Current assigned Phoenix Chick (373) and Draconic Visitor (317) to attack Ai(1)-Jaymie_Ezio.
Phase: Ai(4)-GGS_Current's Declare Blockers Step
Combat: Ai(1)-Jaymie_Ezio didn't block Phoenix Chick (373).
Ai(1)-Jaymie_Ezio didn't block Draconic Visitor (317).
Phase: Ai(4)-GGS_Current's First Strike Damage Step
Phase: Ai(4)-GGS_Current's Combat Damage Step
Damage: Phoenix Chick (373) deals 1 combat damage to Ai(1)-Jaymie_Ezio.
Damage: Draconic Visitor (317) deals 5 combat damage to Ai(1)-Jaymie_Ezio.
Life: Life: Ai(1)-Jaymie_Ezio 27 > 21
Add To Stack: Ai(4)-GGS_Current triggered Goro-Goro and Satoru
Resolve Stack: Whenever one or more creatures you control that entered this turn deal combat damage to a player, create a 5/5 red Dragon Spirit creature token with flying. [Damaged: Ai(1)-Jaymie_Ezio, Amount: 1]
Phase: Ai(4)-GGS_Current's End of Combat Step
Phase: Ai(4)-GGS_Current's Main phase, postcombat
Mana: Malakir Mire (308) - {T}: Add {B}.
Mana: Steam Vents (347) - {T}: Add {R}.
Mana: Undercity Sewers (306) - {T}: Add {B}.
Add To Stack: Ai(4)-GGS_Current cast Fire Navy Trebuchet
Resolve Stack: Fire Navy Trebuchet - Creature 0 / 4
Phase: Ai(4)-GGS_Current's End step
Phase: Ai(4)-GGS_Current's Cleanup step
Turn: Turn 30 (Ai(1)-Jaymie_Ezio)
Phase: Ai(1)-Jaymie_Ezio's Untap step
Phase: Ai(1)-Jaymie_Ezio's Upkeep step
Phase: Ai(1)-Jaymie_Ezio's Draw step
Phase: Ai(1)-Jaymie_Ezio's Main phase, precombat
Land: Ai(1)-Jaymie_Ezio played Twilight Mire (69)
Phase: Ai(1)-Jaymie_Ezio's Beginning of Combat Step
Phase: Ai(1)-Jaymie_Ezio's Declare Attackers Step
Combat: Ai(1)-Jaymie_Ezio assigned Changeling Outcast (14) to attack Ai(3)-Destyn_Turtles.
Phase: Ai(1)-Jaymie_Ezio's Declare Blockers Step
Combat: Ai(3)-Destyn_Turtles didn't block Changeling Outcast (14).
Phase: Ai(1)-Jaymie_Ezio's First Strike Damage Step
Phase: Ai(1)-Jaymie_Ezio's Combat Damage Step
Damage: Changeling Outcast (14) deals 3 combat damage to Ai(3)-Destyn_Turtles.
Life: Life: Ai(3)-Destyn_Turtles 14 > 11
Phase: Ai(1)-Jaymie_Ezio's End of Combat Step
Phase: Ai(1)-Jaymie_Ezio's Main phase, postcombat
Mana: Thriving Grove (27) - {T}: Add {G} or one mana of the chosen color.
Mana: Smoldering Marsh (71) - {T}: Add {B}.
Add To Stack: Ai(1)-Jaymie_Ezio cast Combustion Man
Resolve Stack: Combustion Man - Creature 4 / 6
Mana: Command Tower (32) - {T}: Add one mana of any color in your commander's color identity.
Mana: Path of Ancestry (8) - {T}: Add one mana of any color in your commander's color identity. When that mana is spent to cast a creature spell that shares a creature type with your commander, scry 1. (Look at the top card of your library. You may put that card on the bottom.)
Add To Stack: Ai(1)-Jaymie_Ezio cast Jacob Frye
Add To Stack: Ai(1)-Jaymie_Ezio triggered Path of Ancestry
Resolve Stack: Ai(1)-Jaymie_Ezio scried 1 card(s) to the top of the library
Resolve Stack: When mana produced by Path of Ancestry is spent to cast a creature spell that shares a creature type with your commander, scry 1. ([Freerunning  {B}{B} (You may cast this spell for its freerunning cost if you dealt combat damage to a player this turn with an Assassin or commander.)]) [Card: Jacob Frye (62), Activator: Ai(1)-Jaymie_Ezio, SpellAbility: Freerunning  {B}{B} (You may cast this spell for its freerunning cost if you dealt combat damage to a player this turn with an Assassin or commander.)]
Resolve Stack: Jacob Frye - Creature 3 / 2
Add To Stack: Ai(1)-Jaymie_Ezio triggered Jacob Frye targeting [Ai(1)-Jaymie_Ezio]
Resolve Stack: Partner with Evie Frye (When this creature enters, target player may put Evie Frye into their hand from their library, then shuffle.) (Targeting: [[Ai(1)-Jaymie_Ezio]]) [Zone Changer: Jacob Frye (62)]
Zone Change: Treasure Token (462) was put into Graveyard from Battlefield.
Mana: Treasure Token (462) - {T}, Sacrifice this token: Add one mana of any color.
Mana: Plains (90) - {T}: Add {W}.
Add To Stack: Ai(1)-Jaymie_Ezio cast Arbaaz Mir
Resolve Stack: Arbaaz Mir - Creature 2 / 2
Add To Stack: Ai(1)-Jaymie_Ezio triggered Arbaaz Mir
Damage: Arbaaz Mir (64) deals 1 non-combat damage to Ai(2)-Gabe_Food.
Damage: Arbaaz Mir (64) deals 1 non-combat damage to Ai(3)-Destyn_Turtles.
Damage: Arbaaz Mir (64) deals 1 non-combat damage to Ai(4)-GGS_Current.
Life: Life: Ai(2)-Gabe_Food 38 > 37
Life: Life: Ai(3)-Destyn_Turtles 11 > 10
Life: Life: Ai(4)-GGS_Current 38 > 37
Life: Life: Ai(1)-Jaymie_Ezio 21 > 22
Resolve Stack: Whenever Arbaaz Mir or another nontoken historic permanent you control enters, Arbaaz Mir deals 1 damage to each opponent and you gain 1 life. (Artifacts, legendaries, and Sagas are historic.) [Zone Changer: Arbaaz Mir (64)]
Mana: Island (34) - {T}: Add {U}.
Mana: Forest (36) - {T}: Add {G}.
Add To Stack: Ai(1)-Jaymie_Ezio cast Evie Frye
Resolve Stack: Evie Frye - Creature 2 / 1
Add To Stack: Ai(1)-Jaymie_Ezio triggered Arbaaz Mir
Add To Stack: Ai(1)-Jaymie_Ezio triggered Evie Frye targeting [Ai(1)-Jaymie_Ezio]
Resolve Stack: Partner with Jacob Frye (When this creature enters, target player may put Jacob Frye into their hand from their library, then shuffle.) (Targeting: [[Ai(1)-Jaymie_Ezio]]) [Zone Changer: Evie Frye (22)]
Damage: Arbaaz Mir (64) deals 1 non-combat damage to Ai(2)-Gabe_Food.
Damage: Arbaaz Mir (64) deals 1 non-combat damage to Ai(3)-Destyn_Turtles.
Damage: Arbaaz Mir (64) deals 1 non-combat damage to Ai(4)-GGS_Current.
Life: Life: Ai(2)-Gabe_Food 37 > 36
Life: Life: Ai(3)-Destyn_Turtles 10 > 9
Life: Life: Ai(4)-GGS_Current 37 > 36
Life: Life: Ai(1)-Jaymie_Ezio 22 > 23
Resolve Stack: Whenever Arbaaz Mir or another nontoken historic permanent you control enters, Arbaaz Mir deals 1 damage to each opponent and you gain 1 life. (Artifacts, legendaries, and Sagas are historic.) [Zone Changer: Evie Frye (22)]
Phase: Ai(1)-Jaymie_Ezio's End step
Add To Stack: Ai(1)-Jaymie_Ezio triggered Edward Kenway
Resolve Stack: At the beginning of your end step, create a Treasure token for each tapped Assassin, Pirate, and/or Vehicle you control. [Phase: Ai(1)-Jaymie_Ezio]
Phase: Ai(1)-Jaymie_Ezio's Cleanup step
Turn: Turn 31 (Ai(2)-Gabe_Food)
Phase: Ai(2)-Gabe_Food's Untap step
Phase: Ai(2)-Gabe_Food's Upkeep step
Phase: Ai(2)-Gabe_Food's Draw step
Phase: Ai(2)-Gabe_Food's Main phase, precombat
Phase: Ai(2)-Gabe_Food's Beginning of Combat Step
Add To Stack: Ai(2)-Gabe_Food triggered Sam, Loyal Attendant
Resolve Stack: At the beginning of combat on your turn, create a Food token. (It's an artifact with "{2}, {T}, Sacrifice this token: You gain 3 life.") [Phase: Ai(2)-Gabe_Food]
Phase: Ai(2)-Gabe_Food's Declare Attackers Step
Phase: Ai(2)-Gabe_Food's Declare Blockers Step
Phase: Ai(2)-Gabe_Food's First Strike Damage Step
Phase: Ai(2)-Gabe_Food's Combat Damage Step
Phase: Ai(2)-Gabe_Food's End of Combat Step
Phase: Ai(2)-Gabe_Food's Main phase, postcombat
Mana: Forest (140) - {T}: Add {G}.
Mana: Forest (138) - {T}: Add {G}.
Mana: Swamp (163) - {T}: Add {B}.
Mana: Plains (190) - {T}: Add {W}.
Add To Stack: Ai(2)-Gabe_Food cast Well of Lost Dreams
Resolve Stack: Well of Lost Dreams
Mana: Command Tower (131) - {T}: Add one mana of any color in your commander's color identity.
Mana: Prize Pig (130) - {T}: Add one mana of any color.
Add To Stack: Ai(2)-Gabe_Food cast Night's Whisper
Life: Life: Ai(2)-Gabe_Food 36 > 34
Resolve Stack: Night's Whisper (151) - Ai(2)-Gabe_Food draws two cards. Ai(2)-Gabe_Food loses 2 life.
Phase: Ai(2)-Gabe_Food's End step
Phase: Ai(2)-Gabe_Food's Cleanup step
Turn: Turn 32 (Ai(3)-Destyn_Turtles)
Phase: Ai(3)-Destyn_Turtles' Untap step
Phase: Ai(3)-Destyn_Turtles' Upkeep step
Phase: Ai(3)-Destyn_Turtles' Draw step
Phase: Ai(3)-Destyn_Turtles' Main phase, precombat
Land: Ai(3)-Destyn_Turtles played Vibrant Cityscape (276)
Zone Change: Vibrant Cityscape (276) was put into Graveyard from Battlefield.
Add To Stack: Ai(3)-Destyn_Turtles activated Vibrant Cityscape
Resolve Stack: Vibrant Cityscape (276) - Ai(3)-Destyn_Turtles searches their library for a basic land card, puts it onto the battlefield tapped, then shuffles.
Phase: Ai(3)-Destyn_Turtles' Beginning of Combat Step
Phase: Ai(3)-Destyn_Turtles' Declare Attackers Step
Phase: Ai(3)-Destyn_Turtles' Declare Blockers Step
Phase: Ai(3)-Destyn_Turtles' First Strike Damage Step
Phase: Ai(3)-Destyn_Turtles' Combat Damage Step
Phase: Ai(3)-Destyn_Turtles' End of Combat Step
Phase: Ai(3)-Destyn_Turtles' Main phase, postcombat
Mana: Sodden Verdure (283) - {T}: Add {U}.
Mana: Plains (289) - {T}: Add {W}.
Mana: Thriving Moor (298) - {T}: Add {B} or one mana of the chosen color.
Add To Stack: Ai(3)-Destyn_Turtles cast Ray Fillet, Wave Warrior
Resolve Stack: Ray Fillet, Wave Warrior - Creature 0 / 2
Mana: Thriving Grove (227) - {T}: Add {G} or one mana of the chosen color.
Mana: Cinder Glade (218) - {T}: Add {G}.
Mana: Sunken Hollow (226) - {T}: Add {B}.
Mana: City of Brass (247) - {T}: Add one mana of any color.
Add To Stack: Ai(3)-Destyn_Turtles cast Harmonize
Add To Stack: Ai(3)-Destyn_Turtles triggered City of Brass
Damage: City of Brass (247) deals 1 non-combat damage to Ai(3)-Destyn_Turtles.
Life: Life: Ai(3)-Destyn_Turtles 9 > 8
Resolve Stack: Whenever City of Brass becomes tapped, it deals 1 damage to you. [Tapped: City of Brass (247)]
Resolve Stack: Harmonize (265) - Ai(3)-Destyn_Turtles draws three cards.
Phase: Ai(3)-Destyn_Turtles' End step
Phase: Ai(3)-Destyn_Turtles' Cleanup step
Turn: Turn 33 (Ai(4)-GGS_Current)
Phase: Ai(4)-GGS_Current's Untap step
Phase: Ai(4)-GGS_Current's Upkeep step
Phase: Ai(4)-GGS_Current's Draw step
Phase: Ai(4)-GGS_Current's Main phase, precombat
Phase: Ai(4)-GGS_Current's Beginning of Combat Step
Phase: Ai(4)-GGS_Current's Declare Attackers Step
Combat: Ai(4)-GGS_Current assigned Phoenix Chick (373), Draconic Visitor (317) and Dragon Spirit Token (468) to attack Ai(1)-Jaymie_Ezio.
Add To Stack: Ai(4)-GGS_Current triggered Fire Navy Trebuchet
Replacement Effect: If one or more artifact tokens would be created under your control, that many 5/5 red Dragon creature tokens with flying are created instead.
Resolve Stack: Whenever you attack, create a 2/1 colorless Construct artifact creature token with flying named Ballistic Boulder that's tapped and attacking. Sacrifice that token at the beginning of the next end step. [Number Attackers: [Phoenix Chick (373), Draconic Visitor (317), Dragon Spirit Token (468)]]
Phase: Ai(4)-GGS_Current's Declare Blockers Step
Combat: Ai(1)-Jaymie_Ezio didn't block Phoenix Chick (373).
Ai(1)-Jaymie_Ezio didn't block Draconic Visitor (317).
Ai(1)-Jaymie_Ezio didn't block Dragon Spirit Token (468).
Ai(1)-Jaymie_Ezio didn't block Dragon Token (478).
Phase: Ai(4)-GGS_Current's First Strike Damage Step
Phase: Ai(4)-GGS_Current's Combat Damage Step
Damage: Phoenix Chick (373) deals 1 combat damage to Ai(1)-Jaymie_Ezio.
Damage: Draconic Visitor (317) deals 5 combat damage to Ai(1)-Jaymie_Ezio.
Damage: Dragon Spirit Token (468) deals 5 combat damage to Ai(1)-Jaymie_Ezio.
Damage: Dragon Token (478) deals 5 combat damage to Ai(1)-Jaymie_Ezio.
Life: Life: Ai(1)-Jaymie_Ezio 23 > 7
Add To Stack: Ai(4)-GGS_Current triggered Goro-Goro and Satoru
Resolve Stack: Whenever one or more creatures you control that entered this turn deal combat damage to a player, create a 5/5 red Dragon Spirit creature token with flying. [Damaged: Ai(1)-Jaymie_Ezio, Amount: 5]
Phase: Ai(4)-GGS_Current's End of Combat Step
Phase: Ai(4)-GGS_Current's Main phase, postcombat
Phase: Ai(4)-GGS_Current's End step
Add To Stack: Ai(4)-GGS_Current triggered Fire Navy Trebuchet
Zone Change: Dragon Token (478) was put into Graveyard from Battlefield.
Resolve Stack: Sacrifice Dragon Token (478) at the beginning of the next end step. ([Dragon Token (478)]) [Phase: Ai(4)-GGS_Current]
Phase: Ai(4)-GGS_Current's Cleanup step
Turn: Turn 34 (Ai(1)-Jaymie_Ezio)
Phase: Ai(1)-Jaymie_Ezio's Untap step
Phase: Ai(1)-Jaymie_Ezio's Upkeep step
Phase: Ai(1)-Jaymie_Ezio's Draw step
Phase: Ai(1)-Jaymie_Ezio's Main phase, precombat
Phase: Ai(1)-Jaymie_Ezio's Beginning of Combat Step
Phase: Ai(1)-Jaymie_Ezio's Declare Attackers Step
Combat: Ai(1)-Jaymie_Ezio assigned Changeling Outcast (14) to attack Ai(4)-GGS_Current.
Phase: Ai(1)-Jaymie_Ezio's Declare Blockers Step
Combat: Ai(4)-GGS_Current didn't block Changeling Outcast (14).
Mana: Smoldering Marsh (71) - {T}: Add {R}.
Mana: Forest (36) - {T}: Add {G}.
Mana: Island (34) - {T}: Add {U}.
Mana: Plains (90) - {T}: Add {W}.
Mana: Thriving Grove (27) - {T}: Add {G} or one mana of the chosen color.
Mana: Twilight Mire (69) - {T}: Add {C}.
Mana: Command Tower (32) - {T}: Add one mana of any color in your commander's color identity.
Mana: Path of Ancestry (8) - {T}: Add one mana of any color in your commander's color identity. When that mana is spent to cast a creature spell that shares a creature type with your commander, scry 1. (Look at the top card of your library. You may put that card on the bottom.)
Zone Change: Treasure Token (471) was put into Graveyard from Battlefield.
Mana: Treasure Token (471) - {T}, Sacrifice this token: Add one mana of any color.
Add To Stack: Ai(1)-Jaymie_Ezio activated Kessig Wolf Run targeting [Changeling Outcast (14)]
Resolve Stack: Kessig Wolf Run (4) - Changeling Outcast (14) gets +7/+0 and gains trample until end of turn. (X=7)
Phase: Ai(1)-Jaymie_Ezio's First Strike Damage Step
Phase: Ai(1)-Jaymie_Ezio's Combat Damage Step
Damage: Changeling Outcast (14) deals 10 combat damage to Ai(4)-GGS_Current.
Life: Life: Ai(4)-GGS_Current 36 > 26
Add To Stack: Ai(1)-Jaymie_Ezio triggered Jacob Frye targeting []
Resolve Stack: Whenever one or more Assassins you control deal combat damage to a player, exile up to one target Assassin card or card with freerunning from your graveyard. If you do, copy it. You may cast the copy. (Targeting: [[]]) [Damaged: Ai(4)-GGS_Current, Amount: 10]
Phase: Ai(1)-Jaymie_Ezio's End of Combat Step
Phase: Ai(1)-Jaymie_Ezio's Main phase, postcombat
Phase: Ai(1)-Jaymie_Ezio's End step
Add To Stack: Ai(1)-Jaymie_Ezio triggered Edward Kenway
Resolve Stack: At the beginning of your end step, create a Treasure token for each tapped Assassin, Pirate, and/or Vehicle you control. [Phase: Ai(1)-Jaymie_Ezio]
Phase: Ai(1)-Jaymie_Ezio's Cleanup step
Turn: Turn 35 (Ai(2)-Gabe_Food)
Phase: Ai(2)-Gabe_Food's Untap step
Phase: Ai(2)-Gabe_Food's Upkeep step
Mana: Plains (190) - {T}: Add {W}.
Add To Stack: Ai(2)-Gabe_Food cast Path to Exile targeting [Edward Kenway (5)]
Zone Change: Edward Kenway (5) was put into Exile from Battlefield.
Resolve Stack: Path to Exile (108) - Exile Edward Kenway (5). Ai(1)-Jaymie_Ezio may search their library for a basic land card, put that card onto the battlefield tapped, then shuffle their library. 
Phase: Ai(2)-Gabe_Food's Draw step
Phase: Ai(2)-Gabe_Food's Main phase, precombat
Replacement Effect: Isolated Chapel enters tapped unless you control a Plains or a Swamp.
Land: Ai(2)-Gabe_Food played Isolated Chapel (144)
Phase: Ai(2)-Gabe_Food's Beginning of Combat Step
Add To Stack: Ai(2)-Gabe_Food triggered Sam, Loyal Attendant
Resolve Stack: At the beginning of combat on your turn, create a Food token. (It's an artifact with "{2}, {T}, Sacrifice this token: You gain 3 life.") [Phase: Ai(2)-Gabe_Food]
Phase: Ai(2)-Gabe_Food's Declare Attackers Step
Phase: Ai(2)-Gabe_Food's Declare Blockers Step
Phase: Ai(2)-Gabe_Food's First Strike Damage Step
Phase: Ai(2)-Gabe_Food's Combat Damage Step
Phase: Ai(2)-Gabe_Food's End of Combat Step
Phase: Ai(2)-Gabe_Food's Main phase, postcombat
Mana: Isolated Chapel (144) - {T}: Add {W} or {B}.
Mana: Forest (140) - {T}: Add {G}.
Mana: Swamp (163) - {T}: Add {B}.
Add To Stack: Ai(2)-Gabe_Food cast Merry, Warden of Isengard
Mana: Steam Vents (347) - {T}: Add {U}.
Mana: Undercity Sewers (306) - {T}: Add {U}.
Add To Stack: Ai(4)-GGS_Current cast Mana Drain targeting [Merry, Warden of Isengard - Creature 1 / 4]
Zone Change: Send countered spell to Graveyard
Resolve Stack: Mana Drain (355) - Counter Merry, Warden of Isengard (107). At the beginning of your next main phase, add an amount of {C} equal to that spell's mana value. 
Mana: Command Tower (131) - {T}: Add one mana of any color in your commander's color identity.
Mana: Forest (138) - {T}: Add {G}.
Mana: Prize Pig (130) - {T}: Add one mana of any color.
Add To Stack: Ai(2)-Gabe_Food cast Farmer Cotton
Resolve Stack: Farmer Cotton - Creature 1 / 1 (X=1)
Add To Stack: Ai(2)-Gabe_Food triggered Farmer Cotton
Resolve Stack: When Farmer Cotton enters, create X 1/1 white Halfling creature tokens and X Food tokens. (They're artifacts with "{2}, {T}, Sacrifice this token: You gain 3 life.") [Zone Changer: Farmer Cotton (117)]
Phase: Ai(2)-Gabe_Food's End step
Phase: Ai(2)-Gabe_Food's Cleanup step
Turn: Turn 36 (Ai(3)-Destyn_Turtles)
Phase: Ai(3)-Destyn_Turtles' Untap step
Phase: Ai(3)-Destyn_Turtles' Upkeep step
Phase: Ai(3)-Destyn_Turtles' Draw step
Phase: Ai(3)-Destyn_Turtles' Main phase, precombat
Land: Ai(3)-Destyn_Turtles played Ash Barrens (272)
Phase: Ai(3)-Destyn_Turtles' Beginning of Combat Step
Phase: Ai(3)-Destyn_Turtles' Declare Attackers Step
Phase: Ai(3)-Destyn_Turtles' Declare Blockers Step
Phase: Ai(3)-Destyn_Turtles' First Strike Damage Step
Phase: Ai(3)-Destyn_Turtles' Combat Damage Step
Phase: Ai(3)-Destyn_Turtles' End of Combat Step
Phase: Ai(3)-Destyn_Turtles' Main phase, postcombat
Mana: Thriving Moor (298) - {T}: Add {B} or one mana of the chosen color.
Mana: Ash Barrens (272) - {T}: Add {C}.
Mana: Plains (289) - {T}: Add {W}.
Add To Stack: Ai(3)-Destyn_Turtles cast High Score
Resolve Stack: High Score
Mana: Thriving Grove (227) - {T}: Add {G} or one mana of the chosen color.
Mana: Sodden Verdure (283) - {T}: Add {G}.
Mana: Plains (290) - {T}: Add {W}.
Mana: Sunken Hollow (226) - {T}: Add {B}.
Mana: Cinder Glade (218) - {T}: Add {G}.
Mana: City of Brass (247) - {T}: Add one mana of any color.
Add To Stack: Ai(3)-Destyn_Turtles cast Steelbane Hydra
Add To Stack: Ai(3)-Destyn_Turtles triggered City of Brass
Damage: City of Brass (247) deals 1 non-combat damage to Ai(3)-Destyn_Turtles.
Life: Life: Ai(3)-Destyn_Turtles 8 > 7
Resolve Stack: Whenever City of Brass becomes tapped, it deals 1 damage to you. [Tapped: City of Brass (247)]
Replacement Effect: Steelbane Hydra enters with X +1/+1 counters on it.
Replacement Effect: If one or more +1/+1 counters would be put on a creature you control, that many plus one +1/+1 counters are put on it instead.
Resolve Stack: Steelbane Hydra - Creature 0 / 0 (X=4)
Add To Stack: Ai(3)-Destyn_Turtles triggered Casey Jones, Back Alley Brute targeting [Ai(1)-Jaymie_Ezio]
Add To Stack: Ai(3)-Destyn_Turtles triggered Ray Fillet, Wave Warrior
Replacement Effect: If one or more +1/+1 counters would be put on a creature you control, that many plus one +1/+1 counters are put on it instead.
Resolve Stack: Evolve (Whenever a creature you control enters, if that creature has greater power or toughness than this creature, put a +1/+1 counter on this creature.) [Zone Changer: Steelbane Hydra (236)]
Add To Stack: Ai(3)-Destyn_Turtles triggered Casey Jones, Back Alley Brute targeting [Ai(1)-Jaymie_Ezio]
Damage: Casey Jones, Back Alley Brute (208) deals 2 non-combat damage to Ai(1)-Jaymie_Ezio.
Life: Life: Ai(1)-Jaymie_Ezio 7 > 5
Resolve Stack: Whenever you put one or more +1/+1 counters on a creature you control, Casey Jones deals that much damage to target opponent. (Targeting: [[Ai(1)-Jaymie_Ezio]]) [Added once: Ray Fillet, Wave Warrior (269) Amount: 2]
Damage: Casey Jones, Back Alley Brute (208) deals 5 non-combat damage to Ai(1)-Jaymie_Ezio.
Life: Life: Ai(1)-Jaymie_Ezio 5 > 0
Resolve Stack: Whenever you put one or more +1/+1 counters on a creature you control, Casey Jones deals that much damage to target opponent. (Targeting: [[Ai(1)-Jaymie_Ezio]]) [Added once: Steelbane Hydra (236) Amount: 5]
Phase: Ai(3)-Destyn_Turtles' End step
Add To Stack: Ai(3)-Destyn_Turtles triggered High Score
Resolve Stack: At the beginning of your end step, draw a card if you control a creature with the greatest power among creatures on the battlefield. [Phase: Ai(3)-Destyn_Turtles]
Phase: Ai(3)-Destyn_Turtles' Cleanup step
Turn: Turn 37 (Ai(4)-GGS_Current)
Phase: Ai(4)-GGS_Current's Untap step
Phase: Ai(4)-GGS_Current's Upkeep step
Phase: Ai(4)-GGS_Current's Draw step
Phase: Ai(4)-GGS_Current's Main phase, precombat
Add To Stack: Ai(4)-GGS_Current triggered Mana Drain
Resolve Stack: At the beginning of your next main phase, add an amount of {C} equal to that spell's mana value. ([3]) [Phase: Ai(4)-GGS_Current]
Land: Ai(4)-GGS_Current played Exotic Orchard (332)
Phase: Ai(4)-GGS_Current's Beginning of Combat Step
Phase: Ai(4)-GGS_Current's Declare Attackers Step
Combat: Ai(4)-GGS_Current assigned Draconic Visitor (317), Dragon Spirit Token (468), Dragon Spirit Token (481), Goro-Goro and Satoru (403), Kari Zev, Skyship Raider (396), Yuriko, the Tiger's Shadow (401) and Phoenix Chick (373) to attack Ai(3)-Destyn_Turtles.
Add To Stack: Ai(4)-GGS_Current triggered Fire Navy Trebuchet
Add To Stack: Ai(4)-GGS_Current triggered Kari Zev, Skyship Raider
Resolve Stack: Whenever Kari Zev, Skyship Raider attacks, create Ragavan, a legendary 2/1 red Monkey creature token. Ragavan enters tapped and attacking. Exile that token at end of combat. [Attacker: Kari Zev, Skyship Raider (396)]
Replacement Effect: If one or more artifact tokens would be created under your control, that many 5/5 red Dragon creature tokens with flying are created instead.
Resolve Stack: Whenever you attack, create a 2/1 colorless Construct artifact creature token with flying named Ballistic Boulder that's tapped and attacking. Sacrifice that token at the beginning of the next end step. [Number Attackers: [Draconic Visitor (317), Dragon Spirit Token (468), Dragon Spirit Token (481), Goro-Goro and Satoru (403), Kari Zev, Skyship Raider (396), Yuriko, the Tiger's Shadow (401), Phoenix Chick (373)]]
Phase: Ai(4)-GGS_Current's Declare Blockers Step
Combat: Ai(2)-Gabe_Food assigned Frodo, Adventurous Hobbit (200) to block Ragavan (497).
Ai(2)-Gabe_Food didn't block Dragon Token (500).
Combat: Ai(3)-Destyn_Turtles assigned Ray Fillet, Wave Warrior (269) to block Draconic Visitor (317).
Ai(3)-Destyn_Turtles didn't block Dragon Spirit Token (468).
Ai(3)-Destyn_Turtles didn't block Dragon Spirit Token (481).
Ai(3)-Destyn_Turtles assigned Ninja Token (433) and Steelbane Hydra (236) to block Goro-Goro and Satoru (403).
Ai(3)-Destyn_Turtles assigned Michelangelo, the Heart (301) and Casey Jones, Back Alley Brute (208) to block Kari Zev, Skyship Raider (396).
Ai(3)-Destyn_Turtles assigned Ninja Token (435) and Acidic Slime (264) to block Yuriko, the Tiger's Shadow (401).
Ai(3)-Destyn_Turtles didn't block Phoenix Chick (373).
Phase: Ai(4)-GGS_Current's First Strike Damage Step
Damage: Kari Zev, Skyship Raider (396) deals 1 damage to Michelangelo, the Heart (301).
Phase: Ai(4)-GGS_Current's Combat Damage Step
Damage: Draconic Visitor (317) deals 5 damage to Ray Fillet, Wave Warrior (269).
Damage: Dragon Spirit Token (468) deals 5 combat damage to Ai(3)-Destyn_Turtles.
Damage: Dragon Spirit Token (481) deals 5 combat damage to Ai(3)-Destyn_Turtles.
Damage: Goro-Goro and Satoru (403) deals 1 damage to Ninja Token (433).
Damage: Goro-Goro and Satoru (403) deals 2 damage to Steelbane Hydra (236).
Damage: Yuriko, the Tiger's Shadow (401) deals 1 damage to Ninja Token (435).
Damage: Phoenix Chick (373) deals 1 combat damage to Ai(3)-Destyn_Turtles.
Damage: Ragavan (497) deals 2 damage to Frodo, Adventurous Hobbit (200).
Damage: Dragon Token (500) deals 5 combat damage to Ai(2)-Gabe_Food.
Damage: Frodo, Adventurous Hobbit (200) deals 1 damage to Ragavan (497).
Damage: Ray Fillet, Wave Warrior (269) deals 2 damage to Draconic Visitor (317).
Damage: Ninja Token (433) deals 1 damage to Goro-Goro and Satoru (403).
Damage: Steelbane Hydra (236) deals 5 damage to Goro-Goro and Satoru (403).
Damage: Ninja Token (435) deals 1 damage to Yuriko, the Tiger's Shadow (401).
Damage: Acidic Slime (264) deals 2 damage (Deathtouch) to Yuriko, the Tiger's Shadow (401).
Damage: Michelangelo, the Heart (301) deals 5 damage to Kari Zev, Skyship Raider (396).
Damage: Casey Jones, Back Alley Brute (208) deals 4 damage to Kari Zev, Skyship Raider (396).
Life: Life: Ai(2)-Gabe_Food 34 > 29
Life: Life: Ai(3)-Destyn_Turtles 7 > -4
Zone Change: Kari Zev, Skyship Raider (396) was put into Graveyard from Battlefield.
Zone Change: Goro-Goro and Satoru (403) was put into Graveyard from Battlefield.
Zone Change: Yuriko, the Tiger's Shadow (401) was put into Graveyard from Battlefield.
Zone Change: Ragavan (497) was put into Graveyard from Battlefield.
Add To Stack: Ai(4)-GGS_Current triggered Goro-Goro and Satoru
Resolve Stack: Whenever one or more creatures you control that entered this turn deal combat damage to a player, create a 5/5 red Dragon Spirit creature token with flying. [Damaged: Ai(2)-Gabe_Food, Amount: 5]
Phase: Ai(4)-GGS_Current's End of Combat Step
Add To Stack: Ai(4)-GGS_Current triggered Kari Zev, Skyship Raider
Resolve Stack: Exile Ragavan (497) at the end of combat. ([Ragavan (497)]) [Phase: Ai(4)-GGS_Current]
Phase: Ai(4)-GGS_Current's Main phase, postcombat
Mana: Steam Vents (347) - {T}: Add {U}.
Mana: Raucous Theater (386) - {T}: Add {R}.
Mana: Malakir Mire (308) - {T}: Add {B}.
Mana: Exotic Orchard (332) - {T}: Add one mana of any color that a land an opponent controls could produce.
Mana: Undercity Sewers (306) - {T}: Add {B}.
Add To Stack: Ai(4)-GGS_Current cast Goro-Goro and Satoru
Resolve Stack: Goro-Goro and Satoru - Creature 3 / 4
Phase: Ai(4)-GGS_Current's End step
Add To Stack: Ai(4)-GGS_Current triggered Fire Navy Trebuchet
Zone Change: Dragon Token (500) was put into Graveyard from Battlefield.
Resolve Stack: Sacrifice Dragon Token (500) at the beginning of the next end step. ([Dragon Token (500)]) [Phase: Ai(4)-GGS_Current]
Phase: Ai(4)-GGS_Current's Cleanup step
Turn: Turn 38 (Ai(2)-Gabe_Food)
Phase: Ai(2)-Gabe_Food's Untap step
Phase: Ai(2)-Gabe_Food's Upkeep step
Phase: Ai(2)-Gabe_Food's Draw step
Phase: Ai(2)-Gabe_Food's Main phase, precombat
Phase: Ai(2)-Gabe_Food's Beginning of Combat Step
Add To Stack: Ai(2)-Gabe_Food triggered Sam, Loyal Attendant
Resolve Stack: At the beginning of combat on your turn, create a Food token. (It's an artifact with "{2}, {T}, Sacrifice this token: You gain 3 life.") [Phase: Ai(2)-Gabe_Food]
Phase: Ai(2)-Gabe_Food's Declare Attackers Step
Phase: Ai(2)-Gabe_Food's Declare Blockers Step
Phase: Ai(2)-Gabe_Food's First Strike Damage Step
Phase: Ai(2)-Gabe_Food's Combat Damage Step
Phase: Ai(2)-Gabe_Food's End of Combat Step
Phase: Ai(2)-Gabe_Food's Main phase, postcombat
Mana: Forest (140) - {T}: Add {G}.
Mana: Swamp (163) - {T}: Add {B}.
Mana: Plains (190) - {T}: Add {W}.
Add To Stack: Ai(2)-Gabe_Food cast Chromatic Lantern
Resolve Stack: Chromatic Lantern
Mana: Chromatic Lantern (199) - {T}: Add one mana of any color.
Mana: Forest (138) - {T}: Add {G}.
Add To Stack: Ai(2)-Gabe_Food cast Hithlain Rope
Resolve Stack: Hithlain Rope
Mana: Isolated Chapel (144) - {T}: Add {W} or {B}.
Mana: Command Tower (131) - {T}: Add one mana of any color in your commander's color identity.
Add To Stack: Ai(2)-Gabe_Food activated Hithlain Rope
Resolve Stack: Hithlain Rope (126) - Ai(2)-Gabe_Food draws a card. Ai(4)-GGS_Current gains control of Hithlain Rope (126).
Phase: Ai(2)-Gabe_Food's End step
Phase: Ai(2)-Gabe_Food's Cleanup step
Turn: Turn 39 (Ai(4)-GGS_Current)
Phase: Ai(4)-GGS_Current's Untap step
Phase: Ai(4)-GGS_Current's Upkeep step
Mana: Malakir Mire (308) - {T}: Add {B}.
Add To Stack: Ai(4)-GGS_Current activated Hithlain Rope
Resolve Stack: Hithlain Rope (126) - Ai(4)-GGS_Current searches Ai(2)-Gabe_Food library for a basic land card, puts it onto the battlefield tapped, then shuffles. Ai(2)-Gabe_Food gains control of Hithlain Rope (126).
Phase: Ai(4)-GGS_Current's Draw step
Mana: Exotic Orchard (332) - {T}: Add one mana of any color that a land an opponent controls could produce.
Mana: Steam Vents (347) - {T}: Add {R}.
Mana: Undercity Sewers (306) - {T}: Add {B}.
Add To Stack: Ai(4)-GGS_Current cast Chaos Warp targeting [Call for Unity (168)]
Replacement Effect: Canopy Vista enters tapped unless you control two or more basic lands.
Resolve Stack: Chaos Warp (354) - Shuffle Call for Unity (168) into its owner's library. Ai(4)-GGS_Current reveals the top card of Ai(2)-Gabe_Food's library.
Phase: Ai(4)-GGS_Current's Main phase, precombat
Phase: Ai(4)-GGS_Current's Beginning of Combat Step
Phase: Ai(4)-GGS_Current's Declare Attackers Step
Combat: Ai(4)-GGS_Current assigned Phoenix Chick (373), Draconic Visitor (317), Dragon Spirit Token (468), Dragon Spirit Token (481) and Dragon Spirit Token (503) to attack Ai(2)-Gabe_Food.
Add To Stack: Ai(4)-GGS_Current triggered Fire Navy Trebuchet
Replacement Effect: If one or more artifact tokens would be created under your control, that many 5/5 red Dragon creature tokens with flying are created instead.
Resolve Stack: Whenever you attack, create a 2/1 colorless Construct artifact creature token with flying named Ballistic Boulder that's tapped and attacking. Sacrifice that token at the beginning of the next end step. [Number Attackers: [Phoenix Chick (373), Draconic Visitor (317), Dragon Spirit Token (468), Dragon Spirit Token (481), Dragon Spirit Token (503)]]
Mana: Canopy Vista (171) - {T}: Add {G}.
Zone Change: Food Token (431) was put into Graveyard from Battlefield.
Add To Stack: Ai(2)-Gabe_Food activated Food Token
Life: Life: Ai(2)-Gabe_Food 29 > 32
Resolve Stack: Food Token (431) - Ai(2)-Gabe_Food gains 3 life.
Add To Stack: Ai(2)-Gabe_Food triggered Sanguine Bond targeting [Ai(4)-GGS_Current]
Add To Stack: Ai(2)-Gabe_Food triggered Well of Lost Dreams
Add To Stack: Ai(2)-Gabe_Food triggered Prize Pig
Resolve Stack: Whenever you gain life, put that many ribbon counters on Prize Pig. Then if there are three or more ribbon counters on Prize Pig, remove those counters and untap it. [Player: Ai(2)-Gabe_Food, Gained Amount: 3]
Resolve Stack: Whenever you gain life, you may pay {X}, where X is less than or equal to the amount of life you gained. If you do, draw X cards. [Player: Ai(2)-Gabe_Food, Gained Amount: 3]
Life: Life: Ai(4)-GGS_Current 26 > 23
Resolve Stack: Whenever you gain life, target opponent loses that much life. (Targeting: [[Ai(4)-GGS_Current]]) [Player: Ai(2)-Gabe_Food, Gained Amount: 3]
Phase: Ai(4)-GGS_Current's Declare Blockers Step
Combat: Ai(2)-Gabe_Food didn't block Phoenix Chick (373).
Ai(2)-Gabe_Food didn't block Draconic Visitor (317).
Ai(2)-Gabe_Food didn't block Dragon Spirit Token (468).
Ai(2)-Gabe_Food didn't block Dragon Spirit Token (481).
Ai(2)-Gabe_Food didn't block Dragon Spirit Token (503).
Ai(2)-Gabe_Food didn't block Dragon Token (510).
Phase: Ai(4)-GGS_Current's First Strike Damage Step
Phase: Ai(4)-GGS_Current's Combat Damage Step
Damage: Phoenix Chick (373) deals 1 combat damage to Ai(2)-Gabe_Food.
Damage: Draconic Visitor (317) deals 5 combat damage to Ai(2)-Gabe_Food.
Damage: Dragon Spirit Token (468) deals 5 combat damage to Ai(2)-Gabe_Food.
Damage: Dragon Spirit Token (481) deals 5 combat damage to Ai(2)-Gabe_Food.
Damage: Dragon Spirit Token (503) deals 5 combat damage to Ai(2)-Gabe_Food.
Damage: Dragon Token (510) deals 5 combat damage to Ai(2)-Gabe_Food.
Life: Life: Ai(2)-Gabe_Food 32 > 6
Add To Stack: Ai(4)-GGS_Current triggered Goro-Goro and Satoru
Resolve Stack: Whenever one or more creatures you control that entered this turn deal combat damage to a player, create a 5/5 red Dragon Spirit creature token with flying. [Damaged: Ai(2)-Gabe_Food, Amount: 5]
Phase: Ai(4)-GGS_Current's End of Combat Step
Phase: Ai(4)-GGS_Current's Main phase, postcombat
Phase: Ai(4)-GGS_Current's End step
Add To Stack: Ai(4)-GGS_Current triggered Fire Navy Trebuchet
Zone Change: Dragon Token (510) was put into Graveyard from Battlefield.
Resolve Stack: Sacrifice Dragon Token (510) at the beginning of the next end step. ([Dragon Token (510)]) [Phase: Ai(4)-GGS_Current]
Phase: Ai(4)-GGS_Current's Cleanup step
Turn: Turn 40 (Ai(2)-Gabe_Food)
Phase: Ai(2)-Gabe_Food's Untap step
Phase: Ai(2)-Gabe_Food's Upkeep step
Mana: Chromatic Lantern (199) - {T}: Add one mana of any color.
Add To Stack: Ai(2)-Gabe_Food activated Hithlain Rope
Resolve Stack: Hithlain Rope (126) - Ai(2)-Gabe_Food searches Ai(4)-GGS_Current library for a basic land card, puts it onto the battlefield tapped, then shuffles. Ai(4)-GGS_Current gains control of Hithlain Rope (126).
Phase: Ai(2)-Gabe_Food's Draw step
Phase: Ai(2)-Gabe_Food's Main phase, precombat
Replacement Effect: Woodland Cemetery enters tapped unless you control a Swamp or a Forest.
Land: Ai(2)-Gabe_Food played Woodland Cemetery (183)
Phase: Ai(2)-Gabe_Food's Beginning of Combat Step
Add To Stack: Ai(2)-Gabe_Food triggered Sam, Loyal Attendant
Resolve Stack: At the beginning of combat on your turn, create a Food token. (It's an artifact with "{2}, {T}, Sacrifice this token: You gain 3 life.") [Phase: Ai(2)-Gabe_Food]
Phase: Ai(2)-Gabe_Food's Declare Attackers Step
Phase: Ai(2)-Gabe_Food's Declare Blockers Step
Phase: Ai(2)-Gabe_Food's First Strike Damage Step
Phase: Ai(2)-Gabe_Food's Combat Damage Step
Phase: Ai(2)-Gabe_Food's End of Combat Step
Phase: Ai(2)-Gabe_Food's Main phase, postcombat
Mana: Forest (140) - {T}: Add one mana of any color.
Mana: Swamp (163) - {T}: Add {B}.
Mana: Plains (190) - {T}: Add {W}.
Mana: Forest (138) - {T}: Add {G}.
Add To Stack: Ai(2)-Gabe_Food cast Mirkwood Bats
Resolve Stack: Mirkwood Bats - Creature 2 / 3
Phase: Ai(2)-Gabe_Food's End step
Phase: Ai(2)-Gabe_Food's Cleanup step
Turn: Turn 41 (Ai(4)-GGS_Current)
Phase: Ai(4)-GGS_Current's Untap step
Phase: Ai(4)-GGS_Current's Upkeep step
Mana: Island (377) - {T}: Add {U}.
Add To Stack: Ai(4)-GGS_Current activated Hithlain Rope
Resolve Stack: Hithlain Rope (126) - Ai(4)-GGS_Current searches Ai(2)-Gabe_Food library for a basic land card, puts it onto the battlefield tapped, then shuffles. Ai(2)-Gabe_Food gains control of Hithlain Rope (126).
Phase: Ai(4)-GGS_Current's Draw step
Phase: Ai(4)-GGS_Current's Main phase, precombat
Phase: Ai(4)-GGS_Current's Beginning of Combat Step
Phase: Ai(4)-GGS_Current's Declare Attackers Step
Combat: Ai(4)-GGS_Current assigned Draconic Visitor (317), Dragon Spirit Token (468), Dragon Spirit Token (481), Dragon Spirit Token (503), Dragon Spirit Token (513), Goro-Goro and Satoru (403) and Phoenix Chick (373) to attack Ai(2)-Gabe_Food.
Add To Stack: Ai(4)-GGS_Current triggered Fire Navy Trebuchet
Mana: Isolated Chapel (144) - {T}: Add {W} or {B}.
Zone Change: Food Token (445) was put into Graveyard from Battlefield.
Add To Stack: Ai(2)-Gabe_Food activated Food Token
Add To Stack: Ai(2)-Gabe_Food triggered Mirkwood Bats
Life: Life: Ai(4)-GGS_Current 23 > 22
Resolve Stack: Whenever you create or sacrifice a token, each opponent loses 1 life. [Sacrificed: Food Token (445)]
Life: Life: Ai(2)-Gabe_Food 6 > 9
Resolve Stack: Food Token (445) - Ai(2)-Gabe_Food gains 3 life.
Add To Stack: Ai(2)-Gabe_Food triggered Sanguine Bond targeting [Ai(4)-GGS_Current]
Add To Stack: Ai(2)-Gabe_Food triggered Well of Lost Dreams
Add To Stack: Ai(2)-Gabe_Food triggered Prize Pig
Resolve Stack: Whenever you gain life, put that many ribbon counters on Prize Pig. Then if there are three or more ribbon counters on Prize Pig, remove those counters and untap it. [Player: Ai(2)-Gabe_Food, Gained Amount: 3]
Mana: Woodland Cemetery (183) - {T}: Add {B} or {G}.
Mana: Canopy Vista (171) - {T}: Add {G}.
Mana: Command Tower (131) - {T}: Add one mana of any color in your commander's color identity.
Resolve Stack: Whenever you gain life, you may pay {X}, where X is less than or equal to the amount of life you gained. If you do, draw X cards. [Player: Ai(2)-Gabe_Food, Gained Amount: 3]
Life: Life: Ai(4)-GGS_Current 22 > 19
Resolve Stack: Whenever you gain life, target opponent loses that much life. (Targeting: [[Ai(4)-GGS_Current]]) [Player: Ai(2)-Gabe_Food, Gained Amount: 3]
Mana: Prize Pig (130) - {T}: Add one mana of any color.
Zone Change: Food Token (459) was put into Graveyard from Battlefield.
Add To Stack: Ai(2)-Gabe_Food activated Food Token
Add To Stack: Ai(2)-Gabe_Food triggered Mirkwood Bats
Life: Life: Ai(4)-GGS_Current 19 > 18
Resolve Stack: Whenever you create or sacrifice a token, each opponent loses 1 life. [Sacrificed: Food Token (459)]
Life: Life: Ai(2)-Gabe_Food 9 > 12
Resolve Stack: Food Token (459) - Ai(2)-Gabe_Food gains 3 life.
Add To Stack: Ai(2)-Gabe_Food triggered Sanguine Bond targeting [Ai(4)-GGS_Current]
Add To Stack: Ai(2)-Gabe_Food triggered Well of Lost Dreams
Add To Stack: Ai(2)-Gabe_Food triggered Prize Pig
Resolve Stack: Whenever you gain life, put that many ribbon counters on Prize Pig. Then if there are three or more ribbon counters on Prize Pig, remove those counters and untap it. [Player: Ai(2)-Gabe_Food, Gained Amount: 3]
Resolve Stack: Whenever you gain life, you may pay {X}, where X is less than or equal to the amount of life you gained. If you do, draw X cards. [Player: Ai(2)-Gabe_Food, Gained Amount: 3]
Life: Life: Ai(4)-GGS_Current 18 > 15
Resolve Stack: Whenever you gain life, target opponent loses that much life. (Targeting: [[Ai(4)-GGS_Current]]) [Player: Ai(2)-Gabe_Food, Gained Amount: 3]
Mana: Prize Pig (130) - {T}: Add one mana of any color.
Zone Change: Food Token (465) was put into Graveyard from Battlefield.
Add To Stack: Ai(2)-Gabe_Food activated Food Token
Add To Stack: Ai(2)-Gabe_Food triggered Mirkwood Bats
Life: Life: Ai(4)-GGS_Current 15 > 14
Resolve Stack: Whenever you create or sacrifice a token, each opponent loses 1 life. [Sacrificed: Food Token (465)]
Life: Life: Ai(2)-Gabe_Food 12 > 15
Resolve Stack: Food Token (465) - Ai(2)-Gabe_Food gains 3 life.
Add To Stack: Ai(2)-Gabe_Food triggered Sanguine Bond targeting [Ai(4)-GGS_Current]
Add To Stack: Ai(2)-Gabe_Food triggered Well of Lost Dreams
Add To Stack: Ai(2)-Gabe_Food triggered Prize Pig
Resolve Stack: Whenever you gain life, put that many ribbon counters on Prize Pig. Then if there are three or more ribbon counters on Prize Pig, remove those counters and untap it. [Player: Ai(2)-Gabe_Food, Gained Amount: 3]
Resolve Stack: Whenever you gain life, you may pay {X}, where X is less than or equal to the amount of life you gained. If you do, draw X cards. [Player: Ai(2)-Gabe_Food, Gained Amount: 3]
Life: Life: Ai(4)-GGS_Current 14 > 11
Resolve Stack: Whenever you gain life, target opponent loses that much life. (Targeting: [[Ai(4)-GGS_Current]]) [Player: Ai(2)-Gabe_Food, Gained Amount: 3]
Mana: Prize Pig (130) - {T}: Add one mana of any color.
Zone Change: Food Token (474) was put into Graveyard from Battlefield.
Add To Stack: Ai(2)-Gabe_Food activated Food Token
Add To Stack: Ai(2)-Gabe_Food triggered Mirkwood Bats
Life: Life: Ai(4)-GGS_Current 11 > 10
Resolve Stack: Whenever you create or sacrifice a token, each opponent loses 1 life. [Sacrificed: Food Token (474)]
Life: Life: Ai(2)-Gabe_Food 15 > 18
Resolve Stack: Food Token (474) - Ai(2)-Gabe_Food gains 3 life.
Add To Stack: Ai(2)-Gabe_Food triggered Sanguine Bond targeting [Ai(4)-GGS_Current]
Add To Stack: Ai(2)-Gabe_Food triggered Well of Lost Dreams
Add To Stack: Ai(2)-Gabe_Food triggered Prize Pig
Resolve Stack: Whenever you gain life, put that many ribbon counters on Prize Pig. Then if there are three or more ribbon counters on Prize Pig, remove those counters and untap it. [Player: Ai(2)-Gabe_Food, Gained Amount: 3]
Resolve Stack: Whenever you gain life, you may pay {X}, where X is less than or equal to the amount of life you gained. If you do, draw X cards. [Player: Ai(2)-Gabe_Food, Gained Amount: 3]
Life: Life: Ai(4)-GGS_Current 10 > 7
Resolve Stack: Whenever you gain life, target opponent loses that much life. (Targeting: [[Ai(4)-GGS_Current]]) [Player: Ai(2)-Gabe_Food, Gained Amount: 3]
Mana: Prize Pig (130) - {T}: Add one mana of any color.
Zone Change: Food Token (487) was put into Graveyard from Battlefield.
Add To Stack: Ai(2)-Gabe_Food activated Food Token
Add To Stack: Ai(2)-Gabe_Food triggered Mirkwood Bats
Life: Life: Ai(4)-GGS_Current 7 > 6
Resolve Stack: Whenever you create or sacrifice a token, each opponent loses 1 life. [Sacrificed: Food Token (487)]
Life: Life: Ai(2)-Gabe_Food 18 > 21
Resolve Stack: Food Token (487) - Ai(2)-Gabe_Food gains 3 life.
Add To Stack: Ai(2)-Gabe_Food triggered Sanguine Bond targeting [Ai(4)-GGS_Current]
Add To Stack: Ai(2)-Gabe_Food triggered Well of Lost Dreams
Add To Stack: Ai(2)-Gabe_Food triggered Prize Pig
Resolve Stack: Whenever you gain life, put that many ribbon counters on Prize Pig. Then if there are three or more ribbon counters on Prize Pig, remove those counters and untap it. [Player: Ai(2)-Gabe_Food, Gained Amount: 3]
Resolve Stack: Whenever you gain life, you may pay {X}, where X is less than or equal to the amount of life you gained. If you do, draw X cards. [Player: Ai(2)-Gabe_Food, Gained Amount: 3]
Life: Life: Ai(4)-GGS_Current 6 > 3
Resolve Stack: Whenever you gain life, target opponent loses that much life. (Targeting: [[Ai(4)-GGS_Current]]) [Player: Ai(2)-Gabe_Food, Gained Amount: 3]
Mana: Prize Pig (130) - {T}: Add one mana of any color.
Zone Change: Food Token (493) was put into Graveyard from Battlefield.
Add To Stack: Ai(2)-Gabe_Food activated Food Token
Add To Stack: Ai(2)-Gabe_Food triggered Mirkwood Bats
Life: Life: Ai(4)-GGS_Current 3 > 2
Resolve Stack: Whenever you create or sacrifice a token, each opponent loses 1 life. [Sacrificed: Food Token (493)]
Life: Life: Ai(2)-Gabe_Food 21 > 24
Resolve Stack: Food Token (493) - Ai(2)-Gabe_Food gains 3 life.
Add To Stack: Ai(2)-Gabe_Food triggered Sanguine Bond targeting [Ai(4)-GGS_Current]
Add To Stack: Ai(2)-Gabe_Food triggered Well of Lost Dreams
Add To Stack: Ai(2)-Gabe_Food triggered Prize Pig
Resolve Stack: Whenever you gain life, put that many ribbon counters on Prize Pig. Then if there are three or more ribbon counters on Prize Pig, remove those counters and untap it. [Player: Ai(2)-Gabe_Food, Gained Amount: 3]
Resolve Stack: Whenever you gain life, you may pay {X}, where X is less than or equal to the amount of life you gained. If you do, draw X cards. [Player: Ai(2)-Gabe_Food, Gained Amount: 3]
Life: Life: Ai(4)-GGS_Current 2 > -1
Resolve Stack: Whenever you gain life, target opponent loses that much life. (Targeting: [[Ai(4)-GGS_Current]]) [Player: Ai(2)-Gabe_Food, Gained Amount: 3]
Player Control: Ai(1)-Jaymie_Ezio has restored control over themself
Player Control: Ai(2)-Gabe_Food has restored control over themself
Player Control: Ai(3)-Destyn_Turtles has restored control over themself
Player Control: Ai(4)-GGS_Current has restored control over themself
Game Outcome: Match Duration 1m : 59s
Game Outcome: Turn 21
Game Outcome: Ai(1)-Jaymie_Ezio has lost because life total reached 0
Game Outcome: Ai(2)-Gabe_Food has won because all opponents have lost
Game Outcome: Ai(3)-Destyn_Turtles has lost because life total reached 0
Game Outcome: Ai(4)-GGS_Current has lost because life total reached 0
Match Result: Ai(1)-Jaymie_Ezio: 0 Ai(2)-Gabe_Food: 1 Ai(3)-Destyn_Turtles: 0 Ai(4)-GGS_Current: 0 

Game Result: Game 1 ended in 121791 ms. Ai(2)-Gabe_Food has won!

