Error handling registered!
20:36:15 [INFO ] GuiBase: ##########################################
20:36:15 [INFO ] GuiBase: APP: Forge v.2.0.15-SNAPSHOT-09.28
20:36:15 [INFO ] GuiBase: Java: 17.0.20 (Ubuntu)
20:36:15 [INFO ] GuiBase: OS: Linux 6.18.44 amd64
20:36:15 [INFO ] GuiBase: RAM: 1536 MB max, 8 CPUs
20:36:15 [INFO ] GuiBase: ##########################################
Language 'en-US' loaded successfully.
(ThreadUtil first call): Running with priority 5
Read cards: 34010 archived files in 1 ms (25 parts) using thread pool
Upcoming set Star Trek (TRK) dated in the future. All `upcoming` cards will be added to this set with unknown rarity.
The card A-Alrund's Epiphany was not assigned to any set. Adding it to UNKNOWN set... to fix see res/editions/ folder. 
The card A-Baba Lysaga, Night Witch was not assigned to any set. Adding it to UNKNOWN set... to fix see res/editions/ folder. 
The card A-Divide by Zero was not assigned to any set. Adding it to UNKNOWN set... to fix see res/editions/ folder. 
The card A-Esika's Chariot was not assigned to any set. Adding it to UNKNOWN set... to fix see res/editions/ folder. 
The card A-Faceless Haven was not assigned to any set. Adding it to UNKNOWN set... to fix see res/editions/ folder. 
The card A-Fires of Invention was not assigned to any set. Adding it to UNKNOWN set... to fix see res/editions/ folder. 
The card A-Goldspan Dragon was not assigned to any set. Adding it to UNKNOWN set... to fix see res/editions/ folder. 
The card A-Hullbreaker Horror was not assigned to any set. Adding it to UNKNOWN set... to fix see res/editions/ folder. 
The card A-Kumano Faces Kakkazan was not assigned to any set. Adding it to UNKNOWN set... to fix see res/editions/ folder. 
The card A-Luminarch Aspirant was not assigned to any set. Adding it to UNKNOWN set... to fix see res/editions/ folder. 
The card A-Monster Manual was not assigned to any set. Adding it to UNKNOWN set... to fix see res/editions/ folder. 
The card A-Omnath, Locus of Creation was not assigned to any set. Adding it to UNKNOWN set... to fix see res/editions/ folder. 
The card A-The Meathook Massacre was not assigned to any set. Adding it to UNKNOWN set... to fix see res/editions/ folder. 
The card A-Unholy Heat was not assigned to any set. Adding it to UNKNOWN set... to fix see res/editions/ folder. 
The card Blinding Radiance was not assigned to any set. Adding it to UNKNOWN set... to fix see res/editions/ folder. 
The card Goblin Bruiser was not assigned to any set. Adding it to UNKNOWN set... to fix see res/editions/ folder. 
The card Ogre Painbringer was not assigned to any set. Adding it to UNKNOWN set... to fix see res/editions/ folder. 
The card Titanic Pelagosaur was not assigned to any set. Adding it to UNKNOWN set... to fix see res/editions/ folder. 
The card Treetop Recluse was not assigned to any set. Adding it to UNKNOWN set... to fix see res/editions/ folder. 
Upcoming set Star Trek (TRK) dated in the future. All `upcoming` cards will be added to this set with unknown rarity.
Read cards: 854 files in 0 ms (8 parts) using thread pool
Simulation mode
Ai(1)-Jaymie_Ezio vs Ai(2)-Gabe_Food vs Ai(3)-Destyn_Turtles vs Ai(4)-GGS_Higure_Adaptation - one game of Commander seed 20260930
Mulligan: Ai(4)-GGS_Higure_Adaptation has kept a hand of 7 cards
Mulligan: Ai(1)-Jaymie_Ezio has kept a hand of 7 cards
Mulligan: Ai(2)-Gabe_Food has kept a hand of 7 cards
Mulligan: Ai(3)-Destyn_Turtles has kept a hand of 7 cards
Turn: Turn 1 (Ai(4)-GGS_Higure_Adaptation)
Phase: Ai(4)-GGS_Higure_Adaptation's Untap step
Phase: Ai(4)-GGS_Higure_Adaptation's Upkeep step
Phase: Ai(4)-GGS_Higure_Adaptation's Draw step
Phase: Ai(4)-GGS_Higure_Adaptation's Main phase, precombat
Replacement Effect: Luxury Suite enters tapped unless you have two or more opponents.
Land: Ai(4)-GGS_Higure_Adaptation played Luxury Suite (378)
Phase: Ai(4)-GGS_Higure_Adaptation's Beginning of Combat Step
Phase: Ai(4)-GGS_Higure_Adaptation's Declare Attackers Step
Phase: Ai(4)-GGS_Higure_Adaptation's Declare Blockers Step
Phase: Ai(4)-GGS_Higure_Adaptation's First Strike Damage Step
Phase: Ai(4)-GGS_Higure_Adaptation's Combat Damage Step
Phase: Ai(4)-GGS_Higure_Adaptation's End of Combat Step
Phase: Ai(4)-GGS_Higure_Adaptation's Main phase, postcombat
Phase: Ai(4)-GGS_Higure_Adaptation's End step
Phase: Ai(4)-GGS_Higure_Adaptation's Cleanup step
Turn: Turn 2 (Ai(1)-Jaymie_Ezio)
Phase: Ai(1)-Jaymie_Ezio's Untap step
Phase: Ai(1)-Jaymie_Ezio's Upkeep step
Phase: Ai(1)-Jaymie_Ezio's Draw step
Phase: Ai(1)-Jaymie_Ezio's Main phase, precombat
Land: Ai(1)-Jaymie_Ezio played Command Tower (32)
Phase: Ai(1)-Jaymie_Ezio's Beginning of Combat Step
Phase: Ai(1)-Jaymie_Ezio's Declare Attackers Step
Phase: Ai(1)-Jaymie_Ezio's Declare Blockers Step
Phase: Ai(1)-Jaymie_Ezio's First Strike Damage Step
Phase: Ai(1)-Jaymie_Ezio's Combat Damage Step
Phase: Ai(1)-Jaymie_Ezio's End of Combat Step
Phase: Ai(1)-Jaymie_Ezio's Main phase, postcombat
Mana: Command Tower (32) - {T}: Add one mana of any color in your commander's color identity.
Add To Stack: Ai(1)-Jaymie_Ezio cast Assassin Initiate
Resolve Stack: Assassin Initiate - Creature 1 / 1
Phase: Ai(1)-Jaymie_Ezio's End step
Phase: Ai(1)-Jaymie_Ezio's Cleanup step
Turn: Turn 3 (Ai(2)-Gabe_Food)
Phase: Ai(2)-Gabe_Food's Untap step
Phase: Ai(2)-Gabe_Food's Upkeep step
Phase: Ai(2)-Gabe_Food's Draw step
Phase: Ai(2)-Gabe_Food's Main phase, precombat
Land: Ai(2)-Gabe_Food played Forest (140)
Phase: Ai(2)-Gabe_Food's Beginning of Combat Step
Phase: Ai(2)-Gabe_Food's Declare Attackers Step
Phase: Ai(2)-Gabe_Food's Declare Blockers Step
Phase: Ai(2)-Gabe_Food's First Strike Damage Step
Phase: Ai(2)-Gabe_Food's Combat Damage Step
Phase: Ai(2)-Gabe_Food's End of Combat Step
Phase: Ai(2)-Gabe_Food's Main phase, postcombat
Phase: Ai(2)-Gabe_Food's End step
Phase: Ai(2)-Gabe_Food's Cleanup step
Turn: Turn 4 (Ai(3)-Destyn_Turtles)
Phase: Ai(3)-Destyn_Turtles' Untap step
Phase: Ai(3)-Destyn_Turtles' Upkeep step
Phase: Ai(3)-Destyn_Turtles' Draw step
Phase: Ai(3)-Destyn_Turtles' Main phase, precombat
Replacement Effect: This land enters tapped unless you control two or more basic lands.
Land: Ai(3)-Destyn_Turtles played Sodden Verdure (283)
Phase: Ai(3)-Destyn_Turtles' Beginning of Combat Step
Phase: Ai(3)-Destyn_Turtles' Declare Attackers Step
Phase: Ai(3)-Destyn_Turtles' Declare Blockers Step
Phase: Ai(3)-Destyn_Turtles' First Strike Damage Step
Phase: Ai(3)-Destyn_Turtles' Combat Damage Step
Phase: Ai(3)-Destyn_Turtles' End of Combat Step
Phase: Ai(3)-Destyn_Turtles' Main phase, postcombat
Phase: Ai(3)-Destyn_Turtles' End step
Phase: Ai(3)-Destyn_Turtles' Cleanup step
Turn: Turn 5 (Ai(4)-GGS_Higure_Adaptation)
Phase: Ai(4)-GGS_Higure_Adaptation's Untap step
Phase: Ai(4)-GGS_Higure_Adaptation's Upkeep step
Phase: Ai(4)-GGS_Higure_Adaptation's Draw step
Phase: Ai(4)-GGS_Higure_Adaptation's Main phase, precombat
Land: Ai(4)-GGS_Higure_Adaptation played Bloodstained Mire (343)
Life: Life: Ai(4)-GGS_Higure_Adaptation 40 > 39
Zone Change: Bloodstained Mire (343) was put into Graveyard from Battlefield.
Add To Stack: Ai(4)-GGS_Higure_Adaptation activated Bloodstained Mire
Replacement Effect: Undercity Sewers enters tapped.
Resolve Stack: Bloodstained Mire (343) - Ai(4)-GGS_Higure_Adaptation searches their library for a Swamp or Mountain card, puts it onto the battlefield, then shuffles.
Add To Stack: Ai(4)-GGS_Higure_Adaptation triggered Undercity Sewers
Resolve Stack: Ai(4)-GGS_Higure_Adaptation surveiled 1 card(s) to the top of the library
Resolve Stack: When Undercity Sewers enters, surveil 1. (Look at the top card of your library. You may put it into your graveyard.) [Zone Changer: Undercity Sewers (306)]
Phase: Ai(4)-GGS_Higure_Adaptation's Beginning of Combat Step
Phase: Ai(4)-GGS_Higure_Adaptation's Declare Attackers Step
Phase: Ai(4)-GGS_Higure_Adaptation's Declare Blockers Step
Phase: Ai(4)-GGS_Higure_Adaptation's First Strike Damage Step
Phase: Ai(4)-GGS_Higure_Adaptation's Combat Damage Step
Phase: Ai(4)-GGS_Higure_Adaptation's End of Combat Step
Phase: Ai(4)-GGS_Higure_Adaptation's Main phase, postcombat
Phase: Ai(4)-GGS_Higure_Adaptation's End step
Phase: Ai(4)-GGS_Higure_Adaptation's Cleanup step
Turn: Turn 6 (Ai(1)-Jaymie_Ezio)
Phase: Ai(1)-Jaymie_Ezio's Untap step
Phase: Ai(1)-Jaymie_Ezio's Upkeep step
Phase: Ai(1)-Jaymie_Ezio's Draw step
Phase: Ai(1)-Jaymie_Ezio's Main phase, precombat
Phase: Ai(1)-Jaymie_Ezio's Beginning of Combat Step
Phase: Ai(1)-Jaymie_Ezio's Declare Attackers Step
Combat: Ai(1)-Jaymie_Ezio assigned Assassin Initiate (51) to attack Ai(3)-Destyn_Turtles.
Phase: Ai(1)-Jaymie_Ezio's Declare Blockers Step
Combat: Ai(3)-Destyn_Turtles didn't block Assassin Initiate (51).
Phase: Ai(1)-Jaymie_Ezio's First Strike Damage Step
Phase: Ai(1)-Jaymie_Ezio's Combat Damage Step
Damage: Assassin Initiate (51) deals 1 combat damage to Ai(3)-Destyn_Turtles.
Life: Life: Ai(3)-Destyn_Turtles 40 > 39
Phase: Ai(1)-Jaymie_Ezio's End of Combat Step
Phase: Ai(1)-Jaymie_Ezio's Main phase, postcombat
Replacement Effect: Path of Ancestry enters tapped.
Land: Ai(1)-Jaymie_Ezio played Path of Ancestry (8)
Mana: Command Tower (32) - {T}: Add one mana of any color in your commander's color identity.
Add To Stack: Ai(1)-Jaymie_Ezio cast Changeling Outcast
Resolve Stack: Changeling Outcast - Creature 1 / 1
Phase: Ai(1)-Jaymie_Ezio's End step
Phase: Ai(1)-Jaymie_Ezio's Cleanup step
Turn: Turn 7 (Ai(2)-Gabe_Food)
Phase: Ai(2)-Gabe_Food's Untap step
Phase: Ai(2)-Gabe_Food's Upkeep step
Phase: Ai(2)-Gabe_Food's Draw step
Phase: Ai(2)-Gabe_Food's Main phase, precombat
Land: Ai(2)-Gabe_Food played Swamp (163)
Phase: Ai(2)-Gabe_Food's Beginning of Combat Step
Phase: Ai(2)-Gabe_Food's Declare Attackers Step
Phase: Ai(2)-Gabe_Food's Declare Blockers Step
Phase: Ai(2)-Gabe_Food's First Strike Damage Step
Phase: Ai(2)-Gabe_Food's Combat Damage Step
Phase: Ai(2)-Gabe_Food's End of Combat Step
Phase: Ai(2)-Gabe_Food's Main phase, postcombat
Mana: Forest (140) - {T}: Add {G}.
Mana: Swamp (163) - {T}: Add {B}.
Add To Stack: Ai(2)-Gabe_Food cast Prize Pig
Resolve Stack: Prize Pig - Creature 0 / 3
Phase: Ai(2)-Gabe_Food's End step
Phase: Ai(2)-Gabe_Food's Cleanup step
Turn: Turn 8 (Ai(3)-Destyn_Turtles)
Phase: Ai(3)-Destyn_Turtles' Untap step
Phase: Ai(3)-Destyn_Turtles' Upkeep step
Phase: Ai(3)-Destyn_Turtles' Draw step
Phase: Ai(3)-Destyn_Turtles' Main phase, precombat
Land: Ai(3)-Destyn_Turtles played City of Brass (247)
Phase: Ai(3)-Destyn_Turtles' Beginning of Combat Step
Phase: Ai(3)-Destyn_Turtles' Declare Attackers Step
Phase: Ai(3)-Destyn_Turtles' Declare Blockers Step
Phase: Ai(3)-Destyn_Turtles' First Strike Damage Step
Phase: Ai(3)-Destyn_Turtles' Combat Damage Step
Phase: Ai(3)-Destyn_Turtles' End of Combat Step
Phase: Ai(3)-Destyn_Turtles' Main phase, postcombat
Mana: Sodden Verdure (283) - {T}: Add {G}.
Mana: City of Brass (247) - {T}: Add one mana of any color.
Add To Stack: Ai(3)-Destyn_Turtles cast Michelangelo, the Heart
Add To Stack: Ai(3)-Destyn_Turtles triggered City of Brass
Damage: City of Brass (247) deals 1 non-combat damage to Ai(3)-Destyn_Turtles.
Life: Life: Ai(3)-Destyn_Turtles 39 > 38
Resolve Stack: Whenever City of Brass becomes tapped, it deals 1 damage to you. [Tapped: City of Brass (247)]
Resolve Stack: Michelangelo, the Heart - Creature 2 / 1
Phase: Ai(3)-Destyn_Turtles' End step
Phase: Ai(3)-Destyn_Turtles' Cleanup step
Turn: Turn 9 (Ai(4)-GGS_Higure_Adaptation)
Phase: Ai(4)-GGS_Higure_Adaptation's Untap step
Phase: Ai(4)-GGS_Higure_Adaptation's Upkeep step
Phase: Ai(4)-GGS_Higure_Adaptation's Draw step
Phase: Ai(4)-GGS_Higure_Adaptation's Main phase, precombat
Land: Ai(4)-GGS_Higure_Adaptation played Polluted Delta (315)
Life: Life: Ai(4)-GGS_Higure_Adaptation 39 > 38
Zone Change: Polluted Delta (315) was put into Graveyard from Battlefield.
Add To Stack: Ai(4)-GGS_Higure_Adaptation activated Polluted Delta
Replacement Effect: As Steam Vents enters, you may pay 2 life. If you don't, it enters tapped.
Resolve Stack: Polluted Delta (315) - Ai(4)-GGS_Higure_Adaptation searches their library for an Island or Swamp card, puts it onto the battlefield, then shuffles.
Phase: Ai(4)-GGS_Higure_Adaptation's Beginning of Combat Step
Phase: Ai(4)-GGS_Higure_Adaptation's Declare Attackers Step
Phase: Ai(4)-GGS_Higure_Adaptation's Declare Blockers Step
Phase: Ai(4)-GGS_Higure_Adaptation's First Strike Damage Step
Phase: Ai(4)-GGS_Higure_Adaptation's Combat Damage Step
Phase: Ai(4)-GGS_Higure_Adaptation's End of Combat Step
Phase: Ai(4)-GGS_Higure_Adaptation's Main phase, postcombat
Mana: Undercity Sewers (306) - {T}: Add {U}.
Mana: Luxury Suite (378) - {T}: Add {B} or {R}.
Add To Stack: Ai(4)-GGS_Higure_Adaptation cast Moon-Circuit Hacker
Resolve Stack: Moon-Circuit Hacker - Creature 2 / 1
Phase: Ai(4)-GGS_Higure_Adaptation's End step
Phase: Ai(4)-GGS_Higure_Adaptation's Cleanup step
Turn: Turn 10 (Ai(1)-Jaymie_Ezio)
Phase: Ai(1)-Jaymie_Ezio's Untap step
Phase: Ai(1)-Jaymie_Ezio's Upkeep step
Phase: Ai(1)-Jaymie_Ezio's Draw step
Phase: Ai(1)-Jaymie_Ezio's Main phase, precombat
Replacement Effect: Smoldering Marsh enters tapped unless you control two or more basic lands.
Land: Ai(1)-Jaymie_Ezio played Smoldering Marsh (71)
Mana: Command Tower (32) - {T}: Add one mana of any color in your commander's color identity.
Mana: Path of Ancestry (8) - {T}: Add one mana of any color in your commander's color identity. When that mana is spent to cast a creature spell that shares a creature type with your commander, scry 1. (Look at the top card of your library. You may put that card on the bottom.)
Add To Stack: Ai(1)-Jaymie_Ezio cast Rampant Growth
Resolve Stack: Rampant Growth (78) - Search your library for a basic land card, put that card onto the battlefield tapped, then shuffle.
Phase: Ai(1)-Jaymie_Ezio's Beginning of Combat Step
Phase: Ai(1)-Jaymie_Ezio's Declare Attackers Step
Combat: Ai(1)-Jaymie_Ezio assigned Changeling Outcast (14) and Assassin Initiate (51) to attack Ai(4)-GGS_Higure_Adaptation.
Phase: Ai(1)-Jaymie_Ezio's Declare Blockers Step
Combat: Ai(4)-GGS_Higure_Adaptation didn't block Changeling Outcast (14).
Ai(4)-GGS_Higure_Adaptation didn't block Assassin Initiate (51).
Phase: Ai(1)-Jaymie_Ezio's First Strike Damage Step
Phase: Ai(1)-Jaymie_Ezio's Combat Damage Step
Damage: Changeling Outcast (14) deals 1 combat damage to Ai(4)-GGS_Higure_Adaptation.
Damage: Assassin Initiate (51) deals 1 combat damage to Ai(4)-GGS_Higure_Adaptation.
Life: Life: Ai(4)-GGS_Higure_Adaptation 38 > 36
Phase: Ai(1)-Jaymie_Ezio's End of Combat Step
Phase: Ai(1)-Jaymie_Ezio's Main phase, postcombat
Phase: Ai(1)-Jaymie_Ezio's End step
Phase: Ai(1)-Jaymie_Ezio's Cleanup step
Turn: Turn 11 (Ai(2)-Gabe_Food)
Phase: Ai(2)-Gabe_Food's Untap step
Phase: Ai(2)-Gabe_Food's Upkeep step
Mana: Prize Pig (130) - {T}: Add one mana of any color.
Add To Stack: Ai(2)-Gabe_Food cast Swords to Plowshares targeting [Moon-Circuit Hacker (392)]
Zone Change: Moon-Circuit Hacker (392) was put into Exile from Battlefield.
Life: Life: Ai(4)-GGS_Higure_Adaptation 36 > 38
Resolve Stack: Swords to Plowshares (185) - Exile Moon-Circuit Hacker (392). Ai(4)-GGS_Higure_Adaptation gains life equal to its power.
Phase: Ai(2)-Gabe_Food's Draw step
Phase: Ai(2)-Gabe_Food's Main phase, precombat
Land: Ai(2)-Gabe_Food played Command Tower (131)
Mana: Command Tower (131) - {T}: Add one mana of any color in your commander's color identity.
Mana: Forest (140) - {T}: Add {G}.
Mana: Swamp (163) - {T}: Add {B}.
Add To Stack: Ai(2)-Gabe_Food cast Sam, Loyal Attendant
Resolve Stack: Sam, Loyal Attendant - Creature 2 / 4
Add To Stack: Ai(2)-Gabe_Food triggered Sam, Loyal Attendant targeting [Ai(2)-Gabe_Food]
Resolve Stack: Partner with Frodo, Adventurous Hobbit (When this creature enters, target player may put Frodo into their hand from their library, then shuffle.) (Targeting: [[Ai(2)-Gabe_Food]]) [Zone Changer: Sam, Loyal Attendant (202)]
Phase: Ai(2)-Gabe_Food's Beginning of Combat Step
Add To Stack: Ai(2)-Gabe_Food triggered Sam, Loyal Attendant
Resolve Stack: At the beginning of combat on your turn, create a Food token. (It's an artifact with "{2}, {T}, Sacrifice this token: You gain 3 life.") [Phase: Ai(2)-Gabe_Food]
Phase: Ai(2)-Gabe_Food's Declare Attackers Step
Phase: Ai(2)-Gabe_Food's Declare Blockers Step
Phase: Ai(2)-Gabe_Food's First Strike Damage Step
Phase: Ai(2)-Gabe_Food's Combat Damage Step
Phase: Ai(2)-Gabe_Food's End of Combat Step
Phase: Ai(2)-Gabe_Food's Main phase, postcombat
Phase: Ai(2)-Gabe_Food's End step
Phase: Ai(2)-Gabe_Food's Cleanup step
Turn: Turn 12 (Ai(3)-Destyn_Turtles)
Phase: Ai(3)-Destyn_Turtles' Untap step
Phase: Ai(3)-Destyn_Turtles' Upkeep step
Phase: Ai(3)-Destyn_Turtles' Draw step
Phase: Ai(3)-Destyn_Turtles' Main phase, precombat
Replacement Effect: Cinder Glade enters tapped unless you control two or more basic lands.
Land: Ai(3)-Destyn_Turtles played Cinder Glade (218)
Phase: Ai(3)-Destyn_Turtles' Beginning of Combat Step
Phase: Ai(3)-Destyn_Turtles' Declare Attackers Step
Phase: Ai(3)-Destyn_Turtles' Declare Blockers Step
Phase: Ai(3)-Destyn_Turtles' First Strike Damage Step
Phase: Ai(3)-Destyn_Turtles' Combat Damage Step
Phase: Ai(3)-Destyn_Turtles' End of Combat Step
Phase: Ai(3)-Destyn_Turtles' Main phase, postcombat
Mana: Sodden Verdure (283) - {T}: Add {G}.
Mana: City of Brass (247) - {T}: Add one mana of any color.
Add To Stack: Ai(3)-Destyn_Turtles cast Everything Pizza
Add To Stack: Ai(3)-Destyn_Turtles triggered City of Brass
Damage: City of Brass (247) deals 1 non-combat damage to Ai(3)-Destyn_Turtles.
Life: Life: Ai(3)-Destyn_Turtles 38 > 37
Resolve Stack: Whenever City of Brass becomes tapped, it deals 1 damage to you. [Tapped: City of Brass (247)]
Resolve Stack: Everything Pizza
Add To Stack: Ai(3)-Destyn_Turtles triggered Everything Pizza
Resolve Stack: When this artifact enters, search your library for a basic land card, reveal it, put it into your hand, then shuffle. [Zone Changer: Everything Pizza (268)]
Phase: Ai(3)-Destyn_Turtles' End step
Phase: Ai(3)-Destyn_Turtles' Cleanup step
Turn: Turn 13 (Ai(4)-GGS_Higure_Adaptation)
Phase: Ai(4)-GGS_Higure_Adaptation's Untap step
Phase: Ai(4)-GGS_Higure_Adaptation's Upkeep step
Phase: Ai(4)-GGS_Higure_Adaptation's Draw step
Phase: Ai(4)-GGS_Higure_Adaptation's Main phase, precombat
Land: Ai(4)-GGS_Higure_Adaptation played Exotic Orchard (332)
Phase: Ai(4)-GGS_Higure_Adaptation's Beginning of Combat Step
Phase: Ai(4)-GGS_Higure_Adaptation's Declare Attackers Step
Phase: Ai(4)-GGS_Higure_Adaptation's Declare Blockers Step
Phase: Ai(4)-GGS_Higure_Adaptation's First Strike Damage Step
Phase: Ai(4)-GGS_Higure_Adaptation's Combat Damage Step
Phase: Ai(4)-GGS_Higure_Adaptation's End of Combat Step
Phase: Ai(4)-GGS_Higure_Adaptation's Main phase, postcombat
Mana: Exotic Orchard (332) - {T}: Add one mana of any color that a land an opponent controls could produce.
Mana: Luxury Suite (378) - {T}: Add {B} or {R}.
Mana: Undercity Sewers (306) - {T}: Add {B}.
Mana: Steam Vents (345) - {T}: Add {R}.
Add To Stack: Ai(4)-GGS_Higure_Adaptation cast Purphoros, God of the Forge
Resolve Stack: Purphoros, God of the Forge - Creature 6 / 5
Phase: Ai(4)-GGS_Higure_Adaptation's End step
Phase: Ai(4)-GGS_Higure_Adaptation's Cleanup step
Turn: Turn 14 (Ai(1)-Jaymie_Ezio)
Phase: Ai(1)-Jaymie_Ezio's Untap step
Phase: Ai(1)-Jaymie_Ezio's Upkeep step
Phase: Ai(1)-Jaymie_Ezio's Draw step
Phase: Ai(1)-Jaymie_Ezio's Main phase, precombat
Land: Ai(1)-Jaymie_Ezio played Kessig Wolf Run (4)
Mana: Command Tower (32) - {T}: Add one mana of any color in your commander's color identity.
Mana: Path of Ancestry (8) - {T}: Add one mana of any color in your commander's color identity. When that mana is spent to cast a creature spell that shares a creature type with your commander, scry 1. (Look at the top card of your library. You may put that card on the bottom.)
Mana: Plains (90) - {T}: Add {W}.
Mana: Smoldering Marsh (71) - {T}: Add {R}.
Add To Stack: Ai(1)-Jaymie_Ezio cast Coastal Piracy
Resolve Stack: Coastal Piracy
Phase: Ai(1)-Jaymie_Ezio's Beginning of Combat Step
Phase: Ai(1)-Jaymie_Ezio's Declare Attackers Step
Combat: Ai(1)-Jaymie_Ezio assigned Changeling Outcast (14) to attack Ai(2)-Gabe_Food.
Phase: Ai(1)-Jaymie_Ezio's Declare Blockers Step
Combat: Ai(2)-Gabe_Food didn't block Changeling Outcast (14).
Phase: Ai(1)-Jaymie_Ezio's First Strike Damage Step
Phase: Ai(1)-Jaymie_Ezio's Combat Damage Step
Damage: Changeling Outcast (14) deals 1 combat damage to Ai(2)-Gabe_Food.
Life: Life: Ai(2)-Gabe_Food 40 > 39
Add To Stack: Ai(1)-Jaymie_Ezio triggered Coastal Piracy
Resolve Stack: Whenever a creature you control deals combat damage to an opponent, you may draw a card. [Damage Source: Changeling Outcast (14), Damaged: Ai(2)-Gabe_Food, Amount: 1]
Phase: Ai(1)-Jaymie_Ezio's End of Combat Step
Phase: Ai(1)-Jaymie_Ezio's Main phase, postcombat
Phase: Ai(1)-Jaymie_Ezio's End step
Phase: Ai(1)-Jaymie_Ezio's Cleanup step
Turn: Turn 15 (Ai(2)-Gabe_Food)
Phase: Ai(2)-Gabe_Food's Untap step
Phase: Ai(2)-Gabe_Food's Upkeep step
Phase: Ai(2)-Gabe_Food's Draw step
Phase: Ai(2)-Gabe_Food's Main phase, precombat
Land: Ai(2)-Gabe_Food played Shire Terrace (172)
Mana: Forest (140) - {T}: Add {G}.
Mana: Swamp (163) - {T}: Add {B}.
Mana: Command Tower (131) - {T}: Add one mana of any color in your commander's color identity.
Mana: Shire Terrace (172) - {T}: Add {C}.
Add To Stack: Ai(2)-Gabe_Food cast Assemble the Entmoot
Resolve Stack: Assemble the Entmoot
Phase: Ai(2)-Gabe_Food's Beginning of Combat Step
Add To Stack: Ai(2)-Gabe_Food triggered Sam, Loyal Attendant
Resolve Stack: At the beginning of combat on your turn, create a Food token. (It's an artifact with "{2}, {T}, Sacrifice this token: You gain 3 life.") [Phase: Ai(2)-Gabe_Food]
Phase: Ai(2)-Gabe_Food's Declare Attackers Step
Combat: Ai(2)-Gabe_Food assigned Sam, Loyal Attendant (202) to attack Ai(1)-Jaymie_Ezio.
Phase: Ai(2)-Gabe_Food's Declare Blockers Step
Combat: Ai(1)-Jaymie_Ezio didn't block Sam, Loyal Attendant (202).
Phase: Ai(2)-Gabe_Food's First Strike Damage Step
Phase: Ai(2)-Gabe_Food's Combat Damage Step
Damage: Sam, Loyal Attendant (202) deals 2 combat damage to Ai(1)-Jaymie_Ezio.
Life: Life: Ai(1)-Jaymie_Ezio 40 > 38
Phase: Ai(2)-Gabe_Food's End of Combat Step
Phase: Ai(2)-Gabe_Food's Main phase, postcombat
Phase: Ai(2)-Gabe_Food's End step
Phase: Ai(2)-Gabe_Food's Cleanup step
Turn: Turn 16 (Ai(3)-Destyn_Turtles)
Phase: Ai(3)-Destyn_Turtles' Untap step
Phase: Ai(3)-Destyn_Turtles' Upkeep step
Phase: Ai(3)-Destyn_Turtles' Draw step
Phase: Ai(3)-Destyn_Turtles' Main phase, precombat
Land: Ai(3)-Destyn_Turtles played Turtle Lair (271)
Mana: Cinder Glade (218) - {T}: Add {G}.
Mana: Sodden Verdure (283) - {T}: Add {G}.
Mana: City of Brass (247) - {T}: Add one mana of any color.
Add To Stack: Ai(3)-Destyn_Turtles activated Turtle Lair targeting [Michelangelo, the Heart (301)]
Add To Stack: Ai(3)-Destyn_Turtles triggered City of Brass
Damage: City of Brass (247) deals 1 non-combat damage to Ai(3)-Destyn_Turtles.
Life: Life: Ai(3)-Destyn_Turtles 37 > 36
Resolve Stack: Whenever City of Brass becomes tapped, it deals 1 damage to you. [Tapped: City of Brass (247)]
Resolve Stack: Turtle Lair (271) - Michelangelo, the Heart (301) can't be blocked this turn.
Phase: Ai(3)-Destyn_Turtles' Beginning of Combat Step
Phase: Ai(3)-Destyn_Turtles' Declare Attackers Step
Combat: Ai(3)-Destyn_Turtles assigned Michelangelo, the Heart (301) to attack Ai(2)-Gabe_Food.
Phase: Ai(3)-Destyn_Turtles' Declare Blockers Step
Combat: Ai(2)-Gabe_Food didn't block Michelangelo, the Heart (301).
Phase: Ai(3)-Destyn_Turtles' First Strike Damage Step
Phase: Ai(3)-Destyn_Turtles' Combat Damage Step
Damage: Michelangelo, the Heart (301) deals 2 combat damage to Ai(2)-Gabe_Food.
Life: Life: Ai(2)-Gabe_Food 39 > 37
Zone Change: Assemble the Entmoot (102) was put into Graveyard from Battlefield.
Add To Stack: Ai(2)-Gabe_Food activated Assemble the Entmoot
Resolve Stack: Assemble the Entmoot (102) - Ai(2)-Gabe_Food creates three tapped X/X green Treefolk creature tokens, where X is the amount of life you gained this turn. Put a reach counter on each of them. Ai(2)-Gabe_Food puts a reach counter on . 
Zone Change: Treefolk Token (433) was put into Graveyard from Battlefield.
Zone Change: Treefolk Token (434) was put into Graveyard from Battlefield.
Zone Change: Treefolk Token (435) was put into Graveyard from Battlefield.
Phase: Ai(3)-Destyn_Turtles' End of Combat Step
Phase: Ai(3)-Destyn_Turtles' Main phase, postcombat
Add To Stack: Ai(3)-Destyn_Turtles triggered Michelangelo, the Heart targeting [Michelangelo, the Heart (301)]
Resolve Stack: Raid (the Fridge) — At the beginning of your second main phase, if you attacked this turn, put a +1/+1 counter on target creature and create a Food token. (Targeting: [[Michelangelo, the Heart (301)]]) [Phase: Ai(3)-Destyn_Turtles]
Phase: Ai(3)-Destyn_Turtles' End step
Phase: Ai(3)-Destyn_Turtles' Cleanup step
Turn: Turn 17 (Ai(4)-GGS_Higure_Adaptation)
Phase: Ai(4)-GGS_Higure_Adaptation's Untap step
Phase: Ai(4)-GGS_Higure_Adaptation's Upkeep step
Phase: Ai(4)-GGS_Higure_Adaptation's Draw step
Phase: Ai(4)-GGS_Higure_Adaptation's Main phase, precombat
Mana: Exotic Orchard (332) - {T}: Add one mana of any color that a land an opponent controls could produce.
Mana: Luxury Suite (378) - {T}: Add {B} or {R}.
Mana: Steam Vents (345) - {T}: Add {R}.
Add To Stack: Ai(4)-GGS_Higure_Adaptation cast Goro-Goro and Satoru
Resolve Stack: Goro-Goro and Satoru - Creature 3 / 4
Add To Stack: Ai(4)-GGS_Higure_Adaptation triggered Purphoros, God of the Forge
Damage: Purphoros, God of the Forge (365) deals 2 non-combat damage to Ai(1)-Jaymie_Ezio.
Damage: Purphoros, God of the Forge (365) deals 2 non-combat damage to Ai(2)-Gabe_Food.
Damage: Purphoros, God of the Forge (365) deals 2 non-combat damage to Ai(3)-Destyn_Turtles.
Life: Life: Ai(1)-Jaymie_Ezio 38 > 36
Life: Life: Ai(2)-Gabe_Food 37 > 35
Life: Life: Ai(3)-Destyn_Turtles 36 > 34
Resolve Stack: Whenever another creature you control enters, Purphoros, God of the Forge deals 2 damage to each opponent. [Zone Changer: Goro-Goro and Satoru (403)]
Phase: Ai(4)-GGS_Higure_Adaptation's Beginning of Combat Step
Phase: Ai(4)-GGS_Higure_Adaptation's Declare Attackers Step
Phase: Ai(4)-GGS_Higure_Adaptation's Declare Blockers Step
Phase: Ai(4)-GGS_Higure_Adaptation's First Strike Damage Step
Phase: Ai(4)-GGS_Higure_Adaptation's Combat Damage Step
Phase: Ai(4)-GGS_Higure_Adaptation's End of Combat Step
Phase: Ai(4)-GGS_Higure_Adaptation's Main phase, postcombat
Phase: Ai(4)-GGS_Higure_Adaptation's End step
Phase: Ai(4)-GGS_Higure_Adaptation's Cleanup step
Turn: Turn 18 (Ai(1)-Jaymie_Ezio)
Phase: Ai(1)-Jaymie_Ezio's Untap step
Phase: Ai(1)-Jaymie_Ezio's Upkeep step
Phase: Ai(1)-Jaymie_Ezio's Draw step
Phase: Ai(1)-Jaymie_Ezio's Main phase, precombat
Mana: Plains (90) - {T}: Add {W}.
Mana: Smoldering Marsh (71) - {T}: Add {R}.
Mana: Command Tower (32) - {T}: Add one mana of any color in your commander's color identity.
Add To Stack: Ai(1)-Jaymie_Ezio cast 
Resolve Stack: Disguise - Creature 2/2
Phase: Ai(1)-Jaymie_Ezio's Beginning of Combat Step
Phase: Ai(1)-Jaymie_Ezio's Declare Attackers Step
Combat: Ai(1)-Jaymie_Ezio assigned Changeling Outcast (14) and Assassin Initiate (51) to attack Ai(2)-Gabe_Food.
Phase: Ai(1)-Jaymie_Ezio's Declare Blockers Step
Combat: Ai(2)-Gabe_Food didn't block Changeling Outcast (14).
Ai(2)-Gabe_Food assigned Prize Pig (130) to block Assassin Initiate (51).
Phase: Ai(1)-Jaymie_Ezio's First Strike Damage Step
Phase: Ai(1)-Jaymie_Ezio's Combat Damage Step
Damage: Changeling Outcast (14) deals 1 combat damage to Ai(2)-Gabe_Food.
Damage: Assassin Initiate (51) deals 1 damage to Prize Pig (130).
Life: Life: Ai(2)-Gabe_Food 35 > 34
Add To Stack: Ai(1)-Jaymie_Ezio triggered Coastal Piracy
Resolve Stack: Whenever a creature you control deals combat damage to an opponent, you may draw a card. [Damage Source: Changeling Outcast (14), Damaged: Ai(2)-Gabe_Food, Amount: 1]
Phase: Ai(1)-Jaymie_Ezio's End of Combat Step
Phase: Ai(1)-Jaymie_Ezio's Main phase, postcombat
Replacement Effect: Thriving Grove enters tapped.
Replacement Effect: As Thriving Grove enters, choose a color other than green.
Land: Ai(1)-Jaymie_Ezio played Thriving Grove (27)
Mana: Path of Ancestry (8) - {T}: Add one mana of any color in your commander's color identity. When that mana is spent to cast a creature spell that shares a creature type with your commander, scry 1. (Look at the top card of your library. You may put that card on the bottom.)
Mana: Kessig Wolf Run (4) - {T}: Add {C}.
Add To Stack: Ai(1)-Jaymie_Ezio cast Ezio Auditore da Firenze
Add To Stack: Ai(1)-Jaymie_Ezio triggered Path of Ancestry
Resolve Stack: Ai(1)-Jaymie_Ezio scried 1 card(s) to the top of the library
Resolve Stack: When mana produced by Path of Ancestry is spent to cast a creature spell that shares a creature type with your commander, scry 1. ([Ezio Auditore da Firenze - Creature 3 / 2]) [Card: Ezio Auditore da Firenze (100), Activator: Ai(1)-Jaymie_Ezio, SpellAbility: Ezio Auditore da Firenze - Creature 3 / 2]
Resolve Stack: Ezio Auditore da Firenze - Creature 3 / 2
Phase: Ai(1)-Jaymie_Ezio's End step
Phase: Ai(1)-Jaymie_Ezio's Cleanup step
Turn: Turn 19 (Ai(2)-Gabe_Food)
Phase: Ai(2)-Gabe_Food's Untap step
Phase: Ai(2)-Gabe_Food's Upkeep step
Mana: Forest (140) - {T}: Add {G}.
Zone Change: Shire Terrace (172) was put into Graveyard from Battlefield.
Add To Stack: Ai(2)-Gabe_Food activated Shire Terrace
Resolve Stack: Shire Terrace (172) - Ai(2)-Gabe_Food searches their library for a basic land card, puts it onto the battlefield tapped, then shuffles.
Phase: Ai(2)-Gabe_Food's Draw step
Phase: Ai(2)-Gabe_Food's Main phase, precombat
Land: Ai(2)-Gabe_Food played Access Tunnel (154)
Phase: Ai(2)-Gabe_Food's Beginning of Combat Step
Add To Stack: Ai(2)-Gabe_Food triggered Sam, Loyal Attendant
Resolve Stack: At the beginning of combat on your turn, create a Food token. (It's an artifact with "{2}, {T}, Sacrifice this token: You gain 3 life.") [Phase: Ai(2)-Gabe_Food]
Phase: Ai(2)-Gabe_Food's Declare Attackers Step
Combat: Ai(2)-Gabe_Food assigned Sam, Loyal Attendant (202) to attack Ai(1)-Jaymie_Ezio.
Phase: Ai(2)-Gabe_Food's Declare Blockers Step
Combat: Ai(1)-Jaymie_Ezio didn't block Sam, Loyal Attendant (202).
Phase: Ai(2)-Gabe_Food's First Strike Damage Step
Phase: Ai(2)-Gabe_Food's Combat Damage Step
Damage: Sam, Loyal Attendant (202) deals 2 combat damage to Ai(1)-Jaymie_Ezio.
Life: Life: Ai(1)-Jaymie_Ezio 36 > 34
Phase: Ai(2)-Gabe_Food's End of Combat Step
Phase: Ai(2)-Gabe_Food's Main phase, postcombat
Mana: Swamp (163) - {T}: Add {B}.
Mana: Command Tower (131) - {T}: Add one mana of any color in your commander's color identity.
Mana: Access Tunnel (154) - {T}: Add {C}.
Mana: Prize Pig (130) - {T}: Add one mana of any color.
Add To Stack: Ai(2)-Gabe_Food cast Well of Lost Dreams
Resolve Stack: Well of Lost Dreams
Phase: Ai(2)-Gabe_Food's End step
Phase: Ai(2)-Gabe_Food's Cleanup step
Turn: Turn 20 (Ai(3)-Destyn_Turtles)
Phase: Ai(3)-Destyn_Turtles' Untap step
Phase: Ai(3)-Destyn_Turtles' Upkeep step
Phase: Ai(3)-Destyn_Turtles' Draw step
Phase: Ai(3)-Destyn_Turtles' Main phase, precombat
Land: Ai(3)-Destyn_Turtles played Plains (289)
Mana: Sodden Verdure (283) - {T}: Add {G}.
Mana: Cinder Glade (218) - {T}: Add {G}.
Mana: Plains (289) - {T}: Add {W}.
Mana: City of Brass (247) - {T}: Add one mana of any color.
Mana: Turtle Lair (271) - {T}: Add {C}.
Add To Stack: Ai(3)-Destyn_Turtles cast Acidic Slime
Add To Stack: Ai(3)-Destyn_Turtles triggered City of Brass
Damage: City of Brass (247) deals 1 non-combat damage to Ai(3)-Destyn_Turtles.
Life: Life: Ai(3)-Destyn_Turtles 34 > 33
Resolve Stack: Whenever City of Brass becomes tapped, it deals 1 damage to you. [Tapped: City of Brass (247)]
Resolve Stack: Acidic Slime - Creature 2 / 2
Add To Stack: Ai(3)-Destyn_Turtles triggered Acidic Slime targeting [Coastal Piracy (1)]
Zone Change: Coastal Piracy (1) was put into Graveyard from Battlefield.
Resolve Stack: When Acidic Slime enters, destroy target artifact, enchantment, or land. (Targeting: [[Coastal Piracy (1)]]) [Zone Changer: Acidic Slime (264)]
Phase: Ai(3)-Destyn_Turtles' Beginning of Combat Step
Phase: Ai(3)-Destyn_Turtles' Declare Attackers Step
Phase: Ai(3)-Destyn_Turtles' Declare Blockers Step
Phase: Ai(3)-Destyn_Turtles' First Strike Damage Step
Phase: Ai(3)-Destyn_Turtles' Combat Damage Step
Phase: Ai(3)-Destyn_Turtles' End of Combat Step
Phase: Ai(3)-Destyn_Turtles' Main phase, postcombat
Phase: Ai(3)-Destyn_Turtles' End step
Phase: Ai(3)-Destyn_Turtles' Cleanup step
Turn: Turn 21 (Ai(4)-GGS_Higure_Adaptation)
Phase: Ai(4)-GGS_Higure_Adaptation's Untap step
Phase: Ai(4)-GGS_Higure_Adaptation's Upkeep step
Phase: Ai(4)-GGS_Higure_Adaptation's Draw step
Phase: Ai(4)-GGS_Higure_Adaptation's Main phase, precombat
Phase: Ai(4)-GGS_Higure_Adaptation's Beginning of Combat Step
Phase: Ai(4)-GGS_Higure_Adaptation's Declare Attackers Step
Phase: Ai(4)-GGS_Higure_Adaptation's Declare Blockers Step
Phase: Ai(4)-GGS_Higure_Adaptation's First Strike Damage Step
Phase: Ai(4)-GGS_Higure_Adaptation's Combat Damage Step
Phase: Ai(4)-GGS_Higure_Adaptation's End of Combat Step
Phase: Ai(4)-GGS_Higure_Adaptation's Main phase, postcombat
Mana: Exotic Orchard (332) - {T}: Add one mana of any color that a land an opponent controls could produce.
Mana: Luxury Suite (378) - {T}: Add {B} or {R}.
Mana: Undercity Sewers (306) - {T}: Add {B}.
Mana: Steam Vents (345) - {T}: Add {R}.
Add To Stack: Ai(4)-GGS_Higure_Adaptation cast Ingenious Infiltrator
Resolve Stack: Ingenious Infiltrator - Creature 2 / 3
Add To Stack: Ai(4)-GGS_Higure_Adaptation triggered Purphoros, God of the Forge
Damage: Purphoros, God of the Forge (365) deals 2 non-combat damage to Ai(1)-Jaymie_Ezio.
Damage: Purphoros, God of the Forge (365) deals 2 non-combat damage to Ai(2)-Gabe_Food.
Damage: Purphoros, God of the Forge (365) deals 2 non-combat damage to Ai(3)-Destyn_Turtles.
Life: Life: Ai(1)-Jaymie_Ezio 34 > 32
Life: Life: Ai(2)-Gabe_Food 34 > 32
Life: Life: Ai(3)-Destyn_Turtles 33 > 31
Resolve Stack: Whenever another creature you control enters, Purphoros, God of the Forge deals 2 damage to each opponent. [Zone Changer: Ingenious Infiltrator (329)]
Phase: Ai(4)-GGS_Higure_Adaptation's End step
Phase: Ai(4)-GGS_Higure_Adaptation's Cleanup step
Turn: Turn 22 (Ai(1)-Jaymie_Ezio)
Phase: Ai(1)-Jaymie_Ezio's Untap step
Phase: Ai(1)-Jaymie_Ezio's Upkeep step
Mana: Smoldering Marsh (71) - {T}: Add {R}.
Mana: Thriving Grove (27) - {T}: Add {G} or one mana of the chosen color.
Resolve Stack: Ai(1)-Jaymie_Ezio has undisguised Arno Dorian
Phase: Ai(1)-Jaymie_Ezio's Draw step
Phase: Ai(1)-Jaymie_Ezio's Main phase, precombat
Land: Ai(1)-Jaymie_Ezio played Swamp (60)
Phase: Ai(1)-Jaymie_Ezio's Beginning of Combat Step
Phase: Ai(1)-Jaymie_Ezio's Declare Attackers Step
Combat: Ai(1)-Jaymie_Ezio assigned Changeling Outcast (14), Ezio Auditore da Firenze (100), Assassin Initiate (51) and Arno Dorian (24) to attack Ai(2)-Gabe_Food.
Phase: Ai(1)-Jaymie_Ezio's Declare Blockers Step
Combat: Ai(2)-Gabe_Food didn't block Changeling Outcast (14).
Ai(2)-Gabe_Food didn't block Ezio Auditore da Firenze (100).
Ai(2)-Gabe_Food didn't block Assassin Initiate (51).
Ai(2)-Gabe_Food didn't block Arno Dorian (24).
Phase: Ai(1)-Jaymie_Ezio's First Strike Damage Step
Phase: Ai(1)-Jaymie_Ezio's Combat Damage Step
Damage: Changeling Outcast (14) deals 3 combat damage to Ai(2)-Gabe_Food.
Damage: Ezio Auditore da Firenze (100) deals 5 combat damage to Ai(2)-Gabe_Food.
Damage: Assassin Initiate (51) deals 3 combat damage to Ai(2)-Gabe_Food.
Damage: Arno Dorian (24) deals 3 combat damage to Ai(2)-Gabe_Food.
Life: Life: Ai(2)-Gabe_Food 32 > 18
Add To Stack: Ai(1)-Jaymie_Ezio triggered Ezio Auditore da Firenze
Resolve Stack: Whenever Ezio deals combat damage to a player, you may pay {W}{U}{B}{R}{G} if that player has 10 or less life. When you do, that player loses the game. [Damage Source: Ezio Auditore da Firenze (100), Damaged: Ai(2)-Gabe_Food, Amount: 5]
Phase: Ai(1)-Jaymie_Ezio's End of Combat Step
Phase: Ai(1)-Jaymie_Ezio's Main phase, postcombat
Mana: Swamp (60) - {T}: Add {B}.
Mana: Command Tower (32) - {T}: Add one mana of any color in your commander's color identity.
Add To Stack: Ai(1)-Jaymie_Ezio cast Edward Kenway
Resolve Stack: Edward Kenway - Creature 5 / 5
Mana: Path of Ancestry (8) - {T}: Add one mana of any color in your commander's color identity. When that mana is spent to cast a creature spell that shares a creature type with your commander, scry 1. (Look at the top card of your library. You may put that card on the bottom.)
Mana: Plains (90) - {T}: Add {W}.
Mana: Kessig Wolf Run (4) - {T}: Add {C}.
Add To Stack: Ai(1)-Jaymie_Ezio cast Unstoppable Slasher
Add To Stack: Ai(1)-Jaymie_Ezio triggered Path of Ancestry
Resolve Stack: Ai(1)-Jaymie_Ezio scried 1 card(s) to the top of the library
Resolve Stack: When mana produced by Path of Ancestry is spent to cast a creature spell that shares a creature type with your commander, scry 1. ([Unstoppable Slasher - Creature 2 / 3]) [Card: Unstoppable Slasher (75), Activator: Ai(1)-Jaymie_Ezio, SpellAbility: Unstoppable Slasher - Creature 2 / 3]
Resolve Stack: Unstoppable Slasher - Creature 2 / 3
Phase: Ai(1)-Jaymie_Ezio's End step
Add To Stack: Ai(1)-Jaymie_Ezio triggered Edward Kenway
Resolve Stack: At the beginning of your end step, create a Treasure token for each tapped Assassin, Pirate, and/or Vehicle you control. [Phase: Ai(1)-Jaymie_Ezio]
Zone Change: Treasure Token (480) was put into Graveyard from Battlefield.
Mana: Treasure Token (480) - {T}, Sacrifice this token: Add one mana of any color.
Zone Change: Treasure Token (479) was put into Graveyard from Battlefield.
Mana: Treasure Token (479) - {T}, Sacrifice this token: Add one mana of any color.
Zone Change: Treasure Token (478) was put into Graveyard from Battlefield.
Mana: Treasure Token (478) - {T}, Sacrifice this token: Add one mana of any color.
Discard: Ai(1)-Jaymie_Ezio discards Twisted Landscape (9).
Add To Stack: Ai(1)-Jaymie_Ezio activated Twisted Landscape
Resolve Stack: Twisted Landscape (9) - Ai(1)-Jaymie_Ezio draws a card.
Phase: Ai(1)-Jaymie_Ezio's Cleanup step
Turn: Turn 23 (Ai(2)-Gabe_Food)
Phase: Ai(2)-Gabe_Food's Untap step
Phase: Ai(2)-Gabe_Food's Upkeep step
Phase: Ai(2)-Gabe_Food's Draw step
Phase: Ai(2)-Gabe_Food's Main phase, precombat
Phase: Ai(2)-Gabe_Food's Beginning of Combat Step
Add To Stack: Ai(2)-Gabe_Food triggered Sam, Loyal Attendant
Resolve Stack: At the beginning of combat on your turn, create a Food token. (It's an artifact with "{2}, {T}, Sacrifice this token: You gain 3 life.") [Phase: Ai(2)-Gabe_Food]
Phase: Ai(2)-Gabe_Food's Declare Attackers Step
Phase: Ai(2)-Gabe_Food's Declare Blockers Step
Phase: Ai(2)-Gabe_Food's First Strike Damage Step
Phase: Ai(2)-Gabe_Food's Combat Damage Step
Phase: Ai(2)-Gabe_Food's End of Combat Step
Phase: Ai(2)-Gabe_Food's Main phase, postcombat
Replacement Effect: Graypelt Refuge enters tapped.
Land: Ai(2)-Gabe_Food played Graypelt Refuge (145)
Add To Stack: Ai(2)-Gabe_Food triggered Graypelt Refuge
Life: Life: Ai(2)-Gabe_Food 18 > 19
Resolve Stack: When Graypelt Refuge enters, you gain 1 life. [Zone Changer: Graypelt Refuge (145)]
Add To Stack: Ai(2)-Gabe_Food triggered Well of Lost Dreams
Add To Stack: Ai(2)-Gabe_Food triggered Prize Pig
Resolve Stack: Whenever you gain life, put that many ribbon counters on Prize Pig. Then if there are three or more ribbon counters on Prize Pig, remove those counters and untap it. [Player: Ai(2)-Gabe_Food, Gained Amount: 1]
Mana: Forest (140) - {T}: Add {G}.
Resolve Stack: Whenever you gain life, you may pay {X}, where X is less than or equal to the amount of life you gained. If you do, draw X cards. [Player: Ai(2)-Gabe_Food, Gained Amount: 1]
Mana: Plains (188) - {T}: Add {W}.
Mana: Command Tower (131) - {T}: Add one mana of any color in your commander's color identity.
Mana: Swamp (163) - {T}: Add {B}.
Mana: Access Tunnel (154) - {T}: Add {C}.
Mana: Prize Pig (130) - {T}: Add one mana of any color.
Add To Stack: Ai(2)-Gabe_Food cast Call for Unity
Resolve Stack: Call for Unity
Phase: Ai(2)-Gabe_Food's End step
Phase: Ai(2)-Gabe_Food's Cleanup step
Turn: Turn 24 (Ai(3)-Destyn_Turtles)
Phase: Ai(3)-Destyn_Turtles' Untap step
Phase: Ai(3)-Destyn_Turtles' Upkeep step
Phase: Ai(3)-Destyn_Turtles' Draw step
Phase: Ai(3)-Destyn_Turtles' Main phase, precombat
Replacement Effect: Sunken Hollow enters tapped unless you control two or more basic lands.
Land: Ai(3)-Destyn_Turtles played Sunken Hollow (226)
Mana: Plains (289) - {T}: Add {W}.
Mana: Cinder Glade (218) - {T}: Add {G}.
Mana: Sodden Verdure (283) - {T}: Add {G}.
Add To Stack: Ai(3)-Destyn_Turtles activated Turtle Lair targeting [Michelangelo, the Heart (301)]
Resolve Stack: Turtle Lair (271) - Michelangelo, the Heart (301) can't be blocked this turn.
Phase: Ai(3)-Destyn_Turtles' Beginning of Combat Step
Phase: Ai(3)-Destyn_Turtles' Declare Attackers Step
Combat: Ai(3)-Destyn_Turtles assigned Michelangelo, the Heart (301) to attack Ai(1)-Jaymie_Ezio.
Phase: Ai(3)-Destyn_Turtles' Declare Blockers Step
Combat: Ai(1)-Jaymie_Ezio didn't block Michelangelo, the Heart (301).
Phase: Ai(3)-Destyn_Turtles' First Strike Damage Step
Phase: Ai(3)-Destyn_Turtles' Combat Damage Step
Damage: Michelangelo, the Heart (301) deals 3 combat damage to Ai(1)-Jaymie_Ezio.
Life: Life: Ai(1)-Jaymie_Ezio 32 > 29
Phase: Ai(3)-Destyn_Turtles' End of Combat Step
Phase: Ai(3)-Destyn_Turtles' Main phase, postcombat
Add To Stack: Ai(3)-Destyn_Turtles triggered Michelangelo, the Heart targeting [Acidic Slime (264)]
Resolve Stack: Raid (the Fridge) — At the beginning of your second main phase, if you attacked this turn, put a +1/+1 counter on target creature and create a Food token. (Targeting: [[Acidic Slime (264)]]) [Phase: Ai(3)-Destyn_Turtles]
Phase: Ai(3)-Destyn_Turtles' End step
Phase: Ai(3)-Destyn_Turtles' Cleanup step
Turn: Turn 25 (Ai(4)-GGS_Higure_Adaptation)
Phase: Ai(4)-GGS_Higure_Adaptation's Untap step
Phase: Ai(4)-GGS_Higure_Adaptation's Upkeep step
Phase: Ai(4)-GGS_Higure_Adaptation's Draw step
Phase: Ai(4)-GGS_Higure_Adaptation's Main phase, precombat
Phase: Ai(4)-GGS_Higure_Adaptation's Beginning of Combat Step
Phase: Ai(4)-GGS_Higure_Adaptation's Declare Attackers Step
Phase: Ai(4)-GGS_Higure_Adaptation's Declare Blockers Step
Phase: Ai(4)-GGS_Higure_Adaptation's First Strike Damage Step
Phase: Ai(4)-GGS_Higure_Adaptation's Combat Damage Step
Phase: Ai(4)-GGS_Higure_Adaptation's End of Combat Step
Phase: Ai(4)-GGS_Higure_Adaptation's Main phase, postcombat
Mana: Exotic Orchard (332) - {T}: Add one mana of any color that a land an opponent controls could produce.
Mana: Luxury Suite (378) - {T}: Add {B} or {R}.
Mana: Undercity Sewers (306) - {T}: Add {B}.
Add To Stack: Ai(4)-GGS_Higure_Adaptation cast Satoru Umezawa
Resolve Stack: Satoru Umezawa - Creature 2 / 4
Add To Stack: Ai(4)-GGS_Higure_Adaptation triggered Purphoros, God of the Forge
Damage: Purphoros, God of the Forge (365) deals 2 non-combat damage to Ai(1)-Jaymie_Ezio.
Damage: Purphoros, God of the Forge (365) deals 2 non-combat damage to Ai(2)-Gabe_Food.
Damage: Purphoros, God of the Forge (365) deals 2 non-combat damage to Ai(3)-Destyn_Turtles.
Life: Life: Ai(1)-Jaymie_Ezio 29 > 27
Life: Life: Ai(2)-Gabe_Food 19 > 17
Life: Life: Ai(3)-Destyn_Turtles 31 > 29
Resolve Stack: Whenever another creature you control enters, Purphoros, God of the Forge deals 2 damage to each opponent. [Zone Changer: Satoru Umezawa (324)]
Phase: Ai(4)-GGS_Higure_Adaptation's End step
Phase: Ai(4)-GGS_Higure_Adaptation's Cleanup step
Turn: Turn 26 (Ai(1)-Jaymie_Ezio)
Phase: Ai(1)-Jaymie_Ezio's Untap step
Phase: Ai(1)-Jaymie_Ezio's Upkeep step
Phase: Ai(1)-Jaymie_Ezio's Draw step
Phase: Ai(1)-Jaymie_Ezio's Main phase, precombat
Phase: Ai(1)-Jaymie_Ezio's Beginning of Combat Step
Phase: Ai(1)-Jaymie_Ezio's Declare Attackers Step
Combat: Ai(1)-Jaymie_Ezio assigned Edward Kenway (5), Ezio Auditore da Firenze (100), Unstoppable Slasher (75), Assassin Initiate (51), Changeling Outcast (14) and Arno Dorian (24) to attack Ai(2)-Gabe_Food.
Phase: Ai(1)-Jaymie_Ezio's Declare Blockers Step
Combat: Ai(2)-Gabe_Food assigned Sam, Loyal Attendant (202) to block Edward Kenway (5).
Ai(2)-Gabe_Food didn't block Ezio Auditore da Firenze (100).
Ai(2)-Gabe_Food didn't block Unstoppable Slasher (75).
Ai(2)-Gabe_Food didn't block Assassin Initiate (51).
Ai(2)-Gabe_Food didn't block Changeling Outcast (14).
Ai(2)-Gabe_Food didn't block Arno Dorian (24).
Mana: Smoldering Marsh (71) - {T}: Add {R}.
Mana: Thriving Grove (27) - {T}: Add {G} or one mana of the chosen color.
Mana: Swamp (60) - {T}: Add {B}.
Mana: Plains (90) - {T}: Add {W}.
Mana: Command Tower (32) - {T}: Add one mana of any color in your commander's color identity.
Mana: Path of Ancestry (8) - {T}: Add one mana of any color in your commander's color identity. When that mana is spent to cast a creature spell that shares a creature type with your commander, scry 1. (Look at the top card of your library. You may put that card on the bottom.)
Zone Change: Treasure Token (477) was put into Graveyard from Battlefield.
Mana: Treasure Token (477) - {T}, Sacrifice this token: Add one mana of any color.
Add To Stack: Ai(1)-Jaymie_Ezio activated Kessig Wolf Run targeting [Edward Kenway (5)]
Resolve Stack: Kessig Wolf Run (4) - Edward Kenway (5) gets +5/+0 and gains trample until end of turn. (X=5)
Phase: Ai(1)-Jaymie_Ezio's First Strike Damage Step
Phase: Ai(1)-Jaymie_Ezio's Combat Damage Step
Damage: Edward Kenway (5) deals 8 combat damage to Ai(2)-Gabe_Food.
Damage: Edward Kenway (5) deals 4 damage to Sam, Loyal Attendant (202).
Damage: Ezio Auditore da Firenze (100) deals 5 combat damage to Ai(2)-Gabe_Food.
Damage: Unstoppable Slasher (75) deals 4 combat damage to Ai(2)-Gabe_Food.
Damage: Assassin Initiate (51) deals 3 combat damage to Ai(2)-Gabe_Food.
Damage: Changeling Outcast (14) deals 3 combat damage to Ai(2)-Gabe_Food.
Damage: Arno Dorian (24) deals 3 combat damage to Ai(2)-Gabe_Food.
Damage: Sam, Loyal Attendant (202) deals 2 damage to Edward Kenway (5).
Life: Life: Ai(2)-Gabe_Food 17 > -9
Add To Stack: Ai(1)-Jaymie_Ezio triggered Ezio Auditore da Firenze
Add To Stack: Ai(1)-Jaymie_Ezio triggered Unstoppable Slasher
Resolve Stack: Whenever Unstoppable Slasher deals combat damage to a player, that player loses half their life, rounded up. [Damage Source: Unstoppable Slasher (75), Damaged: Ai(2)-Gabe_Food, Amount: 4]
Resolve Stack: Whenever Ezio deals combat damage to a player, you may pay {W}{U}{B}{R}{G} if that player has 10 or less life. When you do, that player loses the game. [Damage Source: Ezio Auditore da Firenze (100), Damaged: Ai(2)-Gabe_Food, Amount: 5]
Phase: Ai(1)-Jaymie_Ezio's End of Combat Step
Phase: Ai(1)-Jaymie_Ezio's Main phase, postcombat
Phase: Ai(1)-Jaymie_Ezio's End step
Add To Stack: Ai(1)-Jaymie_Ezio triggered Edward Kenway
Resolve Stack: At the beginning of your end step, create a Treasure token for each tapped Assassin, Pirate, and/or Vehicle you control. [Phase: Ai(1)-Jaymie_Ezio]
Phase: Ai(1)-Jaymie_Ezio's Cleanup step
Turn: Turn 27 (Ai(3)-Destyn_Turtles)
Phase: Ai(3)-Destyn_Turtles' Untap step
Phase: Ai(3)-Destyn_Turtles' Upkeep step
Phase: Ai(3)-Destyn_Turtles' Draw step
Phase: Ai(3)-Destyn_Turtles' Main phase, precombat
Mana: Cinder Glade (218) - {T}: Add {R}.
Mana: Plains (289) - {T}: Add {W}.
Mana: Sunken Hollow (226) - {T}: Add {B}.
Mana: Sodden Verdure (283) - {T}: Add {G}.
Mana: City of Brass (247) - {T}: Add one mana of any color.
Add To Stack: Ai(3)-Destyn_Turtles cast Fast Forward
Add To Stack: Ai(3)-Destyn_Turtles triggered City of Brass
Damage: City of Brass (247) deals 1 non-combat damage to Ai(3)-Destyn_Turtles.
Life: Life: Ai(3)-Destyn_Turtles 29 > 28
Resolve Stack: Whenever City of Brass becomes tapped, it deals 1 damage to you. [Tapped: City of Brass (247)]
Resolve Stack: Fast Forward (233) - Ai(3)-Destyn_Turtles goads Assassin Initiate (51), Changeling Outcast (14), Arno Dorian (24), Ezio Auditore da Firenze (100), Edward Kenway (5), Unstoppable Slasher (75), Goro-Goro and Satoru (403), Ingenious Infiltrator (329) and Satoru Umezawa (324).
Phase: Ai(3)-Destyn_Turtles' Beginning of Combat Step
Phase: Ai(3)-Destyn_Turtles' Declare Attackers Step
Combat: Ai(3)-Destyn_Turtles assigned Michelangelo, the Heart (301) and Acidic Slime (264) to attack Ai(1)-Jaymie_Ezio.
Phase: Ai(3)-Destyn_Turtles' Declare Blockers Step
Combat: Ai(1)-Jaymie_Ezio didn't block Michelangelo, the Heart (301).
Ai(1)-Jaymie_Ezio didn't block Acidic Slime (264).
Phase: Ai(3)-Destyn_Turtles' First Strike Damage Step
Phase: Ai(3)-Destyn_Turtles' Combat Damage Step
Damage: Michelangelo, the Heart (301) deals 3 combat damage to Ai(1)-Jaymie_Ezio.
Damage: Acidic Slime (264) deals 3 combat damage to Ai(1)-Jaymie_Ezio.
Life: Life: Ai(1)-Jaymie_Ezio 27 > 21
Phase: Ai(3)-Destyn_Turtles' End of Combat Step
Phase: Ai(3)-Destyn_Turtles' Main phase, postcombat
Add To Stack: Ai(3)-Destyn_Turtles triggered Michelangelo, the Heart targeting [Acidic Slime (264)]
Resolve Stack: Raid (the Fridge) — At the beginning of your second main phase, if you attacked this turn, put a +1/+1 counter on target creature and create a Food token. (Targeting: [[Acidic Slime (264)]]) [Phase: Ai(3)-Destyn_Turtles]
Phase: Ai(3)-Destyn_Turtles' End step
Phase: Ai(3)-Destyn_Turtles' Cleanup step
Turn: Turn 28 (Ai(4)-GGS_Higure_Adaptation)
Phase: Ai(4)-GGS_Higure_Adaptation's Untap step
Phase: Ai(4)-GGS_Higure_Adaptation's Upkeep step
Phase: Ai(4)-GGS_Higure_Adaptation's Draw step
Phase: Ai(4)-GGS_Higure_Adaptation's Main phase, precombat
Phase: Ai(4)-GGS_Higure_Adaptation's Beginning of Combat Step
Phase: Ai(4)-GGS_Higure_Adaptation's Declare Attackers Step
Combat: Ai(4)-GGS_Higure_Adaptation assigned Goro-Goro and Satoru (403), Ingenious Infiltrator (329) and Satoru Umezawa (324) to attack Ai(1)-Jaymie_Ezio.
Phase: Ai(4)-GGS_Higure_Adaptation's Declare Blockers Step
Combat: Ai(1)-Jaymie_Ezio didn't block Goro-Goro and Satoru (403).
Ai(1)-Jaymie_Ezio didn't block Ingenious Infiltrator (329).
Ai(1)-Jaymie_Ezio didn't block Satoru Umezawa (324).
Mana: Exotic Orchard (332) - {T}: Add one mana of any color that a land an opponent controls could produce.
Mana: Luxury Suite (378) - {T}: Add {B} or {R}.
Mana: Undercity Sewers (306) - {T}: Add {B}.
Mana: Steam Vents (345) - {T}: Add {R}.
Add To Stack: Ai(4)-GGS_Higure_Adaptation activated Goldlust Triad
Add To Stack: Ai(4)-GGS_Higure_Adaptation triggered Satoru Umezawa
Resolve Stack: Whenever you activate a ninjutsu ability, look at the top three cards of your library. Put one of them into your hand and the rest on the bottom of your library in any order. This ability triggers only once each turn. [Card: Goldlust Triad (390), Activator: Ai(4)-GGS_Higure_Adaptation, SpellAbility: Ninjutsu {2}{U}{B} ({2}{U}{B}, Return an unblocked attacker you control to hand: Put this card onto the battlefield from your hand tapped and attacking.)]
Resolve Stack: Goldlust Triad (390) - Ai(4)-GGS_Higure_Adaptation puts Goldlust Triad (390) from their hand onto the battlefield tapped and attacking.
Add To Stack: Ai(4)-GGS_Higure_Adaptation triggered Purphoros, God of the Forge
Damage: Purphoros, God of the Forge (365) deals 2 non-combat damage to Ai(1)-Jaymie_Ezio.
Damage: Purphoros, God of the Forge (365) deals 2 non-combat damage to Ai(3)-Destyn_Turtles.
Life: Life: Ai(1)-Jaymie_Ezio 21 > 19
Life: Life: Ai(3)-Destyn_Turtles 28 > 26
Resolve Stack: Whenever another creature you control enters, Purphoros, God of the Forge deals 2 damage to each opponent. [Zone Changer: Goldlust Triad (390)]
Phase: Ai(4)-GGS_Higure_Adaptation's First Strike Damage Step
Phase: Ai(4)-GGS_Higure_Adaptation's Combat Damage Step
Damage: Goro-Goro and Satoru (403) deals 3 combat damage to Ai(1)-Jaymie_Ezio.
Damage: Satoru Umezawa (324) deals 2 combat damage to Ai(1)-Jaymie_Ezio.
Damage: Goldlust Triad (390) deals 4 combat damage to Ai(1)-Jaymie_Ezio.
Life: Life: Ai(1)-Jaymie_Ezio 19 > 10
Add To Stack: Ai(4)-GGS_Higure_Adaptation triggered Goldlust Triad
Add To Stack: Ai(4)-GGS_Higure_Adaptation triggered Goro-Goro and Satoru
Resolve Stack: Whenever one or more creatures you control that entered this turn deal combat damage to a player, create a 5/5 red Dragon Spirit creature token with flying. [Damaged: Ai(1)-Jaymie_Ezio, Amount: 4]
Add To Stack: Ai(4)-GGS_Higure_Adaptation triggered Purphoros, God of the Forge
Damage: Purphoros, God of the Forge (365) deals 2 non-combat damage to Ai(1)-Jaymie_Ezio.
Damage: Purphoros, God of the Forge (365) deals 2 non-combat damage to Ai(3)-Destyn_Turtles.
Life: Life: Ai(1)-Jaymie_Ezio 10 > 8
Life: Life: Ai(3)-Destyn_Turtles 26 > 24
Resolve Stack: Whenever another creature you control enters, Purphoros, God of the Forge deals 2 damage to each opponent. [Zone Changer: Dragon Spirit Token (500)]
Resolve Stack: Whenever this creature deals combat damage to a player, create a Treasure token. [Damage Source: Goldlust Triad (390), Damaged: Ai(1)-Jaymie_Ezio, Amount: 4]
Phase: Ai(4)-GGS_Higure_Adaptation's End of Combat Step
Phase: Ai(4)-GGS_Higure_Adaptation's Main phase, postcombat
Phase: Ai(4)-GGS_Higure_Adaptation's End step
Phase: Ai(4)-GGS_Higure_Adaptation's Cleanup step
Discard: Ai(4)-GGS_Higure_Adaptation discards Talisman of Indulgence (316).
Turn: Turn 29 (Ai(1)-Jaymie_Ezio)
Phase: Ai(1)-Jaymie_Ezio's Untap step
Phase: Ai(1)-Jaymie_Ezio's Upkeep step
Phase: Ai(1)-Jaymie_Ezio's Draw step
Phase: Ai(1)-Jaymie_Ezio's Main phase, precombat
Replacement Effect: Cinder Glade enters tapped unless you control two or more basic lands.
Land: Ai(1)-Jaymie_Ezio played Cinder Glade (18)
Phase: Ai(1)-Jaymie_Ezio's Beginning of Combat Step
Phase: Ai(1)-Jaymie_Ezio's Declare Attackers Step
Combat: Ai(1)-Jaymie_Ezio assigned Edward Kenway (5), Ezio Auditore da Firenze (100), Unstoppable Slasher (75), Assassin Initiate (51), Changeling Outcast (14) and Arno Dorian (24) to attack Ai(4)-GGS_Higure_Adaptation.
Phase: Ai(1)-Jaymie_Ezio's Declare Blockers Step
Combat: Ai(4)-GGS_Higure_Adaptation didn't block Edward Kenway (5).
Ai(4)-GGS_Higure_Adaptation didn't block Ezio Auditore da Firenze (100).
Ai(4)-GGS_Higure_Adaptation didn't block Unstoppable Slasher (75).
Ai(4)-GGS_Higure_Adaptation assigned Dragon Spirit Token (500) to block Assassin Initiate (51).
Ai(4)-GGS_Higure_Adaptation didn't block Changeling Outcast (14).
Ai(4)-GGS_Higure_Adaptation didn't block Arno Dorian (24).
Mana: Smoldering Marsh (71) - {T}: Add {R}.
Mana: Thriving Grove (27) - {T}: Add {G} or one mana of the chosen color.
Mana: Swamp (60) - {T}: Add {B}.
Mana: Plains (90) - {T}: Add {W}.
Mana: Cinder Glade (18) - {T}: Add {G}.
Mana: Command Tower (32) - {T}: Add one mana of any color in your commander's color identity.
Mana: Path of Ancestry (8) - {T}: Add one mana of any color in your commander's color identity. When that mana is spent to cast a creature spell that shares a creature type with your commander, scry 1. (Look at the top card of your library. You may put that card on the bottom.)
Zone Change: Treasure Token (494) was put into Graveyard from Battlefield.
Mana: Treasure Token (494) - {T}, Sacrifice this token: Add one mana of any color.
Zone Change: Treasure Token (493) was put into Graveyard from Battlefield.
Mana: Treasure Token (493) - {T}, Sacrifice this token: Add one mana of any color.
Zone Change: Treasure Token (492) was put into Graveyard from Battlefield.
Mana: Treasure Token (492) - {T}, Sacrifice this token: Add one mana of any color.
Zone Change: Treasure Token (491) was put into Graveyard from Battlefield.
Mana: Treasure Token (491) - {T}, Sacrifice this token: Add one mana of any color.
Zone Change: Treasure Token (490) was put into Graveyard from Battlefield.
Mana: Treasure Token (490) - {T}, Sacrifice this token: Add one mana of any color.
Zone Change: Treasure Token (489) was put into Graveyard from Battlefield.
Mana: Treasure Token (489) - {T}, Sacrifice this token: Add one mana of any color.
Add To Stack: Ai(1)-Jaymie_Ezio activated Kessig Wolf Run targeting [Edward Kenway (5)]
Add To Stack: Ai(4)-GGS_Higure_Adaptation cast Deadly Rollick targeting [Edward Kenway (5)]
Zone Change: Edward Kenway (5) was put into Exile from Battlefield.
Resolve Stack: Deadly Rollick (362) - Exile Edward Kenway (5).
Resolve Stack: Kessig Wolf Run ability fizzles.
Phase: Ai(1)-Jaymie_Ezio's First Strike Damage Step
Phase: Ai(1)-Jaymie_Ezio's Combat Damage Step
Damage: Ezio Auditore da Firenze (100) deals 5 combat damage to Ai(4)-GGS_Higure_Adaptation.
Damage: Unstoppable Slasher (75) deals 4 combat damage to Ai(4)-GGS_Higure_Adaptation.
Damage: Assassin Initiate (51) deals 3 damage to Dragon Spirit Token (500).
Damage: Changeling Outcast (14) deals 3 combat damage to Ai(4)-GGS_Higure_Adaptation.
Damage: Arno Dorian (24) deals 3 combat damage to Ai(4)-GGS_Higure_Adaptation.
Damage: Dragon Spirit Token (500) deals 5 damage to Assassin Initiate (51).
Life: Life: Ai(4)-GGS_Higure_Adaptation 38 > 23
Zone Change: Assassin Initiate (51) was put into Graveyard from Battlefield.
Add To Stack: Ai(1)-Jaymie_Ezio triggered Ezio Auditore da Firenze
Add To Stack: Ai(1)-Jaymie_Ezio triggered Unstoppable Slasher
Life: Life: Ai(4)-GGS_Higure_Adaptation 23 > 11
Resolve Stack: Whenever Unstoppable Slasher deals combat damage to a player, that player loses half their life, rounded up. [Damage Source: Unstoppable Slasher (75), Damaged: Ai(4)-GGS_Higure_Adaptation, Amount: 4]
Resolve Stack: Whenever Ezio deals combat damage to a player, you may pay {W}{U}{B}{R}{G} if that player has 10 or less life. When you do, that player loses the game. [Damage Source: Ezio Auditore da Firenze (100), Damaged: Ai(4)-GGS_Higure_Adaptation, Amount: 5]
Phase: Ai(1)-Jaymie_Ezio's End of Combat Step
Phase: Ai(1)-Jaymie_Ezio's Main phase, postcombat
Phase: Ai(1)-Jaymie_Ezio's End step
Phase: Ai(1)-Jaymie_Ezio's Cleanup step
Turn: Turn 30 (Ai(3)-Destyn_Turtles)
Phase: Ai(3)-Destyn_Turtles' Untap step
Phase: Ai(3)-Destyn_Turtles' Upkeep step
Phase: Ai(3)-Destyn_Turtles' Draw step
Mana: Sodden Verdure (283) - {T}: Add {U}.
Mana: Plains (289) - {T}: Add {W}.
Add To Stack: Ai(3)-Destyn_Turtles cast Double Jump targeting [Acidic Slime (264)]
Zone Change: Treasure Token (502) was put into Graveyard from Battlefield.
Mana: Treasure Token (502) - {T}, Sacrifice this token: Add one mana of any color.
Add To Stack: Ai(4)-GGS_Higure_Adaptation cast Swan Song targeting [Put a flying counter on target creature you control. Until end of turn, it has base power and toughness 5/5. ]
Zone Change: Send countered spell to Graveyard
Resolve Stack: Swan Song (341) - Counter Double Jump (228). 
Phase: Ai(3)-Destyn_Turtles' Main phase, precombat
Mana: Sunken Hollow (226) - {T}: Add {B}.
Mana: Cinder Glade (218) - {T}: Add {G}.
Mana: City of Brass (247) - {T}: Add one mana of any color.
Add To Stack: Ai(3)-Destyn_Turtles activated Turtle Lair targeting [Michelangelo, the Heart (301)]
Add To Stack: Ai(3)-Destyn_Turtles triggered City of Brass
Damage: City of Brass (247) deals 1 non-combat damage to Ai(3)-Destyn_Turtles.
Life: Life: Ai(3)-Destyn_Turtles 24 > 23
Resolve Stack: Whenever City of Brass becomes tapped, it deals 1 damage to you. [Tapped: City of Brass (247)]
Resolve Stack: Turtle Lair (271) - Michelangelo, the Heart (301) can't be blocked this turn.
Phase: Ai(3)-Destyn_Turtles' Beginning of Combat Step
Phase: Ai(3)-Destyn_Turtles' Declare Attackers Step
Combat: Ai(3)-Destyn_Turtles assigned Acidic Slime (264) and Michelangelo, the Heart (301) to attack Ai(4)-GGS_Higure_Adaptation.
Phase: Ai(3)-Destyn_Turtles' Declare Blockers Step
Combat: Ai(4)-GGS_Higure_Adaptation didn't block Acidic Slime (264).
Ai(4)-GGS_Higure_Adaptation didn't block Michelangelo, the Heart (301).
Phase: Ai(3)-Destyn_Turtles' First Strike Damage Step
Phase: Ai(3)-Destyn_Turtles' Combat Damage Step
Damage: Acidic Slime (264) deals 4 combat damage to Ai(4)-GGS_Higure_Adaptation.
Damage: Michelangelo, the Heart (301) deals 3 combat damage to Ai(4)-GGS_Higure_Adaptation.
Life: Life: Ai(4)-GGS_Higure_Adaptation 11 > 4
Phase: Ai(3)-Destyn_Turtles' End of Combat Step
Phase: Ai(3)-Destyn_Turtles' Main phase, postcombat
Add To Stack: Ai(3)-Destyn_Turtles triggered Michelangelo, the Heart targeting [Acidic Slime (264)]
Resolve Stack: Raid (the Fridge) — At the beginning of your second main phase, if you attacked this turn, put a +1/+1 counter on target creature and create a Food token. (Targeting: [[Acidic Slime (264)]]) [Phase: Ai(3)-Destyn_Turtles]
Phase: Ai(3)-Destyn_Turtles' End step
Phase: Ai(3)-Destyn_Turtles' Cleanup step
Turn: Turn 31 (Ai(4)-GGS_Higure_Adaptation)
Phase: Ai(4)-GGS_Higure_Adaptation's Untap step
Phase: Ai(4)-GGS_Higure_Adaptation's Upkeep step
Phase: Ai(4)-GGS_Higure_Adaptation's Draw step
Phase: Ai(4)-GGS_Higure_Adaptation's Main phase, precombat
Phase: Ai(4)-GGS_Higure_Adaptation's Beginning of Combat Step
Phase: Ai(4)-GGS_Higure_Adaptation's Declare Attackers Step
Combat: Ai(4)-GGS_Higure_Adaptation assigned Dragon Spirit Token (500), Goldlust Triad (390), Goro-Goro and Satoru (403) and Satoru Umezawa (324) to attack Ai(1)-Jaymie_Ezio.
Add To Stack: Ai(4)-GGS_Higure_Adaptation triggered Goldlust Triad
Resolve Stack: Myriad (Whenever this creature attacks, for each opponent other than defending player, you may create a token that's a copy of this creature that's tapped and attacking that player or a planeswalker they control. Exile the tokens at end of combat.) [Attacker: Goldlust Triad (390)]
Add To Stack: Ai(4)-GGS_Higure_Adaptation triggered Purphoros, God of the Forge
Damage: Purphoros, God of the Forge (365) deals 2 non-combat damage to Ai(1)-Jaymie_Ezio.
Damage: Purphoros, God of the Forge (365) deals 2 non-combat damage to Ai(3)-Destyn_Turtles.
Life: Life: Ai(1)-Jaymie_Ezio 8 > 6
Life: Life: Ai(3)-Destyn_Turtles 23 > 21
Resolve Stack: Whenever another creature you control enters, Purphoros, God of the Forge deals 2 damage to each opponent. [Zone Changer: Goldlust Triad (509)]
Phase: Ai(4)-GGS_Higure_Adaptation's Declare Blockers Step
Combat: Ai(1)-Jaymie_Ezio didn't block Dragon Spirit Token (500).
Ai(1)-Jaymie_Ezio didn't block Goldlust Triad (390).
Ai(1)-Jaymie_Ezio didn't block Goro-Goro and Satoru (403).
Ai(1)-Jaymie_Ezio didn't block Satoru Umezawa (324).
Combat: Ai(3)-Destyn_Turtles didn't block Goldlust Triad (509).
Mana: Exotic Orchard (332) - {T}: Add one mana of any color that a land an opponent controls could produce.
Mana: Luxury Suite (378) - {T}: Add {B} or {R}.
Mana: Undercity Sewers (306) - {T}: Add {B}.
Mana: Steam Vents (345) - {T}: Add {R}.
Add To Stack: Ai(4)-GGS_Higure_Adaptation activated Ingenious Infiltrator
Resolve Stack: Ingenious Infiltrator (329) - Ai(4)-GGS_Higure_Adaptation puts Ingenious Infiltrator (329) from their hand onto the battlefield tapped and attacking.
Add To Stack: Ai(4)-GGS_Higure_Adaptation triggered Purphoros, God of the Forge
Damage: Purphoros, God of the Forge (365) deals 2 non-combat damage to Ai(1)-Jaymie_Ezio.
Damage: Purphoros, God of the Forge (365) deals 2 non-combat damage to Ai(3)-Destyn_Turtles.
Life: Life: Ai(1)-Jaymie_Ezio 6 > 4
Life: Life: Ai(3)-Destyn_Turtles 21 > 19
Resolve Stack: Whenever another creature you control enters, Purphoros, God of the Forge deals 2 damage to each opponent. [Zone Changer: Ingenious Infiltrator (329)]
Phase: Ai(4)-GGS_Higure_Adaptation's First Strike Damage Step
Phase: Ai(4)-GGS_Higure_Adaptation's Combat Damage Step
Damage: Dragon Spirit Token (500) deals 5 combat damage to Ai(1)-Jaymie_Ezio.
Damage: Goldlust Triad (390) deals 4 combat damage to Ai(1)-Jaymie_Ezio.
Damage: Goro-Goro and Satoru (403) deals 3 combat damage to Ai(1)-Jaymie_Ezio.
Damage: Ingenious Infiltrator (329) deals 2 combat damage to Ai(1)-Jaymie_Ezio.
Damage: Goldlust Triad (509) deals 4 combat damage to Ai(3)-Destyn_Turtles.
Life: Life: Ai(1)-Jaymie_Ezio 4 > -10
Life: Life: Ai(3)-Destyn_Turtles 19 > 15
Add To Stack: Ai(4)-GGS_Higure_Adaptation triggered Ingenious Infiltrator
Add To Stack: Ai(4)-GGS_Higure_Adaptation triggered Goldlust Triad
Add To Stack: Ai(4)-GGS_Higure_Adaptation triggered Goldlust Triad
Add To Stack: Ai(4)-GGS_Higure_Adaptation triggered Goro-Goro and Satoru
Add To Stack: Ai(4)-GGS_Higure_Adaptation triggered Goro-Goro and Satoru
Resolve Stack: Whenever one or more creatures you control that entered this turn deal combat damage to a player, create a 5/5 red Dragon Spirit creature token with flying. [Damaged: Ai(3)-Destyn_Turtles, Amount: 4]
Add To Stack: Ai(4)-GGS_Higure_Adaptation triggered Purphoros, God of the Forge
Damage: Purphoros, God of the Forge (365) deals 2 non-combat damage to Ai(3)-Destyn_Turtles.
Life: Life: Ai(3)-Destyn_Turtles 15 > 13
Resolve Stack: Whenever another creature you control enters, Purphoros, God of the Forge deals 2 damage to each opponent. [Zone Changer: Dragon Spirit Token (515)]
Resolve Stack: Whenever one or more creatures you control that entered this turn deal combat damage to a player, create a 5/5 red Dragon Spirit creature token with flying. [Damaged: Ai(1)-Jaymie_Ezio, Amount: 2]
Add To Stack: Ai(4)-GGS_Higure_Adaptation triggered Purphoros, God of the Forge
Damage: Purphoros, God of the Forge (365) deals 2 non-combat damage to Ai(3)-Destyn_Turtles.
Life: Life: Ai(3)-Destyn_Turtles 13 > 11
Resolve Stack: Whenever another creature you control enters, Purphoros, God of the Forge deals 2 damage to each opponent. [Zone Changer: Dragon Spirit Token (517)]
Resolve Stack: Whenever this creature deals combat damage to a player, create a Treasure token. [Damage Source: Goldlust Triad (509), Damaged: Ai(3)-Destyn_Turtles, Amount: 4]
Resolve Stack: Whenever this creature deals combat damage to a player, create a Treasure token. [Damage Source: Goldlust Triad (390), Damaged: Ai(1)-Jaymie_Ezio, Amount: 4]
Resolve Stack: Whenever a Ninja you control deals combat damage to a player, draw a card. [Damage Source: Ingenious Infiltrator (329), Damaged: Ai(1)-Jaymie_Ezio, Amount: 2]
Phase: Ai(4)-GGS_Higure_Adaptation's End of Combat Step
Add To Stack: Ai(4)-GGS_Higure_Adaptation triggered Goldlust Triad
Zone Change: Goldlust Triad (509) was put into Exile from Battlefield.
Resolve Stack: Exile Goldlust Triad (509) at the end of combat. ([Goldlust Triad (509)]) [Phase: Ai(4)-GGS_Higure_Adaptation]
Phase: Ai(4)-GGS_Higure_Adaptation's Main phase, postcombat
Phase: Ai(4)-GGS_Higure_Adaptation's End step
Phase: Ai(4)-GGS_Higure_Adaptation's Cleanup step
Turn: Turn 32 (Ai(3)-Destyn_Turtles)
Phase: Ai(3)-Destyn_Turtles' Untap step
Phase: Ai(3)-Destyn_Turtles' Upkeep step
Phase: Ai(3)-Destyn_Turtles' Draw step
Phase: Ai(3)-Destyn_Turtles' Main phase, precombat
Mana: Plains (289) - {T}: Add {W}.
Mana: City of Brass (247) - {T}: Add one mana of any color.
Add To Stack: Ai(3)-Destyn_Turtles cast Vanquish the Horde
Add To Stack: Ai(3)-Destyn_Turtles triggered City of Brass
Damage: City of Brass (247) deals 1 non-combat damage to Ai(3)-Destyn_Turtles.
Life: Life: Ai(3)-Destyn_Turtles 11 > 10
Resolve Stack: Whenever City of Brass becomes tapped, it deals 1 damage to you. [Tapped: City of Brass (247)]
Zone Change: Treasure Token (521) was put into Graveyard from Battlefield.
Mana: Treasure Token (521) - {T}, Sacrifice this token: Add one mana of any color.
Zone Change: Treasure Token (519) was put into Graveyard from Battlefield.
Mana: Treasure Token (519) - {T}, Sacrifice this token: Add one mana of any color.
Add To Stack: Ai(4)-GGS_Higure_Adaptation cast Mana Drain targeting [Destroy all creatures.]
Zone Change: Send countered spell to Graveyard
Resolve Stack: Mana Drain (354) - Counter Vanquish the Horde (220). At the beginning of your next main phase, add an amount of {C} equal to that spell's mana value. 
Mana: Sodden Verdure (283) - {T}: Add {G}.
Mana: Sunken Hollow (226) - {T}: Add {B}.
Mana: Cinder Glade (218) - {T}: Add {G}.
Mana: Turtle Lair (271) - {T}: Add {C}.
Add To Stack: Ai(3)-Destyn_Turtles cast Super Combo targeting [Acidic Slime (264)] [Dragon Spirit Token (515)]
Add To Stack: Ai(3)-Destyn_Turtles triggered Super Combo
Resolve Stack: Copy Super Combo for each time you paid its replicate cost. [Card: Super Combo (246), Activator: Ai(3)-Destyn_Turtles, SpellAbility: Target creature you control deals damage equal to its power to target creature an opponent controls. ]
Add To Stack: Ai(3)-Destyn_Turtles cast Super Combo targeting [Acidic Slime (264)] [Dragon Spirit Token (517)]
Damage: Acidic Slime (264) deals 5 damage (Deathtouch) to Dragon Spirit Token (517).
Resolve Stack: Super Combo (522) -  Acidic Slime (264) deals 5 damage to Dragon Spirit Token (517).
Zone Change: Dragon Spirit Token (517) was put into Graveyard from Battlefield.
Damage: Acidic Slime (264) deals 5 damage (Deathtouch) to Dragon Spirit Token (515).
Resolve Stack: Super Combo (246) -  Acidic Slime (264) deals 5 damage to Dragon Spirit Token (515).
Zone Change: Dragon Spirit Token (515) was put into Graveyard from Battlefield.
Phase: Ai(3)-Destyn_Turtles' Beginning of Combat Step
Phase: Ai(3)-Destyn_Turtles' Declare Attackers Step
Combat: Ai(3)-Destyn_Turtles assigned Acidic Slime (264), Michelangelo, the Heart (301) and Bird Token (504) to attack Ai(4)-GGS_Higure_Adaptation.
Phase: Ai(3)-Destyn_Turtles' Declare Blockers Step
Combat: Ai(4)-GGS_Higure_Adaptation didn't block Acidic Slime (264).
Ai(4)-GGS_Higure_Adaptation didn't block Michelangelo, the Heart (301).
Ai(4)-GGS_Higure_Adaptation didn't block Bird Token (504).
Phase: Ai(3)-Destyn_Turtles' First Strike Damage Step
Phase: Ai(3)-Destyn_Turtles' Combat Damage Step
Damage: Acidic Slime (264) deals 5 combat damage to Ai(4)-GGS_Higure_Adaptation.
Damage: Michelangelo, the Heart (301) deals 3 combat damage to Ai(4)-GGS_Higure_Adaptation.
Damage: Bird Token (504) deals 2 combat damage to Ai(4)-GGS_Higure_Adaptation.
Life: Life: Ai(4)-GGS_Higure_Adaptation 4 > -6
Player Control: Ai(1)-Jaymie_Ezio has restored control over themself
Player Control: Ai(2)-Gabe_Food has restored control over themself
Player Control: Ai(3)-Destyn_Turtles has restored control over themself
Player Control: Ai(4)-GGS_Higure_Adaptation has restored control over themself
Game Outcome: Match Duration 0m : 48s
Game Outcome: Turn 16
Game Outcome: Ai(1)-Jaymie_Ezio has lost because life total reached 0
Game Outcome: Ai(2)-Gabe_Food has lost because life total reached 0
Game Outcome: Ai(3)-Destyn_Turtles has won because all opponents have lost
Game Outcome: Ai(4)-GGS_Higure_Adaptation has lost because life total reached 0
Match Result: Ai(1)-Jaymie_Ezio: 0 Ai(2)-Gabe_Food: 0 Ai(3)-Destyn_Turtles: 1 Ai(4)-GGS_Higure_Adaptation: 0 

Game Result: Game 1 ended in 49787 ms. Ai(3)-Destyn_Turtles has won!

