Error handling registered!
20:28:00 [INFO ] GuiBase: ##########################################
20:28:00 [INFO ] GuiBase: APP: Forge v.2.0.15-SNAPSHOT-09.28
20:28:00 [INFO ] GuiBase: Java: 17.0.20 (Ubuntu)
20:28:00 [INFO ] GuiBase: OS: Linux 6.18.44 amd64
20:28:00 [INFO ] GuiBase: RAM: 1536 MB max, 8 CPUs
20:28:00 [INFO ] GuiBase: ##########################################
Language 'en-US' loaded successfully.
(ThreadUtil first call): Running with priority 5
Read cards: 34010 archived files in 1 ms (25 parts) using thread pool
Upcoming set Star Trek (TRK) dated in the future. All `upcoming` cards will be added to this set with unknown rarity.
The card A-Alrund's Epiphany was not assigned to any set. Adding it to UNKNOWN set... to fix see res/editions/ folder. 
The card A-Baba Lysaga, Night Witch was not assigned to any set. Adding it to UNKNOWN set... to fix see res/editions/ folder. 
The card A-Divide by Zero was not assigned to any set. Adding it to UNKNOWN set... to fix see res/editions/ folder. 
The card A-Esika's Chariot was not assigned to any set. Adding it to UNKNOWN set... to fix see res/editions/ folder. 
The card A-Faceless Haven was not assigned to any set. Adding it to UNKNOWN set... to fix see res/editions/ folder. 
The card A-Fires of Invention was not assigned to any set. Adding it to UNKNOWN set... to fix see res/editions/ folder. 
The card A-Goldspan Dragon was not assigned to any set. Adding it to UNKNOWN set... to fix see res/editions/ folder. 
The card A-Hullbreaker Horror was not assigned to any set. Adding it to UNKNOWN set... to fix see res/editions/ folder. 
The card A-Kumano Faces Kakkazan was not assigned to any set. Adding it to UNKNOWN set... to fix see res/editions/ folder. 
The card A-Luminarch Aspirant was not assigned to any set. Adding it to UNKNOWN set... to fix see res/editions/ folder. 
The card A-Monster Manual was not assigned to any set. Adding it to UNKNOWN set... to fix see res/editions/ folder. 
The card A-Omnath, Locus of Creation was not assigned to any set. Adding it to UNKNOWN set... to fix see res/editions/ folder. 
The card A-The Meathook Massacre was not assigned to any set. Adding it to UNKNOWN set... to fix see res/editions/ folder. 
The card A-Unholy Heat was not assigned to any set. Adding it to UNKNOWN set... to fix see res/editions/ folder. 
The card Blinding Radiance was not assigned to any set. Adding it to UNKNOWN set... to fix see res/editions/ folder. 
The card Goblin Bruiser was not assigned to any set. Adding it to UNKNOWN set... to fix see res/editions/ folder. 
The card Ogre Painbringer was not assigned to any set. Adding it to UNKNOWN set... to fix see res/editions/ folder. 
The card Titanic Pelagosaur was not assigned to any set. Adding it to UNKNOWN set... to fix see res/editions/ folder. 
The card Treetop Recluse was not assigned to any set. Adding it to UNKNOWN set... to fix see res/editions/ folder. 
Upcoming set Star Trek (TRK) dated in the future. All `upcoming` cards will be added to this set with unknown rarity.
Read cards: 854 files in 0 ms (8 parts) using thread pool
Simulation mode
Ai(1)-Destyn_Turtles vs Ai(2)-GGS_Throne_only vs Ai(3)-Jaymie_Ezio vs Ai(4)-Gabe_Food - one game of Commander seed 20260930
Warning: default (ie. inherited from base class) implementation of confirmAction is used by Ezio Auditore da Firenze for forge.ai.ability.PermanentCreatureAi. Consider declaring an overloaded method
Warning: default (ie. inherited from base class) implementation of confirmAction is used by Michelangelo, the Heart for forge.ai.ability.PermanentCreatureAi. Consider declaring an overloaded method
Warning: default (ie. inherited from base class) implementation of confirmAction is used by Goro-Goro and Satoru for forge.ai.ability.PermanentCreatureAi. Consider declaring an overloaded method
Warning: default (ie. inherited from base class) implementation of confirmAction is used by Ezio Auditore da Firenze for forge.ai.ability.PermanentCreatureAi. Consider declaring an overloaded method
Warning: default (ie. inherited from base class) implementation of confirmAction is used by Frodo, Adventurous Hobbit for forge.ai.ability.PermanentCreatureAi. Consider declaring an overloaded method
Warning: default (ie. inherited from base class) implementation of confirmAction is used by Sam, Loyal Attendant for forge.ai.ability.PermanentCreatureAi. Consider declaring an overloaded method
Stopping slow match as draw
Mulligan: Ai(2)-GGS_Throne_only has mulliganed down to 7 cards.
Mulligan: Ai(2)-GGS_Throne_only has mulliganed down to 6 cards.
Mulligan: Ai(4)-Gabe_Food has kept a hand of 7 cards
Mulligan: Ai(1)-Destyn_Turtles has kept a hand of 7 cards
Mulligan: Ai(2)-GGS_Throne_only has kept a hand of 6 cards
Mulligan: Ai(3)-Jaymie_Ezio has kept a hand of 7 cards
Turn: Turn 1 (Ai(4)-Gabe_Food)
Phase: Ai(4)-Gabe_Food's Untap step
Phase: Ai(4)-Gabe_Food's Upkeep step
Phase: Ai(4)-Gabe_Food's Draw step
Phase: Ai(4)-Gabe_Food's Main phase, precombat
Land: Ai(4)-Gabe_Food played Swamp (365)
Phase: Ai(4)-Gabe_Food's Beginning of Combat Step
Phase: Ai(4)-Gabe_Food's Declare Attackers Step
Phase: Ai(4)-Gabe_Food's Declare Blockers Step
Phase: Ai(4)-Gabe_Food's First Strike Damage Step
Phase: Ai(4)-Gabe_Food's Combat Damage Step
Phase: Ai(4)-Gabe_Food's End of Combat Step
Phase: Ai(4)-Gabe_Food's Main phase, postcombat
Phase: Ai(4)-Gabe_Food's End step
Phase: Ai(4)-Gabe_Food's Cleanup step
Turn: Turn 2 (Ai(1)-Destyn_Turtles)
Phase: Ai(1)-Destyn_Turtles' Untap step
Phase: Ai(1)-Destyn_Turtles' Upkeep step
Phase: Ai(1)-Destyn_Turtles' Draw step
Phase: Ai(1)-Destyn_Turtles' Main phase, precombat
Replacement Effect: Sunken Hollow enters tapped unless you control two or more basic lands.
Land: Ai(1)-Destyn_Turtles played Sunken Hollow (24)
Phase: Ai(1)-Destyn_Turtles' Beginning of Combat Step
Phase: Ai(1)-Destyn_Turtles' Declare Attackers Step
Phase: Ai(1)-Destyn_Turtles' Declare Blockers Step
Phase: Ai(1)-Destyn_Turtles' First Strike Damage Step
Phase: Ai(1)-Destyn_Turtles' Combat Damage Step
Phase: Ai(1)-Destyn_Turtles' End of Combat Step
Phase: Ai(1)-Destyn_Turtles' Main phase, postcombat
Phase: Ai(1)-Destyn_Turtles' End step
Phase: Ai(1)-Destyn_Turtles' Cleanup step
Turn: Turn 3 (Ai(2)-GGS_Throne_only)
Phase: Ai(2)-GGS_Throne_only's Untap step
Phase: Ai(2)-GGS_Throne_only's Upkeep step
Phase: Ai(2)-GGS_Throne_only's Draw step
Phase: Ai(2)-GGS_Throne_only's Main phase, precombat
Land: Ai(2)-GGS_Throne_only played Command Tower (174)
Phase: Ai(2)-GGS_Throne_only's Beginning of Combat Step
Phase: Ai(2)-GGS_Throne_only's Declare Attackers Step
Phase: Ai(2)-GGS_Throne_only's Declare Blockers Step
Phase: Ai(2)-GGS_Throne_only's First Strike Damage Step
Phase: Ai(2)-GGS_Throne_only's Combat Damage Step
Phase: Ai(2)-GGS_Throne_only's End of Combat Step
Phase: Ai(2)-GGS_Throne_only's Main phase, postcombat
Phase: Ai(2)-GGS_Throne_only's End step
Phase: Ai(2)-GGS_Throne_only's Cleanup step
Turn: Turn 4 (Ai(3)-Jaymie_Ezio)
Phase: Ai(3)-Jaymie_Ezio's Untap step
Phase: Ai(3)-Jaymie_Ezio's Upkeep step
Phase: Ai(3)-Jaymie_Ezio's Draw step
Phase: Ai(3)-Jaymie_Ezio's Main phase, precombat
Land: Ai(3)-Jaymie_Ezio played Command Tower (234)
Phase: Ai(3)-Jaymie_Ezio's Beginning of Combat Step
Phase: Ai(3)-Jaymie_Ezio's Declare Attackers Step
Phase: Ai(3)-Jaymie_Ezio's Declare Blockers Step
Phase: Ai(3)-Jaymie_Ezio's First Strike Damage Step
Phase: Ai(3)-Jaymie_Ezio's Combat Damage Step
Phase: Ai(3)-Jaymie_Ezio's End of Combat Step
Phase: Ai(3)-Jaymie_Ezio's Main phase, postcombat
Phase: Ai(3)-Jaymie_Ezio's End step
Phase: Ai(3)-Jaymie_Ezio's Cleanup step
Turn: Turn 5 (Ai(4)-Gabe_Food)
Phase: Ai(4)-Gabe_Food's Untap step
Phase: Ai(4)-Gabe_Food's Upkeep step
Phase: Ai(4)-Gabe_Food's Draw step
Phase: Ai(4)-Gabe_Food's Main phase, precombat
Land: Ai(4)-Gabe_Food played Rogue's Passage (331)
Phase: Ai(4)-Gabe_Food's Beginning of Combat Step
Phase: Ai(4)-Gabe_Food's Declare Attackers Step
Phase: Ai(4)-Gabe_Food's Declare Blockers Step
Phase: Ai(4)-Gabe_Food's First Strike Damage Step
Phase: Ai(4)-Gabe_Food's Combat Damage Step
Phase: Ai(4)-Gabe_Food's End of Combat Step
Phase: Ai(4)-Gabe_Food's Main phase, postcombat
Phase: Ai(4)-Gabe_Food's End step
Phase: Ai(4)-Gabe_Food's Cleanup step
Turn: Turn 6 (Ai(1)-Destyn_Turtles)
Phase: Ai(1)-Destyn_Turtles' Untap step
Phase: Ai(1)-Destyn_Turtles' Upkeep step
Phase: Ai(1)-Destyn_Turtles' Draw step
Phase: Ai(1)-Destyn_Turtles' Main phase, precombat
Replacement Effect: Path of Ancestry enters tapped.
Land: Ai(1)-Destyn_Turtles played Path of Ancestry (12)
Phase: Ai(1)-Destyn_Turtles' Beginning of Combat Step
Phase: Ai(1)-Destyn_Turtles' Declare Attackers Step
Phase: Ai(1)-Destyn_Turtles' Declare Blockers Step
Phase: Ai(1)-Destyn_Turtles' First Strike Damage Step
Phase: Ai(1)-Destyn_Turtles' Combat Damage Step
Phase: Ai(1)-Destyn_Turtles' End of Combat Step
Phase: Ai(1)-Destyn_Turtles' Main phase, postcombat
Phase: Ai(1)-Destyn_Turtles' End step
Phase: Ai(1)-Destyn_Turtles' Cleanup step
Turn: Turn 7 (Ai(2)-GGS_Throne_only)
Phase: Ai(2)-GGS_Throne_only's Untap step
Phase: Ai(2)-GGS_Throne_only's Upkeep step
Phase: Ai(2)-GGS_Throne_only's Draw step
Phase: Ai(2)-GGS_Throne_only's Main phase, precombat
Replacement Effect: As Steam Vents enters, you may pay 2 life. If you don't, it enters tapped.
Land: Ai(2)-GGS_Throne_only played Steam Vents (145)
Phase: Ai(2)-GGS_Throne_only's Beginning of Combat Step
Phase: Ai(2)-GGS_Throne_only's Declare Attackers Step
Phase: Ai(2)-GGS_Throne_only's Declare Blockers Step
Phase: Ai(2)-GGS_Throne_only's First Strike Damage Step
Phase: Ai(2)-GGS_Throne_only's Combat Damage Step
Phase: Ai(2)-GGS_Throne_only's End of Combat Step
Phase: Ai(2)-GGS_Throne_only's Main phase, postcombat
Phase: Ai(2)-GGS_Throne_only's End step
Phase: Ai(2)-GGS_Throne_only's Cleanup step
Turn: Turn 8 (Ai(3)-Jaymie_Ezio)
Phase: Ai(3)-Jaymie_Ezio's Untap step
Phase: Ai(3)-Jaymie_Ezio's Upkeep step
Phase: Ai(3)-Jaymie_Ezio's Draw step
Phase: Ai(3)-Jaymie_Ezio's Main phase, precombat
Land: Ai(3)-Jaymie_Ezio played Twilight Mire (271)
Phase: Ai(3)-Jaymie_Ezio's Beginning of Combat Step
Phase: Ai(3)-Jaymie_Ezio's Declare Attackers Step
Phase: Ai(3)-Jaymie_Ezio's Declare Blockers Step
Phase: Ai(3)-Jaymie_Ezio's First Strike Damage Step
Phase: Ai(3)-Jaymie_Ezio's Combat Damage Step
Phase: Ai(3)-Jaymie_Ezio's End of Combat Step
Phase: Ai(3)-Jaymie_Ezio's Main phase, postcombat
Mana: Command Tower (234) - {T}: Add one mana of any color in your commander's color identity.
Mana: Twilight Mire (271) - {T}: Add {C}.
Add To Stack: Ai(3)-Jaymie_Ezio cast Ezio Auditore da Firenze
Resolve Stack: Ezio Auditore da Firenze - Creature 3 / 2
Phase: Ai(3)-Jaymie_Ezio's End step
Phase: Ai(3)-Jaymie_Ezio's Cleanup step
Turn: Turn 9 (Ai(4)-Gabe_Food)
Phase: Ai(4)-Gabe_Food's Untap step
Phase: Ai(4)-Gabe_Food's Upkeep step
Phase: Ai(4)-Gabe_Food's Draw step
Phase: Ai(4)-Gabe_Food's Main phase, precombat
Land: Ai(4)-Gabe_Food played Plains (392)
Phase: Ai(4)-Gabe_Food's Beginning of Combat Step
Phase: Ai(4)-Gabe_Food's Declare Attackers Step
Phase: Ai(4)-Gabe_Food's Declare Blockers Step
Phase: Ai(4)-Gabe_Food's First Strike Damage Step
Phase: Ai(4)-Gabe_Food's Combat Damage Step
Phase: Ai(4)-Gabe_Food's End of Combat Step
Phase: Ai(4)-Gabe_Food's Main phase, postcombat
Mana: Plains (392) - {T}: Add {W}.
Mana: Swamp (365) - {T}: Add {B}.
Add To Stack: Ai(4)-Gabe_Food cast Frodo, Adventurous Hobbit
Resolve Stack: Frodo, Adventurous Hobbit - Creature 1 / 3
Add To Stack: Ai(4)-Gabe_Food triggered Frodo, Adventurous Hobbit targeting [Ai(4)-Gabe_Food]
Resolve Stack: Partner with Sam, Loyal Attendant (When this creature enters, target player may put Sam into their hand from their library, then shuffle.) (Targeting: [[Ai(4)-Gabe_Food]]) [Zone Changer: Frodo, Adventurous Hobbit (402)]
Phase: Ai(4)-Gabe_Food's End step
Phase: Ai(4)-Gabe_Food's Cleanup step
Turn: Turn 10 (Ai(1)-Destyn_Turtles)
Phase: Ai(1)-Destyn_Turtles' Untap step
Phase: Ai(1)-Destyn_Turtles' Upkeep step
Phase: Ai(1)-Destyn_Turtles' Draw step
Phase: Ai(1)-Destyn_Turtles' Main phase, precombat
Replacement Effect: Hinterland Harbor enters tapped unless you control a Forest or an Island.
Land: Ai(1)-Destyn_Turtles played Hinterland Harbor (23)
Phase: Ai(1)-Destyn_Turtles' Beginning of Combat Step
Phase: Ai(1)-Destyn_Turtles' Declare Attackers Step
Phase: Ai(1)-Destyn_Turtles' Declare Blockers Step
Phase: Ai(1)-Destyn_Turtles' First Strike Damage Step
Phase: Ai(1)-Destyn_Turtles' Combat Damage Step
Phase: Ai(1)-Destyn_Turtles' End of Combat Step
Phase: Ai(1)-Destyn_Turtles' Main phase, postcombat
Mana: Hinterland Harbor (23) - {T}: Add {G} or {U}.
Mana: Sunken Hollow (24) - {T}: Add {B}.
Mana: Path of Ancestry (12) - {T}: Add one mana of any color in your commander's color identity. When that mana is spent to cast a creature spell that shares a creature type with your commander, scry 1. (Look at the top card of your library. You may put that card on the bottom.)
Add To Stack: Ai(1)-Destyn_Turtles cast Mona Lisa, Science Geek
Add To Stack: Ai(1)-Destyn_Turtles triggered Path of Ancestry
Resolve Stack: Ai(1)-Destyn_Turtles scried 1 card(s) to the bottom of the library
Resolve Stack: When mana produced by Path of Ancestry is spent to cast a creature spell that shares a creature type with your commander, scry 1. ([Mona Lisa, Science Geek - Creature 1 / 3]) [Card: Mona Lisa, Science Geek (61), Activator: Ai(1)-Destyn_Turtles, SpellAbility: Mona Lisa, Science Geek - Creature 1 / 3]
Resolve Stack: Mona Lisa, Science Geek - Creature 1 / 3
Phase: Ai(1)-Destyn_Turtles' End step
Phase: Ai(1)-Destyn_Turtles' Cleanup step
Turn: Turn 11 (Ai(2)-GGS_Throne_only)
Phase: Ai(2)-GGS_Throne_only's Untap step
Phase: Ai(2)-GGS_Throne_only's Upkeep step
Phase: Ai(2)-GGS_Throne_only's Draw step
Phase: Ai(2)-GGS_Throne_only's Main phase, precombat
Phase: Ai(2)-GGS_Throne_only's Beginning of Combat Step
Phase: Ai(2)-GGS_Throne_only's Declare Attackers Step
Phase: Ai(2)-GGS_Throne_only's Declare Blockers Step
Phase: Ai(2)-GGS_Throne_only's First Strike Damage Step
Phase: Ai(2)-GGS_Throne_only's Combat Damage Step
Phase: Ai(2)-GGS_Throne_only's End of Combat Step
Phase: Ai(2)-GGS_Throne_only's Main phase, postcombat
Mana: Steam Vents (145) - {T}: Add {R}.
Mana: Command Tower (174) - {T}: Add one mana of any color in your commander's color identity.
Add To Stack: Ai(2)-GGS_Throne_only cast Arcane Signet
Resolve Stack: Arcane Signet
Phase: Ai(2)-GGS_Throne_only's End step
Phase: Ai(2)-GGS_Throne_only's Cleanup step
Turn: Turn 12 (Ai(3)-Jaymie_Ezio)
Phase: Ai(3)-Jaymie_Ezio's Untap step
Phase: Ai(3)-Jaymie_Ezio's Upkeep step
Mana: Command Tower (234) - {T}: Add one mana of any color in your commander's color identity.
Add To Stack: Ai(3)-Jaymie_Ezio cast Swords to Plowshares targeting [Mona Lisa, Science Geek (61)]
Zone Change: Mona Lisa, Science Geek (61) was put into Exile from Battlefield.
Life: Life: Ai(1)-Destyn_Turtles 40 > 41
Resolve Stack: Swords to Plowshares (285) - Exile Mona Lisa, Science Geek (61). Ai(1)-Destyn_Turtles gains life equal to its power.
Phase: Ai(3)-Jaymie_Ezio's Draw step
Phase: Ai(3)-Jaymie_Ezio's Main phase, precombat
Replacement Effect: Cinder Glade enters tapped unless you control two or more basic lands.
Land: Ai(3)-Jaymie_Ezio played Cinder Glade (220)
Phase: Ai(3)-Jaymie_Ezio's Beginning of Combat Step
Phase: Ai(3)-Jaymie_Ezio's Declare Attackers Step
Combat: Ai(3)-Jaymie_Ezio assigned Ezio Auditore da Firenze (302) to attack Ai(4)-Gabe_Food.
Phase: Ai(3)-Jaymie_Ezio's Declare Blockers Step
Combat: Ai(4)-Gabe_Food didn't block Ezio Auditore da Firenze (302).
Phase: Ai(3)-Jaymie_Ezio's First Strike Damage Step
Phase: Ai(3)-Jaymie_Ezio's Combat Damage Step
Damage: Ezio Auditore da Firenze (302) deals 3 combat damage to Ai(4)-Gabe_Food.
Life: Life: Ai(4)-Gabe_Food 40 > 37
Add To Stack: Ai(3)-Jaymie_Ezio triggered Ezio Auditore da Firenze
Resolve Stack: Whenever Ezio deals combat damage to a player, you may pay {W}{U}{B}{R}{G} if that player has 10 or less life. When you do, that player loses the game. [Damage Source: Ezio Auditore da Firenze (302), Damaged: Ai(4)-Gabe_Food, Amount: 3]
Phase: Ai(3)-Jaymie_Ezio's End of Combat Step
Phase: Ai(3)-Jaymie_Ezio's Main phase, postcombat
Phase: Ai(3)-Jaymie_Ezio's End step
Phase: Ai(3)-Jaymie_Ezio's Cleanup step
Turn: Turn 13 (Ai(4)-Gabe_Food)
Phase: Ai(4)-Gabe_Food's Untap step
Phase: Ai(4)-Gabe_Food's Upkeep step
Phase: Ai(4)-Gabe_Food's Draw step
Phase: Ai(4)-Gabe_Food's Main phase, precombat
Replacement Effect: Isolated Chapel enters tapped unless you control a Plains or a Swamp.
Land: Ai(4)-Gabe_Food played Isolated Chapel (346)
Phase: Ai(4)-Gabe_Food's Beginning of Combat Step
Phase: Ai(4)-Gabe_Food's Declare Attackers Step
Combat: Ai(4)-Gabe_Food assigned Frodo, Adventurous Hobbit (402) to attack Ai(3)-Jaymie_Ezio.
Phase: Ai(4)-Gabe_Food's Declare Blockers Step
Combat: Ai(3)-Jaymie_Ezio didn't block Frodo, Adventurous Hobbit (402).
Phase: Ai(4)-Gabe_Food's First Strike Damage Step
Phase: Ai(4)-Gabe_Food's Combat Damage Step
Damage: Frodo, Adventurous Hobbit (402) deals 1 combat damage to Ai(3)-Jaymie_Ezio.
Life: Life: Ai(3)-Jaymie_Ezio 40 > 39
Phase: Ai(4)-Gabe_Food's End of Combat Step
Phase: Ai(4)-Gabe_Food's Main phase, postcombat
Mana: Swamp (365) - {T}: Add {B}.
Mana: Plains (392) - {T}: Add {W}.
Mana: Isolated Chapel (346) - {T}: Add {W} or {B}.
Add To Stack: Ai(4)-Gabe_Food cast Commander's Sphere
Resolve Stack: Commander's Sphere
Mana: Commander's Sphere (321) - {T}: Add one mana of any color in your commander's color identity.
Mana: Rogue's Passage (331) - {T}: Add {C}.
Add To Stack: Ai(4)-Gabe_Food cast Prize Pig
Resolve Stack: Prize Pig - Creature 0 / 3
Phase: Ai(4)-Gabe_Food's End step
Phase: Ai(4)-Gabe_Food's Cleanup step
Turn: Turn 14 (Ai(1)-Destyn_Turtles)
Phase: Ai(1)-Destyn_Turtles' Untap step
Phase: Ai(1)-Destyn_Turtles' Upkeep step
Phase: Ai(1)-Destyn_Turtles' Draw step
Phase: Ai(1)-Destyn_Turtles' Main phase, precombat
Land: Ai(1)-Destyn_Turtles played Evolving Wilds (32)
Zone Change: Evolving Wilds (32) was put into Graveyard from Battlefield.
Add To Stack: Ai(1)-Destyn_Turtles activated Evolving Wilds
Resolve Stack: Evolving Wilds (32) - Ai(1)-Destyn_Turtles searches their library for a basic land card, puts it onto the battlefield tapped, then shuffles.
Phase: Ai(1)-Destyn_Turtles' Beginning of Combat Step
Phase: Ai(1)-Destyn_Turtles' Declare Attackers Step
Phase: Ai(1)-Destyn_Turtles' Declare Blockers Step
Phase: Ai(1)-Destyn_Turtles' First Strike Damage Step
Phase: Ai(1)-Destyn_Turtles' Combat Damage Step
Phase: Ai(1)-Destyn_Turtles' End of Combat Step
Phase: Ai(1)-Destyn_Turtles' Main phase, postcombat
Mana: Hinterland Harbor (23) - {T}: Add {G} or {U}.
Mana: Sunken Hollow (24) - {T}: Add {B}.
Add To Stack: Ai(1)-Destyn_Turtles cast Michelangelo, the Heart
Resolve Stack: Michelangelo, the Heart - Creature 2 / 1
Phase: Ai(1)-Destyn_Turtles' End step
Phase: Ai(1)-Destyn_Turtles' Cleanup step
Turn: Turn 15 (Ai(2)-GGS_Throne_only)
Phase: Ai(2)-GGS_Throne_only's Untap step
Phase: Ai(2)-GGS_Throne_only's Upkeep step
Phase: Ai(2)-GGS_Throne_only's Draw step
Phase: Ai(2)-GGS_Throne_only's Main phase, precombat
Mana: Steam Vents (145) - {T}: Add {R}.
Add To Stack: Ai(2)-GGS_Throne_only cast Phoenix Chick
Resolve Stack: Phoenix Chick - Creature 1 / 1
Phase: Ai(2)-GGS_Throne_only's Beginning of Combat Step
Phase: Ai(2)-GGS_Throne_only's Declare Attackers Step
Combat: Ai(2)-GGS_Throne_only assigned Phoenix Chick (171) to attack Ai(4)-Gabe_Food.
Phase: Ai(2)-GGS_Throne_only's Declare Blockers Step
Combat: Ai(4)-Gabe_Food didn't block Phoenix Chick (171).
Mana: Command Tower (174) - {T}: Add one mana of any color in your commander's color identity.
Mana: Arcane Signet (138) - {T}: Add one mana of any color in your commander's color identity.
Add To Stack: Ai(2)-GGS_Throne_only activated Yuriko, the Tiger's Shadow
Resolve Stack: Yuriko, the Tiger's Shadow (199) - Ai(2)-GGS_Throne_only puts Yuriko, the Tiger's Shadow (199) from their hand onto the battlefield tapped and attacking.
Phase: Ai(2)-GGS_Throne_only's First Strike Damage Step
Phase: Ai(2)-GGS_Throne_only's Combat Damage Step
Damage: Yuriko, the Tiger's Shadow (199) deals 1 combat damage to Ai(4)-Gabe_Food.
Life: Life: Ai(4)-Gabe_Food 37 > 36
Add To Stack: Ai(2)-GGS_Throne_only triggered Yuriko, the Tiger's Shadow
Life: Life: Ai(3)-Jaymie_Ezio 39 > 38
Life: Life: Ai(4)-Gabe_Food 36 > 35
Life: Life: Ai(1)-Destyn_Turtles 41 > 40
Resolve Stack: Whenever a Ninja you control deals combat damage to a player, reveal the top card of your library and put that card into your hand. Each opponent loses life equal to that card's mana value. [Damage Source: Yuriko, the Tiger's Shadow (199), Damaged: Ai(4)-Gabe_Food, Amount: 1]
Phase: Ai(2)-GGS_Throne_only's End of Combat Step
Phase: Ai(2)-GGS_Throne_only's Main phase, postcombat
Phase: Ai(2)-GGS_Throne_only's End step
Phase: Ai(2)-GGS_Throne_only's Cleanup step
Turn: Turn 16 (Ai(3)-Jaymie_Ezio)
Phase: Ai(3)-Jaymie_Ezio's Untap step
Phase: Ai(3)-Jaymie_Ezio's Upkeep step
Phase: Ai(3)-Jaymie_Ezio's Draw step
Phase: Ai(3)-Jaymie_Ezio's Main phase, precombat
Land: Ai(3)-Jaymie_Ezio played Kessig Wolf Run (206)
Mana: Command Tower (234) - {T}: Add one mana of any color in your commander's color identity.
Mana: Cinder Glade (220) - {T}: Add {G}.
Add To Stack: Ai(3)-Jaymie_Ezio cast Security Bypass targeting [Ezio Auditore da Firenze (302)]
Resolve Stack: Security Bypass (294) -  Attach to Ezio Auditore da Firenze (302)
Phase: Ai(3)-Jaymie_Ezio's Beginning of Combat Step
Phase: Ai(3)-Jaymie_Ezio's Declare Attackers Step
Combat: Ai(3)-Jaymie_Ezio assigned Ezio Auditore da Firenze (302) to attack Ai(4)-Gabe_Food.
Phase: Ai(3)-Jaymie_Ezio's Declare Blockers Step
Combat: Ai(4)-Gabe_Food didn't block Ezio Auditore da Firenze (302).
Phase: Ai(3)-Jaymie_Ezio's First Strike Damage Step
Phase: Ai(3)-Jaymie_Ezio's Combat Damage Step
Damage: Ezio Auditore da Firenze (302) deals 3 combat damage to Ai(4)-Gabe_Food.
Life: Life: Ai(4)-Gabe_Food 35 > 32
Add To Stack: Ai(3)-Jaymie_Ezio triggered Ezio Auditore da Firenze
Add To Stack: Ai(3)-Jaymie_Ezio triggered Ezio Auditore da Firenze
Discard: Ai(3)-Jaymie_Ezio discards Mountain (289).
Resolve Stack: Whenever this creature deals combat damage to a player, it connives. [Damage Source: Ezio Auditore da Firenze (302), Damaged: Ai(4)-Gabe_Food, Amount: 3]
Resolve Stack: Whenever Ezio deals combat damage to a player, you may pay {W}{U}{B}{R}{G} if that player has 10 or less life. When you do, that player loses the game. [Damage Source: Ezio Auditore da Firenze (302), Damaged: Ai(4)-Gabe_Food, Amount: 3]
Phase: Ai(3)-Jaymie_Ezio's End of Combat Step
Phase: Ai(3)-Jaymie_Ezio's Main phase, postcombat
Phase: Ai(3)-Jaymie_Ezio's End step
Zone Change: Commander's Sphere (321) was put into Graveyard from Battlefield.
Add To Stack: Ai(4)-Gabe_Food activated Commander's Sphere
Resolve Stack: Commander's Sphere (321) - Ai(4)-Gabe_Food draws a card.
Phase: Ai(3)-Jaymie_Ezio's Cleanup step
Turn: Turn 17 (Ai(4)-Gabe_Food)
Phase: Ai(4)-Gabe_Food's Untap step
Phase: Ai(4)-Gabe_Food's Upkeep step
Phase: Ai(4)-Gabe_Food's Draw step
Phase: Ai(4)-Gabe_Food's Main phase, precombat
Mana: Prize Pig (332) - {T}: Add one mana of any color.
Mana: Plains (392) - {T}: Add {W}.
Mana: Swamp (365) - {T}: Add {B}.
Add To Stack: Ai(4)-Gabe_Food cast Sam, Loyal Attendant
Resolve Stack: Sam, Loyal Attendant - Creature 2 / 4
Add To Stack: Ai(4)-Gabe_Food triggered Sam, Loyal Attendant targeting [Ai(4)-Gabe_Food]
Resolve Stack: Partner with Frodo, Adventurous Hobbit (When this creature enters, target player may put Frodo into their hand from their library, then shuffle.) (Targeting: [[Ai(4)-Gabe_Food]]) [Zone Changer: Sam, Loyal Attendant (404)]
Phase: Ai(4)-Gabe_Food's Beginning of Combat Step
Add To Stack: Ai(4)-Gabe_Food triggered Sam, Loyal Attendant
Resolve Stack: At the beginning of combat on your turn, create a Food token. (It's an artifact with "{2}, {T}, Sacrifice this token: You gain 3 life.") [Phase: Ai(4)-Gabe_Food]
Phase: Ai(4)-Gabe_Food's Declare Attackers Step
Combat: Ai(4)-Gabe_Food assigned Frodo, Adventurous Hobbit (402) to attack Ai(2)-GGS_Throne_only.
Phase: Ai(4)-Gabe_Food's Declare Blockers Step
Combat: Ai(2)-GGS_Throne_only didn't block Frodo, Adventurous Hobbit (402).
Phase: Ai(4)-Gabe_Food's First Strike Damage Step
Phase: Ai(4)-Gabe_Food's Combat Damage Step
Damage: Frodo, Adventurous Hobbit (402) deals 1 combat damage to Ai(2)-GGS_Throne_only.
Life: Life: Ai(2)-GGS_Throne_only 40 > 39
Phase: Ai(4)-Gabe_Food's End of Combat Step
Phase: Ai(4)-Gabe_Food's Main phase, postcombat
Phase: Ai(4)-Gabe_Food's End step
Phase: Ai(4)-Gabe_Food's Cleanup step
Turn: Turn 18 (Ai(1)-Destyn_Turtles)
Phase: Ai(1)-Destyn_Turtles' Untap step
Phase: Ai(1)-Destyn_Turtles' Upkeep step
Phase: Ai(1)-Destyn_Turtles' Draw step
Phase: Ai(1)-Destyn_Turtles' Main phase, precombat
Land: Ai(1)-Destyn_Turtles played Ash Barrens (70)
Mana: Hinterland Harbor (23) - {T}: Add {G} or {U}.
Mana: Ash Barrens (70) - {T}: Add {C}.
Mana: Plains (87) - {T}: Add {W}.
Add To Stack: Ai(1)-Destyn_Turtles cast Irma, Part-Time Mutant
Resolve Stack: Irma, Part-Time Mutant - Creature 1 / 1
Phase: Ai(1)-Destyn_Turtles' Beginning of Combat Step
Add To Stack: Ai(1)-Destyn_Turtles triggered Irma, Part-Time Mutant targeting [Michelangelo, the Heart (99)]
Resolve Stack: At the beginning of combat on your turn, Irma becomes a copy of up to one other target creature you control, except her name is Irma, Part-Time Mutant and she has this ability. Then put a +1/+1 counter on her. (Targeting: [[Michelangelo, the Heart (99)]]) [Phase: Ai(1)-Destyn_Turtles]
Phase: Ai(1)-Destyn_Turtles' Declare Attackers Step
Phase: Ai(1)-Destyn_Turtles' Declare Blockers Step
Phase: Ai(1)-Destyn_Turtles' First Strike Damage Step
Phase: Ai(1)-Destyn_Turtles' Combat Damage Step
Phase: Ai(1)-Destyn_Turtles' End of Combat Step
Phase: Ai(1)-Destyn_Turtles' Main phase, postcombat
Mana: Sunken Hollow (24) - {T}: Add {U}.
java.lang.InterruptedException
Mana: Path of Ancestry (12) - {T}: Add one mana of any color in your commander's color identity. When that mana is spent to cast a creature spell that shares a creature type with your commander, scry 1. (Look at the top card of your library. You may put that card on the bottom.)
Add To Stack: Ai(1)-Destyn_Turtles cast April O'Neil, Live on the Scene
Resolve Stack: April O'Neil, Live on the Scene - Creature 2 / 1
Phase: Ai(1)-Destyn_Turtles' End step
Phase: Ai(1)-Destyn_Turtles' Cleanup step
Turn: Turn 19 (Ai(2)-GGS_Throne_only)
Phase: Ai(2)-GGS_Throne_only's Untap step
Phase: Ai(2)-GGS_Throne_only's Upkeep step
Phase: Ai(2)-GGS_Throne_only's Draw step
Phase: Ai(2)-GGS_Throne_only's Main phase, precombat
Mana: Steam Vents (145) - {T}: Add {R}.
Mana: Command Tower (174) - {T}: Add one mana of any color in your commander's color identity.
Mana: Arcane Signet (138) - {T}: Add one mana of any color in your commander's color identity.
Add To Stack: Ai(2)-GGS_Throne_only cast Sword of Feast and Famine
Resolve Stack: Sword of Feast and Famine
Phase: Ai(2)-GGS_Throne_only's Beginning of Combat Step
Phase: Ai(2)-GGS_Throne_only's Declare Attackers Step
Phase: Ai(2)-GGS_Throne_only's Declare Blockers Step
Phase: Ai(2)-GGS_Throne_only's First Strike Damage Step
Phase: Ai(2)-GGS_Throne_only's Combat Damage Step
Phase: Ai(2)-GGS_Throne_only's End of Combat Step
Phase: Ai(2)-GGS_Throne_only's Main phase, postcombat
Phase: Ai(2)-GGS_Throne_only's End step
Phase: Ai(2)-GGS_Throne_only's Cleanup step
Turn: Turn 20 (Ai(3)-Jaymie_Ezio)
Phase: Ai(3)-Jaymie_Ezio's Untap step
Phase: Ai(3)-Jaymie_Ezio's Upkeep step
Phase: Ai(3)-Jaymie_Ezio's Draw step
Phase: Ai(3)-Jaymie_Ezio's Main phase, precombat
Replacement Effect: Smoldering Marsh enters tapped unless you control two or more basic lands.
Land: Ai(3)-Jaymie_Ezio played Smoldering Marsh (273)
Phase: Ai(3)-Jaymie_Ezio's Beginning of Combat Step
Phase: Ai(3)-Jaymie_Ezio's Declare Attackers Step
Phase: Ai(3)-Jaymie_Ezio's Declare Blockers Step
Phase: Ai(3)-Jaymie_Ezio's First Strike Damage Step
Phase: Ai(3)-Jaymie_Ezio's Combat Damage Step
Phase: Ai(3)-Jaymie_Ezio's End of Combat Step
Phase: Ai(3)-Jaymie_Ezio's Main phase, postcombat
Mana: Cinder Glade (220) - {T}: Add {G}.
Mana: Twilight Mire (271) - {T}: Add {C}.
	at java.base/java.util.concurrent.FutureTask.awaitDone(FutureTask.java:418)
Mana: Command Tower (234) - {T}: Add one mana of any color in your commander's color identity.
Add To Stack: Ai(3)-Jaymie_Ezio cast Chromatic Lantern
Resolve Stack: Chromatic Lantern
	at java.base/java.util.concurrent.FutureTask.get(FutureTask.java:203)
Mana: Chromatic Lantern (299) - {T}: Add one mana of any color.
	at forge.ai.AiController.chooseSpellAbilityToPlayFromList(AiController.java:1686)
	at forge.ai.AiController.getSpellAbilityToPlay(AiController.java:1577)
Mana: Kessig Wolf Run (206) - {T}: Add one mana of any color.
	at forge.ai.AiController.chooseSpellAbilityToPlay(AiController.java:1397)
Add To Stack: Ai(3)-Jaymie_Ezio cast Shay Cormac
	at forge.ai.PlayerControllerAi.chooseSpellAbilityToPlay(PlayerControllerAi.java:833)
Resolve Stack: Shay Cormac - Creature 1 / 1
Phase: Ai(3)-Jaymie_Ezio's End step
Phase: Ai(3)-Jaymie_Ezio's Cleanup step
	at forge.game.phase.PhaseHandler.mainLoopStep(PhaseHandler.java:1056)
Turn: Turn 21 (Ai(4)-Gabe_Food)
	at forge.game.phase.PhaseHandler.mainGameLoop(PhaseHandler.java:1035)
Phase: Ai(4)-Gabe_Food's Untap step
Phase: Ai(4)-Gabe_Food's Upkeep step
Phase: Ai(4)-Gabe_Food's Draw step
Phase: Ai(4)-Gabe_Food's Main phase, precombat
	at forge.game.phase.PhaseHandler.startFirstTurn(PhaseHandler.java:1029)
Replacement Effect: Canopy Vista enters tapped unless you control two or more basic lands.
Land: Ai(4)-Gabe_Food played Canopy Vista (373)
	at forge.game.GameAction.startGame(GameAction.java:2373)
Mana: Plains (392) - {T}: Add {W}.
Mana: Isolated Chapel (346) - {T}: Add {W} or {B}.
	at forge.game.Match.startGame(Match.java:92)
Mana: Swamp (365) - {T}: Add {B}.
Mana: Canopy Vista (373) - {T}: Add {G}.
	at forge.game.Match.startGame(Match.java:77)
Add To Stack: Ai(4)-Gabe_Food cast Dusk
	at forge.view.SimulateMatch.lambda$simulateSingleMatch$0(SimulateMatch.java:219)
Zone Change: Irma, Part-Time Mutant (7) was put into Graveyard from Battlefield.
Zone Change: Ezio Auditore da Firenze (302) was put into Graveyard from Battlefield.
	at forge.view.TimeLimitedCodeBlock.lambda$runWithTimeout$0(TimeLimitedCodeBlock.java:18)
Resolve Stack: Dusk (315) - Destroy all creatures with power 3 or greater.
	at java.base/java.util.concurrent.FutureTask.run(FutureTask.java:264)
Zone Change: Security Bypass (294) was put into Graveyard from Battlefield.
	at java.base/java.util.concurrent.ThreadPoolExecutor.runWorker(ThreadPoolExecutor.java:1136)
Phase: Ai(4)-Gabe_Food's Beginning of Combat Step
Add To Stack: Ai(4)-Gabe_Food triggered Sam, Loyal Attendant
	at java.base/java.util.concurrent.ThreadPoolExecutor$Worker.run(ThreadPoolExecutor.java:635)
Resolve Stack: At the beginning of combat on your turn, create a Food token. (It's an artifact with "{2}, {T}, Sacrifice this token: You gain 3 life.") [Phase: Ai(4)-Gabe_Food]
	at java.base/java.lang.Thread.run(Thread.java:840)
Phase: Ai(4)-Gabe_Food's Declare Attackers Step
Phase: Ai(4)-Gabe_Food's Declare Blockers Step
Phase: Ai(4)-Gabe_Food's First Strike Damage Step
Phase: Ai(4)-Gabe_Food's Combat Damage Step
Phase: Ai(4)-Gabe_Food's End of Combat Step
Phase: Ai(4)-Gabe_Food's Main phase, postcombat
Phase: Ai(4)-Gabe_Food's End step
Phase: Ai(4)-Gabe_Food's Cleanup step
Turn: Turn 22 (Ai(1)-Destyn_Turtles)
Phase: Ai(1)-Destyn_Turtles' Untap step
Phase: Ai(1)-Destyn_Turtles' Upkeep step
Phase: Ai(1)-Destyn_Turtles' Draw step
Phase: Ai(1)-Destyn_Turtles' Main phase, precombat
Phase: Ai(1)-Destyn_Turtles' Beginning of Combat Step
Phase: Ai(1)-Destyn_Turtles' Declare Attackers Step
Phase: Ai(1)-Destyn_Turtles' Declare Blockers Step
Phase: Ai(1)-Destyn_Turtles' First Strike Damage Step
Phase: Ai(1)-Destyn_Turtles' Combat Damage Step
Phase: Ai(1)-Destyn_Turtles' End of Combat Step
Phase: Ai(1)-Destyn_Turtles' Main phase, postcombat
Mana: Hinterland Harbor (23) - {T}: Add {G} or {U}.
Mana: Ash Barrens (70) - {T}: Add {C}.
Mana: Plains (87) - {T}: Add {W}.
Mana: Sunken Hollow (24) - {T}: Add {B}.
Mana: Path of Ancestry (12) - {T}: Add one mana of any color in your commander's color identity. When that mana is spent to cast a creature spell that shares a creature type with your commander, scry 1. (Look at the top card of your library. You may put that card on the bottom.)
Add To Stack: Ai(1)-Destyn_Turtles cast Krang, the All-Powerful
Resolve Stack: Krang, the All-Powerful - Creature 3 / 3
Phase: Ai(1)-Destyn_Turtles' End step
Phase: Ai(1)-Destyn_Turtles' Cleanup step
Turn: Turn 23 (Ai(2)-GGS_Throne_only)
Phase: Ai(2)-GGS_Throne_only's Untap step
Phase: Ai(2)-GGS_Throne_only's Upkeep step
Phase: Ai(2)-GGS_Throne_only's Draw step
Mana: Steam Vents (145) - {T}: Add {U}.
Mana: Command Tower (174) - {T}: Add one mana of any color in your commander's color identity.
Add To Stack: Ai(2)-GGS_Throne_only cast Cyclonic Rift targeting [Sam, Loyal Attendant (404)]
Resolve Stack: Cyclonic Rift (111) - Return Sam, Loyal Attendant (404) to its owner's hand.
Phase: Ai(2)-GGS_Throne_only's Main phase, precombat
Mana: Arcane Signet (138) - {T}: Add one mana of any color in your commander's color identity.
Add To Stack: Ai(2)-GGS_Throne_only cast Phoenix Chick
Resolve Stack: Phoenix Chick - Creature 1 / 1
Phase: Ai(2)-GGS_Throne_only's Beginning of Combat Step
Phase: Ai(2)-GGS_Throne_only's Declare Attackers Step
Combat: Ai(2)-GGS_Throne_only assigned Phoenix Chick (171) to attack Ai(4)-Gabe_Food.
Phase: Ai(2)-GGS_Throne_only's Declare Blockers Step
Combat: Ai(4)-Gabe_Food didn't block Phoenix Chick (171).
Phase: Ai(2)-GGS_Throne_only's First Strike Damage Step
Phase: Ai(2)-GGS_Throne_only's Combat Damage Step
Damage: Phoenix Chick (171) deals 1 combat damage to Ai(4)-Gabe_Food.
Life: Life: Ai(4)-Gabe_Food 32 > 31
Phase: Ai(2)-GGS_Throne_only's End of Combat Step
Phase: Ai(2)-GGS_Throne_only's Main phase, postcombat
Phase: Ai(2)-GGS_Throne_only's End step
Phase: Ai(2)-GGS_Throne_only's Cleanup step
Turn: Turn 24 (Ai(3)-Jaymie_Ezio)
Phase: Ai(3)-Jaymie_Ezio's Untap step
Phase: Ai(3)-Jaymie_Ezio's Upkeep step
Phase: Ai(3)-Jaymie_Ezio's Draw step
Phase: Ai(3)-Jaymie_Ezio's Main phase, precombat
Mana: Chromatic Lantern (299) - {T}: Add one mana of any color.
Add To Stack: Ai(3)-Jaymie_Ezio cast Vorpal Sword
Resolve Stack: Vorpal Sword
Mana: Cinder Glade (220) - {T}: Add one mana of any color.
Mana: Smoldering Marsh (273) - {T}: Add {B}.
Add To Stack: Ai(3)-Jaymie_Ezio activated Vorpal Sword targeting [Shay Cormac (274)]
Resolve Stack: Vorpal Sword (212) -  Attach to Shay Cormac (274)
Phase: Ai(3)-Jaymie_Ezio's Beginning of Combat Step
Phase: Ai(3)-Jaymie_Ezio's Declare Attackers Step
Phase: Ai(3)-Jaymie_Ezio's Declare Blockers Step
Phase: Ai(3)-Jaymie_Ezio's First Strike Damage Step
Phase: Ai(3)-Jaymie_Ezio's Combat Damage Step
Phase: Ai(3)-Jaymie_Ezio's End of Combat Step
Phase: Ai(3)-Jaymie_Ezio's Main phase, postcombat
Replacement Effect: Thriving Grove enters tapped.
Replacement Effect: As Thriving Grove enters, choose a color other than green.
Land: Ai(3)-Jaymie_Ezio played Thriving Grove (229)
Mana: Command Tower (234) - {T}: Add one mana of any color in your commander's color identity.
Mana: Twilight Mire (271) - {T}: Add one mana of any color.
Add To Stack: Ai(3)-Jaymie_Ezio cast Vraska Joins Up
Resolve Stack: Vraska Joins Up
Add To Stack: Ai(3)-Jaymie_Ezio triggered Vraska Joins Up
Resolve Stack: When Vraska Joins Up enters, put a deathtouch counter on each creature you control. [Zone Changer: Vraska Joins Up (213)]
Phase: Ai(3)-Jaymie_Ezio's End step
Phase: Ai(3)-Jaymie_Ezio's Cleanup step
Turn: Turn 25 (Ai(4)-Gabe_Food)
Phase: Ai(4)-Gabe_Food's Untap step
Phase: Ai(4)-Gabe_Food's Upkeep step
Phase: Ai(4)-Gabe_Food's Draw step
Mana: Canopy Vista (373) - {T}: Add {G}.
Mana: Swamp (365) - {T}: Add {B}.
Mana: Plains (392) - {T}: Add {W}.
Mana: Isolated Chapel (346) - {T}: Add {W} or {B}.
Mana: Rogue's Passage (331) - {T}: Add {C}.
Mana: Prize Pig (332) - {T}: Add one mana of any color.
Add To Stack: Ai(4)-Gabe_Food cast Great Oak Guardian
Resolve Stack: Great Oak Guardian - Creature 4 / 5
Add To Stack: Ai(4)-Gabe_Food triggered Great Oak Guardian targeting [Ai(4)-Gabe_Food]
Resolve Stack: When Great Oak Guardian enters, creatures target player controls get +2/+2 until end of turn. Untap them. (Targeting: [[Ai(4)-Gabe_Food]]) [Zone Changer: Great Oak Guardian (324)]
Phase: Ai(4)-Gabe_Food's Main phase, precombat
Phase: Ai(4)-Gabe_Food's Beginning of Combat Step
Phase: Ai(4)-Gabe_Food's Declare Attackers Step
Combat: Ai(4)-Gabe_Food assigned Frodo, Adventurous Hobbit (402) to attack Ai(2)-GGS_Throne_only.
Phase: Ai(4)-Gabe_Food's Declare Blockers Step
Combat: Ai(2)-GGS_Throne_only didn't block Frodo, Adventurous Hobbit (402).
Phase: Ai(4)-Gabe_Food's First Strike Damage Step
Phase: Ai(4)-Gabe_Food's Combat Damage Step
Damage: Frodo, Adventurous Hobbit (402) deals 3 combat damage to Ai(2)-GGS_Throne_only.
Life: Life: Ai(2)-GGS_Throne_only 39 > 36
Phase: Ai(4)-Gabe_Food's End of Combat Step
Phase: Ai(4)-Gabe_Food's Main phase, postcombat
Phase: Ai(4)-Gabe_Food's End step
Phase: Ai(4)-Gabe_Food's Cleanup step
Turn: Turn 26 (Ai(1)-Destyn_Turtles)
Phase: Ai(1)-Destyn_Turtles' Untap step
Phase: Ai(1)-Destyn_Turtles' Upkeep step
Phase: Ai(1)-Destyn_Turtles' Draw step
Phase: Ai(1)-Destyn_Turtles' Main phase, precombat
Land: Ai(1)-Destyn_Turtles played Turtle Lair (69)
Mana: Ash Barrens (70) - {T}: Add {C}.
Mana: Plains (87) - {T}: Add {W}.
Mana: Hinterland Harbor (23) - {T}: Add {G} or {U}.
Add To Stack: Ai(1)-Destyn_Turtles activated Turtle Lair targeting [Michelangelo, the Heart (99)]
Resolve Stack: Turtle Lair (69) - Michelangelo, the Heart (99) can't be blocked this turn.
Phase: Ai(1)-Destyn_Turtles' Beginning of Combat Step
Phase: Ai(1)-Destyn_Turtles' Declare Attackers Step
Combat: Ai(1)-Destyn_Turtles assigned Michelangelo, the Heart (99) to attack Ai(4)-Gabe_Food.
Phase: Ai(1)-Destyn_Turtles' Declare Blockers Step
Combat: Ai(4)-Gabe_Food didn't block Michelangelo, the Heart (99).
Phase: Ai(1)-Destyn_Turtles' First Strike Damage Step
Phase: Ai(1)-Destyn_Turtles' Combat Damage Step
Damage: Michelangelo, the Heart (99) deals 2 combat damage to Ai(4)-Gabe_Food.
Life: Life: Ai(4)-Gabe_Food 31 > 29
Phase: Ai(1)-Destyn_Turtles' End of Combat Step
Phase: Ai(1)-Destyn_Turtles' Main phase, postcombat
Add To Stack: Ai(1)-Destyn_Turtles triggered Michelangelo, the Heart targeting [Krang, the All-Powerful (22)]
Resolve Stack: Raid (the Fridge) — At the beginning of your second main phase, if you attacked this turn, put a +1/+1 counter on target creature and create a Food token. (Targeting: [[Krang, the All-Powerful (22)]]) [Phase: Ai(1)-Destyn_Turtles]
Phase: Ai(1)-Destyn_Turtles' End step
Phase: Ai(1)-Destyn_Turtles' Cleanup step
Turn: Turn 27 (Ai(2)-GGS_Throne_only)
Phase: Ai(2)-GGS_Throne_only's Untap step
Phase: Ai(2)-GGS_Throne_only's Upkeep step
Phase: Ai(2)-GGS_Throne_only's Draw step
Phase: Ai(2)-GGS_Throne_only's Main phase, precombat
Mana: Steam Vents (145) - {T}: Add {R}.
Mana: Command Tower (174) - {T}: Add one mana of any color in your commander's color identity.
Add To Stack: Ai(2)-GGS_Throne_only activated Sword of Feast and Famine targeting [Yuriko, the Tiger's Shadow (199)]
Resolve Stack: Sword of Feast and Famine (198) -  Attach to Yuriko, the Tiger's Shadow (199)
Phase: Ai(2)-GGS_Throne_only's Beginning of Combat Step
Phase: Ai(2)-GGS_Throne_only's Declare Attackers Step
Combat: Ai(2)-GGS_Throne_only assigned Yuriko, the Tiger's Shadow (199) to attack Ai(4)-Gabe_Food.
Phase: Ai(2)-GGS_Throne_only's Declare Blockers Step
Combat: Ai(4)-Gabe_Food didn't block Yuriko, the Tiger's Shadow (199).
Phase: Ai(2)-GGS_Throne_only's First Strike Damage Step
Phase: Ai(2)-GGS_Throne_only's Combat Damage Step
Damage: Yuriko, the Tiger's Shadow (199) deals 3 combat damage to Ai(4)-Gabe_Food.
Life: Life: Ai(4)-Gabe_Food 29 > 26
Add To Stack: Ai(2)-GGS_Throne_only triggered Yuriko, the Tiger's Shadow
Add To Stack: Ai(2)-GGS_Throne_only triggered Sword of Feast and Famine
Discard: Ai(4)-Gabe_Food discards Woodfall Primus (398).
Resolve Stack: Whenever equipped creature deals combat damage to a player, that player discards a card and you untap all lands you control. [Damage Source: Yuriko, the Tiger's Shadow (199), Damaged: Ai(4)-Gabe_Food, Amount: 3]
Life: Life: Ai(3)-Jaymie_Ezio 38 > 37
Life: Life: Ai(4)-Gabe_Food 26 > 25
Life: Life: Ai(1)-Destyn_Turtles 40 > 39
Resolve Stack: Whenever a Ninja you control deals combat damage to a player, reveal the top card of your library and put that card into your hand. Each opponent loses life equal to that card's mana value. [Damage Source: Yuriko, the Tiger's Shadow (199), Damaged: Ai(4)-Gabe_Food, Amount: 3]
Phase: Ai(2)-GGS_Throne_only's End of Combat Step
Phase: Ai(2)-GGS_Throne_only's Main phase, postcombat
Replacement Effect: Raucous Theater enters tapped.
Land: Ai(2)-GGS_Throne_only played Raucous Theater (184)
Add To Stack: Ai(2)-GGS_Throne_only triggered Raucous Theater
Resolve Stack: Ai(2)-GGS_Throne_only surveiled 1 card(s) to the graveyard
Resolve Stack: When Raucous Theater enters, surveil 1. (Look at the top card of your library. You may put it into your graveyard.) [Zone Changer: Raucous Theater (184)]
Mana: Command Tower (174) - {T}: Add one mana of any color in your commander's color identity.
Mana: Steam Vents (145) - {T}: Add {U}.
Mana: Arcane Signet (138) - {T}: Add one mana of any color in your commander's color identity.
Add To Stack: Ai(2)-GGS_Throne_only cast Goro-Goro and Satoru
Resolve Stack: Goro-Goro and Satoru - Creature 3 / 4
Phase: Ai(2)-GGS_Throne_only's End step
Phase: Ai(2)-GGS_Throne_only's Cleanup step
Turn: Turn 28 (Ai(3)-Jaymie_Ezio)
Phase: Ai(3)-Jaymie_Ezio's Untap step
Phase: Ai(3)-Jaymie_Ezio's Upkeep step
Phase: Ai(3)-Jaymie_Ezio's Draw step
Phase: Ai(3)-Jaymie_Ezio's Main phase, precombat
Mana: Chromatic Lantern (299) - {T}: Add one mana of any color.
Mana: Thriving Grove (229) - {T}: Add {G} or one mana of the chosen color.
Mana: Cinder Glade (220) - {T}: Add {G}.
Add To Stack: Ai(3)-Jaymie_Ezio cast 
Resolve Stack: Disguise - Creature 2/2
Mana: Smoldering Marsh (273) - {T}: Add {B}.
Mana: Command Tower (234) - {T}: Add one mana of any color in your commander's color identity.
Resolve Stack: Ai(3)-Jaymie_Ezio has undisguised Arno Dorian
Phase: Ai(3)-Jaymie_Ezio's Beginning of Combat Step
Phase: Ai(3)-Jaymie_Ezio's Declare Attackers Step
Phase: Ai(3)-Jaymie_Ezio's Declare Blockers Step
Phase: Ai(3)-Jaymie_Ezio's First Strike Damage Step
Phase: Ai(3)-Jaymie_Ezio's Combat Damage Step
Phase: Ai(3)-Jaymie_Ezio's End of Combat Step
Phase: Ai(3)-Jaymie_Ezio's Main phase, postcombat
Mana: Twilight Mire (271) - {T}: Add one mana of any color.
Mana: Kessig Wolf Run (206) - {T}: Add {C}.
Add To Stack: Ai(3)-Jaymie_Ezio cast Haystack
Resolve Stack: Haystack
Phase: Ai(3)-Jaymie_Ezio's End step
Phase: Ai(3)-Jaymie_Ezio's Cleanup step
Turn: Turn 29 (Ai(4)-Gabe_Food)
Phase: Ai(4)-Gabe_Food's Untap step
Phase: Ai(4)-Gabe_Food's Upkeep step
Phase: Ai(4)-Gabe_Food's Draw step
Phase: Ai(4)-Gabe_Food's Main phase, precombat
Mana: Canopy Vista (373) - {T}: Add {G}.
Mana: Plains (392) - {T}: Add {W}.
Mana: Swamp (365) - {T}: Add {B}.
Add To Stack: Ai(4)-Gabe_Food cast Sam, Loyal Attendant
Resolve Stack: Sam, Loyal Attendant - Creature 2 / 4
Add To Stack: Ai(4)-Gabe_Food triggered Sam, Loyal Attendant targeting [Ai(4)-Gabe_Food]
Resolve Stack: Partner with Frodo, Adventurous Hobbit (When this creature enters, target player may put Frodo into their hand from their library, then shuffle.) (Targeting: [[Ai(4)-Gabe_Food]]) [Zone Changer: Sam, Loyal Attendant (404)]
Mana: Prize Pig (332) - {T}: Add one mana of any color.
Mana: Isolated Chapel (346) - {T}: Add {W} or {B}.
Add To Stack: Ai(4)-Gabe_Food cast Pippin, Warden of Isengard
Resolve Stack: Pippin, Warden of Isengard - Creature 2 / 2
Add To Stack: Ai(4)-Gabe_Food triggered Pippin, Warden of Isengard targeting [Ai(4)-Gabe_Food]
Resolve Stack: Partner with Merry, Warden of Isengard (When this creature enters, target player may put Merry into their hand from their library, then shuffle.) (Targeting: [[Ai(4)-Gabe_Food]]) [Zone Changer: Pippin, Warden of Isengard (343)]
Phase: Ai(4)-Gabe_Food's Beginning of Combat Step
Add To Stack: Ai(4)-Gabe_Food triggered Sam, Loyal Attendant
Resolve Stack: At the beginning of combat on your turn, create a Food token. (It's an artifact with "{2}, {T}, Sacrifice this token: You gain 3 life.") [Phase: Ai(4)-Gabe_Food]
Phase: Ai(4)-Gabe_Food's Declare Attackers Step
Phase: Ai(4)-Gabe_Food's Declare Blockers Step
Phase: Ai(4)-Gabe_Food's First Strike Damage Step
Phase: Ai(4)-Gabe_Food's Combat Damage Step
Phase: Ai(4)-Gabe_Food's End of Combat Step
Phase: Ai(4)-Gabe_Food's Main phase, postcombat
Phase: Ai(4)-Gabe_Food's End step
Phase: Ai(4)-Gabe_Food's Cleanup step
Turn: Turn 30 (Ai(1)-Destyn_Turtles)
Phase: Ai(1)-Destyn_Turtles' Untap step
Phase: Ai(1)-Destyn_Turtles' Upkeep step
Phase: Ai(1)-Destyn_Turtles' Draw step
Mana: Sunken Hollow (24) - {T}: Add {B}.
Mana: Hinterland Harbor (23) - {T}: Add {G} or {U}.
Add To Stack: Ai(1)-Destyn_Turtles cast Assassin's Trophy targeting [Great Oak Guardian (324)]
Zone Change: Great Oak Guardian (324) was put into Graveyard from Battlefield.
Resolve Stack: Assassin's Trophy (42) - Destroy Great Oak Guardian (324). (OPTIONAL) Ai(1)-Destyn_Turtles searches Ai(4)-Gabe_Food library for a basic land card, puts it onto the battlefield, then shuffles.
Phase: Ai(1)-Destyn_Turtles' Main phase, precombat
Mana: Ash Barrens (70) - {T}: Add {C}.
Mana: Plains (87) - {T}: Add {W}.
Mana: Path of Ancestry (12) - {T}: Add one mana of any color in your commander's color identity. When that mana is spent to cast a creature spell that shares a creature type with your commander, scry 1. (Look at the top card of your library. You may put that card on the bottom.)
Add To Stack: Ai(1)-Destyn_Turtles activated Turtle Lair targeting [Michelangelo, the Heart (99)]
Resolve Stack: Turtle Lair (69) - Michelangelo, the Heart (99) can't be blocked this turn.
Phase: Ai(1)-Destyn_Turtles' Beginning of Combat Step
Phase: Ai(1)-Destyn_Turtles' Declare Attackers Step
Phase: Ai(1)-Destyn_Turtles' Declare Blockers Step
Phase: Ai(1)-Destyn_Turtles' First Strike Damage Step
Phase: Ai(1)-Destyn_Turtles' Combat Damage Step
Phase: Ai(1)-Destyn_Turtles' End of Combat Step
Phase: Ai(1)-Destyn_Turtles' Main phase, postcombat
Phase: Ai(1)-Destyn_Turtles' End step
Phase: Ai(1)-Destyn_Turtles' Cleanup step
Turn: Turn 31 (Ai(2)-GGS_Throne_only)
Phase: Ai(2)-GGS_Throne_only's Untap step
Phase: Ai(2)-GGS_Throne_only's Upkeep step
Phase: Ai(2)-GGS_Throne_only's Draw step
Phase: Ai(2)-GGS_Throne_only's Main phase, precombat
Land: Ai(2)-GGS_Throne_only played Otawara, Soaring City (113)
Phase: Ai(2)-GGS_Throne_only's Beginning of Combat Step
Phase: Ai(2)-GGS_Throne_only's Declare Attackers Step
Combat: Ai(2)-GGS_Throne_only assigned Phoenix Chick (171) and Yuriko, the Tiger's Shadow (199) to attack Ai(4)-Gabe_Food.
Mana: Swamp (364) - {T}: Add {B}.
Zone Change: Food Token (407) was put into Graveyard from Battlefield.
Add To Stack: Ai(4)-Gabe_Food activated Food Token
Life: Life: Ai(4)-Gabe_Food 25 > 28
Resolve Stack: Food Token (407) - Ai(4)-Gabe_Food gains 3 life.
Add To Stack: Ai(4)-Gabe_Food triggered Prize Pig
Resolve Stack: Whenever you gain life, put that many ribbon counters on Prize Pig. Then if there are three or more ribbon counters on Prize Pig, remove those counters and untap it. [Player: Ai(4)-Gabe_Food, Gained Amount: 3]
Mana: Rogue's Passage (331) - {T}: Add {C}.
Zone Change: Food Token (410) was put into Graveyard from Battlefield.
Add To Stack: Ai(4)-Gabe_Food activated Food Token
Life: Life: Ai(4)-Gabe_Food 28 > 31
Resolve Stack: Food Token (410) - Ai(4)-Gabe_Food gains 3 life.
Add To Stack: Ai(4)-Gabe_Food triggered Prize Pig
Resolve Stack: Whenever you gain life, put that many ribbon counters on Prize Pig. Then if there are three or more ribbon counters on Prize Pig, remove those counters and untap it. [Player: Ai(4)-Gabe_Food, Gained Amount: 3]
Mana: Prize Pig (332) - {T}: Add one mana of any color.
Zone Change: Food Token (416) was put into Graveyard from Battlefield.
Add To Stack: Ai(4)-Gabe_Food activated Food Token
Life: Life: Ai(4)-Gabe_Food 31 > 34
Resolve Stack: Food Token (416) - Ai(4)-Gabe_Food gains 3 life.
Add To Stack: Ai(4)-Gabe_Food triggered Prize Pig
Resolve Stack: Whenever you gain life, put that many ribbon counters on Prize Pig. Then if there are three or more ribbon counters on Prize Pig, remove those counters and untap it. [Player: Ai(4)-Gabe_Food, Gained Amount: 3]
Phase: Ai(2)-GGS_Throne_only's Declare Blockers Step
Combat: Ai(4)-Gabe_Food didn't block Phoenix Chick (171).
Ai(4)-Gabe_Food didn't block Yuriko, the Tiger's Shadow (199).
Phase: Ai(2)-GGS_Throne_only's First Strike Damage Step
Phase: Ai(2)-GGS_Throne_only's Combat Damage Step
Damage: Phoenix Chick (171) deals 1 combat damage to Ai(4)-Gabe_Food.
Damage: Yuriko, the Tiger's Shadow (199) deals 3 combat damage to Ai(4)-Gabe_Food.
Life: Life: Ai(4)-Gabe_Food 34 > 30
Add To Stack: Ai(2)-GGS_Throne_only triggered Yuriko, the Tiger's Shadow
Add To Stack: Ai(2)-GGS_Throne_only triggered Sword of Feast and Famine
Discard: Ai(4)-Gabe_Food discards Chromatic Lantern (401).
Resolve Stack: Whenever equipped creature deals combat damage to a player, that player discards a card and you untap all lands you control. [Damage Source: Yuriko, the Tiger's Shadow (199), Damaged: Ai(4)-Gabe_Food, Amount: 3]
Resolve Stack: Whenever a Ninja you control deals combat damage to a player, reveal the top card of your library and put that card into your hand. Each opponent loses life equal to that card's mana value. [Damage Source: Yuriko, the Tiger's Shadow (199), Damaged: Ai(4)-Gabe_Food, Amount: 3]
Phase: Ai(2)-GGS_Throne_only's End of Combat Step
Phase: Ai(2)-GGS_Throne_only's Main phase, postcombat
Mana: Steam Vents (145) - {T}: Add {R}.
Mana: Otawara, Soaring City (113) - {T}: Add {U}.
Mana: Raucous Theater (184) - {T}: Add {R}.
Mana: Command Tower (174) - {T}: Add one mana of any color in your commander's color identity.
Mana: Arcane Signet (138) - {T}: Add one mana of any color in your commander's color identity.
Add To Stack: Ai(2)-GGS_Throne_only cast Goldlust Triad
Resolve Stack: Goldlust Triad - Creature 4 / 3
Phase: Ai(2)-GGS_Throne_only's End step
Phase: Ai(2)-GGS_Throne_only's Cleanup step
Turn: Turn 32 (Ai(3)-Jaymie_Ezio)
Phase: Ai(3)-Jaymie_Ezio's Untap step
Phase: Ai(3)-Jaymie_Ezio's Upkeep step
Phase: Ai(3)-Jaymie_Ezio's Draw step
Phase: Ai(3)-Jaymie_Ezio's Main phase, precombat
Phase: Ai(3)-Jaymie_Ezio's Beginning of Combat Step
Phase: Ai(3)-Jaymie_Ezio's Declare Attackers Step
Phase: Ai(3)-Jaymie_Ezio's Declare Blockers Step
Phase: Ai(3)-Jaymie_Ezio's First Strike Damage Step
Phase: Ai(3)-Jaymie_Ezio's Combat Damage Step
Phase: Ai(3)-Jaymie_Ezio's End of Combat Step
Phase: Ai(3)-Jaymie_Ezio's Main phase, postcombat
Mana: Chromatic Lantern (299) - {T}: Add one mana of any color.
Mana: Thriving Grove (229) - {T}: Add {G} or one mana of the chosen color.
Mana: Cinder Glade (220) - {T}: Add {G}.
Mana: Smoldering Marsh (273) - {T}: Add {R}.
Add To Stack: Ai(3)-Jaymie_Ezio cast Ezio Auditore da Firenze
Resolve Stack: Ezio Auditore da Firenze - Creature 3 / 2
Mana: Command Tower (234) - {T}: Add one mana of any color.
Mana: Twilight Mire (271) - {T}: Add {C}.
Mana: Kessig Wolf Run (206) - {T}: Add {C}.
Add To Stack: Ai(3)-Jaymie_Ezio cast Lydia Frye
Resolve Stack: Lydia Frye - Creature 3 / 2
Phase: Ai(3)-Jaymie_Ezio's End step
Add To Stack: Ai(3)-Jaymie_Ezio triggered Lydia Frye
Resolve Stack: At the beginning of your end step, surveil X, where X is the number of tapped Assassins you control. (Look at the top X cards of your library, then put any number of them into your graveyard and the rest on top of your library in any order.) [Phase: Ai(3)-Jaymie_Ezio]
Phase: Ai(3)-Jaymie_Ezio's Cleanup step
Turn: Turn 33 (Ai(4)-Gabe_Food)
Phase: Ai(4)-Gabe_Food's Untap step
Phase: Ai(4)-Gabe_Food's Upkeep step
Phase: Ai(4)-Gabe_Food's Draw step
Phase: Ai(4)-Gabe_Food's Main phase, precombat
Mana: Plains (392) - {T}: Add {W}.
Mana: Swamp (365) - {T}: Add {B}.
Mana: Swamp (364) - {T}: Add {B}.
Mana: Isolated Chapel (346) - {T}: Add {W} or {B}.
Mana: Canopy Vista (373) - {T}: Add {G}.
Add To Stack: Ai(4)-Gabe_Food cast Fell the Mighty targeting [Prize Pig (332)]
Zone Change: Frodo, Adventurous Hobbit (402) was put into Graveyard from Battlefield.
Zone Change: Sam, Loyal Attendant (404) was put into Graveyard from Battlefield.
Zone Change: Pippin, Warden of Isengard (343) was put into Graveyard from Battlefield.
Zone Change: Michelangelo, the Heart (99) was put into Graveyard from Battlefield.
Zone Change: April O'Neil, Live on the Scene (91) was put into Graveyard from Battlefield.
Zone Change: Krang, the All-Powerful (22) was put into Graveyard from Battlefield.
Zone Change: Yuriko, the Tiger's Shadow (199) was put into Graveyard from Battlefield.
Zone Change: Phoenix Chick (171) was put into Graveyard from Battlefield.
Zone Change: Goro-Goro and Satoru (201) was put into Graveyard from Battlefield.
Zone Change: Goldlust Triad (189) was put into Graveyard from Battlefield.
Zone Change: Shay Cormac (274) was put into Graveyard from Battlefield.
Zone Change: Arno Dorian (226) was put into Graveyard from Battlefield.
Zone Change: Ezio Auditore da Firenze (302) was put into Graveyard from Battlefield.
Zone Change: Lydia Frye (287) was put into Graveyard from Battlefield.
Resolve Stack: Fell the Mighty (325) - Destroy all creatures with power greater than target creature's power.
Phase: Ai(4)-Gabe_Food's Beginning of Combat Step
Phase: Ai(4)-Gabe_Food's Declare Attackers Step
Phase: Ai(4)-Gabe_Food's Declare Blockers Step
Phase: Ai(4)-Gabe_Food's First Strike Damage Step
Phase: Ai(4)-Gabe_Food's Combat Damage Step
Phase: Ai(4)-Gabe_Food's End of Combat Step
Phase: Ai(4)-Gabe_Food's Main phase, postcombat
Phase: Ai(4)-Gabe_Food's End step
Phase: Ai(4)-Gabe_Food's Cleanup step
Turn: Turn 34 (Ai(1)-Destyn_Turtles)
Phase: Ai(1)-Destyn_Turtles' Untap step
Phase: Ai(1)-Destyn_Turtles' Upkeep step
Phase: Ai(1)-Destyn_Turtles' Draw step
Phase: Ai(1)-Destyn_Turtles' Main phase, precombat
Phase: Ai(1)-Destyn_Turtles' Beginning of Combat Step
Phase: Ai(1)-Destyn_Turtles' Declare Attackers Step
Phase: Ai(1)-Destyn_Turtles' Declare Blockers Step
Phase: Ai(1)-Destyn_Turtles' First Strike Damage Step
Phase: Ai(1)-Destyn_Turtles' Combat Damage Step
Phase: Ai(1)-Destyn_Turtles' End of Combat Step
Phase: Ai(1)-Destyn_Turtles' Main phase, postcombat
Replacement Effect: Thriving Grove enters tapped.
Replacement Effect: As Thriving Grove enters, choose a color other than green.
Land: Ai(1)-Destyn_Turtles played Thriving Grove (25)
Mana: Ash Barrens (70) - {T}: Add {C}.
Mana: Plains (87) - {T}: Add {W}.
Mana: Hinterland Harbor (23) - {T}: Add {G} or {U}.
Mana: Sunken Hollow (24) - {T}: Add {B}.
Mana: Path of Ancestry (12) - {T}: Add one mana of any color in your commander's color identity. When that mana is spent to cast a creature spell that shares a creature type with your commander, scry 1. (Look at the top card of your library. You may put that card on the bottom.)
Add To Stack: Ai(1)-Destyn_Turtles cast Mole Module
Resolve Stack: Mole Module
Phase: Ai(1)-Destyn_Turtles' End step
Phase: Ai(1)-Destyn_Turtles' Cleanup step
Turn: Turn 35 (Ai(2)-GGS_Throne_only)
Phase: Ai(2)-GGS_Throne_only's Untap step
Phase: Ai(2)-GGS_Throne_only's Upkeep step
Phase: Ai(2)-GGS_Throne_only's Draw step
Phase: Ai(2)-GGS_Throne_only's Main phase, precombat
Land: Ai(2)-GGS_Throne_only played Mana Confluence (147)
Mana: Raucous Theater (184) - {T}: Add {B}.
Mana: Command Tower (174) - {T}: Add one mana of any color in your commander's color identity.
Mana: Otawara, Soaring City (113) - {T}: Add {U}.
Mana: Steam Vents (145) - {T}: Add {R}.
Add To Stack: Ai(2)-GGS_Throne_only cast Fell the Profane targeting [Prize Pig (332)]
Zone Change: Prize Pig (332) was put into Graveyard from Battlefield.
Resolve Stack: Fell the Profane (170) - Destroy Prize Pig (332).
Phase: Ai(2)-GGS_Throne_only's Beginning of Combat Step
Phase: Ai(2)-GGS_Throne_only's Declare Attackers Step
Phase: Ai(2)-GGS_Throne_only's Declare Blockers Step
Phase: Ai(2)-GGS_Throne_only's First Strike Damage Step
Phase: Ai(2)-GGS_Throne_only's Combat Damage Step
Phase: Ai(2)-GGS_Throne_only's End of Combat Step
Phase: Ai(2)-GGS_Throne_only's Main phase, postcombat
Mana: Arcane Signet (138) - {T}: Add one mana of any color in your commander's color identity.
Add To Stack: Ai(2)-GGS_Throne_only cast Hope of Ghirapur
Resolve Stack: Hope of Ghirapur - Creature 1 / 1
Phase: Ai(2)-GGS_Throne_only's End step
Phase: Ai(2)-GGS_Throne_only's Cleanup step
Turn: Turn 36 (Ai(3)-Jaymie_Ezio)
Phase: Ai(3)-Jaymie_Ezio's Untap step
Phase: Ai(3)-Jaymie_Ezio's Upkeep step
Phase: Ai(3)-Jaymie_Ezio's Draw step
Phase: Ai(3)-Jaymie_Ezio's Main phase, precombat
Phase: Ai(3)-Jaymie_Ezio's Beginning of Combat Step
Phase: Ai(3)-Jaymie_Ezio's Declare Attackers Step
Phase: Ai(3)-Jaymie_Ezio's Declare Blockers Step
Phase: Ai(3)-Jaymie_Ezio's First Strike Damage Step
Phase: Ai(3)-Jaymie_Ezio's Combat Damage Step
Phase: Ai(3)-Jaymie_Ezio's End of Combat Step
Phase: Ai(3)-Jaymie_Ezio's Main phase, postcombat
Mana: Chromatic Lantern (299) - {T}: Add one mana of any color.
Mana: Thriving Grove (229) - {T}: Add {G} or one mana of the chosen color.
Mana: Cinder Glade (220) - {T}: Add {G}.
Mana: Smoldering Marsh (273) - {T}: Add {R}.
Mana: Command Tower (234) - {T}: Add one mana of any color.
Mana: Twilight Mire (271) - {T}: Add {C}.
Add To Stack: Ai(3)-Jaymie_Ezio cast Ezio Auditore da Firenze
Resolve Stack: Ezio Auditore da Firenze - Creature 3 / 2
Phase: Ai(3)-Jaymie_Ezio's End step
Phase: Ai(3)-Jaymie_Ezio's Cleanup step
Turn: Turn 37 (Ai(4)-Gabe_Food)
Phase: Ai(4)-Gabe_Food's Untap step
Phase: Ai(4)-Gabe_Food's Upkeep step
Phase: Ai(4)-Gabe_Food's Draw step
Phase: Ai(4)-Gabe_Food's Main phase, precombat
Phase: Ai(4)-Gabe_Food's Beginning of Combat Step
Phase: Ai(4)-Gabe_Food's Declare Attackers Step
Phase: Ai(4)-Gabe_Food's Declare Blockers Step
Phase: Ai(4)-Gabe_Food's First Strike Damage Step
Phase: Ai(4)-Gabe_Food's Combat Damage Step
Phase: Ai(4)-Gabe_Food's End of Combat Step
Phase: Ai(4)-Gabe_Food's Main phase, postcombat
Mana: Plains (392) - {T}: Add {W}.
Mana: Swamp (365) - {T}: Add {B}.
Mana: Swamp (364) - {T}: Add {B}.
Mana: Isolated Chapel (346) - {T}: Add {W} or {B}.
Mana: Canopy Vista (373) - {T}: Add {G}.
Add To Stack: Ai(4)-Gabe_Food cast Gwaihir, Greatest of the Eagles
Resolve Stack: Gwaihir, Greatest of the Eagles - Creature 5 / 5
Phase: Ai(4)-Gabe_Food's End step
Phase: Ai(4)-Gabe_Food's Cleanup step
Turn: Turn 38 (Ai(1)-Destyn_Turtles)
Phase: Ai(1)-Destyn_Turtles' Untap step
Phase: Ai(1)-Destyn_Turtles' Upkeep step
Phase: Ai(1)-Destyn_Turtles' Draw step
Phase: Ai(1)-Destyn_Turtles' Main phase, precombat
Phase: Ai(1)-Destyn_Turtles' Beginning of Combat Step
Phase: Ai(1)-Destyn_Turtles' Declare Attackers Step
Phase: Ai(1)-Destyn_Turtles' Declare Blockers Step
Phase: Ai(1)-Destyn_Turtles' First Strike Damage Step
Phase: Ai(1)-Destyn_Turtles' Combat Damage Step
Phase: Ai(1)-Destyn_Turtles' End of Combat Step
Phase: Ai(1)-Destyn_Turtles' Main phase, postcombat
Mana: Plains (87) - {T}: Add {W}.
Mana: Ash Barrens (70) - {T}: Add {C}.
Mana: Hinterland Harbor (23) - {T}: Add {G} or {U}.
Mana: Thriving Grove (25) - {T}: Add {G} or one mana of the chosen color.
Add To Stack: Ai(1)-Destyn_Turtles cast Leonardo, the Balance
Resolve Stack: Leonardo, the Balance - Creature 3 / 3
Mana: Path of Ancestry (12) - {T}: Add one mana of any color in your commander's color identity. When that mana is spent to cast a creature spell that shares a creature type with your commander, scry 1. (Look at the top card of your library. You may put that card on the bottom.)
Mana: Sunken Hollow (24) - {T}: Add {B}.
Add To Stack: Ai(1)-Destyn_Turtles cast Tempestra, Dame of Games
Resolve Stack: Tempestra, Dame of Games - Creature 1 / 3
Phase: Ai(1)-Destyn_Turtles' End step
Phase: Ai(1)-Destyn_Turtles' Cleanup step
Turn: Turn 39 (Ai(2)-GGS_Throne_only)
Phase: Ai(2)-GGS_Throne_only's Untap step
Phase: Ai(2)-GGS_Throne_only's Upkeep step
Phase: Ai(2)-GGS_Throne_only's Draw step
Phase: Ai(2)-GGS_Throne_only's Main phase, precombat
Mana: Otawara, Soaring City (113) - {T}: Add {U}.
Mana: Raucous Theater (184) - {T}: Add {R}.
Add To Stack: Ai(2)-GGS_Throne_only activated Sword of Feast and Famine targeting [Hope of Ghirapur (149)]
Resolve Stack: Sword of Feast and Famine (198) -  Attach to Hope of Ghirapur (149)
Phase: Ai(2)-GGS_Throne_only's Beginning of Combat Step
Phase: Ai(2)-GGS_Throne_only's Declare Attackers Step
Combat: Ai(2)-GGS_Throne_only assigned Hope of Ghirapur (149) to attack Ai(3)-Jaymie_Ezio.
Phase: Ai(2)-GGS_Throne_only's Declare Blockers Step
Combat: Ai(3)-Jaymie_Ezio didn't block Hope of Ghirapur (149).
Phase: Ai(2)-GGS_Throne_only's First Strike Damage Step
Phase: Ai(2)-GGS_Throne_only's Combat Damage Step
Damage: Hope of Ghirapur (149) deals 3 combat damage to Ai(3)-Jaymie_Ezio.
Life: Life: Ai(3)-Jaymie_Ezio 37 > 34
Add To Stack: Ai(2)-GGS_Throne_only triggered Sword of Feast and Famine
Discard: Ai(3)-Jaymie_Ezio discards Sword of Feast and Famine (296).
Resolve Stack: Whenever equipped creature deals combat damage to a player, that player discards a card and you untap all lands you control. [Damage Source: Hope of Ghirapur (149), Damaged: Ai(3)-Jaymie_Ezio, Amount: 3]
Phase: Ai(2)-GGS_Throne_only's End of Combat Step
Phase: Ai(2)-GGS_Throne_only's Main phase, postcombat
Mana: Otawara, Soaring City (113) - {T}: Add {U}.
Mana: Raucous Theater (184) - {T}: Add {R}.
Mana: Steam Vents (145) - {T}: Add {R}.
Mana: Command Tower (174) - {T}: Add one mana of any color in your commander's color identity.
Add To Stack: Ai(2)-GGS_Throne_only cast Roaming Throne
Replacement Effect: As Roaming Throne enters, choose a creature type.
Resolve Stack: Roaming Throne - Creature 4 / 4
Mana: Arcane Signet (138) - {T}: Add one mana of any color in your commander's color identity.
Life: Life: Ai(2)-GGS_Throne_only 36 > 35
Mana: Mana Confluence (147) - {T}, Pay 1 life: Add one mana of any color.
Add To Stack: Ai(2)-GGS_Throne_only cast Talisman of Indulgence
Resolve Stack: Talisman of Indulgence
Phase: Ai(2)-GGS_Throne_only's End step
Phase: Ai(2)-GGS_Throne_only's Cleanup step
Turn: Turn 40 (Ai(3)-Jaymie_Ezio)
Phase: Ai(3)-Jaymie_Ezio's Untap step
Phase: Ai(3)-Jaymie_Ezio's Upkeep step
Phase: Ai(3)-Jaymie_Ezio's Draw step
Phase: Ai(3)-Jaymie_Ezio's Main phase, precombat
Land: Ai(3)-Jaymie_Ezio played Mountain (290)
Mana: Chromatic Lantern (299) - {T}: Add one mana of any color.
Mana: Mountain (290) - {T}: Add one mana of any color.
Add To Stack: Ai(3)-Jaymie_Ezio activated Vorpal Sword targeting [Ezio Auditore da Firenze (302)]
Resolve Stack: Vorpal Sword (212) -  Attach to Ezio Auditore da Firenze (302)
Phase: Ai(3)-Jaymie_Ezio's Beginning of Combat Step
Phase: Ai(3)-Jaymie_Ezio's Declare Attackers Step
Phase: Ai(3)-Jaymie_Ezio's Declare Blockers Step
Phase: Ai(3)-Jaymie_Ezio's First Strike Damage Step
Phase: Ai(3)-Jaymie_Ezio's Combat Damage Step
Phase: Ai(3)-Jaymie_Ezio's End of Combat Step
Phase: Ai(3)-Jaymie_Ezio's Main phase, postcombat
Phase: Ai(3)-Jaymie_Ezio's End step
Phase: Ai(3)-Jaymie_Ezio's Cleanup step
Turn: Turn 41 (Ai(4)-Gabe_Food)
Phase: Ai(4)-Gabe_Food's Untap step
Phase: Ai(4)-Gabe_Food's Upkeep step
Phase: Ai(4)-Gabe_Food's Draw step
Phase: Ai(4)-Gabe_Food's Main phase, precombat
Land: Ai(4)-Gabe_Food played Ash Barrens (375)
Mana: Plains (392) - {T}: Add {W}.
Mana: Isolated Chapel (346) - {T}: Add {W} or {B}.
Mana: Ash Barrens (375) - {T}: Add {C}.
Mana: Swamp (365) - {T}: Add {B}.
Mana: Swamp (364) - {T}: Add {B}.
Add To Stack: Ai(4)-Gabe_Food cast Dawn
Resolve Stack: Dawn (315) - Return all creature cards with power 2 or less from your graveyard to your hand.
Replacement Effect: Aftermath (Cast this spell only from your graveyard. Then exile it.)
Phase: Ai(4)-Gabe_Food's Beginning of Combat Step
Phase: Ai(4)-Gabe_Food's Declare Attackers Step
Phase: Ai(4)-Gabe_Food's Declare Blockers Step
Phase: Ai(4)-Gabe_Food's First Strike Damage Step
Phase: Ai(4)-Gabe_Food's Combat Damage Step
Phase: Ai(4)-Gabe_Food's End of Combat Step
Phase: Ai(4)-Gabe_Food's Main phase, postcombat
Mana: Canopy Vista (373) - {T}: Add {G}.
Mana: Rogue's Passage (331) - {T}: Add {C}.
Add To Stack: Ai(4)-Gabe_Food cast Prize Pig
Resolve Stack: Prize Pig - Creature 0 / 3
Phase: Ai(4)-Gabe_Food's End step
Phase: Ai(4)-Gabe_Food's Cleanup step
Turn: Turn 42 (Ai(1)-Destyn_Turtles)
Phase: Ai(1)-Destyn_Turtles' Untap step
Phase: Ai(1)-Destyn_Turtles' Upkeep step
Phase: Ai(1)-Destyn_Turtles' Draw step
Phase: Ai(1)-Destyn_Turtles' Main phase, precombat
Phase: Ai(1)-Destyn_Turtles' Beginning of Combat Step
Phase: Ai(1)-Destyn_Turtles' Declare Attackers Step
Phase: Ai(1)-Destyn_Turtles' Declare Blockers Step
Phase: Ai(1)-Destyn_Turtles' First Strike Damage Step
Phase: Ai(1)-Destyn_Turtles' Combat Damage Step
Phase: Ai(1)-Destyn_Turtles' End of Combat Step
Phase: Ai(1)-Destyn_Turtles' Main phase, postcombat
Mana: Sunken Hollow (24) - {T}: Add {B}.
Mana: Path of Ancestry (12) - {T}: Add one mana of any color in your commander's color identity. When that mana is spent to cast a creature spell that shares a creature type with your commander, scry 1. (Look at the top card of your library. You may put that card on the bottom.)
Mana: Ash Barrens (70) - {T}: Add {C}.
Mana: Plains (87) - {T}: Add {W}.
Mana: Hinterland Harbor (23) - {T}: Add {G} or {U}.
Add To Stack: Ai(1)-Destyn_Turtles cast Shredder, Shadow Master
Add To Stack: Ai(1)-Destyn_Turtles triggered Path of Ancestry
Resolve Stack: Ai(1)-Destyn_Turtles scried 1 card(s) to the top of the library
Resolve Stack: When mana produced by Path of Ancestry is spent to cast a creature spell that shares a creature type with your commander, scry 1. ([Shredder, Shadow Master - Creature 5 / 5]) [Card: Shredder, Shadow Master (4), Activator: Ai(1)-Destyn_Turtles, SpellAbility: Shredder, Shadow Master - Creature 5 / 5]
Resolve Stack: Shredder, Shadow Master - Creature 5 / 5
Phase: Ai(1)-Destyn_Turtles' End step
Phase: Ai(1)-Destyn_Turtles' Cleanup step
Turn: Turn 43 (Ai(2)-GGS_Throne_only)
Phase: Ai(2)-GGS_Throne_only's Untap step
Phase: Ai(2)-GGS_Throne_only's Upkeep step
Phase: Ai(2)-GGS_Throne_only's Draw step
Phase: Ai(2)-GGS_Throne_only's Main phase, precombat
Phase: Ai(2)-GGS_Throne_only's Beginning of Combat Step
Phase: Ai(2)-GGS_Throne_only's Declare Attackers Step
Combat: Ai(2)-GGS_Throne_only assigned Hope of Ghirapur (149) to attack Ai(1)-Destyn_Turtles.
Mana: Thriving Grove (25) - {T}: Add {G} or one mana of the chosen color.
Mana: Turtle Lair (69) - {T}: Add {C}.
Zone Change: Food Token (413) was put into Graveyard from Battlefield.
Add To Stack: Ai(1)-Destyn_Turtles activated Food Token
Life: Life: Ai(1)-Destyn_Turtles 39 > 42
Resolve Stack: Food Token (413) - Ai(1)-Destyn_Turtles gains 3 life.
Phase: Ai(2)-GGS_Throne_only's Declare Blockers Step
Combat: Ai(1)-Destyn_Turtles didn't block Hope of Ghirapur (149).
Phase: Ai(2)-GGS_Throne_only's First Strike Damage Step
Phase: Ai(2)-GGS_Throne_only's Combat Damage Step
Damage: Hope of Ghirapur (149) deals 3 combat damage to Ai(1)-Destyn_Turtles.
Life: Life: Ai(1)-Destyn_Turtles 42 > 39
Add To Stack: Ai(2)-GGS_Throne_only triggered Sword of Feast and Famine
Discard: Ai(1)-Destyn_Turtles discards Dimension X Pizzasaur (39).
Resolve Stack: Whenever equipped creature deals combat damage to a player, that player discards a card and you untap all lands you control. [Damage Source: Hope of Ghirapur (149), Damaged: Ai(1)-Destyn_Turtles, Amount: 3]
Phase: Ai(2)-GGS_Throne_only's End of Combat Step
Phase: Ai(2)-GGS_Throne_only's Main phase, postcombat
Mana: Otawara, Soaring City (113) - {T}: Add {U}.
Mana: Raucous Theater (184) - {T}: Add {B}.
Mana: Steam Vents (145) - {T}: Add {R}.
Mana: Command Tower (174) - {T}: Add one mana of any color in your commander's color identity.
Mana: Arcane Signet (138) - {T}: Add one mana of any color in your commander's color identity.
Add To Stack: Ai(2)-GGS_Throne_only cast Goro-Goro and Satoru
Resolve Stack: Goro-Goro and Satoru - Creature 3 / 4
Damage: Talisman of Indulgence (115) deals 1 non-combat damage to Ai(2)-GGS_Throne_only.
Life: Life: Ai(2)-GGS_Throne_only 35 > 34
Mana: Talisman of Indulgence (115) - {T}: Add {B} or {R}. Talisman of Indulgence deals 1 damage to you. 
Add To Stack: Ai(2)-GGS_Throne_only cast Ragavan, Nimble Pilferer
Resolve Stack: Ragavan, Nimble Pilferer - Creature 2 / 1
Phase: Ai(2)-GGS_Throne_only's End step
Phase: Ai(2)-GGS_Throne_only's Cleanup step
Turn: Turn 44 (Ai(3)-Jaymie_Ezio)
Phase: Ai(3)-Jaymie_Ezio's Untap step
Phase: Ai(3)-Jaymie_Ezio's Upkeep step
Phase: Ai(3)-Jaymie_Ezio's Draw step
Phase: Ai(3)-Jaymie_Ezio's Main phase, precombat
Phase: Ai(3)-Jaymie_Ezio's Beginning of Combat Step
Phase: Ai(3)-Jaymie_Ezio's Declare Attackers Step
Phase: Ai(3)-Jaymie_Ezio's Declare Blockers Step
Phase: Ai(3)-Jaymie_Ezio's First Strike Damage Step
Phase: Ai(3)-Jaymie_Ezio's Combat Damage Step
Phase: Ai(3)-Jaymie_Ezio's End of Combat Step
Phase: Ai(3)-Jaymie_Ezio's Main phase, postcombat
Mana: Chromatic Lantern (299) - {T}: Add one mana of any color.
Add To Stack: Ai(3)-Jaymie_Ezio cast Assassin Initiate
Resolve Stack: Assassin Initiate - Creature 1 / 1
Phase: Ai(3)-Jaymie_Ezio's End step
Phase: Ai(3)-Jaymie_Ezio's Cleanup step
Turn: Turn 45 (Ai(4)-Gabe_Food)
Phase: Ai(4)-Gabe_Food's Untap step
Phase: Ai(4)-Gabe_Food's Upkeep step
Phase: Ai(4)-Gabe_Food's Draw step
Phase: Ai(4)-Gabe_Food's Main phase, precombat
Land: Ai(4)-Gabe_Food played Forest (338)
Mana: Forest (338) - {T}: Add {G}.
Mana: Plains (392) - {T}: Add {W}.
Mana: Ash Barrens (375) - {T}: Add {C}.
Mana: Swamp (365) - {T}: Add {B}.
Mana: Swamp (364) - {T}: Add {B}.
Add To Stack: Ai(4)-Gabe_Food cast Sam, Loyal Attendant
Resolve Stack: Sam, Loyal Attendant - Creature 2 / 4
Add To Stack: Ai(4)-Gabe_Food triggered Sam, Loyal Attendant targeting [Ai(4)-Gabe_Food]
Resolve Stack: Partner with Frodo, Adventurous Hobbit (When this creature enters, target player may put Frodo into their hand from their library, then shuffle.) (Targeting: [[Ai(4)-Gabe_Food]]) [Zone Changer: Sam, Loyal Attendant (404)]
Mana: Isolated Chapel (346) - {T}: Add {W} or {B}.
Mana: Canopy Vista (373) - {T}: Add {G}.
Add To Stack: Ai(4)-Gabe_Food cast Pippin, Warden of Isengard
Resolve Stack: Pippin, Warden of Isengard - Creature 2 / 2
Add To Stack: Ai(4)-Gabe_Food triggered Pippin, Warden of Isengard targeting [Ai(4)-Gabe_Food]
Resolve Stack: Partner with Merry, Warden of Isengard (When this creature enters, target player may put Merry into their hand from their library, then shuffle.) (Targeting: [[Ai(4)-Gabe_Food]]) [Zone Changer: Pippin, Warden of Isengard (343)]
Phase: Ai(4)-Gabe_Food's Beginning of Combat Step
Add To Stack: Ai(4)-Gabe_Food triggered Sam, Loyal Attendant
Resolve Stack: At the beginning of combat on your turn, create a Food token. (It's an artifact with "{2}, {T}, Sacrifice this token: You gain 3 life.") [Phase: Ai(4)-Gabe_Food]
Phase: Ai(4)-Gabe_Food's Declare Attackers Step
Phase: Ai(4)-Gabe_Food's Declare Blockers Step
Phase: Ai(4)-Gabe_Food's First Strike Damage Step
Phase: Ai(4)-Gabe_Food's Combat Damage Step
Phase: Ai(4)-Gabe_Food's End of Combat Step
Phase: Ai(4)-Gabe_Food's Main phase, postcombat
Phase: Ai(4)-Gabe_Food's End step
Phase: Ai(4)-Gabe_Food's Cleanup step
Turn: Turn 46 (Ai(1)-Destyn_Turtles)
Phase: Ai(1)-Destyn_Turtles' Untap step
Phase: Ai(1)-Destyn_Turtles' Upkeep step
Phase: Ai(1)-Destyn_Turtles' Draw step
Phase: Ai(1)-Destyn_Turtles' Main phase, precombat
Phase: Ai(1)-Destyn_Turtles' Beginning of Combat Step
Phase: Ai(1)-Destyn_Turtles' Declare Attackers Step
Phase: Ai(1)-Destyn_Turtles' Declare Blockers Step
Phase: Ai(1)-Destyn_Turtles' First Strike Damage Step
Phase: Ai(1)-Destyn_Turtles' Combat Damage Step
Phase: Ai(1)-Destyn_Turtles' End of Combat Step
Phase: Ai(1)-Destyn_Turtles' Main phase, postcombat
Mana: Hinterland Harbor (23) - {T}: Add {G} or {U}.
Mana: Thriving Grove (25) - {T}: Add {G} or one mana of the chosen color.
Mana: Ash Barrens (70) - {T}: Add {C}.
Mana: Plains (87) - {T}: Add {W}.
Add To Stack: Ai(1)-Destyn_Turtles cast Harmonize
Life: Life: Ai(2)-GGS_Throne_only 34 > 33
Mana: Mana Confluence (147) - {T}, Pay 1 life: Add one mana of any color.
Add To Stack: Ai(2)-GGS_Throne_only cast An Offer You Can't Refuse targeting [Draw three cards.]
Zone Change: Send countered spell to Graveyard
Resolve Stack: An Offer You Can't Refuse (165) - Counter Harmonize (63). Its controller creates two Treasure tokens.
Add To Stack: Ai(1)-Destyn_Turtles triggered Leonardo, the Balance
Add To Stack: Ai(1)-Destyn_Turtles triggered Leonardo, the Balance
Resolve Stack: Whenever a token you control enters, you may put a +1/+1 counter on each creature you control. Do this only once each turn. [Zone Changer: Treasure Token (429)]
Resolve Stack: Whenever a token you control enters, you may put a +1/+1 counter on each creature you control. Do this only once each turn. [Zone Changer: Treasure Token (428)]
Mana: Path of Ancestry (12) - {T}: Add one mana of any color in your commander's color identity. When that mana is spent to cast a creature spell that shares a creature type with your commander, scry 1. (Look at the top card of your library. You may put that card on the bottom.)
Mana: Sunken Hollow (24) - {T}: Add {B}.
Mana: Turtle Lair (69) - {T}: Add {C}.
Zone Change: Treasure Token (429) was put into Graveyard from Battlefield.
Mana: Treasure Token (429) - {T}, Sacrifice this token: Add one mana of any color.
Add To Stack: Ai(1)-Destyn_Turtles cast Michelangelo, the Heart
Add To Stack: Ai(1)-Destyn_Turtles triggered Path of Ancestry
Resolve Stack: Ai(1)-Destyn_Turtles scried 1 card(s) to the bottom of the library
Resolve Stack: When mana produced by Path of Ancestry is spent to cast a creature spell that shares a creature type with your commander, scry 1. ([Michelangelo, the Heart - Creature 2 / 1]) [Card: Michelangelo, the Heart (99), Activator: Ai(1)-Destyn_Turtles, SpellAbility: Michelangelo, the Heart - Creature 2 / 1]
Resolve Stack: Michelangelo, the Heart - Creature 2 / 1
Phase: Ai(1)-Destyn_Turtles' End step
Phase: Ai(1)-Destyn_Turtles' Cleanup step
Turn: Turn 47 (Ai(2)-GGS_Throne_only)
Phase: Ai(2)-GGS_Throne_only's Untap step
Phase: Ai(2)-GGS_Throne_only's Upkeep step
Phase: Ai(2)-GGS_Throne_only's Draw step
Phase: Ai(2)-GGS_Throne_only's Main phase, precombat
Land: Ai(2)-GGS_Throne_only played Mountain (195)
Phase: Ai(2)-GGS_Throne_only's Beginning of Combat Step
Phase: Ai(2)-GGS_Throne_only's Declare Attackers Step
Phase: Ai(2)-GGS_Throne_only's Declare Blockers Step
Phase: Ai(2)-GGS_Throne_only's First Strike Damage Step
Phase: Ai(2)-GGS_Throne_only's Combat Damage Step
Phase: Ai(2)-GGS_Throne_only's End of Combat Step
Phase: Ai(2)-GGS_Throne_only's Main phase, postcombat
Mana: Otawara, Soaring City (113) - {T}: Add {U}.
Mana: Steam Vents (145) - {T}: Add {U}.
Mana: Mountain (195) - {T}: Add {R}.
Add To Stack: Ai(2)-GGS_Throne_only cast Grazilaxx, Illithid Scholar
Resolve Stack: Grazilaxx, Illithid Scholar - Creature 3 / 2
Phase: Ai(2)-GGS_Throne_only's End step
Phase: Ai(2)-GGS_Throne_only's Cleanup step
Turn: Turn 48 (Ai(3)-Jaymie_Ezio)
Phase: Ai(3)-Jaymie_Ezio's Untap step
Phase: Ai(3)-Jaymie_Ezio's Upkeep step
Phase: Ai(3)-Jaymie_Ezio's Draw step
Phase: Ai(3)-Jaymie_Ezio's Main phase, precombat
Phase: Ai(3)-Jaymie_Ezio's Beginning of Combat Step
Phase: Ai(3)-Jaymie_Ezio's Declare Attackers Step
Phase: Ai(3)-Jaymie_Ezio's Declare Blockers Step
Phase: Ai(3)-Jaymie_Ezio's First Strike Damage Step
Phase: Ai(3)-Jaymie_Ezio's Combat Damage Step
Phase: Ai(3)-Jaymie_Ezio's End of Combat Step
Phase: Ai(3)-Jaymie_Ezio's Main phase, postcombat
Mana: Chromatic Lantern (299) - {T}: Add one mana of any color.
Mana: Mountain (290) - {T}: Add one mana of any color.
Mana: Thriving Grove (229) - {T}: Add one mana of any color.
Discard: Ai(3)-Jaymie_Ezio discards Twisted Landscape (211).
Add To Stack: Ai(3)-Jaymie_Ezio activated Twisted Landscape
Resolve Stack: Twisted Landscape (211) - Ai(3)-Jaymie_Ezio draws a card.
Mana: Cinder Glade (220) - {T}: Add one mana of any color.
Mana: Smoldering Marsh (273) - {T}: Add {R}.
Mana: Command Tower (234) - {T}: Add one mana of any color.
Add To Stack: Ai(3)-Jaymie_Ezio cast Caduceus, Staff of Hermes
Resolve Stack: Caduceus, Staff of Hermes
Mana: Twilight Mire (271) - {T}: Add one mana of any color.
Mana: Kessig Wolf Run (206) - {T}: Add one mana of any color.
Add To Stack: Ai(3)-Jaymie_Ezio activated Caduceus, Staff of Hermes targeting [Ezio Auditore da Firenze (302)]
Resolve Stack: Caduceus, Staff of Hermes (219) -  Attach to Ezio Auditore da Firenze (302)
Phase: Ai(3)-Jaymie_Ezio's End step
Phase: Ai(3)-Jaymie_Ezio's Cleanup step
Turn: Turn 49 (Ai(4)-Gabe_Food)
Phase: Ai(4)-Gabe_Food's Untap step
Phase: Ai(4)-Gabe_Food's Upkeep step
Phase: Ai(4)-Gabe_Food's Draw step
Phase: Ai(4)-Gabe_Food's Main phase, precombat
Replacement Effect: As Shineshadow Snarl enters, you may reveal a Plains or Swamp card from your hand. If you don't, Shineshadow Snarl enters tapped.
Land: Ai(4)-Gabe_Food played Shineshadow Snarl (323)
Phase: Ai(4)-Gabe_Food's Beginning of Combat Step
Add To Stack: Ai(4)-Gabe_Food triggered Sam, Loyal Attendant
Resolve Stack: At the beginning of combat on your turn, create a Food token. (It's an artifact with "{2}, {T}, Sacrifice this token: You gain 3 life.") [Phase: Ai(4)-Gabe_Food]
Phase: Ai(4)-Gabe_Food's Declare Attackers Step
Phase: Ai(4)-Gabe_Food's Declare Blockers Step
Phase: Ai(4)-Gabe_Food's First Strike Damage Step
Phase: Ai(4)-Gabe_Food's Combat Damage Step
Phase: Ai(4)-Gabe_Food's End of Combat Step
Phase: Ai(4)-Gabe_Food's Main phase, postcombat
Mana: Forest (338) - {T}: Add {G}.
Mana: Ash Barrens (375) - {T}: Add {C}.
Mana: Swamp (365) - {T}: Add {B}.
Mana: Swamp (364) - {T}: Add {B}.
Mana: Plains (392) - {T}: Add {W}.
Mana: Isolated Chapel (346) - {T}: Add {W} or {B}.
Add To Stack: Ai(4)-Gabe_Food cast Generous Ent
Resolve Stack: Generous Ent - Creature 5 / 7
Add To Stack: Ai(4)-Gabe_Food triggered Generous Ent
Resolve Stack: When Generous Ent enters, create a Food token. (It's an artifact with "{2}, {T}, Sacrifice this token: You gain 3 life.") [Zone Changer: Generous Ent (379)]
Mana: Canopy Vista (373) - {T}: Add {W}.
Mana: Prize Pig (332) - {T}: Add one mana of any color.
Mana: Rogue's Passage (331) - {T}: Add {C}.
Add To Stack: Ai(4)-Gabe_Food cast Merry, Warden of Isengard
Resolve Stack: Merry, Warden of Isengard - Creature 1 / 4
Add To Stack: Ai(4)-Gabe_Food triggered Merry, Warden of Isengard targeting [Ai(4)-Gabe_Food]
Resolve Stack: Partner with Pippin, Warden of Isengard (When this creature enters, target player may put Pippin into their hand from their library, then shuffle.) (Targeting: [[Ai(4)-Gabe_Food]]) [Zone Changer: Merry, Warden of Isengard (309)]
Phase: Ai(4)-Gabe_Food's End step
Phase: Ai(4)-Gabe_Food's Cleanup step
Turn: Turn 50 (Ai(1)-Destyn_Turtles)
Phase: Ai(1)-Destyn_Turtles' Untap step
Phase: Ai(1)-Destyn_Turtles' Upkeep step
Phase: Ai(1)-Destyn_Turtles' Draw step
Phase: Ai(1)-Destyn_Turtles' Main phase, precombat
Mana: Path of Ancestry (12) - {T}: Add one mana of any color in your commander's color identity. When that mana is spent to cast a creature spell that shares a creature type with your commander, scry 1. (Look at the top card of your library. You may put that card on the bottom.)
Mana: Ash Barrens (70) - {T}: Add {C}.
Mana: Plains (87) - {T}: Add {W}.
Mana: Hinterland Harbor (23) - {T}: Add {G} or {U}.
Mana: Thriving Grove (25) - {T}: Add {G} or one mana of the chosen color.
Add To Stack: Ai(1)-Destyn_Turtles cast Fast Forward
Resolve Stack: Fast Forward (31) - Ai(1)-Destyn_Turtles goads Hope of Ghirapur (149), Roaming Throne (110), Goro-Goro and Satoru (201), Ragavan, Nimble Pilferer (186), Grazilaxx, Illithid Scholar (105), Ezio Auditore da Firenze (302), Assassin Initiate (253), Gwaihir, Greatest of the Eagles (393), Prize Pig (332), Sam, Loyal Attendant (404), Pippin, Warden of Isengard (343), Generous Ent (379) and Merry, Warden of Isengard (309).
Phase: Ai(1)-Destyn_Turtles' Beginning of Combat Step
Phase: Ai(1)-Destyn_Turtles' Declare Attackers Step
Phase: Ai(1)-Destyn_Turtles' Declare Blockers Step
Phase: Ai(1)-Destyn_Turtles' First Strike Damage Step
Phase: Ai(1)-Destyn_Turtles' Combat Damage Step
Phase: Ai(1)-Destyn_Turtles' End of Combat Step
Phase: Ai(1)-Destyn_Turtles' Main phase, postcombat
Mana: Sunken Hollow (24) - {T}: Add {B}.
Mana: Turtle Lair (69) - {T}: Add {C}.
Add To Stack: Ai(1)-Destyn_Turtles cast Everything Pizza
Resolve Stack: Everything Pizza
Add To Stack: Ai(1)-Destyn_Turtles triggered Everything Pizza
Resolve Stack: When this artifact enters, search your library for a basic land card, reveal it, put it into your hand, then shuffle. [Zone Changer: Everything Pizza (66)]
Phase: Ai(1)-Destyn_Turtles' End step
Phase: Ai(1)-Destyn_Turtles' Cleanup step
Turn: Turn 51 (Ai(2)-GGS_Throne_only)
Phase: Ai(2)-GGS_Throne_only's Untap step
Phase: Ai(2)-GGS_Throne_only's Upkeep step
Phase: Ai(2)-GGS_Throne_only's Draw step
Phase: Ai(2)-GGS_Throne_only's Main phase, precombat
Phase: Ai(2)-GGS_Throne_only's Beginning of Combat Step
Phase: Ai(2)-GGS_Throne_only's Declare Attackers Step
Combat: Ai(2)-GGS_Throne_only assigned Hope of Ghirapur (149), Roaming Throne (110), Goro-Goro and Satoru (201), Grazilaxx, Illithid Scholar (105) and Ragavan, Nimble Pilferer (186) to attack Ai(3)-Jaymie_Ezio.
Add To Stack: Ai(2)-GGS_Throne_only triggered Phoenix Chick
Mana: Mountain (195) - {T}: Add {R}.
Mana: Steam Vents (145) - {T}: Add {R}.
Resolve Stack: Whenever you attack with three or more creatures, you may pay {R}{R}. If you do, return Phoenix Chick from your graveyard to the battlefield tapped and attacking with a +1/+1 counter on it. [Number Attackers: [Hope of Ghirapur (149), Roaming Throne (110), Goro-Goro and Satoru (201), Grazilaxx, Illithid Scholar (105), Ragavan, Nimble Pilferer (186)]]
Phase: Ai(2)-GGS_Throne_only's Declare Blockers Step
Combat: Ai(3)-Jaymie_Ezio didn't block Hope of Ghirapur (149).
Ai(3)-Jaymie_Ezio assigned Ezio Auditore da Firenze (302) to block Roaming Throne (110).
Ai(3)-Jaymie_Ezio didn't block Goro-Goro and Satoru (201).
Ai(3)-Jaymie_Ezio didn't block Grazilaxx, Illithid Scholar (105).
Ai(3)-Jaymie_Ezio didn't block Ragavan, Nimble Pilferer (186).
Ai(3)-Jaymie_Ezio didn't block Phoenix Chick (171).
Add To Stack: Ai(2)-GGS_Throne_only triggered Grazilaxx, Illithid Scholar
Resolve Stack: Whenever a creature you control becomes blocked, you may return it to its owner's hand. [Attacker: Roaming Throne (110), Number Blockers: 1]
Phase: Ai(2)-GGS_Throne_only's First Strike Damage Step
Phase: Ai(2)-GGS_Throne_only's Combat Damage Step
Damage: Hope of Ghirapur (149) deals 3 combat damage to Ai(3)-Jaymie_Ezio.
Damage: Goro-Goro and Satoru (201) deals 3 combat damage to Ai(3)-Jaymie_Ezio.
Damage: Grazilaxx, Illithid Scholar (105) deals 3 combat damage to Ai(3)-Jaymie_Ezio.
Damage: Ragavan, Nimble Pilferer (186) deals 2 combat damage to Ai(3)-Jaymie_Ezio.
Damage: Phoenix Chick (171) deals 2 combat damage to Ai(3)-Jaymie_Ezio.
Life: Life: Ai(3)-Jaymie_Ezio 34 > 21
Add To Stack: Ai(2)-GGS_Throne_only triggered Sword of Feast and Famine
Add To Stack: Ai(2)-GGS_Throne_only triggered Grazilaxx, Illithid Scholar
Add To Stack: Ai(2)-GGS_Throne_only triggered Ragavan, Nimble Pilferer
Add To Stack: Ai(2)-GGS_Throne_only triggered Goro-Goro and Satoru
Resolve Stack: Whenever one or more creatures you control that entered this turn deal combat damage to a player, create a 5/5 red Dragon Spirit creature token with flying. [Damaged: Ai(3)-Jaymie_Ezio, Amount: 2]
Resolve Stack: Whenever Ragavan, Nimble Pilferer deals combat damage to a player, create a Treasure token and exile the top card of that player's library. Until end of turn, you may cast that card. [Damage Source: Ragavan, Nimble Pilferer (186), Damaged: Ai(3)-Jaymie_Ezio, Amount: 2]
Resolve Stack: Whenever one or more creatures you control deal combat damage to a player, draw a card. [Damaged: Ai(3)-Jaymie_Ezio, Amount: 13]
Resolve Stack: Whenever equipped creature deals combat damage to a player, that player discards a card and you untap all lands you control. [Damage Source: Hope of Ghirapur (149), Damaged: Ai(3)-Jaymie_Ezio, Amount: 3]
Phase: Ai(2)-GGS_Throne_only's End of Combat Step
Phase: Ai(2)-GGS_Throne_only's Main phase, postcombat
Mana: Mountain (195) - {T}: Add {R}.
Mana: Otawara, Soaring City (113) - {T}: Add {U}.
Mana: Raucous Theater (184) - {T}: Add {R}.
Mana: Steam Vents (145) - {T}: Add {R}.
Add To Stack: Ai(2)-GGS_Throne_only cast Roaming Throne
Replacement Effect: As Roaming Throne enters, choose a creature type.
Resolve Stack: Roaming Throne - Creature 4 / 4
Mana: Command Tower (174) - {T}: Add one mana of any color in your commander's color identity.
Mana: Arcane Signet (138) - {T}: Add one mana of any color in your commander's color identity.
Mana: Talisman of Indulgence (115) - {T}: Add {C}.
Add To Stack: Ai(2)-GGS_Throne_only cast Professional Face-Breaker
Resolve Stack: Professional Face-Breaker - Creature 2 / 3
Zone Change: Treasure Token (483) was put into Graveyard from Battlefield.
Mana: Treasure Token (483) - {T}, Sacrifice this token: Add one mana of any color.
Life: Life: Ai(2)-GGS_Throne_only 33 > 32
Mana: Mana Confluence (147) - {T}, Pay 1 life: Add one mana of any color.
Add To Stack: Ai(2)-GGS_Throne_only cast Cover of Darkness
Replacement Effect: As Cover of Darkness enters, choose a creature type.
Resolve Stack: Cover of Darkness
Phase: Ai(2)-GGS_Throne_only's End step
Phase: Ai(2)-GGS_Throne_only's Cleanup step
Turn: Turn 52 (Ai(3)-Jaymie_Ezio)
Phase: Ai(3)-Jaymie_Ezio's Untap step
Phase: Ai(3)-Jaymie_Ezio's Upkeep step
Phase: Ai(3)-Jaymie_Ezio's Draw step
Phase: Ai(3)-Jaymie_Ezio's Main phase, precombat
Phase: Ai(3)-Jaymie_Ezio's Beginning of Combat Step
Phase: Ai(3)-Jaymie_Ezio's Declare Attackers Step
Combat: Ai(3)-Jaymie_Ezio assigned Ezio Auditore da Firenze (302) and Assassin Initiate (253) to attack Ai(2)-GGS_Throne_only.
Phase: Ai(3)-Jaymie_Ezio's Declare Blockers Step
Combat: Ai(2)-GGS_Throne_only didn't block Ezio Auditore da Firenze (302).
Ai(2)-GGS_Throne_only assigned Roaming Throne (110) to block Assassin Initiate (253).
Mana: Chromatic Lantern (299) - {T}: Add one mana of any color.
Mana: Mountain (290) - {T}: Add {R}.
Mana: Thriving Grove (229) - {T}: Add {G} or one mana of the chosen color.
Mana: Cinder Glade (220) - {T}: Add {G}.
Mana: Smoldering Marsh (273) - {T}: Add {R}.
Mana: Command Tower (234) - {T}: Add one mana of any color.
Mana: Twilight Mire (271) - {T}: Add {C}.
Add To Stack: Ai(3)-Jaymie_Ezio activated Kessig Wolf Run targeting [Ezio Auditore da Firenze (302)]
Resolve Stack: Kessig Wolf Run (206) - Ezio Auditore da Firenze (302) gets +5/+0 and gains trample until end of turn. (X=5)
Phase: Ai(3)-Jaymie_Ezio's First Strike Damage Step
Phase: Ai(3)-Jaymie_Ezio's Combat Damage Step
Damage: Ezio Auditore da Firenze (302) deals 10 combat damage to Ai(2)-GGS_Throne_only.
Life: Life: Ai(3)-Jaymie_Ezio 21 > 31
Damage: Assassin Initiate (253) deals 1 damage to Roaming Throne (110).
Damage: Roaming Throne (110) deals 4 damage to Assassin Initiate (253).
Life: Life: Ai(2)-GGS_Throne_only 32 > 22
Zone Change: Assassin Initiate (253) was put into Graveyard from Battlefield.
Add To Stack: Ai(3)-Jaymie_Ezio triggered Ezio Auditore da Firenze
Add To Stack: Ai(3)-Jaymie_Ezio triggered Vraska Joins Up
Player Control: Ai(1)-Destyn_Turtles has restored control over themself
Player Control: Ai(2)-GGS_Throne_only has restored control over themself
Player Control: Ai(3)-Jaymie_Ezio has restored control over themself
Player Control: Ai(4)-Gabe_Food has restored control over themself
Game Outcome: Match Duration 3m : 58s
Game Outcome: Turn 26
Game Outcome: Ai(1)-Destyn_Turtles has won because all opponents have lost
Game Outcome: Ai(2)-GGS_Throne_only has won because all opponents have lost
Game Outcome: Ai(3)-Jaymie_Ezio has won because all opponents have lost
Game Outcome: Ai(4)-Gabe_Food has won because all opponents have lost
Match Result: Ai(1)-Destyn_Turtles: 0 Ai(2)-GGS_Throne_only: 0 Ai(3)-Jaymie_Ezio: 0 Ai(4)-Gabe_Food: 1 

Game Result: Game 1 ended in 240083 ms. Ai(4)-Gabe_Food has won!

