Error handling registered!
20:48:00 [INFO ] GuiBase: ##########################################
20:48:00 [INFO ] GuiBase: APP: Forge v.2.0.15-SNAPSHOT-09.28
20:48:00 [INFO ] GuiBase: Java: 17.0.20 (Ubuntu)
20:48:00 [INFO ] GuiBase: OS: Linux 6.18.44 amd64
20:48:00 [INFO ] GuiBase: RAM: 1536 MB max, 8 CPUs
20:48:00 [INFO ] GuiBase: ##########################################
Language 'en-US' loaded successfully.
(ThreadUtil first call): Running with priority 5
Read cards: 34010 archived files in 1 ms (25 parts) using thread pool
Upcoming set Star Trek (TRK) dated in the future. All `upcoming` cards will be added to this set with unknown rarity.
The card A-Alrund's Epiphany was not assigned to any set. Adding it to UNKNOWN set... to fix see res/editions/ folder. 
The card A-Baba Lysaga, Night Witch was not assigned to any set. Adding it to UNKNOWN set... to fix see res/editions/ folder. 
The card A-Divide by Zero was not assigned to any set. Adding it to UNKNOWN set... to fix see res/editions/ folder. 
The card A-Esika's Chariot was not assigned to any set. Adding it to UNKNOWN set... to fix see res/editions/ folder. 
The card A-Faceless Haven was not assigned to any set. Adding it to UNKNOWN set... to fix see res/editions/ folder. 
The card A-Fires of Invention was not assigned to any set. Adding it to UNKNOWN set... to fix see res/editions/ folder. 
The card A-Goldspan Dragon was not assigned to any set. Adding it to UNKNOWN set... to fix see res/editions/ folder. 
The card A-Hullbreaker Horror was not assigned to any set. Adding it to UNKNOWN set... to fix see res/editions/ folder. 
The card A-Kumano Faces Kakkazan was not assigned to any set. Adding it to UNKNOWN set... to fix see res/editions/ folder. 
The card A-Luminarch Aspirant was not assigned to any set. Adding it to UNKNOWN set... to fix see res/editions/ folder. 
The card A-Monster Manual was not assigned to any set. Adding it to UNKNOWN set... to fix see res/editions/ folder. 
The card A-Omnath, Locus of Creation was not assigned to any set. Adding it to UNKNOWN set... to fix see res/editions/ folder. 
The card A-The Meathook Massacre was not assigned to any set. Adding it to UNKNOWN set... to fix see res/editions/ folder. 
The card A-Unholy Heat was not assigned to any set. Adding it to UNKNOWN set... to fix see res/editions/ folder. 
The card Blinding Radiance was not assigned to any set. Adding it to UNKNOWN set... to fix see res/editions/ folder. 
The card Goblin Bruiser was not assigned to any set. Adding it to UNKNOWN set... to fix see res/editions/ folder. 
The card Ogre Painbringer was not assigned to any set. Adding it to UNKNOWN set... to fix see res/editions/ folder. 
The card Titanic Pelagosaur was not assigned to any set. Adding it to UNKNOWN set... to fix see res/editions/ folder. 
The card Treetop Recluse was not assigned to any set. Adding it to UNKNOWN set... to fix see res/editions/ folder. 
Upcoming set Star Trek (TRK) dated in the future. All `upcoming` cards will be added to this set with unknown rarity.
Read cards: 854 files in 0 ms (8 parts) using thread pool
Simulation mode
Ai(1)-Destyn_Turtles vs Ai(2)-GGS_Herald_diagnostic vs Ai(3)-Jaymie_Ezio vs Ai(4)-Gabe_Food - one game of Commander seed 20260930
Warning: default (ie. inherited from base class) implementation of confirmAction is used by Goro-Goro and Satoru for forge.ai.ability.PermanentCreatureAi. Consider declaring an overloaded method
Warning: default (ie. inherited from base class) implementation of confirmAction is used by Ezio Auditore da Firenze for forge.ai.ability.PermanentCreatureAi. Consider declaring an overloaded method
Warning: default (ie. inherited from base class) implementation of confirmAction is used by Ezio Auditore da Firenze for forge.ai.ability.PermanentCreatureAi. Consider declaring an overloaded method
Stopping slow match as draw
Mulligan: Ai(2)-GGS_Herald_diagnostic has mulliganed down to 7 cards.
Mulligan: Ai(2)-GGS_Herald_diagnostic has mulliganed down to 6 cards.
Mulligan: Ai(4)-Gabe_Food has kept a hand of 7 cards
Mulligan: Ai(1)-Destyn_Turtles has kept a hand of 7 cards
Mulligan: Ai(2)-GGS_Herald_diagnostic has kept a hand of 6 cards
Mulligan: Ai(3)-Jaymie_Ezio has kept a hand of 7 cards
Turn: Turn 1 (Ai(4)-Gabe_Food)
Phase: Ai(4)-Gabe_Food's Untap step
Phase: Ai(4)-Gabe_Food's Upkeep step
Phase: Ai(4)-Gabe_Food's Draw step
Phase: Ai(4)-Gabe_Food's Main phase, precombat
Land: Ai(4)-Gabe_Food played Swamp (365)
Phase: Ai(4)-Gabe_Food's Beginning of Combat Step
Phase: Ai(4)-Gabe_Food's Declare Attackers Step
Phase: Ai(4)-Gabe_Food's Declare Blockers Step
java.lang.InterruptedException
	at java.base/java.util.concurrent.FutureTask.awaitDone(FutureTask.java:418)
	at java.base/java.util.concurrent.FutureTask.get(FutureTask.java:203)
	at forge.ai.AiController.chooseSpellAbilityToPlayFromList(AiController.java:1686)
	at forge.ai.AiController.getSpellAbilityToPlay(AiController.java:1577)
	at forge.ai.AiController.chooseSpellAbilityToPlay(AiController.java:1397)
	at forge.ai.PlayerControllerAi.chooseSpellAbilityToPlay(PlayerControllerAi.java:833)
	at forge.game.phase.PhaseHandler.mainLoopStep(PhaseHandler.java:1056)
	at forge.game.phase.PhaseHandler.mainGameLoop(PhaseHandler.java:1035)
	at forge.game.phase.PhaseHandler.startFirstTurn(PhaseHandler.java:1029)
	at forge.game.GameAction.startGame(GameAction.java:2373)
	at forge.game.Match.startGame(Match.java:92)
Phase: Ai(4)-Gabe_Food's First Strike Damage Step
	at forge.game.Match.startGame(Match.java:77)
Phase: Ai(4)-Gabe_Food's Combat Damage Step
	at forge.view.SimulateMatch.lambda$simulateSingleMatch$0(SimulateMatch.java:219)
Phase: Ai(4)-Gabe_Food's End of Combat Step
	at forge.view.TimeLimitedCodeBlock.lambda$runWithTimeout$0(TimeLimitedCodeBlock.java:18)
Phase: Ai(4)-Gabe_Food's Main phase, postcombat
	at java.base/java.util.concurrent.FutureTask.run(FutureTask.java:264)
Phase: Ai(4)-Gabe_Food's End step
	at java.base/java.util.concurrent.ThreadPoolExecutor.runWorker(ThreadPoolExecutor.java:1136)
Phase: Ai(4)-Gabe_Food's Cleanup step
	at java.base/java.util.concurrent.ThreadPoolExecutor$Worker.run(ThreadPoolExecutor.java:635)
Turn: Turn 2 (Ai(1)-Destyn_Turtles)
	at java.base/java.lang.Thread.run(Thread.java:840)
Phase: Ai(1)-Destyn_Turtles' Untap step
Phase: Ai(1)-Destyn_Turtles' Upkeep step
Phase: Ai(1)-Destyn_Turtles' Draw step
Phase: Ai(1)-Destyn_Turtles' Main phase, precombat
Replacement Effect: Sunken Hollow enters tapped unless you control two or more basic lands.
Land: Ai(1)-Destyn_Turtles played Sunken Hollow (24)
Phase: Ai(1)-Destyn_Turtles' Beginning of Combat Step
Phase: Ai(1)-Destyn_Turtles' Declare Attackers Step
Phase: Ai(1)-Destyn_Turtles' Declare Blockers Step
Phase: Ai(1)-Destyn_Turtles' First Strike Damage Step
Phase: Ai(1)-Destyn_Turtles' Combat Damage Step
Phase: Ai(1)-Destyn_Turtles' End of Combat Step
Phase: Ai(1)-Destyn_Turtles' Main phase, postcombat
Phase: Ai(1)-Destyn_Turtles' End step
Phase: Ai(1)-Destyn_Turtles' Cleanup step
Turn: Turn 3 (Ai(2)-GGS_Herald_diagnostic)
Phase: Ai(2)-GGS_Herald_diagnostic's Untap step
Phase: Ai(2)-GGS_Herald_diagnostic's Upkeep step
Phase: Ai(2)-GGS_Herald_diagnostic's Draw step
Phase: Ai(2)-GGS_Herald_diagnostic's Main phase, precombat
Land: Ai(2)-GGS_Herald_diagnostic played Island (174)
Phase: Ai(2)-GGS_Herald_diagnostic's Beginning of Combat Step
Phase: Ai(2)-GGS_Herald_diagnostic's Declare Attackers Step
Phase: Ai(2)-GGS_Herald_diagnostic's Declare Blockers Step
Phase: Ai(2)-GGS_Herald_diagnostic's First Strike Damage Step
Phase: Ai(2)-GGS_Herald_diagnostic's Combat Damage Step
Phase: Ai(2)-GGS_Herald_diagnostic's End of Combat Step
Phase: Ai(2)-GGS_Herald_diagnostic's Main phase, postcombat
Phase: Ai(2)-GGS_Herald_diagnostic's End step
Phase: Ai(2)-GGS_Herald_diagnostic's Cleanup step
Turn: Turn 4 (Ai(3)-Jaymie_Ezio)
Phase: Ai(3)-Jaymie_Ezio's Untap step
Phase: Ai(3)-Jaymie_Ezio's Upkeep step
Phase: Ai(3)-Jaymie_Ezio's Draw step
Phase: Ai(3)-Jaymie_Ezio's Main phase, precombat
Land: Ai(3)-Jaymie_Ezio played Command Tower (234)
Phase: Ai(3)-Jaymie_Ezio's Beginning of Combat Step
Phase: Ai(3)-Jaymie_Ezio's Declare Attackers Step
Phase: Ai(3)-Jaymie_Ezio's Declare Blockers Step
Phase: Ai(3)-Jaymie_Ezio's First Strike Damage Step
Phase: Ai(3)-Jaymie_Ezio's Combat Damage Step
Phase: Ai(3)-Jaymie_Ezio's End of Combat Step
Phase: Ai(3)-Jaymie_Ezio's Main phase, postcombat
Phase: Ai(3)-Jaymie_Ezio's End step
Phase: Ai(3)-Jaymie_Ezio's Cleanup step
Turn: Turn 5 (Ai(4)-Gabe_Food)
Phase: Ai(4)-Gabe_Food's Untap step
Phase: Ai(4)-Gabe_Food's Upkeep step
Phase: Ai(4)-Gabe_Food's Draw step
Phase: Ai(4)-Gabe_Food's Main phase, precombat
Land: Ai(4)-Gabe_Food played Rogue's Passage (331)
Phase: Ai(4)-Gabe_Food's Beginning of Combat Step
Phase: Ai(4)-Gabe_Food's Declare Attackers Step
Phase: Ai(4)-Gabe_Food's Declare Blockers Step
Phase: Ai(4)-Gabe_Food's First Strike Damage Step
Phase: Ai(4)-Gabe_Food's Combat Damage Step
Phase: Ai(4)-Gabe_Food's End of Combat Step
Phase: Ai(4)-Gabe_Food's Main phase, postcombat
Phase: Ai(4)-Gabe_Food's End step
Phase: Ai(4)-Gabe_Food's Cleanup step
Turn: Turn 6 (Ai(1)-Destyn_Turtles)
Phase: Ai(1)-Destyn_Turtles' Untap step
Phase: Ai(1)-Destyn_Turtles' Upkeep step
Phase: Ai(1)-Destyn_Turtles' Draw step
Phase: Ai(1)-Destyn_Turtles' Main phase, precombat
Replacement Effect: Path of Ancestry enters tapped.
Land: Ai(1)-Destyn_Turtles played Path of Ancestry (12)
Phase: Ai(1)-Destyn_Turtles' Beginning of Combat Step
Phase: Ai(1)-Destyn_Turtles' Declare Attackers Step
Phase: Ai(1)-Destyn_Turtles' Declare Blockers Step
Phase: Ai(1)-Destyn_Turtles' First Strike Damage Step
Phase: Ai(1)-Destyn_Turtles' Combat Damage Step
Phase: Ai(1)-Destyn_Turtles' End of Combat Step
Phase: Ai(1)-Destyn_Turtles' Main phase, postcombat
Phase: Ai(1)-Destyn_Turtles' End step
Phase: Ai(1)-Destyn_Turtles' Cleanup step
Turn: Turn 7 (Ai(2)-GGS_Herald_diagnostic)
Phase: Ai(2)-GGS_Herald_diagnostic's Untap step
Phase: Ai(2)-GGS_Herald_diagnostic's Upkeep step
Phase: Ai(2)-GGS_Herald_diagnostic's Draw step
Phase: Ai(2)-GGS_Herald_diagnostic's Main phase, precombat
Replacement Effect: As Steam Vents enters, you may pay 2 life. If you don't, it enters tapped.
Land: Ai(2)-GGS_Herald_diagnostic played Steam Vents (145)
Phase: Ai(2)-GGS_Herald_diagnostic's Beginning of Combat Step
Phase: Ai(2)-GGS_Herald_diagnostic's Declare Attackers Step
Phase: Ai(2)-GGS_Herald_diagnostic's Declare Blockers Step
Phase: Ai(2)-GGS_Herald_diagnostic's First Strike Damage Step
Phase: Ai(2)-GGS_Herald_diagnostic's Combat Damage Step
Phase: Ai(2)-GGS_Herald_diagnostic's End of Combat Step
Phase: Ai(2)-GGS_Herald_diagnostic's Main phase, postcombat
Phase: Ai(2)-GGS_Herald_diagnostic's End step
Phase: Ai(2)-GGS_Herald_diagnostic's Cleanup step
Turn: Turn 8 (Ai(3)-Jaymie_Ezio)
Phase: Ai(3)-Jaymie_Ezio's Untap step
Phase: Ai(3)-Jaymie_Ezio's Upkeep step
Phase: Ai(3)-Jaymie_Ezio's Draw step
Phase: Ai(3)-Jaymie_Ezio's Main phase, precombat
Land: Ai(3)-Jaymie_Ezio played Twilight Mire (271)
Phase: Ai(3)-Jaymie_Ezio's Beginning of Combat Step
Phase: Ai(3)-Jaymie_Ezio's Declare Attackers Step
Phase: Ai(3)-Jaymie_Ezio's Declare Blockers Step
Phase: Ai(3)-Jaymie_Ezio's First Strike Damage Step
Phase: Ai(3)-Jaymie_Ezio's Combat Damage Step
Phase: Ai(3)-Jaymie_Ezio's End of Combat Step
Phase: Ai(3)-Jaymie_Ezio's Main phase, postcombat
Mana: Command Tower (234) - {T}: Add one mana of any color in your commander's color identity.
Mana: Twilight Mire (271) - {T}: Add {C}.
Add To Stack: Ai(3)-Jaymie_Ezio cast Ezio Auditore da Firenze
Resolve Stack: Ezio Auditore da Firenze - Creature 3 / 2
Phase: Ai(3)-Jaymie_Ezio's End step
Phase: Ai(3)-Jaymie_Ezio's Cleanup step
Turn: Turn 9 (Ai(4)-Gabe_Food)
Phase: Ai(4)-Gabe_Food's Untap step
Phase: Ai(4)-Gabe_Food's Upkeep step
Phase: Ai(4)-Gabe_Food's Draw step
Phase: Ai(4)-Gabe_Food's Main phase, precombat
Land: Ai(4)-Gabe_Food played Plains (392)
Phase: Ai(4)-Gabe_Food's Beginning of Combat Step
Phase: Ai(4)-Gabe_Food's Declare Attackers Step
Phase: Ai(4)-Gabe_Food's Declare Blockers Step
Phase: Ai(4)-Gabe_Food's First Strike Damage Step
Phase: Ai(4)-Gabe_Food's Combat Damage Step
Phase: Ai(4)-Gabe_Food's End of Combat Step
Phase: Ai(4)-Gabe_Food's Main phase, postcombat
Mana: Plains (392) - {T}: Add {W}.
Mana: Swamp (365) - {T}: Add {B}.
Add To Stack: Ai(4)-Gabe_Food cast Frodo, Adventurous Hobbit
Resolve Stack: Frodo, Adventurous Hobbit - Creature 1 / 3
Add To Stack: Ai(4)-Gabe_Food triggered Frodo, Adventurous Hobbit targeting [Ai(4)-Gabe_Food]
Resolve Stack: Partner with Sam, Loyal Attendant (When this creature enters, target player may put Sam into their hand from their library, then shuffle.) (Targeting: [[Ai(4)-Gabe_Food]]) [Zone Changer: Frodo, Adventurous Hobbit (402)]
Phase: Ai(4)-Gabe_Food's End step
Phase: Ai(4)-Gabe_Food's Cleanup step
Turn: Turn 10 (Ai(1)-Destyn_Turtles)
Phase: Ai(1)-Destyn_Turtles' Untap step
Phase: Ai(1)-Destyn_Turtles' Upkeep step
Phase: Ai(1)-Destyn_Turtles' Draw step
Phase: Ai(1)-Destyn_Turtles' Main phase, precombat
Replacement Effect: Hinterland Harbor enters tapped unless you control a Forest or an Island.
Land: Ai(1)-Destyn_Turtles played Hinterland Harbor (23)
Phase: Ai(1)-Destyn_Turtles' Beginning of Combat Step
Phase: Ai(1)-Destyn_Turtles' Declare Attackers Step
Phase: Ai(1)-Destyn_Turtles' Declare Blockers Step
Phase: Ai(1)-Destyn_Turtles' First Strike Damage Step
Phase: Ai(1)-Destyn_Turtles' Combat Damage Step
Phase: Ai(1)-Destyn_Turtles' End of Combat Step
Phase: Ai(1)-Destyn_Turtles' Main phase, postcombat
Mana: Hinterland Harbor (23) - {T}: Add {G} or {U}.
Mana: Sunken Hollow (24) - {T}: Add {B}.
Mana: Path of Ancestry (12) - {T}: Add one mana of any color in your commander's color identity. When that mana is spent to cast a creature spell that shares a creature type with your commander, scry 1. (Look at the top card of your library. You may put that card on the bottom.)
Add To Stack: Ai(1)-Destyn_Turtles cast Mona Lisa, Science Geek
Add To Stack: Ai(1)-Destyn_Turtles triggered Path of Ancestry
Resolve Stack: Ai(1)-Destyn_Turtles scried 1 card(s) to the bottom of the library
Resolve Stack: When mana produced by Path of Ancestry is spent to cast a creature spell that shares a creature type with your commander, scry 1. ([Mona Lisa, Science Geek - Creature 1 / 3]) [Card: Mona Lisa, Science Geek (61), Activator: Ai(1)-Destyn_Turtles, SpellAbility: Mona Lisa, Science Geek - Creature 1 / 3]
Resolve Stack: Mona Lisa, Science Geek - Creature 1 / 3
Phase: Ai(1)-Destyn_Turtles' End step
Phase: Ai(1)-Destyn_Turtles' Cleanup step
Turn: Turn 11 (Ai(2)-GGS_Herald_diagnostic)
Phase: Ai(2)-GGS_Herald_diagnostic's Untap step
Phase: Ai(2)-GGS_Herald_diagnostic's Upkeep step
Phase: Ai(2)-GGS_Herald_diagnostic's Draw step
Phase: Ai(2)-GGS_Herald_diagnostic's Main phase, precombat
Phase: Ai(2)-GGS_Herald_diagnostic's Beginning of Combat Step
Phase: Ai(2)-GGS_Herald_diagnostic's Declare Attackers Step
Phase: Ai(2)-GGS_Herald_diagnostic's Declare Blockers Step
Phase: Ai(2)-GGS_Herald_diagnostic's First Strike Damage Step
Phase: Ai(2)-GGS_Herald_diagnostic's Combat Damage Step
Phase: Ai(2)-GGS_Herald_diagnostic's End of Combat Step
Phase: Ai(2)-GGS_Herald_diagnostic's Main phase, postcombat
Mana: Island (174) - {T}: Add {U}.
Mana: Steam Vents (145) - {T}: Add {R}.
Add To Stack: Ai(2)-GGS_Herald_diagnostic cast Arcane Signet
Resolve Stack: Arcane Signet
Phase: Ai(2)-GGS_Herald_diagnostic's End step
Phase: Ai(2)-GGS_Herald_diagnostic's Cleanup step
Turn: Turn 12 (Ai(3)-Jaymie_Ezio)
Phase: Ai(3)-Jaymie_Ezio's Untap step
Phase: Ai(3)-Jaymie_Ezio's Upkeep step
Mana: Command Tower (234) - {T}: Add one mana of any color in your commander's color identity.
Add To Stack: Ai(3)-Jaymie_Ezio cast Swords to Plowshares targeting [Mona Lisa, Science Geek (61)]
Zone Change: Mona Lisa, Science Geek (61) was put into Exile from Battlefield.
Life: Life: Ai(1)-Destyn_Turtles 40 > 41
Resolve Stack: Swords to Plowshares (285) - Exile Mona Lisa, Science Geek (61). Ai(1)-Destyn_Turtles gains life equal to its power.
Phase: Ai(3)-Jaymie_Ezio's Draw step
Phase: Ai(3)-Jaymie_Ezio's Main phase, precombat
Replacement Effect: Cinder Glade enters tapped unless you control two or more basic lands.
Land: Ai(3)-Jaymie_Ezio played Cinder Glade (220)
Phase: Ai(3)-Jaymie_Ezio's Beginning of Combat Step
Phase: Ai(3)-Jaymie_Ezio's Declare Attackers Step
Combat: Ai(3)-Jaymie_Ezio assigned Ezio Auditore da Firenze (302) to attack Ai(4)-Gabe_Food.
Phase: Ai(3)-Jaymie_Ezio's Declare Blockers Step
Combat: Ai(4)-Gabe_Food didn't block Ezio Auditore da Firenze (302).
Phase: Ai(3)-Jaymie_Ezio's First Strike Damage Step
Phase: Ai(3)-Jaymie_Ezio's Combat Damage Step
Damage: Ezio Auditore da Firenze (302) deals 3 combat damage to Ai(4)-Gabe_Food.
Life: Life: Ai(4)-Gabe_Food 40 > 37
Add To Stack: Ai(3)-Jaymie_Ezio triggered Ezio Auditore da Firenze
Resolve Stack: Whenever Ezio deals combat damage to a player, you may pay {W}{U}{B}{R}{G} if that player has 10 or less life. When you do, that player loses the game. [Damage Source: Ezio Auditore da Firenze (302), Damaged: Ai(4)-Gabe_Food, Amount: 3]
Phase: Ai(3)-Jaymie_Ezio's End of Combat Step
Phase: Ai(3)-Jaymie_Ezio's Main phase, postcombat
Phase: Ai(3)-Jaymie_Ezio's End step
Phase: Ai(3)-Jaymie_Ezio's Cleanup step
Turn: Turn 13 (Ai(4)-Gabe_Food)
Phase: Ai(4)-Gabe_Food's Untap step
Phase: Ai(4)-Gabe_Food's Upkeep step
Phase: Ai(4)-Gabe_Food's Draw step
Phase: Ai(4)-Gabe_Food's Main phase, precombat
Phase: Ai(4)-Gabe_Food's Beginning of Combat Step
Phase: Ai(4)-Gabe_Food's Declare Attackers Step
Combat: Ai(4)-Gabe_Food assigned Frodo, Adventurous Hobbit (402) to attack Ai(3)-Jaymie_Ezio.
Phase: Ai(4)-Gabe_Food's Declare Blockers Step
Combat: Ai(3)-Jaymie_Ezio didn't block Frodo, Adventurous Hobbit (402).
Phase: Ai(4)-Gabe_Food's First Strike Damage Step
Phase: Ai(4)-Gabe_Food's Combat Damage Step
Damage: Frodo, Adventurous Hobbit (402) deals 1 combat damage to Ai(3)-Jaymie_Ezio.
Life: Life: Ai(3)-Jaymie_Ezio 40 > 39
Phase: Ai(4)-Gabe_Food's End of Combat Step
Phase: Ai(4)-Gabe_Food's Main phase, postcombat
Mana: Swamp (365) - {T}: Add {B}.
Mana: Plains (392) - {T}: Add {W}.
Mana: Rogue's Passage (331) - {T}: Add {C}.
Add To Stack: Ai(4)-Gabe_Food cast Commander's Sphere
Resolve Stack: Commander's Sphere
Phase: Ai(4)-Gabe_Food's End step
Phase: Ai(4)-Gabe_Food's Cleanup step
Turn: Turn 14 (Ai(1)-Destyn_Turtles)
Phase: Ai(1)-Destyn_Turtles' Untap step
Phase: Ai(1)-Destyn_Turtles' Upkeep step
Phase: Ai(1)-Destyn_Turtles' Draw step
Phase: Ai(1)-Destyn_Turtles' Main phase, precombat
Land: Ai(1)-Destyn_Turtles played Evolving Wilds (32)
Zone Change: Evolving Wilds (32) was put into Graveyard from Battlefield.
Add To Stack: Ai(1)-Destyn_Turtles activated Evolving Wilds
Resolve Stack: Evolving Wilds (32) - Ai(1)-Destyn_Turtles searches their library for a basic land card, puts it onto the battlefield tapped, then shuffles.
Phase: Ai(1)-Destyn_Turtles' Beginning of Combat Step
Phase: Ai(1)-Destyn_Turtles' Declare Attackers Step
Phase: Ai(1)-Destyn_Turtles' Declare Blockers Step
Phase: Ai(1)-Destyn_Turtles' First Strike Damage Step
Phase: Ai(1)-Destyn_Turtles' Combat Damage Step
Phase: Ai(1)-Destyn_Turtles' End of Combat Step
Phase: Ai(1)-Destyn_Turtles' Main phase, postcombat
Mana: Hinterland Harbor (23) - {T}: Add {G} or {U}.
Mana: Sunken Hollow (24) - {T}: Add {B}.
Add To Stack: Ai(1)-Destyn_Turtles cast Michelangelo, the Heart
Resolve Stack: Michelangelo, the Heart - Creature 2 / 1
Phase: Ai(1)-Destyn_Turtles' End step
Phase: Ai(1)-Destyn_Turtles' Cleanup step
Turn: Turn 15 (Ai(2)-GGS_Herald_diagnostic)
Phase: Ai(2)-GGS_Herald_diagnostic's Untap step
Phase: Ai(2)-GGS_Herald_diagnostic's Upkeep step
Phase: Ai(2)-GGS_Herald_diagnostic's Draw step
Phase: Ai(2)-GGS_Herald_diagnostic's Main phase, precombat
Phase: Ai(2)-GGS_Herald_diagnostic's Beginning of Combat Step
Phase: Ai(2)-GGS_Herald_diagnostic's Declare Attackers Step
Phase: Ai(2)-GGS_Herald_diagnostic's Declare Blockers Step
Phase: Ai(2)-GGS_Herald_diagnostic's First Strike Damage Step
Phase: Ai(2)-GGS_Herald_diagnostic's Combat Damage Step
Phase: Ai(2)-GGS_Herald_diagnostic's End of Combat Step
Phase: Ai(2)-GGS_Herald_diagnostic's Main phase, postcombat
Mana: Arcane Signet (138) - {T}: Add one mana of any color in your commander's color identity.
Mana: Steam Vents (145) - {T}: Add {R}.
Mana: Island (174) - {T}: Add {U}.
Add To Stack: Ai(2)-GGS_Herald_diagnostic cast Goro-Goro and Satoru
Resolve Stack: Goro-Goro and Satoru - Creature 3 / 4
Phase: Ai(2)-GGS_Herald_diagnostic's End step
Phase: Ai(2)-GGS_Herald_diagnostic's Cleanup step
Turn: Turn 16 (Ai(3)-Jaymie_Ezio)
Phase: Ai(3)-Jaymie_Ezio's Untap step
Phase: Ai(3)-Jaymie_Ezio's Upkeep step
Phase: Ai(3)-Jaymie_Ezio's Draw step
Phase: Ai(3)-Jaymie_Ezio's Main phase, precombat
Land: Ai(3)-Jaymie_Ezio played Kessig Wolf Run (206)
Mana: Command Tower (234) - {T}: Add one mana of any color in your commander's color identity.
Mana: Cinder Glade (220) - {T}: Add {G}.
Add To Stack: Ai(3)-Jaymie_Ezio cast Security Bypass targeting [Ezio Auditore da Firenze (302)]
Resolve Stack: Security Bypass (294) -  Attach to Ezio Auditore da Firenze (302)
Phase: Ai(3)-Jaymie_Ezio's Beginning of Combat Step
Phase: Ai(3)-Jaymie_Ezio's Declare Attackers Step
Combat: Ai(3)-Jaymie_Ezio assigned Ezio Auditore da Firenze (302) to attack Ai(2)-GGS_Herald_diagnostic.
Phase: Ai(3)-Jaymie_Ezio's Declare Blockers Step
Combat: Ai(2)-GGS_Herald_diagnostic didn't block Ezio Auditore da Firenze (302).
Phase: Ai(3)-Jaymie_Ezio's First Strike Damage Step
Phase: Ai(3)-Jaymie_Ezio's Combat Damage Step
Damage: Ezio Auditore da Firenze (302) deals 3 combat damage to Ai(2)-GGS_Herald_diagnostic.
Life: Life: Ai(2)-GGS_Herald_diagnostic 40 > 37
Add To Stack: Ai(3)-Jaymie_Ezio triggered Ezio Auditore da Firenze
Add To Stack: Ai(3)-Jaymie_Ezio triggered Ezio Auditore da Firenze
Discard: Ai(3)-Jaymie_Ezio discards Mountain (289).
Resolve Stack: Whenever this creature deals combat damage to a player, it connives. [Damage Source: Ezio Auditore da Firenze (302), Damaged: Ai(2)-GGS_Herald_diagnostic, Amount: 3]
Resolve Stack: Whenever Ezio deals combat damage to a player, you may pay {W}{U}{B}{R}{G} if that player has 10 or less life. When you do, that player loses the game. [Damage Source: Ezio Auditore da Firenze (302), Damaged: Ai(2)-GGS_Herald_diagnostic, Amount: 3]
Phase: Ai(3)-Jaymie_Ezio's End of Combat Step
Phase: Ai(3)-Jaymie_Ezio's Main phase, postcombat
Phase: Ai(3)-Jaymie_Ezio's End step
Zone Change: Commander's Sphere (321) was put into Graveyard from Battlefield.
Add To Stack: Ai(4)-Gabe_Food activated Commander's Sphere
Resolve Stack: Commander's Sphere (321) - Ai(4)-Gabe_Food draws a card.
Phase: Ai(3)-Jaymie_Ezio's Cleanup step
Turn: Turn 17 (Ai(4)-Gabe_Food)
Phase: Ai(4)-Gabe_Food's Untap step
Phase: Ai(4)-Gabe_Food's Upkeep step
Phase: Ai(4)-Gabe_Food's Draw step
Phase: Ai(4)-Gabe_Food's Main phase, precombat
Land: Ai(4)-Gabe_Food played Shire Terrace (374)
Mana: Swamp (365) - {T}: Add {B}.
Zone Change: Shire Terrace (374) was put into Graveyard from Battlefield.
Add To Stack: Ai(4)-Gabe_Food activated Shire Terrace
Resolve Stack: Shire Terrace (374) - Ai(4)-Gabe_Food searches their library for a basic land card, puts it onto the battlefield tapped, then shuffles.
Phase: Ai(4)-Gabe_Food's Beginning of Combat Step
Phase: Ai(4)-Gabe_Food's Declare Attackers Step
Combat: Ai(4)-Gabe_Food assigned Frodo, Adventurous Hobbit (402) to attack Ai(3)-Jaymie_Ezio.
Phase: Ai(4)-Gabe_Food's Declare Blockers Step
Combat: Ai(3)-Jaymie_Ezio didn't block Frodo, Adventurous Hobbit (402).
Phase: Ai(4)-Gabe_Food's First Strike Damage Step
Phase: Ai(4)-Gabe_Food's Combat Damage Step
Damage: Frodo, Adventurous Hobbit (402) deals 1 combat damage to Ai(3)-Jaymie_Ezio.
Life: Life: Ai(3)-Jaymie_Ezio 39 > 38
Phase: Ai(4)-Gabe_Food's End of Combat Step
Phase: Ai(4)-Gabe_Food's Main phase, postcombat
Mana: Plains (392) - {T}: Add {W}.
Mana: Rogue's Passage (331) - {T}: Add {C}.
Add To Stack: Ai(4)-Gabe_Food cast Arcane Signet
Resolve Stack: Arcane Signet
Phase: Ai(4)-Gabe_Food's End step
Phase: Ai(4)-Gabe_Food's Cleanup step
Turn: Turn 18 (Ai(1)-Destyn_Turtles)
Phase: Ai(1)-Destyn_Turtles' Untap step
Phase: Ai(1)-Destyn_Turtles' Upkeep step
Phase: Ai(1)-Destyn_Turtles' Draw step
Phase: Ai(1)-Destyn_Turtles' Main phase, precombat
Mana: Hinterland Harbor (23) - {T}: Add {G} or {U}.
Mana: Plains (87) - {T}: Add {W}.
Mana: Sunken Hollow (24) - {T}: Add {B}.
Add To Stack: Ai(1)-Destyn_Turtles cast Irma, Part-Time Mutant
Resolve Stack: Irma, Part-Time Mutant - Creature 1 / 1
Phase: Ai(1)-Destyn_Turtles' Beginning of Combat Step
Add To Stack: Ai(1)-Destyn_Turtles triggered Irma, Part-Time Mutant targeting [Michelangelo, the Heart (99)]
Resolve Stack: At the beginning of combat on your turn, Irma becomes a copy of up to one other target creature you control, except her name is Irma, Part-Time Mutant and she has this ability. Then put a +1/+1 counter on her. (Targeting: [[Michelangelo, the Heart (99)]]) [Phase: Ai(1)-Destyn_Turtles]
Phase: Ai(1)-Destyn_Turtles' Declare Attackers Step
Phase: Ai(1)-Destyn_Turtles' Declare Blockers Step
Phase: Ai(1)-Destyn_Turtles' First Strike Damage Step
Phase: Ai(1)-Destyn_Turtles' Combat Damage Step
Phase: Ai(1)-Destyn_Turtles' End of Combat Step
Phase: Ai(1)-Destyn_Turtles' Main phase, postcombat
Phase: Ai(1)-Destyn_Turtles' End step
Phase: Ai(1)-Destyn_Turtles' Cleanup step
Turn: Turn 19 (Ai(2)-GGS_Herald_diagnostic)
Phase: Ai(2)-GGS_Herald_diagnostic's Untap step
Phase: Ai(2)-GGS_Herald_diagnostic's Upkeep step
Phase: Ai(2)-GGS_Herald_diagnostic's Draw step
Phase: Ai(2)-GGS_Herald_diagnostic's Main phase, precombat
Mana: Island (174) - {T}: Add {U}.
Mana: Steam Vents (145) - {T}: Add {R}.
Mana: Arcane Signet (138) - {T}: Add one mana of any color in your commander's color identity.
Add To Stack: Ai(2)-GGS_Herald_diagnostic cast Sword of Feast and Famine
Resolve Stack: Sword of Feast and Famine
Phase: Ai(2)-GGS_Herald_diagnostic's Beginning of Combat Step
Phase: Ai(2)-GGS_Herald_diagnostic's Declare Attackers Step
Combat: Ai(2)-GGS_Herald_diagnostic assigned Goro-Goro and Satoru (201) to attack Ai(4)-Gabe_Food.
Phase: Ai(2)-GGS_Herald_diagnostic's Declare Blockers Step
Combat: Ai(4)-Gabe_Food didn't block Goro-Goro and Satoru (201).
Phase: Ai(2)-GGS_Herald_diagnostic's First Strike Damage Step
Phase: Ai(2)-GGS_Herald_diagnostic's Combat Damage Step
Damage: Goro-Goro and Satoru (201) deals 3 combat damage to Ai(4)-Gabe_Food.
Life: Life: Ai(4)-Gabe_Food 37 > 34
Phase: Ai(2)-GGS_Herald_diagnostic's End of Combat Step
Phase: Ai(2)-GGS_Herald_diagnostic's Main phase, postcombat
Phase: Ai(2)-GGS_Herald_diagnostic's End step
Phase: Ai(2)-GGS_Herald_diagnostic's Cleanup step
Turn: Turn 20 (Ai(3)-Jaymie_Ezio)
Phase: Ai(3)-Jaymie_Ezio's Untap step
Phase: Ai(3)-Jaymie_Ezio's Upkeep step
Phase: Ai(3)-Jaymie_Ezio's Draw step
Phase: Ai(3)-Jaymie_Ezio's Main phase, precombat
Replacement Effect: Smoldering Marsh enters tapped unless you control two or more basic lands.
Land: Ai(3)-Jaymie_Ezio played Smoldering Marsh (273)
Phase: Ai(3)-Jaymie_Ezio's Beginning of Combat Step
Phase: Ai(3)-Jaymie_Ezio's Declare Attackers Step
Combat: Ai(3)-Jaymie_Ezio assigned Ezio Auditore da Firenze (302) to attack Ai(2)-GGS_Herald_diagnostic.
Phase: Ai(3)-Jaymie_Ezio's Declare Blockers Step
Combat: Ai(2)-GGS_Herald_diagnostic didn't block Ezio Auditore da Firenze (302).
Phase: Ai(3)-Jaymie_Ezio's First Strike Damage Step
Phase: Ai(3)-Jaymie_Ezio's Combat Damage Step
Damage: Ezio Auditore da Firenze (302) deals 3 combat damage to Ai(2)-GGS_Herald_diagnostic.
Life: Life: Ai(2)-GGS_Herald_diagnostic 37 > 34
Add To Stack: Ai(3)-Jaymie_Ezio triggered Ezio Auditore da Firenze
Add To Stack: Ai(3)-Jaymie_Ezio triggered Ezio Auditore da Firenze
Discard: Ai(3)-Jaymie_Ezio discards Vorpal Sword (212).
Resolve Stack: Whenever this creature deals combat damage to a player, it connives. [Damage Source: Ezio Auditore da Firenze (302), Damaged: Ai(2)-GGS_Herald_diagnostic, Amount: 3]
Resolve Stack: Whenever Ezio deals combat damage to a player, you may pay {W}{U}{B}{R}{G} if that player has 10 or less life. When you do, that player loses the game. [Damage Source: Ezio Auditore da Firenze (302), Damaged: Ai(2)-GGS_Herald_diagnostic, Amount: 3]
Phase: Ai(3)-Jaymie_Ezio's End of Combat Step
Phase: Ai(3)-Jaymie_Ezio's Main phase, postcombat
Mana: Cinder Glade (220) - {T}: Add {G}.
Mana: Twilight Mire (271) - {T}: Add {C}.
Mana: Command Tower (234) - {T}: Add one mana of any color in your commander's color identity.
Add To Stack: Ai(3)-Jaymie_Ezio cast Chromatic Lantern
Resolve Stack: Chromatic Lantern
Mana: Chromatic Lantern (299) - {T}: Add one mana of any color.
Mana: Kessig Wolf Run (206) - {T}: Add one mana of any color.
Add To Stack: Ai(3)-Jaymie_Ezio cast Shay Cormac
Resolve Stack: Shay Cormac - Creature 1 / 1
Phase: Ai(3)-Jaymie_Ezio's End step
Phase: Ai(3)-Jaymie_Ezio's Cleanup step
Turn: Turn 21 (Ai(4)-Gabe_Food)
Phase: Ai(4)-Gabe_Food's Untap step
Phase: Ai(4)-Gabe_Food's Upkeep step
Phase: Ai(4)-Gabe_Food's Draw step
Phase: Ai(4)-Gabe_Food's Main phase, precombat
Mana: Plains (392) - {T}: Add {W}.
Mana: Plains (389) - {T}: Add {W}.
Mana: Swamp (365) - {T}: Add {B}.
Mana: Arcane Signet (354) - {T}: Add one mana of any color in your commander's color identity.
Add To Stack: Ai(4)-Gabe_Food cast Dusk
Zone Change: Irma, Part-Time Mutant (7) was put into Graveyard from Battlefield.
Zone Change: Goro-Goro and Satoru (201) was put into Graveyard from Battlefield.
Zone Change: Ezio Auditore da Firenze (302) was put into Graveyard from Battlefield.
Resolve Stack: Dusk (315) - Destroy all creatures with power 3 or greater.
Zone Change: Security Bypass (294) was put into Graveyard from Battlefield.
Phase: Ai(4)-Gabe_Food's Beginning of Combat Step
Phase: Ai(4)-Gabe_Food's Declare Attackers Step
Combat: Ai(4)-Gabe_Food assigned Frodo, Adventurous Hobbit (402) to attack Ai(2)-GGS_Herald_diagnostic.
Phase: Ai(4)-Gabe_Food's Declare Blockers Step
Combat: Ai(2)-GGS_Herald_diagnostic didn't block Frodo, Adventurous Hobbit (402).
Phase: Ai(4)-Gabe_Food's First Strike Damage Step
Phase: Ai(4)-Gabe_Food's Combat Damage Step
Damage: Frodo, Adventurous Hobbit (402) deals 1 combat damage to Ai(2)-GGS_Herald_diagnostic.
Life: Life: Ai(2)-GGS_Herald_diagnostic 34 > 33
Phase: Ai(4)-Gabe_Food's End of Combat Step
Phase: Ai(4)-Gabe_Food's Main phase, postcombat
Replacement Effect: Path of Ancestry enters tapped.
Land: Ai(4)-Gabe_Food played Path of Ancestry (314)
Phase: Ai(4)-Gabe_Food's End step
Phase: Ai(4)-Gabe_Food's Cleanup step
Turn: Turn 22 (Ai(1)-Destyn_Turtles)
Phase: Ai(1)-Destyn_Turtles' Untap step
Phase: Ai(1)-Destyn_Turtles' Upkeep step
Phase: Ai(1)-Destyn_Turtles' Draw step
Phase: Ai(1)-Destyn_Turtles' Main phase, precombat
Replacement Effect: Rootbound Crag enters tapped unless you control a Mountain or a Forest.
Land: Ai(1)-Destyn_Turtles played Rootbound Crag (93)
Mana: Hinterland Harbor (23) - {T}: Add {G} or {U}.
Mana: Path of Ancestry (12) - {T}: Add one mana of any color in your commander's color identity. When that mana is spent to cast a creature spell that shares a creature type with your commander, scry 1. (Look at the top card of your library. You may put that card on the bottom.)
Mana: Plains (87) - {T}: Add {W}.
Mana: Sunken Hollow (24) - {T}: Add {B}.
Add To Stack: Ai(1)-Destyn_Turtles cast Voracious Hydra
Replacement Effect: Voracious Hydra enters with X +1/+1 counters on it.
Resolve Stack: Voracious Hydra - Creature 0 / 1 (X=2)
Add To Stack: Ai(1)-Destyn_Turtles triggered Voracious Hydra
Damage: Voracious Hydra (20) deals 2 damage to Shay Cormac (274).
Damage: Shay Cormac (274) deals 1 damage to Voracious Hydra (20).
Resolve Stack: When Voracious Hydra enters, Voracious Hydra fights target creature you don't control. (Targeting: Shay Cormac (274)) [Zone Changer: Voracious Hydra (20)]
Zone Change: Shay Cormac (274) was put into Graveyard from Battlefield.
Phase: Ai(1)-Destyn_Turtles' Beginning of Combat Step
Phase: Ai(1)-Destyn_Turtles' Declare Attackers Step
Combat: Ai(1)-Destyn_Turtles assigned Michelangelo, the Heart (99) to attack Ai(2)-GGS_Herald_diagnostic.
Phase: Ai(1)-Destyn_Turtles' Declare Blockers Step
Combat: Ai(2)-GGS_Herald_diagnostic didn't block Michelangelo, the Heart (99).
Phase: Ai(1)-Destyn_Turtles' First Strike Damage Step
Phase: Ai(1)-Destyn_Turtles' Combat Damage Step
Damage: Michelangelo, the Heart (99) deals 2 combat damage to Ai(2)-GGS_Herald_diagnostic.
Life: Life: Ai(2)-GGS_Herald_diagnostic 33 > 31
Phase: Ai(1)-Destyn_Turtles' End of Combat Step
Phase: Ai(1)-Destyn_Turtles' Main phase, postcombat
Add To Stack: Ai(1)-Destyn_Turtles triggered Michelangelo, the Heart targeting [Voracious Hydra (20)]
Resolve Stack: Raid (the Fridge) — At the beginning of your second main phase, if you attacked this turn, put a +1/+1 counter on target creature and create a Food token. (Targeting: [[Voracious Hydra (20)]]) [Phase: Ai(1)-Destyn_Turtles]
Phase: Ai(1)-Destyn_Turtles' End step
Phase: Ai(1)-Destyn_Turtles' Cleanup step
Turn: Turn 23 (Ai(2)-GGS_Herald_diagnostic)
Phase: Ai(2)-GGS_Herald_diagnostic's Untap step
Phase: Ai(2)-GGS_Herald_diagnostic's Upkeep step
Phase: Ai(2)-GGS_Herald_diagnostic's Draw step
Phase: Ai(2)-GGS_Herald_diagnostic's Main phase, precombat
Phase: Ai(2)-GGS_Herald_diagnostic's Beginning of Combat Step
Phase: Ai(2)-GGS_Herald_diagnostic's Declare Attackers Step
Phase: Ai(2)-GGS_Herald_diagnostic's Declare Blockers Step
Phase: Ai(2)-GGS_Herald_diagnostic's First Strike Damage Step
Phase: Ai(2)-GGS_Herald_diagnostic's Combat Damage Step
Phase: Ai(2)-GGS_Herald_diagnostic's End of Combat Step
Phase: Ai(2)-GGS_Herald_diagnostic's Main phase, postcombat
Mana: Island (174) - {T}: Add {U}.
Mana: Steam Vents (145) - {T}: Add {U}.
Mana: Arcane Signet (138) - {T}: Add one mana of any color in your commander's color identity.
Add To Stack: Ai(2)-GGS_Herald_diagnostic cast Grazilaxx, Illithid Scholar
Resolve Stack: Grazilaxx, Illithid Scholar - Creature 3 / 2
Phase: Ai(2)-GGS_Herald_diagnostic's End step
Phase: Ai(2)-GGS_Herald_diagnostic's Cleanup step
Turn: Turn 24 (Ai(3)-Jaymie_Ezio)
Phase: Ai(3)-Jaymie_Ezio's Untap step
Phase: Ai(3)-Jaymie_Ezio's Upkeep step
Phase: Ai(3)-Jaymie_Ezio's Draw step
Phase: Ai(3)-Jaymie_Ezio's Main phase, precombat
Mana: Chromatic Lantern (299) - {T}: Add one mana of any color.
Mana: Cinder Glade (220) - {T}: Add {G}.
Mana: Smoldering Marsh (273) - {T}: Add {R}.
Add To Stack: Ai(3)-Jaymie_Ezio cast 
Resolve Stack: Disguise - Creature 2/2
Mana: Command Tower (234) - {T}: Add one mana of any color in your commander's color identity.
Mana: Twilight Mire (271) - {T}: Add one mana of any color.
Resolve Stack: Ai(3)-Jaymie_Ezio has undisguised Arno Dorian
Phase: Ai(3)-Jaymie_Ezio's Beginning of Combat Step
Phase: Ai(3)-Jaymie_Ezio's Declare Attackers Step
Phase: Ai(3)-Jaymie_Ezio's Declare Blockers Step
Phase: Ai(3)-Jaymie_Ezio's First Strike Damage Step
Phase: Ai(3)-Jaymie_Ezio's Combat Damage Step
Phase: Ai(3)-Jaymie_Ezio's End of Combat Step
Phase: Ai(3)-Jaymie_Ezio's Main phase, postcombat
Replacement Effect: Thriving Grove enters tapped.
Replacement Effect: As Thriving Grove enters, choose a color other than green.
Land: Ai(3)-Jaymie_Ezio played Thriving Grove (229)
Phase: Ai(3)-Jaymie_Ezio's End step
Phase: Ai(3)-Jaymie_Ezio's Cleanup step
Turn: Turn 25 (Ai(4)-Gabe_Food)
Phase: Ai(4)-Gabe_Food's Untap step
Phase: Ai(4)-Gabe_Food's Upkeep step
Phase: Ai(4)-Gabe_Food's Draw step
Mana: Arcane Signet (354) - {T}: Add one mana of any color in your commander's color identity.
Mana: Swamp (365) - {T}: Add {B}.
Mana: Plains (392) - {T}: Add {W}.
Mana: Plains (389) - {T}: Add {W}.
Mana: Path of Ancestry (314) - {T}: Add one mana of any color in your commander's color identity. When that mana is spent to cast a creature spell that shares a creature type with your commander, scry 1. (Look at the top card of your library. You may put that card on the bottom.)
Mana: Rogue's Passage (331) - {T}: Add {C}.
Add To Stack: Ai(4)-Gabe_Food cast Great Oak Guardian
Resolve Stack: Great Oak Guardian - Creature 4 / 5
Add To Stack: Ai(4)-Gabe_Food triggered Great Oak Guardian targeting [Ai(4)-Gabe_Food]
Resolve Stack: When Great Oak Guardian enters, creatures target player controls get +2/+2 until end of turn. Untap them. (Targeting: [[Ai(4)-Gabe_Food]]) [Zone Changer: Great Oak Guardian (324)]
Phase: Ai(4)-Gabe_Food's Main phase, precombat
Phase: Ai(4)-Gabe_Food's Beginning of Combat Step
Phase: Ai(4)-Gabe_Food's Declare Attackers Step
Combat: Ai(4)-Gabe_Food assigned Frodo, Adventurous Hobbit (402) to attack Ai(2)-GGS_Herald_diagnostic.
Phase: Ai(4)-Gabe_Food's Declare Blockers Step
Combat: Ai(2)-GGS_Herald_diagnostic didn't block Frodo, Adventurous Hobbit (402).
Phase: Ai(4)-Gabe_Food's First Strike Damage Step
Phase: Ai(4)-Gabe_Food's Combat Damage Step
Damage: Frodo, Adventurous Hobbit (402) deals 3 combat damage to Ai(2)-GGS_Herald_diagnostic.
Life: Life: Ai(2)-GGS_Herald_diagnostic 31 > 28
Phase: Ai(4)-Gabe_Food's End of Combat Step
Phase: Ai(4)-Gabe_Food's Main phase, postcombat
Phase: Ai(4)-Gabe_Food's End step
Phase: Ai(4)-Gabe_Food's Cleanup step
Turn: Turn 26 (Ai(1)-Destyn_Turtles)
Phase: Ai(1)-Destyn_Turtles' Untap step
Phase: Ai(1)-Destyn_Turtles' Upkeep step
Phase: Ai(1)-Destyn_Turtles' Draw step
Phase: Ai(1)-Destyn_Turtles' Main phase, precombat
Land: Ai(1)-Destyn_Turtles played Escape Tunnel (9)
Zone Change: Escape Tunnel (9) was put into Graveyard from Battlefield.
Add To Stack: Ai(1)-Destyn_Turtles activated Escape Tunnel
Resolve Stack: Escape Tunnel (9) - Ai(1)-Destyn_Turtles searches their library for a basic land card, puts it onto the battlefield tapped, then shuffles.
Phase: Ai(1)-Destyn_Turtles' Beginning of Combat Step
Phase: Ai(1)-Destyn_Turtles' Declare Attackers Step
Phase: Ai(1)-Destyn_Turtles' Declare Blockers Step
Phase: Ai(1)-Destyn_Turtles' First Strike Damage Step
Phase: Ai(1)-Destyn_Turtles' Combat Damage Step
Phase: Ai(1)-Destyn_Turtles' End of Combat Step
Phase: Ai(1)-Destyn_Turtles' Main phase, postcombat
Mana: Hinterland Harbor (23) - {T}: Add {G} or {U}.
Mana: Plains (87) - {T}: Add {W}.
Mana: Rootbound Crag (93) - {T}: Add {R} or {G}.
Mana: Sunken Hollow (24) - {T}: Add {B}.
Mana: Path of Ancestry (12) - {T}: Add one mana of any color in your commander's color identity. When that mana is spent to cast a creature spell that shares a creature type with your commander, scry 1. (Look at the top card of your library. You may put that card on the bottom.)
Add To Stack: Ai(1)-Destyn_Turtles cast Krang, the All-Powerful
Resolve Stack: Krang, the All-Powerful - Creature 3 / 3
Phase: Ai(1)-Destyn_Turtles' End step
Phase: Ai(1)-Destyn_Turtles' Cleanup step
Turn: Turn 27 (Ai(2)-GGS_Herald_diagnostic)
Phase: Ai(2)-GGS_Herald_diagnostic's Untap step
Phase: Ai(2)-GGS_Herald_diagnostic's Upkeep step
Phase: Ai(2)-GGS_Herald_diagnostic's Draw step
Phase: Ai(2)-GGS_Herald_diagnostic's Main phase, precombat
Mana: Island (174) - {T}: Add {U}.
Mana: Steam Vents (145) - {T}: Add {R}.
Add To Stack: Ai(2)-GGS_Herald_diagnostic cast Cyclonic Rift targeting [Great Oak Guardian (324)]
Resolve Stack: Cyclonic Rift (110) - Return Great Oak Guardian (324) to its owner's hand.
Phase: Ai(2)-GGS_Herald_diagnostic's Beginning of Combat Step
Phase: Ai(2)-GGS_Herald_diagnostic's Declare Attackers Step
Phase: Ai(2)-GGS_Herald_diagnostic's Declare Blockers Step
Phase: Ai(2)-GGS_Herald_diagnostic's First Strike Damage Step
Phase: Ai(2)-GGS_Herald_diagnostic's Combat Damage Step
Phase: Ai(2)-GGS_Herald_diagnostic's End of Combat Step
Phase: Ai(2)-GGS_Herald_diagnostic's Main phase, postcombat
Mana: Arcane Signet (138) - {T}: Add one mana of any color in your commander's color identity.
Add To Stack: Ai(2)-GGS_Herald_diagnostic cast Hope of Ghirapur
Resolve Stack: Hope of Ghirapur - Creature 1 / 1
Phase: Ai(2)-GGS_Herald_diagnostic's End step
Phase: Ai(2)-GGS_Herald_diagnostic's Cleanup step
Turn: Turn 28 (Ai(3)-Jaymie_Ezio)
Phase: Ai(3)-Jaymie_Ezio's Untap step
Phase: Ai(3)-Jaymie_Ezio's Upkeep step
Phase: Ai(3)-Jaymie_Ezio's Draw step
Phase: Ai(3)-Jaymie_Ezio's Main phase, precombat
Phase: Ai(3)-Jaymie_Ezio's Beginning of Combat Step
Phase: Ai(3)-Jaymie_Ezio's Declare Attackers Step
Phase: Ai(3)-Jaymie_Ezio's Declare Blockers Step
Phase: Ai(3)-Jaymie_Ezio's First Strike Damage Step
Phase: Ai(3)-Jaymie_Ezio's Combat Damage Step
Phase: Ai(3)-Jaymie_Ezio's End of Combat Step
Phase: Ai(3)-Jaymie_Ezio's Main phase, postcombat
Mana: Chromatic Lantern (299) - {T}: Add one mana of any color.
Mana: Thriving Grove (229) - {T}: Add {G} or one mana of the chosen color.
Mana: Cinder Glade (220) - {T}: Add {G}.
Mana: Smoldering Marsh (273) - {T}: Add {R}.
Add To Stack: Ai(3)-Jaymie_Ezio cast Ezio Auditore da Firenze
Resolve Stack: Ezio Auditore da Firenze - Creature 3 / 2
Mana: Command Tower (234) - {T}: Add one mana of any color.
Mana: Twilight Mire (271) - {T}: Add {C}.
Mana: Kessig Wolf Run (206) - {T}: Add {C}.
Add To Stack: Ai(3)-Jaymie_Ezio cast Lydia Frye
Resolve Stack: Lydia Frye - Creature 3 / 2
Phase: Ai(3)-Jaymie_Ezio's End step
Add To Stack: Ai(3)-Jaymie_Ezio triggered Lydia Frye
Resolve Stack: At the beginning of your end step, surveil X, where X is the number of tapped Assassins you control. (Look at the top X cards of your library, then put any number of them into your graveyard and the rest on top of your library in any order.) [Phase: Ai(3)-Jaymie_Ezio]
Phase: Ai(3)-Jaymie_Ezio's Cleanup step
Turn: Turn 29 (Ai(4)-Gabe_Food)
Phase: Ai(4)-Gabe_Food's Untap step
Phase: Ai(4)-Gabe_Food's Upkeep step
Phase: Ai(4)-Gabe_Food's Draw step
Phase: Ai(4)-Gabe_Food's Main phase, precombat
Mana: Arcane Signet (354) - {T}: Add one mana of any color in your commander's color identity.
Mana: Swamp (365) - {T}: Add {B}.
Mana: Plains (392) - {T}: Add {W}.
Mana: Plains (389) - {T}: Add {W}.
Mana: Path of Ancestry (314) - {T}: Add one mana of any color in your commander's color identity. When that mana is spent to cast a creature spell that shares a creature type with your commander, scry 1. (Look at the top card of your library. You may put that card on the bottom.)
Mana: Rogue's Passage (331) - {T}: Add {C}.
Add To Stack: Ai(4)-Gabe_Food cast Great Oak Guardian
Resolve Stack: Great Oak Guardian - Creature 4 / 5
Add To Stack: Ai(4)-Gabe_Food triggered Great Oak Guardian targeting [Ai(4)-Gabe_Food]
Resolve Stack: When Great Oak Guardian enters, creatures target player controls get +2/+2 until end of turn. Untap them. (Targeting: [[Ai(4)-Gabe_Food]]) [Zone Changer: Great Oak Guardian (324)]
Phase: Ai(4)-Gabe_Food's Beginning of Combat Step
Phase: Ai(4)-Gabe_Food's Declare Attackers Step
Phase: Ai(4)-Gabe_Food's Declare Blockers Step
Phase: Ai(4)-Gabe_Food's First Strike Damage Step
Phase: Ai(4)-Gabe_Food's Combat Damage Step
Phase: Ai(4)-Gabe_Food's End of Combat Step
Phase: Ai(4)-Gabe_Food's Main phase, postcombat
Phase: Ai(4)-Gabe_Food's End step
Phase: Ai(4)-Gabe_Food's Cleanup step
Turn: Turn 30 (Ai(1)-Destyn_Turtles)
Phase: Ai(1)-Destyn_Turtles' Untap step
Phase: Ai(1)-Destyn_Turtles' Upkeep step
Phase: Ai(1)-Destyn_Turtles' Draw step
Phase: Ai(1)-Destyn_Turtles' Main phase, precombat
Land: Ai(1)-Destyn_Turtles played Forest (37)
Phase: Ai(1)-Destyn_Turtles' Beginning of Combat Step
Phase: Ai(1)-Destyn_Turtles' Declare Attackers Step
Phase: Ai(1)-Destyn_Turtles' Declare Blockers Step
Phase: Ai(1)-Destyn_Turtles' First Strike Damage Step
Phase: Ai(1)-Destyn_Turtles' Combat Damage Step
Phase: Ai(1)-Destyn_Turtles' End of Combat Step
Phase: Ai(1)-Destyn_Turtles' Main phase, postcombat
Mana: Plains (87) - {T}: Add {W}.
Mana: Mountain (86) - {T}: Add {R}.
Mana: Forest (37) - {T}: Add {G}.
Mana: Rootbound Crag (93) - {T}: Add {R} or {G}.
Mana: Hinterland Harbor (23) - {T}: Add {G} or {U}.
Add To Stack: Ai(1)-Destyn_Turtles cast Mole Module
Resolve Stack: Mole Module
Mana: Sunken Hollow (24) - {T}: Add {U}.
Mana: Path of Ancestry (12) - {T}: Add one mana of any color in your commander's color identity. When that mana is spent to cast a creature spell that shares a creature type with your commander, scry 1. (Look at the top card of your library. You may put that card on the bottom.)
Add To Stack: Ai(1)-Destyn_Turtles cast April O'Neil, Live on the Scene
Resolve Stack: April O'Neil, Live on the Scene - Creature 2 / 1
Phase: Ai(1)-Destyn_Turtles' End step
Phase: Ai(1)-Destyn_Turtles' Cleanup step
Turn: Turn 31 (Ai(2)-GGS_Herald_diagnostic)
Phase: Ai(2)-GGS_Herald_diagnostic's Untap step
Phase: Ai(2)-GGS_Herald_diagnostic's Upkeep step
Phase: Ai(2)-GGS_Herald_diagnostic's Draw step
Phase: Ai(2)-GGS_Herald_diagnostic's Main phase, precombat
Land: Ai(2)-GGS_Herald_diagnostic played Takenuma, Abandoned Mire (184)
Mana: Takenuma, Abandoned Mire (184) - {T}: Add {B}.
Mana: Island (174) - {T}: Add {U}.
Add To Stack: Ai(2)-GGS_Herald_diagnostic activated Sword of Feast and Famine targeting [Grazilaxx, Illithid Scholar (105)]
Resolve Stack: Sword of Feast and Famine (198) -  Attach to Grazilaxx, Illithid Scholar (105)
Phase: Ai(2)-GGS_Herald_diagnostic's Beginning of Combat Step
Phase: Ai(2)-GGS_Herald_diagnostic's Declare Attackers Step
Combat: Ai(2)-GGS_Herald_diagnostic assigned Grazilaxx, Illithid Scholar (105) and Hope of Ghirapur (149) to attack Ai(3)-Jaymie_Ezio.
Phase: Ai(2)-GGS_Herald_diagnostic's Declare Blockers Step
Combat: Ai(3)-Jaymie_Ezio didn't block Grazilaxx, Illithid Scholar (105).
Ai(3)-Jaymie_Ezio didn't block Hope of Ghirapur (149).
Mana: Arcane Signet (138) - {T}: Add one mana of any color in your commander's color identity.
Mana: Steam Vents (145) - {T}: Add {U}.
Add To Stack: Ai(2)-GGS_Herald_diagnostic activated Yuriko, the Tiger's Shadow
Resolve Stack: Yuriko, the Tiger's Shadow (199) - Ai(2)-GGS_Herald_diagnostic puts Yuriko, the Tiger's Shadow (199) from their hand onto the battlefield tapped and attacking.
Phase: Ai(2)-GGS_Herald_diagnostic's First Strike Damage Step
Phase: Ai(2)-GGS_Herald_diagnostic's Combat Damage Step
Damage: Grazilaxx, Illithid Scholar (105) deals 5 combat damage to Ai(3)-Jaymie_Ezio.
Damage: Yuriko, the Tiger's Shadow (199) deals 1 combat damage to Ai(3)-Jaymie_Ezio.
Life: Life: Ai(3)-Jaymie_Ezio 38 > 32
Add To Stack: Ai(2)-GGS_Herald_diagnostic triggered Yuriko, the Tiger's Shadow
Add To Stack: Ai(2)-GGS_Herald_diagnostic triggered Sword of Feast and Famine
Add To Stack: Ai(2)-GGS_Herald_diagnostic triggered Grazilaxx, Illithid Scholar
Resolve Stack: Whenever one or more creatures you control deal combat damage to a player, draw a card. [Damaged: Ai(3)-Jaymie_Ezio, Amount: 6]
Add To Stack: Ai(1)-Destyn_Turtles triggered Krang, the All-Powerful
Add To Stack: Ai(1)-Destyn_Turtles triggered Krang, the All-Powerful
Resolve Stack: Whenever a player draws their second card each turn, put a +1/+1 counter on Krang. [Player: Ai(2)-GGS_Herald_diagnostic]
Resolve Stack: Whenever a player draws their second card each turn, put a +1/+1 counter on Krang. [Player: Ai(2)-GGS_Herald_diagnostic]
Discard: Ai(3)-Jaymie_Ezio discards Haystack (205).
Resolve Stack: Whenever equipped creature deals combat damage to a player, that player discards a card and you untap all lands you control. [Damage Source: Grazilaxx, Illithid Scholar (105), Damaged: Ai(3)-Jaymie_Ezio, Amount: 5]
Life: Life: Ai(3)-Jaymie_Ezio 32 > 31
Life: Life: Ai(4)-Gabe_Food 34 > 33
Life: Life: Ai(1)-Destyn_Turtles 41 > 40
Resolve Stack: Whenever a Ninja you control deals combat damage to a player, reveal the top card of your library and put that card into your hand. Each opponent loses life equal to that card's mana value. [Damage Source: Yuriko, the Tiger's Shadow (199), Damaged: Ai(3)-Jaymie_Ezio, Amount: 1]
Phase: Ai(2)-GGS_Herald_diagnostic's End of Combat Step
Phase: Ai(2)-GGS_Herald_diagnostic's Main phase, postcombat
Mana: Steam Vents (145) - {T}: Add {R}.
Mana: Takenuma, Abandoned Mire (184) - {T}: Add {B}.
Mana: Island (174) - {T}: Add {U}.
Add To Stack: Ai(2)-GGS_Herald_diagnostic cast War Cadence
Resolve Stack: War Cadence
Phase: Ai(2)-GGS_Herald_diagnostic's End step
Phase: Ai(2)-GGS_Herald_diagnostic's Cleanup step
Turn: Turn 32 (Ai(3)-Jaymie_Ezio)
Phase: Ai(3)-Jaymie_Ezio's Untap step
Phase: Ai(3)-Jaymie_Ezio's Upkeep step
Phase: Ai(3)-Jaymie_Ezio's Draw step
Phase: Ai(3)-Jaymie_Ezio's Main phase, precombat
Mana: Chromatic Lantern (299) - {T}: Add one mana of any color.
Mana: Thriving Grove (229) - {T}: Add {G} or one mana of the chosen color.
Mana: Cinder Glade (220) - {T}: Add {G}.
Add To Stack: Ai(3)-Jaymie_Ezio cast Sword of Feast and Famine
Resolve Stack: Sword of Feast and Famine
Mana: Smoldering Marsh (273) - {T}: Add {R}.
Mana: Command Tower (234) - {T}: Add one mana of any color.
Add To Stack: Ai(3)-Jaymie_Ezio activated Sword of Feast and Famine targeting [Arno Dorian (226)]
Resolve Stack: Sword of Feast and Famine (296) -  Attach to Arno Dorian (226)
Phase: Ai(3)-Jaymie_Ezio's Beginning of Combat Step
Phase: Ai(3)-Jaymie_Ezio's Declare Attackers Step
Phase: Ai(3)-Jaymie_Ezio's Declare Blockers Step
Phase: Ai(3)-Jaymie_Ezio's First Strike Damage Step
Phase: Ai(3)-Jaymie_Ezio's Combat Damage Step
Phase: Ai(3)-Jaymie_Ezio's End of Combat Step
Phase: Ai(3)-Jaymie_Ezio's Main phase, postcombat
Mana: Twilight Mire (271) - {T}: Add one mana of any color.
Mana: Kessig Wolf Run (206) - {T}: Add one mana of any color.
Add To Stack: Ai(3)-Jaymie_Ezio cast Vraska Joins Up
Resolve Stack: Vraska Joins Up
Add To Stack: Ai(3)-Jaymie_Ezio triggered Vraska Joins Up
Resolve Stack: When Vraska Joins Up enters, put a deathtouch counter on each creature you control. [Zone Changer: Vraska Joins Up (213)]
Phase: Ai(3)-Jaymie_Ezio's End step
Add To Stack: Ai(3)-Jaymie_Ezio triggered Lydia Frye
Resolve Stack: At the beginning of your end step, surveil X, where X is the number of tapped Assassins you control. (Look at the top X cards of your library, then put any number of them into your graveyard and the rest on top of your library in any order.) [Phase: Ai(3)-Jaymie_Ezio]
Phase: Ai(3)-Jaymie_Ezio's Cleanup step
Turn: Turn 33 (Ai(4)-Gabe_Food)
Phase: Ai(4)-Gabe_Food's Untap step
Phase: Ai(4)-Gabe_Food's Upkeep step
Phase: Ai(4)-Gabe_Food's Draw step
Phase: Ai(4)-Gabe_Food's Main phase, precombat
Land: Ai(4)-Gabe_Food played Forest (337)
Mana: Forest (337) - {T}: Add {G}.
Mana: Swamp (365) - {T}: Add {B}.
Mana: Plains (392) - {T}: Add {W}.
Mana: Plains (389) - {T}: Add {W}.
Add To Stack: Ai(4)-Gabe_Food cast Assemble the Entmoot
Resolve Stack: Assemble the Entmoot
Mana: Arcane Signet (354) - {T}: Add one mana of any color in your commander's color identity.
Mana: Path of Ancestry (314) - {T}: Add one mana of any color in your commander's color identity. When that mana is spent to cast a creature spell that shares a creature type with your commander, scry 1. (Look at the top card of your library. You may put that card on the bottom.)
Mana: Rogue's Passage (331) - {T}: Add {C}.
Add To Stack: Ai(4)-Gabe_Food cast Sam, Loyal Attendant
Add To Stack: Ai(4)-Gabe_Food triggered Path of Ancestry
Resolve Stack: Ai(4)-Gabe_Food scried 1 card(s) to the top of the library
Resolve Stack: When mana produced by Path of Ancestry is spent to cast a creature spell that shares a creature type with your commander, scry 1. ([Sam, Loyal Attendant - Creature 2 / 4]) [Card: Sam, Loyal Attendant (404), Activator: Ai(4)-Gabe_Food, SpellAbility: Sam, Loyal Attendant - Creature 2 / 4]
Resolve Stack: Sam, Loyal Attendant - Creature 2 / 4
Add To Stack: Ai(4)-Gabe_Food triggered Sam, Loyal Attendant targeting [Ai(4)-Gabe_Food]
Resolve Stack: Partner with Frodo, Adventurous Hobbit (When this creature enters, target player may put Frodo into their hand from their library, then shuffle.) (Targeting: [[Ai(4)-Gabe_Food]]) [Zone Changer: Sam, Loyal Attendant (404)]
Phase: Ai(4)-Gabe_Food's Beginning of Combat Step
Add To Stack: Ai(4)-Gabe_Food triggered Sam, Loyal Attendant
Resolve Stack: At the beginning of combat on your turn, create a Food token. (It's an artifact with "{2}, {T}, Sacrifice this token: You gain 3 life.") [Phase: Ai(4)-Gabe_Food]
Phase: Ai(4)-Gabe_Food's Declare Attackers Step
Phase: Ai(4)-Gabe_Food's Declare Blockers Step
Phase: Ai(4)-Gabe_Food's First Strike Damage Step
Phase: Ai(4)-Gabe_Food's Combat Damage Step
Phase: Ai(4)-Gabe_Food's End of Combat Step
Phase: Ai(4)-Gabe_Food's Main phase, postcombat
Phase: Ai(4)-Gabe_Food's End step
Phase: Ai(4)-Gabe_Food's Cleanup step
Turn: Turn 34 (Ai(1)-Destyn_Turtles)
Phase: Ai(1)-Destyn_Turtles' Untap step
Phase: Ai(1)-Destyn_Turtles' Upkeep step
Phase: Ai(1)-Destyn_Turtles' Draw step
Phase: Ai(1)-Destyn_Turtles' Main phase, precombat
Land: Ai(1)-Destyn_Turtles played Plains (88)
Phase: Ai(1)-Destyn_Turtles' Beginning of Combat Step
Phase: Ai(1)-Destyn_Turtles' Declare Attackers Step
Zone Change: Assemble the Entmoot (304) was put into Graveyard from Battlefield.
Add To Stack: Ai(4)-Gabe_Food activated Assemble the Entmoot
Resolve Stack: Assemble the Entmoot (304) - Ai(4)-Gabe_Food creates three tapped X/X green Treefolk creature tokens, where X is the amount of life you gained this turn. Put a reach counter on each of them. Ai(4)-Gabe_Food puts a reach counter on . 
Zone Change: Treefolk Token (426) was put into Graveyard from Battlefield.
Zone Change: Treefolk Token (427) was put into Graveyard from Battlefield.
Zone Change: Treefolk Token (428) was put into Graveyard from Battlefield.
Phase: Ai(1)-Destyn_Turtles' Declare Blockers Step
Phase: Ai(1)-Destyn_Turtles' First Strike Damage Step
Phase: Ai(1)-Destyn_Turtles' Combat Damage Step
Phase: Ai(1)-Destyn_Turtles' End of Combat Step
Phase: Ai(1)-Destyn_Turtles' Main phase, postcombat
Mana: Plains (87) - {T}: Add {W}.
Mana: Plains (88) - {T}: Add {W}.
Mana: Mountain (86) - {T}: Add {R}.
Mana: Forest (37) - {T}: Add {G}.
Add To Stack: Ai(1)-Destyn_Turtles cast Leonardo, the Balance
Resolve Stack: Leonardo, the Balance - Creature 3 / 3
Add To Stack: Ai(1)-Destyn_Turtles triggered April O'Neil, Live on the Scene
Resolve Stack: Whenever a Mutant, Ninja, or Turtle you control enters, investigate. (Create a Clue token. It's an artifact with "{2}, Sacrifice this token: Draw a card.") [Zone Changer: Leonardo, the Balance (101)]
Add To Stack: Ai(1)-Destyn_Turtles triggered Leonardo, the Balance
Resolve Stack: Whenever a token you control enters, you may put a +1/+1 counter on each creature you control. Do this only once each turn. [Zone Changer: Clue Token (430)]
Mana: Sunken Hollow (24) - {T}: Add {B}.
Mana: Hinterland Harbor (23) - {T}: Add {G} or {U}.
Mana: Rootbound Crag (93) - {T}: Add {R} or {G}.
Mana: Path of Ancestry (12) - {T}: Add one mana of any color in your commander's color identity. When that mana is spent to cast a creature spell that shares a creature type with your commander, scry 1. (Look at the top card of your library. You may put that card on the bottom.)
Add To Stack: Ai(1)-Destyn_Turtles cast Dimension X Pizzasaur
Add To Stack: Ai(1)-Destyn_Turtles triggered Path of Ancestry
Resolve Stack: Ai(1)-Destyn_Turtles scried 1 card(s) to the top of the library
Resolve Stack: When mana produced by Path of Ancestry is spent to cast a creature spell that shares a creature type with your commander, scry 1. ([Dimension X Pizzasaur - Creature 2 / 1]) [Card: Dimension X Pizzasaur (39), Activator: Ai(1)-Destyn_Turtles, SpellAbility: Dimension X Pizzasaur - Creature 2 / 1]
Resolve Stack: Dimension X Pizzasaur - Creature 2 / 1
Add To Stack: Ai(1)-Destyn_Turtles triggered April O'Neil, Live on the Scene
Add To Stack: Ai(1)-Destyn_Turtles triggered Dimension X Pizzasaur targeting [Krang, the All-Powerful (22)]
Resolve Stack: When this creature enters, put two +1/+1 counters on target creature. When you do, destroy up to one target creature with mana value less than or equal to the number of counters among permanents you control. (Targeting: [[Krang, the All-Powerful (22)]]) [Zone Changer: Dimension X Pizzasaur (39)]
Add To Stack: Ai(1)-Destyn_Turtles triggered Dimension X Pizzasaur targeting [Ezio Auditore da Firenze (302)]
Zone Change: Ezio Auditore da Firenze (302) was put into Graveyard from Battlefield.
Resolve Stack: When you do, destroy up to one target creature with mana value less than or equal to the number of counters among permanents you control. (Targeting: [[Ezio Auditore da Firenze (302)]])
Resolve Stack: Whenever a Mutant, Ninja, or Turtle you control enters, investigate. (Create a Clue token. It's an artifact with "{2}, Sacrifice this token: Draw a card.") [Zone Changer: Dimension X Pizzasaur (39)]
Phase: Ai(1)-Destyn_Turtles' End step
Phase: Ai(1)-Destyn_Turtles' Cleanup step
Turn: Turn 35 (Ai(2)-GGS_Herald_diagnostic)
Phase: Ai(2)-GGS_Herald_diagnostic's Untap step
Phase: Ai(2)-GGS_Herald_diagnostic's Upkeep step
Phase: Ai(2)-GGS_Herald_diagnostic's Draw step
Phase: Ai(2)-GGS_Herald_diagnostic's Main phase, precombat
Land: Ai(2)-GGS_Herald_diagnostic played Polluted Delta (113)
Life: Life: Ai(2)-GGS_Herald_diagnostic 28 > 27
Zone Change: Polluted Delta (113) was put into Graveyard from Battlefield.
Add To Stack: Ai(2)-GGS_Herald_diagnostic activated Polluted Delta
Replacement Effect: Undercity Sewers enters tapped.
Resolve Stack: Polluted Delta (113) - Ai(2)-GGS_Herald_diagnostic searches their library for an Island or Swamp card, puts it onto the battlefield, then shuffles.
Add To Stack: Ai(2)-GGS_Herald_diagnostic triggered Undercity Sewers
Resolve Stack: Ai(2)-GGS_Herald_diagnostic surveiled 1 card(s) to the top of the library
Resolve Stack: When Undercity Sewers enters, surveil 1. (Look at the top card of your library. You may put it into your graveyard.) [Zone Changer: Undercity Sewers (104)]
Phase: Ai(2)-GGS_Herald_diagnostic's Beginning of Combat Step
Phase: Ai(2)-GGS_Herald_diagnostic's Declare Attackers Step
Phase: Ai(2)-GGS_Herald_diagnostic's Declare Blockers Step
Phase: Ai(2)-GGS_Herald_diagnostic's First Strike Damage Step
Phase: Ai(2)-GGS_Herald_diagnostic's Combat Damage Step
Phase: Ai(2)-GGS_Herald_diagnostic's End of Combat Step
Phase: Ai(2)-GGS_Herald_diagnostic's Main phase, postcombat
Mana: Steam Vents (145) - {T}: Add {R}.
Mana: Takenuma, Abandoned Mire (184) - {T}: Add {B}.
Add To Stack: Ai(2)-GGS_Herald_diagnostic cast Dragon Tempest
Resolve Stack: Dragon Tempest
Mana: Island (174) - {T}: Add {U}.
Add To Stack: Ai(2)-GGS_Herald_diagnostic cast Hope of Ghirapur
Resolve Stack: Hope of Ghirapur - Creature 1 / 1
Add To Stack: Ai(2)-GGS_Herald_diagnostic triggered Dragon Tempest
Resolve Stack: Whenever a creature you control with flying enters, it gains haste until end of turn. [Zone Changer: Hope of Ghirapur (149)]
Mana: Arcane Signet (138) - {T}: Add one mana of any color in your commander's color identity.
Add To Stack: Ai(2)-GGS_Herald_diagnostic cast Changeling Outcast
Resolve Stack: Changeling Outcast - Creature 1 / 1
Add To Stack: Ai(2)-GGS_Herald_diagnostic triggered Dragon Tempest targeting [Ai(3)-Jaymie_Ezio]
Damage: Changeling Outcast (117) deals 1 non-combat damage to Ai(3)-Jaymie_Ezio.
Life: Life: Ai(3)-Jaymie_Ezio 31 > 30
Resolve Stack: Whenever a Dragon you control enters, it deals X damage to any target, where X is the number of Dragons you control. (Targeting: [[Ai(3)-Jaymie_Ezio]]) [Zone Changer: Changeling Outcast (117)]
Phase: Ai(2)-GGS_Herald_diagnostic's End step
Phase: Ai(2)-GGS_Herald_diagnostic's Cleanup step
Turn: Turn 36 (Ai(3)-Jaymie_Ezio)
Phase: Ai(3)-Jaymie_Ezio's Untap step
Phase: Ai(3)-Jaymie_Ezio's Upkeep step
Phase: Ai(3)-Jaymie_Ezio's Draw step
Phase: Ai(3)-Jaymie_Ezio's Main phase, precombat
Land: Ai(3)-Jaymie_Ezio played Mountain (290)
Phase: Ai(3)-Jaymie_Ezio's Beginning of Combat Step
Phase: Ai(3)-Jaymie_Ezio's Declare Attackers Step
Phase: Ai(3)-Jaymie_Ezio's Declare Blockers Step
Phase: Ai(3)-Jaymie_Ezio's First Strike Damage Step
Phase: Ai(3)-Jaymie_Ezio's Combat Damage Step
Phase: Ai(3)-Jaymie_Ezio's End of Combat Step
Phase: Ai(3)-Jaymie_Ezio's Main phase, postcombat
Mana: Chromatic Lantern (299) - {T}: Add one mana of any color.
Mana: Mountain (290) - {T}: Add {R}.
Mana: Thriving Grove (229) - {T}: Add {G} or one mana of the chosen color.
Mana: Cinder Glade (220) - {T}: Add {G}.
Mana: Smoldering Marsh (273) - {T}: Add {R}.
Mana: Command Tower (234) - {T}: Add one mana of any color.
Add To Stack: Ai(3)-Jaymie_Ezio cast Ezio Auditore da Firenze
Resolve Stack: Ezio Auditore da Firenze - Creature 3 / 2
Phase: Ai(3)-Jaymie_Ezio's End step
Add To Stack: Ai(3)-Jaymie_Ezio triggered Lydia Frye
Resolve Stack: At the beginning of your end step, surveil X, where X is the number of tapped Assassins you control. (Look at the top X cards of your library, then put any number of them into your graveyard and the rest on top of your library in any order.) [Phase: Ai(3)-Jaymie_Ezio]
Phase: Ai(3)-Jaymie_Ezio's Cleanup step
Turn: Turn 37 (Ai(4)-Gabe_Food)
Phase: Ai(4)-Gabe_Food's Untap step
Phase: Ai(4)-Gabe_Food's Upkeep step
Phase: Ai(4)-Gabe_Food's Draw step
Phase: Ai(4)-Gabe_Food's Main phase, precombat
Mana: Swamp (365) - {T}: Add {B}.
Mana: Forest (337) - {T}: Add {G}.
Add To Stack: Ai(4)-Gabe_Food cast Pippin, Warden of Isengard
Resolve Stack: Pippin, Warden of Isengard - Creature 2 / 2
Add To Stack: Ai(4)-Gabe_Food triggered Pippin, Warden of Isengard targeting [Ai(4)-Gabe_Food]
Resolve Stack: Partner with Merry, Warden of Isengard (When this creature enters, target player may put Merry into their hand from their library, then shuffle.) (Targeting: [[Ai(4)-Gabe_Food]]) [Zone Changer: Pippin, Warden of Isengard (343)]
Phase: Ai(4)-Gabe_Food's Beginning of Combat Step
Add To Stack: Ai(4)-Gabe_Food triggered Sam, Loyal Attendant
Resolve Stack: At the beginning of combat on your turn, create a Food token. (It's an artifact with "{2}, {T}, Sacrifice this token: You gain 3 life.") [Phase: Ai(4)-Gabe_Food]
Phase: Ai(4)-Gabe_Food's Declare Attackers Step
Phase: Ai(4)-Gabe_Food's Declare Blockers Step
Phase: Ai(4)-Gabe_Food's First Strike Damage Step
Phase: Ai(4)-Gabe_Food's Combat Damage Step
Phase: Ai(4)-Gabe_Food's End of Combat Step
Phase: Ai(4)-Gabe_Food's Main phase, postcombat
Mana: Arcane Signet (354) - {T}: Add one mana of any color in your commander's color identity.
Mana: Plains (392) - {T}: Add {W}.
Mana: Plains (389) - {T}: Add {W}.
Add To Stack: Ai(4)-Gabe_Food cast Merry, Warden of Isengard
Resolve Stack: Merry, Warden of Isengard - Creature 1 / 4
Add To Stack: Ai(4)-Gabe_Food triggered Merry, Warden of Isengard targeting [Ai(4)-Gabe_Food]
Resolve Stack: Partner with Pippin, Warden of Isengard (When this creature enters, target player may put Pippin into their hand from their library, then shuffle.) (Targeting: [[Ai(4)-Gabe_Food]]) [Zone Changer: Merry, Warden of Isengard (309)]
Mana: Path of Ancestry (314) - {T}: Add one mana of any color in your commander's color identity. When that mana is spent to cast a creature spell that shares a creature type with your commander, scry 1. (Look at the top card of your library. You may put that card on the bottom.)
Mana: Rogue's Passage (331) - {T}: Add {C}.
Add To Stack: Ai(4)-Gabe_Food cast Prize Pig
Resolve Stack: Prize Pig - Creature 0 / 3
Phase: Ai(4)-Gabe_Food's End step
Phase: Ai(4)-Gabe_Food's Cleanup step
Turn: Turn 38 (Ai(1)-Destyn_Turtles)
Phase: Ai(1)-Destyn_Turtles' Untap step
Phase: Ai(1)-Destyn_Turtles' Upkeep step
Phase: Ai(1)-Destyn_Turtles' Draw step
Phase: Ai(1)-Destyn_Turtles' Main phase, precombat
Phase: Ai(1)-Destyn_Turtles' Beginning of Combat Step
Phase: Ai(1)-Destyn_Turtles' Declare Attackers Step
Combat: Ai(1)-Destyn_Turtles assigned Krang, the All-Powerful (22) to attack Ai(4)-Gabe_Food.
Phase: Ai(1)-Destyn_Turtles' Declare Blockers Step
Combat: Ai(4)-Gabe_Food didn't block Krang, the All-Powerful (22).
Phase: Ai(1)-Destyn_Turtles' First Strike Damage Step
Phase: Ai(1)-Destyn_Turtles' Combat Damage Step
Damage: Krang, the All-Powerful (22) deals 8 combat damage to Ai(4)-Gabe_Food.
Life: Life: Ai(4)-Gabe_Food 33 > 25
Phase: Ai(1)-Destyn_Turtles' End of Combat Step
Phase: Ai(1)-Destyn_Turtles' Main phase, postcombat
Add To Stack: Ai(1)-Destyn_Turtles triggered Michelangelo, the Heart targeting [Krang, the All-Powerful (22)]
Resolve Stack: Raid (the Fridge) — At the beginning of your second main phase, if you attacked this turn, put a +1/+1 counter on target creature and create a Food token. (Targeting: [[Krang, the All-Powerful (22)]]) [Phase: Ai(1)-Destyn_Turtles]
Add To Stack: Ai(1)-Destyn_Turtles triggered Leonardo, the Balance
Resolve Stack: Whenever a token you control enters, you may put a +1/+1 counter on each creature you control. Do this only once each turn. [Zone Changer: Food Token (441)]
Mana: Forest (37) - {T}: Add {G}.
Mana: Hinterland Harbor (23) - {T}: Add {G} or {U}.
Mana: Plains (87) - {T}: Add {W}.
Mana: Mountain (86) - {T}: Add {R}.
Add To Stack: Ai(1)-Destyn_Turtles cast Harmonize
Resolve Stack: Harmonize (63) - Ai(1)-Destyn_Turtles draws three cards.
Add To Stack: Ai(1)-Destyn_Turtles triggered Krang, the All-Powerful
Add To Stack: Ai(1)-Destyn_Turtles triggered Krang, the All-Powerful
Resolve Stack: Whenever a player draws their second card each turn, put a +1/+1 counter on Krang. [Player: Ai(1)-Destyn_Turtles]
Resolve Stack: Whenever a player draws their second card each turn, put a +1/+1 counter on Krang. [Player: Ai(1)-Destyn_Turtles]
Mana: Plains (88) - {T}: Add {W}.
Mana: Rootbound Crag (93) - {T}: Add {R} or {G}.
Mana: Sunken Hollow (24) - {T}: Add {B}.
Add To Stack: Ai(1)-Destyn_Turtles cast Chromatic Lantern
Resolve Stack: Chromatic Lantern
Mana: Chromatic Lantern (95) - {T}: Add one mana of any color.
Mana: Path of Ancestry (12) - {T}: Add one mana of any color.
Add To Stack: Ai(1)-Destyn_Turtles cast Level Up targeting [Krang, the All-Powerful (22)]
Resolve Stack: Level Up (90) -  Attach to Krang, the All-Powerful (22)
Add To Stack: Ai(1)-Destyn_Turtles triggered Level Up
Resolve Stack: When this Aura enters, put a +1/+1 counter on enchanted creature. [Zone Changer: Level Up (90)]
Phase: Ai(1)-Destyn_Turtles' End step
Phase: Ai(1)-Destyn_Turtles' Cleanup step
Turn: Turn 39 (Ai(2)-GGS_Herald_diagnostic)
Phase: Ai(2)-GGS_Herald_diagnostic's Untap step
Phase: Ai(2)-GGS_Herald_diagnostic's Upkeep step
Phase: Ai(2)-GGS_Herald_diagnostic's Draw step
Phase: Ai(2)-GGS_Herald_diagnostic's Main phase, precombat
Land: Ai(2)-GGS_Herald_diagnostic played Marsh Flats (181)
Life: Life: Ai(2)-GGS_Herald_diagnostic 27 > 26
Zone Change: Marsh Flats (181) was put into Graveyard from Battlefield.
Add To Stack: Ai(2)-GGS_Herald_diagnostic activated Marsh Flats
Replacement Effect: Xander's Lounge enters tapped.
Resolve Stack: Marsh Flats (181) - Ai(2)-GGS_Herald_diagnostic searches their library for a Plains or Swamp card, puts it onto the battlefield, then shuffles.
Mana: Steam Vents (145) - {T}: Add {R}.
Mana: Arcane Signet (138) - {T}: Add one mana of any color in your commander's color identity.
Mana: Takenuma, Abandoned Mire (184) - {T}: Add {B}.
Mana: Island (174) - {T}: Add {U}.
Mana: Undercity Sewers (104) - {T}: Add {B}.
Add To Stack: Ai(2)-GGS_Herald_diagnostic cast Terror of the Peaks
Resolve Stack: Terror of the Peaks - Creature 5 / 4
Add To Stack: Ai(2)-GGS_Herald_diagnostic triggered Dragon Tempest targeting [Pippin, Warden of Isengard (343)]
Add To Stack: Ai(2)-GGS_Herald_diagnostic triggered Dragon Tempest
Resolve Stack: Whenever a creature you control with flying enters, it gains haste until end of turn. [Zone Changer: Terror of the Peaks (120)]
Damage: Terror of the Peaks (120) deals 2 damage to Pippin, Warden of Isengard (343).
Resolve Stack: Whenever a Dragon you control enters, it deals X damage to any target, where X is the number of Dragons you control. (Targeting: [[Pippin, Warden of Isengard (343)]]) [Zone Changer: Terror of the Peaks (120)]
Zone Change: Pippin, Warden of Isengard (343) was put into Graveyard from Battlefield.
Phase: Ai(2)-GGS_Herald_diagnostic's Beginning of Combat Step
Phase: Ai(2)-GGS_Herald_diagnostic's Declare Attackers Step
Combat: Ai(2)-GGS_Herald_diagnostic assigned Changeling Outcast (117) and Terror of the Peaks (120) to attack Ai(1)-Destyn_Turtles.
Phase: Ai(2)-GGS_Herald_diagnostic's Declare Blockers Step
Combat: Ai(1)-Destyn_Turtles didn't block Changeling Outcast (117).
Ai(1)-Destyn_Turtles didn't block Terror of the Peaks (120).
Phase: Ai(2)-GGS_Herald_diagnostic's First Strike Damage Step
Phase: Ai(2)-GGS_Herald_diagnostic's Combat Damage Step
Damage: Changeling Outcast (117) deals 1 combat damage to Ai(1)-Destyn_Turtles.
Damage: Terror of the Peaks (120) deals 5 combat damage to Ai(1)-Destyn_Turtles.
Life: Life: Ai(1)-Destyn_Turtles 40 > 34
Add To Stack: Ai(2)-GGS_Herald_diagnostic triggered Yuriko, the Tiger's Shadow
Add To Stack: Ai(2)-GGS_Herald_diagnostic triggered Grazilaxx, Illithid Scholar
Resolve Stack: Whenever one or more creatures you control deal combat damage to a player, draw a card. [Damaged: Ai(1)-Destyn_Turtles, Amount: 6]
Add To Stack: Ai(1)-Destyn_Turtles triggered Krang, the All-Powerful
Add To Stack: Ai(1)-Destyn_Turtles triggered Krang, the All-Powerful
Resolve Stack: Whenever a player draws their second card each turn, put a +1/+1 counter on Krang. [Player: Ai(2)-GGS_Herald_diagnostic]
Resolve Stack: Whenever a player draws their second card each turn, put a +1/+1 counter on Krang. [Player: Ai(2)-GGS_Herald_diagnostic]
Resolve Stack: Whenever a Ninja you control deals combat damage to a player, reveal the top card of your library and put that card into your hand. Each opponent loses life equal to that card's mana value. [Damage Source: Changeling Outcast (117), Damaged: Ai(1)-Destyn_Turtles, Amount: 1]
Phase: Ai(2)-GGS_Herald_diagnostic's End of Combat Step
Phase: Ai(2)-GGS_Herald_diagnostic's Main phase, postcombat
Phase: Ai(2)-GGS_Herald_diagnostic's End step
Phase: Ai(2)-GGS_Herald_diagnostic's Cleanup step
Turn: Turn 40 (Ai(3)-Jaymie_Ezio)
Phase: Ai(3)-Jaymie_Ezio's Untap step
Phase: Ai(3)-Jaymie_Ezio's Upkeep step
Phase: Ai(3)-Jaymie_Ezio's Draw step
Phase: Ai(3)-Jaymie_Ezio's Main phase, precombat
Phase: Ai(3)-Jaymie_Ezio's Beginning of Combat Step
Phase: Ai(3)-Jaymie_Ezio's Declare Attackers Step
Phase: Ai(3)-Jaymie_Ezio's Declare Blockers Step
Phase: Ai(3)-Jaymie_Ezio's First Strike Damage Step
Phase: Ai(3)-Jaymie_Ezio's Combat Damage Step
Phase: Ai(3)-Jaymie_Ezio's End of Combat Step
Phase: Ai(3)-Jaymie_Ezio's Main phase, postcombat
Mana: Chromatic Lantern (299) - {T}: Add one mana of any color.
Add To Stack: Ai(3)-Jaymie_Ezio cast Assassin Initiate
Resolve Stack: Assassin Initiate - Creature 1 / 1
Phase: Ai(3)-Jaymie_Ezio's End step
Add To Stack: Ai(3)-Jaymie_Ezio triggered Lydia Frye
Resolve Stack: At the beginning of your end step, surveil X, where X is the number of tapped Assassins you control. (Look at the top X cards of your library, then put any number of them into your graveyard and the rest on top of your library in any order.) [Phase: Ai(3)-Jaymie_Ezio]
Phase: Ai(3)-Jaymie_Ezio's Cleanup step
Turn: Turn 41 (Ai(4)-Gabe_Food)
Phase: Ai(4)-Gabe_Food's Untap step
Phase: Ai(4)-Gabe_Food's Upkeep step
Phase: Ai(4)-Gabe_Food's Draw step
Phase: Ai(4)-Gabe_Food's Main phase, precombat
Mana: Plains (392) - {T}: Add {W}.
Mana: Plains (389) - {T}: Add {W}.
Mana: Forest (337) - {T}: Add {G}.
Mana: Swamp (365) - {T}: Add {B}.
Mana: Arcane Signet (354) - {T}: Add one mana of any color in your commander's color identity.
Add To Stack: Ai(4)-Gabe_Food cast Dawn
Resolve Stack: Dawn (315) - Return all creature cards with power 2 or less from your graveyard to your hand.
Replacement Effect: Aftermath (Cast this spell only from your graveyard. Then exile it.)
Mana: Path of Ancestry (314) - {T}: Add one mana of any color in your commander's color identity. When that mana is spent to cast a creature spell that shares a creature type with your commander, scry 1. (Look at the top card of your library. You may put that card on the bottom.)
Mana: Prize Pig (332) - {T}: Add one mana of any color.
Add To Stack: Ai(4)-Gabe_Food cast Pippin, Warden of Isengard
Add To Stack: Ai(4)-Gabe_Food triggered Path of Ancestry
Resolve Stack: Ai(4)-Gabe_Food scried 1 card(s) to the top of the library
Resolve Stack: When mana produced by Path of Ancestry is spent to cast a creature spell that shares a creature type with your commander, scry 1. ([Pippin, Warden of Isengard - Creature 2 / 2]) [Card: Pippin, Warden of Isengard (343), Activator: Ai(4)-Gabe_Food, SpellAbility: Pippin, Warden of Isengard - Creature 2 / 2]
Resolve Stack: Pippin, Warden of Isengard - Creature 2 / 2
Add To Stack: Ai(4)-Gabe_Food triggered Pippin, Warden of Isengard targeting [Ai(4)-Gabe_Food]
Resolve Stack: Partner with Merry, Warden of Isengard (When this creature enters, target player may put Merry into their hand from their library, then shuffle.) (Targeting: [[Ai(4)-Gabe_Food]]) [Zone Changer: Pippin, Warden of Isengard (343)]
Phase: Ai(4)-Gabe_Food's Beginning of Combat Step
Add To Stack: Ai(4)-Gabe_Food triggered Sam, Loyal Attendant
Resolve Stack: At the beginning of combat on your turn, create a Food token. (It's an artifact with "{2}, {T}, Sacrifice this token: You gain 3 life.") [Phase: Ai(4)-Gabe_Food]
Add To Stack: Ai(4)-Gabe_Food triggered Merry, Warden of Isengard
Resolve Stack: Whenever one or more artifacts you control enter, create a 1/1 white Soldier creature token with lifelink. This ability triggers only once each turn. [Amount: 1]
Phase: Ai(4)-Gabe_Food's Declare Attackers Step
Phase: Ai(4)-Gabe_Food's Declare Blockers Step
Phase: Ai(4)-Gabe_Food's First Strike Damage Step
Phase: Ai(4)-Gabe_Food's Combat Damage Step
Phase: Ai(4)-Gabe_Food's End of Combat Step
Phase: Ai(4)-Gabe_Food's Main phase, postcombat
Replacement Effect: Scoured Barrens enters tapped.
Land: Ai(4)-Gabe_Food played Scoured Barrens (344)
Add To Stack: Ai(4)-Gabe_Food triggered Scoured Barrens
Life: Life: Ai(4)-Gabe_Food 25 > 26
Resolve Stack: When Scoured Barrens enters, you gain 1 life. [Zone Changer: Scoured Barrens (344)]
Add To Stack: Ai(4)-Gabe_Food triggered Prize Pig
Resolve Stack: Whenever you gain life, put that many ribbon counters on Prize Pig. Then if there are three or more ribbon counters on Prize Pig, remove those counters and untap it. [Player: Ai(4)-Gabe_Food, Gained Amount: 1]
Phase: Ai(4)-Gabe_Food's End step
Phase: Ai(4)-Gabe_Food's Cleanup step
Turn: Turn 42 (Ai(1)-Destyn_Turtles)
Phase: Ai(1)-Destyn_Turtles' Untap step
Phase: Ai(1)-Destyn_Turtles' Upkeep step
Mana: Chromatic Lantern (95) - {T}: Add one mana of any color.
Mana: Plains (87) - {T}: Add {W}.
Mana: Mountain (86) - {T}: Add {R}.
Mana: Forest (37) - {T}: Add {G}.
Mana: Plains (88) - {T}: Add {W}.
Life: Life: Ai(1)-Destyn_Turtles 34 > 31
Add To Stack: Ai(1)-Destyn_Turtles cast Shellshock targeting [Terror of the Peaks (120)]
Damage: Shellshock (13) deals 4 damage to Terror of the Peaks (120).
Resolve Stack: Shellshock (13) - Shellshock (13) deals 4 damage to Terror of the Peaks (120).   (X=4)
Zone Change: Terror of the Peaks (120) was put into Graveyard from Battlefield.
Add To Stack: Ai(1)-Destyn_Turtles triggered Leonardo, the Balance
Resolve Stack: Whenever a token you control enters, you may put a +1/+1 counter on each creature you control. Do this only once each turn. [Zone Changer: Mutagen Token (451)]
Phase: Ai(1)-Destyn_Turtles' Draw step
Phase: Ai(1)-Destyn_Turtles' Main phase, precombat
Phase: Ai(1)-Destyn_Turtles' Beginning of Combat Step
Player Control: Ai(1)-Destyn_Turtles has restored control over themself
Player Control: Ai(2)-GGS_Herald_diagnostic has restored control over themself
Player Control: Ai(3)-Jaymie_Ezio has restored control over themself
Player Control: Ai(4)-Gabe_Food has restored control over themself
Game Outcome: Match Duration 3m : 58s
Game Outcome: Turn 21
Game Outcome: Ai(1)-Destyn_Turtles has won because all opponents have lost
Game Outcome: Ai(2)-GGS_Herald_diagnostic has won because all opponents have lost
Game Outcome: Ai(3)-Jaymie_Ezio has won because all opponents have lost
Game Outcome: Ai(4)-Gabe_Food has won because all opponents have lost
Match Result: Ai(1)-Destyn_Turtles: 0 Ai(2)-GGS_Herald_diagnostic: 0 Ai(3)-Jaymie_Ezio: 1 Ai(4)-Gabe_Food: 0 

Game Result: Game 1 ended in 240136 ms. Ai(3)-Jaymie_Ezio has won!

