Error handling registered!
20:27:44 [INFO ] GuiBase: ##########################################
20:27:44 [INFO ] GuiBase: APP: Forge v.2.0.15-SNAPSHOT-09.28
20:27:44 [INFO ] GuiBase: Java: 17.0.20 (Ubuntu)
20:27:44 [INFO ] GuiBase: OS: Linux 6.18.44 amd64
20:27:44 [INFO ] GuiBase: RAM: 1536 MB max, 8 CPUs
20:27:44 [INFO ] GuiBase: ##########################################
Language 'en-US' loaded successfully.
(ThreadUtil first call): Running with priority 5
Read cards: 34010 archived files in 1 ms (25 parts) using thread pool
Upcoming set Star Trek (TRK) dated in the future. All `upcoming` cards will be added to this set with unknown rarity.
The card A-Alrund's Epiphany was not assigned to any set. Adding it to UNKNOWN set... to fix see res/editions/ folder. 
The card A-Baba Lysaga, Night Witch was not assigned to any set. Adding it to UNKNOWN set... to fix see res/editions/ folder. 
The card A-Divide by Zero was not assigned to any set. Adding it to UNKNOWN set... to fix see res/editions/ folder. 
The card A-Esika's Chariot was not assigned to any set. Adding it to UNKNOWN set... to fix see res/editions/ folder. 
The card A-Faceless Haven was not assigned to any set. Adding it to UNKNOWN set... to fix see res/editions/ folder. 
The card A-Fires of Invention was not assigned to any set. Adding it to UNKNOWN set... to fix see res/editions/ folder. 
The card A-Goldspan Dragon was not assigned to any set. Adding it to UNKNOWN set... to fix see res/editions/ folder. 
The card A-Hullbreaker Horror was not assigned to any set. Adding it to UNKNOWN set... to fix see res/editions/ folder. 
The card A-Kumano Faces Kakkazan was not assigned to any set. Adding it to UNKNOWN set... to fix see res/editions/ folder. 
The card A-Luminarch Aspirant was not assigned to any set. Adding it to UNKNOWN set... to fix see res/editions/ folder. 
The card A-Monster Manual was not assigned to any set. Adding it to UNKNOWN set... to fix see res/editions/ folder. 
The card A-Omnath, Locus of Creation was not assigned to any set. Adding it to UNKNOWN set... to fix see res/editions/ folder. 
The card A-The Meathook Massacre was not assigned to any set. Adding it to UNKNOWN set... to fix see res/editions/ folder. 
The card A-Unholy Heat was not assigned to any set. Adding it to UNKNOWN set... to fix see res/editions/ folder. 
The card Blinding Radiance was not assigned to any set. Adding it to UNKNOWN set... to fix see res/editions/ folder. 
The card Goblin Bruiser was not assigned to any set. Adding it to UNKNOWN set... to fix see res/editions/ folder. 
The card Ogre Painbringer was not assigned to any set. Adding it to UNKNOWN set... to fix see res/editions/ folder. 
The card Titanic Pelagosaur was not assigned to any set. Adding it to UNKNOWN set... to fix see res/editions/ folder. 
The card Treetop Recluse was not assigned to any set. Adding it to UNKNOWN set... to fix see res/editions/ folder. 
Upcoming set Star Trek (TRK) dated in the future. All `upcoming` cards will be added to this set with unknown rarity.
Read cards: 854 files in 0 ms (8 parts) using thread pool
Simulation mode
Ai(1)-Gabe_Food vs Ai(2)-Destyn_Turtles vs Ai(3)-GGS_Throne_only vs Ai(4)-Jaymie_Ezio - one game of Commander seed 20260930
Watery Grave Did not have activator set in SpellAbility_Condition.checkConditions()
Watery Grave Did not have activator set in SpellAbility_Condition.checkConditions()
Watery Grave Did not have activator set in SpellAbility_Condition.checkConditions()
Watery Grave Did not have activator set in SpellAbility_Condition.checkConditions()
Watery Grave Did not have activator set in SpellAbility_Condition.checkConditions()
Watery Grave Did not have activator set in SpellAbility_Condition.checkConditions()
Watery Grave Did not have activator set in SpellAbility_Condition.checkConditions()
Watery Grave Did not have activator set in SpellAbility_Condition.checkConditions()
Watery Grave Did not have activator set in SpellAbility_Condition.checkConditions()
Watery Grave Did not have activator set in SpellAbility_Condition.checkConditions()
Watery Grave Did not have activator set in SpellAbility_Condition.checkConditions()
Watery Grave Did not have activator set in SpellAbility_Condition.checkConditions()
Warning: default (ie. inherited from base class) implementation of confirmAction is used by Michelangelo, the Heart for forge.ai.ability.PermanentCreatureAi. Consider declaring an overloaded method
Warning: default (ie. inherited from base class) implementation of confirmAction is used by Leonardo, the Balance for forge.ai.ability.PermanentCreatureAi. Consider declaring an overloaded method
Warning: default (ie. inherited from base class) implementation of confirmAction is used by Goro-Goro and Satoru for forge.ai.ability.PermanentCreatureAi. Consider declaring an overloaded method
Correcting zone for Hithlain Rope (25)
Warning: default (ie. inherited from base class) implementation of confirmAction is used by Goro-Goro and Satoru for forge.ai.ability.PermanentCreatureAi. Consider declaring an overloaded method
Correcting zone for Hithlain Rope (25)
Correcting zone for Hithlain Rope (25)
Correcting zone for Hithlain Rope (25)
Stopping slow match as draw
java.lang.InterruptedException
	at java.base/java.util.concurrent.FutureTask.awaitDone(FutureTask.java:418)
	at java.base/java.util.concurrent.FutureTask.get(FutureTask.java:203)
	at forge.ai.AiController.chooseSpellAbilityToPlayFromList(AiController.java:1686)
	at forge.ai.AiController.getSpellAbilityToPlay(AiController.java:1577)
	at forge.ai.AiController.chooseSpellAbilityToPlay(AiController.java:1397)
	at forge.ai.PlayerControllerAi.chooseSpellAbilityToPlay(PlayerControllerAi.java:833)
	at forge.game.phase.PhaseHandler.mainLoopStep(PhaseHandler.java:1056)
	at forge.game.phase.PhaseHandler.mainGameLoop(PhaseHandler.java:1035)
	at forge.game.phase.PhaseHandler.startFirstTurn(PhaseHandler.java:1029)
	at forge.game.GameAction.startGame(GameAction.java:2373)
	at forge.game.Match.startGame(Match.java:92)
	at forge.game.Match.startGame(Match.java:77)
	at forge.view.SimulateMatch.lambda$simulateSingleMatch$0(SimulateMatch.java:219)
	at forge.view.TimeLimitedCodeBlock.lambda$runWithTimeout$0(TimeLimitedCodeBlock.java:18)
	at java.base/java.util.concurrent.FutureTask.run(FutureTask.java:264)
	at java.base/java.util.concurrent.ThreadPoolExecutor.runWorker(ThreadPoolExecutor.java:1136)
	at java.base/java.util.concurrent.ThreadPoolExecutor$Worker.run(ThreadPoolExecutor.java:635)
	at java.base/java.lang.Thread.run(Thread.java:840)
Mulligan: Ai(2)-Destyn_Turtles has mulliganed down to 7 cards.
Mulligan: Ai(4)-Jaymie_Ezio has kept a hand of 7 cards
Mulligan: Ai(1)-Gabe_Food has kept a hand of 7 cards
Mulligan: Ai(2)-Destyn_Turtles has kept a hand of 7 cards
Mulligan: Ai(3)-GGS_Throne_only has kept a hand of 7 cards
Turn: Turn 1 (Ai(4)-Jaymie_Ezio)
Phase: Ai(4)-Jaymie_Ezio's Untap step
Phase: Ai(4)-Jaymie_Ezio's Upkeep step
Phase: Ai(4)-Jaymie_Ezio's Draw step
Phase: Ai(4)-Jaymie_Ezio's Main phase, precombat
Replacement Effect: Cinder Glade enters tapped unless you control two or more basic lands.
Land: Ai(4)-Jaymie_Ezio played Cinder Glade (321)
Phase: Ai(4)-Jaymie_Ezio's Beginning of Combat Step
Phase: Ai(4)-Jaymie_Ezio's Declare Attackers Step
Phase: Ai(4)-Jaymie_Ezio's Declare Blockers Step
Phase: Ai(4)-Jaymie_Ezio's First Strike Damage Step
Phase: Ai(4)-Jaymie_Ezio's Combat Damage Step
Phase: Ai(4)-Jaymie_Ezio's End of Combat Step
Phase: Ai(4)-Jaymie_Ezio's Main phase, postcombat
Phase: Ai(4)-Jaymie_Ezio's End step
Phase: Ai(4)-Jaymie_Ezio's Cleanup step
Turn: Turn 2 (Ai(1)-Gabe_Food)
Phase: Ai(1)-Gabe_Food's Untap step
Phase: Ai(1)-Gabe_Food's Upkeep step
Phase: Ai(1)-Gabe_Food's Draw step
Phase: Ai(1)-Gabe_Food's Main phase, precombat
Land: Ai(1)-Gabe_Food played Forest (32)
Phase: Ai(1)-Gabe_Food's Beginning of Combat Step
Phase: Ai(1)-Gabe_Food's Declare Attackers Step
Phase: Ai(1)-Gabe_Food's Declare Blockers Step
Phase: Ai(1)-Gabe_Food's First Strike Damage Step
Phase: Ai(1)-Gabe_Food's Combat Damage Step
Phase: Ai(1)-Gabe_Food's End of Combat Step
Phase: Ai(1)-Gabe_Food's Main phase, postcombat
Phase: Ai(1)-Gabe_Food's End step
Phase: Ai(1)-Gabe_Food's Cleanup step
Turn: Turn 3 (Ai(2)-Destyn_Turtles)
Phase: Ai(2)-Destyn_Turtles' Untap step
Phase: Ai(2)-Destyn_Turtles' Upkeep step
Phase: Ai(2)-Destyn_Turtles' Draw step
Phase: Ai(2)-Destyn_Turtles' Main phase, precombat
Replacement Effect: This land enters tapped unless you control two or more basic lands.
Land: Ai(2)-Destyn_Turtles played Vernal Fen (159)
Phase: Ai(2)-Destyn_Turtles' Beginning of Combat Step
Phase: Ai(2)-Destyn_Turtles' Declare Attackers Step
Phase: Ai(2)-Destyn_Turtles' Declare Blockers Step
Phase: Ai(2)-Destyn_Turtles' First Strike Damage Step
Phase: Ai(2)-Destyn_Turtles' Combat Damage Step
Phase: Ai(2)-Destyn_Turtles' End of Combat Step
Phase: Ai(2)-Destyn_Turtles' Main phase, postcombat
Phase: Ai(2)-Destyn_Turtles' End step
Phase: Ai(2)-Destyn_Turtles' Cleanup step
Turn: Turn 4 (Ai(3)-GGS_Throne_only)
Phase: Ai(3)-GGS_Throne_only's Untap step
Phase: Ai(3)-GGS_Throne_only's Upkeep step
Phase: Ai(3)-GGS_Throne_only's Draw step
Phase: Ai(3)-GGS_Throne_only's Main phase, precombat
Replacement Effect: As Blood Crypt enters, you may pay 2 life. If you don't, it enters tapped.
Land: Ai(3)-GGS_Throne_only played Blood Crypt (268)
Phase: Ai(3)-GGS_Throne_only's Beginning of Combat Step
Phase: Ai(3)-GGS_Throne_only's Declare Attackers Step
Phase: Ai(3)-GGS_Throne_only's Declare Blockers Step
Phase: Ai(3)-GGS_Throne_only's First Strike Damage Step
Phase: Ai(3)-GGS_Throne_only's Combat Damage Step
Phase: Ai(3)-GGS_Throne_only's End of Combat Step
Phase: Ai(3)-GGS_Throne_only's Main phase, postcombat
Phase: Ai(3)-GGS_Throne_only's End step
Phase: Ai(3)-GGS_Throne_only's Cleanup step
Turn: Turn 5 (Ai(4)-Jaymie_Ezio)
Phase: Ai(4)-Jaymie_Ezio's Untap step
Phase: Ai(4)-Jaymie_Ezio's Upkeep step
Phase: Ai(4)-Jaymie_Ezio's Draw step
Phase: Ai(4)-Jaymie_Ezio's Main phase, precombat
Land: Ai(4)-Jaymie_Ezio played Foreboding Landscape (324)
Zone Change: Foreboding Landscape (324) was put into Graveyard from Battlefield.
Add To Stack: Ai(4)-Jaymie_Ezio activated Foreboding Landscape
Resolve Stack: Foreboding Landscape (324) - Ai(4)-Jaymie_Ezio searches their library for a basic Swamp, Forest, or Island card, puts it onto the battlefield tapped, then shuffles.
Phase: Ai(4)-Jaymie_Ezio's Beginning of Combat Step
Phase: Ai(4)-Jaymie_Ezio's Declare Attackers Step
Phase: Ai(4)-Jaymie_Ezio's Declare Blockers Step
Phase: Ai(4)-Jaymie_Ezio's First Strike Damage Step
Phase: Ai(4)-Jaymie_Ezio's Combat Damage Step
Phase: Ai(4)-Jaymie_Ezio's End of Combat Step
Phase: Ai(4)-Jaymie_Ezio's Main phase, postcombat
Phase: Ai(4)-Jaymie_Ezio's End step
Phase: Ai(4)-Jaymie_Ezio's Cleanup step
Turn: Turn 6 (Ai(1)-Gabe_Food)
Phase: Ai(1)-Gabe_Food's Untap step
Phase: Ai(1)-Gabe_Food's Upkeep step
Phase: Ai(1)-Gabe_Food's Draw step
Phase: Ai(1)-Gabe_Food's Main phase, precombat
Replacement Effect: As Murmuring Bosk enters, you may reveal a Treefolk card from your hand. If you don't, Murmuring Bosk enters tapped.
Land: Ai(1)-Gabe_Food played Murmuring Bosk (24)
Phase: Ai(1)-Gabe_Food's Beginning of Combat Step
Phase: Ai(1)-Gabe_Food's Declare Attackers Step
Phase: Ai(1)-Gabe_Food's Declare Blockers Step
Phase: Ai(1)-Gabe_Food's First Strike Damage Step
Phase: Ai(1)-Gabe_Food's Combat Damage Step
Phase: Ai(1)-Gabe_Food's End of Combat Step
Phase: Ai(1)-Gabe_Food's Main phase, postcombat
Phase: Ai(1)-Gabe_Food's End step
Phase: Ai(1)-Gabe_Food's Cleanup step
Turn: Turn 7 (Ai(2)-Destyn_Turtles)
Phase: Ai(2)-Destyn_Turtles' Untap step
Phase: Ai(2)-Destyn_Turtles' Upkeep step
Phase: Ai(2)-Destyn_Turtles' Draw step
Phase: Ai(2)-Destyn_Turtles' Main phase, precombat
Land: Ai(2)-Destyn_Turtles played Swamp (157)
Phase: Ai(2)-Destyn_Turtles' Beginning of Combat Step
Phase: Ai(2)-Destyn_Turtles' Declare Attackers Step
Phase: Ai(2)-Destyn_Turtles' Declare Blockers Step
Phase: Ai(2)-Destyn_Turtles' First Strike Damage Step
Phase: Ai(2)-Destyn_Turtles' Combat Damage Step
Phase: Ai(2)-Destyn_Turtles' End of Combat Step
Phase: Ai(2)-Destyn_Turtles' Main phase, postcombat
Mana: Vernal Fen (159) - {T}: Add {G}.
Mana: Swamp (157) - {T}: Add {B}.
Add To Stack: Ai(2)-Destyn_Turtles cast Michelangelo, the Heart
Resolve Stack: Michelangelo, the Heart - Creature 2 / 1
Phase: Ai(2)-Destyn_Turtles' End step
Phase: Ai(2)-Destyn_Turtles' Cleanup step
Turn: Turn 8 (Ai(3)-GGS_Throne_only)
Phase: Ai(3)-GGS_Throne_only's Untap step
Phase: Ai(3)-GGS_Throne_only's Upkeep step
Phase: Ai(3)-GGS_Throne_only's Draw step
Phase: Ai(3)-GGS_Throne_only's Main phase, precombat
Land: Ai(3)-GGS_Throne_only played Marsh Flats (283)
Life: Life: Ai(3)-GGS_Throne_only 40 > 39
Zone Change: Marsh Flats (283) was put into Graveyard from Battlefield.
Add To Stack: Ai(3)-GGS_Throne_only activated Marsh Flats
Replacement Effect: As Watery Grave enters, you may pay 2 life. If you don't, it enters tapped.
Resolve Stack: Marsh Flats (283) - Ai(3)-GGS_Throne_only searches their library for a Plains or Swamp card, puts it onto the battlefield, then shuffles.
Phase: Ai(3)-GGS_Throne_only's Beginning of Combat Step
Phase: Ai(3)-GGS_Throne_only's Declare Attackers Step
Phase: Ai(3)-GGS_Throne_only's Declare Blockers Step
Phase: Ai(3)-GGS_Throne_only's First Strike Damage Step
Phase: Ai(3)-GGS_Throne_only's Combat Damage Step
Phase: Ai(3)-GGS_Throne_only's End of Combat Step
Phase: Ai(3)-GGS_Throne_only's Main phase, postcombat
Phase: Ai(3)-GGS_Throne_only's End step
Phase: Ai(3)-GGS_Throne_only's Cleanup step
Turn: Turn 9 (Ai(4)-Jaymie_Ezio)
Phase: Ai(4)-Jaymie_Ezio's Untap step
Phase: Ai(4)-Jaymie_Ezio's Upkeep step
Phase: Ai(4)-Jaymie_Ezio's Draw step
Phase: Ai(4)-Jaymie_Ezio's Main phase, precombat
Land: Ai(4)-Jaymie_Ezio played Plains (392)
Mana: Cinder Glade (321) - {T}: Add {G}.
Mana: Island (336) - {T}: Add {U}.
Add To Stack: Ai(4)-Jaymie_Ezio cast Farseek
Replacement Effect: Smoldering Marsh enters tapped unless you control two or more basic lands.
Resolve Stack: Farseek (331) - Ai(4)-Jaymie_Ezio searches their library for a Plains, Island, Swamp or Mountain card, puts it onto the battlefield tapped, then shuffles.
Phase: Ai(4)-Jaymie_Ezio's Beginning of Combat Step
Phase: Ai(4)-Jaymie_Ezio's Declare Attackers Step
Phase: Ai(4)-Jaymie_Ezio's Declare Blockers Step
Phase: Ai(4)-Jaymie_Ezio's First Strike Damage Step
Phase: Ai(4)-Jaymie_Ezio's Combat Damage Step
Phase: Ai(4)-Jaymie_Ezio's End of Combat Step
Phase: Ai(4)-Jaymie_Ezio's Main phase, postcombat
Phase: Ai(4)-Jaymie_Ezio's End step
Phase: Ai(4)-Jaymie_Ezio's Cleanup step
Turn: Turn 10 (Ai(1)-Gabe_Food)
Phase: Ai(1)-Gabe_Food's Untap step
Phase: Ai(1)-Gabe_Food's Upkeep step
Phase: Ai(1)-Gabe_Food's Draw step
Phase: Ai(1)-Gabe_Food's Main phase, precombat
Land: Ai(1)-Gabe_Food played Swamp (61)
Phase: Ai(1)-Gabe_Food's Beginning of Combat Step
Phase: Ai(1)-Gabe_Food's Declare Attackers Step
Phase: Ai(1)-Gabe_Food's Declare Blockers Step
Phase: Ai(1)-Gabe_Food's First Strike Damage Step
Phase: Ai(1)-Gabe_Food's Combat Damage Step
Phase: Ai(1)-Gabe_Food's End of Combat Step
Phase: Ai(1)-Gabe_Food's Main phase, postcombat
Mana: Swamp (61) - {T}: Add {B}.
Mana: Forest (32) - {T}: Add {G}.
Mana: Murmuring Bosk (24) - {T}: Add {G}.
Add To Stack: Ai(1)-Gabe_Food cast Savvy Hunter
Resolve Stack: Savvy Hunter - Creature 3 / 3
Phase: Ai(1)-Gabe_Food's End step
Phase: Ai(1)-Gabe_Food's Cleanup step
Turn: Turn 11 (Ai(2)-Destyn_Turtles)
Phase: Ai(2)-Destyn_Turtles' Untap step
Phase: Ai(2)-Destyn_Turtles' Upkeep step
Phase: Ai(2)-Destyn_Turtles' Draw step
Phase: Ai(2)-Destyn_Turtles' Main phase, precombat
Land: Ai(2)-Destyn_Turtles played Forest (138)
Phase: Ai(2)-Destyn_Turtles' Beginning of Combat Step
Phase: Ai(2)-Destyn_Turtles' Declare Attackers Step
Phase: Ai(2)-Destyn_Turtles' Declare Blockers Step
Phase: Ai(2)-Destyn_Turtles' First Strike Damage Step
Phase: Ai(2)-Destyn_Turtles' Combat Damage Step
Phase: Ai(2)-Destyn_Turtles' End of Combat Step
Phase: Ai(2)-Destyn_Turtles' Main phase, postcombat
Mana: Forest (138) - {T}: Add {G}.
Mana: Swamp (157) - {T}: Add {B}.
Mana: Vernal Fen (159) - {T}: Add {G}.
Add To Stack: Ai(2)-Destyn_Turtles cast Mona Lisa, Science Geek
Resolve Stack: Mona Lisa, Science Geek - Creature 1 / 3
Phase: Ai(2)-Destyn_Turtles' End step
Phase: Ai(2)-Destyn_Turtles' Cleanup step
Turn: Turn 12 (Ai(3)-GGS_Throne_only)
Phase: Ai(3)-GGS_Throne_only's Untap step
Phase: Ai(3)-GGS_Throne_only's Upkeep step
Phase: Ai(3)-GGS_Throne_only's Draw step
Phase: Ai(3)-GGS_Throne_only's Main phase, precombat
Land: Ai(3)-GGS_Throne_only played Command Tower (275)
Mana: Blood Crypt (268) - {T}: Add {B}.
Mana: Watery Grave (274) - {T}: Add {B}.
Add To Stack: Ai(3)-GGS_Throne_only cast Feed the Swarm targeting [Mona Lisa, Science Geek (162)]
Zone Change: Mona Lisa, Science Geek (162) was put into Graveyard from Battlefield.
Life: Life: Ai(3)-GGS_Throne_only 39 > 36
Resolve Stack: Feed the Swarm (247) - Destroy Mona Lisa, Science Geek (162). Ai(3)-GGS_Throne_only loses 3 life.
Phase: Ai(3)-GGS_Throne_only's Beginning of Combat Step
Phase: Ai(3)-GGS_Throne_only's Declare Attackers Step
Phase: Ai(3)-GGS_Throne_only's Declare Blockers Step
Phase: Ai(3)-GGS_Throne_only's First Strike Damage Step
Phase: Ai(3)-GGS_Throne_only's Combat Damage Step
Phase: Ai(3)-GGS_Throne_only's End of Combat Step
Phase: Ai(3)-GGS_Throne_only's Main phase, postcombat
Phase: Ai(3)-GGS_Throne_only's End step
Phase: Ai(3)-GGS_Throne_only's Cleanup step
Turn: Turn 13 (Ai(4)-Jaymie_Ezio)
Phase: Ai(4)-Jaymie_Ezio's Untap step
Phase: Ai(4)-Jaymie_Ezio's Upkeep step
Phase: Ai(4)-Jaymie_Ezio's Draw step
Phase: Ai(4)-Jaymie_Ezio's Main phase, precombat
Phase: Ai(4)-Jaymie_Ezio's Beginning of Combat Step
Phase: Ai(4)-Jaymie_Ezio's Declare Attackers Step
Phase: Ai(4)-Jaymie_Ezio's Declare Blockers Step
Phase: Ai(4)-Jaymie_Ezio's First Strike Damage Step
Phase: Ai(4)-Jaymie_Ezio's Combat Damage Step
Phase: Ai(4)-Jaymie_Ezio's End of Combat Step
Phase: Ai(4)-Jaymie_Ezio's Main phase, postcombat
Mana: Plains (392) - {T}: Add {W}.
Mana: Cinder Glade (321) - {T}: Add {R}.
Mana: Island (336) - {T}: Add {U}.
Mana: Smoldering Marsh (374) - {T}: Add {R}.
Add To Stack: Ai(4)-Jaymie_Ezio cast Aya of Alexandria
Resolve Stack: Aya of Alexandria - Creature 4 / 3
Phase: Ai(4)-Jaymie_Ezio's End step
Phase: Ai(4)-Jaymie_Ezio's Cleanup step
Turn: Turn 14 (Ai(1)-Gabe_Food)
Phase: Ai(1)-Gabe_Food's Untap step
Phase: Ai(1)-Gabe_Food's Upkeep step
Damage: Murmuring Bosk (24) deals 1 non-combat damage to Ai(1)-Gabe_Food.
Life: Life: Ai(1)-Gabe_Food 40 > 39
Mana: Murmuring Bosk (24) - {T}: Add {W} or {B}. Murmuring Bosk deals 1 damage to you. 
Add To Stack: Ai(1)-Gabe_Food cast Path to Exile targeting [Aya of Alexandria (315)]
Zone Change: Aya of Alexandria (315) was put into Exile from Battlefield.
Resolve Stack: Path to Exile (7) - Exile Aya of Alexandria (315). Ai(4)-Jaymie_Ezio may search their library for a basic land card, put that card onto the battlefield tapped, then shuffle their library. 
Phase: Ai(1)-Gabe_Food's Draw step
Phase: Ai(1)-Gabe_Food's Main phase, precombat
Land: Ai(1)-Gabe_Food played Swamp (63)
Phase: Ai(1)-Gabe_Food's Beginning of Combat Step
Phase: Ai(1)-Gabe_Food's Declare Attackers Step
Combat: Ai(1)-Gabe_Food assigned Savvy Hunter (23) to attack Ai(2)-Destyn_Turtles.
Add To Stack: Ai(1)-Gabe_Food triggered Savvy Hunter
Resolve Stack: Whenever Savvy Hunter attacks or blocks, create a Food token. (It's an artifact with "{2}, {T}, Sacrifice this token: You gain 3 life.") [Attacker: Savvy Hunter (23)]
Phase: Ai(1)-Gabe_Food's Declare Blockers Step
Combat: Ai(2)-Destyn_Turtles didn't block Savvy Hunter (23).
Phase: Ai(1)-Gabe_Food's First Strike Damage Step
Phase: Ai(1)-Gabe_Food's Combat Damage Step
Damage: Savvy Hunter (23) deals 3 combat damage to Ai(2)-Destyn_Turtles.
Life: Life: Ai(2)-Destyn_Turtles 40 > 37
Phase: Ai(1)-Gabe_Food's End of Combat Step
Phase: Ai(1)-Gabe_Food's Main phase, postcombat
Mana: Forest (32) - {T}: Add {G}.
Mana: Swamp (61) - {T}: Add {B}.
Mana: Swamp (63) - {T}: Add {B}.
Add To Stack: Ai(1)-Gabe_Food cast Pristine Talisman
Resolve Stack: Pristine Talisman
Phase: Ai(1)-Gabe_Food's End step
Phase: Ai(1)-Gabe_Food's Cleanup step
Turn: Turn 15 (Ai(2)-Destyn_Turtles)
Phase: Ai(2)-Destyn_Turtles' Untap step
Phase: Ai(2)-Destyn_Turtles' Upkeep step
Phase: Ai(2)-Destyn_Turtles' Draw step
Phase: Ai(2)-Destyn_Turtles' Main phase, precombat
Land: Ai(2)-Destyn_Turtles played Evolving Wilds (133)
Zone Change: Evolving Wilds (133) was put into Graveyard from Battlefield.
Add To Stack: Ai(2)-Destyn_Turtles activated Evolving Wilds
Resolve Stack: Evolving Wilds (133) - Ai(2)-Destyn_Turtles searches their library for a basic land card, puts it onto the battlefield tapped, then shuffles.
Phase: Ai(2)-Destyn_Turtles' Beginning of Combat Step
Phase: Ai(2)-Destyn_Turtles' Declare Attackers Step
Combat: Ai(2)-Destyn_Turtles assigned Michelangelo, the Heart (200) to attack Ai(1)-Gabe_Food.
Phase: Ai(2)-Destyn_Turtles' Declare Blockers Step
Combat: Ai(1)-Gabe_Food didn't block Michelangelo, the Heart (200).
Phase: Ai(2)-Destyn_Turtles' First Strike Damage Step
Phase: Ai(2)-Destyn_Turtles' Combat Damage Step
Damage: Michelangelo, the Heart (200) deals 2 combat damage to Ai(1)-Gabe_Food.
Life: Life: Ai(1)-Gabe_Food 39 > 37
Phase: Ai(2)-Destyn_Turtles' End of Combat Step
Phase: Ai(2)-Destyn_Turtles' Main phase, postcombat
Add To Stack: Ai(2)-Destyn_Turtles triggered Michelangelo, the Heart targeting [Michelangelo, the Heart (200)]
Resolve Stack: Raid (the Fridge) — At the beginning of your second main phase, if you attacked this turn, put a +1/+1 counter on target creature and create a Food token. (Targeting: [[Michelangelo, the Heart (200)]]) [Phase: Ai(2)-Destyn_Turtles]
Phase: Ai(2)-Destyn_Turtles' End step
Phase: Ai(2)-Destyn_Turtles' Cleanup step
Turn: Turn 16 (Ai(3)-GGS_Throne_only)
Phase: Ai(3)-GGS_Throne_only's Untap step
Phase: Ai(3)-GGS_Throne_only's Upkeep step
Phase: Ai(3)-GGS_Throne_only's Draw step
Phase: Ai(3)-GGS_Throne_only's Main phase, precombat
Replacement Effect: Xander's Lounge enters tapped.
Land: Ai(3)-GGS_Throne_only played Xander's Lounge (288)
Phase: Ai(3)-GGS_Throne_only's Beginning of Combat Step
Phase: Ai(3)-GGS_Throne_only's Declare Attackers Step
Phase: Ai(3)-GGS_Throne_only's Declare Blockers Step
Phase: Ai(3)-GGS_Throne_only's First Strike Damage Step
Phase: Ai(3)-GGS_Throne_only's Combat Damage Step
Phase: Ai(3)-GGS_Throne_only's End of Combat Step
Phase: Ai(3)-GGS_Throne_only's Main phase, postcombat
Mana: Watery Grave (274) - {T}: Add {U}.
Mana: Blood Crypt (268) - {T}: Add {B}.
Mana: Command Tower (275) - {T}: Add one mana of any color in your commander's color identity.
Add To Stack: Ai(3)-GGS_Throne_only cast Goro-Goro and Satoru
Resolve Stack: Goro-Goro and Satoru - Creature 3 / 4
Phase: Ai(3)-GGS_Throne_only's End step
Phase: Ai(3)-GGS_Throne_only's Cleanup step
Turn: Turn 17 (Ai(4)-Jaymie_Ezio)
Phase: Ai(4)-Jaymie_Ezio's Untap step
Phase: Ai(4)-Jaymie_Ezio's Upkeep step
Phase: Ai(4)-Jaymie_Ezio's Draw step
Phase: Ai(4)-Jaymie_Ezio's Main phase, precombat
Land: Ai(4)-Jaymie_Ezio played Swamp (361)
Phase: Ai(4)-Jaymie_Ezio's Beginning of Combat Step
Phase: Ai(4)-Jaymie_Ezio's Declare Attackers Step
Phase: Ai(4)-Jaymie_Ezio's Declare Blockers Step
Phase: Ai(4)-Jaymie_Ezio's First Strike Damage Step
Phase: Ai(4)-Jaymie_Ezio's Combat Damage Step
Phase: Ai(4)-Jaymie_Ezio's End of Combat Step
Phase: Ai(4)-Jaymie_Ezio's Main phase, postcombat
Mana: Island (336) - {T}: Add {U}.
Mana: Swamp (361) - {T}: Add {B}.
Mana: Plains (392) - {T}: Add {W}.
Mana: Plains (393) - {T}: Add {W}.
Mana: Cinder Glade (321) - {T}: Add {G}.
Add To Stack: Ai(4)-Jaymie_Ezio cast Ezio, Blade of Vengeance
Resolve Stack: Ezio, Blade of Vengeance - Creature 5 / 5
Phase: Ai(4)-Jaymie_Ezio's End step
Life: Life: Ai(1)-Gabe_Food 37 > 38
Mana: Pristine Talisman (91) - {T}: Add {C}. You gain 1 life. 
Phase: Ai(4)-Jaymie_Ezio's Cleanup step
Turn: Turn 18 (Ai(1)-Gabe_Food)
Phase: Ai(1)-Gabe_Food's Untap step
Phase: Ai(1)-Gabe_Food's Upkeep step
Phase: Ai(1)-Gabe_Food's Draw step
Phase: Ai(1)-Gabe_Food's Main phase, precombat
Land: Ai(1)-Gabe_Food played Forest (39)
Damage: Murmuring Bosk (24) deals 1 non-combat damage to Ai(1)-Gabe_Food.
Life: Life: Ai(1)-Gabe_Food 38 > 37
Mana: Murmuring Bosk (24) - {T}: Add {W} or {B}. Murmuring Bosk deals 1 damage to you. 
Mana: Forest (32) - {T}: Add {G}.
Mana: Swamp (61) - {T}: Add {B}.
Mana: Swamp (63) - {T}: Add {B}.
Mana: Forest (39) - {T}: Add {G}.
Add To Stack: Ai(1)-Gabe_Food cast Fell the Mighty targeting [Savvy Hunter (23)]
Add To Stack: Ai(3)-GGS_Throne_only cast Fierce Guardianship targeting [Destroy all creatures with power greater than target creature's power.]
Zone Change: Send countered spell to Graveyard
Resolve Stack: Fierce Guardianship (226) - Counter Fell the Mighty (22).
Phase: Ai(1)-Gabe_Food's Beginning of Combat Step
Phase: Ai(1)-Gabe_Food's Declare Attackers Step
Phase: Ai(1)-Gabe_Food's Declare Blockers Step
Phase: Ai(1)-Gabe_Food's First Strike Damage Step
Phase: Ai(1)-Gabe_Food's Combat Damage Step
Phase: Ai(1)-Gabe_Food's End of Combat Step
Phase: Ai(1)-Gabe_Food's Main phase, postcombat
Phase: Ai(1)-Gabe_Food's End step
Phase: Ai(1)-Gabe_Food's Cleanup step
Turn: Turn 19 (Ai(2)-Destyn_Turtles)
Phase: Ai(2)-Destyn_Turtles' Untap step
Phase: Ai(2)-Destyn_Turtles' Upkeep step
Phase: Ai(2)-Destyn_Turtles' Draw step
Phase: Ai(2)-Destyn_Turtles' Main phase, precombat
Phase: Ai(2)-Destyn_Turtles' Beginning of Combat Step
Phase: Ai(2)-Destyn_Turtles' Declare Attackers Step
Phase: Ai(2)-Destyn_Turtles' Declare Blockers Step
Phase: Ai(2)-Destyn_Turtles' First Strike Damage Step
Phase: Ai(2)-Destyn_Turtles' Combat Damage Step
Phase: Ai(2)-Destyn_Turtles' End of Combat Step
Phase: Ai(2)-Destyn_Turtles' Main phase, postcombat
Mana: Swamp (157) - {T}: Add {B}.
Mana: Plains (188) - {T}: Add {W}.
Mana: Forest (138) - {T}: Add {G}.
Mana: Vernal Fen (159) - {T}: Add {G}.
Add To Stack: Ai(2)-Destyn_Turtles cast Rat King, Pale Piper
Resolve Stack: Rat King, Pale Piper - Creature 3 / 3
Phase: Ai(2)-Destyn_Turtles' End step
Phase: Ai(2)-Destyn_Turtles' Cleanup step
Turn: Turn 20 (Ai(3)-GGS_Throne_only)
Phase: Ai(3)-GGS_Throne_only's Untap step
Phase: Ai(3)-GGS_Throne_only's Upkeep step
Phase: Ai(3)-GGS_Throne_only's Draw step
Phase: Ai(3)-GGS_Throne_only's Main phase, precombat
Land: Ai(3)-GGS_Throne_only played Misty Rainforest (218)
Life: Life: Ai(3)-GGS_Throne_only 36 > 35
Zone Change: Misty Rainforest (218) was put into Graveyard from Battlefield.
Add To Stack: Ai(3)-GGS_Throne_only activated Misty Rainforest
Replacement Effect: Undercity Sewers enters tapped.
Resolve Stack: Misty Rainforest (218) - Ai(3)-GGS_Throne_only searches their library for a Forest or Island card, puts it onto the battlefield, then shuffles.
Add To Stack: Ai(3)-GGS_Throne_only triggered Undercity Sewers
Resolve Stack: Ai(3)-GGS_Throne_only surveiled 1 card(s) to the top of the library
Resolve Stack: When Undercity Sewers enters, surveil 1. (Look at the top card of your library. You may put it into your graveyard.) [Zone Changer: Undercity Sewers (205)]
Mana: Blood Crypt (268) - {T}: Add {R}.
Add To Stack: Ai(3)-GGS_Throne_only cast Phoenix Chick
Resolve Stack: Phoenix Chick - Creature 1 / 1
Phase: Ai(3)-GGS_Throne_only's Beginning of Combat Step
Phase: Ai(3)-GGS_Throne_only's Declare Attackers Step
Combat: Ai(3)-GGS_Throne_only assigned Phoenix Chick (272) and Goro-Goro and Satoru (302) to attack Ai(2)-Destyn_Turtles.
Phase: Ai(3)-GGS_Throne_only's Declare Blockers Step
Combat: Ai(2)-Destyn_Turtles didn't block Phoenix Chick (272).
Ai(2)-Destyn_Turtles didn't block Goro-Goro and Satoru (302).
Phase: Ai(3)-GGS_Throne_only's First Strike Damage Step
Phase: Ai(3)-GGS_Throne_only's Combat Damage Step
Damage: Phoenix Chick (272) deals 1 combat damage to Ai(2)-Destyn_Turtles.
Damage: Goro-Goro and Satoru (302) deals 3 combat damage to Ai(2)-Destyn_Turtles.
Life: Life: Ai(2)-Destyn_Turtles 37 > 33
Add To Stack: Ai(3)-GGS_Throne_only triggered Goro-Goro and Satoru
Resolve Stack: Whenever one or more creatures you control that entered this turn deal combat damage to a player, create a 5/5 red Dragon Spirit creature token with flying. [Damaged: Ai(2)-Destyn_Turtles, Amount: 1]
Phase: Ai(3)-GGS_Throne_only's End of Combat Step
Phase: Ai(3)-GGS_Throne_only's Main phase, postcombat
Mana: Command Tower (275) - {T}: Add one mana of any color in your commander's color identity.
Mana: Watery Grave (274) - {T}: Add {B}.
Mana: Xander's Lounge (288) - {T}: Add {R}.
Add To Stack: Ai(3)-GGS_Throne_only cast Professional Face-Breaker
Resolve Stack: Professional Face-Breaker - Creature 2 / 3
Phase: Ai(3)-GGS_Throne_only's End step
Phase: Ai(3)-GGS_Throne_only's Cleanup step
Turn: Turn 21 (Ai(4)-Jaymie_Ezio)
Phase: Ai(4)-Jaymie_Ezio's Untap step
Phase: Ai(4)-Jaymie_Ezio's Upkeep step
Phase: Ai(4)-Jaymie_Ezio's Draw step
Mana: Swamp (361) - {T}: Add {B}.
Mana: Smoldering Marsh (374) - {T}: Add {R}.
Add To Stack: Ai(4)-Jaymie_Ezio cast Terminate targeting [Dragon Spirit Token (422)]
Zone Change: Dragon Spirit Token (422) was put into Graveyard from Battlefield.
Resolve Stack: Terminate (370) - Destroy Dragon Spirit Token (422). It can't be regenerated.
Phase: Ai(4)-Jaymie_Ezio's Main phase, precombat
Phase: Ai(4)-Jaymie_Ezio's Beginning of Combat Step
Phase: Ai(4)-Jaymie_Ezio's Declare Attackers Step
Combat: Ai(4)-Jaymie_Ezio assigned Ezio, Blade of Vengeance (343) to attack Ai(2)-Destyn_Turtles.
Phase: Ai(4)-Jaymie_Ezio's Declare Blockers Step
Combat: Ai(2)-Destyn_Turtles didn't block Ezio, Blade of Vengeance (343).
Phase: Ai(4)-Jaymie_Ezio's First Strike Damage Step
Phase: Ai(4)-Jaymie_Ezio's Combat Damage Step
Damage: Ezio, Blade of Vengeance (343) deals 5 combat damage to Ai(2)-Destyn_Turtles.
Life: Life: Ai(2)-Destyn_Turtles 33 > 28
Add To Stack: Ai(4)-Jaymie_Ezio triggered Ezio, Blade of Vengeance
Resolve Stack: Whenever an Assassin you control deals combat damage to a player, draw a card. [Damage Source: Ezio, Blade of Vengeance (343), Damaged: Ai(2)-Destyn_Turtles, Amount: 5]
Phase: Ai(4)-Jaymie_Ezio's End of Combat Step
Phase: Ai(4)-Jaymie_Ezio's Main phase, postcombat
Mana: Cinder Glade (321) - {T}: Add {G}.
Mana: Plains (392) - {T}: Add {W}.
Add To Stack: Ai(4)-Jaymie_Ezio cast Sphere Grid
Resolve Stack: Sphere Grid
Phase: Ai(4)-Jaymie_Ezio's End step
Life: Life: Ai(1)-Gabe_Food 37 > 38
Mana: Pristine Talisman (91) - {T}: Add {C}. You gain 1 life. 
Phase: Ai(4)-Jaymie_Ezio's Cleanup step
Turn: Turn 22 (Ai(1)-Gabe_Food)
Phase: Ai(1)-Gabe_Food's Untap step
Phase: Ai(1)-Gabe_Food's Upkeep step
Phase: Ai(1)-Gabe_Food's Draw step
Phase: Ai(1)-Gabe_Food's Main phase, precombat
Replacement Effect: As Necroblossom Snarl enters, you may reveal a Swamp or Forest card from your hand. If you don't, Necroblossom Snarl enters tapped.
Land: Ai(1)-Gabe_Food played Necroblossom Snarl (64)
Damage: Murmuring Bosk (24) deals 1 non-combat damage to Ai(1)-Gabe_Food.
Life: Life: Ai(1)-Gabe_Food 38 > 37
Mana: Murmuring Bosk (24) - {T}: Add {W} or {B}. Murmuring Bosk deals 1 damage to you. 
Mana: Forest (32) - {T}: Add {G}.
Mana: Swamp (61) - {T}: Add {B}.
Add To Stack: Ai(1)-Gabe_Food cast Sam, Loyal Attendant
Resolve Stack: Sam, Loyal Attendant - Creature 2 / 4
Add To Stack: Ai(1)-Gabe_Food triggered Sam, Loyal Attendant targeting [Ai(1)-Gabe_Food]
Resolve Stack: Partner with Frodo, Adventurous Hobbit (When this creature enters, target player may put Frodo into their hand from their library, then shuffle.) (Targeting: [[Ai(1)-Gabe_Food]]) [Zone Changer: Sam, Loyal Attendant (101)]
Phase: Ai(1)-Gabe_Food's Beginning of Combat Step
Add To Stack: Ai(1)-Gabe_Food triggered Sam, Loyal Attendant
Resolve Stack: At the beginning of combat on your turn, create a Food token. (It's an artifact with "{2}, {T}, Sacrifice this token: You gain 3 life.") [Phase: Ai(1)-Gabe_Food]
Phase: Ai(1)-Gabe_Food's Declare Attackers Step
Phase: Ai(1)-Gabe_Food's Declare Blockers Step
Phase: Ai(1)-Gabe_Food's First Strike Damage Step
Phase: Ai(1)-Gabe_Food's Combat Damage Step
Phase: Ai(1)-Gabe_Food's End of Combat Step
Phase: Ai(1)-Gabe_Food's Main phase, postcombat
Phase: Ai(1)-Gabe_Food's End step
Phase: Ai(1)-Gabe_Food's Cleanup step
Turn: Turn 23 (Ai(2)-Destyn_Turtles)
Phase: Ai(2)-Destyn_Turtles' Untap step
Phase: Ai(2)-Destyn_Turtles' Upkeep step
Phase: Ai(2)-Destyn_Turtles' Draw step
Phase: Ai(2)-Destyn_Turtles' Main phase, precombat
Replacement Effect: This land enters tapped.
Replacement Effect: As this land enters, choose a color.
Land: Ai(2)-Destyn_Turtles played Big Apple, 3 a.m. (172)
Phase: Ai(2)-Destyn_Turtles' Beginning of Combat Step
Phase: Ai(2)-Destyn_Turtles' Declare Attackers Step
Combat: Ai(2)-Destyn_Turtles assigned Rat King, Pale Piper (144) to attack Ai(3)-GGS_Throne_only.
Phase: Ai(2)-Destyn_Turtles' Declare Blockers Step
Combat: Ai(3)-GGS_Throne_only didn't block Rat King, Pale Piper (144).
Phase: Ai(2)-Destyn_Turtles' First Strike Damage Step
Phase: Ai(2)-Destyn_Turtles' Combat Damage Step
Damage: Rat King, Pale Piper (144) deals 3 combat damage to Ai(3)-GGS_Throne_only.
Life: Life: Ai(3)-GGS_Throne_only 35 > 32
Phase: Ai(2)-Destyn_Turtles' End of Combat Step
Phase: Ai(2)-Destyn_Turtles' Main phase, postcombat
Add To Stack: Ai(2)-Destyn_Turtles triggered Michelangelo, the Heart targeting [Rat King, Pale Piper (144)]
Resolve Stack: Raid (the Fridge) — At the beginning of your second main phase, if you attacked this turn, put a +1/+1 counter on target creature and create a Food token. (Targeting: [[Rat King, Pale Piper (144)]]) [Phase: Ai(2)-Destyn_Turtles]
Mana: Plains (188) - {T}: Add {W}.
Mana: Swamp (157) - {T}: Add {B}.
Mana: Forest (138) - {T}: Add {G}.
Mana: Vernal Fen (159) - {T}: Add {G}.
Add To Stack: Ai(2)-Destyn_Turtles cast Leonardo, the Balance
Resolve Stack: Leonardo, the Balance - Creature 3 / 3
Phase: Ai(2)-Destyn_Turtles' End step
Phase: Ai(2)-Destyn_Turtles' Cleanup step
Turn: Turn 24 (Ai(3)-GGS_Throne_only)
Phase: Ai(3)-GGS_Throne_only's Untap step
Phase: Ai(3)-GGS_Throne_only's Upkeep step
Phase: Ai(3)-GGS_Throne_only's Draw step
Phase: Ai(3)-GGS_Throne_only's Main phase, precombat
Replacement Effect: Luxury Suite enters tapped unless you have two or more opponents.
Land: Ai(3)-GGS_Throne_only played Luxury Suite (278)
Phase: Ai(3)-GGS_Throne_only's Beginning of Combat Step
Phase: Ai(3)-GGS_Throne_only's Declare Attackers Step
Combat: Ai(3)-GGS_Throne_only assigned Phoenix Chick (272) and Goro-Goro and Satoru (302) to attack Ai(2)-Destyn_Turtles.
Phase: Ai(3)-GGS_Throne_only's Declare Blockers Step
Combat: Ai(2)-Destyn_Turtles didn't block Phoenix Chick (272).
Ai(2)-Destyn_Turtles didn't block Goro-Goro and Satoru (302).
Phase: Ai(3)-GGS_Throne_only's First Strike Damage Step
Phase: Ai(3)-GGS_Throne_only's Combat Damage Step
Damage: Phoenix Chick (272) deals 1 combat damage to Ai(2)-Destyn_Turtles.
Damage: Goro-Goro and Satoru (302) deals 3 combat damage to Ai(2)-Destyn_Turtles.
Life: Life: Ai(2)-Destyn_Turtles 28 > 24
Add To Stack: Ai(3)-GGS_Throne_only triggered Professional Face-Breaker
Resolve Stack: Whenever one or more creatures you control deal combat damage to a player, create a Treasure token. [Damaged: Ai(2)-Destyn_Turtles, Amount: 4]
Phase: Ai(3)-GGS_Throne_only's End of Combat Step
Phase: Ai(3)-GGS_Throne_only's Main phase, postcombat
Mana: Luxury Suite (278) - {T}: Add {B} or {R}.
Mana: Blood Crypt (268) - {T}: Add {R}.
Add To Stack: Ai(3)-GGS_Throne_only cast Talisman of Creativity
Resolve Stack: Talisman of Creativity
Phase: Ai(3)-GGS_Throne_only's End step
Phase: Ai(3)-GGS_Throne_only's Cleanup step
Turn: Turn 25 (Ai(4)-Jaymie_Ezio)
Phase: Ai(4)-Jaymie_Ezio's Untap step
Phase: Ai(4)-Jaymie_Ezio's Upkeep step
Phase: Ai(4)-Jaymie_Ezio's Draw step
Phase: Ai(4)-Jaymie_Ezio's Main phase, precombat
Phase: Ai(4)-Jaymie_Ezio's Beginning of Combat Step
Phase: Ai(4)-Jaymie_Ezio's Declare Attackers Step
Combat: Ai(4)-Jaymie_Ezio assigned Ezio, Blade of Vengeance (343) to attack Ai(2)-Destyn_Turtles.
Phase: Ai(4)-Jaymie_Ezio's Declare Blockers Step
Combat: Ai(2)-Destyn_Turtles didn't block Ezio, Blade of Vengeance (343).
Phase: Ai(4)-Jaymie_Ezio's First Strike Damage Step
Phase: Ai(4)-Jaymie_Ezio's Combat Damage Step
Damage: Ezio, Blade of Vengeance (343) deals 5 combat damage to Ai(2)-Destyn_Turtles.
Life: Life: Ai(2)-Destyn_Turtles 24 > 19
Add To Stack: Ai(4)-Jaymie_Ezio triggered Ezio, Blade of Vengeance
Add To Stack: Ai(4)-Jaymie_Ezio triggered Sphere Grid
Resolve Stack: Whenever a creature you control deals combat damage to a player, put a +1/+1 counter on that creature. [Damage Source: Ezio, Blade of Vengeance (343), Damaged: Ai(2)-Destyn_Turtles, Amount: 5]
Resolve Stack: Whenever an Assassin you control deals combat damage to a player, draw a card. [Damage Source: Ezio, Blade of Vengeance (343), Damaged: Ai(2)-Destyn_Turtles, Amount: 5]
Phase: Ai(4)-Jaymie_Ezio's End of Combat Step
Phase: Ai(4)-Jaymie_Ezio's Main phase, postcombat
Land: Ai(4)-Jaymie_Ezio played Shadowblood Ridge (358)
Mana: Cinder Glade (321) - {T}: Add {R}.
Mana: Smoldering Marsh (374) - {T}: Add {R}.
Mana: Plains (392) - {T}: Add {W}.
Mana: Plains (393) - {T}: Add {W}.
Mana: Island (336) - {T}: Add {U}.
Add To Stack: Ai(4)-Jaymie_Ezio cast Combustion Man
Resolve Stack: Combustion Man - Creature 4 / 6
Phase: Ai(4)-Jaymie_Ezio's End step
Life: Life: Ai(1)-Gabe_Food 37 > 38
Mana: Pristine Talisman (91) - {T}: Add {C}. You gain 1 life. 
Phase: Ai(4)-Jaymie_Ezio's Cleanup step
Turn: Turn 26 (Ai(1)-Gabe_Food)
Phase: Ai(1)-Gabe_Food's Untap step
Phase: Ai(1)-Gabe_Food's Upkeep step
Phase: Ai(1)-Gabe_Food's Draw step
Phase: Ai(1)-Gabe_Food's Main phase, precombat
Phase: Ai(1)-Gabe_Food's Beginning of Combat Step
Add To Stack: Ai(1)-Gabe_Food triggered Sam, Loyal Attendant
Resolve Stack: At the beginning of combat on your turn, create a Food token. (It's an artifact with "{2}, {T}, Sacrifice this token: You gain 3 life.") [Phase: Ai(1)-Gabe_Food]
Phase: Ai(1)-Gabe_Food's Declare Attackers Step
Phase: Ai(1)-Gabe_Food's Declare Blockers Step
Phase: Ai(1)-Gabe_Food's First Strike Damage Step
Phase: Ai(1)-Gabe_Food's Combat Damage Step
Phase: Ai(1)-Gabe_Food's End of Combat Step
Phase: Ai(1)-Gabe_Food's Main phase, postcombat
Damage: Murmuring Bosk (24) deals 1 non-combat damage to Ai(1)-Gabe_Food.
Life: Life: Ai(1)-Gabe_Food 38 > 37
Mana: Murmuring Bosk (24) - {T}: Add {W} or {B}. Murmuring Bosk deals 1 damage to you. 
Mana: Swamp (61) - {T}: Add {B}.
Mana: Swamp (63) - {T}: Add {B}.
Mana: Forest (32) - {T}: Add {G}.
Mana: Forest (39) - {T}: Add {G}.
Add To Stack: Ai(1)-Gabe_Food cast Gwaihir, Greatest of the Eagles
Resolve Stack: Gwaihir, Greatest of the Eagles - Creature 5 / 5
Mana: Necroblossom Snarl (64) - {T}: Add {B} or {G}.
Add To Stack: Ai(1)-Gabe_Food cast Gilded Goose
Resolve Stack: Gilded Goose - Creature 0 / 2
Add To Stack: Ai(1)-Gabe_Food triggered Gilded Goose
Resolve Stack: When Gilded Goose enters, create a Food token. (It's an artifact with "{2}, {T}, Sacrifice this token: You gain 3 life.") [Zone Changer: Gilded Goose (85)]
Phase: Ai(1)-Gabe_Food's End step
Phase: Ai(1)-Gabe_Food's Cleanup step
Turn: Turn 27 (Ai(2)-Destyn_Turtles)
Phase: Ai(2)-Destyn_Turtles' Untap step
Phase: Ai(2)-Destyn_Turtles' Upkeep step
Phase: Ai(2)-Destyn_Turtles' Draw step
Phase: Ai(2)-Destyn_Turtles' Main phase, precombat
Phase: Ai(2)-Destyn_Turtles' Beginning of Combat Step
Phase: Ai(2)-Destyn_Turtles' Declare Attackers Step
Phase: Ai(2)-Destyn_Turtles' Declare Blockers Step
Phase: Ai(2)-Destyn_Turtles' First Strike Damage Step
Phase: Ai(2)-Destyn_Turtles' Combat Damage Step
Phase: Ai(2)-Destyn_Turtles' End of Combat Step
Phase: Ai(2)-Destyn_Turtles' Main phase, postcombat
Mana: Forest (138) - {T}: Add {G}.
Mana: Vernal Fen (159) - {T}: Add {G}.
Mana: Swamp (157) - {T}: Add {B}.
Mana: Plains (188) - {T}: Add {W}.
Mana: Big Apple, 3 a.m. (172) - {T}: Add one mana of the chosen color.
Add To Stack: Ai(2)-Destyn_Turtles cast Biogenic Ooze
Resolve Stack: Biogenic Ooze - Creature 2 / 2
Add To Stack: Ai(2)-Destyn_Turtles triggered Biogenic Ooze
Resolve Stack: When Biogenic Ooze enters, create a 2/2 green Ooze creature token. [Zone Changer: Biogenic Ooze (166)]
Add To Stack: Ai(2)-Destyn_Turtles triggered Leonardo, the Balance
Resolve Stack: Whenever a token you control enters, you may put a +1/+1 counter on each creature you control. Do this only once each turn. [Zone Changer: Ooze Token (454)]
Phase: Ai(2)-Destyn_Turtles' End step
Add To Stack: Ai(2)-Destyn_Turtles triggered Biogenic Ooze
Resolve Stack: At the beginning of your end step, put a +1/+1 counter on each Ooze you control. [Phase: Ai(2)-Destyn_Turtles]
Phase: Ai(2)-Destyn_Turtles' Cleanup step
Turn: Turn 28 (Ai(3)-GGS_Throne_only)
Phase: Ai(3)-GGS_Throne_only's Untap step
Phase: Ai(3)-GGS_Throne_only's Upkeep step
Phase: Ai(3)-GGS_Throne_only's Draw step
Phase: Ai(3)-GGS_Throne_only's Main phase, precombat
Phase: Ai(3)-GGS_Throne_only's Beginning of Combat Step
Phase: Ai(3)-GGS_Throne_only's Declare Attackers Step
Combat: Ai(3)-GGS_Throne_only assigned Phoenix Chick (272) to attack Ai(2)-Destyn_Turtles.
Phase: Ai(3)-GGS_Throne_only's Declare Blockers Step
Combat: Ai(2)-Destyn_Turtles didn't block Phoenix Chick (272).
Phase: Ai(3)-GGS_Throne_only's First Strike Damage Step
Phase: Ai(3)-GGS_Throne_only's Combat Damage Step
Damage: Phoenix Chick (272) deals 1 combat damage to Ai(2)-Destyn_Turtles.
Life: Life: Ai(2)-Destyn_Turtles 19 > 18
Add To Stack: Ai(3)-GGS_Throne_only triggered Professional Face-Breaker
Resolve Stack: Whenever one or more creatures you control deal combat damage to a player, create a Treasure token. [Damaged: Ai(2)-Destyn_Turtles, Amount: 1]
Phase: Ai(3)-GGS_Throne_only's End of Combat Step
Phase: Ai(3)-GGS_Throne_only's Main phase, postcombat
Mana: Luxury Suite (278) - {T}: Add {B} or {R}.
Mana: Blood Crypt (268) - {T}: Add {B}.
Add To Stack: Ai(3)-GGS_Throne_only cast Dauthi Voidwalker
Resolve Stack: Dauthi Voidwalker - Creature 3 / 2
Phase: Ai(3)-GGS_Throne_only's End step
Phase: Ai(3)-GGS_Throne_only's Cleanup step
Turn: Turn 29 (Ai(4)-Jaymie_Ezio)
Phase: Ai(4)-Jaymie_Ezio's Untap step
Phase: Ai(4)-Jaymie_Ezio's Upkeep step
Phase: Ai(4)-Jaymie_Ezio's Draw step
Phase: Ai(4)-Jaymie_Ezio's Main phase, precombat
Mana: Plains (392) - {T}: Add {W}.
Mana: Plains (393) - {T}: Add {W}.
Mana: Island (336) - {T}: Add {U}.
Add To Stack: Ai(4)-Jaymie_Ezio cast 
Resolve Stack: Disguise - Creature 2/2
Mana: Cinder Glade (321) - {T}: Add {G}.
Mana: Swamp (361) - {T}: Add {B}.
Resolve Stack: Ai(4)-Jaymie_Ezio has undisguised Aveline de Grandpré
Phase: Ai(4)-Jaymie_Ezio's Beginning of Combat Step
Phase: Ai(4)-Jaymie_Ezio's Declare Attackers Step
Combat: Ai(4)-Jaymie_Ezio assigned Combustion Man (387) and Ezio, Blade of Vengeance (343) to attack Ai(2)-Destyn_Turtles.
Add To Stack: Ai(4)-Jaymie_Ezio triggered Combustion Man targeting [Rat King, Pale Piper (144)]
Damage: Combustion Man (387) deals 4 non-combat damage to Ai(2)-Destyn_Turtles.
Life: Life: Ai(2)-Destyn_Turtles 18 > 14
Resolve Stack: Whenever Combustion Man attacks, destroy target permanent unless its controller has Combustion Man deal damage to them equal to his power. (Targeting: [[Rat King, Pale Piper (144)]]) [Attacker: Combustion Man (387)]
Phase: Ai(4)-Jaymie_Ezio's Declare Blockers Step
Combat: Ai(2)-Destyn_Turtles assigned Rat King, Pale Piper (144) and Michelangelo, the Heart (200) to block Combustion Man (387).
Ai(2)-Destyn_Turtles didn't block Ezio, Blade of Vengeance (343).
Phase: Ai(4)-Jaymie_Ezio's First Strike Damage Step
Phase: Ai(4)-Jaymie_Ezio's Combat Damage Step
Damage: Combustion Man (387) deals 1 damage to Rat King, Pale Piper (144).
Damage: Combustion Man (387) deals 3 damage to Michelangelo, the Heart (200).
Damage: Ezio, Blade of Vengeance (343) deals 6 combat damage to Ai(2)-Destyn_Turtles.
Damage: Rat King, Pale Piper (144) deals 5 damage to Combustion Man (387).
Damage: Michelangelo, the Heart (200) deals 4 damage to Combustion Man (387).
Life: Life: Ai(2)-Destyn_Turtles 14 > 8
Zone Change: Combustion Man (387) was put into Exile from Battlefield.
Replacement Effect: If a card would be put into an opponent's graveyard from anywhere, instead exile it with a void counter on it.
Zone Change: Michelangelo, the Heart (200) was put into Exile from Battlefield.
Replacement Effect: If a card would be put into an opponent's graveyard from anywhere, instead exile it with a void counter on it.
Add To Stack: Ai(4)-Jaymie_Ezio triggered Ezio, Blade of Vengeance
Add To Stack: Ai(4)-Jaymie_Ezio triggered Sphere Grid
Add To Stack: Ai(4)-Jaymie_Ezio triggered Aveline de Grandpré
Add To Stack: Ai(2)-Destyn_Turtles triggered Rat King, Pale Piper
Resolve Stack: Whenever Rat King or another nontoken creature you control leaves the battlefield, create a 1/1 black Rat creature token. [Zone Changer: Michelangelo, the Heart (200)]
Add To Stack: Ai(2)-Destyn_Turtles triggered Leonardo, the Balance
Resolve Stack: Whenever a token you control enters, you may put a +1/+1 counter on each creature you control. Do this only once each turn. [Zone Changer: Rat Token (494)]
Resolve Stack: Whenever a creature you control with deathtouch deals combat damage to a player, put that many +1/+1 counters on that creature. [Damage Source: Ezio, Blade of Vengeance (343), Damaged: Ai(2)-Destyn_Turtles, Amount: 6]
Resolve Stack: Whenever a creature you control deals combat damage to a player, put a +1/+1 counter on that creature. [Damage Source: Ezio, Blade of Vengeance (343), Damaged: Ai(2)-Destyn_Turtles, Amount: 6]
Resolve Stack: Whenever an Assassin you control deals combat damage to a player, draw a card. [Damage Source: Ezio, Blade of Vengeance (343), Damaged: Ai(2)-Destyn_Turtles, Amount: 6]
Phase: Ai(4)-Jaymie_Ezio's End of Combat Step
Phase: Ai(4)-Jaymie_Ezio's Main phase, postcombat
Replacement Effect: Thriving Moor enters tapped.
Replacement Effect: As Thriving Moor enters, choose a color other than black.
Land: Ai(4)-Jaymie_Ezio played Thriving Moor (402)
Phase: Ai(4)-Jaymie_Ezio's End step
Life: Life: Ai(1)-Gabe_Food 37 > 38
Mana: Pristine Talisman (91) - {T}: Add {C}. You gain 1 life. 
Phase: Ai(4)-Jaymie_Ezio's Cleanup step
Turn: Turn 30 (Ai(1)-Gabe_Food)
Phase: Ai(1)-Gabe_Food's Untap step
Phase: Ai(1)-Gabe_Food's Upkeep step
Phase: Ai(1)-Gabe_Food's Draw step
Phase: Ai(1)-Gabe_Food's Main phase, precombat
Damage: Murmuring Bosk (24) deals 1 non-combat damage to Ai(1)-Gabe_Food.
Life: Life: Ai(1)-Gabe_Food 38 > 37
Mana: Murmuring Bosk (24) - {T}: Add {W} or {B}. Murmuring Bosk deals 1 damage to you. 
Zone Change: Food Token (442) was put into Graveyard from Battlefield.
Mana: Gilded Goose (85) - {T}, Sacrifice a Food: Add one mana of any color.
Mana: Swamp (61) - {T}: Add {B}.
Mana: Swamp (63) - {T}: Add {B}.
Add To Stack: Ai(1)-Gabe_Food cast Dusk
Zone Change: Savvy Hunter (23) was put into Exile from Battlefield.
Replacement Effect: If a card would be put into an opponent's graveyard from anywhere, instead exile it with a void counter on it.
Zone Change: Gwaihir, Greatest of the Eagles (90) was put into Exile from Battlefield.
Replacement Effect: If a card would be put into an opponent's graveyard from anywhere, instead exile it with a void counter on it.
Zone Change: Rat King, Pale Piper (144) was put into Exile from Battlefield.
Replacement Effect: If a card would be put into an opponent's graveyard from anywhere, instead exile it with a void counter on it.
Zone Change: Leonardo, the Balance (202) was put into Exile from Battlefield.
Replacement Effect: If a card would be put into an opponent's graveyard from anywhere, instead exile it with a void counter on it.
Zone Change: Biogenic Ooze (166) was put into Exile from Battlefield.
Replacement Effect: If a card would be put into an opponent's graveyard from anywhere, instead exile it with a void counter on it.
Zone Change: Ooze Token (454) was put into Graveyard from Battlefield.
Zone Change: Goro-Goro and Satoru (302) was put into Graveyard from Battlefield.
Zone Change: Dauthi Voidwalker (257) was put into Graveyard from Battlefield.
Zone Change: Ezio, Blade of Vengeance (343) was put into Exile from Battlefield.
Replacement Effect: If a card would be put into an opponent's graveyard from anywhere, instead exile it with a void counter on it.
Zone Change: Aveline de Grandpré (356) was put into Exile from Battlefield.
Replacement Effect: If a card would be put into an opponent's graveyard from anywhere, instead exile it with a void counter on it.
Resolve Stack: Dusk (12) - Destroy all creatures with power 3 or greater.
Add To Stack: Ai(2)-Destyn_Turtles triggered Rat King, Pale Piper
Add To Stack: Ai(2)-Destyn_Turtles triggered Rat King, Pale Piper
Add To Stack: Ai(2)-Destyn_Turtles triggered Rat King, Pale Piper
Resolve Stack: Whenever Rat King or another nontoken creature you control leaves the battlefield, create a 1/1 black Rat creature token. [Zone Changer: Biogenic Ooze (166)]
Resolve Stack: Whenever Rat King or another nontoken creature you control leaves the battlefield, create a 1/1 black Rat creature token. [Zone Changer: Leonardo, the Balance (202)]
Resolve Stack: Whenever Rat King or another nontoken creature you control leaves the battlefield, create a 1/1 black Rat creature token. [Zone Changer: Rat King, Pale Piper (144)]
Phase: Ai(1)-Gabe_Food's Beginning of Combat Step
Add To Stack: Ai(1)-Gabe_Food triggered Sam, Loyal Attendant
Resolve Stack: At the beginning of combat on your turn, create a Food token. (It's an artifact with "{2}, {T}, Sacrifice this token: You gain 3 life.") [Phase: Ai(1)-Gabe_Food]
Phase: Ai(1)-Gabe_Food's Declare Attackers Step
Phase: Ai(1)-Gabe_Food's Declare Blockers Step
Phase: Ai(1)-Gabe_Food's First Strike Damage Step
Phase: Ai(1)-Gabe_Food's Combat Damage Step
Phase: Ai(1)-Gabe_Food's End of Combat Step
Phase: Ai(1)-Gabe_Food's Main phase, postcombat
Phase: Ai(1)-Gabe_Food's End step
Phase: Ai(1)-Gabe_Food's Cleanup step
Turn: Turn 31 (Ai(2)-Destyn_Turtles)
Phase: Ai(2)-Destyn_Turtles' Untap step
Phase: Ai(2)-Destyn_Turtles' Upkeep step
Phase: Ai(2)-Destyn_Turtles' Draw step
Phase: Ai(2)-Destyn_Turtles' Main phase, precombat
Phase: Ai(2)-Destyn_Turtles' Beginning of Combat Step
Phase: Ai(2)-Destyn_Turtles' Declare Attackers Step
Phase: Ai(2)-Destyn_Turtles' Declare Blockers Step
Phase: Ai(2)-Destyn_Turtles' First Strike Damage Step
Phase: Ai(2)-Destyn_Turtles' Combat Damage Step
Phase: Ai(2)-Destyn_Turtles' End of Combat Step
Phase: Ai(2)-Destyn_Turtles' Main phase, postcombat
Mana: Swamp (157) - {T}: Add {B}.
Mana: Plains (188) - {T}: Add {W}.
Mana: Forest (138) - {T}: Add {G}.
Mana: Vernal Fen (159) - {T}: Add {G}.
Add To Stack: Ai(2)-Destyn_Turtles cast Coin of Mastery
Resolve Stack: Coin of Mastery
Phase: Ai(2)-Destyn_Turtles' End step
Phase: Ai(2)-Destyn_Turtles' Cleanup step
Turn: Turn 32 (Ai(3)-GGS_Throne_only)
Phase: Ai(3)-GGS_Throne_only's Untap step
Phase: Ai(3)-GGS_Throne_only's Upkeep step
Phase: Ai(3)-GGS_Throne_only's Draw step
Phase: Ai(3)-GGS_Throne_only's Main phase, precombat
Phase: Ai(3)-GGS_Throne_only's Beginning of Combat Step
Phase: Ai(3)-GGS_Throne_only's Declare Attackers Step
Combat: Ai(3)-GGS_Throne_only assigned Phoenix Chick (272) and Professional Face-Breaker (269) to attack Ai(2)-Destyn_Turtles.
Add To Stack: Ai(2)-Destyn_Turtles activated Coin of Mastery
Resolve Stack: Coin of Mastery (122) - Ai(2)-Destyn_Turtles creates a Treasure token.
Phase: Ai(3)-GGS_Throne_only's Declare Blockers Step
Combat: Ai(2)-Destyn_Turtles didn't block Phoenix Chick (272).
Ai(2)-Destyn_Turtles assigned Rat Token (518) and Rat Token (494) to block Professional Face-Breaker (269).
Phase: Ai(3)-GGS_Throne_only's First Strike Damage Step
Phase: Ai(3)-GGS_Throne_only's Combat Damage Step
Damage: Phoenix Chick (272) deals 1 combat damage to Ai(2)-Destyn_Turtles.
Damage: Professional Face-Breaker (269) deals 2 damage to Rat Token (494).
Damage: Rat Token (518) deals 1 damage to Professional Face-Breaker (269).
Damage: Rat Token (494) deals 2 damage to Professional Face-Breaker (269).
Life: Life: Ai(2)-Destyn_Turtles 8 > 7
Zone Change: Professional Face-Breaker (269) was put into Graveyard from Battlefield.
Zone Change: Rat Token (494) was put into Graveyard from Battlefield.
Add To Stack: Ai(3)-GGS_Throne_only triggered Professional Face-Breaker
Resolve Stack: Whenever one or more creatures you control deal combat damage to a player, create a Treasure token. [Damaged: Ai(2)-Destyn_Turtles, Amount: 1]
Phase: Ai(3)-GGS_Throne_only's End of Combat Step
Phase: Ai(3)-GGS_Throne_only's Main phase, postcombat
Mana: Watery Grave (274) - {T}: Add {U}.
Mana: Luxury Suite (278) - {T}: Add {B} or {R}.
Mana: Blood Crypt (268) - {T}: Add {R}.
Mana: Undercity Sewers (205) - {T}: Add {B}.
Mana: Command Tower (275) - {T}: Add one mana of any color in your commander's color identity.
Add To Stack: Ai(3)-GGS_Throne_only cast Goro-Goro and Satoru
Resolve Stack: Goro-Goro and Satoru - Creature 3 / 4
Mana: Xander's Lounge (288) - {T}: Add {B}.
Damage: Talisman of Creativity (251) deals 1 non-combat damage to Ai(3)-GGS_Throne_only.
Life: Life: Ai(3)-GGS_Throne_only 32 > 31
Mana: Talisman of Creativity (251) - {T}: Add {U} or {R}. Talisman of Creativity deals 1 damage to you. 
Zone Change: Treasure Token (562) was put into Graveyard from Battlefield.
Mana: Treasure Token (562) - {T}, Sacrifice this token: Add one mana of any color.
Add To Stack: Ai(3)-GGS_Throne_only cast Satoru Umezawa
Resolve Stack: Satoru Umezawa - Creature 2 / 4
Phase: Ai(3)-GGS_Throne_only's End step
Phase: Ai(3)-GGS_Throne_only's Cleanup step
Turn: Turn 33 (Ai(4)-Jaymie_Ezio)
Phase: Ai(4)-Jaymie_Ezio's Untap step
Phase: Ai(4)-Jaymie_Ezio's Upkeep step
Phase: Ai(4)-Jaymie_Ezio's Draw step
Phase: Ai(4)-Jaymie_Ezio's Main phase, precombat
Phase: Ai(4)-Jaymie_Ezio's Beginning of Combat Step
Phase: Ai(4)-Jaymie_Ezio's Declare Attackers Step
Phase: Ai(4)-Jaymie_Ezio's Declare Blockers Step
Phase: Ai(4)-Jaymie_Ezio's First Strike Damage Step
Phase: Ai(4)-Jaymie_Ezio's Combat Damage Step
Phase: Ai(4)-Jaymie_Ezio's End of Combat Step
Phase: Ai(4)-Jaymie_Ezio's Main phase, postcombat
Replacement Effect: Path of Ancestry enters tapped.
Land: Ai(4)-Jaymie_Ezio played Path of Ancestry (311)
Mana: Swamp (361) - {T}: Add {B}.
Mana: Thriving Moor (402) - {T}: Add {B} or one mana of the chosen color.
Mana: Smoldering Marsh (374) - {T}: Add {B}.
Mana: Plains (392) - {T}: Add {W}.
Mana: Plains (393) - {T}: Add {W}.
Mana: Island (336) - {T}: Add {U}.
Add To Stack: Ai(4)-Jaymie_Ezio cast Sorin Markov
Replacement Effect: Sorin Markov enters with four loyalty counters on it.
Resolve Stack: Sorin Markov
Add To Stack: Ai(4)-Jaymie_Ezio activated Sorin Markov targeting [Ai(1)-Gabe_Food]
Life: Life: Ai(1)-Gabe_Food 37 > 10
Resolve Stack: Sorin Markov (332) - Ai(1)-Gabe_Food life total becomes 10.
Phase: Ai(4)-Jaymie_Ezio's End step
Life: Life: Ai(1)-Gabe_Food 10 > 11
Mana: Pristine Talisman (91) - {T}: Add {C}. You gain 1 life. 
Phase: Ai(4)-Jaymie_Ezio's Cleanup step
Turn: Turn 34 (Ai(1)-Gabe_Food)
Phase: Ai(1)-Gabe_Food's Untap step
Phase: Ai(1)-Gabe_Food's Upkeep step
Phase: Ai(1)-Gabe_Food's Draw step
Phase: Ai(1)-Gabe_Food's Main phase, precombat
Land: Ai(1)-Gabe_Food played Brushland (96)
Damage: Brushland (96) deals 1 non-combat damage to Ai(1)-Gabe_Food.
Life: Life: Ai(1)-Gabe_Food 11 > 10
Mana: Brushland (96) - {T}: Add {G} or {W}. Brushland deals 1 damage to you. 
Mana: Swamp (61) - {T}: Add {B}.
Mana: Swamp (63) - {T}: Add {B}.
Add To Stack: Ai(1)-Gabe_Food cast Field-Tested Frying Pan
Resolve Stack: Field-Tested Frying Pan
Add To Stack: Ai(1)-Gabe_Food triggered Field-Tested Frying Pan
Resolve Stack: When Field-Tested Frying Pan enters, create a Food token, then create a 1/1 white Halfling creature token and attach Field-Tested Frying Pan to it. [Zone Changer: Field-Tested Frying Pan (73)]
Phase: Ai(1)-Gabe_Food's Beginning of Combat Step
Add To Stack: Ai(1)-Gabe_Food triggered Sam, Loyal Attendant
Resolve Stack: At the beginning of combat on your turn, create a Food token. (It's an artifact with "{2}, {T}, Sacrifice this token: You gain 3 life.") [Phase: Ai(1)-Gabe_Food]
Phase: Ai(1)-Gabe_Food's Declare Attackers Step
Combat: Ai(1)-Gabe_Food assigned Sam, Loyal Attendant (101) to attack Sorin Markov (332).
Phase: Ai(1)-Gabe_Food's Declare Blockers Step
Combat: Ai(4)-Jaymie_Ezio didn't block Sam, Loyal Attendant (101).
Phase: Ai(1)-Gabe_Food's First Strike Damage Step
Phase: Ai(1)-Gabe_Food's Combat Damage Step
Zone Change: Sorin Markov (332) was put into Graveyard from Battlefield.
Phase: Ai(1)-Gabe_Food's End of Combat Step
Phase: Ai(1)-Gabe_Food's Main phase, postcombat
Damage: Murmuring Bosk (24) deals 1 non-combat damage to Ai(1)-Gabe_Food.
Life: Life: Ai(1)-Gabe_Food 10 > 9
Mana: Murmuring Bosk (24) - {T}: Add {W} or {B}. Murmuring Bosk deals 1 damage to you. 
Mana: Forest (32) - {T}: Add {G}.
Mana: Forest (39) - {T}: Add {G}.
Mana: Necroblossom Snarl (64) - {T}: Add {B} or {G}.
Add To Stack: Ai(1)-Gabe_Food cast Treebeard, Gracious Host
Resolve Stack: Treebeard, Gracious Host - Creature 0 / 5
Add To Stack: Ai(1)-Gabe_Food triggered Treebeard, Gracious Host
Resolve Stack: When Treebeard, Gracious Host enters, create two Food tokens. [Zone Changer: Treebeard, Gracious Host (79)]
Phase: Ai(1)-Gabe_Food's End step
Phase: Ai(1)-Gabe_Food's Cleanup step
Turn: Turn 35 (Ai(2)-Destyn_Turtles)
Phase: Ai(2)-Destyn_Turtles' Untap step
Phase: Ai(2)-Destyn_Turtles' Upkeep step
Phase: Ai(2)-Destyn_Turtles' Draw step
Phase: Ai(2)-Destyn_Turtles' Main phase, precombat
Replacement Effect: Sunken Hollow enters tapped unless you control two or more basic lands.
Land: Ai(2)-Destyn_Turtles played Sunken Hollow (125)
Mana: Sunken Hollow (125) - {T}: Add {U}.
Mana: Swamp (157) - {T}: Add {B}.
Mana: Plains (188) - {T}: Add {W}.
Mana: Forest (138) - {T}: Add {G}.
Add To Stack: Ai(2)-Destyn_Turtles cast Baxter, Fly in the Ointment
Replacement Effect: Each creature you control enters with an additional +1/+1 counter on it for each mana from an artifact source spent to cast it.
Resolve Stack: Baxter, Fly in the Ointment - Creature 2 / 2
Add To Stack: Ai(2)-Destyn_Turtles triggered Baxter, Fly in the Ointment
Resolve Stack: Whenever Baxter enters or attacks, each creature you control with a counter on it gains flying until end of turn. [Zone Changer: Baxter, Fly in the Ointment (128)]
Phase: Ai(2)-Destyn_Turtles' Beginning of Combat Step
Phase: Ai(2)-Destyn_Turtles' Declare Attackers Step
Phase: Ai(2)-Destyn_Turtles' Declare Blockers Step
Phase: Ai(2)-Destyn_Turtles' First Strike Damage Step
Phase: Ai(2)-Destyn_Turtles' Combat Damage Step
Phase: Ai(2)-Destyn_Turtles' End of Combat Step
Phase: Ai(2)-Destyn_Turtles' Main phase, postcombat
Mana: Vernal Fen (159) - {T}: Add {G}.
Mana: Big Apple, 3 a.m. (172) - {T}: Add one mana of the chosen color.
Zone Change: Treasure Token (553) was put into Graveyard from Battlefield.
Mana: Treasure Token (553) - {T}, Sacrifice this token: Add one mana of any color.
Add To Stack: Ai(2)-Destyn_Turtles cast Steelbane Hydra
Replacement Effect: Each creature you control enters with an additional +1/+1 counter on it for each mana from an artifact source spent to cast it.
Replacement Effect: Steelbane Hydra enters with X +1/+1 counters on it.
Resolve Stack: Steelbane Hydra - Creature 0 / 0 (X=1)
Phase: Ai(2)-Destyn_Turtles' End step
Phase: Ai(2)-Destyn_Turtles' Cleanup step
Turn: Turn 36 (Ai(3)-GGS_Throne_only)
Phase: Ai(3)-GGS_Throne_only's Untap step
Phase: Ai(3)-GGS_Throne_only's Upkeep step
Phase: Ai(3)-GGS_Throne_only's Draw step
Phase: Ai(3)-GGS_Throne_only's Main phase, precombat
Phase: Ai(3)-GGS_Throne_only's Beginning of Combat Step
Phase: Ai(3)-GGS_Throne_only's Declare Attackers Step
Combat: Ai(3)-GGS_Throne_only assigned Phoenix Chick (272) to attack Ai(1)-Gabe_Food.
Add To Stack: Ai(2)-Destyn_Turtles activated Coin of Mastery
Resolve Stack: Coin of Mastery (122) - Ai(2)-Destyn_Turtles creates a Treasure token.
Phase: Ai(3)-GGS_Throne_only's Declare Blockers Step
Combat: Ai(1)-Gabe_Food assigned Gilded Goose (85) to block Phoenix Chick (272).
Phase: Ai(3)-GGS_Throne_only's First Strike Damage Step
Phase: Ai(3)-GGS_Throne_only's Combat Damage Step
Damage: Phoenix Chick (272) deals 1 damage to Gilded Goose (85).
Phase: Ai(3)-GGS_Throne_only's End of Combat Step
Phase: Ai(3)-GGS_Throne_only's Main phase, postcombat
Phase: Ai(3)-GGS_Throne_only's End step
Phase: Ai(3)-GGS_Throne_only's Cleanup step
Turn: Turn 37 (Ai(4)-Jaymie_Ezio)
Phase: Ai(4)-Jaymie_Ezio's Untap step
Phase: Ai(4)-Jaymie_Ezio's Upkeep step
Phase: Ai(4)-Jaymie_Ezio's Draw step
Phase: Ai(4)-Jaymie_Ezio's Main phase, precombat
Phase: Ai(4)-Jaymie_Ezio's Beginning of Combat Step
Phase: Ai(4)-Jaymie_Ezio's Declare Attackers Step
Phase: Ai(4)-Jaymie_Ezio's Declare Blockers Step
Phase: Ai(4)-Jaymie_Ezio's First Strike Damage Step
Phase: Ai(4)-Jaymie_Ezio's Combat Damage Step
Phase: Ai(4)-Jaymie_Ezio's End of Combat Step
Phase: Ai(4)-Jaymie_Ezio's Main phase, postcombat
Mana: Swamp (361) - {T}: Add {B}.
Mana: Plains (392) - {T}: Add {W}.
Mana: Plains (393) - {T}: Add {W}.
Add To Stack: Ai(4)-Jaymie_Ezio cast Unstoppable Slasher
Resolve Stack: Unstoppable Slasher - Creature 2 / 3
Mana: Island (336) - {T}: Add {U}.
Mana: Thriving Moor (402) - {T}: Add {B} or one mana of the chosen color.
Mana: Cinder Glade (321) - {T}: Add {G}.
Add To Stack: Ai(4)-Jaymie_Ezio cast Adéwalé, Breaker of Chains
Resolve Stack: Adéwalé, Breaker of Chains - Creature 4 / 1
Add To Stack: Ai(4)-Jaymie_Ezio triggered Adéwalé, Breaker of Chains
Resolve Stack: When Adéwalé enters, reveal the top six cards of your library. Put an Assassin, Pirate, or Vehicle card from among them into your hand and the rest on the bottom of your library in a random order. [Zone Changer: Adéwalé, Breaker of Chains (384)]
Mana: Smoldering Marsh (374) - {T}: Add {B}.
Mana: Path of Ancestry (311) - {T}: Add one mana of any color in your commander's color identity. When that mana is spent to cast a creature spell that shares a creature type with your commander, scry 1. (Look at the top card of your library. You may put that card on the bottom.)
Add To Stack: Ai(4)-Jaymie_Ezio cast Ezio Auditore da Firenze
Add To Stack: Ai(4)-Jaymie_Ezio triggered Path of Ancestry
Resolve Stack: Ai(4)-Jaymie_Ezio scried 1 card(s) to the top of the library
Resolve Stack: When mana produced by Path of Ancestry is spent to cast a creature spell that shares a creature type with your commander, scry 1. ([Ezio Auditore da Firenze - Creature 3 / 2]) [Card: Ezio Auditore da Firenze (403), Activator: Ai(4)-Jaymie_Ezio, SpellAbility: Ezio Auditore da Firenze - Creature 3 / 2]
Resolve Stack: Ezio Auditore da Firenze - Creature 3 / 2
Phase: Ai(4)-Jaymie_Ezio's End step
Life: Life: Ai(1)-Gabe_Food 9 > 10
Mana: Pristine Talisman (91) - {T}: Add {C}. You gain 1 life. 
Add To Stack: Ai(1)-Gabe_Food triggered Treebeard, Gracious Host targeting [Sam, Loyal Attendant (101)]
Add To Stack: Ai(1)-Gabe_Food triggered Halfling Token
Resolve Stack: Whenever you gain life, Halfling Token gets +X/+X until end of turn, where X is the amount of life you gained. [Player: Ai(1)-Gabe_Food, Gained Amount: 1]
Resolve Stack: Whenever you gain life, put that many +1/+1 counters on target Halfling or Treefolk. (Targeting: [[Sam, Loyal Attendant (101)]]) [Player: Ai(1)-Gabe_Food, Gained Amount: 1]
Phase: Ai(4)-Jaymie_Ezio's Cleanup step
Turn: Turn 38 (Ai(1)-Gabe_Food)
Phase: Ai(1)-Gabe_Food's Untap step
Phase: Ai(1)-Gabe_Food's Upkeep step
Phase: Ai(1)-Gabe_Food's Draw step
Phase: Ai(1)-Gabe_Food's Main phase, precombat
Phase: Ai(1)-Gabe_Food's Beginning of Combat Step
Add To Stack: Ai(1)-Gabe_Food triggered Sam, Loyal Attendant
Resolve Stack: At the beginning of combat on your turn, create a Food token. (It's an artifact with "{2}, {T}, Sacrifice this token: You gain 3 life.") [Phase: Ai(1)-Gabe_Food]
Phase: Ai(1)-Gabe_Food's Declare Attackers Step
Phase: Ai(1)-Gabe_Food's Declare Blockers Step
Phase: Ai(1)-Gabe_Food's First Strike Damage Step
Phase: Ai(1)-Gabe_Food's Combat Damage Step
Phase: Ai(1)-Gabe_Food's End of Combat Step
Phase: Ai(1)-Gabe_Food's Main phase, postcombat
Mana: Forest (32) - {T}: Add {G}.
Mana: Swamp (61) - {T}: Add {B}.
Mana: Swamp (63) - {T}: Add {B}.
Add To Stack: Ai(1)-Gabe_Food cast Commander's Sphere
Resolve Stack: Commander's Sphere
Zone Change: Commander's Sphere (18) was put into Graveyard from Battlefield.
Add To Stack: Ai(1)-Gabe_Food activated Commander's Sphere
Resolve Stack: Commander's Sphere (18) - Ai(1)-Gabe_Food draws a card.
Damage: Brushland (96) deals 1 non-combat damage to Ai(1)-Gabe_Food.
Life: Life: Ai(1)-Gabe_Food 10 > 9
Mana: Brushland (96) - {T}: Add {G} or {W}. Brushland deals 1 damage to you. 
Mana: Necroblossom Snarl (64) - {T}: Add {B} or {G}.
Add To Stack: Ai(1)-Gabe_Food cast Frodo, Adventurous Hobbit
Resolve Stack: Frodo, Adventurous Hobbit - Creature 1 / 3
Add To Stack: Ai(1)-Gabe_Food triggered Frodo, Adventurous Hobbit targeting [Ai(1)-Gabe_Food]
Resolve Stack: Partner with Sam, Loyal Attendant (When this creature enters, target player may put Sam into their hand from their library, then shuffle.) (Targeting: [[Ai(1)-Gabe_Food]]) [Zone Changer: Frodo, Adventurous Hobbit (99)]
Mana: Forest (39) - {T}: Add {G}.
Life: Life: Ai(1)-Gabe_Food 9 > 10
Mana: Pristine Talisman (91) - {T}: Add {C}. You gain 1 life. 
Add To Stack: Ai(1)-Gabe_Food cast Hithlain Rope
Add To Stack: Ai(1)-Gabe_Food triggered Treebeard, Gracious Host targeting [Sam, Loyal Attendant (101)]
Add To Stack: Ai(1)-Gabe_Food triggered Halfling Token
Resolve Stack: Whenever you gain life, Halfling Token gets +X/+X until end of turn, where X is the amount of life you gained. [Player: Ai(1)-Gabe_Food, Gained Amount: 1]
Resolve Stack: Whenever you gain life, put that many +1/+1 counters on target Halfling or Treefolk. (Targeting: [[Sam, Loyal Attendant (101)]]) [Player: Ai(1)-Gabe_Food, Gained Amount: 1]
Resolve Stack: Hithlain Rope
Mana: Murmuring Bosk (24) - {T}: Add {G}.
Zone Change: Food Token (730) was put into Graveyard from Battlefield.
Mana: Gilded Goose (85) - {T}, Sacrifice a Food: Add one mana of any color.
Add To Stack: Ai(1)-Gabe_Food activated Hithlain Rope
Resolve Stack: Hithlain Rope (25) - Ai(1)-Gabe_Food draws a card. Ai(4)-Jaymie_Ezio gains control of Hithlain Rope (25).
Phase: Ai(1)-Gabe_Food's End step
Phase: Ai(1)-Gabe_Food's Cleanup step
Turn: Turn 39 (Ai(2)-Destyn_Turtles)
Phase: Ai(2)-Destyn_Turtles' Untap step
Phase: Ai(2)-Destyn_Turtles' Upkeep step
Mana: Forest (138) - {T}: Add {G}.
Mana: Swamp (157) - {T}: Add {B}.
Mana: Plains (188) - {T}: Add {W}.
Add To Stack: Ai(2)-Destyn_Turtles activated Steelbane Hydra targeting [Pristine Talisman (91)]
Zone Change: Pristine Talisman (91) was put into Graveyard from Battlefield.
Resolve Stack: Steelbane Hydra (135) - Destroy Pristine Talisman (91).
Phase: Ai(2)-Destyn_Turtles' Draw step
Add To Stack: Ai(2)-Destyn_Turtles triggered Baxter, Fly in the Ointment
Resolve Stack: Whenever you draw a card, put a +1/+1 counter on Baxter. [Player: Ai(2)-Destyn_Turtles]
Phase: Ai(2)-Destyn_Turtles' Main phase, precombat
Phase: Ai(2)-Destyn_Turtles' Beginning of Combat Step
Phase: Ai(2)-Destyn_Turtles' Declare Attackers Step
Phase: Ai(2)-Destyn_Turtles' Declare Blockers Step
Phase: Ai(2)-Destyn_Turtles' First Strike Damage Step
Phase: Ai(2)-Destyn_Turtles' Combat Damage Step
Phase: Ai(2)-Destyn_Turtles' End of Combat Step
Phase: Ai(2)-Destyn_Turtles' Main phase, postcombat
Zone Change: Treasure Token (688) was put into Graveyard from Battlefield.
Mana: Treasure Token (688) - {T}, Sacrifice this token: Add one mana of any color.
Mana: Vernal Fen (159) - {T}: Add {G}.
Mana: Sunken Hollow (125) - {T}: Add {B}.
Mana: Big Apple, 3 a.m. (172) - {T}: Add one mana of the chosen color.
Add To Stack: Ai(2)-Destyn_Turtles cast Casey Jones, Back Alley Brute
Replacement Effect: Each creature you control enters with an additional +1/+1 counter on it for each mana from an artifact source spent to cast it.
Resolve Stack: Casey Jones, Back Alley Brute - Creature 4 / 2
Add To Stack: Ai(2)-Destyn_Turtles triggered Casey Jones, Back Alley Brute targeting [Ai(1)-Gabe_Food]
Damage: Casey Jones, Back Alley Brute (107) deals 1 non-combat damage to Ai(1)-Gabe_Food.
Life: Life: Ai(1)-Gabe_Food 10 > 9
Resolve Stack: Whenever you put one or more +1/+1 counters on a creature you control, Casey Jones deals that much damage to target opponent. (Targeting: [[Ai(1)-Gabe_Food]]) [Added once: Casey Jones, Back Alley Brute (107) Amount: 1]
Phase: Ai(2)-Destyn_Turtles' End step
Phase: Ai(2)-Destyn_Turtles' Cleanup step
Turn: Turn 40 (Ai(3)-GGS_Throne_only)
Phase: Ai(3)-GGS_Throne_only's Untap step
Phase: Ai(3)-GGS_Throne_only's Upkeep step
Phase: Ai(3)-GGS_Throne_only's Draw step
Phase: Ai(3)-GGS_Throne_only's Main phase, precombat
Land: Ai(3)-GGS_Throne_only played Flooded Strand (210)
Life: Life: Ai(3)-GGS_Throne_only 31 > 30
Zone Change: Flooded Strand (210) was put into Graveyard from Battlefield.
Add To Stack: Ai(3)-GGS_Throne_only activated Flooded Strand
Replacement Effect: As Steam Vents enters, you may pay 2 life. If you don't, it enters tapped.
Resolve Stack: Flooded Strand (210) - Ai(3)-GGS_Throne_only searches their library for a Plains or Island card, puts it onto the battlefield, then shuffles.
Mana: Luxury Suite (278) - {T}: Add {B} or {R}.
Add To Stack: Ai(3)-GGS_Throne_only cast Gingerbrute
Resolve Stack: Gingerbrute - Creature 1 / 1
Phase: Ai(3)-GGS_Throne_only's Beginning of Combat Step
Phase: Ai(3)-GGS_Throne_only's Declare Attackers Step
Combat: Ai(3)-GGS_Throne_only assigned Phoenix Chick (272) and Goro-Goro and Satoru (302) to attack Ai(2)-Destyn_Turtles.
Add To Stack: Ai(2)-Destyn_Turtles activated Coin of Mastery
Resolve Stack: Coin of Mastery (122) - Ai(2)-Destyn_Turtles creates a Treasure token.
Phase: Ai(3)-GGS_Throne_only's Declare Blockers Step
Combat: Ai(2)-Destyn_Turtles didn't block Phoenix Chick (272).
Ai(2)-Destyn_Turtles assigned Rat Token (518) and Baxter, Fly in the Ointment (128) to block Goro-Goro and Satoru (302).
Phase: Ai(3)-GGS_Throne_only's First Strike Damage Step
Phase: Ai(3)-GGS_Throne_only's Combat Damage Step
Damage: Phoenix Chick (272) deals 1 combat damage to Ai(2)-Destyn_Turtles.
Damage: Goro-Goro and Satoru (302) deals 3 damage to Baxter, Fly in the Ointment (128).
Damage: Rat Token (518) deals 1 damage to Goro-Goro and Satoru (302).
Damage: Baxter, Fly in the Ointment (128) deals 3 damage to Goro-Goro and Satoru (302).
Life: Life: Ai(2)-Destyn_Turtles 7 > 6
Zone Change: Goro-Goro and Satoru (302) was put into Graveyard from Battlefield.
Zone Change: Baxter, Fly in the Ointment (128) was put into Graveyard from Battlefield.
Phase: Ai(3)-GGS_Throne_only's End of Combat Step
Phase: Ai(3)-GGS_Throne_only's Main phase, postcombat
Mana: Blood Crypt (268) - {T}: Add {R}.
Mana: Watery Grave (274) - {T}: Add {B}.
Mana: Undercity Sewers (205) - {T}: Add {U}.
Mana: Command Tower (275) - {T}: Add one mana of any color in your commander's color identity.
Mana: Xander's Lounge (288) - {T}: Add {R}.
Mana: Talisman of Creativity (251) - {T}: Add {C}.
Zone Change: Treasure Token (470) was put into Graveyard from Battlefield.
Mana: Treasure Token (470) - {T}, Sacrifice this token: Add one mana of any color.
Add To Stack: Ai(3)-GGS_Throne_only cast Goro-Goro and Satoru
Resolve Stack: Goro-Goro and Satoru - Creature 3 / 4
Phase: Ai(3)-GGS_Throne_only's End step
Phase: Ai(3)-GGS_Throne_only's Cleanup step
Turn: Turn 41 (Ai(4)-Jaymie_Ezio)
Phase: Ai(4)-Jaymie_Ezio's Untap step
Phase: Ai(4)-Jaymie_Ezio's Upkeep step
Mana: Plains (392) - {T}: Add {W}.
Add To Stack: Ai(4)-Jaymie_Ezio activated Hithlain Rope
Resolve Stack: Hithlain Rope (25) - Ai(4)-Jaymie_Ezio searches Ai(3)-GGS_Throne_only library for a basic land card, puts it onto the battlefield tapped, then shuffles. Ai(3)-GGS_Throne_only gains control of Hithlain Rope (25).
Phase: Ai(4)-Jaymie_Ezio's Draw step
Phase: Ai(4)-Jaymie_Ezio's Main phase, precombat
Land: Ai(4)-Jaymie_Ezio played Eiganjo, Seat of the Empire (319)
Mana: Island (336) - {T}: Add {U}.
Mana: Plains (393) - {T}: Add {W}.
Add To Stack: Ai(4)-Jaymie_Ezio cast Security Bypass targeting [Unstoppable Slasher (378)]
Resolve Stack: Security Bypass (395) -  Attach to Unstoppable Slasher (378)
Phase: Ai(4)-Jaymie_Ezio's Beginning of Combat Step
Phase: Ai(4)-Jaymie_Ezio's Declare Attackers Step
Combat: Ai(4)-Jaymie_Ezio assigned Unstoppable Slasher (378) to attack Ai(1)-Gabe_Food.
Phase: Ai(4)-Jaymie_Ezio's Declare Blockers Step
Combat: Ai(1)-Gabe_Food didn't block Unstoppable Slasher (378).
Phase: Ai(4)-Jaymie_Ezio's First Strike Damage Step
Phase: Ai(4)-Jaymie_Ezio's Combat Damage Step
Damage: Unstoppable Slasher (378) deals 2 combat damage to Ai(1)-Gabe_Food.
Life: Life: Ai(1)-Gabe_Food 9 > 7
Add To Stack: Ai(4)-Jaymie_Ezio triggered Unstoppable Slasher
Add To Stack: Ai(4)-Jaymie_Ezio triggered Unstoppable Slasher
Add To Stack: Ai(4)-Jaymie_Ezio triggered Sphere Grid
Resolve Stack: Whenever a creature you control deals combat damage to a player, put a +1/+1 counter on that creature. [Damage Source: Unstoppable Slasher (378), Damaged: Ai(1)-Gabe_Food, Amount: 2]
Discard: Ai(4)-Jaymie_Ezio discards Cover of Darkness (382).
Resolve Stack: Whenever this creature deals combat damage to a player, it connives. [Damage Source: Unstoppable Slasher (378), Damaged: Ai(1)-Gabe_Food, Amount: 2]
Life: Life: Ai(1)-Gabe_Food 7 > 3
Resolve Stack: Whenever Unstoppable Slasher deals combat damage to a player, that player loses half their life, rounded up. [Damage Source: Unstoppable Slasher (378), Damaged: Ai(1)-Gabe_Food, Amount: 2]
Phase: Ai(4)-Jaymie_Ezio's End of Combat Step
Phase: Ai(4)-Jaymie_Ezio's Main phase, postcombat
Mana: Swamp (361) - {T}: Add {B}.
Mana: Thriving Moor (402) - {T}: Add {B} or one mana of the chosen color.
Add To Stack: Ai(4)-Jaymie_Ezio cast Jacob Frye
Resolve Stack: Jacob Frye - Creature 3 / 2
Add To Stack: Ai(4)-Jaymie_Ezio triggered Jacob Frye targeting [Ai(4)-Jaymie_Ezio]
Resolve Stack: Partner with Evie Frye (When this creature enters, target player may put Evie Frye into their hand from their library, then shuffle.) (Targeting: [[Ai(4)-Jaymie_Ezio]]) [Zone Changer: Jacob Frye (365)]
Mana: Path of Ancestry (311) - {T}: Add one mana of any color in your commander's color identity. When that mana is spent to cast a creature spell that shares a creature type with your commander, scry 1. (Look at the top card of your library. You may put that card on the bottom.)
Mana: Smoldering Marsh (374) - {T}: Add {B}.
Mana: Eiganjo, Seat of the Empire (319) - {T}: Add {W}.
Add To Stack: Ai(4)-Jaymie_Ezio cast Rooftop Bypass
Resolve Stack: Rooftop Bypass
Phase: Ai(4)-Jaymie_Ezio's End step
Phase: Ai(4)-Jaymie_Ezio's Cleanup step
Turn: Turn 42 (Ai(1)-Gabe_Food)
Phase: Ai(1)-Gabe_Food's Untap step
Phase: Ai(1)-Gabe_Food's Upkeep step
Mana: Swamp (61) - {T}: Add {B}.
Zone Change: Food Token (412) was put into Graveyard from Battlefield.
Add To Stack: Ai(1)-Gabe_Food activated Food Token
Life: Life: Ai(1)-Gabe_Food 3 > 6
Resolve Stack: Food Token (412) - Ai(1)-Gabe_Food gains 3 life.
Add To Stack: Ai(1)-Gabe_Food triggered Treebeard, Gracious Host targeting [Sam, Loyal Attendant (101)]
Add To Stack: Ai(1)-Gabe_Food triggered Halfling Token
Resolve Stack: Whenever you gain life, Halfling Token gets +X/+X until end of turn, where X is the amount of life you gained. [Player: Ai(1)-Gabe_Food, Gained Amount: 3]
Resolve Stack: Whenever you gain life, put that many +1/+1 counters on target Halfling or Treefolk. (Targeting: [[Sam, Loyal Attendant (101)]]) [Player: Ai(1)-Gabe_Food, Gained Amount: 3]
Phase: Ai(1)-Gabe_Food's Draw step
Phase: Ai(1)-Gabe_Food's Main phase, precombat
Mana: Forest (32) - {T}: Add {G}.
Mana: Swamp (63) - {T}: Add {B}.
Mana: Forest (39) - {T}: Add {G}.
Mana: Necroblossom Snarl (64) - {T}: Add {B} or {G}.
Mana: Brushland (96) - {T}: Add {C}.
Mana: Murmuring Bosk (24) - {T}: Add {G}.
Add To Stack: Ai(1)-Gabe_Food cast Great Oak Guardian
Resolve Stack: Great Oak Guardian - Creature 4 / 5
Add To Stack: Ai(1)-Gabe_Food triggered Great Oak Guardian targeting [Ai(1)-Gabe_Food]
Resolve Stack: When Great Oak Guardian enters, creatures target player controls get +2/+2 until end of turn. Untap them. (Targeting: [[Ai(1)-Gabe_Food]]) [Zone Changer: Great Oak Guardian (21)]
Phase: Ai(1)-Gabe_Food's Beginning of Combat Step
Add To Stack: Ai(1)-Gabe_Food triggered Sam, Loyal Attendant
Resolve Stack: At the beginning of combat on your turn, create a Food token. (It's an artifact with "{2}, {T}, Sacrifice this token: You gain 3 life.") [Phase: Ai(1)-Gabe_Food]
Phase: Ai(1)-Gabe_Food's Declare Attackers Step
Combat: Ai(1)-Gabe_Food assigned Sam, Loyal Attendant (101) and Halfling Token (602) to attack Ai(2)-Destyn_Turtles.
Phase: Ai(1)-Gabe_Food's Declare Blockers Step
Combat: Ai(2)-Destyn_Turtles assigned Rat Token (518) to block Sam, Loyal Attendant (101).
Ai(2)-Destyn_Turtles assigned Rat Token (520) to block Halfling Token (602).
Phase: Ai(1)-Gabe_Food's First Strike Damage Step
Phase: Ai(1)-Gabe_Food's Combat Damage Step
Damage: Sam, Loyal Attendant (101) deals 9 damage to Rat Token (518).
Damage: Halfling Token (602) deals 6 damage to Rat Token (520).
Damage: Rat Token (518) deals 1 damage to Sam, Loyal Attendant (101).
Damage: Rat Token (520) deals 1 damage to Halfling Token (602).
Zone Change: Rat Token (518) was put into Graveyard from Battlefield.
Zone Change: Rat Token (520) was put into Graveyard from Battlefield.
Phase: Ai(1)-Gabe_Food's End of Combat Step
Phase: Ai(1)-Gabe_Food's Main phase, postcombat
Phase: Ai(1)-Gabe_Food's End step
Phase: Ai(1)-Gabe_Food's Cleanup step
Turn: Turn 43 (Ai(2)-Destyn_Turtles)
Phase: Ai(2)-Destyn_Turtles' Untap step
Phase: Ai(2)-Destyn_Turtles' Upkeep step
Phase: Ai(2)-Destyn_Turtles' Draw step
Phase: Ai(2)-Destyn_Turtles' Main phase, precombat
Phase: Ai(2)-Destyn_Turtles' Beginning of Combat Step
Phase: Ai(2)-Destyn_Turtles' Declare Attackers Step
Phase: Ai(2)-Destyn_Turtles' Declare Blockers Step
Phase: Ai(2)-Destyn_Turtles' First Strike Damage Step
Phase: Ai(2)-Destyn_Turtles' Combat Damage Step
Phase: Ai(2)-Destyn_Turtles' End of Combat Step
Phase: Ai(2)-Destyn_Turtles' Main phase, postcombat
Zone Change: Treasure Token (764) was put into Graveyard from Battlefield.
Mana: Treasure Token (764) - {T}, Sacrifice this token: Add one mana of any color.
Mana: Swamp (157) - {T}: Add {B}.
Mana: Forest (138) - {T}: Add {G}.
Mana: Plains (188) - {T}: Add {W}.
Mana: Vernal Fen (159) - {T}: Add {G}.
Add To Stack: Ai(2)-Destyn_Turtles cast Raphael, the Muscle
Replacement Effect: Each creature you control enters with an additional +1/+1 counter on it for each mana from an artifact source spent to cast it.
Resolve Stack: Raphael, the Muscle - Creature 4 / 4
Add To Stack: Ai(2)-Destyn_Turtles triggered Casey Jones, Back Alley Brute targeting [Ai(1)-Gabe_Food]
Add To Stack: Ai(2)-Destyn_Turtles triggered Raphael, the Muscle
Resolve Stack: When Raphael enters, create a Mutagen token. [Zone Changer: Raphael, the Muscle (176)]
Replacement Effect: Double all damage that creatures you control with counters on them would deal.
Damage: Casey Jones, Back Alley Brute (107) deals 2 non-combat damage to Ai(1)-Gabe_Food.
Life: Life: Ai(1)-Gabe_Food 6 > 4
Resolve Stack: Whenever you put one or more +1/+1 counters on a creature you control, Casey Jones deals that much damage to target opponent. (Targeting: [[Ai(1)-Gabe_Food]]) [Added once: Raphael, the Muscle (176) Amount: 1]
Mana: Sunken Hollow (125) - {T}: Add {B}.
Add To Stack: Ai(2)-Destyn_Turtles cast Sol Ring
Zone Change: Food Token (771) was put into Graveyard from Battlefield.
Mana: Gilded Goose (85) - {T}, Sacrifice a Food: Add one mana of any color.
Zone Change: Food Token (425) was put into Graveyard from Battlefield.
Add To Stack: Ai(1)-Gabe_Food activated Food Token
Life: Life: Ai(1)-Gabe_Food 4 > 7
Resolve Stack: Food Token (425) - Ai(1)-Gabe_Food gains 3 life.
Add To Stack: Ai(1)-Gabe_Food triggered Treebeard, Gracious Host targeting [Sam, Loyal Attendant (101)]
Add To Stack: Ai(1)-Gabe_Food triggered Halfling Token
Resolve Stack: Whenever you gain life, Halfling Token gets +X/+X until end of turn, where X is the amount of life you gained. [Player: Ai(1)-Gabe_Food, Gained Amount: 3]
Resolve Stack: Whenever you gain life, put that many +1/+1 counters on target Halfling or Treefolk. (Targeting: [[Sam, Loyal Attendant (101)]]) [Player: Ai(1)-Gabe_Food, Gained Amount: 3]
Resolve Stack: Sol Ring
Mana: Sol Ring (154) - {T}: Add {C}{C}.
Mana: Big Apple, 3 a.m. (172) - {T}: Add one mana of the chosen color.
Add To Stack: Ai(2)-Destyn_Turtles cast Exploding Barrel
Resolve Stack: Exploding Barrel
Phase: Ai(2)-Destyn_Turtles' End step
Phase: Ai(2)-Destyn_Turtles' Cleanup step
Turn: Turn 44 (Ai(3)-GGS_Throne_only)
Phase: Ai(3)-GGS_Throne_only's Untap step
Phase: Ai(3)-GGS_Throne_only's Upkeep step
Mana: Luxury Suite (278) - {T}: Add {B} or {R}.
Add To Stack: Ai(3)-GGS_Throne_only activated Hithlain Rope
Resolve Stack: Hithlain Rope (25) - Ai(3)-GGS_Throne_only searches Ai(2)-Destyn_Turtles library for a basic land card, puts it onto the battlefield tapped, then shuffles. Ai(2)-Destyn_Turtles gains control of Hithlain Rope (25).
Phase: Ai(3)-GGS_Throne_only's Draw step
Phase: Ai(3)-GGS_Throne_only's Main phase, precombat
Phase: Ai(3)-GGS_Throne_only's Beginning of Combat Step
Phase: Ai(3)-GGS_Throne_only's Declare Attackers Step
Add To Stack: Ai(2)-Destyn_Turtles activated Coin of Mastery
Resolve Stack: Coin of Mastery (122) - Ai(2)-Destyn_Turtles creates a Treasure token.
Phase: Ai(3)-GGS_Throne_only's Declare Blockers Step
Phase: Ai(3)-GGS_Throne_only's First Strike Damage Step
Phase: Ai(3)-GGS_Throne_only's Combat Damage Step
Phase: Ai(3)-GGS_Throne_only's End of Combat Step
Phase: Ai(3)-GGS_Throne_only's Main phase, postcombat
Mana: Blood Crypt (268) - {T}: Add {R}.
Mana: Watery Grave (274) - {T}: Add {B}.
Mana: Undercity Sewers (205) - {T}: Add {B}.
Add To Stack: Ai(3)-GGS_Throne_only cast Aggravated Assault
Resolve Stack: Aggravated Assault
Phase: Ai(3)-GGS_Throne_only's End step
Phase: Ai(3)-GGS_Throne_only's Cleanup step
Turn: Turn 45 (Ai(4)-Jaymie_Ezio)
Phase: Ai(4)-Jaymie_Ezio's Untap step
Phase: Ai(4)-Jaymie_Ezio's Upkeep step
Phase: Ai(4)-Jaymie_Ezio's Draw step
Phase: Ai(4)-Jaymie_Ezio's Main phase, precombat
Phase: Ai(4)-Jaymie_Ezio's Beginning of Combat Step
Phase: Ai(4)-Jaymie_Ezio's Declare Attackers Step
Combat: Ai(4)-Jaymie_Ezio assigned Unstoppable Slasher (378) to attack Ai(2)-Destyn_Turtles.
Zone Change: Treasure Token (832) was put into Graveyard from Battlefield.
Mana: Treasure Token (832) - {T}, Sacrifice this token: Add one mana of any color.
Mana: Exploding Barrel (120) - {T}: Add one mana of any color. Put a pressure counter on this artifact. 
Zone Change: Food Token (414) was put into Graveyard from Battlefield.
Add To Stack: Ai(2)-Destyn_Turtles activated Food Token
Life: Life: Ai(2)-Destyn_Turtles 6 > 9
Resolve Stack: Food Token (414) - Ai(2)-Destyn_Turtles gains 3 life.
Phase: Ai(4)-Jaymie_Ezio's Declare Blockers Step
Combat: Ai(2)-Destyn_Turtles didn't block Unstoppable Slasher (378).
Phase: Ai(4)-Jaymie_Ezio's First Strike Damage Step
Phase: Ai(4)-Jaymie_Ezio's Combat Damage Step
Damage: Unstoppable Slasher (378) deals 4 combat damage to Ai(2)-Destyn_Turtles.
Life: Life: Ai(2)-Destyn_Turtles 9 > 5
Add To Stack: Ai(4)-Jaymie_Ezio triggered Unstoppable Slasher
Add To Stack: Ai(4)-Jaymie_Ezio triggered Unstoppable Slasher
Add To Stack: Ai(4)-Jaymie_Ezio triggered Jacob Frye targeting []
Add To Stack: Ai(4)-Jaymie_Ezio triggered Sphere Grid
Add To Stack: Ai(4)-Jaymie_Ezio triggered Rooftop Bypass
Resolve Stack: Whenever one or more nontoken creatures you control deal combat damage to a player, create a 1/1 black Assassin creature token with menace. (It can't be blocked except by two or more creatures.) [Damaged: Ai(2)-Destyn_Turtles, Amount: 4]
Resolve Stack: Whenever a creature you control deals combat damage to a player, put a +1/+1 counter on that creature. [Damage Source: Unstoppable Slasher (378), Damaged: Ai(2)-Destyn_Turtles, Amount: 4]
Resolve Stack: Whenever one or more Assassins you control deal combat damage to a player, exile up to one target Assassin card or card with freerunning from your graveyard. If you do, copy it. You may cast the copy. (Targeting: [[]]) [Damaged: Ai(2)-Destyn_Turtles, Amount: 4]
Discard: Ai(4)-Jaymie_Ezio discards Desmond Miles (349).
Resolve Stack: Whenever this creature deals combat damage to a player, it connives. [Damage Source: Unstoppable Slasher (378), Damaged: Ai(2)-Destyn_Turtles, Amount: 4]
Life: Life: Ai(2)-Destyn_Turtles 5 > 2
Resolve Stack: Whenever Unstoppable Slasher deals combat damage to a player, that player loses half their life, rounded up. [Damage Source: Unstoppable Slasher (378), Damaged: Ai(2)-Destyn_Turtles, Amount: 4]
Phase: Ai(4)-Jaymie_Ezio's End of Combat Step
Phase: Ai(4)-Jaymie_Ezio's Main phase, postcombat
Mana: Swamp (361) - {T}: Add {B}.
Mana: Thriving Moor (402) - {T}: Add {B} or one mana of the chosen color.
Add To Stack: Ai(4)-Jaymie_Ezio cast Achilles Davenport
Resolve Stack: Achilles Davenport - Creature 3 / 3
Mana: Island (336) - {T}: Add {U}.
Mana: Plains (392) - {T}: Add {W}.
Add To Stack: Ai(4)-Jaymie_Ezio cast Evie Frye
Resolve Stack: Evie Frye - Creature 2 / 1
Add To Stack: Ai(4)-Jaymie_Ezio triggered Evie Frye targeting [Ai(4)-Jaymie_Ezio]
Resolve Stack: Partner with Jacob Frye (When this creature enters, target player may put Jacob Frye into their hand from their library, then shuffle.) (Targeting: [[Ai(4)-Jaymie_Ezio]]) [Zone Changer: Evie Frye (325)]
Mana: Island (337) - {T}: Add {U}.
Mana: Smoldering Marsh (374) - {T}: Add {B}.
Add To Stack: Ai(4)-Jaymie_Ezio cast Basim Ibn Ishaq
Resolve Stack: Basim Ibn Ishaq - Creature 2 / 2
Phase: Ai(4)-Jaymie_Ezio's End step
Phase: Ai(4)-Jaymie_Ezio's Cleanup step
Turn: Turn 46 (Ai(1)-Gabe_Food)
Phase: Ai(1)-Gabe_Food's Untap step
Phase: Ai(1)-Gabe_Food's Upkeep step
Phase: Ai(1)-Gabe_Food's Draw step
Mana: Swamp (61) - {T}: Add {B}.
Mana: Swamp (63) - {T}: Add {B}.
Add To Stack: Ai(1)-Gabe_Food cast Go for the Throat targeting [Unstoppable Slasher (378)]
Zone Change: Unstoppable Slasher (378) was put into Graveyard from Battlefield.
Resolve Stack: Go for the Throat (2) - Destroy Unstoppable Slasher (378).
Zone Change: Security Bypass (395) was put into Graveyard from Battlefield.
Phase: Ai(1)-Gabe_Food's Main phase, precombat
Phase: Ai(1)-Gabe_Food's Beginning of Combat Step
Add To Stack: Ai(1)-Gabe_Food triggered Sam, Loyal Attendant
Resolve Stack: At the beginning of combat on your turn, create a Food token. (It's an artifact with "{2}, {T}, Sacrifice this token: You gain 3 life.") [Phase: Ai(1)-Gabe_Food]
Phase: Ai(1)-Gabe_Food's Declare Attackers Step
Phase: Ai(1)-Gabe_Food's Declare Blockers Step
Phase: Ai(1)-Gabe_Food's First Strike Damage Step
Phase: Ai(1)-Gabe_Food's Combat Damage Step
Phase: Ai(1)-Gabe_Food's End of Combat Step
Phase: Ai(1)-Gabe_Food's Main phase, postcombat
Mana: Forest (32) - {T}: Add {G}.
Mana: Forest (39) - {T}: Add {G}.
Add To Stack: Ai(1)-Gabe_Food cast Prize Pig
Resolve Stack: Prize Pig - Creature 0 / 3
Phase: Ai(1)-Gabe_Food's End step
Phase: Ai(1)-Gabe_Food's Cleanup step
Turn: Turn 47 (Ai(2)-Destyn_Turtles)
Phase: Ai(2)-Destyn_Turtles' Untap step
Phase: Ai(2)-Destyn_Turtles' Upkeep step
Mana: Sol Ring (154) - {T}: Add {C}{C}.
Zone Change: Food Token (428) was put into Graveyard from Battlefield.
Add To Stack: Ai(2)-Destyn_Turtles activated Food Token
Life: Life: Ai(2)-Destyn_Turtles 2 > 5
Resolve Stack: Food Token (428) - Ai(2)-Destyn_Turtles gains 3 life.
Mana: Swamp (157) - {T}: Add {B}.
Add To Stack: Ai(2)-Destyn_Turtles activated Hithlain Rope
Resolve Stack: Hithlain Rope (25) - Ai(2)-Destyn_Turtles searches Ai(1)-Gabe_Food library for a basic land card, puts it onto the battlefield tapped, then shuffles. Ai(1)-Gabe_Food gains control of Hithlain Rope (25).
Phase: Ai(2)-Destyn_Turtles' Draw step
Phase: Ai(2)-Destyn_Turtles' Main phase, precombat
Phase: Ai(2)-Destyn_Turtles' Beginning of Combat Step
Phase: Ai(2)-Destyn_Turtles' Declare Attackers Step
Mana: Necroblossom Snarl (64) - {T}: Add {B} or {G}.
Mana: Brushland (96) - {T}: Add {C}.
Add To Stack: Ai(1)-Gabe_Food activated Gilded Goose
Resolve Stack: Gilded Goose (85) - Ai(1)-Gabe_Food creates a Food Token.
Phase: Ai(2)-Destyn_Turtles' Declare Blockers Step
Phase: Ai(2)-Destyn_Turtles' First Strike Damage Step
Phase: Ai(2)-Destyn_Turtles' Combat Damage Step
Phase: Ai(2)-Destyn_Turtles' End of Combat Step
Phase: Ai(2)-Destyn_Turtles' Main phase, postcombat
Mana: Plains (188) - {T}: Add {W}.
Mana: Forest (138) - {T}: Add {G}.
Mana: Vernal Fen (159) - {T}: Add {G}.
Mana: Sunken Hollow (125) - {T}: Add {B}.
Mana: Big Apple, 3 a.m. (172) - {T}: Add one mana of the chosen color.
Mana: Exploding Barrel (120) - {T}: Add one mana of any color. Put a pressure counter on this artifact. 
Add To Stack: Ai(2)-Destyn_Turtles cast Leonardo, the Balance
Replacement Effect: Each creature you control enters with an additional +1/+1 counter on it for each mana from an artifact source spent to cast it.
Resolve Stack: Leonardo, the Balance - Creature 3 / 3
Add To Stack: Ai(2)-Destyn_Turtles triggered Casey Jones, Back Alley Brute targeting [Ai(1)-Gabe_Food]
Replacement Effect: Double all damage that creatures you control with counters on them would deal.
Damage: Casey Jones, Back Alley Brute (107) deals 2 non-combat damage to Ai(1)-Gabe_Food.
Life: Life: Ai(1)-Gabe_Food 7 > 5
Resolve Stack: Whenever you put one or more +1/+1 counters on a creature you control, Casey Jones deals that much damage to target opponent. (Targeting: [[Ai(1)-Gabe_Food]]) [Added once: Leonardo, the Balance (202) Amount: 1]
Mana: Murmuring Bosk (24) - {T}: Add {G}.
Zone Change: Food Token (437) was put into Graveyard from Battlefield.
Add To Stack: Ai(1)-Gabe_Food activated Food Token
Life: Life: Ai(1)-Gabe_Food 5 > 8
Resolve Stack: Food Token (437) - Ai(1)-Gabe_Food gains 3 life.
Add To Stack: Ai(1)-Gabe_Food triggered Treebeard, Gracious Host targeting [Sam, Loyal Attendant (101)]
Add To Stack: Ai(1)-Gabe_Food triggered Prize Pig
Add To Stack: Ai(1)-Gabe_Food triggered Halfling Token
Resolve Stack: Whenever you gain life, Halfling Token gets +X/+X until end of turn, where X is the amount of life you gained. [Player: Ai(1)-Gabe_Food, Gained Amount: 3]
Resolve Stack: Whenever you gain life, put that many ribbon counters on Prize Pig. Then if there are three or more ribbon counters on Prize Pig, remove those counters and untap it. [Player: Ai(1)-Gabe_Food, Gained Amount: 3]
Resolve Stack: Whenever you gain life, put that many +1/+1 counters on target Halfling or Treefolk. (Targeting: [[Sam, Loyal Attendant (101)]]) [Player: Ai(1)-Gabe_Food, Gained Amount: 3]
Phase: Ai(2)-Destyn_Turtles' End step
Phase: Ai(2)-Destyn_Turtles' Cleanup step
Turn: Turn 48 (Ai(3)-GGS_Throne_only)
Phase: Ai(3)-GGS_Throne_only's Untap step
Phase: Ai(3)-GGS_Throne_only's Upkeep step
Phase: Ai(3)-GGS_Throne_only's Draw step
Phase: Ai(3)-GGS_Throne_only's Main phase, precombat
Phase: Ai(3)-GGS_Throne_only's Beginning of Combat Step
Phase: Ai(3)-GGS_Throne_only's Declare Attackers Step
Phase: Ai(3)-GGS_Throne_only's Declare Blockers Step
Phase: Ai(3)-GGS_Throne_only's First Strike Damage Step
Phase: Ai(3)-GGS_Throne_only's Combat Damage Step
Phase: Ai(3)-GGS_Throne_only's End of Combat Step
Add To Stack: Ai(2)-Destyn_Turtles activated Coin of Mastery
Resolve Stack: Coin of Mastery (122) - Ai(2)-Destyn_Turtles creates a Treasure token.
Add To Stack: Ai(2)-Destyn_Turtles triggered Leonardo, the Balance
Resolve Stack: Whenever a token you control enters, you may put a +1/+1 counter on each creature you control. Do this only once each turn. [Zone Changer: Treasure Token (895)]
Add To Stack: Ai(2)-Destyn_Turtles triggered Casey Jones, Back Alley Brute targeting [Ai(1)-Gabe_Food]
Add To Stack: Ai(2)-Destyn_Turtles triggered Casey Jones, Back Alley Brute targeting [Ai(1)-Gabe_Food]
Add To Stack: Ai(2)-Destyn_Turtles triggered Casey Jones, Back Alley Brute targeting [Ai(1)-Gabe_Food]
Add To Stack: Ai(2)-Destyn_Turtles triggered Casey Jones, Back Alley Brute targeting [Ai(1)-Gabe_Food]
Add To Stack: Ai(2)-Destyn_Turtles triggered Casey Jones, Back Alley Brute targeting [Ai(1)-Gabe_Food]
Replacement Effect: Double all damage that creatures you control with counters on them would deal.
Damage: Casey Jones, Back Alley Brute (107) deals 2 non-combat damage to Ai(1)-Gabe_Food.
Life: Life: Ai(1)-Gabe_Food 8 > 6
Resolve Stack: Whenever you put one or more +1/+1 counters on a creature you control, Casey Jones deals that much damage to target opponent. (Targeting: [[Ai(1)-Gabe_Food]]) [Added once: Leonardo, the Balance (202) Amount: 1]
Replacement Effect: Double all damage that creatures you control with counters on them would deal.
Damage: Casey Jones, Back Alley Brute (107) deals 2 non-combat damage to Ai(1)-Gabe_Food.
Life: Life: Ai(1)-Gabe_Food 6 > 4
Resolve Stack: Whenever you put one or more +1/+1 counters on a creature you control, Casey Jones deals that much damage to target opponent. (Targeting: [[Ai(1)-Gabe_Food]]) [Added once: Raphael, the Muscle (176) Amount: 1]
Replacement Effect: Double all damage that creatures you control with counters on them would deal.
Damage: Casey Jones, Back Alley Brute (107) deals 2 non-combat damage to Ai(1)-Gabe_Food.
Life: Life: Ai(1)-Gabe_Food 4 > 2
Resolve Stack: Whenever you put one or more +1/+1 counters on a creature you control, Casey Jones deals that much damage to target opponent. (Targeting: [[Ai(1)-Gabe_Food]]) [Added once: Casey Jones, Back Alley Brute (107) Amount: 1]
Replacement Effect: Double all damage that creatures you control with counters on them would deal.
Damage: Casey Jones, Back Alley Brute (107) deals 2 non-combat damage to Ai(1)-Gabe_Food.
Life: Life: Ai(1)-Gabe_Food 2 > 0
Resolve Stack: Whenever you put one or more +1/+1 counters on a creature you control, Casey Jones deals that much damage to target opponent. (Targeting: [[Ai(1)-Gabe_Food]]) [Added once: Steelbane Hydra (135) Amount: 1]
Resolve Stack: Casey Jones, Back Alley Brute ability fizzles.
Phase: Ai(3)-GGS_Throne_only's Main phase, postcombat
Phase: Ai(3)-GGS_Throne_only's End step
Phase: Ai(3)-GGS_Throne_only's Cleanup step
Turn: Turn 49 (Ai(4)-Jaymie_Ezio)
Phase: Ai(4)-Jaymie_Ezio's Untap step
Phase: Ai(4)-Jaymie_Ezio's Upkeep step
Phase: Ai(4)-Jaymie_Ezio's Draw step
Phase: Ai(4)-Jaymie_Ezio's Main phase, precombat
Mana: Island (336) - {T}: Add {U}.
Mana: Plains (392) - {T}: Add {W}.
Mana: Plains (393) - {T}: Add {W}.
Add To Stack: Ai(4)-Jaymie_Ezio cast Sword of Feast and Famine
Add To Stack: Ai(4)-Jaymie_Ezio triggered Basim Ibn Ishaq
Player Control: Ai(1)-Gabe_Food has restored control over themself
Player Control: Ai(2)-Destyn_Turtles has restored control over themself
Player Control: Ai(3)-GGS_Throne_only has restored control over themself
Player Control: Ai(4)-Jaymie_Ezio has restored control over themself
Game Outcome: Match Duration 3m : 59s
Game Outcome: Turn 25
Game Outcome: Ai(1)-Gabe_Food has lost because life total reached 0
Game Outcome: Ai(2)-Destyn_Turtles has won because all opponents have lost
Game Outcome: Ai(3)-GGS_Throne_only has won because all opponents have lost
Game Outcome: Ai(4)-Jaymie_Ezio has won because all opponents have lost
Match Result: Ai(1)-Gabe_Food: 0 Ai(2)-Destyn_Turtles: 0 Ai(3)-GGS_Throne_only: 1 Ai(4)-Jaymie_Ezio: 0 

Game Result: Game 1 ended in 240081 ms. Ai(3)-GGS_Throne_only has won!

