Error handling registered!
20:58:59 [INFO ] GuiBase: ##########################################
20:58:59 [INFO ] GuiBase: APP: Forge v.2.0.15-SNAPSHOT-09.28
20:58:59 [INFO ] GuiBase: Java: 17.0.20 (Ubuntu)
20:58:59 [INFO ] GuiBase: OS: Linux 6.18.44 amd64
20:58:59 [INFO ] GuiBase: RAM: 1536 MB max, 8 CPUs
20:58:59 [INFO ] GuiBase: ##########################################
Language 'en-US' loaded successfully.
(ThreadUtil first call): Running with priority 5
Read cards: 34010 archived files in 1 ms (25 parts) using thread pool
Upcoming set Star Trek (TRK) dated in the future. All `upcoming` cards will be added to this set with unknown rarity.
The card A-Alrund's Epiphany was not assigned to any set. Adding it to UNKNOWN set... to fix see res/editions/ folder. 
The card A-Baba Lysaga, Night Witch was not assigned to any set. Adding it to UNKNOWN set... to fix see res/editions/ folder. 
The card A-Divide by Zero was not assigned to any set. Adding it to UNKNOWN set... to fix see res/editions/ folder. 
The card A-Esika's Chariot was not assigned to any set. Adding it to UNKNOWN set... to fix see res/editions/ folder. 
The card A-Faceless Haven was not assigned to any set. Adding it to UNKNOWN set... to fix see res/editions/ folder. 
The card A-Fires of Invention was not assigned to any set. Adding it to UNKNOWN set... to fix see res/editions/ folder. 
The card A-Goldspan Dragon was not assigned to any set. Adding it to UNKNOWN set... to fix see res/editions/ folder. 
The card A-Hullbreaker Horror was not assigned to any set. Adding it to UNKNOWN set... to fix see res/editions/ folder. 
The card A-Kumano Faces Kakkazan was not assigned to any set. Adding it to UNKNOWN set... to fix see res/editions/ folder. 
The card A-Luminarch Aspirant was not assigned to any set. Adding it to UNKNOWN set... to fix see res/editions/ folder. 
The card A-Monster Manual was not assigned to any set. Adding it to UNKNOWN set... to fix see res/editions/ folder. 
The card A-Omnath, Locus of Creation was not assigned to any set. Adding it to UNKNOWN set... to fix see res/editions/ folder. 
The card A-The Meathook Massacre was not assigned to any set. Adding it to UNKNOWN set... to fix see res/editions/ folder. 
The card A-Unholy Heat was not assigned to any set. Adding it to UNKNOWN set... to fix see res/editions/ folder. 
The card Blinding Radiance was not assigned to any set. Adding it to UNKNOWN set... to fix see res/editions/ folder. 
The card Goblin Bruiser was not assigned to any set. Adding it to UNKNOWN set... to fix see res/editions/ folder. 
The card Ogre Painbringer was not assigned to any set. Adding it to UNKNOWN set... to fix see res/editions/ folder. 
The card Titanic Pelagosaur was not assigned to any set. Adding it to UNKNOWN set... to fix see res/editions/ folder. 
The card Treetop Recluse was not assigned to any set. Adding it to UNKNOWN set... to fix see res/editions/ folder. 
Upcoming set Star Trek (TRK) dated in the future. All `upcoming` cards will be added to this set with unknown rarity.
Read cards: 854 files in 0 ms (8 parts) using thread pool
Simulation mode
Ai(1)-Jaymie_Ezio vs Ai(2)-Gabe_Food vs Ai(3)-Destyn_Turtles vs Ai(4)-GGS_Slitter_diagnostic - one game of Commander seed 20260930
Warning: default (ie. inherited from base class) implementation of confirmAction is used by Goro-Goro and Satoru for forge.ai.ability.PermanentCreatureAi. Consider declaring an overloaded method
Warning: default (ie. inherited from base class) implementation of confirmAction is used by Michelangelo, the Heart for forge.ai.ability.PermanentCreatureAi. Consider declaring an overloaded method
Mulligan: Ai(4)-GGS_Slitter_diagnostic has mulliganed down to 7 cards.
Mulligan: Ai(4)-GGS_Slitter_diagnostic has kept a hand of 7 cards
Mulligan: Ai(1)-Jaymie_Ezio has kept a hand of 7 cards
Mulligan: Ai(2)-Gabe_Food has kept a hand of 7 cards
Mulligan: Ai(3)-Destyn_Turtles has kept a hand of 7 cards
Turn: Turn 1 (Ai(4)-GGS_Slitter_diagnostic)
Phase: Ai(4)-GGS_Slitter_diagnostic's Untap step
Phase: Ai(4)-GGS_Slitter_diagnostic's Upkeep step
Phase: Ai(4)-GGS_Slitter_diagnostic's Draw step
Phase: Ai(4)-GGS_Slitter_diagnostic's Main phase, precombat
Replacement Effect: Raucous Theater enters tapped.
Land: Ai(4)-GGS_Slitter_diagnostic played Raucous Theater (386)
Add To Stack: Ai(4)-GGS_Slitter_diagnostic triggered Raucous Theater
Resolve Stack: Ai(4)-GGS_Slitter_diagnostic surveiled 1 card(s) to the graveyard
Resolve Stack: When Raucous Theater enters, surveil 1. (Look at the top card of your library. You may put it into your graveyard.) [Zone Changer: Raucous Theater (386)]
Phase: Ai(4)-GGS_Slitter_diagnostic's Beginning of Combat Step
Phase: Ai(4)-GGS_Slitter_diagnostic's Declare Attackers Step
Phase: Ai(4)-GGS_Slitter_diagnostic's Declare Blockers Step
Phase: Ai(4)-GGS_Slitter_diagnostic's First Strike Damage Step
Phase: Ai(4)-GGS_Slitter_diagnostic's Combat Damage Step
Phase: Ai(4)-GGS_Slitter_diagnostic's End of Combat Step
Phase: Ai(4)-GGS_Slitter_diagnostic's Main phase, postcombat
Phase: Ai(4)-GGS_Slitter_diagnostic's End step
Phase: Ai(4)-GGS_Slitter_diagnostic's Cleanup step
Turn: Turn 2 (Ai(1)-Jaymie_Ezio)
Phase: Ai(1)-Jaymie_Ezio's Untap step
Phase: Ai(1)-Jaymie_Ezio's Upkeep step
Phase: Ai(1)-Jaymie_Ezio's Draw step
Phase: Ai(1)-Jaymie_Ezio's Main phase, precombat
Land: Ai(1)-Jaymie_Ezio played Command Tower (32)
Phase: Ai(1)-Jaymie_Ezio's Beginning of Combat Step
Phase: Ai(1)-Jaymie_Ezio's Declare Attackers Step
Phase: Ai(1)-Jaymie_Ezio's Declare Blockers Step
Phase: Ai(1)-Jaymie_Ezio's First Strike Damage Step
Phase: Ai(1)-Jaymie_Ezio's Combat Damage Step
Phase: Ai(1)-Jaymie_Ezio's End of Combat Step
Phase: Ai(1)-Jaymie_Ezio's Main phase, postcombat
Mana: Command Tower (32) - {T}: Add one mana of any color in your commander's color identity.
Add To Stack: Ai(1)-Jaymie_Ezio cast Assassin Initiate
Resolve Stack: Assassin Initiate - Creature 1 / 1
Phase: Ai(1)-Jaymie_Ezio's End step
Phase: Ai(1)-Jaymie_Ezio's Cleanup step
Turn: Turn 3 (Ai(2)-Gabe_Food)
Phase: Ai(2)-Gabe_Food's Untap step
Phase: Ai(2)-Gabe_Food's Upkeep step
Phase: Ai(2)-Gabe_Food's Draw step
Phase: Ai(2)-Gabe_Food's Main phase, precombat
Land: Ai(2)-Gabe_Food played Forest (140)
Phase: Ai(2)-Gabe_Food's Beginning of Combat Step
Phase: Ai(2)-Gabe_Food's Declare Attackers Step
Phase: Ai(2)-Gabe_Food's Declare Blockers Step
Phase: Ai(2)-Gabe_Food's First Strike Damage Step
Phase: Ai(2)-Gabe_Food's Combat Damage Step
Phase: Ai(2)-Gabe_Food's End of Combat Step
Phase: Ai(2)-Gabe_Food's Main phase, postcombat
Phase: Ai(2)-Gabe_Food's End step
Phase: Ai(2)-Gabe_Food's Cleanup step
Turn: Turn 4 (Ai(3)-Destyn_Turtles)
Phase: Ai(3)-Destyn_Turtles' Untap step
Phase: Ai(3)-Destyn_Turtles' Upkeep step
Phase: Ai(3)-Destyn_Turtles' Draw step
Phase: Ai(3)-Destyn_Turtles' Main phase, precombat
Replacement Effect: This land enters tapped unless you control two or more basic lands.
Land: Ai(3)-Destyn_Turtles played Sodden Verdure (283)
Phase: Ai(3)-Destyn_Turtles' Beginning of Combat Step
Phase: Ai(3)-Destyn_Turtles' Declare Attackers Step
Phase: Ai(3)-Destyn_Turtles' Declare Blockers Step
Phase: Ai(3)-Destyn_Turtles' First Strike Damage Step
Phase: Ai(3)-Destyn_Turtles' Combat Damage Step
Phase: Ai(3)-Destyn_Turtles' End of Combat Step
Phase: Ai(3)-Destyn_Turtles' Main phase, postcombat
Phase: Ai(3)-Destyn_Turtles' End step
Phase: Ai(3)-Destyn_Turtles' Cleanup step
Turn: Turn 5 (Ai(4)-GGS_Slitter_diagnostic)
Phase: Ai(4)-GGS_Slitter_diagnostic's Untap step
Phase: Ai(4)-GGS_Slitter_diagnostic's Upkeep step
Phase: Ai(4)-GGS_Slitter_diagnostic's Draw step
Phase: Ai(4)-GGS_Slitter_diagnostic's Main phase, precombat
Land: Ai(4)-GGS_Slitter_diagnostic played Polluted Delta (316)
Life: Life: Ai(4)-GGS_Slitter_diagnostic 40 > 39
Zone Change: Polluted Delta (316) was put into Graveyard from Battlefield.
Add To Stack: Ai(4)-GGS_Slitter_diagnostic activated Polluted Delta
Replacement Effect: Undercity Sewers enters tapped.
Resolve Stack: Polluted Delta (316) - Ai(4)-GGS_Slitter_diagnostic searches their library for an Island or Swamp card, puts it onto the battlefield, then shuffles.
Add To Stack: Ai(4)-GGS_Slitter_diagnostic triggered Undercity Sewers
Resolve Stack: Ai(4)-GGS_Slitter_diagnostic surveiled 1 card(s) to the top of the library
Resolve Stack: When Undercity Sewers enters, surveil 1. (Look at the top card of your library. You may put it into your graveyard.) [Zone Changer: Undercity Sewers (306)]
Phase: Ai(4)-GGS_Slitter_diagnostic's Beginning of Combat Step
Phase: Ai(4)-GGS_Slitter_diagnostic's Declare Attackers Step
Phase: Ai(4)-GGS_Slitter_diagnostic's Declare Blockers Step
Phase: Ai(4)-GGS_Slitter_diagnostic's First Strike Damage Step
Phase: Ai(4)-GGS_Slitter_diagnostic's Combat Damage Step
Phase: Ai(4)-GGS_Slitter_diagnostic's End of Combat Step
Phase: Ai(4)-GGS_Slitter_diagnostic's Main phase, postcombat
Phase: Ai(4)-GGS_Slitter_diagnostic's End step
Phase: Ai(4)-GGS_Slitter_diagnostic's Cleanup step
Turn: Turn 6 (Ai(1)-Jaymie_Ezio)
Phase: Ai(1)-Jaymie_Ezio's Untap step
Phase: Ai(1)-Jaymie_Ezio's Upkeep step
Phase: Ai(1)-Jaymie_Ezio's Draw step
Phase: Ai(1)-Jaymie_Ezio's Main phase, precombat
Phase: Ai(1)-Jaymie_Ezio's Beginning of Combat Step
Phase: Ai(1)-Jaymie_Ezio's Declare Attackers Step
Combat: Ai(1)-Jaymie_Ezio assigned Assassin Initiate (51) to attack Ai(2)-Gabe_Food.
Phase: Ai(1)-Jaymie_Ezio's Declare Blockers Step
Combat: Ai(2)-Gabe_Food didn't block Assassin Initiate (51).
Phase: Ai(1)-Jaymie_Ezio's First Strike Damage Step
Phase: Ai(1)-Jaymie_Ezio's Combat Damage Step
Damage: Assassin Initiate (51) deals 1 combat damage to Ai(2)-Gabe_Food.
Life: Life: Ai(2)-Gabe_Food 40 > 39
Phase: Ai(1)-Jaymie_Ezio's End of Combat Step
Phase: Ai(1)-Jaymie_Ezio's Main phase, postcombat
Replacement Effect: Path of Ancestry enters tapped.
Land: Ai(1)-Jaymie_Ezio played Path of Ancestry (8)
Mana: Command Tower (32) - {T}: Add one mana of any color in your commander's color identity.
Add To Stack: Ai(1)-Jaymie_Ezio cast Changeling Outcast
Resolve Stack: Changeling Outcast - Creature 1 / 1
Phase: Ai(1)-Jaymie_Ezio's End step
Phase: Ai(1)-Jaymie_Ezio's Cleanup step
Turn: Turn 7 (Ai(2)-Gabe_Food)
Phase: Ai(2)-Gabe_Food's Untap step
Phase: Ai(2)-Gabe_Food's Upkeep step
Phase: Ai(2)-Gabe_Food's Draw step
Phase: Ai(2)-Gabe_Food's Main phase, precombat
Land: Ai(2)-Gabe_Food played Swamp (163)
Phase: Ai(2)-Gabe_Food's Beginning of Combat Step
Phase: Ai(2)-Gabe_Food's Declare Attackers Step
Phase: Ai(2)-Gabe_Food's Declare Blockers Step
Phase: Ai(2)-Gabe_Food's First Strike Damage Step
Phase: Ai(2)-Gabe_Food's Combat Damage Step
Phase: Ai(2)-Gabe_Food's End of Combat Step
Phase: Ai(2)-Gabe_Food's Main phase, postcombat
Mana: Forest (140) - {T}: Add {G}.
Mana: Swamp (163) - {T}: Add {B}.
Add To Stack: Ai(2)-Gabe_Food cast Prize Pig
Resolve Stack: Prize Pig - Creature 0 / 3
Phase: Ai(2)-Gabe_Food's End step
Phase: Ai(2)-Gabe_Food's Cleanup step
Turn: Turn 8 (Ai(3)-Destyn_Turtles)
Phase: Ai(3)-Destyn_Turtles' Untap step
Phase: Ai(3)-Destyn_Turtles' Upkeep step
Phase: Ai(3)-Destyn_Turtles' Draw step
Phase: Ai(3)-Destyn_Turtles' Main phase, precombat
Land: Ai(3)-Destyn_Turtles played City of Brass (247)
Phase: Ai(3)-Destyn_Turtles' Beginning of Combat Step
Phase: Ai(3)-Destyn_Turtles' Declare Attackers Step
Phase: Ai(3)-Destyn_Turtles' Declare Blockers Step
Phase: Ai(3)-Destyn_Turtles' First Strike Damage Step
Phase: Ai(3)-Destyn_Turtles' Combat Damage Step
Phase: Ai(3)-Destyn_Turtles' End of Combat Step
Phase: Ai(3)-Destyn_Turtles' Main phase, postcombat
Mana: Sodden Verdure (283) - {T}: Add {G}.
Mana: City of Brass (247) - {T}: Add one mana of any color.
Add To Stack: Ai(3)-Destyn_Turtles cast Michelangelo, the Heart
Add To Stack: Ai(3)-Destyn_Turtles triggered City of Brass
Damage: City of Brass (247) deals 1 non-combat damage to Ai(3)-Destyn_Turtles.
Life: Life: Ai(3)-Destyn_Turtles 40 > 39
Resolve Stack: Whenever City of Brass becomes tapped, it deals 1 damage to you. [Tapped: City of Brass (247)]
Resolve Stack: Michelangelo, the Heart - Creature 2 / 1
Phase: Ai(3)-Destyn_Turtles' End step
Phase: Ai(3)-Destyn_Turtles' Cleanup step
Turn: Turn 9 (Ai(4)-GGS_Slitter_diagnostic)
Phase: Ai(4)-GGS_Slitter_diagnostic's Untap step
Phase: Ai(4)-GGS_Slitter_diagnostic's Upkeep step
Phase: Ai(4)-GGS_Slitter_diagnostic's Draw step
Phase: Ai(4)-GGS_Slitter_diagnostic's Main phase, precombat
Land: Ai(4)-GGS_Slitter_diagnostic played City of Brass (339)
Phase: Ai(4)-GGS_Slitter_diagnostic's Beginning of Combat Step
Phase: Ai(4)-GGS_Slitter_diagnostic's Declare Attackers Step
Phase: Ai(4)-GGS_Slitter_diagnostic's Declare Blockers Step
Phase: Ai(4)-GGS_Slitter_diagnostic's First Strike Damage Step
Phase: Ai(4)-GGS_Slitter_diagnostic's Combat Damage Step
Phase: Ai(4)-GGS_Slitter_diagnostic's End of Combat Step
Phase: Ai(4)-GGS_Slitter_diagnostic's Main phase, postcombat
Mana: Undercity Sewers (306) - {T}: Add {U}.
Mana: Raucous Theater (386) - {T}: Add {B}.
Mana: City of Brass (339) - {T}: Add one mana of any color.
Add To Stack: Ai(4)-GGS_Slitter_diagnostic cast Goro-Goro and Satoru
Add To Stack: Ai(4)-GGS_Slitter_diagnostic triggered City of Brass
Damage: City of Brass (339) deals 1 non-combat damage to Ai(4)-GGS_Slitter_diagnostic.
Life: Life: Ai(4)-GGS_Slitter_diagnostic 39 > 38
Resolve Stack: Whenever City of Brass becomes tapped, it deals 1 damage to you. [Tapped: City of Brass (339)]
Resolve Stack: Goro-Goro and Satoru - Creature 3 / 4
Phase: Ai(4)-GGS_Slitter_diagnostic's End step
Phase: Ai(4)-GGS_Slitter_diagnostic's Cleanup step
Turn: Turn 10 (Ai(1)-Jaymie_Ezio)
Phase: Ai(1)-Jaymie_Ezio's Untap step
Phase: Ai(1)-Jaymie_Ezio's Upkeep step
Phase: Ai(1)-Jaymie_Ezio's Draw step
Phase: Ai(1)-Jaymie_Ezio's Main phase, precombat
Replacement Effect: Smoldering Marsh enters tapped unless you control two or more basic lands.
Land: Ai(1)-Jaymie_Ezio played Smoldering Marsh (71)
Mana: Command Tower (32) - {T}: Add one mana of any color in your commander's color identity.
Mana: Path of Ancestry (8) - {T}: Add one mana of any color in your commander's color identity. When that mana is spent to cast a creature spell that shares a creature type with your commander, scry 1. (Look at the top card of your library. You may put that card on the bottom.)
Add To Stack: Ai(1)-Jaymie_Ezio cast Rampant Growth
Resolve Stack: Rampant Growth (78) - Search your library for a basic land card, put that card onto the battlefield tapped, then shuffle.
Phase: Ai(1)-Jaymie_Ezio's Beginning of Combat Step
Phase: Ai(1)-Jaymie_Ezio's Declare Attackers Step
Combat: Ai(1)-Jaymie_Ezio assigned Changeling Outcast (14) to attack Ai(4)-GGS_Slitter_diagnostic.
Phase: Ai(1)-Jaymie_Ezio's Declare Blockers Step
Combat: Ai(4)-GGS_Slitter_diagnostic didn't block Changeling Outcast (14).
Phase: Ai(1)-Jaymie_Ezio's First Strike Damage Step
Phase: Ai(1)-Jaymie_Ezio's Combat Damage Step
Damage: Changeling Outcast (14) deals 1 combat damage to Ai(4)-GGS_Slitter_diagnostic.
Life: Life: Ai(4)-GGS_Slitter_diagnostic 38 > 37
Phase: Ai(1)-Jaymie_Ezio's End of Combat Step
Phase: Ai(1)-Jaymie_Ezio's Main phase, postcombat
Phase: Ai(1)-Jaymie_Ezio's End step
Phase: Ai(1)-Jaymie_Ezio's Cleanup step
Turn: Turn 11 (Ai(2)-Gabe_Food)
Phase: Ai(2)-Gabe_Food's Untap step
Phase: Ai(2)-Gabe_Food's Upkeep step
Mana: Prize Pig (130) - {T}: Add one mana of any color.
Add To Stack: Ai(2)-Gabe_Food cast Swords to Plowshares targeting [Goro-Goro and Satoru (403)]
Zone Change: Goro-Goro and Satoru (403) was put into Exile from Battlefield.
Life: Life: Ai(4)-GGS_Slitter_diagnostic 37 > 40
Resolve Stack: Swords to Plowshares (185) - Exile Goro-Goro and Satoru (403). Ai(4)-GGS_Slitter_diagnostic gains life equal to its power.
Phase: Ai(2)-Gabe_Food's Draw step
Phase: Ai(2)-Gabe_Food's Main phase, precombat
Land: Ai(2)-Gabe_Food played Command Tower (131)
Mana: Command Tower (131) - {T}: Add one mana of any color in your commander's color identity.
Mana: Forest (140) - {T}: Add {G}.
Mana: Swamp (163) - {T}: Add {B}.
Add To Stack: Ai(2)-Gabe_Food cast Sam, Loyal Attendant
Resolve Stack: Sam, Loyal Attendant - Creature 2 / 4
Add To Stack: Ai(2)-Gabe_Food triggered Sam, Loyal Attendant targeting [Ai(2)-Gabe_Food]
Resolve Stack: Partner with Frodo, Adventurous Hobbit (When this creature enters, target player may put Frodo into their hand from their library, then shuffle.) (Targeting: [[Ai(2)-Gabe_Food]]) [Zone Changer: Sam, Loyal Attendant (202)]
Phase: Ai(2)-Gabe_Food's Beginning of Combat Step
Add To Stack: Ai(2)-Gabe_Food triggered Sam, Loyal Attendant
Resolve Stack: At the beginning of combat on your turn, create a Food token. (It's an artifact with "{2}, {T}, Sacrifice this token: You gain 3 life.") [Phase: Ai(2)-Gabe_Food]
Phase: Ai(2)-Gabe_Food's Declare Attackers Step
Phase: Ai(2)-Gabe_Food's Declare Blockers Step
Phase: Ai(2)-Gabe_Food's First Strike Damage Step
Phase: Ai(2)-Gabe_Food's Combat Damage Step
Phase: Ai(2)-Gabe_Food's End of Combat Step
Phase: Ai(2)-Gabe_Food's Main phase, postcombat
Phase: Ai(2)-Gabe_Food's End step
Phase: Ai(2)-Gabe_Food's Cleanup step
Turn: Turn 12 (Ai(3)-Destyn_Turtles)
Phase: Ai(3)-Destyn_Turtles' Untap step
Phase: Ai(3)-Destyn_Turtles' Upkeep step
Phase: Ai(3)-Destyn_Turtles' Draw step
Phase: Ai(3)-Destyn_Turtles' Main phase, precombat
Replacement Effect: Cinder Glade enters tapped unless you control two or more basic lands.
Land: Ai(3)-Destyn_Turtles played Cinder Glade (218)
Phase: Ai(3)-Destyn_Turtles' Beginning of Combat Step
Phase: Ai(3)-Destyn_Turtles' Declare Attackers Step
Phase: Ai(3)-Destyn_Turtles' Declare Blockers Step
Phase: Ai(3)-Destyn_Turtles' First Strike Damage Step
Phase: Ai(3)-Destyn_Turtles' Combat Damage Step
Phase: Ai(3)-Destyn_Turtles' End of Combat Step
Phase: Ai(3)-Destyn_Turtles' Main phase, postcombat
Mana: Sodden Verdure (283) - {T}: Add {G}.
Mana: City of Brass (247) - {T}: Add one mana of any color.
Add To Stack: Ai(3)-Destyn_Turtles cast Everything Pizza
Add To Stack: Ai(3)-Destyn_Turtles triggered City of Brass
Damage: City of Brass (247) deals 1 non-combat damage to Ai(3)-Destyn_Turtles.
Life: Life: Ai(3)-Destyn_Turtles 39 > 38
Resolve Stack: Whenever City of Brass becomes tapped, it deals 1 damage to you. [Tapped: City of Brass (247)]
Resolve Stack: Everything Pizza
Add To Stack: Ai(3)-Destyn_Turtles triggered Everything Pizza
Resolve Stack: When this artifact enters, search your library for a basic land card, reveal it, put it into your hand, then shuffle. [Zone Changer: Everything Pizza (268)]
Phase: Ai(3)-Destyn_Turtles' End step
Phase: Ai(3)-Destyn_Turtles' Cleanup step
Turn: Turn 13 (Ai(4)-GGS_Slitter_diagnostic)
Phase: Ai(4)-GGS_Slitter_diagnostic's Untap step
Phase: Ai(4)-GGS_Slitter_diagnostic's Upkeep step
Phase: Ai(4)-GGS_Slitter_diagnostic's Draw step
Phase: Ai(4)-GGS_Slitter_diagnostic's Main phase, precombat
Mana: Raucous Theater (386) - {T}: Add {R}.
Add To Stack: Ai(4)-GGS_Slitter_diagnostic cast Vandalblast targeting [Everything Pizza (268)]
Zone Change: Everything Pizza (268) was put into Graveyard from Battlefield.
Resolve Stack: Vandalblast (347) - Destroy Everything Pizza (268).
Phase: Ai(4)-GGS_Slitter_diagnostic's Beginning of Combat Step
Phase: Ai(4)-GGS_Slitter_diagnostic's Declare Attackers Step
Phase: Ai(4)-GGS_Slitter_diagnostic's Declare Blockers Step
Phase: Ai(4)-GGS_Slitter_diagnostic's First Strike Damage Step
Phase: Ai(4)-GGS_Slitter_diagnostic's Combat Damage Step
Phase: Ai(4)-GGS_Slitter_diagnostic's End of Combat Step
Phase: Ai(4)-GGS_Slitter_diagnostic's Main phase, postcombat
Mana: City of Brass (339) - {T}: Add one mana of any color.
Mana: Undercity Sewers (306) - {T}: Add {B}.
Add To Stack: Ai(4)-GGS_Slitter_diagnostic cast Kari Zev, Skyship Raider
Add To Stack: Ai(4)-GGS_Slitter_diagnostic triggered City of Brass
Damage: City of Brass (339) deals 1 non-combat damage to Ai(4)-GGS_Slitter_diagnostic.
Life: Life: Ai(4)-GGS_Slitter_diagnostic 40 > 39
Resolve Stack: Whenever City of Brass becomes tapped, it deals 1 damage to you. [Tapped: City of Brass (339)]
Resolve Stack: Kari Zev, Skyship Raider - Creature 1 / 3
Phase: Ai(4)-GGS_Slitter_diagnostic's End step
Phase: Ai(4)-GGS_Slitter_diagnostic's Cleanup step
Turn: Turn 14 (Ai(1)-Jaymie_Ezio)
Phase: Ai(1)-Jaymie_Ezio's Untap step
Phase: Ai(1)-Jaymie_Ezio's Upkeep step
Phase: Ai(1)-Jaymie_Ezio's Draw step
Phase: Ai(1)-Jaymie_Ezio's Main phase, precombat
Mana: Command Tower (32) - {T}: Add one mana of any color in your commander's color identity.
Mana: Path of Ancestry (8) - {T}: Add one mana of any color in your commander's color identity. When that mana is spent to cast a creature spell that shares a creature type with your commander, scry 1. (Look at the top card of your library. You may put that card on the bottom.)
Mana: Plains (89) - {T}: Add {W}.
Mana: Smoldering Marsh (71) - {T}: Add {R}.
Add To Stack: Ai(1)-Jaymie_Ezio cast Coastal Piracy
Resolve Stack: Coastal Piracy
Phase: Ai(1)-Jaymie_Ezio's Beginning of Combat Step
Phase: Ai(1)-Jaymie_Ezio's Declare Attackers Step
Combat: Ai(1)-Jaymie_Ezio assigned Changeling Outcast (14) to attack Ai(2)-Gabe_Food.
Phase: Ai(1)-Jaymie_Ezio's Declare Blockers Step
Combat: Ai(2)-Gabe_Food didn't block Changeling Outcast (14).
Phase: Ai(1)-Jaymie_Ezio's First Strike Damage Step
Phase: Ai(1)-Jaymie_Ezio's Combat Damage Step
Damage: Changeling Outcast (14) deals 1 combat damage to Ai(2)-Gabe_Food.
Life: Life: Ai(2)-Gabe_Food 39 > 38
Add To Stack: Ai(1)-Jaymie_Ezio triggered Coastal Piracy
Resolve Stack: Whenever a creature you control deals combat damage to an opponent, you may draw a card. [Damage Source: Changeling Outcast (14), Damaged: Ai(2)-Gabe_Food, Amount: 1]
Phase: Ai(1)-Jaymie_Ezio's End of Combat Step
Phase: Ai(1)-Jaymie_Ezio's Main phase, postcombat
Replacement Effect: Thriving Grove enters tapped.
Replacement Effect: As Thriving Grove enters, choose a color other than green.
Land: Ai(1)-Jaymie_Ezio played Thriving Grove (27)
Phase: Ai(1)-Jaymie_Ezio's End step
Phase: Ai(1)-Jaymie_Ezio's Cleanup step
Turn: Turn 15 (Ai(2)-Gabe_Food)
Phase: Ai(2)-Gabe_Food's Untap step
Phase: Ai(2)-Gabe_Food's Upkeep step
Phase: Ai(2)-Gabe_Food's Draw step
Phase: Ai(2)-Gabe_Food's Main phase, precombat
Land: Ai(2)-Gabe_Food played Shire Terrace (172)
Mana: Forest (140) - {T}: Add {G}.
Mana: Swamp (163) - {T}: Add {B}.
Mana: Command Tower (131) - {T}: Add one mana of any color in your commander's color identity.
Mana: Shire Terrace (172) - {T}: Add {C}.
Add To Stack: Ai(2)-Gabe_Food cast Assemble the Entmoot
Resolve Stack: Assemble the Entmoot
Phase: Ai(2)-Gabe_Food's Beginning of Combat Step
Add To Stack: Ai(2)-Gabe_Food triggered Sam, Loyal Attendant
Resolve Stack: At the beginning of combat on your turn, create a Food token. (It's an artifact with "{2}, {T}, Sacrifice this token: You gain 3 life.") [Phase: Ai(2)-Gabe_Food]
Phase: Ai(2)-Gabe_Food's Declare Attackers Step
Combat: Ai(2)-Gabe_Food assigned Sam, Loyal Attendant (202) to attack Ai(1)-Jaymie_Ezio.
Phase: Ai(2)-Gabe_Food's Declare Blockers Step
Combat: Ai(1)-Jaymie_Ezio didn't block Sam, Loyal Attendant (202).
Phase: Ai(2)-Gabe_Food's First Strike Damage Step
Phase: Ai(2)-Gabe_Food's Combat Damage Step
Damage: Sam, Loyal Attendant (202) deals 2 combat damage to Ai(1)-Jaymie_Ezio.
Life: Life: Ai(1)-Jaymie_Ezio 40 > 38
Phase: Ai(2)-Gabe_Food's End of Combat Step
Phase: Ai(2)-Gabe_Food's Main phase, postcombat
Phase: Ai(2)-Gabe_Food's End step
Phase: Ai(2)-Gabe_Food's Cleanup step
Turn: Turn 16 (Ai(3)-Destyn_Turtles)
Phase: Ai(3)-Destyn_Turtles' Untap step
Phase: Ai(3)-Destyn_Turtles' Upkeep step
Phase: Ai(3)-Destyn_Turtles' Draw step
Phase: Ai(3)-Destyn_Turtles' Main phase, precombat
Land: Ai(3)-Destyn_Turtles played Plains (290)
Phase: Ai(3)-Destyn_Turtles' Beginning of Combat Step
Phase: Ai(3)-Destyn_Turtles' Declare Attackers Step
Zone Change: Assemble the Entmoot (102) was put into Graveyard from Battlefield.
Add To Stack: Ai(2)-Gabe_Food activated Assemble the Entmoot
Resolve Stack: Assemble the Entmoot (102) - Ai(2)-Gabe_Food creates three tapped X/X green Treefolk creature tokens, where X is the amount of life you gained this turn. Put a reach counter on each of them. Ai(2)-Gabe_Food puts a reach counter on . 
Zone Change: Treefolk Token (426) was put into Graveyard from Battlefield.
Zone Change: Treefolk Token (427) was put into Graveyard from Battlefield.
Zone Change: Treefolk Token (428) was put into Graveyard from Battlefield.
Phase: Ai(3)-Destyn_Turtles' Declare Blockers Step
Phase: Ai(3)-Destyn_Turtles' First Strike Damage Step
Phase: Ai(3)-Destyn_Turtles' Combat Damage Step
Phase: Ai(3)-Destyn_Turtles' End of Combat Step
Phase: Ai(3)-Destyn_Turtles' Main phase, postcombat
Mana: Cinder Glade (218) - {T}: Add {R}.
Mana: Plains (290) - {T}: Add {W}.
Mana: Sodden Verdure (283) - {T}: Add {G}.
Mana: City of Brass (247) - {T}: Add one mana of any color.
Add To Stack: Ai(3)-Destyn_Turtles cast Casey Jones, Back Alley Brute
Add To Stack: Ai(3)-Destyn_Turtles triggered City of Brass
Damage: City of Brass (247) deals 1 non-combat damage to Ai(3)-Destyn_Turtles.
Life: Life: Ai(3)-Destyn_Turtles 38 > 37
Resolve Stack: Whenever City of Brass becomes tapped, it deals 1 damage to you. [Tapped: City of Brass (247)]
Resolve Stack: Casey Jones, Back Alley Brute - Creature 4 / 2
Phase: Ai(3)-Destyn_Turtles' End step
Phase: Ai(3)-Destyn_Turtles' Cleanup step
Turn: Turn 17 (Ai(4)-GGS_Slitter_diagnostic)
Phase: Ai(4)-GGS_Slitter_diagnostic's Untap step
Phase: Ai(4)-GGS_Slitter_diagnostic's Upkeep step
Phase: Ai(4)-GGS_Slitter_diagnostic's Draw step
Mana: Undercity Sewers (306) - {T}: Add {U}.
Mana: Raucous Theater (386) - {T}: Add {R}.
Add To Stack: Ai(4)-GGS_Slitter_diagnostic cast Cyclonic Rift targeting [Casey Jones, Back Alley Brute (208)]
Resolve Stack: Cyclonic Rift (312) - Return Casey Jones, Back Alley Brute (208) to its owner's hand.
Phase: Ai(4)-GGS_Slitter_diagnostic's Main phase, precombat
Mana: City of Brass (339) - {T}: Add one mana of any color.
Add To Stack: Ai(4)-GGS_Slitter_diagnostic cast Skullclamp
Add To Stack: Ai(4)-GGS_Slitter_diagnostic triggered City of Brass
Damage: City of Brass (339) deals 1 non-combat damage to Ai(4)-GGS_Slitter_diagnostic.
Life: Life: Ai(4)-GGS_Slitter_diagnostic 39 > 38
Resolve Stack: Whenever City of Brass becomes tapped, it deals 1 damage to you. [Tapped: City of Brass (339)]
Resolve Stack: Skullclamp
Phase: Ai(4)-GGS_Slitter_diagnostic's Beginning of Combat Step
Phase: Ai(4)-GGS_Slitter_diagnostic's Declare Attackers Step
Combat: Ai(4)-GGS_Slitter_diagnostic assigned Kari Zev, Skyship Raider (396) to attack Ai(2)-Gabe_Food.
Add To Stack: Ai(4)-GGS_Slitter_diagnostic triggered Kari Zev, Skyship Raider
Resolve Stack: Whenever Kari Zev, Skyship Raider attacks, create Ragavan, a legendary 2/1 red Monkey creature token. Ragavan enters tapped and attacking. Exile that token at end of combat. [Attacker: Kari Zev, Skyship Raider (396)]
Phase: Ai(4)-GGS_Slitter_diagnostic's Declare Blockers Step
Combat: Ai(1)-Jaymie_Ezio didn't block Ragavan (431).
Combat: Ai(2)-Gabe_Food didn't block Kari Zev, Skyship Raider (396).
Phase: Ai(4)-GGS_Slitter_diagnostic's First Strike Damage Step
Damage: Kari Zev, Skyship Raider (396) deals 1 combat damage to Ai(2)-Gabe_Food.
Life: Life: Ai(2)-Gabe_Food 38 > 37
Phase: Ai(4)-GGS_Slitter_diagnostic's Combat Damage Step
Damage: Ragavan (431) deals 2 combat damage to Ai(1)-Jaymie_Ezio.
Life: Life: Ai(1)-Jaymie_Ezio 38 > 36
Phase: Ai(4)-GGS_Slitter_diagnostic's End of Combat Step
Add To Stack: Ai(4)-GGS_Slitter_diagnostic triggered Kari Zev, Skyship Raider
Zone Change: Ragavan (431) was put into Exile from Battlefield.
Resolve Stack: Exile Ragavan (431) at the end of combat. ([Ragavan (431)]) [Phase: Ai(4)-GGS_Slitter_diagnostic]
Phase: Ai(4)-GGS_Slitter_diagnostic's Main phase, postcombat
Phase: Ai(4)-GGS_Slitter_diagnostic's End step
Phase: Ai(4)-GGS_Slitter_diagnostic's Cleanup step
Turn: Turn 18 (Ai(1)-Jaymie_Ezio)
Phase: Ai(1)-Jaymie_Ezio's Untap step
Phase: Ai(1)-Jaymie_Ezio's Upkeep step
Phase: Ai(1)-Jaymie_Ezio's Draw step
Phase: Ai(1)-Jaymie_Ezio's Main phase, precombat
Land: Ai(1)-Jaymie_Ezio played Swamp (60)
Mana: Swamp (60) - {T}: Add {B}.
Mana: Plains (89) - {T}: Add {W}.
Mana: Thriving Grove (27) - {T}: Add {G} or one mana of the chosen color.
Add To Stack: Ai(1)-Jaymie_Ezio cast 
Resolve Stack: Disguise - Creature 2/2
Mana: Smoldering Marsh (71) - {T}: Add {B}.
Mana: Command Tower (32) - {T}: Add one mana of any color in your commander's color identity.
Resolve Stack: Ai(1)-Jaymie_Ezio has undisguised Arno Dorian
Phase: Ai(1)-Jaymie_Ezio's Beginning of Combat Step
Phase: Ai(1)-Jaymie_Ezio's Declare Attackers Step
Combat: Ai(1)-Jaymie_Ezio assigned Changeling Outcast (14) and Assassin Initiate (51) to attack Ai(2)-Gabe_Food.
Phase: Ai(1)-Jaymie_Ezio's Declare Blockers Step
Combat: Ai(2)-Gabe_Food didn't block Changeling Outcast (14).
Ai(2)-Gabe_Food didn't block Assassin Initiate (51).
Phase: Ai(1)-Jaymie_Ezio's First Strike Damage Step
Phase: Ai(1)-Jaymie_Ezio's Combat Damage Step
Damage: Changeling Outcast (14) deals 3 combat damage to Ai(2)-Gabe_Food.
Damage: Assassin Initiate (51) deals 3 combat damage to Ai(2)-Gabe_Food.
Life: Life: Ai(2)-Gabe_Food 37 > 31
Add To Stack: Ai(1)-Jaymie_Ezio triggered Coastal Piracy
Add To Stack: Ai(1)-Jaymie_Ezio triggered Coastal Piracy
Resolve Stack: Whenever a creature you control deals combat damage to an opponent, you may draw a card. [Damage Source: Assassin Initiate (51), Damaged: Ai(2)-Gabe_Food, Amount: 3]
Resolve Stack: Whenever a creature you control deals combat damage to an opponent, you may draw a card. [Damage Source: Changeling Outcast (14), Damaged: Ai(2)-Gabe_Food, Amount: 3]
Phase: Ai(1)-Jaymie_Ezio's End of Combat Step
Phase: Ai(1)-Jaymie_Ezio's Main phase, postcombat
Phase: Ai(1)-Jaymie_Ezio's End step
Phase: Ai(1)-Jaymie_Ezio's Cleanup step
Turn: Turn 19 (Ai(2)-Gabe_Food)
Phase: Ai(2)-Gabe_Food's Untap step
Phase: Ai(2)-Gabe_Food's Upkeep step
Mana: Forest (140) - {T}: Add {G}.
Zone Change: Shire Terrace (172) was put into Graveyard from Battlefield.
Add To Stack: Ai(2)-Gabe_Food activated Shire Terrace
Resolve Stack: Shire Terrace (172) - Ai(2)-Gabe_Food searches their library for a basic land card, puts it onto the battlefield tapped, then shuffles.
Phase: Ai(2)-Gabe_Food's Draw step
Phase: Ai(2)-Gabe_Food's Main phase, precombat
Replacement Effect: Sunpetal Grove enters tapped unless you control a Forest or a Plains.
Land: Ai(2)-Gabe_Food played Sunpetal Grove (167)
Phase: Ai(2)-Gabe_Food's Beginning of Combat Step
Add To Stack: Ai(2)-Gabe_Food triggered Sam, Loyal Attendant
Resolve Stack: At the beginning of combat on your turn, create a Food token. (It's an artifact with "{2}, {T}, Sacrifice this token: You gain 3 life.") [Phase: Ai(2)-Gabe_Food]
Phase: Ai(2)-Gabe_Food's Declare Attackers Step
Phase: Ai(2)-Gabe_Food's Declare Blockers Step
Phase: Ai(2)-Gabe_Food's First Strike Damage Step
Phase: Ai(2)-Gabe_Food's Combat Damage Step
Phase: Ai(2)-Gabe_Food's End of Combat Step
Phase: Ai(2)-Gabe_Food's Main phase, postcombat
Mana: Swamp (163) - {T}: Add {B}.
Mana: Sunpetal Grove (167) - {T}: Add {G} or {W}.
Mana: Command Tower (131) - {T}: Add one mana of any color in your commander's color identity.
Mana: Prize Pig (130) - {T}: Add one mana of any color.
Add To Stack: Ai(2)-Gabe_Food cast Well of Lost Dreams
Resolve Stack: Well of Lost Dreams
Phase: Ai(2)-Gabe_Food's End step
Phase: Ai(2)-Gabe_Food's Cleanup step
Turn: Turn 20 (Ai(3)-Destyn_Turtles)
Phase: Ai(3)-Destyn_Turtles' Untap step
Phase: Ai(3)-Destyn_Turtles' Upkeep step
Phase: Ai(3)-Destyn_Turtles' Draw step
Phase: Ai(3)-Destyn_Turtles' Main phase, precombat
Replacement Effect: Sunken Hollow enters tapped unless you control two or more basic lands.
Land: Ai(3)-Destyn_Turtles played Sunken Hollow (226)
Phase: Ai(3)-Destyn_Turtles' Beginning of Combat Step
Phase: Ai(3)-Destyn_Turtles' Declare Attackers Step
Phase: Ai(3)-Destyn_Turtles' Declare Blockers Step
Phase: Ai(3)-Destyn_Turtles' First Strike Damage Step
Phase: Ai(3)-Destyn_Turtles' Combat Damage Step
Phase: Ai(3)-Destyn_Turtles' End of Combat Step
Phase: Ai(3)-Destyn_Turtles' Main phase, postcombat
Mana: Cinder Glade (218) - {T}: Add {R}.
Mana: Plains (290) - {T}: Add {W}.
Mana: Sodden Verdure (283) - {T}: Add {G}.
Mana: City of Brass (247) - {T}: Add one mana of any color.
Add To Stack: Ai(3)-Destyn_Turtles cast Casey Jones, Back Alley Brute
Add To Stack: Ai(3)-Destyn_Turtles triggered City of Brass
Damage: City of Brass (247) deals 1 non-combat damage to Ai(3)-Destyn_Turtles.
Life: Life: Ai(3)-Destyn_Turtles 37 > 36
Resolve Stack: Whenever City of Brass becomes tapped, it deals 1 damage to you. [Tapped: City of Brass (247)]
Resolve Stack: Casey Jones, Back Alley Brute - Creature 4 / 2
Phase: Ai(3)-Destyn_Turtles' End step
Phase: Ai(3)-Destyn_Turtles' Cleanup step
Turn: Turn 21 (Ai(4)-GGS_Slitter_diagnostic)
Phase: Ai(4)-GGS_Slitter_diagnostic's Untap step
Phase: Ai(4)-GGS_Slitter_diagnostic's Upkeep step
Phase: Ai(4)-GGS_Slitter_diagnostic's Draw step
Phase: Ai(4)-GGS_Slitter_diagnostic's Main phase, precombat
Mana: Raucous Theater (386) - {T}: Add {R}.
Add To Stack: Ai(4)-GGS_Slitter_diagnostic activated Skullclamp targeting [Kari Zev, Skyship Raider (396)]
Resolve Stack: Skullclamp (343) -  Attach to Kari Zev, Skyship Raider (396)
Phase: Ai(4)-GGS_Slitter_diagnostic's Beginning of Combat Step
Phase: Ai(4)-GGS_Slitter_diagnostic's Declare Attackers Step
Combat: Ai(4)-GGS_Slitter_diagnostic assigned Kari Zev, Skyship Raider (396) to attack Ai(1)-Jaymie_Ezio.
Add To Stack: Ai(4)-GGS_Slitter_diagnostic triggered Kari Zev, Skyship Raider
Resolve Stack: Whenever Kari Zev, Skyship Raider attacks, create Ragavan, a legendary 2/1 red Monkey creature token. Ragavan enters tapped and attacking. Exile that token at end of combat. [Attacker: Kari Zev, Skyship Raider (396)]
Mana: Undercity Sewers (306) - {T}: Add {U}.
Mana: City of Brass (339) - {T}: Add one mana of any color.
Add To Stack: Ai(4)-GGS_Slitter_diagnostic activated Ingenious Infiltrator
Add To Stack: Ai(4)-GGS_Slitter_diagnostic triggered City of Brass
Damage: City of Brass (339) deals 1 non-combat damage to Ai(4)-GGS_Slitter_diagnostic.
Life: Life: Ai(4)-GGS_Slitter_diagnostic 38 > 37
Resolve Stack: Whenever City of Brass becomes tapped, it deals 1 damage to you. [Tapped: City of Brass (339)]
Resolve Stack: Ingenious Infiltrator (330) - Ai(4)-GGS_Slitter_diagnostic puts Ingenious Infiltrator (330) from their hand onto the battlefield tapped and attacking.
Phase: Ai(4)-GGS_Slitter_diagnostic's Declare Blockers Step
Combat: Ai(1)-Jaymie_Ezio didn't block Kari Zev, Skyship Raider (396).
Combat: Ai(3)-Destyn_Turtles didn't block Ingenious Infiltrator (330).
Phase: Ai(4)-GGS_Slitter_diagnostic's First Strike Damage Step
Damage: Kari Zev, Skyship Raider (396) deals 2 combat damage to Ai(1)-Jaymie_Ezio.
Life: Life: Ai(1)-Jaymie_Ezio 36 > 34
Phase: Ai(4)-GGS_Slitter_diagnostic's Combat Damage Step
Damage: Ingenious Infiltrator (330) deals 2 combat damage to Ai(3)-Destyn_Turtles.
Life: Life: Ai(3)-Destyn_Turtles 36 > 34
Add To Stack: Ai(4)-GGS_Slitter_diagnostic triggered Ingenious Infiltrator
Resolve Stack: Whenever a Ninja you control deals combat damage to a player, draw a card. [Damage Source: Ingenious Infiltrator (330), Damaged: Ai(3)-Destyn_Turtles, Amount: 2]
Phase: Ai(4)-GGS_Slitter_diagnostic's End of Combat Step
Add To Stack: Ai(4)-GGS_Slitter_diagnostic triggered Kari Zev, Skyship Raider
Resolve Stack: Exile Ragavan (437) at the end of combat. ([Ragavan (437)]) [Phase: Ai(4)-GGS_Slitter_diagnostic]
Phase: Ai(4)-GGS_Slitter_diagnostic's Main phase, postcombat
Land: Ai(4)-GGS_Slitter_diagnostic played Takenuma, Abandoned Mire (387)
Phase: Ai(4)-GGS_Slitter_diagnostic's End step
Phase: Ai(4)-GGS_Slitter_diagnostic's Cleanup step
Turn: Turn 22 (Ai(1)-Jaymie_Ezio)
Phase: Ai(1)-Jaymie_Ezio's Untap step
Phase: Ai(1)-Jaymie_Ezio's Upkeep step
Phase: Ai(1)-Jaymie_Ezio's Draw step
Phase: Ai(1)-Jaymie_Ezio's Main phase, precombat
Phase: Ai(1)-Jaymie_Ezio's Beginning of Combat Step
Phase: Ai(1)-Jaymie_Ezio's Declare Attackers Step
Combat: Ai(1)-Jaymie_Ezio assigned Changeling Outcast (14) and Arno Dorian (24) to attack Ai(2)-Gabe_Food.
Phase: Ai(1)-Jaymie_Ezio's Declare Blockers Step
Combat: Ai(2)-Gabe_Food didn't block Changeling Outcast (14).
Ai(2)-Gabe_Food didn't block Arno Dorian (24).
Phase: Ai(1)-Jaymie_Ezio's First Strike Damage Step
Phase: Ai(1)-Jaymie_Ezio's Combat Damage Step
Damage: Changeling Outcast (14) deals 3 combat damage to Ai(2)-Gabe_Food.
Damage: Arno Dorian (24) deals 3 combat damage to Ai(2)-Gabe_Food.
Life: Life: Ai(2)-Gabe_Food 31 > 25
Add To Stack: Ai(1)-Jaymie_Ezio triggered Coastal Piracy
Add To Stack: Ai(1)-Jaymie_Ezio triggered Coastal Piracy
Resolve Stack: Whenever a creature you control deals combat damage to an opponent, you may draw a card. [Damage Source: Arno Dorian (24), Damaged: Ai(2)-Gabe_Food, Amount: 3]
Resolve Stack: Whenever a creature you control deals combat damage to an opponent, you may draw a card. [Damage Source: Changeling Outcast (14), Damaged: Ai(2)-Gabe_Food, Amount: 3]
Phase: Ai(1)-Jaymie_Ezio's End of Combat Step
Phase: Ai(1)-Jaymie_Ezio's Main phase, postcombat
Land: Ai(1)-Jaymie_Ezio played Forest (35)
Mana: Plains (89) - {T}: Add {W}.
Mana: Smoldering Marsh (71) - {T}: Add {R}.
Mana: Forest (35) - {T}: Add {G}.
Mana: Swamp (60) - {T}: Add {B}.
Add To Stack: Ai(1)-Jaymie_Ezio cast Aya of Alexandria
Resolve Stack: Aya of Alexandria - Creature 4 / 3
Mana: Command Tower (32) - {T}: Add one mana of any color in your commander's color identity.
Mana: Path of Ancestry (8) - {T}: Add one mana of any color in your commander's color identity. When that mana is spent to cast a creature spell that shares a creature type with your commander, scry 1. (Look at the top card of your library. You may put that card on the bottom.)
Mana: Thriving Grove (27) - {T}: Add {G} or one mana of the chosen color.
Add To Stack: Ai(1)-Jaymie_Ezio cast Shao Jun
Add To Stack: Ai(1)-Jaymie_Ezio triggered Path of Ancestry
Resolve Stack: Ai(1)-Jaymie_Ezio scried 1 card(s) to the bottom of the library
Resolve Stack: When mana produced by Path of Ancestry is spent to cast a creature spell that shares a creature type with your commander, scry 1. ([Shao Jun - Creature 3 / 3]) [Card: Shao Jun (82), Activator: Ai(1)-Jaymie_Ezio, SpellAbility: Shao Jun - Creature 3 / 3]
Resolve Stack: Shao Jun - Creature 3 / 3
Phase: Ai(1)-Jaymie_Ezio's End step
Phase: Ai(1)-Jaymie_Ezio's Cleanup step
Turn: Turn 23 (Ai(2)-Gabe_Food)
Phase: Ai(2)-Gabe_Food's Untap step
Phase: Ai(2)-Gabe_Food's Upkeep step
Phase: Ai(2)-Gabe_Food's Draw step
Phase: Ai(2)-Gabe_Food's Main phase, precombat
Mana: Forest (140) - {T}: Add {G}.
Mana: Swamp (163) - {T}: Add {B}.
Mana: Plains (190) - {T}: Add {W}.
Mana: Sunpetal Grove (167) - {T}: Add {G} or {W}.
Mana: Command Tower (131) - {T}: Add one mana of any color in your commander's color identity.
Mana: Prize Pig (130) - {T}: Add one mana of any color.
Add To Stack: Ai(2)-Gabe_Food cast Great Oak Guardian
Resolve Stack: Great Oak Guardian - Creature 4 / 5
Add To Stack: Ai(2)-Gabe_Food triggered Great Oak Guardian targeting [Ai(2)-Gabe_Food]
Resolve Stack: When Great Oak Guardian enters, creatures target player controls get +2/+2 until end of turn. Untap them. (Targeting: [[Ai(2)-Gabe_Food]]) [Zone Changer: Great Oak Guardian (122)]
Phase: Ai(2)-Gabe_Food's Beginning of Combat Step
Add To Stack: Ai(2)-Gabe_Food triggered Sam, Loyal Attendant
Resolve Stack: At the beginning of combat on your turn, create a Food token. (It's an artifact with "{2}, {T}, Sacrifice this token: You gain 3 life.") [Phase: Ai(2)-Gabe_Food]
Phase: Ai(2)-Gabe_Food's Declare Attackers Step
Phase: Ai(2)-Gabe_Food's Declare Blockers Step
Phase: Ai(2)-Gabe_Food's First Strike Damage Step
Phase: Ai(2)-Gabe_Food's Combat Damage Step
Phase: Ai(2)-Gabe_Food's End of Combat Step
Phase: Ai(2)-Gabe_Food's Main phase, postcombat
Phase: Ai(2)-Gabe_Food's End step
Phase: Ai(2)-Gabe_Food's Cleanup step
Turn: Turn 24 (Ai(3)-Destyn_Turtles)
Phase: Ai(3)-Destyn_Turtles' Untap step
Phase: Ai(3)-Destyn_Turtles' Upkeep step
Phase: Ai(3)-Destyn_Turtles' Draw step
Phase: Ai(3)-Destyn_Turtles' Main phase, precombat
Land: Ai(3)-Destyn_Turtles played Exotic Orchard (243)
Mana: Exotic Orchard (243) - {T}: Add one mana of any color that a land an opponent controls could produce.
Mana: Sodden Verdure (283) - {T}: Add {G}.
Mana: Plains (290) - {T}: Add {W}.
Mana: Sunken Hollow (226) - {T}: Add {B}.
Mana: Cinder Glade (218) - {T}: Add {G}.
Add To Stack: Ai(3)-Destyn_Turtles cast Acidic Slime
Resolve Stack: Acidic Slime - Creature 2 / 2
Add To Stack: Ai(3)-Destyn_Turtles triggered Acidic Slime targeting [Coastal Piracy (1)]
Zone Change: Coastal Piracy (1) was put into Graveyard from Battlefield.
Resolve Stack: When Acidic Slime enters, destroy target artifact, enchantment, or land. (Targeting: [[Coastal Piracy (1)]]) [Zone Changer: Acidic Slime (264)]
Phase: Ai(3)-Destyn_Turtles' Beginning of Combat Step
Phase: Ai(3)-Destyn_Turtles' Declare Attackers Step
Phase: Ai(3)-Destyn_Turtles' Declare Blockers Step
Phase: Ai(3)-Destyn_Turtles' First Strike Damage Step
Phase: Ai(3)-Destyn_Turtles' Combat Damage Step
Phase: Ai(3)-Destyn_Turtles' End of Combat Step
Phase: Ai(3)-Destyn_Turtles' Main phase, postcombat
Phase: Ai(3)-Destyn_Turtles' End step
Phase: Ai(3)-Destyn_Turtles' Cleanup step
Turn: Turn 25 (Ai(4)-GGS_Slitter_diagnostic)
Phase: Ai(4)-GGS_Slitter_diagnostic's Untap step
Phase: Ai(4)-GGS_Slitter_diagnostic's Upkeep step
Phase: Ai(4)-GGS_Slitter_diagnostic's Draw step
Phase: Ai(4)-GGS_Slitter_diagnostic's Main phase, precombat
Land: Ai(4)-GGS_Slitter_diagnostic played Command Beacon (364)
Phase: Ai(4)-GGS_Slitter_diagnostic's Beginning of Combat Step
Phase: Ai(4)-GGS_Slitter_diagnostic's Declare Attackers Step
Phase: Ai(4)-GGS_Slitter_diagnostic's Declare Blockers Step
Phase: Ai(4)-GGS_Slitter_diagnostic's First Strike Damage Step
Phase: Ai(4)-GGS_Slitter_diagnostic's Combat Damage Step
Phase: Ai(4)-GGS_Slitter_diagnostic's End of Combat Step
Phase: Ai(4)-GGS_Slitter_diagnostic's Main phase, postcombat
Mana: Raucous Theater (386) - {T}: Add {R}.
Mana: City of Brass (339) - {T}: Add one mana of any color.
Mana: Takenuma, Abandoned Mire (387) - {T}: Add {B}.
Mana: Undercity Sewers (306) - {T}: Add {B}.
Mana: Command Beacon (364) - {T}: Add {C}.
Add To Stack: Ai(4)-GGS_Slitter_diagnostic cast Draconic Visitor
Add To Stack: Ai(4)-GGS_Slitter_diagnostic triggered City of Brass
Damage: City of Brass (339) deals 1 non-combat damage to Ai(4)-GGS_Slitter_diagnostic.
Life: Life: Ai(4)-GGS_Slitter_diagnostic 37 > 36
Resolve Stack: Whenever City of Brass becomes tapped, it deals 1 damage to you. [Tapped: City of Brass (339)]
Resolve Stack: Draconic Visitor - Creature 5 / 5
Phase: Ai(4)-GGS_Slitter_diagnostic's End step
Phase: Ai(4)-GGS_Slitter_diagnostic's Cleanup step
Turn: Turn 26 (Ai(1)-Jaymie_Ezio)
Phase: Ai(1)-Jaymie_Ezio's Untap step
Phase: Ai(1)-Jaymie_Ezio's Upkeep step
Phase: Ai(1)-Jaymie_Ezio's Draw step
Phase: Ai(1)-Jaymie_Ezio's Main phase, precombat
Land: Ai(1)-Jaymie_Ezio played Shadowblood Ridge (55)
Phase: Ai(1)-Jaymie_Ezio's Beginning of Combat Step
Phase: Ai(1)-Jaymie_Ezio's Declare Attackers Step
Combat: Ai(1)-Jaymie_Ezio assigned Changeling Outcast (14), Aya of Alexandria (12), Shao Jun (82) and Arno Dorian (24) to attack Ai(2)-Gabe_Food.
Phase: Ai(1)-Jaymie_Ezio's Declare Blockers Step
Combat: Ai(2)-Gabe_Food didn't block Changeling Outcast (14).
Ai(2)-Gabe_Food assigned Prize Pig (130) and Great Oak Guardian (122) to block Aya of Alexandria (12).
Ai(2)-Gabe_Food didn't block Shao Jun (82).
Ai(2)-Gabe_Food didn't block Arno Dorian (24).
Phase: Ai(1)-Jaymie_Ezio's First Strike Damage Step
Damage: Shao Jun (82) deals 5 combat damage to Ai(2)-Gabe_Food.
Life: Life: Ai(2)-Gabe_Food 25 > 20
Add To Stack: Ai(1)-Jaymie_Ezio triggered Aya of Alexandria
Resolve Stack: Whenever a historic creature you control deals combat damage to a player, create a 1/1 black Assassin creature token with menace. (Artifacts, legendaries, and Sagas are historic.) [Damage Source: Shao Jun (82), Damaged: Ai(2)-Gabe_Food, Amount: 5]
Phase: Ai(1)-Jaymie_Ezio's Combat Damage Step
Damage: Changeling Outcast (14) deals 3 combat damage to Ai(2)-Gabe_Food.
Damage: Aya of Alexandria (12) deals 1 damage to Prize Pig (130).
Damage: Aya of Alexandria (12) deals 5 damage to Great Oak Guardian (122).
Life: Life: Ai(1)-Jaymie_Ezio 34 > 40
Damage: Arno Dorian (24) deals 3 combat damage to Ai(2)-Gabe_Food.
Damage: Great Oak Guardian (122) deals 4 damage to Aya of Alexandria (12).
Life: Life: Ai(2)-Gabe_Food 20 > 14
Zone Change: Aya of Alexandria (12) was put into Graveyard from Battlefield.
Zone Change: Great Oak Guardian (122) was put into Graveyard from Battlefield.
Add To Stack: Ai(1)-Jaymie_Ezio triggered Aya of Alexandria
Resolve Stack: Whenever a historic creature you control deals combat damage to a player, create a 1/1 black Assassin creature token with menace. (Artifacts, legendaries, and Sagas are historic.) [Damage Source: Arno Dorian (24), Damaged: Ai(2)-Gabe_Food, Amount: 3]
Phase: Ai(1)-Jaymie_Ezio's End of Combat Step
Phase: Ai(1)-Jaymie_Ezio's Main phase, postcombat
Mana: Command Tower (32) - {T}: Add one mana of any color in your commander's color identity.
Mana: Smoldering Marsh (71) - {T}: Add {R}.
Mana: Swamp (60) - {T}: Add {B}.
Mana: Forest (35) - {T}: Add {G}.
Mana: Plains (89) - {T}: Add {W}.
Add To Stack: Ai(1)-Jaymie_Ezio cast Edward Kenway
Resolve Stack: Edward Kenway - Creature 5 / 5
Mana: Thriving Grove (27) - {T}: Add {G} or one mana of the chosen color.
Mana: Path of Ancestry (8) - {T}: Add one mana of any color in your commander's color identity. When that mana is spent to cast a creature spell that shares a creature type with your commander, scry 1. (Look at the top card of your library. You may put that card on the bottom.)
Add To Stack: Ai(1)-Jaymie_Ezio cast Ezio Auditore da Firenze
Add To Stack: Ai(1)-Jaymie_Ezio triggered Path of Ancestry
Resolve Stack: Ai(1)-Jaymie_Ezio scried 1 card(s) to the top of the library
Resolve Stack: When mana produced by Path of Ancestry is spent to cast a creature spell that shares a creature type with your commander, scry 1. ([Ezio Auditore da Firenze - Creature 3 / 2]) [Card: Ezio Auditore da Firenze (100), Activator: Ai(1)-Jaymie_Ezio, SpellAbility: Ezio Auditore da Firenze - Creature 3 / 2]
Resolve Stack: Ezio Auditore da Firenze - Creature 3 / 2
Phase: Ai(1)-Jaymie_Ezio's End step
Add To Stack: Ai(1)-Jaymie_Ezio triggered Edward Kenway
Resolve Stack: At the beginning of your end step, create a Treasure token for each tapped Assassin, Pirate, and/or Vehicle you control. [Phase: Ai(1)-Jaymie_Ezio]
Phase: Ai(1)-Jaymie_Ezio's Cleanup step
Turn: Turn 27 (Ai(2)-Gabe_Food)
Phase: Ai(2)-Gabe_Food's Untap step
Phase: Ai(2)-Gabe_Food's Upkeep step
Phase: Ai(2)-Gabe_Food's Draw step
Phase: Ai(2)-Gabe_Food's Main phase, precombat
Phase: Ai(2)-Gabe_Food's Beginning of Combat Step
Add To Stack: Ai(2)-Gabe_Food triggered Sam, Loyal Attendant
Resolve Stack: At the beginning of combat on your turn, create a Food token. (It's an artifact with "{2}, {T}, Sacrifice this token: You gain 3 life.") [Phase: Ai(2)-Gabe_Food]
Phase: Ai(2)-Gabe_Food's Declare Attackers Step
Phase: Ai(2)-Gabe_Food's Declare Blockers Step
Phase: Ai(2)-Gabe_Food's First Strike Damage Step
Phase: Ai(2)-Gabe_Food's Combat Damage Step
Phase: Ai(2)-Gabe_Food's End of Combat Step
Phase: Ai(2)-Gabe_Food's Main phase, postcombat
Mana: Forest (140) - {T}: Add {G}.
Mana: Swamp (163) - {T}: Add {B}.
Mana: Plains (190) - {T}: Add {W}.
Mana: Sunpetal Grove (167) - {T}: Add {G} or {W}.
Mana: Command Tower (131) - {T}: Add one mana of any color in your commander's color identity.
Mana: Prize Pig (130) - {T}: Add one mana of any color.
Add To Stack: Ai(2)-Gabe_Food cast Generous Ent
Resolve Stack: Generous Ent - Creature 5 / 7
Add To Stack: Ai(2)-Gabe_Food triggered Generous Ent
Resolve Stack: When Generous Ent enters, create a Food token. (It's an artifact with "{2}, {T}, Sacrifice this token: You gain 3 life.") [Zone Changer: Generous Ent (177)]
Phase: Ai(2)-Gabe_Food's End step
Phase: Ai(2)-Gabe_Food's Cleanup step
Turn: Turn 28 (Ai(3)-Destyn_Turtles)
Phase: Ai(3)-Destyn_Turtles' Untap step
Phase: Ai(3)-Destyn_Turtles' Upkeep step
Phase: Ai(3)-Destyn_Turtles' Draw step
Phase: Ai(3)-Destyn_Turtles' Main phase, precombat
Phase: Ai(3)-Destyn_Turtles' Beginning of Combat Step
Phase: Ai(3)-Destyn_Turtles' Declare Attackers Step
Phase: Ai(3)-Destyn_Turtles' Declare Blockers Step
Phase: Ai(3)-Destyn_Turtles' First Strike Damage Step
Phase: Ai(3)-Destyn_Turtles' Combat Damage Step
Phase: Ai(3)-Destyn_Turtles' End of Combat Step
Phase: Ai(3)-Destyn_Turtles' Main phase, postcombat
Replacement Effect: Thriving Grove enters tapped.
Replacement Effect: As Thriving Grove enters, choose a color other than green.
Land: Ai(3)-Destyn_Turtles played Thriving Grove (227)
Mana: Plains (290) - {T}: Add {W}.
Mana: Exotic Orchard (243) - {T}: Add one mana of any color that a land an opponent controls could produce.
Mana: Sunken Hollow (226) - {T}: Add {B}.
Mana: Cinder Glade (218) - {T}: Add {G}.
Add To Stack: Ai(3)-Destyn_Turtles cast Leonardo, the Balance
Resolve Stack: Leonardo, the Balance - Creature 3 / 3
Phase: Ai(3)-Destyn_Turtles' End step
Phase: Ai(3)-Destyn_Turtles' Cleanup step
Turn: Turn 29 (Ai(4)-GGS_Slitter_diagnostic)
Phase: Ai(4)-GGS_Slitter_diagnostic's Untap step
Phase: Ai(4)-GGS_Slitter_diagnostic's Upkeep step
Phase: Ai(4)-GGS_Slitter_diagnostic's Draw step
Phase: Ai(4)-GGS_Slitter_diagnostic's Main phase, precombat
Phase: Ai(4)-GGS_Slitter_diagnostic's Beginning of Combat Step
Phase: Ai(4)-GGS_Slitter_diagnostic's Declare Attackers Step
Combat: Ai(4)-GGS_Slitter_diagnostic assigned Draconic Visitor (318) to attack Ai(1)-Jaymie_Ezio.
Phase: Ai(4)-GGS_Slitter_diagnostic's Declare Blockers Step
Combat: Ai(1)-Jaymie_Ezio didn't block Draconic Visitor (318).
Phase: Ai(4)-GGS_Slitter_diagnostic's First Strike Damage Step
Phase: Ai(4)-GGS_Slitter_diagnostic's Combat Damage Step
Damage: Draconic Visitor (318) deals 5 combat damage to Ai(1)-Jaymie_Ezio.
Life: Life: Ai(1)-Jaymie_Ezio 40 > 35
Phase: Ai(4)-GGS_Slitter_diagnostic's End of Combat Step
Phase: Ai(4)-GGS_Slitter_diagnostic's Main phase, postcombat
Mana: Undercity Sewers (306) - {T}: Add {U}.
Mana: City of Brass (339) - {T}: Add one mana of any color.
Mana: Takenuma, Abandoned Mire (387) - {T}: Add {B}.
Mana: Raucous Theater (386) - {T}: Add {R}.
Mana: Command Beacon (364) - {T}: Add {C}.
Add To Stack: Ai(4)-GGS_Slitter_diagnostic cast Kindred Discovery
Add To Stack: Ai(4)-GGS_Slitter_diagnostic triggered City of Brass
Damage: City of Brass (339) deals 1 non-combat damage to Ai(4)-GGS_Slitter_diagnostic.
Life: Life: Ai(4)-GGS_Slitter_diagnostic 36 > 35
Resolve Stack: Whenever City of Brass becomes tapped, it deals 1 damage to you. [Tapped: City of Brass (339)]
Replacement Effect: As Kindred Discovery enters, choose a creature type.
Resolve Stack: Kindred Discovery
Phase: Ai(4)-GGS_Slitter_diagnostic's End step
Add To Stack: Ai(1)-Jaymie_Ezio activated Shao Jun
Damage: Shao Jun (82) deals 1 non-combat damage to Ai(2)-Gabe_Food.
Damage: Shao Jun (82) deals 1 non-combat damage to Ai(3)-Destyn_Turtles.
Damage: Shao Jun (82) deals 1 non-combat damage to Ai(4)-GGS_Slitter_diagnostic.
Life: Life: Ai(2)-Gabe_Food 14 > 13
Life: Life: Ai(3)-Destyn_Turtles 34 > 33
Life: Life: Ai(4)-GGS_Slitter_diagnostic 35 > 34
Resolve Stack: Shao Jun (82) - Shao Jun (82) deals 1 damage to Ai(2)-Gabe_Food, Ai(3)-Destyn_Turtles and Ai(4)-GGS_Slitter_diagnostic.
Phase: Ai(4)-GGS_Slitter_diagnostic's Cleanup step
Turn: Turn 30 (Ai(1)-Jaymie_Ezio)
Phase: Ai(1)-Jaymie_Ezio's Untap step
Phase: Ai(1)-Jaymie_Ezio's Upkeep step
Phase: Ai(1)-Jaymie_Ezio's Draw step
Mana: Plains (89) - {T}: Add {W}.
Add To Stack: Ai(1)-Jaymie_Ezio cast Swords to Plowshares targeting [Generous Ent (177)]
Zone Change: Generous Ent (177) was put into Exile from Battlefield.
Life: Life: Ai(2)-Gabe_Food 13 > 18
Resolve Stack: Swords to Plowshares (83) - Exile Generous Ent (177). Ai(2)-Gabe_Food gains life equal to its power.
Add To Stack: Ai(2)-Gabe_Food triggered Well of Lost Dreams
Add To Stack: Ai(2)-Gabe_Food triggered Prize Pig
Resolve Stack: Whenever you gain life, put that many ribbon counters on Prize Pig. Then if there are three or more ribbon counters on Prize Pig, remove those counters and untap it. [Player: Ai(2)-Gabe_Food, Gained Amount: 5]
Resolve Stack: Whenever you gain life, you may pay {X}, where X is less than or equal to the amount of life you gained. If you do, draw X cards. [Player: Ai(2)-Gabe_Food, Gained Amount: 5]
Phase: Ai(1)-Jaymie_Ezio's Main phase, precombat
Phase: Ai(1)-Jaymie_Ezio's Beginning of Combat Step
Phase: Ai(1)-Jaymie_Ezio's Declare Attackers Step
Combat: Ai(1)-Jaymie_Ezio assigned Changeling Outcast (14), Edward Kenway (5), Shao Jun (82) and Arno Dorian (24) to attack Ai(4)-GGS_Slitter_diagnostic.
Phase: Ai(1)-Jaymie_Ezio's Declare Blockers Step
Combat: Ai(4)-GGS_Slitter_diagnostic didn't block Changeling Outcast (14).
Ai(4)-GGS_Slitter_diagnostic didn't block Edward Kenway (5).
Ai(4)-GGS_Slitter_diagnostic didn't block Shao Jun (82).
Ai(4)-GGS_Slitter_diagnostic didn't block Arno Dorian (24).
Phase: Ai(1)-Jaymie_Ezio's First Strike Damage Step
Damage: Shao Jun (82) deals 5 combat damage to Ai(4)-GGS_Slitter_diagnostic.
Life: Life: Ai(4)-GGS_Slitter_diagnostic 34 > 29
Phase: Ai(1)-Jaymie_Ezio's Combat Damage Step
Damage: Changeling Outcast (14) deals 3 combat damage to Ai(4)-GGS_Slitter_diagnostic.
Damage: Edward Kenway (5) deals 7 combat damage to Ai(4)-GGS_Slitter_diagnostic.
Damage: Arno Dorian (24) deals 3 combat damage to Ai(4)-GGS_Slitter_diagnostic.
Life: Life: Ai(4)-GGS_Slitter_diagnostic 29 > 16
Phase: Ai(1)-Jaymie_Ezio's End of Combat Step
Phase: Ai(1)-Jaymie_Ezio's Main phase, postcombat
Replacement Effect: Submerged Boneyard enters tapped.
Land: Ai(1)-Jaymie_Ezio played Submerged Boneyard (30)
Mana: Command Tower (32) - {T}: Add one mana of any color in your commander's color identity.
Mana: Smoldering Marsh (71) - {T}: Add {R}.
Mana: Forest (35) - {T}: Add {G}.
Mana: Swamp (60) - {T}: Add {B}.
Add To Stack: Ai(1)-Jaymie_Ezio cast Annie Joins Up
Resolve Stack: Annie Joins Up
Add To Stack: Ai(1)-Jaymie_Ezio triggered Annie Joins Up targeting [Draconic Visitor (318)]
Damage: Annie Joins Up (23) deals 5 damage to Draconic Visitor (318).
Resolve Stack: When Annie Joins Up enters, it deals 5 damage to target creature or planeswalker an opponent controls. (Targeting: [[Draconic Visitor (318)]]) [Zone Changer: Annie Joins Up (23)]
Zone Change: Draconic Visitor (318) was put into Graveyard from Battlefield.
Mana: Path of Ancestry (8) - {T}: Add one mana of any color in your commander's color identity. When that mana is spent to cast a creature spell that shares a creature type with your commander, scry 1. (Look at the top card of your library. You may put that card on the bottom.)
Mana: Thriving Grove (27) - {T}: Add {G} or one mana of the chosen color.
Zone Change: Treasure Token (452) was put into Graveyard from Battlefield.
Mana: Treasure Token (452) - {T}, Sacrifice this token: Add one mana of any color.
Add To Stack: Ai(1)-Jaymie_Ezio cast Rooftop Bypass
Resolve Stack: Rooftop Bypass
Zone Change: Treasure Token (451) was put into Graveyard from Battlefield.
Mana: Treasure Token (451) - {T}, Sacrifice this token: Add one mana of any color.
Zone Change: Treasure Token (450) was put into Graveyard from Battlefield.
Mana: Treasure Token (450) - {T}, Sacrifice this token: Add one mana of any color.
Add To Stack: Ai(1)-Jaymie_Ezio cast Cover of Darkness
Replacement Effect: As Cover of Darkness enters, choose a creature type.
Resolve Stack: Cover of Darkness
Phase: Ai(1)-Jaymie_Ezio's End step
Add To Stack: Ai(1)-Jaymie_Ezio triggered Edward Kenway
Add To Stack: Ai(1)-Jaymie_Ezio triggered Edward Kenway
Resolve Stack: At the beginning of your end step, create a Treasure token for each tapped Assassin, Pirate, and/or Vehicle you control. [Phase: Ai(1)-Jaymie_Ezio]
Resolve Stack: At the beginning of your end step, create a Treasure token for each tapped Assassin, Pirate, and/or Vehicle you control. [Phase: Ai(1)-Jaymie_Ezio]
Phase: Ai(1)-Jaymie_Ezio's Cleanup step
Turn: Turn 31 (Ai(2)-Gabe_Food)
Phase: Ai(2)-Gabe_Food's Untap step
Phase: Ai(2)-Gabe_Food's Upkeep step
Phase: Ai(2)-Gabe_Food's Draw step
Phase: Ai(2)-Gabe_Food's Main phase, precombat
Land: Ai(2)-Gabe_Food played Forest (138)
Phase: Ai(2)-Gabe_Food's Beginning of Combat Step
Add To Stack: Ai(2)-Gabe_Food triggered Sam, Loyal Attendant
Resolve Stack: At the beginning of combat on your turn, create a Food token. (It's an artifact with "{2}, {T}, Sacrifice this token: You gain 3 life.") [Phase: Ai(2)-Gabe_Food]
Phase: Ai(2)-Gabe_Food's Declare Attackers Step
Phase: Ai(2)-Gabe_Food's Declare Blockers Step
Phase: Ai(2)-Gabe_Food's First Strike Damage Step
Phase: Ai(2)-Gabe_Food's Combat Damage Step
Phase: Ai(2)-Gabe_Food's End of Combat Step
Phase: Ai(2)-Gabe_Food's Main phase, postcombat
Mana: Forest (140) - {T}: Add {G}.
Mana: Forest (138) - {T}: Add {G}.
Mana: Swamp (163) - {T}: Add {B}.
Mana: Plains (190) - {T}: Add {W}.
Mana: Sunpetal Grove (167) - {T}: Add {G} or {W}.
Mana: Command Tower (131) - {T}: Add one mana of any color in your commander's color identity.
Add To Stack: Ai(2)-Gabe_Food cast Orchard Strider
Resolve Stack: Orchard Strider - Creature 6 / 4
Add To Stack: Ai(2)-Gabe_Food triggered Orchard Strider
Resolve Stack: When Orchard Strider enters, create two Food tokens. (They're artifacts with "{2}, {T}, Sacrifice this token: You gain 3 life.") [Zone Changer: Orchard Strider (153)]
Phase: Ai(2)-Gabe_Food's End step
Phase: Ai(2)-Gabe_Food's Cleanup step
Turn: Turn 32 (Ai(3)-Destyn_Turtles)
Phase: Ai(3)-Destyn_Turtles' Untap step
Phase: Ai(3)-Destyn_Turtles' Upkeep step
Phase: Ai(3)-Destyn_Turtles' Draw step
Phase: Ai(3)-Destyn_Turtles' Main phase, precombat
Land: Ai(3)-Destyn_Turtles played Fabled Passage (278)
Zone Change: Fabled Passage (278) was put into Graveyard from Battlefield.
Add To Stack: Ai(3)-Destyn_Turtles activated Fabled Passage
Resolve Stack: Fabled Passage (278) - Search your library for a basic land card, put it onto the battlefield tapped, then shuffle. Then if you control four or more lands, untap that land.  
Phase: Ai(3)-Destyn_Turtles' Beginning of Combat Step
Phase: Ai(3)-Destyn_Turtles' Declare Attackers Step
Phase: Ai(3)-Destyn_Turtles' Declare Blockers Step
Phase: Ai(3)-Destyn_Turtles' First Strike Damage Step
Phase: Ai(3)-Destyn_Turtles' Combat Damage Step
Phase: Ai(3)-Destyn_Turtles' End of Combat Step
Phase: Ai(3)-Destyn_Turtles' Main phase, postcombat
Mana: Exotic Orchard (243) - {T}: Add one mana of any color that a land an opponent controls could produce.
Mana: Plains (290) - {T}: Add {W}.
Mana: Plains (289) - {T}: Add {W}.
Add To Stack: Ai(3)-Destyn_Turtles cast Ray Fillet, Wave Warrior
Resolve Stack: Ray Fillet, Wave Warrior - Creature 0 / 2
Mana: Thriving Grove (227) - {T}: Add {G} or one mana of the chosen color.
Mana: Sodden Verdure (283) - {T}: Add {G}.
Mana: Sunken Hollow (226) - {T}: Add {B}.
Mana: Cinder Glade (218) - {T}: Add {G}.
Add To Stack: Ai(3)-Destyn_Turtles cast Harmonize
Resolve Stack: Harmonize (265) - Ai(3)-Destyn_Turtles draws three cards.
Phase: Ai(3)-Destyn_Turtles' End step
Phase: Ai(3)-Destyn_Turtles' Cleanup step
Turn: Turn 33 (Ai(4)-GGS_Slitter_diagnostic)
Phase: Ai(4)-GGS_Slitter_diagnostic's Untap step
Phase: Ai(4)-GGS_Slitter_diagnostic's Upkeep step
Phase: Ai(4)-GGS_Slitter_diagnostic's Draw step
Phase: Ai(4)-GGS_Slitter_diagnostic's Main phase, precombat
Mana: Raucous Theater (386) - {T}: Add {R}.
Mana: Takenuma, Abandoned Mire (387) - {T}: Add {B}.
Mana: Undercity Sewers (306) - {T}: Add {B}.
Mana: City of Brass (339) - {T}: Add one mana of any color.
Add To Stack: Ai(4)-GGS_Slitter_diagnostic cast Purphoros, God of the Forge
Add To Stack: Ai(4)-GGS_Slitter_diagnostic triggered City of Brass
Damage: City of Brass (339) deals 1 non-combat damage to Ai(4)-GGS_Slitter_diagnostic.
Life: Life: Ai(4)-GGS_Slitter_diagnostic 16 > 15
Resolve Stack: Whenever City of Brass becomes tapped, it deals 1 damage to you. [Tapped: City of Brass (339)]
Resolve Stack: Purphoros, God of the Forge - Creature 6 / 5
Phase: Ai(4)-GGS_Slitter_diagnostic's Beginning of Combat Step
Phase: Ai(4)-GGS_Slitter_diagnostic's Declare Attackers Step
Phase: Ai(4)-GGS_Slitter_diagnostic's Declare Blockers Step
Phase: Ai(4)-GGS_Slitter_diagnostic's First Strike Damage Step
Phase: Ai(4)-GGS_Slitter_diagnostic's Combat Damage Step
Phase: Ai(4)-GGS_Slitter_diagnostic's End of Combat Step
Phase: Ai(4)-GGS_Slitter_diagnostic's Main phase, postcombat
Phase: Ai(4)-GGS_Slitter_diagnostic's End step
Add To Stack: Ai(1)-Jaymie_Ezio activated Shao Jun
Damage: Shao Jun (82) deals 1 non-combat damage to Ai(2)-Gabe_Food.
Damage: Shao Jun (82) deals 1 non-combat damage to Ai(3)-Destyn_Turtles.
Damage: Shao Jun (82) deals 1 non-combat damage to Ai(4)-GGS_Slitter_diagnostic.
Life: Life: Ai(2)-Gabe_Food 18 > 17
Life: Life: Ai(3)-Destyn_Turtles 33 > 32
Life: Life: Ai(4)-GGS_Slitter_diagnostic 15 > 14
Resolve Stack: Shao Jun (82) - Shao Jun (82) deals 1 damage to Ai(2)-Gabe_Food, Ai(3)-Destyn_Turtles and Ai(4)-GGS_Slitter_diagnostic.
Add To Stack: Ai(1)-Jaymie_Ezio activated Shao Jun
Damage: Shao Jun (82) deals 1 non-combat damage to Ai(2)-Gabe_Food.
Damage: Shao Jun (82) deals 1 non-combat damage to Ai(3)-Destyn_Turtles.
Damage: Shao Jun (82) deals 1 non-combat damage to Ai(4)-GGS_Slitter_diagnostic.
Life: Life: Ai(2)-Gabe_Food 17 > 16
Life: Life: Ai(3)-Destyn_Turtles 32 > 31
Life: Life: Ai(4)-GGS_Slitter_diagnostic 14 > 13
Resolve Stack: Shao Jun (82) - Shao Jun (82) deals 1 damage to Ai(2)-Gabe_Food, Ai(3)-Destyn_Turtles and Ai(4)-GGS_Slitter_diagnostic.
Add To Stack: Ai(1)-Jaymie_Ezio activated Shao Jun
Damage: Shao Jun (82) deals 1 non-combat damage to Ai(2)-Gabe_Food.
Damage: Shao Jun (82) deals 1 non-combat damage to Ai(3)-Destyn_Turtles.
Damage: Shao Jun (82) deals 1 non-combat damage to Ai(4)-GGS_Slitter_diagnostic.
Life: Life: Ai(2)-Gabe_Food 16 > 15
Life: Life: Ai(3)-Destyn_Turtles 31 > 30
Life: Life: Ai(4)-GGS_Slitter_diagnostic 13 > 12
Resolve Stack: Shao Jun (82) - Shao Jun (82) deals 1 damage to Ai(2)-Gabe_Food, Ai(3)-Destyn_Turtles and Ai(4)-GGS_Slitter_diagnostic.
Add To Stack: Ai(1)-Jaymie_Ezio activated Shao Jun
Damage: Shao Jun (82) deals 1 non-combat damage to Ai(2)-Gabe_Food.
Damage: Shao Jun (82) deals 1 non-combat damage to Ai(3)-Destyn_Turtles.
Damage: Shao Jun (82) deals 1 non-combat damage to Ai(4)-GGS_Slitter_diagnostic.
Life: Life: Ai(2)-Gabe_Food 15 > 14
Life: Life: Ai(3)-Destyn_Turtles 30 > 29
Life: Life: Ai(4)-GGS_Slitter_diagnostic 12 > 11
Resolve Stack: Shao Jun (82) - Shao Jun (82) deals 1 damage to Ai(2)-Gabe_Food, Ai(3)-Destyn_Turtles and Ai(4)-GGS_Slitter_diagnostic.
Phase: Ai(4)-GGS_Slitter_diagnostic's Cleanup step
Turn: Turn 34 (Ai(1)-Jaymie_Ezio)
Phase: Ai(1)-Jaymie_Ezio's Untap step
Phase: Ai(1)-Jaymie_Ezio's Upkeep step
Phase: Ai(1)-Jaymie_Ezio's Draw step
Phase: Ai(1)-Jaymie_Ezio's Main phase, precombat
Land: Ai(1)-Jaymie_Ezio played Kessig Wolf Run (4)
Phase: Ai(1)-Jaymie_Ezio's Beginning of Combat Step
Phase: Ai(1)-Jaymie_Ezio's Declare Attackers Step
Combat: Ai(1)-Jaymie_Ezio assigned Edward Kenway (5), Shao Jun (82), Ezio Auditore da Firenze (100), Assassin Initiate (51), Changeling Outcast (14), Arno Dorian (24), Assassin Token (444) and Assassin Token (447) to attack Ai(2)-Gabe_Food.
Mana: Prize Pig (130) - {T}: Add one mana of any color.
Zone Change: Food Token (407) was put into Graveyard from Battlefield.
Add To Stack: Ai(2)-Gabe_Food activated Food Token
Life: Life: Ai(2)-Gabe_Food 14 > 17
Resolve Stack: Food Token (407) - Ai(2)-Gabe_Food gains 3 life.
Add To Stack: Ai(2)-Gabe_Food triggered Well of Lost Dreams
Add To Stack: Ai(2)-Gabe_Food triggered Prize Pig
Resolve Stack: Whenever you gain life, put that many ribbon counters on Prize Pig. Then if there are three or more ribbon counters on Prize Pig, remove those counters and untap it. [Player: Ai(2)-Gabe_Food, Gained Amount: 3]
Resolve Stack: Whenever you gain life, you may pay {X}, where X is less than or equal to the amount of life you gained. If you do, draw X cards. [Player: Ai(2)-Gabe_Food, Gained Amount: 3]
Mana: Prize Pig (130) - {T}: Add one mana of any color.
Zone Change: Food Token (411) was put into Graveyard from Battlefield.
Add To Stack: Ai(2)-Gabe_Food activated Food Token
Life: Life: Ai(2)-Gabe_Food 17 > 20
Resolve Stack: Food Token (411) - Ai(2)-Gabe_Food gains 3 life.
Add To Stack: Ai(2)-Gabe_Food triggered Well of Lost Dreams
Add To Stack: Ai(2)-Gabe_Food triggered Prize Pig
Resolve Stack: Whenever you gain life, put that many ribbon counters on Prize Pig. Then if there are three or more ribbon counters on Prize Pig, remove those counters and untap it. [Player: Ai(2)-Gabe_Food, Gained Amount: 3]
Resolve Stack: Whenever you gain life, you may pay {X}, where X is less than or equal to the amount of life you gained. If you do, draw X cards. [Player: Ai(2)-Gabe_Food, Gained Amount: 3]
Mana: Prize Pig (130) - {T}: Add one mana of any color.
Zone Change: Food Token (434) was put into Graveyard from Battlefield.
Add To Stack: Ai(2)-Gabe_Food activated Food Token
Life: Life: Ai(2)-Gabe_Food 20 > 23
Resolve Stack: Food Token (434) - Ai(2)-Gabe_Food gains 3 life.
Add To Stack: Ai(2)-Gabe_Food triggered Well of Lost Dreams
Add To Stack: Ai(2)-Gabe_Food triggered Prize Pig
Resolve Stack: Whenever you gain life, put that many ribbon counters on Prize Pig. Then if there are three or more ribbon counters on Prize Pig, remove those counters and untap it. [Player: Ai(2)-Gabe_Food, Gained Amount: 3]
Resolve Stack: Whenever you gain life, you may pay {X}, where X is less than or equal to the amount of life you gained. If you do, draw X cards. [Player: Ai(2)-Gabe_Food, Gained Amount: 3]
Mana: Prize Pig (130) - {T}: Add one mana of any color.
Zone Change: Food Token (440) was put into Graveyard from Battlefield.
Add To Stack: Ai(2)-Gabe_Food activated Food Token
Life: Life: Ai(2)-Gabe_Food 23 > 26
Resolve Stack: Food Token (440) - Ai(2)-Gabe_Food gains 3 life.
Add To Stack: Ai(2)-Gabe_Food triggered Well of Lost Dreams
Add To Stack: Ai(2)-Gabe_Food triggered Prize Pig
Resolve Stack: Whenever you gain life, put that many ribbon counters on Prize Pig. Then if there are three or more ribbon counters on Prize Pig, remove those counters and untap it. [Player: Ai(2)-Gabe_Food, Gained Amount: 3]
Resolve Stack: Whenever you gain life, you may pay {X}, where X is less than or equal to the amount of life you gained. If you do, draw X cards. [Player: Ai(2)-Gabe_Food, Gained Amount: 3]
Mana: Prize Pig (130) - {T}: Add one mana of any color.
Zone Change: Food Token (455) was put into Graveyard from Battlefield.
Add To Stack: Ai(2)-Gabe_Food activated Food Token
Life: Life: Ai(2)-Gabe_Food 26 > 29
Resolve Stack: Food Token (455) - Ai(2)-Gabe_Food gains 3 life.
Add To Stack: Ai(2)-Gabe_Food triggered Well of Lost Dreams
Add To Stack: Ai(2)-Gabe_Food triggered Prize Pig
Resolve Stack: Whenever you gain life, put that many ribbon counters on Prize Pig. Then if there are three or more ribbon counters on Prize Pig, remove those counters and untap it. [Player: Ai(2)-Gabe_Food, Gained Amount: 3]
Resolve Stack: Whenever you gain life, you may pay {X}, where X is less than or equal to the amount of life you gained. If you do, draw X cards. [Player: Ai(2)-Gabe_Food, Gained Amount: 3]
Mana: Prize Pig (130) - {T}: Add one mana of any color.
Zone Change: Food Token (459) was put into Graveyard from Battlefield.
Add To Stack: Ai(2)-Gabe_Food activated Food Token
Life: Life: Ai(2)-Gabe_Food 29 > 32
Resolve Stack: Food Token (459) - Ai(2)-Gabe_Food gains 3 life.
Add To Stack: Ai(2)-Gabe_Food triggered Well of Lost Dreams
Add To Stack: Ai(2)-Gabe_Food triggered Prize Pig
Resolve Stack: Whenever you gain life, put that many ribbon counters on Prize Pig. Then if there are three or more ribbon counters on Prize Pig, remove those counters and untap it. [Player: Ai(2)-Gabe_Food, Gained Amount: 3]
Resolve Stack: Whenever you gain life, you may pay {X}, where X is less than or equal to the amount of life you gained. If you do, draw X cards. [Player: Ai(2)-Gabe_Food, Gained Amount: 3]
Mana: Prize Pig (130) - {T}: Add one mana of any color.
Zone Change: Food Token (475) was put into Graveyard from Battlefield.
Add To Stack: Ai(2)-Gabe_Food activated Food Token
Life: Life: Ai(2)-Gabe_Food 32 > 35
Resolve Stack: Food Token (475) - Ai(2)-Gabe_Food gains 3 life.
Add To Stack: Ai(2)-Gabe_Food triggered Well of Lost Dreams
Add To Stack: Ai(2)-Gabe_Food triggered Prize Pig
Resolve Stack: Whenever you gain life, put that many ribbon counters on Prize Pig. Then if there are three or more ribbon counters on Prize Pig, remove those counters and untap it. [Player: Ai(2)-Gabe_Food, Gained Amount: 3]
Resolve Stack: Whenever you gain life, you may pay {X}, where X is less than or equal to the amount of life you gained. If you do, draw X cards. [Player: Ai(2)-Gabe_Food, Gained Amount: 3]
Mana: Prize Pig (130) - {T}: Add one mana of any color.
Zone Change: Food Token (479) was put into Graveyard from Battlefield.
Add To Stack: Ai(2)-Gabe_Food activated Food Token
Life: Life: Ai(2)-Gabe_Food 35 > 38
Resolve Stack: Food Token (479) - Ai(2)-Gabe_Food gains 3 life.
Add To Stack: Ai(2)-Gabe_Food triggered Well of Lost Dreams
Add To Stack: Ai(2)-Gabe_Food triggered Prize Pig
Resolve Stack: Whenever you gain life, put that many ribbon counters on Prize Pig. Then if there are three or more ribbon counters on Prize Pig, remove those counters and untap it. [Player: Ai(2)-Gabe_Food, Gained Amount: 3]
Resolve Stack: Whenever you gain life, you may pay {X}, where X is less than or equal to the amount of life you gained. If you do, draw X cards. [Player: Ai(2)-Gabe_Food, Gained Amount: 3]
Phase: Ai(1)-Jaymie_Ezio's Declare Blockers Step
Combat: Ai(2)-Gabe_Food didn't block Edward Kenway (5).
Ai(2)-Gabe_Food didn't block Shao Jun (82).
Ai(2)-Gabe_Food didn't block Ezio Auditore da Firenze (100).
Ai(2)-Gabe_Food didn't block Assassin Initiate (51).
Ai(2)-Gabe_Food didn't block Changeling Outcast (14).
Ai(2)-Gabe_Food didn't block Arno Dorian (24).
Ai(2)-Gabe_Food didn't block Assassin Token (444).
Ai(2)-Gabe_Food didn't block Assassin Token (447).
Mana: Smoldering Marsh (71) - {T}: Add {R}.
Mana: Forest (35) - {T}: Add {G}.
Mana: Plains (89) - {T}: Add {W}.
Mana: Swamp (60) - {T}: Add {B}.
Mana: Thriving Grove (27) - {T}: Add {G} or one mana of the chosen color.
Mana: Submerged Boneyard (30) - {T}: Add {U} or {B}.
Mana: Command Tower (32) - {T}: Add one mana of any color in your commander's color identity.
Mana: Path of Ancestry (8) - {T}: Add one mana of any color in your commander's color identity. When that mana is spent to cast a creature spell that shares a creature type with your commander, scry 1. (Look at the top card of your library. You may put that card on the bottom.)
Zone Change: Treasure Token (472) was put into Graveyard from Battlefield.
Mana: Treasure Token (472) - {T}, Sacrifice this token: Add one mana of any color.
Zone Change: Treasure Token (471) was put into Graveyard from Battlefield.
Mana: Treasure Token (471) - {T}, Sacrifice this token: Add one mana of any color.
Zone Change: Treasure Token (470) was put into Graveyard from Battlefield.
Mana: Treasure Token (470) - {T}, Sacrifice this token: Add one mana of any color.
Zone Change: Treasure Token (469) was put into Graveyard from Battlefield.
Mana: Treasure Token (469) - {T}, Sacrifice this token: Add one mana of any color.
Zone Change: Treasure Token (467) was put into Graveyard from Battlefield.
Mana: Treasure Token (467) - {T}, Sacrifice this token: Add one mana of any color.
Zone Change: Treasure Token (466) was put into Graveyard from Battlefield.
Mana: Treasure Token (466) - {T}, Sacrifice this token: Add one mana of any color.
Zone Change: Treasure Token (465) was put into Graveyard from Battlefield.
Mana: Treasure Token (465) - {T}, Sacrifice this token: Add one mana of any color.
Zone Change: Treasure Token (464) was put into Graveyard from Battlefield.
Mana: Treasure Token (464) - {T}, Sacrifice this token: Add one mana of any color.
Add To Stack: Ai(1)-Jaymie_Ezio activated Kessig Wolf Run targeting [Shao Jun (82)]
Resolve Stack: Kessig Wolf Run (4) - Shao Jun (82) gets +14/+0 and gains trample until end of turn. (X=14)
Mana: Prize Pig (130) - {T}: Add one mana of any color.
Zone Change: Food Token (480) was put into Graveyard from Battlefield.
Add To Stack: Ai(2)-Gabe_Food activated Food Token
Life: Life: Ai(2)-Gabe_Food 38 > 41
Resolve Stack: Food Token (480) - Ai(2)-Gabe_Food gains 3 life.
Add To Stack: Ai(2)-Gabe_Food triggered Well of Lost Dreams
Add To Stack: Ai(2)-Gabe_Food triggered Prize Pig
Resolve Stack: Whenever you gain life, put that many ribbon counters on Prize Pig. Then if there are three or more ribbon counters on Prize Pig, remove those counters and untap it. [Player: Ai(2)-Gabe_Food, Gained Amount: 3]
Resolve Stack: Whenever you gain life, you may pay {X}, where X is less than or equal to the amount of life you gained. If you do, draw X cards. [Player: Ai(2)-Gabe_Food, Gained Amount: 3]
Phase: Ai(1)-Jaymie_Ezio's First Strike Damage Step
Damage: Shao Jun (82) deals 19 combat damage to Ai(2)-Gabe_Food.
Life: Life: Ai(2)-Gabe_Food 41 > 22
Add To Stack: Ai(1)-Jaymie_Ezio triggered Rooftop Bypass
Resolve Stack: Whenever one or more nontoken creatures you control deal combat damage to a player, create a 1/1 black Assassin creature token with menace. (It can't be blocked except by two or more creatures.) [Damaged: Ai(2)-Gabe_Food, Amount: 19]
Phase: Ai(1)-Jaymie_Ezio's Combat Damage Step
Damage: Edward Kenway (5) deals 7 combat damage to Ai(2)-Gabe_Food.
Damage: Ezio Auditore da Firenze (100) deals 5 combat damage to Ai(2)-Gabe_Food.
Damage: Assassin Initiate (51) deals 3 combat damage to Ai(2)-Gabe_Food.
Damage: Changeling Outcast (14) deals 3 combat damage to Ai(2)-Gabe_Food.
Damage: Arno Dorian (24) deals 3 combat damage to Ai(2)-Gabe_Food.
Damage: Assassin Token (444) deals 3 combat damage to Ai(2)-Gabe_Food.
Damage: Assassin Token (447) deals 3 combat damage to Ai(2)-Gabe_Food.
Life: Life: Ai(2)-Gabe_Food 22 > -5
Add To Stack: Ai(1)-Jaymie_Ezio triggered Ezio Auditore da Firenze
Add To Stack: Ai(1)-Jaymie_Ezio triggered Ezio Auditore da Firenze
Add To Stack: Ai(1)-Jaymie_Ezio triggered Rooftop Bypass
Resolve Stack: Whenever one or more nontoken creatures you control deal combat damage to a player, create a 1/1 black Assassin creature token with menace. (It can't be blocked except by two or more creatures.) [Damaged: Ai(2)-Gabe_Food, Amount: 21]
Resolve Stack: Whenever Ezio deals combat damage to a player, you may pay {W}{U}{B}{R}{G} if that player has 10 or less life. When you do, that player loses the game. [Damage Source: Ezio Auditore da Firenze (100), Damaged: Ai(2)-Gabe_Food, Amount: 5]
Resolve Stack: Whenever Ezio deals combat damage to a player, you may pay {W}{U}{B}{R}{G} if that player has 10 or less life. When you do, that player loses the game. [Damage Source: Ezio Auditore da Firenze (100), Damaged: Ai(2)-Gabe_Food, Amount: 5]
Phase: Ai(1)-Jaymie_Ezio's End of Combat Step
Phase: Ai(1)-Jaymie_Ezio's Main phase, postcombat
Phase: Ai(1)-Jaymie_Ezio's End step
Add To Stack: Ai(1)-Jaymie_Ezio triggered Edward Kenway
Add To Stack: Ai(1)-Jaymie_Ezio triggered Edward Kenway
Resolve Stack: At the beginning of your end step, create a Treasure token for each tapped Assassin, Pirate, and/or Vehicle you control. [Phase: Ai(1)-Jaymie_Ezio]
Resolve Stack: At the beginning of your end step, create a Treasure token for each tapped Assassin, Pirate, and/or Vehicle you control. [Phase: Ai(1)-Jaymie_Ezio]
Phase: Ai(1)-Jaymie_Ezio's Cleanup step
Turn: Turn 35 (Ai(3)-Destyn_Turtles)
Phase: Ai(3)-Destyn_Turtles' Untap step
Phase: Ai(3)-Destyn_Turtles' Upkeep step
Phase: Ai(3)-Destyn_Turtles' Draw step
Phase: Ai(3)-Destyn_Turtles' Main phase, precombat
Replacement Effect: Smoldering Marsh enters tapped unless you control two or more basic lands.
Land: Ai(3)-Destyn_Turtles played Smoldering Marsh (270)
Mana: Exotic Orchard (243) - {T}: Add one mana of any color that a land an opponent controls could produce.
Mana: Thriving Grove (227) - {T}: Add {G} or one mana of the chosen color.
Mana: Plains (290) - {T}: Add {W}.
Mana: Plains (289) - {T}: Add {W}.
Mana: Smoldering Marsh (270) - {T}: Add {R}.
Add To Stack: Ai(3)-Destyn_Turtles cast Biogenic Ooze
Resolve Stack: Biogenic Ooze - Creature 2 / 2
Add To Stack: Ai(3)-Destyn_Turtles triggered Ray Fillet, Wave Warrior
Add To Stack: Ai(3)-Destyn_Turtles triggered Biogenic Ooze
Resolve Stack: When Biogenic Ooze enters, create a 2/2 green Ooze creature token. [Zone Changer: Biogenic Ooze (267)]
Add To Stack: Ai(3)-Destyn_Turtles triggered Leonardo, the Balance
Add To Stack: Ai(3)-Destyn_Turtles triggered Ray Fillet, Wave Warrior
Resolve Stack: Evolve (Whenever a creature you control enters, if that creature has greater power or toughness than this creature, put a +1/+1 counter on this creature.) [Zone Changer: Ooze Token (510)]
Add To Stack: Ai(3)-Destyn_Turtles triggered Casey Jones, Back Alley Brute targeting [Ai(4)-GGS_Slitter_diagnostic]
Damage: Casey Jones, Back Alley Brute (208) deals 1 non-combat damage to Ai(4)-GGS_Slitter_diagnostic.
Life: Life: Ai(4)-GGS_Slitter_diagnostic 11 > 10
Resolve Stack: Whenever you put one or more +1/+1 counters on a creature you control, Casey Jones deals that much damage to target opponent. (Targeting: [[Ai(4)-GGS_Slitter_diagnostic]]) [Added once: Ray Fillet, Wave Warrior (269) Amount: 1]
Resolve Stack: Whenever a token you control enters, you may put a +1/+1 counter on each creature you control. Do this only once each turn. [Zone Changer: Ooze Token (510)]
Add To Stack: Ai(3)-Destyn_Turtles triggered Casey Jones, Back Alley Brute targeting [Ai(4)-GGS_Slitter_diagnostic]
Add To Stack: Ai(3)-Destyn_Turtles triggered Casey Jones, Back Alley Brute targeting [Ai(4)-GGS_Slitter_diagnostic]
Add To Stack: Ai(3)-Destyn_Turtles triggered Casey Jones, Back Alley Brute targeting [Ai(4)-GGS_Slitter_diagnostic]
Add To Stack: Ai(3)-Destyn_Turtles triggered Casey Jones, Back Alley Brute targeting [Ai(4)-GGS_Slitter_diagnostic]
Add To Stack: Ai(3)-Destyn_Turtles triggered Casey Jones, Back Alley Brute targeting [Ai(4)-GGS_Slitter_diagnostic]
Add To Stack: Ai(3)-Destyn_Turtles triggered Casey Jones, Back Alley Brute targeting [Ai(4)-GGS_Slitter_diagnostic]
Add To Stack: Ai(3)-Destyn_Turtles triggered Casey Jones, Back Alley Brute targeting [Ai(4)-GGS_Slitter_diagnostic]
Damage: Casey Jones, Back Alley Brute (208) deals 1 non-combat damage to Ai(4)-GGS_Slitter_diagnostic.
Life: Life: Ai(4)-GGS_Slitter_diagnostic 10 > 9
Resolve Stack: Whenever you put one or more +1/+1 counters on a creature you control, Casey Jones deals that much damage to target opponent. (Targeting: [[Ai(4)-GGS_Slitter_diagnostic]]) [Added once: Ooze Token (510) Amount: 1]
Damage: Casey Jones, Back Alley Brute (208) deals 1 non-combat damage to Ai(4)-GGS_Slitter_diagnostic.
Life: Life: Ai(4)-GGS_Slitter_diagnostic 9 > 8
Resolve Stack: Whenever you put one or more +1/+1 counters on a creature you control, Casey Jones deals that much damage to target opponent. (Targeting: [[Ai(4)-GGS_Slitter_diagnostic]]) [Added once: Biogenic Ooze (267) Amount: 1]
Damage: Casey Jones, Back Alley Brute (208) deals 1 non-combat damage to Ai(4)-GGS_Slitter_diagnostic.
Life: Life: Ai(4)-GGS_Slitter_diagnostic 8 > 7
Resolve Stack: Whenever you put one or more +1/+1 counters on a creature you control, Casey Jones deals that much damage to target opponent. (Targeting: [[Ai(4)-GGS_Slitter_diagnostic]]) [Added once: Ray Fillet, Wave Warrior (269) Amount: 1]
Damage: Casey Jones, Back Alley Brute (208) deals 1 non-combat damage to Ai(4)-GGS_Slitter_diagnostic.
Life: Life: Ai(4)-GGS_Slitter_diagnostic 7 > 6
Resolve Stack: Whenever you put one or more +1/+1 counters on a creature you control, Casey Jones deals that much damage to target opponent. (Targeting: [[Ai(4)-GGS_Slitter_diagnostic]]) [Added once: Leonardo, the Balance (303) Amount: 1]
Damage: Casey Jones, Back Alley Brute (208) deals 1 non-combat damage to Ai(4)-GGS_Slitter_diagnostic.
Life: Life: Ai(4)-GGS_Slitter_diagnostic 6 > 5
Resolve Stack: Whenever you put one or more +1/+1 counters on a creature you control, Casey Jones deals that much damage to target opponent. (Targeting: [[Ai(4)-GGS_Slitter_diagnostic]]) [Added once: Acidic Slime (264) Amount: 1]
Damage: Casey Jones, Back Alley Brute (208) deals 1 non-combat damage to Ai(4)-GGS_Slitter_diagnostic.
Life: Life: Ai(4)-GGS_Slitter_diagnostic 5 > 4
Resolve Stack: Whenever you put one or more +1/+1 counters on a creature you control, Casey Jones deals that much damage to target opponent. (Targeting: [[Ai(4)-GGS_Slitter_diagnostic]]) [Added once: Casey Jones, Back Alley Brute (208) Amount: 1]
Add To Stack: Ai(1)-Jaymie_Ezio activated Shao Jun
Damage: Shao Jun (82) deals 1 non-combat damage to Ai(3)-Destyn_Turtles.
Damage: Shao Jun (82) deals 1 non-combat damage to Ai(4)-GGS_Slitter_diagnostic.
Life: Life: Ai(3)-Destyn_Turtles 29 > 28
Life: Life: Ai(4)-GGS_Slitter_diagnostic 4 > 3
Resolve Stack: Shao Jun (82) - Shao Jun (82) deals 1 damage to Ai(3)-Destyn_Turtles and Ai(4)-GGS_Slitter_diagnostic.
Add To Stack: Ai(1)-Jaymie_Ezio activated Shao Jun
Damage: Shao Jun (82) deals 1 non-combat damage to Ai(3)-Destyn_Turtles.
Damage: Shao Jun (82) deals 1 non-combat damage to Ai(4)-GGS_Slitter_diagnostic.
Life: Life: Ai(3)-Destyn_Turtles 28 > 27
Life: Life: Ai(4)-GGS_Slitter_diagnostic 3 > 2
Resolve Stack: Shao Jun (82) - Shao Jun (82) deals 1 damage to Ai(3)-Destyn_Turtles and Ai(4)-GGS_Slitter_diagnostic.
Add To Stack: Ai(1)-Jaymie_Ezio activated Shao Jun
Damage: Shao Jun (82) deals 1 non-combat damage to Ai(3)-Destyn_Turtles.
Damage: Shao Jun (82) deals 1 non-combat damage to Ai(4)-GGS_Slitter_diagnostic.
Life: Life: Ai(3)-Destyn_Turtles 27 > 26
Life: Life: Ai(4)-GGS_Slitter_diagnostic 2 > 1
Resolve Stack: Shao Jun (82) - Shao Jun (82) deals 1 damage to Ai(3)-Destyn_Turtles and Ai(4)-GGS_Slitter_diagnostic.
Add To Stack: Ai(1)-Jaymie_Ezio activated Shao Jun
Damage: Shao Jun (82) deals 1 non-combat damage to Ai(3)-Destyn_Turtles.
Damage: Shao Jun (82) deals 1 non-combat damage to Ai(4)-GGS_Slitter_diagnostic.
Life: Life: Ai(3)-Destyn_Turtles 26 > 25
Life: Life: Ai(4)-GGS_Slitter_diagnostic 1 > 0
Resolve Stack: Shao Jun (82) - Shao Jun (82) deals 1 damage to Ai(3)-Destyn_Turtles and Ai(4)-GGS_Slitter_diagnostic.
Resolve Stack: Casey Jones, Back Alley Brute ability fizzles.
Resolve Stack: Evolve (Whenever a creature you control enters, if that creature has greater power or toughness than this creature, put a +1/+1 counter on this creature.) [Zone Changer: Biogenic Ooze (267)]
Add To Stack: Ai(3)-Destyn_Turtles triggered Casey Jones, Back Alley Brute targeting [Ai(1)-Jaymie_Ezio]
Damage: Casey Jones, Back Alley Brute (208) deals 1 non-combat damage to Ai(1)-Jaymie_Ezio.
Life: Life: Ai(1)-Jaymie_Ezio 35 > 34
Resolve Stack: Whenever you put one or more +1/+1 counters on a creature you control, Casey Jones deals that much damage to target opponent. (Targeting: [[Ai(1)-Jaymie_Ezio]]) [Added once: Ray Fillet, Wave Warrior (269) Amount: 1]
Mana: Sodden Verdure (283) - {T}: Add {U}.
Mana: Sunken Hollow (226) - {T}: Add {B}.
Mana: Cinder Glade (218) - {T}: Add {G}.
Add To Stack: Ai(3)-Destyn_Turtles cast Irma, Part-Time Mutant
Resolve Stack: Irma, Part-Time Mutant - Creature 1 / 1
Phase: Ai(3)-Destyn_Turtles' Beginning of Combat Step
Add To Stack: Ai(3)-Destyn_Turtles triggered Irma, Part-Time Mutant targeting [Casey Jones, Back Alley Brute (208)]
Resolve Stack: At the beginning of combat on your turn, Irma becomes a copy of up to one other target creature you control, except her name is Irma, Part-Time Mutant and she has this ability. Then put a +1/+1 counter on her. (Targeting: [[Casey Jones, Back Alley Brute (208)]]) [Phase: Ai(3)-Destyn_Turtles]
Add To Stack: Ai(3)-Destyn_Turtles triggered Casey Jones, Back Alley Brute targeting [Ai(1)-Jaymie_Ezio]
Add To Stack: Ai(3)-Destyn_Turtles triggered Irma, Part-Time Mutant targeting [Ai(1)-Jaymie_Ezio]
Damage: Irma, Part-Time Mutant (209) deals 1 non-combat damage to Ai(1)-Jaymie_Ezio.
Life: Life: Ai(1)-Jaymie_Ezio 34 > 33
Resolve Stack: Whenever you put one or more +1/+1 counters on a creature you control, Irma deals that much damage to target opponent. (Targeting: [[Ai(1)-Jaymie_Ezio]]) [Added once: Irma, Part-Time Mutant (209) Amount: 1]
Damage: Casey Jones, Back Alley Brute (208) deals 1 non-combat damage to Ai(1)-Jaymie_Ezio.
Life: Life: Ai(1)-Jaymie_Ezio 33 > 32
Resolve Stack: Whenever you put one or more +1/+1 counters on a creature you control, Casey Jones deals that much damage to target opponent. (Targeting: [[Ai(1)-Jaymie_Ezio]]) [Added once: Irma, Part-Time Mutant (209) Amount: 1]
Phase: Ai(3)-Destyn_Turtles' Declare Attackers Step
Combat: Ai(3)-Destyn_Turtles assigned Leonardo, the Balance (303), Michelangelo, the Heart (301) and Ray Fillet, Wave Warrior (269) to attack Ai(1)-Jaymie_Ezio.
Phase: Ai(3)-Destyn_Turtles' Declare Blockers Step
Combat: Ai(1)-Jaymie_Ezio didn't block Leonardo, the Balance (303).
Ai(1)-Jaymie_Ezio assigned Assassin Token (483) to block Michelangelo, the Heart (301).
Ai(1)-Jaymie_Ezio didn't block Ray Fillet, Wave Warrior (269).
Phase: Ai(3)-Destyn_Turtles' First Strike Damage Step
Phase: Ai(3)-Destyn_Turtles' Combat Damage Step
Damage: Leonardo, the Balance (303) deals 4 combat damage to Ai(1)-Jaymie_Ezio.
Damage: Michelangelo, the Heart (301) deals 2 combat damage to Ai(1)-Jaymie_Ezio.
Damage: Michelangelo, the Heart (301) deals 1 damage to Assassin Token (483).
Damage: Ray Fillet, Wave Warrior (269) deals 3 combat damage to Ai(1)-Jaymie_Ezio.
Damage: Assassin Token (483) deals 3 damage to Michelangelo, the Heart (301).
Life: Life: Ai(1)-Jaymie_Ezio 32 > 23
Zone Change: Michelangelo, the Heart (301) was put into Graveyard from Battlefield.
Zone Change: Assassin Token (483) was put into Graveyard from Battlefield.
Add To Stack: Ai(3)-Destyn_Turtles triggered Ray Fillet, Wave Warrior
Add To Stack: Ai(3)-Destyn_Turtles triggered Ray Fillet, Wave Warrior
Add To Stack: Ai(3)-Destyn_Turtles triggered Ray Fillet, Wave Warrior
Resolve Stack: Whenever a creature you control with a counter on it deals combat damage to a player, draw a card. [Damage Source: Ray Fillet, Wave Warrior (269), Damaged: Ai(1)-Jaymie_Ezio, Amount: 3]
Resolve Stack: Whenever a creature you control with a counter on it deals combat damage to a player, draw a card. [Damage Source: Michelangelo, the Heart (301), Damaged: Ai(1)-Jaymie_Ezio, Amount: 2]
Resolve Stack: Whenever a creature you control with a counter on it deals combat damage to a player, draw a card. [Damage Source: Leonardo, the Balance (303), Damaged: Ai(1)-Jaymie_Ezio, Amount: 4]
Phase: Ai(3)-Destyn_Turtles' End of Combat Step
Phase: Ai(3)-Destyn_Turtles' Main phase, postcombat
Phase: Ai(3)-Destyn_Turtles' End step
Add To Stack: Ai(3)-Destyn_Turtles triggered Biogenic Ooze
Add To Stack: Ai(1)-Jaymie_Ezio activated Shao Jun
Damage: Shao Jun (82) deals 1 non-combat damage to Ai(3)-Destyn_Turtles.
Life: Life: Ai(3)-Destyn_Turtles 25 > 24
Resolve Stack: Shao Jun (82) - Shao Jun (82) deals 1 damage to Ai(3)-Destyn_Turtles.
Add To Stack: Ai(1)-Jaymie_Ezio activated Shao Jun
Damage: Shao Jun (82) deals 1 non-combat damage to Ai(3)-Destyn_Turtles.
Life: Life: Ai(3)-Destyn_Turtles 24 > 23
Resolve Stack: Shao Jun (82) - Shao Jun (82) deals 1 damage to Ai(3)-Destyn_Turtles.
Add To Stack: Ai(1)-Jaymie_Ezio activated Shao Jun
Damage: Shao Jun (82) deals 1 non-combat damage to Ai(3)-Destyn_Turtles.
Life: Life: Ai(3)-Destyn_Turtles 23 > 22
Resolve Stack: Shao Jun (82) - Shao Jun (82) deals 1 damage to Ai(3)-Destyn_Turtles.
Add To Stack: Ai(1)-Jaymie_Ezio activated Shao Jun
Damage: Shao Jun (82) deals 1 non-combat damage to Ai(3)-Destyn_Turtles.
Life: Life: Ai(3)-Destyn_Turtles 22 > 21
Resolve Stack: Shao Jun (82) - Shao Jun (82) deals 1 damage to Ai(3)-Destyn_Turtles.
Resolve Stack: At the beginning of your end step, put a +1/+1 counter on each Ooze you control. [Phase: Ai(3)-Destyn_Turtles]
Add To Stack: Ai(3)-Destyn_Turtles triggered Casey Jones, Back Alley Brute targeting [Ai(1)-Jaymie_Ezio]
Add To Stack: Ai(3)-Destyn_Turtles triggered Irma, Part-Time Mutant targeting [Ai(1)-Jaymie_Ezio]
Add To Stack: Ai(3)-Destyn_Turtles triggered Casey Jones, Back Alley Brute targeting [Ai(1)-Jaymie_Ezio]
Add To Stack: Ai(3)-Destyn_Turtles triggered Irma, Part-Time Mutant targeting [Ai(1)-Jaymie_Ezio]
Add To Stack: Ai(3)-Destyn_Turtles triggered Casey Jones, Back Alley Brute targeting [Ai(1)-Jaymie_Ezio]
Add To Stack: Ai(3)-Destyn_Turtles triggered Irma, Part-Time Mutant targeting [Ai(1)-Jaymie_Ezio]
Damage: Irma, Part-Time Mutant (209) deals 1 non-combat damage to Ai(1)-Jaymie_Ezio.
Life: Life: Ai(1)-Jaymie_Ezio 23 > 22
Resolve Stack: Whenever you put one or more +1/+1 counters on a creature you control, Irma deals that much damage to target opponent. (Targeting: [[Ai(1)-Jaymie_Ezio]]) [Added once: Ooze Token (510) Amount: 1]
Damage: Casey Jones, Back Alley Brute (208) deals 1 non-combat damage to Ai(1)-Jaymie_Ezio.
Life: Life: Ai(1)-Jaymie_Ezio 22 > 21
Resolve Stack: Whenever you put one or more +1/+1 counters on a creature you control, Casey Jones deals that much damage to target opponent. (Targeting: [[Ai(1)-Jaymie_Ezio]]) [Added once: Ooze Token (510) Amount: 1]
Damage: Irma, Part-Time Mutant (209) deals 1 non-combat damage to Ai(1)-Jaymie_Ezio.
Life: Life: Ai(1)-Jaymie_Ezio 21 > 20
Resolve Stack: Whenever you put one or more +1/+1 counters on a creature you control, Irma deals that much damage to target opponent. (Targeting: [[Ai(1)-Jaymie_Ezio]]) [Added once: Biogenic Ooze (267) Amount: 1]
Damage: Casey Jones, Back Alley Brute (208) deals 1 non-combat damage to Ai(1)-Jaymie_Ezio.
Life: Life: Ai(1)-Jaymie_Ezio 20 > 19
Resolve Stack: Whenever you put one or more +1/+1 counters on a creature you control, Casey Jones deals that much damage to target opponent. (Targeting: [[Ai(1)-Jaymie_Ezio]]) [Added once: Biogenic Ooze (267) Amount: 1]
Damage: Irma, Part-Time Mutant (209) deals 1 non-combat damage to Ai(1)-Jaymie_Ezio.
Life: Life: Ai(1)-Jaymie_Ezio 19 > 18
Resolve Stack: Whenever you put one or more +1/+1 counters on a creature you control, Irma deals that much damage to target opponent. (Targeting: [[Ai(1)-Jaymie_Ezio]]) [Added once: Acidic Slime (264) Amount: 1]
Damage: Casey Jones, Back Alley Brute (208) deals 1 non-combat damage to Ai(1)-Jaymie_Ezio.
Life: Life: Ai(1)-Jaymie_Ezio 18 > 17
Resolve Stack: Whenever you put one or more +1/+1 counters on a creature you control, Casey Jones deals that much damage to target opponent. (Targeting: [[Ai(1)-Jaymie_Ezio]]) [Added once: Acidic Slime (264) Amount: 1]
Phase: Ai(3)-Destyn_Turtles' Cleanup step
Turn: Turn 36 (Ai(1)-Jaymie_Ezio)
Phase: Ai(1)-Jaymie_Ezio's Untap step
Phase: Ai(1)-Jaymie_Ezio's Upkeep step
Phase: Ai(1)-Jaymie_Ezio's Draw step
Phase: Ai(1)-Jaymie_Ezio's Main phase, precombat
Phase: Ai(1)-Jaymie_Ezio's Beginning of Combat Step
Phase: Ai(1)-Jaymie_Ezio's Declare Attackers Step
Combat: Ai(1)-Jaymie_Ezio assigned Edward Kenway (5), Shao Jun (82), Ezio Auditore da Firenze (100), Assassin Initiate (51), Changeling Outcast (14), Arno Dorian (24), Assassin Token (444), Assassin Token (447) and Assassin Token (486) to attack Ai(3)-Destyn_Turtles.
Phase: Ai(1)-Jaymie_Ezio's Declare Blockers Step
Combat: Ai(3)-Destyn_Turtles didn't block Edward Kenway (5).
Ai(3)-Destyn_Turtles didn't block Shao Jun (82).
Ai(3)-Destyn_Turtles didn't block Ezio Auditore da Firenze (100).
Ai(3)-Destyn_Turtles didn't block Assassin Initiate (51).
Ai(3)-Destyn_Turtles didn't block Changeling Outcast (14).
Ai(3)-Destyn_Turtles didn't block Arno Dorian (24).
Ai(3)-Destyn_Turtles didn't block Assassin Token (444).
Ai(3)-Destyn_Turtles didn't block Assassin Token (447).
Ai(3)-Destyn_Turtles didn't block Assassin Token (486).
Mana: Smoldering Marsh (71) - {T}: Add {R}.
Mana: Forest (35) - {T}: Add {G}.
Mana: Plains (89) - {T}: Add {W}.
Mana: Swamp (60) - {T}: Add {B}.
Mana: Thriving Grove (27) - {T}: Add {G} or one mana of the chosen color.
Mana: Submerged Boneyard (30) - {T}: Add {U} or {B}.
Mana: Command Tower (32) - {T}: Add one mana of any color in your commander's color identity.
Mana: Path of Ancestry (8) - {T}: Add one mana of any color in your commander's color identity. When that mana is spent to cast a creature spell that shares a creature type with your commander, scry 1. (Look at the top card of your library. You may put that card on the bottom.)
Zone Change: Treasure Token (506) was put into Graveyard from Battlefield.
Mana: Treasure Token (506) - {T}, Sacrifice this token: Add one mana of any color.
Zone Change: Treasure Token (505) was put into Graveyard from Battlefield.
Mana: Treasure Token (505) - {T}, Sacrifice this token: Add one mana of any color.
Zone Change: Treasure Token (504) was put into Graveyard from Battlefield.
Mana: Treasure Token (504) - {T}, Sacrifice this token: Add one mana of any color.
Zone Change: Treasure Token (503) was put into Graveyard from Battlefield.
Mana: Treasure Token (503) - {T}, Sacrifice this token: Add one mana of any color.
Zone Change: Treasure Token (502) was put into Graveyard from Battlefield.
Mana: Treasure Token (502) - {T}, Sacrifice this token: Add one mana of any color.
Zone Change: Treasure Token (501) was put into Graveyard from Battlefield.
Mana: Treasure Token (501) - {T}, Sacrifice this token: Add one mana of any color.
Zone Change: Treasure Token (500) was put into Graveyard from Battlefield.
Mana: Treasure Token (500) - {T}, Sacrifice this token: Add one mana of any color.
Zone Change: Treasure Token (499) was put into Graveyard from Battlefield.
Mana: Treasure Token (499) - {T}, Sacrifice this token: Add one mana of any color.
Zone Change: Treasure Token (497) was put into Graveyard from Battlefield.
Mana: Treasure Token (497) - {T}, Sacrifice this token: Add one mana of any color.
Zone Change: Treasure Token (496) was put into Graveyard from Battlefield.
Mana: Treasure Token (496) - {T}, Sacrifice this token: Add one mana of any color.
Zone Change: Treasure Token (495) was put into Graveyard from Battlefield.
Mana: Treasure Token (495) - {T}, Sacrifice this token: Add one mana of any color.
Zone Change: Treasure Token (494) was put into Graveyard from Battlefield.
Mana: Treasure Token (494) - {T}, Sacrifice this token: Add one mana of any color.
Zone Change: Treasure Token (493) was put into Graveyard from Battlefield.
Mana: Treasure Token (493) - {T}, Sacrifice this token: Add one mana of any color.
Zone Change: Treasure Token (492) was put into Graveyard from Battlefield.
Mana: Treasure Token (492) - {T}, Sacrifice this token: Add one mana of any color.
Zone Change: Treasure Token (491) was put into Graveyard from Battlefield.
Mana: Treasure Token (491) - {T}, Sacrifice this token: Add one mana of any color.
Zone Change: Treasure Token (490) was put into Graveyard from Battlefield.
Mana: Treasure Token (490) - {T}, Sacrifice this token: Add one mana of any color.
Add To Stack: Ai(1)-Jaymie_Ezio activated Kessig Wolf Run targeting [Shao Jun (82)]
Resolve Stack: Kessig Wolf Run (4) - Shao Jun (82) gets +22/+0 and gains trample until end of turn. (X=22)
Phase: Ai(1)-Jaymie_Ezio's First Strike Damage Step
Damage: Shao Jun (82) deals 27 combat damage to Ai(3)-Destyn_Turtles.
Life: Life: Ai(3)-Destyn_Turtles 21 > -6
Player Control: Ai(1)-Jaymie_Ezio has restored control over themself
Player Control: Ai(2)-Gabe_Food has restored control over themself
Player Control: Ai(3)-Destyn_Turtles has restored control over themself
Player Control: Ai(4)-GGS_Slitter_diagnostic has restored control over themself
Game Outcome: Match Duration 3m : 04s
Game Outcome: Turn 18
Game Outcome: Ai(1)-Jaymie_Ezio has won because all opponents have lost
Game Outcome: Ai(2)-Gabe_Food has lost because life total reached 0
Game Outcome: Ai(3)-Destyn_Turtles has lost because life total reached 0
Game Outcome: Ai(4)-GGS_Slitter_diagnostic has lost because life total reached 0
Match Result: Ai(1)-Jaymie_Ezio: 1 Ai(2)-Gabe_Food: 0 Ai(3)-Destyn_Turtles: 0 Ai(4)-GGS_Slitter_diagnostic: 0 

Game Result: Game 1 ended in 186449 ms. Ai(1)-Jaymie_Ezio has won!

