Error handling registered!
20:26:10 [INFO ] GuiBase: ##########################################
20:26:10 [INFO ] GuiBase: APP: Forge v.2.0.15-SNAPSHOT-09.28
20:26:10 [INFO ] GuiBase: Java: 17.0.20 (Ubuntu)
20:26:10 [INFO ] GuiBase: OS: Linux 6.18.44 amd64
20:26:10 [INFO ] GuiBase: RAM: 1536 MB max, 8 CPUs
20:26:10 [INFO ] GuiBase: ##########################################
Language 'en-US' loaded successfully.
(ThreadUtil first call): Running with priority 5
Read cards: 34010 archived files in 1 ms (25 parts) using thread pool
Upcoming set Star Trek (TRK) dated in the future. All `upcoming` cards will be added to this set with unknown rarity.
The card A-Alrund's Epiphany was not assigned to any set. Adding it to UNKNOWN set... to fix see res/editions/ folder. 
The card A-Baba Lysaga, Night Witch was not assigned to any set. Adding it to UNKNOWN set... to fix see res/editions/ folder. 
The card A-Divide by Zero was not assigned to any set. Adding it to UNKNOWN set... to fix see res/editions/ folder. 
The card A-Esika's Chariot was not assigned to any set. Adding it to UNKNOWN set... to fix see res/editions/ folder. 
The card A-Faceless Haven was not assigned to any set. Adding it to UNKNOWN set... to fix see res/editions/ folder. 
The card A-Fires of Invention was not assigned to any set. Adding it to UNKNOWN set... to fix see res/editions/ folder. 
The card A-Goldspan Dragon was not assigned to any set. Adding it to UNKNOWN set... to fix see res/editions/ folder. 
The card A-Hullbreaker Horror was not assigned to any set. Adding it to UNKNOWN set... to fix see res/editions/ folder. 
The card A-Kumano Faces Kakkazan was not assigned to any set. Adding it to UNKNOWN set... to fix see res/editions/ folder. 
The card A-Luminarch Aspirant was not assigned to any set. Adding it to UNKNOWN set... to fix see res/editions/ folder. 
The card A-Monster Manual was not assigned to any set. Adding it to UNKNOWN set... to fix see res/editions/ folder. 
The card A-Omnath, Locus of Creation was not assigned to any set. Adding it to UNKNOWN set... to fix see res/editions/ folder. 
The card A-The Meathook Massacre was not assigned to any set. Adding it to UNKNOWN set... to fix see res/editions/ folder. 
The card A-Unholy Heat was not assigned to any set. Adding it to UNKNOWN set... to fix see res/editions/ folder. 
The card Blinding Radiance was not assigned to any set. Adding it to UNKNOWN set... to fix see res/editions/ folder. 
The card Goblin Bruiser was not assigned to any set. Adding it to UNKNOWN set... to fix see res/editions/ folder. 
The card Ogre Painbringer was not assigned to any set. Adding it to UNKNOWN set... to fix see res/editions/ folder. 
The card Titanic Pelagosaur was not assigned to any set. Adding it to UNKNOWN set... to fix see res/editions/ folder. 
The card Treetop Recluse was not assigned to any set. Adding it to UNKNOWN set... to fix see res/editions/ folder. 
Upcoming set Star Trek (TRK) dated in the future. All `upcoming` cards will be added to this set with unknown rarity.
Read cards: 854 files in 0 ms (8 parts) using thread pool
Simulation mode
Ai(1)-Jaymie_Ezio vs Ai(2)-Gabe_Food vs Ai(3)-Destyn_Turtles vs Ai(4)-GGS_Orochi_only - one game of Commander seed 20260930
Warning: default (ie. inherited from base class) implementation of confirmAction is used by Michelangelo, the Heart for forge.ai.ability.PermanentCreatureAi. Consider declaring an overloaded method
Warning: default (ie. inherited from base class) implementation of chkAIDrawback is used by Assassin Gauntlet for forge.ai.ability.TapAllAi. Consider declaring an overloaded method
Warning: default (ie. inherited from base class) implementation of chkAIDrawback is used by Assassin Gauntlet for forge.ai.ability.TapAllAi. Consider declaring an overloaded method
Warning: default (ie. inherited from base class) implementation of confirmAction is used by Sam, Loyal Attendant for forge.ai.ability.PermanentCreatureAi. Consider declaring an overloaded method
Warning: default (ie. inherited from base class) implementation of chkAIDrawback is used by Assassin Gauntlet for forge.ai.ability.TapAllAi. Consider declaring an overloaded method
Warning: default (ie. inherited from base class) implementation of chkAIDrawback is used by Assassin Gauntlet for forge.ai.ability.TapAllAi. Consider declaring an overloaded method
Warning: default (ie. inherited from base class) implementation of chkAIDrawback is used by Assassin Gauntlet for forge.ai.ability.TapAllAi. Consider declaring an overloaded method
Warning: default (ie. inherited from base class) implementation of chkAIDrawback is used by Assassin Gauntlet for forge.ai.ability.TapAllAi. Consider declaring an overloaded method
Warning: default (ie. inherited from base class) implementation of chkAIDrawback is used by Assassin Gauntlet for forge.ai.ability.TapAllAi. Consider declaring an overloaded method
Warning: default (ie. inherited from base class) implementation of chkAIDrawback is used by Assassin Gauntlet for forge.ai.ability.TapAllAi. Consider declaring an overloaded method
Warning: default (ie. inherited from base class) implementation of chkAIDrawback is used by Assassin Gauntlet for forge.ai.ability.TapAllAi. Consider declaring an overloaded method
Warning: default (ie. inherited from base class) implementation of confirmAction is used by Sam, Loyal Attendant for forge.ai.ability.PermanentCreatureAi. Consider declaring an overloaded method
Warning: default (ie. inherited from base class) implementation of confirmAction is used by Leonardo, the Balance for forge.ai.ability.PermanentCreatureAi. Consider declaring an overloaded method
Mulligan: Ai(4)-GGS_Orochi_only has mulliganed down to 7 cards.
Mulligan: Ai(4)-GGS_Orochi_only has mulliganed down to 6 cards.
Mulligan: Ai(4)-GGS_Orochi_only has mulliganed down to 5 cards.
Mulligan: Ai(4)-GGS_Orochi_only has kept a hand of 5 cards
Mulligan: Ai(1)-Jaymie_Ezio has kept a hand of 7 cards
Mulligan: Ai(2)-Gabe_Food has kept a hand of 7 cards
Mulligan: Ai(3)-Destyn_Turtles has kept a hand of 7 cards
Turn: Turn 1 (Ai(4)-GGS_Orochi_only)
Phase: Ai(4)-GGS_Orochi_only's Untap step
Phase: Ai(4)-GGS_Orochi_only's Upkeep step
Phase: Ai(4)-GGS_Orochi_only's Draw step
Phase: Ai(4)-GGS_Orochi_only's Main phase, precombat
Land: Ai(4)-GGS_Orochi_only played Mana Confluence (348)
Phase: Ai(4)-GGS_Orochi_only's Beginning of Combat Step
Phase: Ai(4)-GGS_Orochi_only's Declare Attackers Step
Phase: Ai(4)-GGS_Orochi_only's Declare Blockers Step
Phase: Ai(4)-GGS_Orochi_only's First Strike Damage Step
Phase: Ai(4)-GGS_Orochi_only's Combat Damage Step
Phase: Ai(4)-GGS_Orochi_only's End of Combat Step
Phase: Ai(4)-GGS_Orochi_only's Main phase, postcombat
Phase: Ai(4)-GGS_Orochi_only's End step
Phase: Ai(4)-GGS_Orochi_only's Cleanup step
Turn: Turn 2 (Ai(1)-Jaymie_Ezio)
Phase: Ai(1)-Jaymie_Ezio's Untap step
Phase: Ai(1)-Jaymie_Ezio's Upkeep step
Phase: Ai(1)-Jaymie_Ezio's Draw step
Phase: Ai(1)-Jaymie_Ezio's Main phase, precombat
Land: Ai(1)-Jaymie_Ezio played Command Tower (32)
Phase: Ai(1)-Jaymie_Ezio's Beginning of Combat Step
Phase: Ai(1)-Jaymie_Ezio's Declare Attackers Step
Phase: Ai(1)-Jaymie_Ezio's Declare Blockers Step
Phase: Ai(1)-Jaymie_Ezio's First Strike Damage Step
Phase: Ai(1)-Jaymie_Ezio's Combat Damage Step
Phase: Ai(1)-Jaymie_Ezio's End of Combat Step
Phase: Ai(1)-Jaymie_Ezio's Main phase, postcombat
Mana: Command Tower (32) - {T}: Add one mana of any color in your commander's color identity.
Add To Stack: Ai(1)-Jaymie_Ezio cast Assassin Initiate
Resolve Stack: Assassin Initiate - Creature 1 / 1
Phase: Ai(1)-Jaymie_Ezio's End step
Phase: Ai(1)-Jaymie_Ezio's Cleanup step
Turn: Turn 3 (Ai(2)-Gabe_Food)
Phase: Ai(2)-Gabe_Food's Untap step
Phase: Ai(2)-Gabe_Food's Upkeep step
Phase: Ai(2)-Gabe_Food's Draw step
Phase: Ai(2)-Gabe_Food's Main phase, precombat
Land: Ai(2)-Gabe_Food played Forest (140)
Phase: Ai(2)-Gabe_Food's Beginning of Combat Step
Phase: Ai(2)-Gabe_Food's Declare Attackers Step
Phase: Ai(2)-Gabe_Food's Declare Blockers Step
Phase: Ai(2)-Gabe_Food's First Strike Damage Step
Phase: Ai(2)-Gabe_Food's Combat Damage Step
Phase: Ai(2)-Gabe_Food's End of Combat Step
Phase: Ai(2)-Gabe_Food's Main phase, postcombat
Phase: Ai(2)-Gabe_Food's End step
Phase: Ai(2)-Gabe_Food's Cleanup step
Turn: Turn 4 (Ai(3)-Destyn_Turtles)
Phase: Ai(3)-Destyn_Turtles' Untap step
Phase: Ai(3)-Destyn_Turtles' Upkeep step
Phase: Ai(3)-Destyn_Turtles' Draw step
Phase: Ai(3)-Destyn_Turtles' Main phase, precombat
Replacement Effect: This land enters tapped unless you control two or more basic lands.
Land: Ai(3)-Destyn_Turtles played Sodden Verdure (283)
Phase: Ai(3)-Destyn_Turtles' Beginning of Combat Step
Phase: Ai(3)-Destyn_Turtles' Declare Attackers Step
Phase: Ai(3)-Destyn_Turtles' Declare Blockers Step
Phase: Ai(3)-Destyn_Turtles' First Strike Damage Step
Phase: Ai(3)-Destyn_Turtles' Combat Damage Step
Phase: Ai(3)-Destyn_Turtles' End of Combat Step
Phase: Ai(3)-Destyn_Turtles' Main phase, postcombat
Phase: Ai(3)-Destyn_Turtles' End step
Phase: Ai(3)-Destyn_Turtles' Cleanup step
Turn: Turn 5 (Ai(4)-GGS_Orochi_only)
Phase: Ai(4)-GGS_Orochi_only's Untap step
Phase: Ai(4)-GGS_Orochi_only's Upkeep step
Phase: Ai(4)-GGS_Orochi_only's Draw step
Phase: Ai(4)-GGS_Orochi_only's Main phase, precombat
Replacement Effect: Morphic Pool enters tapped unless you have two or more opponents.
Land: Ai(4)-GGS_Orochi_only played Morphic Pool (333)
Phase: Ai(4)-GGS_Orochi_only's Beginning of Combat Step
Phase: Ai(4)-GGS_Orochi_only's Declare Attackers Step
Phase: Ai(4)-GGS_Orochi_only's Declare Blockers Step
Phase: Ai(4)-GGS_Orochi_only's First Strike Damage Step
Phase: Ai(4)-GGS_Orochi_only's Combat Damage Step
Phase: Ai(4)-GGS_Orochi_only's End of Combat Step
Phase: Ai(4)-GGS_Orochi_only's Main phase, postcombat
Mana: Morphic Pool (333) - {T}: Add {U} or {B}.
Life: Life: Ai(4)-GGS_Orochi_only 40 > 39
Mana: Mana Confluence (348) - {T}, Pay 1 life: Add one mana of any color.
Add To Stack: Ai(4)-GGS_Orochi_only cast Dauthi Voidwalker
Resolve Stack: Dauthi Voidwalker - Creature 3 / 2
Phase: Ai(4)-GGS_Orochi_only's End step
Phase: Ai(4)-GGS_Orochi_only's Cleanup step
Turn: Turn 6 (Ai(1)-Jaymie_Ezio)
Phase: Ai(1)-Jaymie_Ezio's Untap step
Phase: Ai(1)-Jaymie_Ezio's Upkeep step
Phase: Ai(1)-Jaymie_Ezio's Draw step
Phase: Ai(1)-Jaymie_Ezio's Main phase, precombat
Phase: Ai(1)-Jaymie_Ezio's Beginning of Combat Step
Phase: Ai(1)-Jaymie_Ezio's Declare Attackers Step
Combat: Ai(1)-Jaymie_Ezio assigned Assassin Initiate (51) to attack Ai(4)-GGS_Orochi_only.
Phase: Ai(1)-Jaymie_Ezio's Declare Blockers Step
Combat: Ai(4)-GGS_Orochi_only didn't block Assassin Initiate (51).
Phase: Ai(1)-Jaymie_Ezio's First Strike Damage Step
Phase: Ai(1)-Jaymie_Ezio's Combat Damage Step
Damage: Assassin Initiate (51) deals 1 combat damage to Ai(4)-GGS_Orochi_only.
Life: Life: Ai(4)-GGS_Orochi_only 39 > 38
Phase: Ai(1)-Jaymie_Ezio's End of Combat Step
Phase: Ai(1)-Jaymie_Ezio's Main phase, postcombat
Replacement Effect: Path of Ancestry enters tapped.
Land: Ai(1)-Jaymie_Ezio played Path of Ancestry (8)
Mana: Command Tower (32) - {T}: Add one mana of any color in your commander's color identity.
Add To Stack: Ai(1)-Jaymie_Ezio cast Changeling Outcast
Resolve Stack: Changeling Outcast - Creature 1 / 1
Phase: Ai(1)-Jaymie_Ezio's End step
Phase: Ai(1)-Jaymie_Ezio's Cleanup step
Turn: Turn 7 (Ai(2)-Gabe_Food)
Phase: Ai(2)-Gabe_Food's Untap step
Phase: Ai(2)-Gabe_Food's Upkeep step
Phase: Ai(2)-Gabe_Food's Draw step
Phase: Ai(2)-Gabe_Food's Main phase, precombat
Land: Ai(2)-Gabe_Food played Swamp (163)
Phase: Ai(2)-Gabe_Food's Beginning of Combat Step
Phase: Ai(2)-Gabe_Food's Declare Attackers Step
Phase: Ai(2)-Gabe_Food's Declare Blockers Step
Phase: Ai(2)-Gabe_Food's First Strike Damage Step
Phase: Ai(2)-Gabe_Food's Combat Damage Step
Phase: Ai(2)-Gabe_Food's End of Combat Step
Phase: Ai(2)-Gabe_Food's Main phase, postcombat
Mana: Forest (140) - {T}: Add {G}.
Mana: Swamp (163) - {T}: Add {B}.
Add To Stack: Ai(2)-Gabe_Food cast Prize Pig
Resolve Stack: Prize Pig - Creature 0 / 3
Phase: Ai(2)-Gabe_Food's End step
Phase: Ai(2)-Gabe_Food's Cleanup step
Turn: Turn 8 (Ai(3)-Destyn_Turtles)
Phase: Ai(3)-Destyn_Turtles' Untap step
Phase: Ai(3)-Destyn_Turtles' Upkeep step
Phase: Ai(3)-Destyn_Turtles' Draw step
Phase: Ai(3)-Destyn_Turtles' Main phase, precombat
Land: Ai(3)-Destyn_Turtles played City of Brass (247)
Phase: Ai(3)-Destyn_Turtles' Beginning of Combat Step
Phase: Ai(3)-Destyn_Turtles' Declare Attackers Step
Phase: Ai(3)-Destyn_Turtles' Declare Blockers Step
Phase: Ai(3)-Destyn_Turtles' First Strike Damage Step
Phase: Ai(3)-Destyn_Turtles' Combat Damage Step
Phase: Ai(3)-Destyn_Turtles' End of Combat Step
Phase: Ai(3)-Destyn_Turtles' Main phase, postcombat
Mana: Sodden Verdure (283) - {T}: Add {G}.
Mana: City of Brass (247) - {T}: Add one mana of any color.
Add To Stack: Ai(3)-Destyn_Turtles cast Michelangelo, the Heart
Add To Stack: Ai(3)-Destyn_Turtles triggered City of Brass
Damage: City of Brass (247) deals 1 non-combat damage to Ai(3)-Destyn_Turtles.
Life: Life: Ai(3)-Destyn_Turtles 40 > 39
Resolve Stack: Whenever City of Brass becomes tapped, it deals 1 damage to you. [Tapped: City of Brass (247)]
Resolve Stack: Michelangelo, the Heart - Creature 2 / 1
Phase: Ai(3)-Destyn_Turtles' End step
Phase: Ai(3)-Destyn_Turtles' Cleanup step
Turn: Turn 9 (Ai(4)-GGS_Orochi_only)
Phase: Ai(4)-GGS_Orochi_only's Untap step
Phase: Ai(4)-GGS_Orochi_only's Upkeep step
Phase: Ai(4)-GGS_Orochi_only's Draw step
Phase: Ai(4)-GGS_Orochi_only's Main phase, precombat
Phase: Ai(4)-GGS_Orochi_only's Beginning of Combat Step
Phase: Ai(4)-GGS_Orochi_only's Declare Attackers Step
Combat: Ai(4)-GGS_Orochi_only assigned Dauthi Voidwalker (357) to attack Ai(1)-Jaymie_Ezio.
Phase: Ai(4)-GGS_Orochi_only's Declare Blockers Step
Combat: Ai(1)-Jaymie_Ezio didn't block Dauthi Voidwalker (357).
Phase: Ai(4)-GGS_Orochi_only's First Strike Damage Step
Phase: Ai(4)-GGS_Orochi_only's Combat Damage Step
Damage: Dauthi Voidwalker (357) deals 3 combat damage to Ai(1)-Jaymie_Ezio.
Life: Life: Ai(1)-Jaymie_Ezio 40 > 37
Phase: Ai(4)-GGS_Orochi_only's End of Combat Step
Phase: Ai(4)-GGS_Orochi_only's Main phase, postcombat
Replacement Effect: Raucous Theater enters tapped.
Land: Ai(4)-GGS_Orochi_only played Raucous Theater (386)
Add To Stack: Ai(4)-GGS_Orochi_only triggered Raucous Theater
Resolve Stack: Ai(4)-GGS_Orochi_only surveiled 1 card(s) to the top of the library
Resolve Stack: When Raucous Theater enters, surveil 1. (Look at the top card of your library. You may put it into your graveyard.) [Zone Changer: Raucous Theater (386)]
Mana: Morphic Pool (333) - {T}: Add {U} or {B}.
Life: Life: Ai(4)-GGS_Orochi_only 38 > 37
Mana: Mana Confluence (348) - {T}, Pay 1 life: Add one mana of any color.
Add To Stack: Ai(4)-GGS_Orochi_only cast Demonic Tutor
Resolve Stack: Demonic Tutor (402) - Search your library for a card, put that card into your hand, then shuffle.
Phase: Ai(4)-GGS_Orochi_only's End step
Phase: Ai(4)-GGS_Orochi_only's Cleanup step
Turn: Turn 10 (Ai(1)-Jaymie_Ezio)
Phase: Ai(1)-Jaymie_Ezio's Untap step
Phase: Ai(1)-Jaymie_Ezio's Upkeep step
Phase: Ai(1)-Jaymie_Ezio's Draw step
Phase: Ai(1)-Jaymie_Ezio's Main phase, precombat
Replacement Effect: Smoldering Marsh enters tapped unless you control two or more basic lands.
Land: Ai(1)-Jaymie_Ezio played Smoldering Marsh (71)
Mana: Command Tower (32) - {T}: Add one mana of any color in your commander's color identity.
Mana: Path of Ancestry (8) - {T}: Add one mana of any color in your commander's color identity. When that mana is spent to cast a creature spell that shares a creature type with your commander, scry 1. (Look at the top card of your library. You may put that card on the bottom.)
Add To Stack: Ai(1)-Jaymie_Ezio cast Rampant Growth
Resolve Stack: Rampant Growth (78) - Search your library for a basic land card, put that card onto the battlefield tapped, then shuffle.
Replacement Effect: If a card would be put into an opponent's graveyard from anywhere, instead exile it with a void counter on it.
Phase: Ai(1)-Jaymie_Ezio's Beginning of Combat Step
Phase: Ai(1)-Jaymie_Ezio's Declare Attackers Step
Combat: Ai(1)-Jaymie_Ezio assigned Changeling Outcast (14) to attack Ai(3)-Destyn_Turtles.
Phase: Ai(1)-Jaymie_Ezio's Declare Blockers Step
Combat: Ai(3)-Destyn_Turtles didn't block Changeling Outcast (14).
Phase: Ai(1)-Jaymie_Ezio's First Strike Damage Step
Phase: Ai(1)-Jaymie_Ezio's Combat Damage Step
Damage: Changeling Outcast (14) deals 1 combat damage to Ai(3)-Destyn_Turtles.
Life: Life: Ai(3)-Destyn_Turtles 39 > 38
Phase: Ai(1)-Jaymie_Ezio's End of Combat Step
Phase: Ai(1)-Jaymie_Ezio's Main phase, postcombat
Phase: Ai(1)-Jaymie_Ezio's End step
Phase: Ai(1)-Jaymie_Ezio's Cleanup step
Turn: Turn 11 (Ai(2)-Gabe_Food)
Phase: Ai(2)-Gabe_Food's Untap step
Phase: Ai(2)-Gabe_Food's Upkeep step
Mana: Prize Pig (130) - {T}: Add one mana of any color.
Add To Stack: Ai(2)-Gabe_Food cast Swords to Plowshares targeting [Dauthi Voidwalker (357)]
Zone Change: Dauthi Voidwalker (357) was put into Exile from Battlefield.
Life: Life: Ai(4)-GGS_Orochi_only 37 > 40
Resolve Stack: Swords to Plowshares (185) - Exile Dauthi Voidwalker (357). Ai(4)-GGS_Orochi_only gains life equal to its power.
Phase: Ai(2)-Gabe_Food's Draw step
Phase: Ai(2)-Gabe_Food's Main phase, precombat
Land: Ai(2)-Gabe_Food played Command Tower (131)
Mana: Command Tower (131) - {T}: Add one mana of any color in your commander's color identity.
Mana: Forest (140) - {T}: Add {G}.
Mana: Swamp (163) - {T}: Add {B}.
Add To Stack: Ai(2)-Gabe_Food cast Sam, Loyal Attendant
Resolve Stack: Sam, Loyal Attendant - Creature 2 / 4
Add To Stack: Ai(2)-Gabe_Food triggered Sam, Loyal Attendant targeting [Ai(2)-Gabe_Food]
Resolve Stack: Partner with Frodo, Adventurous Hobbit (When this creature enters, target player may put Frodo into their hand from their library, then shuffle.) (Targeting: [[Ai(2)-Gabe_Food]]) [Zone Changer: Sam, Loyal Attendant (202)]
Phase: Ai(2)-Gabe_Food's Beginning of Combat Step
Add To Stack: Ai(2)-Gabe_Food triggered Sam, Loyal Attendant
Resolve Stack: At the beginning of combat on your turn, create a Food token. (It's an artifact with "{2}, {T}, Sacrifice this token: You gain 3 life.") [Phase: Ai(2)-Gabe_Food]
Phase: Ai(2)-Gabe_Food's Declare Attackers Step
Phase: Ai(2)-Gabe_Food's Declare Blockers Step
Phase: Ai(2)-Gabe_Food's First Strike Damage Step
Phase: Ai(2)-Gabe_Food's Combat Damage Step
Phase: Ai(2)-Gabe_Food's End of Combat Step
Phase: Ai(2)-Gabe_Food's Main phase, postcombat
Phase: Ai(2)-Gabe_Food's End step
Phase: Ai(2)-Gabe_Food's Cleanup step
Turn: Turn 12 (Ai(3)-Destyn_Turtles)
Phase: Ai(3)-Destyn_Turtles' Untap step
Phase: Ai(3)-Destyn_Turtles' Upkeep step
Phase: Ai(3)-Destyn_Turtles' Draw step
Phase: Ai(3)-Destyn_Turtles' Main phase, precombat
Replacement Effect: Cinder Glade enters tapped unless you control two or more basic lands.
Land: Ai(3)-Destyn_Turtles played Cinder Glade (218)
Phase: Ai(3)-Destyn_Turtles' Beginning of Combat Step
Phase: Ai(3)-Destyn_Turtles' Declare Attackers Step
Phase: Ai(3)-Destyn_Turtles' Declare Blockers Step
Phase: Ai(3)-Destyn_Turtles' First Strike Damage Step
Phase: Ai(3)-Destyn_Turtles' Combat Damage Step
Phase: Ai(3)-Destyn_Turtles' End of Combat Step
Phase: Ai(3)-Destyn_Turtles' Main phase, postcombat
Mana: Sodden Verdure (283) - {T}: Add {G}.
Mana: City of Brass (247) - {T}: Add one mana of any color.
Add To Stack: Ai(3)-Destyn_Turtles cast Everything Pizza
Add To Stack: Ai(3)-Destyn_Turtles triggered City of Brass
Damage: City of Brass (247) deals 1 non-combat damage to Ai(3)-Destyn_Turtles.
Life: Life: Ai(3)-Destyn_Turtles 38 > 37
Resolve Stack: Whenever City of Brass becomes tapped, it deals 1 damage to you. [Tapped: City of Brass (247)]
Resolve Stack: Everything Pizza
Add To Stack: Ai(3)-Destyn_Turtles triggered Everything Pizza
Resolve Stack: When this artifact enters, search your library for a basic land card, reveal it, put it into your hand, then shuffle. [Zone Changer: Everything Pizza (268)]
Phase: Ai(3)-Destyn_Turtles' End step
Phase: Ai(3)-Destyn_Turtles' Cleanup step
Turn: Turn 13 (Ai(4)-GGS_Orochi_only)
Phase: Ai(4)-GGS_Orochi_only's Untap step
Phase: Ai(4)-GGS_Orochi_only's Upkeep step
Mana: Morphic Pool (333) - {T}: Add {U} or {B}.
Mana: Raucous Theater (386) - {T}: Add {R}.
Life: Life: Ai(4)-GGS_Orochi_only 40 > 39
Mana: Mana Confluence (348) - {T}, Pay 1 life: Add one mana of any color.
Add To Stack: Ai(4)-GGS_Orochi_only cast Mithril Coat
Resolve Stack: Mithril Coat
Phase: Ai(4)-GGS_Orochi_only's Draw step
Phase: Ai(4)-GGS_Orochi_only's Main phase, precombat
Replacement Effect: As Blood Crypt enters, you may pay 2 life. If you don't, it enters tapped.
Land: Ai(4)-GGS_Orochi_only played Blood Crypt (368)
Phase: Ai(4)-GGS_Orochi_only's Beginning of Combat Step
Phase: Ai(4)-GGS_Orochi_only's Declare Attackers Step
Phase: Ai(4)-GGS_Orochi_only's Declare Blockers Step
Phase: Ai(4)-GGS_Orochi_only's First Strike Damage Step
Phase: Ai(4)-GGS_Orochi_only's Combat Damage Step
Phase: Ai(4)-GGS_Orochi_only's End of Combat Step
Phase: Ai(4)-GGS_Orochi_only's Main phase, postcombat
Phase: Ai(4)-GGS_Orochi_only's End step
Phase: Ai(4)-GGS_Orochi_only's Cleanup step
Turn: Turn 14 (Ai(1)-Jaymie_Ezio)
Phase: Ai(1)-Jaymie_Ezio's Untap step
Phase: Ai(1)-Jaymie_Ezio's Upkeep step
Phase: Ai(1)-Jaymie_Ezio's Draw step
Phase: Ai(1)-Jaymie_Ezio's Main phase, precombat
Mana: Command Tower (32) - {T}: Add one mana of any color in your commander's color identity.
Mana: Path of Ancestry (8) - {T}: Add one mana of any color in your commander's color identity. When that mana is spent to cast a creature spell that shares a creature type with your commander, scry 1. (Look at the top card of your library. You may put that card on the bottom.)
Mana: Plains (90) - {T}: Add {W}.
Mana: Smoldering Marsh (71) - {T}: Add {R}.
Add To Stack: Ai(1)-Jaymie_Ezio cast Coastal Piracy
Resolve Stack: Coastal Piracy
Phase: Ai(1)-Jaymie_Ezio's Beginning of Combat Step
Phase: Ai(1)-Jaymie_Ezio's Declare Attackers Step
Combat: Ai(1)-Jaymie_Ezio assigned Changeling Outcast (14) to attack Ai(2)-Gabe_Food.
Phase: Ai(1)-Jaymie_Ezio's Declare Blockers Step
Combat: Ai(2)-Gabe_Food didn't block Changeling Outcast (14).
Phase: Ai(1)-Jaymie_Ezio's First Strike Damage Step
Phase: Ai(1)-Jaymie_Ezio's Combat Damage Step
Damage: Changeling Outcast (14) deals 1 combat damage to Ai(2)-Gabe_Food.
Life: Life: Ai(2)-Gabe_Food 40 > 39
Add To Stack: Ai(1)-Jaymie_Ezio triggered Coastal Piracy
Resolve Stack: Whenever a creature you control deals combat damage to an opponent, you may draw a card. [Damage Source: Changeling Outcast (14), Damaged: Ai(2)-Gabe_Food, Amount: 1]
Phase: Ai(1)-Jaymie_Ezio's End of Combat Step
Phase: Ai(1)-Jaymie_Ezio's Main phase, postcombat
Land: Ai(1)-Jaymie_Ezio played Mountain (88)
Phase: Ai(1)-Jaymie_Ezio's End step
Phase: Ai(1)-Jaymie_Ezio's Cleanup step
Turn: Turn 15 (Ai(2)-Gabe_Food)
Phase: Ai(2)-Gabe_Food's Untap step
Phase: Ai(2)-Gabe_Food's Upkeep step
Phase: Ai(2)-Gabe_Food's Draw step
Phase: Ai(2)-Gabe_Food's Main phase, precombat
Land: Ai(2)-Gabe_Food played Shire Terrace (172)
Mana: Forest (140) - {T}: Add {G}.
Mana: Swamp (163) - {T}: Add {B}.
Mana: Command Tower (131) - {T}: Add one mana of any color in your commander's color identity.
Mana: Shire Terrace (172) - {T}: Add {C}.
Add To Stack: Ai(2)-Gabe_Food cast Assemble the Entmoot
Resolve Stack: Assemble the Entmoot
Phase: Ai(2)-Gabe_Food's Beginning of Combat Step
Add To Stack: Ai(2)-Gabe_Food triggered Sam, Loyal Attendant
Resolve Stack: At the beginning of combat on your turn, create a Food token. (It's an artifact with "{2}, {T}, Sacrifice this token: You gain 3 life.") [Phase: Ai(2)-Gabe_Food]
Phase: Ai(2)-Gabe_Food's Declare Attackers Step
Combat: Ai(2)-Gabe_Food assigned Sam, Loyal Attendant (202) to attack Ai(1)-Jaymie_Ezio.
Phase: Ai(2)-Gabe_Food's Declare Blockers Step
Combat: Ai(1)-Jaymie_Ezio didn't block Sam, Loyal Attendant (202).
Phase: Ai(2)-Gabe_Food's First Strike Damage Step
Phase: Ai(2)-Gabe_Food's Combat Damage Step
Damage: Sam, Loyal Attendant (202) deals 2 combat damage to Ai(1)-Jaymie_Ezio.
Life: Life: Ai(1)-Jaymie_Ezio 37 > 35
Phase: Ai(2)-Gabe_Food's End of Combat Step
Phase: Ai(2)-Gabe_Food's Main phase, postcombat
Phase: Ai(2)-Gabe_Food's End step
Phase: Ai(2)-Gabe_Food's Cleanup step
Turn: Turn 16 (Ai(3)-Destyn_Turtles)
Phase: Ai(3)-Destyn_Turtles' Untap step
Phase: Ai(3)-Destyn_Turtles' Upkeep step
Phase: Ai(3)-Destyn_Turtles' Draw step
Phase: Ai(3)-Destyn_Turtles' Main phase, precombat
Land: Ai(3)-Destyn_Turtles played Plains (290)
Phase: Ai(3)-Destyn_Turtles' Beginning of Combat Step
Phase: Ai(3)-Destyn_Turtles' Declare Attackers Step
Zone Change: Assemble the Entmoot (102) was put into Graveyard from Battlefield.
Add To Stack: Ai(2)-Gabe_Food activated Assemble the Entmoot
Resolve Stack: Assemble the Entmoot (102) - Ai(2)-Gabe_Food creates three tapped X/X green Treefolk creature tokens, where X is the amount of life you gained this turn. Put a reach counter on each of them. Ai(2)-Gabe_Food puts a reach counter on . 
Zone Change: Treefolk Token (426) was put into Graveyard from Battlefield.
Zone Change: Treefolk Token (427) was put into Graveyard from Battlefield.
Zone Change: Treefolk Token (428) was put into Graveyard from Battlefield.
Phase: Ai(3)-Destyn_Turtles' Declare Blockers Step
Phase: Ai(3)-Destyn_Turtles' First Strike Damage Step
Phase: Ai(3)-Destyn_Turtles' Combat Damage Step
Phase: Ai(3)-Destyn_Turtles' End of Combat Step
Phase: Ai(3)-Destyn_Turtles' Main phase, postcombat
Mana: Cinder Glade (218) - {T}: Add {R}.
Mana: Plains (290) - {T}: Add {W}.
Mana: Sodden Verdure (283) - {T}: Add {G}.
Mana: City of Brass (247) - {T}: Add one mana of any color.
Add To Stack: Ai(3)-Destyn_Turtles cast Casey Jones, Back Alley Brute
Add To Stack: Ai(3)-Destyn_Turtles triggered City of Brass
Damage: City of Brass (247) deals 1 non-combat damage to Ai(3)-Destyn_Turtles.
Life: Life: Ai(3)-Destyn_Turtles 37 > 36
Resolve Stack: Whenever City of Brass becomes tapped, it deals 1 damage to you. [Tapped: City of Brass (247)]
Resolve Stack: Casey Jones, Back Alley Brute - Creature 4 / 2
Phase: Ai(3)-Destyn_Turtles' End step
Phase: Ai(3)-Destyn_Turtles' Cleanup step
Turn: Turn 17 (Ai(4)-GGS_Orochi_only)
Phase: Ai(4)-GGS_Orochi_only's Untap step
Phase: Ai(4)-GGS_Orochi_only's Upkeep step
Phase: Ai(4)-GGS_Orochi_only's Draw step
Phase: Ai(4)-GGS_Orochi_only's Main phase, precombat
Land: Ai(4)-GGS_Orochi_only played Marsh Flats (384)
Life: Life: Ai(4)-GGS_Orochi_only 39 > 38
Zone Change: Marsh Flats (384) was put into Graveyard from Battlefield.
Add To Stack: Ai(4)-GGS_Orochi_only activated Marsh Flats
Replacement Effect: As Watery Grave enters, you may pay 2 life. If you don't, it enters tapped.
Resolve Stack: Marsh Flats (384) - Ai(4)-GGS_Orochi_only searches their library for a Plains or Swamp card, puts it onto the battlefield, then shuffles.
Phase: Ai(4)-GGS_Orochi_only's Beginning of Combat Step
Phase: Ai(4)-GGS_Orochi_only's Declare Attackers Step
Phase: Ai(4)-GGS_Orochi_only's Declare Blockers Step
Phase: Ai(4)-GGS_Orochi_only's First Strike Damage Step
Phase: Ai(4)-GGS_Orochi_only's Combat Damage Step
Phase: Ai(4)-GGS_Orochi_only's End of Combat Step
Phase: Ai(4)-GGS_Orochi_only's Main phase, postcombat
Mana: Raucous Theater (386) - {T}: Add {R}.
Mana: Morphic Pool (333) - {T}: Add {U} or {B}.
Mana: Blood Crypt (368) - {T}: Add {R}.
Life: Life: Ai(4)-GGS_Orochi_only 38 > 37
Mana: Mana Confluence (348) - {T}, Pay 1 life: Add one mana of any color.
Add To Stack: Ai(4)-GGS_Orochi_only cast Purphoros, God of the Forge
Resolve Stack: Purphoros, God of the Forge - Creature 6 / 5
Phase: Ai(4)-GGS_Orochi_only's End step
Phase: Ai(4)-GGS_Orochi_only's Cleanup step
Turn: Turn 18 (Ai(1)-Jaymie_Ezio)
Phase: Ai(1)-Jaymie_Ezio's Untap step
Phase: Ai(1)-Jaymie_Ezio's Upkeep step
Phase: Ai(1)-Jaymie_Ezio's Draw step
Phase: Ai(1)-Jaymie_Ezio's Main phase, precombat
Land: Ai(1)-Jaymie_Ezio played Island (33)
Mana: Plains (90) - {T}: Add {W}.
Mana: Mountain (88) - {T}: Add {R}.
Mana: Island (33) - {T}: Add {U}.
Add To Stack: Ai(1)-Jaymie_Ezio cast 
Resolve Stack: Disguise - Creature 2/2
Mana: Smoldering Marsh (71) - {T}: Add {B}.
Mana: Command Tower (32) - {T}: Add one mana of any color in your commander's color identity.
Resolve Stack: Ai(1)-Jaymie_Ezio has undisguised Arno Dorian
Mana: Path of Ancestry (8) - {T}: Add one mana of any color in your commander's color identity. When that mana is spent to cast a creature spell that shares a creature type with your commander, scry 1. (Look at the top card of your library. You may put that card on the bottom.)
Add To Stack: Ai(1)-Jaymie_Ezio cast Vorpal Sword
Resolve Stack: Vorpal Sword
Phase: Ai(1)-Jaymie_Ezio's Beginning of Combat Step
Phase: Ai(1)-Jaymie_Ezio's Declare Attackers Step
Combat: Ai(1)-Jaymie_Ezio assigned Changeling Outcast (14) and Assassin Initiate (51) to attack Ai(3)-Destyn_Turtles.
Phase: Ai(1)-Jaymie_Ezio's Declare Blockers Step
Combat: Ai(3)-Destyn_Turtles didn't block Changeling Outcast (14).
Ai(3)-Destyn_Turtles assigned Michelangelo, the Heart (301) to block Assassin Initiate (51).
Phase: Ai(1)-Jaymie_Ezio's First Strike Damage Step
Phase: Ai(1)-Jaymie_Ezio's Combat Damage Step
Damage: Changeling Outcast (14) deals 3 combat damage to Ai(3)-Destyn_Turtles.
Damage: Assassin Initiate (51) deals 3 damage to Michelangelo, the Heart (301).
Damage: Michelangelo, the Heart (301) deals 2 damage to Assassin Initiate (51).
Life: Life: Ai(3)-Destyn_Turtles 36 > 33
Zone Change: Assassin Initiate (51) was put into Graveyard from Battlefield.
Zone Change: Michelangelo, the Heart (301) was put into Graveyard from Battlefield.
Add To Stack: Ai(1)-Jaymie_Ezio triggered Coastal Piracy
Resolve Stack: Whenever a creature you control deals combat damage to an opponent, you may draw a card. [Damage Source: Changeling Outcast (14), Damaged: Ai(3)-Destyn_Turtles, Amount: 3]
Phase: Ai(1)-Jaymie_Ezio's End of Combat Step
Phase: Ai(1)-Jaymie_Ezio's Main phase, postcombat
Phase: Ai(1)-Jaymie_Ezio's End step
Phase: Ai(1)-Jaymie_Ezio's Cleanup step
Turn: Turn 19 (Ai(2)-Gabe_Food)
Phase: Ai(2)-Gabe_Food's Untap step
Phase: Ai(2)-Gabe_Food's Upkeep step
Mana: Forest (140) - {T}: Add {G}.
Zone Change: Shire Terrace (172) was put into Graveyard from Battlefield.
Add To Stack: Ai(2)-Gabe_Food activated Shire Terrace
Resolve Stack: Shire Terrace (172) - Ai(2)-Gabe_Food searches their library for a basic land card, puts it onto the battlefield tapped, then shuffles.
Phase: Ai(2)-Gabe_Food's Draw step
Phase: Ai(2)-Gabe_Food's Main phase, precombat
Mana: Command Tower (131) - {T}: Add one mana of any color in your commander's color identity.
Mana: Swamp (163) - {T}: Add {B}.
Add To Stack: Ai(2)-Gabe_Food cast Pippin, Warden of Isengard
Resolve Stack: Pippin, Warden of Isengard - Creature 2 / 2
Add To Stack: Ai(2)-Gabe_Food triggered Pippin, Warden of Isengard targeting [Ai(2)-Gabe_Food]
Resolve Stack: Partner with Merry, Warden of Isengard (When this creature enters, target player may put Merry into their hand from their library, then shuffle.) (Targeting: [[Ai(2)-Gabe_Food]]) [Zone Changer: Pippin, Warden of Isengard (141)]
Phase: Ai(2)-Gabe_Food's Beginning of Combat Step
Add To Stack: Ai(2)-Gabe_Food triggered Sam, Loyal Attendant
Resolve Stack: At the beginning of combat on your turn, create a Food token. (It's an artifact with "{2}, {T}, Sacrifice this token: You gain 3 life.") [Phase: Ai(2)-Gabe_Food]
Phase: Ai(2)-Gabe_Food's Declare Attackers Step
Phase: Ai(2)-Gabe_Food's Declare Blockers Step
Phase: Ai(2)-Gabe_Food's First Strike Damage Step
Phase: Ai(2)-Gabe_Food's Combat Damage Step
Phase: Ai(2)-Gabe_Food's End of Combat Step
Phase: Ai(2)-Gabe_Food's Main phase, postcombat
Phase: Ai(2)-Gabe_Food's End step
Phase: Ai(2)-Gabe_Food's Cleanup step
Turn: Turn 20 (Ai(3)-Destyn_Turtles)
Phase: Ai(3)-Destyn_Turtles' Untap step
Phase: Ai(3)-Destyn_Turtles' Upkeep step
Phase: Ai(3)-Destyn_Turtles' Draw step
Phase: Ai(3)-Destyn_Turtles' Main phase, precombat
Replacement Effect: Sunken Hollow enters tapped unless you control two or more basic lands.
Land: Ai(3)-Destyn_Turtles played Sunken Hollow (226)
Phase: Ai(3)-Destyn_Turtles' Beginning of Combat Step
Phase: Ai(3)-Destyn_Turtles' Declare Attackers Step
Combat: Ai(3)-Destyn_Turtles assigned Casey Jones, Back Alley Brute (208) to attack Ai(1)-Jaymie_Ezio.
Add To Stack: Ai(3)-Destyn_Turtles triggered Casey Jones, Back Alley Brute targeting [Casey Jones, Back Alley Brute (208)]
Resolve Stack: Whenever Casey Jones attacks, put a +1/+1 counter on target attacking creature. (Targeting: [[Casey Jones, Back Alley Brute (208)]]) [Attacker: Casey Jones, Back Alley Brute (208)]
Add To Stack: Ai(3)-Destyn_Turtles triggered Casey Jones, Back Alley Brute targeting [Ai(1)-Jaymie_Ezio]
Damage: Casey Jones, Back Alley Brute (208) deals 1 non-combat damage to Ai(1)-Jaymie_Ezio.
Life: Life: Ai(1)-Jaymie_Ezio 35 > 34
Resolve Stack: Whenever you put one or more +1/+1 counters on a creature you control, Casey Jones deals that much damage to target opponent. (Targeting: [[Ai(1)-Jaymie_Ezio]]) [Added once: Casey Jones, Back Alley Brute (208) Amount: 1]
Phase: Ai(3)-Destyn_Turtles' Declare Blockers Step
Combat: Ai(1)-Jaymie_Ezio didn't block Casey Jones, Back Alley Brute (208).
Phase: Ai(3)-Destyn_Turtles' First Strike Damage Step
Phase: Ai(3)-Destyn_Turtles' Combat Damage Step
Damage: Casey Jones, Back Alley Brute (208) deals 5 combat damage to Ai(1)-Jaymie_Ezio.
Life: Life: Ai(1)-Jaymie_Ezio 34 > 29
Phase: Ai(3)-Destyn_Turtles' End of Combat Step
Phase: Ai(3)-Destyn_Turtles' Main phase, postcombat
Mana: Cinder Glade (218) - {T}: Add {R}.
Mana: Plains (290) - {T}: Add {W}.
Mana: Sodden Verdure (283) - {T}: Add {G}.
Mana: City of Brass (247) - {T}: Add one mana of any color.
Add To Stack: Ai(3)-Destyn_Turtles cast Fast Forward
Add To Stack: Ai(3)-Destyn_Turtles triggered City of Brass
Damage: City of Brass (247) deals 1 non-combat damage to Ai(3)-Destyn_Turtles.
Life: Life: Ai(3)-Destyn_Turtles 33 > 32
Resolve Stack: Whenever City of Brass becomes tapped, it deals 1 damage to you. [Tapped: City of Brass (247)]
Resolve Stack: Fast Forward (233) - Ai(3)-Destyn_Turtles goads Changeling Outcast (14), Arno Dorian (24), Prize Pig (130), Sam, Loyal Attendant (202) and Pippin, Warden of Isengard (141).
Phase: Ai(3)-Destyn_Turtles' End step
Phase: Ai(3)-Destyn_Turtles' Cleanup step
Turn: Turn 21 (Ai(4)-GGS_Orochi_only)
Phase: Ai(4)-GGS_Orochi_only's Untap step
Phase: Ai(4)-GGS_Orochi_only's Upkeep step
Phase: Ai(4)-GGS_Orochi_only's Draw step
Phase: Ai(4)-GGS_Orochi_only's Main phase, precombat
Replacement Effect: Luxury Suite enters tapped unless you have two or more opponents.
Land: Ai(4)-GGS_Orochi_only played Luxury Suite (379)
Mana: Morphic Pool (333) - {T}: Add {U} or {B}.
Mana: Luxury Suite (379) - {T}: Add {B} or {R}.
Mana: Watery Grave (375) - {T}: Add {B}.
Add To Stack: Ai(4)-GGS_Orochi_only cast Goro-Goro and Satoru
Resolve Stack: Goro-Goro and Satoru - Creature 3 / 4
Add To Stack: Ai(4)-GGS_Orochi_only triggered Purphoros, God of the Forge
Damage: Purphoros, God of the Forge (365) deals 2 non-combat damage to Ai(1)-Jaymie_Ezio.
Damage: Purphoros, God of the Forge (365) deals 2 non-combat damage to Ai(2)-Gabe_Food.
Damage: Purphoros, God of the Forge (365) deals 2 non-combat damage to Ai(3)-Destyn_Turtles.
Life: Life: Ai(1)-Jaymie_Ezio 29 > 27
Life: Life: Ai(2)-Gabe_Food 39 > 37
Life: Life: Ai(3)-Destyn_Turtles 32 > 30
Resolve Stack: Whenever another creature you control enters, Purphoros, God of the Forge deals 2 damage to each opponent. [Zone Changer: Goro-Goro and Satoru (403)]
Mana: Raucous Theater (386) - {T}: Add {R}.
Mana: Blood Crypt (368) - {T}: Add {R}.
Life: Life: Ai(4)-GGS_Orochi_only 37 > 36
Mana: Mana Confluence (348) - {T}, Pay 1 life: Add one mana of any color.
Add To Stack: Ai(4)-GGS_Orochi_only activated Mithril Coat targeting [Goro-Goro and Satoru (403)]
Resolve Stack: Mithril Coat (394) -  Attach to Goro-Goro and Satoru (403)
Phase: Ai(4)-GGS_Orochi_only's Beginning of Combat Step
Phase: Ai(4)-GGS_Orochi_only's Declare Attackers Step
Phase: Ai(4)-GGS_Orochi_only's Declare Blockers Step
Phase: Ai(4)-GGS_Orochi_only's First Strike Damage Step
Phase: Ai(4)-GGS_Orochi_only's Combat Damage Step
Phase: Ai(4)-GGS_Orochi_only's End of Combat Step
Phase: Ai(4)-GGS_Orochi_only's Main phase, postcombat
Phase: Ai(4)-GGS_Orochi_only's End step
Phase: Ai(4)-GGS_Orochi_only's Cleanup step
Turn: Turn 22 (Ai(1)-Jaymie_Ezio)
Phase: Ai(1)-Jaymie_Ezio's Untap step
Phase: Ai(1)-Jaymie_Ezio's Upkeep step
Phase: Ai(1)-Jaymie_Ezio's Draw step
Phase: Ai(1)-Jaymie_Ezio's Main phase, precombat
Land: Ai(1)-Jaymie_Ezio played Kessig Wolf Run (4)
Mana: Smoldering Marsh (71) - {T}: Add {B}.
Mana: Command Tower (32) - {T}: Add one mana of any color in your commander's color identity.
Add To Stack: Ai(1)-Jaymie_Ezio activated Vorpal Sword targeting [Changeling Outcast (14)]
Resolve Stack: Vorpal Sword (10) -  Attach to Changeling Outcast (14)
Phase: Ai(1)-Jaymie_Ezio's Beginning of Combat Step
Phase: Ai(1)-Jaymie_Ezio's Declare Attackers Step
Combat: Ai(1)-Jaymie_Ezio assigned Changeling Outcast (14) and Arno Dorian (24) to attack Ai(2)-Gabe_Food.
Phase: Ai(1)-Jaymie_Ezio's Declare Blockers Step
Combat: Ai(2)-Gabe_Food didn't block Changeling Outcast (14).
Ai(2)-Gabe_Food didn't block Arno Dorian (24).
Phase: Ai(1)-Jaymie_Ezio's First Strike Damage Step
Phase: Ai(1)-Jaymie_Ezio's Combat Damage Step
Damage: Changeling Outcast (14) deals 5 combat damage to Ai(2)-Gabe_Food.
Damage: Arno Dorian (24) deals 3 combat damage to Ai(2)-Gabe_Food.
Life: Life: Ai(2)-Gabe_Food 37 > 29
Add To Stack: Ai(1)-Jaymie_Ezio triggered Coastal Piracy
Add To Stack: Ai(1)-Jaymie_Ezio triggered Coastal Piracy
Resolve Stack: Whenever a creature you control deals combat damage to an opponent, you may draw a card. [Damage Source: Arno Dorian (24), Damaged: Ai(2)-Gabe_Food, Amount: 3]
Resolve Stack: Whenever a creature you control deals combat damage to an opponent, you may draw a card. [Damage Source: Changeling Outcast (14), Damaged: Ai(2)-Gabe_Food, Amount: 5]
Phase: Ai(1)-Jaymie_Ezio's End of Combat Step
Phase: Ai(1)-Jaymie_Ezio's Main phase, postcombat
Mana: Path of Ancestry (8) - {T}: Add one mana of any color in your commander's color identity. When that mana is spent to cast a creature spell that shares a creature type with your commander, scry 1. (Look at the top card of your library. You may put that card on the bottom.)
Mana: Island (33) - {T}: Add {U}.
Mana: Mountain (88) - {T}: Add {R}.
Mana: Plains (90) - {T}: Add {W}.
Mana: Kessig Wolf Run (4) - {T}: Add {C}.
Add To Stack: Ai(1)-Jaymie_Ezio cast Edward Kenway
Add To Stack: Ai(1)-Jaymie_Ezio triggered Path of Ancestry
Resolve Stack: Ai(1)-Jaymie_Ezio scried 1 card(s) to the top of the library
Resolve Stack: When mana produced by Path of Ancestry is spent to cast a creature spell that shares a creature type with your commander, scry 1. ([Edward Kenway - Creature 5 / 5]) [Card: Edward Kenway (5), Activator: Ai(1)-Jaymie_Ezio, SpellAbility: Edward Kenway - Creature 5 / 5]
Resolve Stack: Edward Kenway - Creature 5 / 5
Phase: Ai(1)-Jaymie_Ezio's End step
Add To Stack: Ai(1)-Jaymie_Ezio triggered Edward Kenway
Resolve Stack: At the beginning of your end step, create a Treasure token for each tapped Assassin, Pirate, and/or Vehicle you control. [Phase: Ai(1)-Jaymie_Ezio]
Phase: Ai(1)-Jaymie_Ezio's Cleanup step
Turn: Turn 23 (Ai(2)-Gabe_Food)
Phase: Ai(2)-Gabe_Food's Untap step
Phase: Ai(2)-Gabe_Food's Upkeep step
Phase: Ai(2)-Gabe_Food's Draw step
Phase: Ai(2)-Gabe_Food's Main phase, precombat
Phase: Ai(2)-Gabe_Food's Beginning of Combat Step
Add To Stack: Ai(2)-Gabe_Food triggered Sam, Loyal Attendant
Resolve Stack: At the beginning of combat on your turn, create a Food token. (It's an artifact with "{2}, {T}, Sacrifice this token: You gain 3 life.") [Phase: Ai(2)-Gabe_Food]
Phase: Ai(2)-Gabe_Food's Declare Attackers Step
Combat: Ai(2)-Gabe_Food assigned Sam, Loyal Attendant (202), Pippin, Warden of Isengard (141) and Prize Pig (130) to attack Ai(1)-Jaymie_Ezio.
Zone Change: Treasure Token (435) was put into Graveyard from Battlefield.
Mana: Treasure Token (435) - {T}, Sacrifice this token: Add one mana of any color.
Discard: Ai(1)-Jaymie_Ezio discards Eiganjo, Seat of the Empire (16).
Add To Stack: Ai(1)-Jaymie_Ezio activated Eiganjo, Seat of the Empire targeting [Sam, Loyal Attendant (202)]
Damage: Eiganjo, Seat of the Empire (16) deals 4 damage to Sam, Loyal Attendant (202).
Resolve Stack: Eiganjo, Seat of the Empire (16) - Eiganjo, Seat of the Empire (16) deals 4 damage to Sam, Loyal Attendant (202).
Zone Change: Sam, Loyal Attendant (202) was put into Graveyard from Battlefield.
Phase: Ai(2)-Gabe_Food's Declare Blockers Step
Combat: Ai(1)-Jaymie_Ezio assigned Edward Kenway (5) to block Pippin, Warden of Isengard (141).
Ai(1)-Jaymie_Ezio didn't block Prize Pig (130).
Phase: Ai(2)-Gabe_Food's First Strike Damage Step
Phase: Ai(2)-Gabe_Food's Combat Damage Step
Damage: Pippin, Warden of Isengard (141) deals 2 damage to Edward Kenway (5).
Damage: Edward Kenway (5) deals 7 damage to Pippin, Warden of Isengard (141).
Zone Change: Pippin, Warden of Isengard (141) was put into Graveyard from Battlefield.
Phase: Ai(2)-Gabe_Food's End of Combat Step
Phase: Ai(2)-Gabe_Food's Main phase, postcombat
Mana: Forest (140) - {T}: Add {G}.
Mana: Swamp (163) - {T}: Add {B}.
Mana: Plains (187) - {T}: Add {W}.
Mana: Command Tower (131) - {T}: Add one mana of any color in your commander's color identity.
Add To Stack: Ai(2)-Gabe_Food cast Well of Lost Dreams
Resolve Stack: Well of Lost Dreams
Phase: Ai(2)-Gabe_Food's End step
Phase: Ai(2)-Gabe_Food's Cleanup step
Turn: Turn 24 (Ai(3)-Destyn_Turtles)
Phase: Ai(3)-Destyn_Turtles' Untap step
Phase: Ai(3)-Destyn_Turtles' Upkeep step
Phase: Ai(3)-Destyn_Turtles' Draw step
Phase: Ai(3)-Destyn_Turtles' Main phase, precombat
Mana: Sodden Verdure (283) - {T}: Add {G}.
Mana: Cinder Glade (218) - {T}: Add {G}.
Mana: Plains (290) - {T}: Add {W}.
Mana: Sunken Hollow (226) - {T}: Add {B}.
Mana: City of Brass (247) - {T}: Add one mana of any color.
Add To Stack: Ai(3)-Destyn_Turtles cast Acidic Slime
Add To Stack: Ai(3)-Destyn_Turtles triggered City of Brass
Damage: City of Brass (247) deals 1 non-combat damage to Ai(3)-Destyn_Turtles.
Life: Life: Ai(3)-Destyn_Turtles 30 > 29
Resolve Stack: Whenever City of Brass becomes tapped, it deals 1 damage to you. [Tapped: City of Brass (247)]
Resolve Stack: Acidic Slime - Creature 2 / 2
Add To Stack: Ai(3)-Destyn_Turtles triggered Acidic Slime targeting [Coastal Piracy (1)]
Zone Change: Coastal Piracy (1) was put into Graveyard from Battlefield.
Resolve Stack: When Acidic Slime enters, destroy target artifact, enchantment, or land. (Targeting: [[Coastal Piracy (1)]]) [Zone Changer: Acidic Slime (264)]
Phase: Ai(3)-Destyn_Turtles' Beginning of Combat Step
Phase: Ai(3)-Destyn_Turtles' Declare Attackers Step
Combat: Ai(3)-Destyn_Turtles assigned Casey Jones, Back Alley Brute (208) to attack Ai(1)-Jaymie_Ezio.
Add To Stack: Ai(3)-Destyn_Turtles triggered Casey Jones, Back Alley Brute targeting [Casey Jones, Back Alley Brute (208)]
Resolve Stack: Whenever Casey Jones attacks, put a +1/+1 counter on target attacking creature. (Targeting: [[Casey Jones, Back Alley Brute (208)]]) [Attacker: Casey Jones, Back Alley Brute (208)]
Add To Stack: Ai(3)-Destyn_Turtles triggered Casey Jones, Back Alley Brute targeting [Ai(1)-Jaymie_Ezio]
Damage: Casey Jones, Back Alley Brute (208) deals 1 non-combat damage to Ai(1)-Jaymie_Ezio.
Life: Life: Ai(1)-Jaymie_Ezio 27 > 26
Resolve Stack: Whenever you put one or more +1/+1 counters on a creature you control, Casey Jones deals that much damage to target opponent. (Targeting: [[Ai(1)-Jaymie_Ezio]]) [Added once: Casey Jones, Back Alley Brute (208) Amount: 1]
Phase: Ai(3)-Destyn_Turtles' Declare Blockers Step
Combat: Ai(1)-Jaymie_Ezio didn't block Casey Jones, Back Alley Brute (208).
Phase: Ai(3)-Destyn_Turtles' First Strike Damage Step
Phase: Ai(3)-Destyn_Turtles' Combat Damage Step
Damage: Casey Jones, Back Alley Brute (208) deals 6 combat damage to Ai(1)-Jaymie_Ezio.
Life: Life: Ai(1)-Jaymie_Ezio 26 > 20
Phase: Ai(3)-Destyn_Turtles' End of Combat Step
Phase: Ai(3)-Destyn_Turtles' Main phase, postcombat
Phase: Ai(3)-Destyn_Turtles' End step
Phase: Ai(3)-Destyn_Turtles' Cleanup step
Turn: Turn 25 (Ai(4)-GGS_Orochi_only)
Phase: Ai(4)-GGS_Orochi_only's Untap step
Phase: Ai(4)-GGS_Orochi_only's Upkeep step
Phase: Ai(4)-GGS_Orochi_only's Draw step
Phase: Ai(4)-GGS_Orochi_only's Main phase, precombat
Mana: Luxury Suite (379) - {T}: Add {B} or {R}.
Mana: Morphic Pool (333) - {T}: Add {U} or {B}.
Add To Stack: Ai(4)-GGS_Orochi_only cast Dragon Tempest
Resolve Stack: Dragon Tempest
Phase: Ai(4)-GGS_Orochi_only's Beginning of Combat Step
Phase: Ai(4)-GGS_Orochi_only's Declare Attackers Step
Phase: Ai(4)-GGS_Orochi_only's Declare Blockers Step
Phase: Ai(4)-GGS_Orochi_only's First Strike Damage Step
Phase: Ai(4)-GGS_Orochi_only's Combat Damage Step
Phase: Ai(4)-GGS_Orochi_only's End of Combat Step
Phase: Ai(4)-GGS_Orochi_only's Main phase, postcombat
Mana: Raucous Theater (386) - {T}: Add {R}.
Mana: Blood Crypt (368) - {T}: Add {R}.
Add To Stack: Ai(4)-GGS_Orochi_only cast Talisman of Indulgence
Resolve Stack: Talisman of Indulgence
Phase: Ai(4)-GGS_Orochi_only's End step
Phase: Ai(4)-GGS_Orochi_only's Cleanup step
Turn: Turn 26 (Ai(1)-Jaymie_Ezio)
Phase: Ai(1)-Jaymie_Ezio's Untap step
Phase: Ai(1)-Jaymie_Ezio's Upkeep step
Phase: Ai(1)-Jaymie_Ezio's Draw step
Mana: Plains (90) - {T}: Add {W}.
Mana: Mountain (88) - {T}: Add {R}.
Mana: Island (33) - {T}: Add {U}.
Add To Stack: Ai(1)-Jaymie_Ezio cast Smoke Bomb
Resolve Stack: Smoke Bomb
Phase: Ai(1)-Jaymie_Ezio's Main phase, precombat
Phase: Ai(1)-Jaymie_Ezio's Beginning of Combat Step
Phase: Ai(1)-Jaymie_Ezio's Declare Attackers Step
Combat: Ai(1)-Jaymie_Ezio assigned Changeling Outcast (14) to attack Ai(4)-GGS_Orochi_only.
Phase: Ai(1)-Jaymie_Ezio's Declare Blockers Step
Combat: Ai(4)-GGS_Orochi_only didn't block Changeling Outcast (14).
Phase: Ai(1)-Jaymie_Ezio's First Strike Damage Step
Phase: Ai(1)-Jaymie_Ezio's Combat Damage Step
Damage: Changeling Outcast (14) deals 5 combat damage to Ai(4)-GGS_Orochi_only.
Life: Life: Ai(4)-GGS_Orochi_only 36 > 31
Phase: Ai(1)-Jaymie_Ezio's End of Combat Step
Phase: Ai(1)-Jaymie_Ezio's Main phase, postcombat
Mana: Command Tower (32) - {T}: Add one mana of any color in your commander's color identity.
Mana: Smoldering Marsh (71) - {T}: Add {B}.
Mana: Path of Ancestry (8) - {T}: Add one mana of any color in your commander's color identity. When that mana is spent to cast a creature spell that shares a creature type with your commander, scry 1. (Look at the top card of your library. You may put that card on the bottom.)
Add To Stack: Ai(1)-Jaymie_Ezio cast Rooftop Bypass
Resolve Stack: Rooftop Bypass
Zone Change: Treasure Token (434) was put into Graveyard from Battlefield.
Mana: Treasure Token (434) - {T}, Sacrifice this token: Add one mana of any color.
Mana: Kessig Wolf Run (4) - {T}: Add {C}.
Add To Stack: Ai(1)-Jaymie_Ezio cast Ezio Auditore da Firenze
Resolve Stack: Ezio Auditore da Firenze - Creature 3 / 2
Phase: Ai(1)-Jaymie_Ezio's End step
Add To Stack: Ai(1)-Jaymie_Ezio triggered Edward Kenway
Resolve Stack: At the beginning of your end step, create a Treasure token for each tapped Assassin, Pirate, and/or Vehicle you control. [Phase: Ai(1)-Jaymie_Ezio]
Phase: Ai(1)-Jaymie_Ezio's Cleanup step
Turn: Turn 27 (Ai(2)-Gabe_Food)
Phase: Ai(2)-Gabe_Food's Untap step
Phase: Ai(2)-Gabe_Food's Upkeep step
Phase: Ai(2)-Gabe_Food's Draw step
Phase: Ai(2)-Gabe_Food's Main phase, precombat
Mana: Plains (187) - {T}: Add {W}.
Mana: Forest (140) - {T}: Add {G}.
Mana: Swamp (163) - {T}: Add {B}.
Mana: Command Tower (131) - {T}: Add one mana of any color in your commander's color identity.
Mana: Prize Pig (130) - {T}: Add one mana of any color.
Add To Stack: Ai(2)-Gabe_Food cast Sam, Loyal Attendant
Resolve Stack: Sam, Loyal Attendant - Creature 2 / 4
Add To Stack: Ai(2)-Gabe_Food triggered Sam, Loyal Attendant targeting [Ai(2)-Gabe_Food]
Resolve Stack: Partner with Frodo, Adventurous Hobbit (When this creature enters, target player may put Frodo into their hand from their library, then shuffle.) (Targeting: [[Ai(2)-Gabe_Food]]) [Zone Changer: Sam, Loyal Attendant (202)]
Phase: Ai(2)-Gabe_Food's Beginning of Combat Step
Add To Stack: Ai(2)-Gabe_Food triggered Sam, Loyal Attendant
Resolve Stack: At the beginning of combat on your turn, create a Food token. (It's an artifact with "{2}, {T}, Sacrifice this token: You gain 3 life.") [Phase: Ai(2)-Gabe_Food]
Phase: Ai(2)-Gabe_Food's Declare Attackers Step
Phase: Ai(2)-Gabe_Food's Declare Blockers Step
Phase: Ai(2)-Gabe_Food's First Strike Damage Step
Phase: Ai(2)-Gabe_Food's Combat Damage Step
Phase: Ai(2)-Gabe_Food's End of Combat Step
Phase: Ai(2)-Gabe_Food's Main phase, postcombat
Phase: Ai(2)-Gabe_Food's End step
Phase: Ai(2)-Gabe_Food's Cleanup step
Turn: Turn 28 (Ai(3)-Destyn_Turtles)
Phase: Ai(3)-Destyn_Turtles' Untap step
Phase: Ai(3)-Destyn_Turtles' Upkeep step
Phase: Ai(3)-Destyn_Turtles' Draw step
Phase: Ai(3)-Destyn_Turtles' Main phase, precombat
Mana: Sodden Verdure (283) - {T}: Add {U}.
Mana: Plains (290) - {T}: Add {W}.
Mana: Sunken Hollow (226) - {T}: Add {B}.
Mana: Cinder Glade (218) - {T}: Add {G}.
Add To Stack: Ai(3)-Destyn_Turtles cast Baxter, Fly in the Ointment
Resolve Stack: Baxter, Fly in the Ointment - Creature 2 / 2
Add To Stack: Ai(3)-Destyn_Turtles triggered Baxter, Fly in the Ointment
Resolve Stack: Whenever Baxter enters or attacks, each creature you control with a counter on it gains flying until end of turn. [Zone Changer: Baxter, Fly in the Ointment (229)]
Phase: Ai(3)-Destyn_Turtles' Beginning of Combat Step
Phase: Ai(3)-Destyn_Turtles' Declare Attackers Step
Combat: Ai(3)-Destyn_Turtles assigned Casey Jones, Back Alley Brute (208) to attack Ai(1)-Jaymie_Ezio.
Phase: Ai(3)-Destyn_Turtles' Declare Blockers Step
Combat: Ai(1)-Jaymie_Ezio didn't block Casey Jones, Back Alley Brute (208).
Phase: Ai(3)-Destyn_Turtles' First Strike Damage Step
Phase: Ai(3)-Destyn_Turtles' Combat Damage Step
Damage: Casey Jones, Back Alley Brute (208) deals 6 combat damage to Ai(1)-Jaymie_Ezio.
Life: Life: Ai(1)-Jaymie_Ezio 20 > 14
Phase: Ai(3)-Destyn_Turtles' End of Combat Step
Phase: Ai(3)-Destyn_Turtles' Main phase, postcombat
Phase: Ai(3)-Destyn_Turtles' End step
Phase: Ai(3)-Destyn_Turtles' Cleanup step
Turn: Turn 29 (Ai(4)-GGS_Orochi_only)
Phase: Ai(4)-GGS_Orochi_only's Untap step
Phase: Ai(4)-GGS_Orochi_only's Upkeep step
Phase: Ai(4)-GGS_Orochi_only's Draw step
Phase: Ai(4)-GGS_Orochi_only's Main phase, precombat
Mana: Luxury Suite (379) - {T}: Add {B} or {R}.
Add To Stack: Ai(4)-GGS_Orochi_only cast Phoenix Chick
Resolve Stack: Phoenix Chick - Creature 1 / 1
Add To Stack: Ai(4)-GGS_Orochi_only triggered Purphoros, God of the Forge
Add To Stack: Ai(4)-GGS_Orochi_only triggered Dragon Tempest
Resolve Stack: Whenever a creature you control with flying enters, it gains haste until end of turn. [Zone Changer: Phoenix Chick (373)]
Damage: Purphoros, God of the Forge (365) deals 2 non-combat damage to Ai(1)-Jaymie_Ezio.
Damage: Purphoros, God of the Forge (365) deals 2 non-combat damage to Ai(2)-Gabe_Food.
Damage: Purphoros, God of the Forge (365) deals 2 non-combat damage to Ai(3)-Destyn_Turtles.
Life: Life: Ai(1)-Jaymie_Ezio 14 > 12
Life: Life: Ai(2)-Gabe_Food 29 > 27
Life: Life: Ai(3)-Destyn_Turtles 29 > 27
Resolve Stack: Whenever another creature you control enters, Purphoros, God of the Forge deals 2 damage to each opponent. [Zone Changer: Phoenix Chick (373)]
Phase: Ai(4)-GGS_Orochi_only's Beginning of Combat Step
Phase: Ai(4)-GGS_Orochi_only's Declare Attackers Step
Combat: Ai(4)-GGS_Orochi_only assigned Phoenix Chick (373) to attack Ai(1)-Jaymie_Ezio.
Phase: Ai(4)-GGS_Orochi_only's Declare Blockers Step
Combat: Ai(1)-Jaymie_Ezio didn't block Phoenix Chick (373).
Phase: Ai(4)-GGS_Orochi_only's First Strike Damage Step
Phase: Ai(4)-GGS_Orochi_only's Combat Damage Step
Damage: Phoenix Chick (373) deals 1 combat damage to Ai(1)-Jaymie_Ezio.
Life: Life: Ai(1)-Jaymie_Ezio 12 > 11
Add To Stack: Ai(4)-GGS_Orochi_only triggered Goro-Goro and Satoru
Resolve Stack: Whenever one or more creatures you control that entered this turn deal combat damage to a player, create a 5/5 red Dragon Spirit creature token with flying. [Damaged: Ai(1)-Jaymie_Ezio, Amount: 1]
Add To Stack: Ai(4)-GGS_Orochi_only triggered Purphoros, God of the Forge
Add To Stack: Ai(4)-GGS_Orochi_only triggered Dragon Tempest targeting [Ai(1)-Jaymie_Ezio]
Add To Stack: Ai(4)-GGS_Orochi_only triggered Dragon Tempest
Resolve Stack: Whenever a creature you control with flying enters, it gains haste until end of turn. [Zone Changer: Dragon Spirit Token (451)]
Damage: Dragon Spirit Token (451) deals 1 non-combat damage to Ai(1)-Jaymie_Ezio.
Life: Life: Ai(1)-Jaymie_Ezio 11 > 10
Resolve Stack: Whenever a Dragon you control enters, it deals X damage to any target, where X is the number of Dragons you control. (Targeting: [[Ai(1)-Jaymie_Ezio]]) [Zone Changer: Dragon Spirit Token (451)]
Damage: Purphoros, God of the Forge (365) deals 2 non-combat damage to Ai(1)-Jaymie_Ezio.
Damage: Purphoros, God of the Forge (365) deals 2 non-combat damage to Ai(2)-Gabe_Food.
Damage: Purphoros, God of the Forge (365) deals 2 non-combat damage to Ai(3)-Destyn_Turtles.
Life: Life: Ai(1)-Jaymie_Ezio 10 > 8
Life: Life: Ai(2)-Gabe_Food 27 > 25
Life: Life: Ai(3)-Destyn_Turtles 27 > 25
Resolve Stack: Whenever another creature you control enters, Purphoros, God of the Forge deals 2 damage to each opponent. [Zone Changer: Dragon Spirit Token (451)]
Phase: Ai(4)-GGS_Orochi_only's End of Combat Step
Phase: Ai(4)-GGS_Orochi_only's Main phase, postcombat
Phase: Ai(4)-GGS_Orochi_only's End step
Phase: Ai(4)-GGS_Orochi_only's Cleanup step
Turn: Turn 30 (Ai(1)-Jaymie_Ezio)
Phase: Ai(1)-Jaymie_Ezio's Untap step
Phase: Ai(1)-Jaymie_Ezio's Upkeep step
Add To Stack: Ai(1)-Jaymie_Ezio triggered Smoke Bomb
Zone Change: Smoke Bomb (52) was put into Graveyard from Battlefield.
Resolve Stack: At the beginning of your upkeep, sacrifice Smoke Bomb. When you do, target creature you control can't be blocked this turn. [Phase: Ai(1)-Jaymie_Ezio]
Add To Stack: Ai(1)-Jaymie_Ezio triggered Smoke Bomb targeting [Changeling Outcast (14)]
Resolve Stack: When you do, target creature you control can't be blocked this turn. (Targeting: [[Changeling Outcast (14)]])
Phase: Ai(1)-Jaymie_Ezio's Draw step
Phase: Ai(1)-Jaymie_Ezio's Main phase, precombat
Phase: Ai(1)-Jaymie_Ezio's Beginning of Combat Step
Phase: Ai(1)-Jaymie_Ezio's Declare Attackers Step
Combat: Ai(1)-Jaymie_Ezio assigned Changeling Outcast (14) to attack Ai(4)-GGS_Orochi_only.
Phase: Ai(1)-Jaymie_Ezio's Declare Blockers Step
Combat: Ai(4)-GGS_Orochi_only didn't block Changeling Outcast (14).
Phase: Ai(1)-Jaymie_Ezio's First Strike Damage Step
Phase: Ai(1)-Jaymie_Ezio's Combat Damage Step
Damage: Changeling Outcast (14) deals 5 combat damage to Ai(4)-GGS_Orochi_only.
Life: Life: Ai(4)-GGS_Orochi_only 31 > 26
Add To Stack: Ai(1)-Jaymie_Ezio triggered Rooftop Bypass
Resolve Stack: Whenever one or more nontoken creatures you control deal combat damage to a player, create a 1/1 black Assassin creature token with menace. (It can't be blocked except by two or more creatures.) [Damaged: Ai(4)-GGS_Orochi_only, Amount: 5]
Phase: Ai(1)-Jaymie_Ezio's End of Combat Step
Phase: Ai(1)-Jaymie_Ezio's Main phase, postcombat
Replacement Effect: Thriving Grove enters tapped.
Replacement Effect: As Thriving Grove enters, choose a color other than green.
Land: Ai(1)-Jaymie_Ezio played Thriving Grove (27)
Mana: Plains (90) - {T}: Add {W}.
Mana: Island (33) - {T}: Add {U}.
Mana: Mountain (88) - {T}: Add {R}.
Discard: Ai(1)-Jaymie_Ezio discards Perilous Landscape (26).
Add To Stack: Ai(1)-Jaymie_Ezio activated Perilous Landscape
Resolve Stack: Perilous Landscape (26) - Ai(1)-Jaymie_Ezio draws a card.
Phase: Ai(1)-Jaymie_Ezio's End step
Add To Stack: Ai(1)-Jaymie_Ezio triggered Edward Kenway
Resolve Stack: At the beginning of your end step, create a Treasure token for each tapped Assassin, Pirate, and/or Vehicle you control. [Phase: Ai(1)-Jaymie_Ezio]
Phase: Ai(1)-Jaymie_Ezio's Cleanup step
Turn: Turn 31 (Ai(2)-Gabe_Food)
Phase: Ai(2)-Gabe_Food's Untap step
Phase: Ai(2)-Gabe_Food's Upkeep step
Phase: Ai(2)-Gabe_Food's Draw step
Phase: Ai(2)-Gabe_Food's Main phase, precombat
Phase: Ai(2)-Gabe_Food's Beginning of Combat Step
Add To Stack: Ai(2)-Gabe_Food triggered Sam, Loyal Attendant
Resolve Stack: At the beginning of combat on your turn, create a Food token. (It's an artifact with "{2}, {T}, Sacrifice this token: You gain 3 life.") [Phase: Ai(2)-Gabe_Food]
Phase: Ai(2)-Gabe_Food's Declare Attackers Step
Phase: Ai(2)-Gabe_Food's Declare Blockers Step
Phase: Ai(2)-Gabe_Food's First Strike Damage Step
Phase: Ai(2)-Gabe_Food's Combat Damage Step
Phase: Ai(2)-Gabe_Food's End of Combat Step
Phase: Ai(2)-Gabe_Food's Main phase, postcombat
Mana: Plains (187) - {T}: Add {W}.
Mana: Command Tower (131) - {T}: Add one mana of any color in your commander's color identity.
Mana: Swamp (163) - {T}: Add {B}.
Mana: Forest (140) - {T}: Add {G}.
Mana: Prize Pig (130) - {T}: Add one mana of any color.
Add To Stack: Ai(2)-Gabe_Food cast Call for Unity
Resolve Stack: Call for Unity
Phase: Ai(2)-Gabe_Food's End step
Phase: Ai(2)-Gabe_Food's Cleanup step
Turn: Turn 32 (Ai(3)-Destyn_Turtles)
Phase: Ai(3)-Destyn_Turtles' Untap step
Phase: Ai(3)-Destyn_Turtles' Upkeep step
Phase: Ai(3)-Destyn_Turtles' Draw step
Add To Stack: Ai(3)-Destyn_Turtles triggered Baxter, Fly in the Ointment
Resolve Stack: Whenever you draw a card, put a +1/+1 counter on Baxter. [Player: Ai(3)-Destyn_Turtles]
Add To Stack: Ai(3)-Destyn_Turtles triggered Casey Jones, Back Alley Brute targeting [Ai(1)-Jaymie_Ezio]
Damage: Casey Jones, Back Alley Brute (208) deals 1 non-combat damage to Ai(1)-Jaymie_Ezio.
Life: Life: Ai(1)-Jaymie_Ezio 8 > 7
Resolve Stack: Whenever you put one or more +1/+1 counters on a creature you control, Casey Jones deals that much damage to target opponent. (Targeting: [[Ai(1)-Jaymie_Ezio]]) [Added once: Baxter, Fly in the Ointment (229) Amount: 1]
Phase: Ai(3)-Destyn_Turtles' Main phase, precombat
Phase: Ai(3)-Destyn_Turtles' Beginning of Combat Step
Phase: Ai(3)-Destyn_Turtles' Declare Attackers Step
Phase: Ai(3)-Destyn_Turtles' Declare Blockers Step
Phase: Ai(3)-Destyn_Turtles' First Strike Damage Step
Phase: Ai(3)-Destyn_Turtles' Combat Damage Step
Phase: Ai(3)-Destyn_Turtles' End of Combat Step
Phase: Ai(3)-Destyn_Turtles' Main phase, postcombat
Mana: Plains (290) - {T}: Add {W}.
Mana: Sunken Hollow (226) - {T}: Add {B}.
Mana: Cinder Glade (218) - {T}: Add {G}.
Mana: Sodden Verdure (283) - {T}: Add {G}.
Add To Stack: Ai(3)-Destyn_Turtles cast Leonardo, the Balance
Resolve Stack: Leonardo, the Balance - Creature 3 / 3
Phase: Ai(3)-Destyn_Turtles' End step
Phase: Ai(3)-Destyn_Turtles' Cleanup step
Turn: Turn 33 (Ai(4)-GGS_Orochi_only)
Phase: Ai(4)-GGS_Orochi_only's Untap step
Phase: Ai(4)-GGS_Orochi_only's Upkeep step
Phase: Ai(4)-GGS_Orochi_only's Draw step
Phase: Ai(4)-GGS_Orochi_only's Main phase, precombat
Replacement Effect: As Steam Vents enters, you may pay 2 life. If you don't, it enters tapped.
Land: Ai(4)-GGS_Orochi_only played Steam Vents (346)
Phase: Ai(4)-GGS_Orochi_only's Beginning of Combat Step
Phase: Ai(4)-GGS_Orochi_only's Declare Attackers Step
Combat: Ai(4)-GGS_Orochi_only assigned Phoenix Chick (373) and Dragon Spirit Token (451) to attack Ai(1)-Jaymie_Ezio.
Phase: Ai(4)-GGS_Orochi_only's Declare Blockers Step
Combat: Ai(1)-Jaymie_Ezio didn't block Phoenix Chick (373).
Ai(1)-Jaymie_Ezio didn't block Dragon Spirit Token (451).
Mana: Luxury Suite (379) - {T}: Add {B} or {R}.
Mana: Morphic Pool (333) - {T}: Add {U} or {B}.
Mana: Raucous Theater (386) - {T}: Add {R}.
Add To Stack: Ai(4)-GGS_Orochi_only activated Purphoros, God of the Forge
Resolve Stack: Purphoros, God of the Forge (365) - Creatures you control get +1/+0 until end of turn.
Mana: Blood Crypt (368) - {T}: Add {R}.
Mana: Watery Grave (375) - {T}: Add {B}.
Mana: Talisman of Indulgence (315) - {T}: Add {C}.
Add To Stack: Ai(4)-GGS_Orochi_only activated Purphoros, God of the Forge
Resolve Stack: Purphoros, God of the Forge (365) - Creatures you control get +1/+0 until end of turn.
Phase: Ai(4)-GGS_Orochi_only's First Strike Damage Step
Phase: Ai(4)-GGS_Orochi_only's Combat Damage Step
Damage: Phoenix Chick (373) deals 3 combat damage to Ai(1)-Jaymie_Ezio.
Damage: Dragon Spirit Token (451) deals 7 combat damage to Ai(1)-Jaymie_Ezio.
Life: Life: Ai(1)-Jaymie_Ezio 7 > -3
Phase: Ai(4)-GGS_Orochi_only's End of Combat Step
Phase: Ai(4)-GGS_Orochi_only's Main phase, postcombat
Phase: Ai(4)-GGS_Orochi_only's End step
Phase: Ai(4)-GGS_Orochi_only's Cleanup step
Turn: Turn 34 (Ai(2)-Gabe_Food)
Phase: Ai(2)-Gabe_Food's Untap step
Phase: Ai(2)-Gabe_Food's Upkeep step
Phase: Ai(2)-Gabe_Food's Draw step
Mana: Plains (187) - {T}: Add {W}.
Mana: Swamp (163) - {T}: Add {B}.
Mana: Forest (140) - {T}: Add {G}.
Add To Stack: Ai(2)-Gabe_Food cast Mortify targeting [Dragon Spirit Token (451)]
Zone Change: Dragon Spirit Token (451) was put into Graveyard from Battlefield.
Resolve Stack: Mortify (166) - Destroy Dragon Spirit Token (451).
Phase: Ai(2)-Gabe_Food's Main phase, precombat
Phase: Ai(2)-Gabe_Food's Beginning of Combat Step
Add To Stack: Ai(2)-Gabe_Food triggered Sam, Loyal Attendant
Resolve Stack: At the beginning of combat on your turn, create a Food token. (It's an artifact with "{2}, {T}, Sacrifice this token: You gain 3 life.") [Phase: Ai(2)-Gabe_Food]
Phase: Ai(2)-Gabe_Food's Declare Attackers Step
Phase: Ai(2)-Gabe_Food's Declare Blockers Step
Phase: Ai(2)-Gabe_Food's First Strike Damage Step
Phase: Ai(2)-Gabe_Food's Combat Damage Step
Phase: Ai(2)-Gabe_Food's End of Combat Step
Phase: Ai(2)-Gabe_Food's Main phase, postcombat
Mana: Command Tower (131) - {T}: Add one mana of any color in your commander's color identity.
Mana: Prize Pig (130) - {T}: Add one mana of any color.
Add To Stack: Ai(2)-Gabe_Food cast Frodo, Adventurous Hobbit
Resolve Stack: Frodo, Adventurous Hobbit - Creature 1 / 3
Add To Stack: Ai(2)-Gabe_Food triggered Frodo, Adventurous Hobbit targeting [Ai(2)-Gabe_Food]
Resolve Stack: Partner with Sam, Loyal Attendant (When this creature enters, target player may put Sam into their hand from their library, then shuffle.) (Targeting: [[Ai(2)-Gabe_Food]]) [Zone Changer: Frodo, Adventurous Hobbit (200)]
Phase: Ai(2)-Gabe_Food's End step
Phase: Ai(2)-Gabe_Food's Cleanup step
Turn: Turn 35 (Ai(3)-Destyn_Turtles)
Phase: Ai(3)-Destyn_Turtles' Untap step
Phase: Ai(3)-Destyn_Turtles' Upkeep step
Phase: Ai(3)-Destyn_Turtles' Draw step
Add To Stack: Ai(3)-Destyn_Turtles triggered Baxter, Fly in the Ointment
Resolve Stack: Whenever you draw a card, put a +1/+1 counter on Baxter. [Player: Ai(3)-Destyn_Turtles]
Add To Stack: Ai(3)-Destyn_Turtles triggered Casey Jones, Back Alley Brute targeting [Ai(2)-Gabe_Food]
Damage: Casey Jones, Back Alley Brute (208) deals 1 non-combat damage to Ai(2)-Gabe_Food.
Life: Life: Ai(2)-Gabe_Food 25 > 24
Resolve Stack: Whenever you put one or more +1/+1 counters on a creature you control, Casey Jones deals that much damage to target opponent. (Targeting: [[Ai(2)-Gabe_Food]]) [Added once: Baxter, Fly in the Ointment (229) Amount: 1]
Phase: Ai(3)-Destyn_Turtles' Main phase, precombat
Phase: Ai(3)-Destyn_Turtles' Beginning of Combat Step
Phase: Ai(3)-Destyn_Turtles' Declare Attackers Step
Combat: Ai(3)-Destyn_Turtles assigned Casey Jones, Back Alley Brute (208), Baxter, Fly in the Ointment (229) and Acidic Slime (264) to attack Ai(2)-Gabe_Food.
Add To Stack: Ai(3)-Destyn_Turtles triggered Casey Jones, Back Alley Brute targeting [Casey Jones, Back Alley Brute (208)]
Add To Stack: Ai(3)-Destyn_Turtles triggered Baxter, Fly in the Ointment
Resolve Stack: Whenever Baxter enters or attacks, each creature you control with a counter on it gains flying until end of turn. [Attacker: Baxter, Fly in the Ointment (229)]
Resolve Stack: Whenever Casey Jones attacks, put a +1/+1 counter on target attacking creature. (Targeting: [[Casey Jones, Back Alley Brute (208)]]) [Attacker: Casey Jones, Back Alley Brute (208)]
Add To Stack: Ai(3)-Destyn_Turtles triggered Casey Jones, Back Alley Brute targeting [Ai(2)-Gabe_Food]
Damage: Casey Jones, Back Alley Brute (208) deals 1 non-combat damage to Ai(2)-Gabe_Food.
Life: Life: Ai(2)-Gabe_Food 24 > 23
Resolve Stack: Whenever you put one or more +1/+1 counters on a creature you control, Casey Jones deals that much damage to target opponent. (Targeting: [[Ai(2)-Gabe_Food]]) [Added once: Casey Jones, Back Alley Brute (208) Amount: 1]
Phase: Ai(3)-Destyn_Turtles' Declare Blockers Step
Combat: Ai(2)-Gabe_Food didn't block Casey Jones, Back Alley Brute (208).
Ai(2)-Gabe_Food didn't block Baxter, Fly in the Ointment (229).
Ai(2)-Gabe_Food assigned Sam, Loyal Attendant (202) to block Acidic Slime (264).
Mana: Plains (290) - {T}: Add {W}.
Mana: Sunken Hollow (226) - {T}: Add {B}.
Mana: Sodden Verdure (283) - {T}: Add {U}.
Mana: Cinder Glade (218) - {T}: Add {R}.
Mana: City of Brass (247) - {T}: Add one mana of any color.
Add To Stack: Ai(3)-Destyn_Turtles activated Leonardo, the Balance
Add To Stack: Ai(3)-Destyn_Turtles triggered City of Brass
Damage: City of Brass (247) deals 1 non-combat damage to Ai(3)-Destyn_Turtles.
Life: Life: Ai(3)-Destyn_Turtles 25 > 24
Resolve Stack: Whenever City of Brass becomes tapped, it deals 1 damage to you. [Tapped: City of Brass (247)]
Resolve Stack: Leonardo, the Balance (303) - Creatures you control gain menace, trample, and lifelink until end of turn.
Phase: Ai(3)-Destyn_Turtles' First Strike Damage Step
Phase: Ai(3)-Destyn_Turtles' Combat Damage Step
Damage: Casey Jones, Back Alley Brute (208) deals 7 combat damage to Ai(2)-Gabe_Food.
Life: Life: Ai(3)-Destyn_Turtles 24 > 31
Damage: Baxter, Fly in the Ointment (229) deals 4 combat damage to Ai(2)-Gabe_Food.
Life: Life: Ai(3)-Destyn_Turtles 31 > 35
Damage: Acidic Slime (264) deals 1 combat damage to Ai(2)-Gabe_Food.
Damage: Acidic Slime (264) deals 1 damage (Deathtouch) to Sam, Loyal Attendant (202).
Life: Life: Ai(3)-Destyn_Turtles 35 > 37
Damage: Sam, Loyal Attendant (202) deals 2 damage to Acidic Slime (264).
Life: Life: Ai(2)-Gabe_Food 23 > 11
Zone Change: Acidic Slime (264) was put into Graveyard from Battlefield.
Zone Change: Sam, Loyal Attendant (202) was put into Graveyard from Battlefield.
Phase: Ai(3)-Destyn_Turtles' End of Combat Step
Phase: Ai(3)-Destyn_Turtles' Main phase, postcombat
Phase: Ai(3)-Destyn_Turtles' End step
Phase: Ai(3)-Destyn_Turtles' Cleanup step
Turn: Turn 36 (Ai(4)-GGS_Orochi_only)
Phase: Ai(4)-GGS_Orochi_only's Untap step
Phase: Ai(4)-GGS_Orochi_only's Upkeep step
Phase: Ai(4)-GGS_Orochi_only's Draw step
Phase: Ai(4)-GGS_Orochi_only's Main phase, precombat
Mana: Luxury Suite (379) - {T}: Add {B} or {R}.
Mana: Morphic Pool (333) - {T}: Add {U} or {B}.
Mana: Raucous Theater (386) - {T}: Add {R}.
Mana: Blood Crypt (368) - {T}: Add {R}.
Mana: Watery Grave (375) - {T}: Add {B}.
Add To Stack: Ai(4)-GGS_Orochi_only cast Karlach, Fury of Avernus
Resolve Stack: Karlach, Fury of Avernus - Creature 5 / 4
Add To Stack: Ai(4)-GGS_Orochi_only triggered Purphoros, God of the Forge
Damage: Purphoros, God of the Forge (365) deals 2 non-combat damage to Ai(2)-Gabe_Food.
Damage: Purphoros, God of the Forge (365) deals 2 non-combat damage to Ai(3)-Destyn_Turtles.
Life: Life: Ai(2)-Gabe_Food 11 > 9
Life: Life: Ai(3)-Destyn_Turtles 37 > 35
Resolve Stack: Whenever another creature you control enters, Purphoros, God of the Forge deals 2 damage to each opponent. [Zone Changer: Karlach, Fury of Avernus (312)]
Mana: Steam Vents (346) - {T}: Add {R}.
Mana: Talisman of Indulgence (315) - {T}: Add {C}.
Add To Stack: Ai(4)-GGS_Orochi_only activated Goro-Goro and Satoru
Resolve Stack: Goro-Goro and Satoru (403) - Creatures you control gain haste until end of turn.
Phase: Ai(4)-GGS_Orochi_only's Beginning of Combat Step
Phase: Ai(4)-GGS_Orochi_only's Declare Attackers Step
Combat: Ai(4)-GGS_Orochi_only assigned Purphoros, God of the Forge (365), Karlach, Fury of Avernus (312), Goro-Goro and Satoru (403) and Phoenix Chick (373) to attack Ai(2)-Gabe_Food.
Add To Stack: Ai(4)-GGS_Orochi_only triggered Karlach, Fury of Avernus
Resolve Stack: Whenever you attack, if it's the first combat phase of the turn, untap all attacking creatures. They gain first strike until end of turn. After this phase, there is an additional combat phase. [Number Attackers: [Purphoros, God of the Forge (365), Karlach, Fury of Avernus (312), Goro-Goro and Satoru (403), Phoenix Chick (373)]]
Phase: Ai(4)-GGS_Orochi_only's Declare Blockers Step
Combat: Ai(2)-Gabe_Food assigned Frodo, Adventurous Hobbit (200) to block Purphoros, God of the Forge (365).
Ai(2)-Gabe_Food didn't block Karlach, Fury of Avernus (312).
Ai(2)-Gabe_Food didn't block Goro-Goro and Satoru (403).
Ai(2)-Gabe_Food didn't block Phoenix Chick (373).
Phase: Ai(4)-GGS_Orochi_only's First Strike Damage Step
Damage: Purphoros, God of the Forge (365) deals 6 damage to Frodo, Adventurous Hobbit (200).
Damage: Karlach, Fury of Avernus (312) deals 5 combat damage to Ai(2)-Gabe_Food.
Damage: Goro-Goro and Satoru (403) deals 3 combat damage to Ai(2)-Gabe_Food.
Damage: Phoenix Chick (373) deals 1 combat damage to Ai(2)-Gabe_Food.
Life: Life: Ai(2)-Gabe_Food 9 > 0
Add To Stack: Ai(4)-GGS_Orochi_only triggered Goro-Goro and Satoru
Resolve Stack: Whenever one or more creatures you control that entered this turn deal combat damage to a player, create a 5/5 red Dragon Spirit creature token with flying. [Damaged: Ai(2)-Gabe_Food, Amount: 5]
Add To Stack: Ai(4)-GGS_Orochi_only triggered Purphoros, God of the Forge
Add To Stack: Ai(4)-GGS_Orochi_only triggered Dragon Tempest targeting [Ai(3)-Destyn_Turtles]
Add To Stack: Ai(4)-GGS_Orochi_only triggered Dragon Tempest
Resolve Stack: Whenever a creature you control with flying enters, it gains haste until end of turn. [Zone Changer: Dragon Spirit Token (467)]
Damage: Dragon Spirit Token (467) deals 1 non-combat damage to Ai(3)-Destyn_Turtles.
Life: Life: Ai(3)-Destyn_Turtles 35 > 34
Resolve Stack: Whenever a Dragon you control enters, it deals X damage to any target, where X is the number of Dragons you control. (Targeting: [[Ai(3)-Destyn_Turtles]]) [Zone Changer: Dragon Spirit Token (467)]
Damage: Purphoros, God of the Forge (365) deals 2 non-combat damage to Ai(3)-Destyn_Turtles.
Life: Life: Ai(3)-Destyn_Turtles 34 > 32
Resolve Stack: Whenever another creature you control enters, Purphoros, God of the Forge deals 2 damage to each opponent. [Zone Changer: Dragon Spirit Token (467)]
Phase: Ai(4)-GGS_Orochi_only's Combat Damage Step
Phase: Ai(4)-GGS_Orochi_only's End of Combat Step
Phase: AdditionalAi(4)-GGS_Orochi_only's Beginning of Combat Step
Phase: Ai(4)-GGS_Orochi_only's Declare Attackers Step
Combat: Ai(4)-GGS_Orochi_only assigned Phoenix Chick (373), Purphoros, God of the Forge (365), Karlach, Fury of Avernus (312), Dragon Spirit Token (467) and Goro-Goro and Satoru (403) to attack Ai(3)-Destyn_Turtles.
Phase: Ai(4)-GGS_Orochi_only's Declare Blockers Step
Combat: Ai(3)-Destyn_Turtles didn't block Phoenix Chick (373).
Ai(3)-Destyn_Turtles didn't block Purphoros, God of the Forge (365).
Ai(3)-Destyn_Turtles didn't block Karlach, Fury of Avernus (312).
Ai(3)-Destyn_Turtles didn't block Dragon Spirit Token (467).
Ai(3)-Destyn_Turtles didn't block Goro-Goro and Satoru (403).
Phase: Ai(4)-GGS_Orochi_only's First Strike Damage Step
Damage: Phoenix Chick (373) deals 1 combat damage to Ai(3)-Destyn_Turtles.
Damage: Purphoros, God of the Forge (365) deals 6 combat damage to Ai(3)-Destyn_Turtles.
Damage: Karlach, Fury of Avernus (312) deals 5 combat damage to Ai(3)-Destyn_Turtles.
Damage: Goro-Goro and Satoru (403) deals 3 combat damage to Ai(3)-Destyn_Turtles.
Life: Life: Ai(3)-Destyn_Turtles 32 > 17
Add To Stack: Ai(4)-GGS_Orochi_only triggered Goro-Goro and Satoru
Resolve Stack: Whenever one or more creatures you control that entered this turn deal combat damage to a player, create a 5/5 red Dragon Spirit creature token with flying. [Damaged: Ai(3)-Destyn_Turtles, Amount: 5]
Add To Stack: Ai(4)-GGS_Orochi_only triggered Purphoros, God of the Forge
Add To Stack: Ai(4)-GGS_Orochi_only triggered Dragon Tempest targeting [Ai(3)-Destyn_Turtles]
Add To Stack: Ai(4)-GGS_Orochi_only triggered Dragon Tempest
Resolve Stack: Whenever a creature you control with flying enters, it gains haste until end of turn. [Zone Changer: Dragon Spirit Token (470)]
Damage: Dragon Spirit Token (470) deals 2 non-combat damage to Ai(3)-Destyn_Turtles.
Life: Life: Ai(3)-Destyn_Turtles 17 > 15
Resolve Stack: Whenever a Dragon you control enters, it deals X damage to any target, where X is the number of Dragons you control. (Targeting: [[Ai(3)-Destyn_Turtles]]) [Zone Changer: Dragon Spirit Token (470)]
Damage: Purphoros, God of the Forge (365) deals 2 non-combat damage to Ai(3)-Destyn_Turtles.
Life: Life: Ai(3)-Destyn_Turtles 15 > 13
Resolve Stack: Whenever another creature you control enters, Purphoros, God of the Forge deals 2 damage to each opponent. [Zone Changer: Dragon Spirit Token (470)]
Phase: Ai(4)-GGS_Orochi_only's Combat Damage Step
Damage: Dragon Spirit Token (467) deals 5 combat damage to Ai(3)-Destyn_Turtles.
Life: Life: Ai(3)-Destyn_Turtles 13 > 8
Add To Stack: Ai(4)-GGS_Orochi_only triggered Goro-Goro and Satoru
Resolve Stack: Whenever one or more creatures you control that entered this turn deal combat damage to a player, create a 5/5 red Dragon Spirit creature token with flying. [Damaged: Ai(3)-Destyn_Turtles, Amount: 5]
Add To Stack: Ai(4)-GGS_Orochi_only triggered Purphoros, God of the Forge
Add To Stack: Ai(4)-GGS_Orochi_only triggered Dragon Tempest targeting [Leonardo, the Balance (303)]
Add To Stack: Ai(4)-GGS_Orochi_only triggered Dragon Tempest
Resolve Stack: Whenever a creature you control with flying enters, it gains haste until end of turn. [Zone Changer: Dragon Spirit Token (473)]
Damage: Dragon Spirit Token (473) deals 3 damage to Leonardo, the Balance (303).
Resolve Stack: Whenever a Dragon you control enters, it deals X damage to any target, where X is the number of Dragons you control. (Targeting: [[Leonardo, the Balance (303)]]) [Zone Changer: Dragon Spirit Token (473)]
Zone Change: Leonardo, the Balance (303) was put into Graveyard from Battlefield.
Damage: Purphoros, God of the Forge (365) deals 2 non-combat damage to Ai(3)-Destyn_Turtles.
Life: Life: Ai(3)-Destyn_Turtles 8 > 6
Resolve Stack: Whenever another creature you control enters, Purphoros, God of the Forge deals 2 damage to each opponent. [Zone Changer: Dragon Spirit Token (473)]
Phase: Ai(4)-GGS_Orochi_only's End of Combat Step
Phase: Ai(4)-GGS_Orochi_only's Main phase, postcombat
Phase: Ai(4)-GGS_Orochi_only's End step
Phase: Ai(4)-GGS_Orochi_only's Cleanup step
Turn: Turn 37 (Ai(3)-Destyn_Turtles)
Phase: Ai(3)-Destyn_Turtles' Untap step
Phase: Ai(3)-Destyn_Turtles' Upkeep step
Phase: Ai(3)-Destyn_Turtles' Draw step
Add To Stack: Ai(3)-Destyn_Turtles triggered Baxter, Fly in the Ointment
Resolve Stack: Whenever you draw a card, put a +1/+1 counter on Baxter. [Player: Ai(3)-Destyn_Turtles]
Add To Stack: Ai(3)-Destyn_Turtles triggered Casey Jones, Back Alley Brute targeting [Ai(4)-GGS_Orochi_only]
Damage: Casey Jones, Back Alley Brute (208) deals 1 non-combat damage to Ai(4)-GGS_Orochi_only.
Life: Life: Ai(4)-GGS_Orochi_only 26 > 25
Resolve Stack: Whenever you put one or more +1/+1 counters on a creature you control, Casey Jones deals that much damage to target opponent. (Targeting: [[Ai(4)-GGS_Orochi_only]]) [Added once: Baxter, Fly in the Ointment (229) Amount: 1]
Phase: Ai(3)-Destyn_Turtles' Main phase, precombat
Land: Ai(3)-Destyn_Turtles played Evolving Wilds (234)
Zone Change: Evolving Wilds (234) was put into Graveyard from Battlefield.
Add To Stack: Ai(3)-Destyn_Turtles activated Evolving Wilds
Resolve Stack: Evolving Wilds (234) - Ai(3)-Destyn_Turtles searches their library for a basic land card, puts it onto the battlefield tapped, then shuffles.
Phase: Ai(3)-Destyn_Turtles' Beginning of Combat Step
Phase: Ai(3)-Destyn_Turtles' Declare Attackers Step
Phase: Ai(3)-Destyn_Turtles' Declare Blockers Step
Phase: Ai(3)-Destyn_Turtles' First Strike Damage Step
Phase: Ai(3)-Destyn_Turtles' Combat Damage Step
Phase: Ai(3)-Destyn_Turtles' End of Combat Step
Phase: Ai(3)-Destyn_Turtles' Main phase, postcombat
Mana: Sodden Verdure (283) - {T}: Add {G}.
Mana: Plains (290) - {T}: Add {W}.
Mana: Sunken Hollow (226) - {T}: Add {B}.
Add To Stack: Ai(3)-Destyn_Turtles cast Mona Lisa, Science Geek
Resolve Stack: Mona Lisa, Science Geek - Creature 1 / 3
Mana: City of Brass (247) - {T}: Add one mana of any color.
Mana: Cinder Glade (218) - {T}: Add {G}.
Add To Stack: Ai(3)-Destyn_Turtles cast April O'Neil, Live on the Scene
Add To Stack: Ai(3)-Destyn_Turtles triggered City of Brass
Damage: City of Brass (247) deals 1 non-combat damage to Ai(3)-Destyn_Turtles.
Life: Life: Ai(3)-Destyn_Turtles 6 > 5
Resolve Stack: Whenever City of Brass becomes tapped, it deals 1 damage to you. [Tapped: City of Brass (247)]
Resolve Stack: April O'Neil, Live on the Scene - Creature 2 / 1
Phase: Ai(3)-Destyn_Turtles' End step
Phase: Ai(3)-Destyn_Turtles' Cleanup step
Turn: Turn 38 (Ai(4)-GGS_Orochi_only)
Phase: Ai(4)-GGS_Orochi_only's Untap step
Phase: Ai(4)-GGS_Orochi_only's Upkeep step
Phase: Ai(4)-GGS_Orochi_only's Draw step
Phase: Ai(4)-GGS_Orochi_only's Main phase, precombat
Replacement Effect: Training Center enters tapped unless you have two or more opponents.
Land: Ai(4)-GGS_Orochi_only played Training Center (332)
Phase: Ai(4)-GGS_Orochi_only's Beginning of Combat Step
Phase: Ai(4)-GGS_Orochi_only's Declare Attackers Step
Combat: Ai(4)-GGS_Orochi_only assigned Purphoros, God of the Forge (365), Karlach, Fury of Avernus (312), Dragon Spirit Token (467), Dragon Spirit Token (470), Dragon Spirit Token (473), Goro-Goro and Satoru (403) and Phoenix Chick (373) to attack Ai(3)-Destyn_Turtles.
Add To Stack: Ai(4)-GGS_Orochi_only triggered Karlach, Fury of Avernus
Resolve Stack: Whenever you attack, if it's the first combat phase of the turn, untap all attacking creatures. They gain first strike until end of turn. After this phase, there is an additional combat phase. [Number Attackers: [Purphoros, God of the Forge (365), Karlach, Fury of Avernus (312), Dragon Spirit Token (467), Dragon Spirit Token (470), Dragon Spirit Token (473), Goro-Goro and Satoru (403), Phoenix Chick (373)]]
Phase: Ai(4)-GGS_Orochi_only's Declare Blockers Step
Combat: Ai(3)-Destyn_Turtles assigned April O'Neil, Live on the Scene (293) to block Purphoros, God of the Forge (365).
Ai(3)-Destyn_Turtles assigned Baxter, Fly in the Ointment (229) to block Karlach, Fury of Avernus (312).
Ai(3)-Destyn_Turtles assigned Mona Lisa, Science Geek (263) to block Dragon Spirit Token (467).
Ai(3)-Destyn_Turtles didn't block Dragon Spirit Token (470).
Ai(3)-Destyn_Turtles didn't block Dragon Spirit Token (473).
Ai(3)-Destyn_Turtles assigned Casey Jones, Back Alley Brute (208) to block Goro-Goro and Satoru (403).
Ai(3)-Destyn_Turtles didn't block Phoenix Chick (373).
Mana: Luxury Suite (379) - {T}: Add {B} or {R}.
Mana: Morphic Pool (333) - {T}: Add {U} or {B}.
Mana: Raucous Theater (386) - {T}: Add {R}.
Add To Stack: Ai(4)-GGS_Orochi_only activated Purphoros, God of the Forge
Resolve Stack: Purphoros, God of the Forge (365) - Creatures you control get +1/+0 until end of turn.
Mana: Blood Crypt (368) - {T}: Add {R}.
Mana: Watery Grave (375) - {T}: Add {B}.
Mana: Steam Vents (346) - {T}: Add {R}.
Add To Stack: Ai(4)-GGS_Orochi_only activated Purphoros, God of the Forge
Resolve Stack: Purphoros, God of the Forge (365) - Creatures you control get +1/+0 until end of turn.
Phase: Ai(4)-GGS_Orochi_only's First Strike Damage Step
Damage: Purphoros, God of the Forge (365) deals 8 damage to April O'Neil, Live on the Scene (293).
Damage: Karlach, Fury of Avernus (312) deals 7 damage to Baxter, Fly in the Ointment (229).
Damage: Dragon Spirit Token (467) deals 7 damage to Mona Lisa, Science Geek (263).
Damage: Dragon Spirit Token (470) deals 7 combat damage to Ai(3)-Destyn_Turtles.
Damage: Dragon Spirit Token (473) deals 7 combat damage to Ai(3)-Destyn_Turtles.
Damage: Goro-Goro and Satoru (403) deals 5 damage to Casey Jones, Back Alley Brute (208).
Damage: Phoenix Chick (373) deals 3 combat damage to Ai(3)-Destyn_Turtles.
Life: Life: Ai(3)-Destyn_Turtles 5 > -12
Player Control: Ai(1)-Jaymie_Ezio has restored control over themself
Player Control: Ai(2)-Gabe_Food has restored control over themself
Player Control: Ai(3)-Destyn_Turtles has restored control over themself
Player Control: Ai(4)-GGS_Orochi_only has restored control over themself
Game Outcome: Match Duration 1m : 00s
Game Outcome: Turn 19
Game Outcome: Ai(1)-Jaymie_Ezio has lost because life total reached 0
Game Outcome: Ai(2)-Gabe_Food has lost because life total reached 0
Game Outcome: Ai(3)-Destyn_Turtles has lost because life total reached 0
Game Outcome: Ai(4)-GGS_Orochi_only has won because all opponents have lost
Match Result: Ai(1)-Jaymie_Ezio: 0 Ai(2)-Gabe_Food: 0 Ai(3)-Destyn_Turtles: 0 Ai(4)-GGS_Orochi_only: 1 

Game Result: Game 1 ended in 62035 ms. Ai(4)-GGS_Orochi_only has won!

