Error handling registered!
20:44:04 [INFO ] GuiBase: ##########################################
20:44:04 [INFO ] GuiBase: APP: Forge v.2.0.15-SNAPSHOT-09.28
20:44:04 [INFO ] GuiBase: Java: 17.0.20 (Ubuntu)
20:44:04 [INFO ] GuiBase: OS: Linux 6.18.44 amd64
20:44:04 [INFO ] GuiBase: RAM: 1536 MB max, 8 CPUs
20:44:04 [INFO ] GuiBase: ##########################################
Language 'en-US' loaded successfully.
(ThreadUtil first call): Running with priority 5
Read cards: 34010 archived files in 1 ms (25 parts) using thread pool
Upcoming set Star Trek (TRK) dated in the future. All `upcoming` cards will be added to this set with unknown rarity.
The card A-Alrund's Epiphany was not assigned to any set. Adding it to UNKNOWN set... to fix see res/editions/ folder. 
The card A-Baba Lysaga, Night Witch was not assigned to any set. Adding it to UNKNOWN set... to fix see res/editions/ folder. 
The card A-Divide by Zero was not assigned to any set. Adding it to UNKNOWN set... to fix see res/editions/ folder. 
The card A-Esika's Chariot was not assigned to any set. Adding it to UNKNOWN set... to fix see res/editions/ folder. 
The card A-Faceless Haven was not assigned to any set. Adding it to UNKNOWN set... to fix see res/editions/ folder. 
The card A-Fires of Invention was not assigned to any set. Adding it to UNKNOWN set... to fix see res/editions/ folder. 
The card A-Goldspan Dragon was not assigned to any set. Adding it to UNKNOWN set... to fix see res/editions/ folder. 
The card A-Hullbreaker Horror was not assigned to any set. Adding it to UNKNOWN set... to fix see res/editions/ folder. 
The card A-Kumano Faces Kakkazan was not assigned to any set. Adding it to UNKNOWN set... to fix see res/editions/ folder. 
The card A-Luminarch Aspirant was not assigned to any set. Adding it to UNKNOWN set... to fix see res/editions/ folder. 
The card A-Monster Manual was not assigned to any set. Adding it to UNKNOWN set... to fix see res/editions/ folder. 
The card A-Omnath, Locus of Creation was not assigned to any set. Adding it to UNKNOWN set... to fix see res/editions/ folder. 
The card A-The Meathook Massacre was not assigned to any set. Adding it to UNKNOWN set... to fix see res/editions/ folder. 
The card A-Unholy Heat was not assigned to any set. Adding it to UNKNOWN set... to fix see res/editions/ folder. 
The card Blinding Radiance was not assigned to any set. Adding it to UNKNOWN set... to fix see res/editions/ folder. 
The card Goblin Bruiser was not assigned to any set. Adding it to UNKNOWN set... to fix see res/editions/ folder. 
The card Ogre Painbringer was not assigned to any set. Adding it to UNKNOWN set... to fix see res/editions/ folder. 
The card Titanic Pelagosaur was not assigned to any set. Adding it to UNKNOWN set... to fix see res/editions/ folder. 
The card Treetop Recluse was not assigned to any set. Adding it to UNKNOWN set... to fix see res/editions/ folder. 
Upcoming set Star Trek (TRK) dated in the future. All `upcoming` cards will be added to this set with unknown rarity.
Read cards: 854 files in 0 ms (8 parts) using thread pool
Simulation mode
Ai(1)-GGS_Cover_diagnostic vs Ai(2)-Jaymie_Ezio vs Ai(3)-Gabe_Food vs Ai(4)-Destyn_Turtles - one game of Commander seed 20260930
Warning: default (ie. inherited from base class) implementation of confirmAction is used by Sam, Loyal Attendant for forge.ai.ability.PermanentCreatureAi. Consider declaring an overloaded method
Warning: default (ie. inherited from base class) implementation of confirmAction is used by Michelangelo, the Heart for forge.ai.ability.PermanentCreatureAi. Consider declaring an overloaded method
Steam Vents Did not have activator set in SpellAbility_Condition.checkConditions()
Steam Vents Did not have activator set in SpellAbility_Condition.checkConditions()
Steam Vents Did not have activator set in SpellAbility_Condition.checkConditions()
Steam Vents Did not have activator set in SpellAbility_Condition.checkConditions()
Steam Vents Did not have activator set in SpellAbility_Condition.checkConditions()
Steam Vents Did not have activator set in SpellAbility_Condition.checkConditions()
Steam Vents Did not have activator set in SpellAbility_Condition.checkConditions()
Steam Vents Did not have activator set in SpellAbility_Condition.checkConditions()
Steam Vents Did not have activator set in SpellAbility_Condition.checkConditions()
Steam Vents Did not have activator set in SpellAbility_Condition.checkConditions()
Steam Vents Did not have activator set in SpellAbility_Condition.checkConditions()
Steam Vents Did not have activator set in SpellAbility_Condition.checkConditions()
Correcting zone for Rat King, Pale Piper (346)
Correcting zone for Arcane Signet (351)
Mulligan: Ai(3)-Gabe_Food has mulliganed down to 7 cards.
Mulligan: Ai(4)-Destyn_Turtles has kept a hand of 7 cards
Mulligan: Ai(1)-GGS_Cover_diagnostic has kept a hand of 7 cards
Mulligan: Ai(2)-Jaymie_Ezio has kept a hand of 7 cards
Mulligan: Ai(3)-Gabe_Food has kept a hand of 7 cards
Turn: Turn 1 (Ai(4)-Destyn_Turtles)
Phase: Ai(4)-Destyn_Turtles' Untap step
Phase: Ai(4)-Destyn_Turtles' Upkeep step
Phase: Ai(4)-Destyn_Turtles' Draw step
Phase: Ai(4)-Destyn_Turtles' Main phase, precombat
Replacement Effect: Path of Ancestry enters tapped.
Land: Ai(4)-Destyn_Turtles played Path of Ancestry (315)
Phase: Ai(4)-Destyn_Turtles' Beginning of Combat Step
Phase: Ai(4)-Destyn_Turtles' Declare Attackers Step
Phase: Ai(4)-Destyn_Turtles' Declare Blockers Step
Phase: Ai(4)-Destyn_Turtles' First Strike Damage Step
Phase: Ai(4)-Destyn_Turtles' Combat Damage Step
Phase: Ai(4)-Destyn_Turtles' End of Combat Step
Phase: Ai(4)-Destyn_Turtles' Main phase, postcombat
Phase: Ai(4)-Destyn_Turtles' End step
Phase: Ai(4)-Destyn_Turtles' Cleanup step
Turn: Turn 2 (Ai(1)-GGS_Cover_diagnostic)
Phase: Ai(1)-GGS_Cover_diagnostic's Untap step
Phase: Ai(1)-GGS_Cover_diagnostic's Upkeep step
Phase: Ai(1)-GGS_Cover_diagnostic's Draw step
Phase: Ai(1)-GGS_Cover_diagnostic's Main phase, precombat
Land: Ai(1)-GGS_Cover_diagnostic played Sokenzan, Crucible of Defiance (32)
Phase: Ai(1)-GGS_Cover_diagnostic's Beginning of Combat Step
Phase: Ai(1)-GGS_Cover_diagnostic's Declare Attackers Step
Phase: Ai(1)-GGS_Cover_diagnostic's Declare Blockers Step
Phase: Ai(1)-GGS_Cover_diagnostic's First Strike Damage Step
Phase: Ai(1)-GGS_Cover_diagnostic's Combat Damage Step
Phase: Ai(1)-GGS_Cover_diagnostic's End of Combat Step
Phase: Ai(1)-GGS_Cover_diagnostic's Main phase, postcombat
Phase: Ai(1)-GGS_Cover_diagnostic's End step
Phase: Ai(1)-GGS_Cover_diagnostic's Cleanup step
Turn: Turn 3 (Ai(2)-Jaymie_Ezio)
Phase: Ai(2)-Jaymie_Ezio's Untap step
Phase: Ai(2)-Jaymie_Ezio's Upkeep step
Phase: Ai(2)-Jaymie_Ezio's Draw step
Phase: Ai(2)-Jaymie_Ezio's Main phase, precombat
Land: Ai(2)-Jaymie_Ezio played Abstergo Entertainment (121)
Phase: Ai(2)-Jaymie_Ezio's Beginning of Combat Step
Phase: Ai(2)-Jaymie_Ezio's Declare Attackers Step
Phase: Ai(2)-Jaymie_Ezio's Declare Blockers Step
Phase: Ai(2)-Jaymie_Ezio's First Strike Damage Step
Phase: Ai(2)-Jaymie_Ezio's Combat Damage Step
Phase: Ai(2)-Jaymie_Ezio's End of Combat Step
Phase: Ai(2)-Jaymie_Ezio's Main phase, postcombat
Phase: Ai(2)-Jaymie_Ezio's End step
Phase: Ai(2)-Jaymie_Ezio's Cleanup step
Turn: Turn 4 (Ai(3)-Gabe_Food)
Phase: Ai(3)-Gabe_Food's Untap step
Phase: Ai(3)-Gabe_Food's Upkeep step
Phase: Ai(3)-Gabe_Food's Draw step
Phase: Ai(3)-Gabe_Food's Main phase, precombat
Replacement Effect: Isolated Chapel enters tapped unless you control a Plains or a Swamp.
Land: Ai(3)-Gabe_Food played Isolated Chapel (245)
Phase: Ai(3)-Gabe_Food's Beginning of Combat Step
Phase: Ai(3)-Gabe_Food's Declare Attackers Step
Phase: Ai(3)-Gabe_Food's Declare Blockers Step
Phase: Ai(3)-Gabe_Food's First Strike Damage Step
Phase: Ai(3)-Gabe_Food's Combat Damage Step
Phase: Ai(3)-Gabe_Food's End of Combat Step
Phase: Ai(3)-Gabe_Food's Main phase, postcombat
Phase: Ai(3)-Gabe_Food's End step
Phase: Ai(3)-Gabe_Food's Cleanup step
Turn: Turn 5 (Ai(4)-Destyn_Turtles)
Phase: Ai(4)-Destyn_Turtles' Untap step
Phase: Ai(4)-Destyn_Turtles' Upkeep step
Phase: Ai(4)-Destyn_Turtles' Draw step
Phase: Ai(4)-Destyn_Turtles' Main phase, precombat
Land: Ai(4)-Destyn_Turtles played Command Tower (331)
Phase: Ai(4)-Destyn_Turtles' Beginning of Combat Step
Phase: Ai(4)-Destyn_Turtles' Declare Attackers Step
Phase: Ai(4)-Destyn_Turtles' Declare Blockers Step
Phase: Ai(4)-Destyn_Turtles' First Strike Damage Step
Phase: Ai(4)-Destyn_Turtles' Combat Damage Step
Phase: Ai(4)-Destyn_Turtles' End of Combat Step
Phase: Ai(4)-Destyn_Turtles' Main phase, postcombat
Mana: Path of Ancestry (315) - {T}: Add one mana of any color in your commander's color identity. When that mana is spent to cast a creature spell that shares a creature type with your commander, scry 1. (Look at the top card of your library. You may put that card on the bottom.)
Mana: Command Tower (331) - {T}: Add one mana of any color in your commander's color identity.
Add To Stack: Ai(4)-Destyn_Turtles cast Michelangelo, the Heart
Add To Stack: Ai(4)-Destyn_Turtles triggered Path of Ancestry
Resolve Stack: Ai(4)-Destyn_Turtles scried 1 card(s) to the top of the library
Resolve Stack: When mana produced by Path of Ancestry is spent to cast a creature spell that shares a creature type with your commander, scry 1. ([Michelangelo, the Heart - Creature 2 / 1]) [Card: Michelangelo, the Heart (402), Activator: Ai(4)-Destyn_Turtles, SpellAbility: Michelangelo, the Heart - Creature 2 / 1]
Resolve Stack: Michelangelo, the Heart - Creature 2 / 1
Phase: Ai(4)-Destyn_Turtles' End step
Phase: Ai(4)-Destyn_Turtles' Cleanup step
Turn: Turn 6 (Ai(1)-GGS_Cover_diagnostic)
Phase: Ai(1)-GGS_Cover_diagnostic's Untap step
Phase: Ai(1)-GGS_Cover_diagnostic's Upkeep step
Phase: Ai(1)-GGS_Cover_diagnostic's Draw step
Phase: Ai(1)-GGS_Cover_diagnostic's Main phase, precombat
Life: Life: Ai(1)-GGS_Cover_diagnostic 40 > 38
Replacement Effect: As Watery Grave enters, you may pay 2 life. If you don't, it enters tapped.
Land: Ai(1)-GGS_Cover_diagnostic played Watery Grave (71)
Mana: Sokenzan, Crucible of Defiance (32) - {T}: Add {R}.
Mana: Watery Grave (71) - {T}: Add {B}.
Add To Stack: Ai(1)-GGS_Cover_diagnostic cast Loyal Apprentice
Resolve Stack: Loyal Apprentice - Creature 2 / 1
Phase: Ai(1)-GGS_Cover_diagnostic's Beginning of Combat Step
Phase: Ai(1)-GGS_Cover_diagnostic's Declare Attackers Step
Phase: Ai(1)-GGS_Cover_diagnostic's Declare Blockers Step
Phase: Ai(1)-GGS_Cover_diagnostic's First Strike Damage Step
Phase: Ai(1)-GGS_Cover_diagnostic's Combat Damage Step
Phase: Ai(1)-GGS_Cover_diagnostic's End of Combat Step
Phase: Ai(1)-GGS_Cover_diagnostic's Main phase, postcombat
Phase: Ai(1)-GGS_Cover_diagnostic's End step
Phase: Ai(1)-GGS_Cover_diagnostic's Cleanup step
Turn: Turn 7 (Ai(2)-Jaymie_Ezio)
Phase: Ai(2)-Jaymie_Ezio's Untap step
Phase: Ai(2)-Jaymie_Ezio's Upkeep step
Phase: Ai(2)-Jaymie_Ezio's Draw step
Phase: Ai(2)-Jaymie_Ezio's Main phase, precombat
Land: Ai(2)-Jaymie_Ezio played Plains (191)
Phase: Ai(2)-Jaymie_Ezio's Beginning of Combat Step
Phase: Ai(2)-Jaymie_Ezio's Declare Attackers Step
Phase: Ai(2)-Jaymie_Ezio's Declare Blockers Step
Phase: Ai(2)-Jaymie_Ezio's First Strike Damage Step
Phase: Ai(2)-Jaymie_Ezio's Combat Damage Step
Phase: Ai(2)-Jaymie_Ezio's End of Combat Step
Phase: Ai(2)-Jaymie_Ezio's Main phase, postcombat
Phase: Ai(2)-Jaymie_Ezio's End step
Phase: Ai(2)-Jaymie_Ezio's Cleanup step
Turn: Turn 8 (Ai(3)-Gabe_Food)
Phase: Ai(3)-Gabe_Food's Untap step
Phase: Ai(3)-Gabe_Food's Upkeep step
Phase: Ai(3)-Gabe_Food's Draw step
Phase: Ai(3)-Gabe_Food's Main phase, precombat
Land: Ai(3)-Gabe_Food played Forest (238)
Phase: Ai(3)-Gabe_Food's Beginning of Combat Step
Phase: Ai(3)-Gabe_Food's Declare Attackers Step
Phase: Ai(3)-Gabe_Food's Declare Blockers Step
Phase: Ai(3)-Gabe_Food's First Strike Damage Step
Phase: Ai(3)-Gabe_Food's Combat Damage Step
Phase: Ai(3)-Gabe_Food's End of Combat Step
Phase: Ai(3)-Gabe_Food's Main phase, postcombat
Mana: Forest (238) - {T}: Add {G}.
Discard: Ai(3)-Gabe_Food discards Eagles of the North (280).
Add To Stack: Ai(3)-Gabe_Food activated Eagles of the North
Resolve Stack: Eagles of the North (280) - Ai(3)-Gabe_Food searches their library for a Plains card, reveals it, puts it into their hand, then shuffles.
Phase: Ai(3)-Gabe_Food's End step
Phase: Ai(3)-Gabe_Food's Cleanup step
Turn: Turn 9 (Ai(4)-Destyn_Turtles)
Phase: Ai(4)-Destyn_Turtles' Untap step
Phase: Ai(4)-Destyn_Turtles' Upkeep step
Phase: Ai(4)-Destyn_Turtles' Draw step
Phase: Ai(4)-Destyn_Turtles' Main phase, precombat
Land: Ai(4)-Destyn_Turtles played Island (332)
Phase: Ai(4)-Destyn_Turtles' Beginning of Combat Step
Phase: Ai(4)-Destyn_Turtles' Declare Attackers Step
Combat: Ai(4)-Destyn_Turtles assigned Michelangelo, the Heart (402) to attack Ai(1)-GGS_Cover_diagnostic.
Phase: Ai(4)-Destyn_Turtles' Declare Blockers Step
Combat: Ai(1)-GGS_Cover_diagnostic didn't block Michelangelo, the Heart (402).
Phase: Ai(4)-Destyn_Turtles' First Strike Damage Step
Phase: Ai(4)-Destyn_Turtles' Combat Damage Step
Damage: Michelangelo, the Heart (402) deals 2 combat damage to Ai(1)-GGS_Cover_diagnostic.
Life: Life: Ai(1)-GGS_Cover_diagnostic 38 > 36
Phase: Ai(4)-Destyn_Turtles' End of Combat Step
Phase: Ai(4)-Destyn_Turtles' Main phase, postcombat
Add To Stack: Ai(4)-Destyn_Turtles triggered Michelangelo, the Heart targeting [Michelangelo, the Heart (402)]
Resolve Stack: Raid (the Fridge) — At the beginning of your second main phase, if you attacked this turn, put a +1/+1 counter on target creature and create a Food token. (Targeting: [[Michelangelo, the Heart (402)]]) [Phase: Ai(4)-Destyn_Turtles]
Mana: Path of Ancestry (315) - {T}: Add one mana of any color in your commander's color identity. When that mana is spent to cast a creature spell that shares a creature type with your commander, scry 1. (Look at the top card of your library. You may put that card on the bottom.)
Mana: Island (332) - {T}: Add {U}.
Mana: Command Tower (331) - {T}: Add one mana of any color in your commander's color identity.
Add To Stack: Ai(4)-Destyn_Turtles cast Ninja Pizza
Resolve Stack: Ninja Pizza
Phase: Ai(4)-Destyn_Turtles' End step
Phase: Ai(4)-Destyn_Turtles' Cleanup step
Turn: Turn 10 (Ai(1)-GGS_Cover_diagnostic)
Phase: Ai(1)-GGS_Cover_diagnostic's Untap step
Phase: Ai(1)-GGS_Cover_diagnostic's Upkeep step
Phase: Ai(1)-GGS_Cover_diagnostic's Draw step
Phase: Ai(1)-GGS_Cover_diagnostic's Main phase, precombat
Replacement Effect: Malakir Mire enters tapped.
Land: Ai(1)-GGS_Cover_diagnostic played Malakir Mire (5)
Phase: Ai(1)-GGS_Cover_diagnostic's Beginning of Combat Step
Phase: Ai(1)-GGS_Cover_diagnostic's Declare Attackers Step
Combat: Ai(1)-GGS_Cover_diagnostic assigned Loyal Apprentice (1) to attack Ai(4)-Destyn_Turtles.
Phase: Ai(1)-GGS_Cover_diagnostic's Declare Blockers Step
Combat: Ai(4)-Destyn_Turtles didn't block Loyal Apprentice (1).
Mana: Watery Grave (71) - {T}: Add {U}.
Mana: Sokenzan, Crucible of Defiance (32) - {T}: Add {R}.
Add To Stack: Ai(1)-GGS_Cover_diagnostic activated Prosperous Thief
Resolve Stack: Prosperous Thief (27) - Ai(1)-GGS_Cover_diagnostic puts Prosperous Thief (27) from their hand onto the battlefield tapped and attacking.
Phase: Ai(1)-GGS_Cover_diagnostic's First Strike Damage Step
Phase: Ai(1)-GGS_Cover_diagnostic's Combat Damage Step
Damage: Prosperous Thief (27) deals 3 combat damage to Ai(4)-Destyn_Turtles.
Life: Life: Ai(4)-Destyn_Turtles 40 > 37
Add To Stack: Ai(1)-GGS_Cover_diagnostic triggered Prosperous Thief
Resolve Stack: Whenever one or more Ninja or Rogue creatures you control deal combat damage to a player, create a Treasure token. (It's an artifact with "{T}, Sacrifice this token: Add one mana of any color.") [Damaged: Ai(4)-Destyn_Turtles, Amount: 3]
Phase: Ai(1)-GGS_Cover_diagnostic's End of Combat Step
Phase: Ai(1)-GGS_Cover_diagnostic's Main phase, postcombat
Phase: Ai(1)-GGS_Cover_diagnostic's End step
Phase: Ai(1)-GGS_Cover_diagnostic's Cleanup step
Turn: Turn 11 (Ai(2)-Jaymie_Ezio)
Phase: Ai(2)-Jaymie_Ezio's Untap step
Phase: Ai(2)-Jaymie_Ezio's Upkeep step
Phase: Ai(2)-Jaymie_Ezio's Draw step
Phase: Ai(2)-Jaymie_Ezio's Main phase, precombat
Land: Ai(2)-Jaymie_Ezio played Mountain (189)
Phase: Ai(2)-Jaymie_Ezio's Beginning of Combat Step
Phase: Ai(2)-Jaymie_Ezio's Declare Attackers Step
Phase: Ai(2)-Jaymie_Ezio's Declare Blockers Step
Phase: Ai(2)-Jaymie_Ezio's First Strike Damage Step
Phase: Ai(2)-Jaymie_Ezio's Combat Damage Step
Phase: Ai(2)-Jaymie_Ezio's End of Combat Step
Phase: Ai(2)-Jaymie_Ezio's Main phase, postcombat
Phase: Ai(2)-Jaymie_Ezio's End step
Phase: Ai(2)-Jaymie_Ezio's Cleanup step
Turn: Turn 12 (Ai(3)-Gabe_Food)
Phase: Ai(3)-Gabe_Food's Untap step
Phase: Ai(3)-Gabe_Food's Upkeep step
Phase: Ai(3)-Gabe_Food's Draw step
Phase: Ai(3)-Gabe_Food's Main phase, precombat
Land: Ai(3)-Gabe_Food played Swamp (263)
Phase: Ai(3)-Gabe_Food's Beginning of Combat Step
Phase: Ai(3)-Gabe_Food's Declare Attackers Step
Phase: Ai(3)-Gabe_Food's Declare Blockers Step
Phase: Ai(3)-Gabe_Food's First Strike Damage Step
Phase: Ai(3)-Gabe_Food's Combat Damage Step
Phase: Ai(3)-Gabe_Food's End of Combat Step
Phase: Ai(3)-Gabe_Food's Main phase, postcombat
Mana: Isolated Chapel (245) - {T}: Add {W} or {B}.
Mana: Forest (238) - {T}: Add {G}.
Mana: Swamp (263) - {T}: Add {B}.
Add To Stack: Ai(3)-Gabe_Food cast Sam, Loyal Attendant
Resolve Stack: Sam, Loyal Attendant - Creature 2 / 4
Add To Stack: Ai(3)-Gabe_Food triggered Sam, Loyal Attendant targeting [Ai(3)-Gabe_Food]
Resolve Stack: Partner with Frodo, Adventurous Hobbit (When this creature enters, target player may put Frodo into their hand from their library, then shuffle.) (Targeting: [[Ai(3)-Gabe_Food]]) [Zone Changer: Sam, Loyal Attendant (303)]
Phase: Ai(3)-Gabe_Food's End step
Phase: Ai(3)-Gabe_Food's Cleanup step
Turn: Turn 13 (Ai(4)-Destyn_Turtles)
Phase: Ai(4)-Destyn_Turtles' Untap step
Phase: Ai(4)-Destyn_Turtles' Upkeep step
Phase: Ai(4)-Destyn_Turtles' Draw step
Phase: Ai(4)-Destyn_Turtles' Main phase, precombat
Replacement Effect: Spire Garden enters tapped unless you have two or more opponents.
Land: Ai(4)-Destyn_Turtles played Spire Garden (392)
Mana: Spire Garden (392) - {T}: Add {R} or {G}.
Mana: Path of Ancestry (315) - {T}: Add one mana of any color in your commander's color identity. When that mana is spent to cast a creature spell that shares a creature type with your commander, scry 1. (Look at the top card of your library. You may put that card on the bottom.)
Mana: Island (332) - {T}: Add {U}.
Mana: Command Tower (331) - {T}: Add one mana of any color in your commander's color identity.
Zone Change: Food Token (425) was put into Graveyard from Battlefield.
Mana: Food Token (425) - {T}, Sacrifice this artifact: Add one mana of any color.
Add To Stack: Ai(4)-Destyn_Turtles cast Acidic Slime
Resolve Stack: Acidic Slime - Creature 2 / 2
Add To Stack: Ai(4)-Destyn_Turtles triggered Acidic Slime targeting [Treasure Token (430)]
Zone Change: Treasure Token (430) was put into Graveyard from Battlefield.
Resolve Stack: When Acidic Slime enters, destroy target artifact, enchantment, or land. (Targeting: [[Treasure Token (430)]]) [Zone Changer: Acidic Slime (365)]
Phase: Ai(4)-Destyn_Turtles' Beginning of Combat Step
Phase: Ai(4)-Destyn_Turtles' Declare Attackers Step
Combat: Ai(4)-Destyn_Turtles assigned Michelangelo, the Heart (402) to attack Ai(1)-GGS_Cover_diagnostic.
Phase: Ai(4)-Destyn_Turtles' Declare Blockers Step
Combat: Ai(1)-GGS_Cover_diagnostic didn't block Michelangelo, the Heart (402).
Phase: Ai(4)-Destyn_Turtles' First Strike Damage Step
Phase: Ai(4)-Destyn_Turtles' Combat Damage Step
Damage: Michelangelo, the Heart (402) deals 3 combat damage to Ai(1)-GGS_Cover_diagnostic.
Life: Life: Ai(1)-GGS_Cover_diagnostic 36 > 33
Phase: Ai(4)-Destyn_Turtles' End of Combat Step
Phase: Ai(4)-Destyn_Turtles' Main phase, postcombat
Add To Stack: Ai(4)-Destyn_Turtles triggered Michelangelo, the Heart targeting [Acidic Slime (365)]
Add To Stack: Ai(4)-Destyn_Turtles triggered Ninja Pizza
Resolve Stack: At the beginning of your second main phase, create a Food token. (It's an artifact with "{2}, {T}, Sacrifice this token: You gain 3 life.") [Phase: Ai(4)-Destyn_Turtles]
Resolve Stack: Raid (the Fridge) — At the beginning of your second main phase, if you attacked this turn, put a +1/+1 counter on target creature and create a Food token. (Targeting: [[Acidic Slime (365)]]) [Phase: Ai(4)-Destyn_Turtles]
Phase: Ai(4)-Destyn_Turtles' End step
Phase: Ai(4)-Destyn_Turtles' Cleanup step
Turn: Turn 14 (Ai(1)-GGS_Cover_diagnostic)
Phase: Ai(1)-GGS_Cover_diagnostic's Untap step
Phase: Ai(1)-GGS_Cover_diagnostic's Upkeep step
Mana: Sokenzan, Crucible of Defiance (32) - {T}: Add {R}.
Mana: Malakir Mire (5) - {T}: Add {B}.
Mana: Watery Grave (71) - {T}: Add {B}.
Add To Stack: Ai(1)-GGS_Cover_diagnostic cast Chaos Warp targeting [Acidic Slime (365)]
Resolve Stack: Chaos Warp (51) - Shuffle Acidic Slime (365) into its owner's library. Ai(1)-GGS_Cover_diagnostic reveals the top card of Ai(4)-Destyn_Turtles' library.
Phase: Ai(1)-GGS_Cover_diagnostic's Draw step
Phase: Ai(1)-GGS_Cover_diagnostic's Main phase, precombat
Land: Ai(1)-GGS_Cover_diagnostic played City of Brass (35)
Phase: Ai(1)-GGS_Cover_diagnostic's Beginning of Combat Step
Phase: Ai(1)-GGS_Cover_diagnostic's Declare Attackers Step
Combat: Ai(1)-GGS_Cover_diagnostic assigned Prosperous Thief (27) to attack Ai(4)-Destyn_Turtles.
Phase: Ai(1)-GGS_Cover_diagnostic's Declare Blockers Step
Combat: Ai(4)-Destyn_Turtles didn't block Prosperous Thief (27).
Phase: Ai(1)-GGS_Cover_diagnostic's First Strike Damage Step
Phase: Ai(1)-GGS_Cover_diagnostic's Combat Damage Step
Damage: Prosperous Thief (27) deals 3 combat damage to Ai(4)-Destyn_Turtles.
Life: Life: Ai(4)-Destyn_Turtles 37 > 34
Add To Stack: Ai(1)-GGS_Cover_diagnostic triggered Prosperous Thief
Resolve Stack: Whenever one or more Ninja or Rogue creatures you control deal combat damage to a player, create a Treasure token. (It's an artifact with "{T}, Sacrifice this token: Add one mana of any color.") [Damaged: Ai(4)-Destyn_Turtles, Amount: 3]
Phase: Ai(1)-GGS_Cover_diagnostic's End of Combat Step
Phase: Ai(1)-GGS_Cover_diagnostic's Main phase, postcombat
Mana: City of Brass (35) - {T}: Add one mana of any color.
Zone Change: Treasure Token (440) was put into Graveyard from Battlefield.
Mana: Treasure Token (440) - {T}, Sacrifice this token: Add one mana of any color.
Add To Stack: Ai(1)-GGS_Cover_diagnostic cast Loyal Apprentice
Add To Stack: Ai(1)-GGS_Cover_diagnostic triggered City of Brass
Damage: City of Brass (35) deals 1 non-combat damage to Ai(1)-GGS_Cover_diagnostic.
Life: Life: Ai(1)-GGS_Cover_diagnostic 33 > 32
Resolve Stack: Whenever City of Brass becomes tapped, it deals 1 damage to you. [Tapped: City of Brass (35)]
Resolve Stack: Loyal Apprentice - Creature 2 / 1
Phase: Ai(1)-GGS_Cover_diagnostic's End step
Phase: Ai(1)-GGS_Cover_diagnostic's Cleanup step
Turn: Turn 15 (Ai(2)-Jaymie_Ezio)
Phase: Ai(2)-Jaymie_Ezio's Untap step
Phase: Ai(2)-Jaymie_Ezio's Upkeep step
Phase: Ai(2)-Jaymie_Ezio's Draw step
Phase: Ai(2)-Jaymie_Ezio's Main phase, precombat
Land: Ai(2)-Jaymie_Ezio played Island (134)
Phase: Ai(2)-Jaymie_Ezio's Beginning of Combat Step
Phase: Ai(2)-Jaymie_Ezio's Declare Attackers Step
Phase: Ai(2)-Jaymie_Ezio's Declare Blockers Step
Phase: Ai(2)-Jaymie_Ezio's First Strike Damage Step
Phase: Ai(2)-Jaymie_Ezio's Combat Damage Step
Phase: Ai(2)-Jaymie_Ezio's End of Combat Step
Phase: Ai(2)-Jaymie_Ezio's Main phase, postcombat
Mana: Island (134) - {T}: Add {U}.
Mana: Mountain (189) - {T}: Add {R}.
Mana: Plains (191) - {T}: Add {W}.
Add To Stack: Ai(2)-Jaymie_Ezio cast Shao Jun
Resolve Stack: Shao Jun - Creature 3 / 3
Phase: Ai(2)-Jaymie_Ezio's End step
Phase: Ai(2)-Jaymie_Ezio's Cleanup step
Turn: Turn 16 (Ai(3)-Gabe_Food)
Phase: Ai(3)-Gabe_Food's Untap step
Phase: Ai(3)-Gabe_Food's Upkeep step
Phase: Ai(3)-Gabe_Food's Draw step
Phase: Ai(3)-Gabe_Food's Main phase, precombat
Land: Ai(3)-Gabe_Food played Brushland (298)
Mana: Forest (238) - {T}: Add {G}.
Mana: Swamp (263) - {T}: Add {B}.
Mana: Isolated Chapel (245) - {T}: Add {W} or {B}.
Mana: Brushland (298) - {T}: Add {C}.
Add To Stack: Ai(3)-Gabe_Food cast Assemble the Entmoot
Resolve Stack: Assemble the Entmoot
Phase: Ai(3)-Gabe_Food's Beginning of Combat Step
Add To Stack: Ai(3)-Gabe_Food triggered Sam, Loyal Attendant
Resolve Stack: At the beginning of combat on your turn, create a Food token. (It's an artifact with "{2}, {T}, Sacrifice this token: You gain 3 life.") [Phase: Ai(3)-Gabe_Food]
Phase: Ai(3)-Gabe_Food's Declare Attackers Step
Combat: Ai(3)-Gabe_Food assigned Sam, Loyal Attendant (303) to attack Ai(4)-Destyn_Turtles.
Phase: Ai(3)-Gabe_Food's Declare Blockers Step
Combat: Ai(4)-Destyn_Turtles didn't block Sam, Loyal Attendant (303).
Phase: Ai(3)-Gabe_Food's First Strike Damage Step
Phase: Ai(3)-Gabe_Food's Combat Damage Step
Damage: Sam, Loyal Attendant (303) deals 2 combat damage to Ai(4)-Destyn_Turtles.
Life: Life: Ai(4)-Destyn_Turtles 34 > 32
Phase: Ai(3)-Gabe_Food's End of Combat Step
Phase: Ai(3)-Gabe_Food's Main phase, postcombat
Phase: Ai(3)-Gabe_Food's End step
Phase: Ai(3)-Gabe_Food's Cleanup step
Turn: Turn 17 (Ai(4)-Destyn_Turtles)
Phase: Ai(4)-Destyn_Turtles' Untap step
Phase: Ai(4)-Destyn_Turtles' Upkeep step
Phase: Ai(4)-Destyn_Turtles' Draw step
Phase: Ai(4)-Destyn_Turtles' Main phase, precombat
Mana: Path of Ancestry (315) - {T}: Add one mana of any color in your commander's color identity. When that mana is spent to cast a creature spell that shares a creature type with your commander, scry 1. (Look at the top card of your library. You may put that card on the bottom.)
Mana: Command Tower (331) - {T}: Add one mana of any color in your commander's color identity.
Mana: Island (332) - {T}: Add {U}.
Add To Stack: Ai(4)-Destyn_Turtles cast Vanquish the Horde
Zone Change: Michelangelo, the Heart (402) was put into Graveyard from Battlefield.
Zone Change: Prosperous Thief (27) was put into Graveyard from Battlefield.
Zone Change: Loyal Apprentice (1) was put into Graveyard from Battlefield.
Zone Change: Shao Jun (183) was put into Graveyard from Battlefield.
Zone Change: Sam, Loyal Attendant (303) was put into Graveyard from Battlefield.
Resolve Stack: Vanquish the Horde (321) - Destroy all creatures.
Phase: Ai(4)-Destyn_Turtles' Beginning of Combat Step
Phase: Ai(4)-Destyn_Turtles' Declare Attackers Step
Zone Change: Assemble the Entmoot (203) was put into Graveyard from Battlefield.
Add To Stack: Ai(3)-Gabe_Food activated Assemble the Entmoot
Resolve Stack: Assemble the Entmoot (203) - Ai(3)-Gabe_Food creates three tapped X/X green Treefolk creature tokens, where X is the amount of life you gained this turn. Put a reach counter on each of them. Ai(3)-Gabe_Food puts a reach counter on . 
Zone Change: Treefolk Token (461) was put into Graveyard from Battlefield.
Zone Change: Treefolk Token (462) was put into Graveyard from Battlefield.
Zone Change: Treefolk Token (463) was put into Graveyard from Battlefield.
Phase: Ai(4)-Destyn_Turtles' Declare Blockers Step
Phase: Ai(4)-Destyn_Turtles' First Strike Damage Step
Phase: Ai(4)-Destyn_Turtles' Combat Damage Step
Phase: Ai(4)-Destyn_Turtles' End of Combat Step
Phase: Ai(4)-Destyn_Turtles' Main phase, postcombat
Add To Stack: Ai(4)-Destyn_Turtles triggered Ninja Pizza
Resolve Stack: At the beginning of your second main phase, create a Food token. (It's an artifact with "{2}, {T}, Sacrifice this token: You gain 3 life.") [Phase: Ai(4)-Destyn_Turtles]
Mana: Spire Garden (392) - {T}: Add {R} or {G}.
Mana: Island (333) - {T}: Add {U}.
Zone Change: Food Token (466) was put into Graveyard from Battlefield.
Mana: Food Token (466) - {T}, Sacrifice this artifact: Add one mana of any color.
Zone Change: Food Token (436) was put into Graveyard from Battlefield.
Mana: Food Token (436) - {T}, Sacrifice this artifact: Add one mana of any color.
Zone Change: Food Token (434) was put into Graveyard from Battlefield.
Mana: Food Token (434) - {T}, Sacrifice this artifact: Add one mana of any color.
Add To Stack: Ai(4)-Destyn_Turtles cast Raphael, the Muscle
Resolve Stack: Raphael, the Muscle - Creature 4 / 4
Add To Stack: Ai(4)-Destyn_Turtles triggered Raphael, the Muscle
Resolve Stack: When Raphael enters, create a Mutagen token. [Zone Changer: Raphael, the Muscle (378)]
Phase: Ai(4)-Destyn_Turtles' End step
Phase: Ai(4)-Destyn_Turtles' Cleanup step
Turn: Turn 18 (Ai(1)-GGS_Cover_diagnostic)
Phase: Ai(1)-GGS_Cover_diagnostic's Untap step
Phase: Ai(1)-GGS_Cover_diagnostic's Upkeep step
Phase: Ai(1)-GGS_Cover_diagnostic's Draw step
Phase: Ai(1)-GGS_Cover_diagnostic's Main phase, precombat
Land: Ai(1)-GGS_Cover_diagnostic played Flooded Strand (8)
Life: Life: Ai(1)-GGS_Cover_diagnostic 32 > 31
Zone Change: Flooded Strand (8) was put into Graveyard from Battlefield.
Add To Stack: Ai(1)-GGS_Cover_diagnostic activated Flooded Strand
Replacement Effect: As Steam Vents enters, you may pay 2 life. If you don't, it enters tapped.
Resolve Stack: Flooded Strand (8) - Ai(1)-GGS_Cover_diagnostic searches their library for a Plains or Island card, puts it onto the battlefield, then shuffles.
Phase: Ai(1)-GGS_Cover_diagnostic's Beginning of Combat Step
Phase: Ai(1)-GGS_Cover_diagnostic's Declare Attackers Step
Phase: Ai(1)-GGS_Cover_diagnostic's Declare Blockers Step
Phase: Ai(1)-GGS_Cover_diagnostic's First Strike Damage Step
Phase: Ai(1)-GGS_Cover_diagnostic's Combat Damage Step
Phase: Ai(1)-GGS_Cover_diagnostic's End of Combat Step
Phase: Ai(1)-GGS_Cover_diagnostic's Main phase, postcombat
Mana: Watery Grave (71) - {T}: Add {U}.
Mana: Malakir Mire (5) - {T}: Add {B}.
Mana: Sokenzan, Crucible of Defiance (32) - {T}: Add {R}.
Add To Stack: Ai(1)-GGS_Cover_diagnostic cast Goro-Goro and Satoru
Resolve Stack: Goro-Goro and Satoru - Creature 3 / 4
Phase: Ai(1)-GGS_Cover_diagnostic's End step
Phase: Ai(1)-GGS_Cover_diagnostic's Cleanup step
Turn: Turn 19 (Ai(2)-Jaymie_Ezio)
Phase: Ai(2)-Jaymie_Ezio's Untap step
Phase: Ai(2)-Jaymie_Ezio's Upkeep step
Phase: Ai(2)-Jaymie_Ezio's Draw step
Phase: Ai(2)-Jaymie_Ezio's Main phase, precombat
Land: Ai(2)-Jaymie_Ezio played Forest (137)
Phase: Ai(2)-Jaymie_Ezio's Beginning of Combat Step
Phase: Ai(2)-Jaymie_Ezio's Declare Attackers Step
Phase: Ai(2)-Jaymie_Ezio's Declare Blockers Step
Phase: Ai(2)-Jaymie_Ezio's First Strike Damage Step
Phase: Ai(2)-Jaymie_Ezio's Combat Damage Step
Phase: Ai(2)-Jaymie_Ezio's End of Combat Step
Phase: Ai(2)-Jaymie_Ezio's Main phase, postcombat
Mana: Island (134) - {T}: Add {U}.
Mana: Forest (137) - {T}: Add {G}.
Mana: Plains (191) - {T}: Add {W}.
Add To Stack: Ai(2)-Jaymie_Ezio cast Lydia Frye
Resolve Stack: Lydia Frye - Creature 3 / 2
Phase: Ai(2)-Jaymie_Ezio's End step
Add To Stack: Ai(2)-Jaymie_Ezio triggered Lydia Frye
Resolve Stack: At the beginning of your end step, surveil X, where X is the number of tapped Assassins you control. (Look at the top X cards of your library, then put any number of them into your graveyard and the rest on top of your library in any order.) [Phase: Ai(2)-Jaymie_Ezio]
Phase: Ai(2)-Jaymie_Ezio's Cleanup step
Turn: Turn 20 (Ai(3)-Gabe_Food)
Phase: Ai(3)-Gabe_Food's Untap step
Phase: Ai(3)-Gabe_Food's Upkeep step
Phase: Ai(3)-Gabe_Food's Draw step
Phase: Ai(3)-Gabe_Food's Main phase, precombat
Land: Ai(3)-Gabe_Food played Ash Barrens (274)
Phase: Ai(3)-Gabe_Food's Beginning of Combat Step
Phase: Ai(3)-Gabe_Food's Declare Attackers Step
Phase: Ai(3)-Gabe_Food's Declare Blockers Step
Phase: Ai(3)-Gabe_Food's First Strike Damage Step
Phase: Ai(3)-Gabe_Food's Combat Damage Step
Phase: Ai(3)-Gabe_Food's End of Combat Step
Phase: Ai(3)-Gabe_Food's Main phase, postcombat
Mana: Swamp (263) - {T}: Add {B}.
Mana: Isolated Chapel (245) - {T}: Add {W} or {B}.
Mana: Ash Barrens (274) - {T}: Add {C}.
Mana: Forest (238) - {T}: Add {G}.
Mana: Brushland (298) - {T}: Add {C}.
Add To Stack: Ai(3)-Gabe_Food cast Sanguine Bond
Resolve Stack: Sanguine Bond
Phase: Ai(3)-Gabe_Food's End step
Phase: Ai(3)-Gabe_Food's Cleanup step
Turn: Turn 21 (Ai(4)-Destyn_Turtles)
Phase: Ai(4)-Destyn_Turtles' Untap step
Phase: Ai(4)-Destyn_Turtles' Upkeep step
Phase: Ai(4)-Destyn_Turtles' Draw step
Mana: Island (332) - {T}: Add {U}.
Mana: Island (333) - {T}: Add {U}.
Add To Stack: Ai(4)-Destyn_Turtles cast Double Jump targeting [Raphael, the Muscle (378)]
Resolve Stack: Double Jump (329) - Put a flying counter on target creature you control. Until end of turn, it has base power and toughness 5/5. (Targeting: Raphael, the Muscle (378)) 
Phase: Ai(4)-Destyn_Turtles' Main phase, precombat
Phase: Ai(4)-Destyn_Turtles' Beginning of Combat Step
Phase: Ai(4)-Destyn_Turtles' Declare Attackers Step
Combat: Ai(4)-Destyn_Turtles assigned Raphael, the Muscle (378) to attack Ai(2)-Jaymie_Ezio.
Phase: Ai(4)-Destyn_Turtles' Declare Blockers Step
Combat: Ai(2)-Jaymie_Ezio didn't block Raphael, the Muscle (378).
Phase: Ai(4)-Destyn_Turtles' First Strike Damage Step
Phase: Ai(4)-Destyn_Turtles' Combat Damage Step
Replacement Effect: Double all damage that creatures you control with counters on them would deal.
Damage: Raphael, the Muscle (378) deals 10 combat damage to Ai(2)-Jaymie_Ezio.
Life: Life: Ai(2)-Jaymie_Ezio 40 > 30
Phase: Ai(4)-Destyn_Turtles' End of Combat Step
Phase: Ai(4)-Destyn_Turtles' Main phase, postcombat
Add To Stack: Ai(4)-Destyn_Turtles triggered Ninja Pizza
Resolve Stack: At the beginning of your second main phase, create a Food token. (It's an artifact with "{2}, {T}, Sacrifice this token: You gain 3 life.") [Phase: Ai(4)-Destyn_Turtles]
Mana: Path of Ancestry (315) - {T}: Add one mana of any color in your commander's color identity. When that mana is spent to cast a creature spell that shares a creature type with your commander, scry 1. (Look at the top card of your library. You may put that card on the bottom.)
Mana: Spire Garden (392) - {T}: Add {R} or {G}.
Mana: Command Tower (331) - {T}: Add one mana of any color in your commander's color identity.
Zone Change: Food Token (474) was put into Graveyard from Battlefield.
Mana: Food Token (474) - {T}, Sacrifice this artifact: Add one mana of any color.
Add To Stack: Ai(4)-Destyn_Turtles cast Leonardo, the Balance
Add To Stack: Ai(4)-Destyn_Turtles triggered Path of Ancestry
Resolve Stack: Ai(4)-Destyn_Turtles scried 1 card(s) to the top of the library
Resolve Stack: When mana produced by Path of Ancestry is spent to cast a creature spell that shares a creature type with your commander, scry 1. ([Leonardo, the Balance - Creature 3 / 3]) [Card: Leonardo, the Balance (404), Activator: Ai(4)-Destyn_Turtles, SpellAbility: Leonardo, the Balance - Creature 3 / 3]
Resolve Stack: Leonardo, the Balance - Creature 3 / 3
Phase: Ai(4)-Destyn_Turtles' End step
Phase: Ai(4)-Destyn_Turtles' Cleanup step
Turn: Turn 22 (Ai(1)-GGS_Cover_diagnostic)
Phase: Ai(1)-GGS_Cover_diagnostic's Untap step
Phase: Ai(1)-GGS_Cover_diagnostic's Upkeep step
Phase: Ai(1)-GGS_Cover_diagnostic's Draw step
Phase: Ai(1)-GGS_Cover_diagnostic's Main phase, precombat
Phase: Ai(1)-GGS_Cover_diagnostic's Beginning of Combat Step
Phase: Ai(1)-GGS_Cover_diagnostic's Declare Attackers Step
Combat: Ai(1)-GGS_Cover_diagnostic assigned Goro-Goro and Satoru (100) to attack Ai(4)-Destyn_Turtles.
Phase: Ai(1)-GGS_Cover_diagnostic's Declare Blockers Step
Combat: Ai(4)-Destyn_Turtles didn't block Goro-Goro and Satoru (100).
Mana: Watery Grave (71) - {T}: Add {U}.
Mana: Malakir Mire (5) - {T}: Add {B}.
Mana: Sokenzan, Crucible of Defiance (32) - {T}: Add {R}.
Mana: Steam Vents (44) - {T}: Add {R}.
Add To Stack: Ai(1)-GGS_Cover_diagnostic activated Fallen Shinobi
Resolve Stack: Fallen Shinobi (24) - Ai(1)-GGS_Cover_diagnostic puts Fallen Shinobi (24) from their hand onto the battlefield tapped and attacking.
Phase: Ai(1)-GGS_Cover_diagnostic's First Strike Damage Step
Phase: Ai(1)-GGS_Cover_diagnostic's Combat Damage Step
Damage: Fallen Shinobi (24) deals 5 combat damage to Ai(4)-Destyn_Turtles.
Life: Life: Ai(4)-Destyn_Turtles 32 > 27
Add To Stack: Ai(1)-GGS_Cover_diagnostic triggered Fallen Shinobi
Resolve Stack: Whenever Fallen Shinobi deals combat damage to a player, that player exiles the top two cards of their library. Until end of turn, you may play those cards without paying their mana costs. [Damage Source: Fallen Shinobi (24), Damaged: Ai(4)-Destyn_Turtles, Amount: 5]
Phase: Ai(1)-GGS_Cover_diagnostic's End of Combat Step
Phase: Ai(1)-GGS_Cover_diagnostic's Main phase, postcombat
Replacement Effect: Undercity Sewers enters tapped.
Land: Ai(1)-GGS_Cover_diagnostic played Undercity Sewers (3)
Add To Stack: Ai(1)-GGS_Cover_diagnostic triggered Undercity Sewers
Resolve Stack: Ai(1)-GGS_Cover_diagnostic surveiled 1 card(s) to the top of the library
Resolve Stack: When Undercity Sewers enters, surveil 1. (Look at the top card of your library. You may put it into your graveyard.) [Zone Changer: Undercity Sewers (3)]
Add To Stack: Ai(1)-GGS_Cover_diagnostic cast Rat King, Pale Piper
Resolve Stack: Rat King, Pale Piper - Creature 3 / 3
Add To Stack: Ai(1)-GGS_Cover_diagnostic cast Arcane Signet
Resolve Stack: Arcane Signet
Phase: Ai(1)-GGS_Cover_diagnostic's End step
Phase: Ai(1)-GGS_Cover_diagnostic's Cleanup step
Turn: Turn 23 (Ai(2)-Jaymie_Ezio)
Phase: Ai(2)-Jaymie_Ezio's Untap step
Phase: Ai(2)-Jaymie_Ezio's Upkeep step
Phase: Ai(2)-Jaymie_Ezio's Draw step
Phase: Ai(2)-Jaymie_Ezio's Main phase, precombat
Phase: Ai(2)-Jaymie_Ezio's Beginning of Combat Step
Phase: Ai(2)-Jaymie_Ezio's Declare Attackers Step
Combat: Ai(2)-Jaymie_Ezio assigned Lydia Frye (186) to attack Ai(1)-GGS_Cover_diagnostic.
Phase: Ai(2)-Jaymie_Ezio's Declare Blockers Step
Combat: Ai(1)-GGS_Cover_diagnostic didn't block Lydia Frye (186).
Phase: Ai(2)-Jaymie_Ezio's First Strike Damage Step
Phase: Ai(2)-Jaymie_Ezio's Combat Damage Step
Damage: Lydia Frye (186) deals 3 combat damage to Ai(1)-GGS_Cover_diagnostic.
Life: Life: Ai(1)-GGS_Cover_diagnostic 31 > 28
Phase: Ai(2)-Jaymie_Ezio's End of Combat Step
Phase: Ai(2)-Jaymie_Ezio's Main phase, postcombat
Mana: Plains (191) - {T}: Add {W}.
Mana: Island (134) - {T}: Add {U}.
Mana: Mountain (189) - {T}: Add {R}.
Discard: Ai(2)-Jaymie_Ezio discards Perilous Landscape (127).
Add To Stack: Ai(2)-Jaymie_Ezio activated Perilous Landscape
Resolve Stack: Perilous Landscape (127) - Ai(2)-Jaymie_Ezio draws a card.
Phase: Ai(2)-Jaymie_Ezio's End step
Add To Stack: Ai(2)-Jaymie_Ezio triggered Lydia Frye
Resolve Stack: Ai(2)-Jaymie_Ezio surveiled 1 card(s) to the top of the library
Resolve Stack: At the beginning of your end step, surveil X, where X is the number of tapped Assassins you control. (Look at the top X cards of your library, then put any number of them into your graveyard and the rest on top of your library in any order.) [Phase: Ai(2)-Jaymie_Ezio]
Phase: Ai(2)-Jaymie_Ezio's Cleanup step
Turn: Turn 24 (Ai(3)-Gabe_Food)
Phase: Ai(3)-Gabe_Food's Untap step
Phase: Ai(3)-Gabe_Food's Upkeep step
Phase: Ai(3)-Gabe_Food's Draw step
Phase: Ai(3)-Gabe_Food's Main phase, precombat
Land: Ai(3)-Gabe_Food played Forest (237)
Phase: Ai(3)-Gabe_Food's Beginning of Combat Step
Phase: Ai(3)-Gabe_Food's Declare Attackers Step
Phase: Ai(3)-Gabe_Food's Declare Blockers Step
Phase: Ai(3)-Gabe_Food's First Strike Damage Step
Phase: Ai(3)-Gabe_Food's Combat Damage Step
Phase: Ai(3)-Gabe_Food's End of Combat Step
Phase: Ai(3)-Gabe_Food's Main phase, postcombat
Mana: Isolated Chapel (245) - {T}: Add {W} or {B}.
Mana: Forest (238) - {T}: Add {G}.
Mana: Ash Barrens (274) - {T}: Add {C}.
Mana: Swamp (263) - {T}: Add {B}.
Mana: Forest (237) - {T}: Add {G}.
Add To Stack: Ai(3)-Gabe_Food cast Sam, Loyal Attendant
Resolve Stack: Sam, Loyal Attendant - Creature 2 / 4
Add To Stack: Ai(3)-Gabe_Food triggered Sam, Loyal Attendant targeting [Ai(3)-Gabe_Food]
Resolve Stack: Partner with Frodo, Adventurous Hobbit (When this creature enters, target player may put Frodo into their hand from their library, then shuffle.) (Targeting: [[Ai(3)-Gabe_Food]]) [Zone Changer: Sam, Loyal Attendant (303)]
Phase: Ai(3)-Gabe_Food's End step
Phase: Ai(3)-Gabe_Food's Cleanup step
Turn: Turn 25 (Ai(4)-Destyn_Turtles)
Phase: Ai(4)-Destyn_Turtles' Untap step
Phase: Ai(4)-Destyn_Turtles' Upkeep step
Phase: Ai(4)-Destyn_Turtles' Draw step
Phase: Ai(4)-Destyn_Turtles' Main phase, precombat
Replacement Effect: This land enters tapped.
Replacement Effect: As this land enters, choose a color.
Land: Ai(4)-Destyn_Turtles played Big Apple, 3 a.m. (374)
Phase: Ai(4)-Destyn_Turtles' Beginning of Combat Step
Phase: Ai(4)-Destyn_Turtles' Declare Attackers Step
Combat: Ai(4)-Destyn_Turtles assigned Raphael, the Muscle (378) to attack Ai(1)-GGS_Cover_diagnostic.
Phase: Ai(4)-Destyn_Turtles' Declare Blockers Step
Combat: Ai(1)-GGS_Cover_diagnostic didn't block Raphael, the Muscle (378).
Phase: Ai(4)-Destyn_Turtles' First Strike Damage Step
Phase: Ai(4)-Destyn_Turtles' Combat Damage Step
Replacement Effect: Double all damage that creatures you control with counters on them would deal.
Damage: Raphael, the Muscle (378) deals 8 combat damage to Ai(1)-GGS_Cover_diagnostic.
Life: Life: Ai(1)-GGS_Cover_diagnostic 28 > 20
Phase: Ai(4)-Destyn_Turtles' End of Combat Step
Phase: Ai(4)-Destyn_Turtles' Main phase, postcombat
Add To Stack: Ai(4)-Destyn_Turtles triggered Ninja Pizza
Resolve Stack: At the beginning of your second main phase, create a Food token. (It's an artifact with "{2}, {T}, Sacrifice this token: You gain 3 life.") [Phase: Ai(4)-Destyn_Turtles]
Add To Stack: Ai(4)-Destyn_Turtles triggered Leonardo, the Balance
Resolve Stack: Whenever a token you control enters, you may put a +1/+1 counter on each creature you control. Do this only once each turn. [Zone Changer: Food Token (479)]
Mana: Spire Garden (392) - {T}: Add {R} or {G}.
Mana: Island (332) - {T}: Add {U}.
Mana: Island (333) - {T}: Add {U}.
Add To Stack: Ai(4)-Destyn_Turtles cast Rocksteady, Mutant Marauder
Resolve Stack: Rocksteady, Mutant Marauder - Creature 3 / 3
Add To Stack: Ai(4)-Destyn_Turtles triggered Rocksteady, Mutant Marauder targeting [Ai(4)-Destyn_Turtles]
Resolve Stack: Partner with Bebop, Skull & Crossbones (When this creature enters, target player may put Bebop into their hand from their library, then shuffle.) (Targeting: [[Ai(4)-Destyn_Turtles]]) [Zone Changer: Rocksteady, Mutant Marauder (385)]
Mana: Path of Ancestry (315) - {T}: Add one mana of any color in your commander's color identity. When that mana is spent to cast a creature spell that shares a creature type with your commander, scry 1. (Look at the top card of your library. You may put that card on the bottom.)
Mana: Command Tower (331) - {T}: Add one mana of any color in your commander's color identity.
Add To Stack: Ai(4)-Destyn_Turtles cast Bebop, Skull & Crossbones
Add To Stack: Ai(4)-Destyn_Turtles triggered Path of Ancestry
Resolve Stack: Ai(4)-Destyn_Turtles scried 1 card(s) to the top of the library
Resolve Stack: When mana produced by Path of Ancestry is spent to cast a creature spell that shares a creature type with your commander, scry 1. ([Bebop, Skull & Crossbones - Creature 2 / 1]) [Card: Bebop, Skull & Crossbones (318), Activator: Ai(4)-Destyn_Turtles, SpellAbility: Bebop, Skull & Crossbones - Creature 2 / 1]
Resolve Stack: Bebop, Skull & Crossbones - Creature 2 / 1
Add To Stack: Ai(4)-Destyn_Turtles triggered Bebop, Skull & Crossbones targeting [Ai(4)-Destyn_Turtles]
Add To Stack: Ai(4)-Destyn_Turtles triggered Rocksteady, Mutant Marauder targeting [Raphael, the Muscle (378)]
Resolve Stack: Whenever another nontoken creature you control enters, put a +1/+1 counter on target creature. (Targeting: [[Raphael, the Muscle (378)]]) [Zone Changer: Bebop, Skull & Crossbones (318)]
Resolve Stack: Partner with Rocksteady, Mutant Marauder (When this creature enters, target player may put Rocksteady into their hand from their library, then shuffle.) (Targeting: [[Ai(4)-Destyn_Turtles]]) [Zone Changer: Bebop, Skull & Crossbones (318)]
Phase: Ai(4)-Destyn_Turtles' End step
Phase: Ai(4)-Destyn_Turtles' Cleanup step
Turn: Turn 26 (Ai(1)-GGS_Cover_diagnostic)
Phase: Ai(1)-GGS_Cover_diagnostic's Untap step
Phase: Ai(1)-GGS_Cover_diagnostic's Upkeep step
Phase: Ai(1)-GGS_Cover_diagnostic's Draw step
Phase: Ai(1)-GGS_Cover_diagnostic's Main phase, precombat
Land: Ai(1)-GGS_Cover_diagnostic played Reflecting Pool (59)
Phase: Ai(1)-GGS_Cover_diagnostic's Beginning of Combat Step
Phase: Ai(1)-GGS_Cover_diagnostic's Declare Attackers Step
Phase: Ai(1)-GGS_Cover_diagnostic's Declare Blockers Step
Phase: Ai(1)-GGS_Cover_diagnostic's First Strike Damage Step
Phase: Ai(1)-GGS_Cover_diagnostic's Combat Damage Step
Phase: Ai(1)-GGS_Cover_diagnostic's End of Combat Step
Phase: Ai(1)-GGS_Cover_diagnostic's Main phase, postcombat
Mana: Sokenzan, Crucible of Defiance (32) - {T}: Add {R}.
Mana: Reflecting Pool (59) - {T}: Add one mana of any type that a land you control could produce.
Mana: Malakir Mire (5) - {T}: Add {B}.
Mana: Steam Vents (44) - {T}: Add {R}.
Mana: Watery Grave (71) - {T}: Add {B}.
Add To Stack: Ai(1)-GGS_Cover_diagnostic cast Draconic Visitor
Resolve Stack: Draconic Visitor - Creature 5 / 5
Mana: Arcane Signet (351) - {T}: Add one mana of any color in your commander's color identity.
Mana: Undercity Sewers (3) - {T}: Add {U}.
Mana: City of Brass (35) - {T}: Add one mana of any color.
Add To Stack: Ai(1)-GGS_Cover_diagnostic cast Goro-Goro and Satoru
Add To Stack: Ai(1)-GGS_Cover_diagnostic triggered City of Brass
Damage: City of Brass (35) deals 1 non-combat damage to Ai(1)-GGS_Cover_diagnostic.
Life: Life: Ai(1)-GGS_Cover_diagnostic 20 > 19
Resolve Stack: Whenever City of Brass becomes tapped, it deals 1 damage to you. [Tapped: City of Brass (35)]
Resolve Stack: Goro-Goro and Satoru - Creature 3 / 4
Phase: Ai(1)-GGS_Cover_diagnostic's End step
Phase: Ai(1)-GGS_Cover_diagnostic's Cleanup step
Turn: Turn 27 (Ai(2)-Jaymie_Ezio)
Phase: Ai(2)-Jaymie_Ezio's Untap step
Phase: Ai(2)-Jaymie_Ezio's Upkeep step
Phase: Ai(2)-Jaymie_Ezio's Draw step
Phase: Ai(2)-Jaymie_Ezio's Main phase, precombat
Mana: Forest (137) - {T}: Add {G}.
Mana: Island (134) - {T}: Add {U}.
Mana: Plains (191) - {T}: Add {W}.
Add To Stack: Ai(2)-Jaymie_Ezio cast 
Resolve Stack: Disguise - Creature 2/2
Phase: Ai(2)-Jaymie_Ezio's Beginning of Combat Step
Phase: Ai(2)-Jaymie_Ezio's Declare Attackers Step
Combat: Ai(2)-Jaymie_Ezio assigned Lydia Frye (186) to attack Ai(1)-GGS_Cover_diagnostic.
Phase: Ai(2)-Jaymie_Ezio's Declare Blockers Step
Combat: Ai(1)-GGS_Cover_diagnostic didn't block Lydia Frye (186).
Phase: Ai(2)-Jaymie_Ezio's First Strike Damage Step
Phase: Ai(2)-Jaymie_Ezio's Combat Damage Step
Damage: Lydia Frye (186) deals 3 combat damage to Ai(1)-GGS_Cover_diagnostic.
Life: Life: Ai(1)-GGS_Cover_diagnostic 19 > 16
Phase: Ai(2)-Jaymie_Ezio's End of Combat Step
Phase: Ai(2)-Jaymie_Ezio's Main phase, postcombat
Phase: Ai(2)-Jaymie_Ezio's End step
Add To Stack: Ai(2)-Jaymie_Ezio triggered Lydia Frye
Resolve Stack: Ai(2)-Jaymie_Ezio surveiled 1 card(s) to the top of the library
Resolve Stack: At the beginning of your end step, surveil X, where X is the number of tapped Assassins you control. (Look at the top X cards of your library, then put any number of them into your graveyard and the rest on top of your library in any order.) [Phase: Ai(2)-Jaymie_Ezio]
Phase: Ai(2)-Jaymie_Ezio's Cleanup step
Turn: Turn 28 (Ai(3)-Gabe_Food)
Phase: Ai(3)-Gabe_Food's Untap step
Phase: Ai(3)-Gabe_Food's Upkeep step
Phase: Ai(3)-Gabe_Food's Draw step
Phase: Ai(3)-Gabe_Food's Main phase, precombat
Phase: Ai(3)-Gabe_Food's Beginning of Combat Step
Add To Stack: Ai(3)-Gabe_Food triggered Sam, Loyal Attendant
Resolve Stack: At the beginning of combat on your turn, create a Food token. (It's an artifact with "{2}, {T}, Sacrifice this token: You gain 3 life.") [Phase: Ai(3)-Gabe_Food]
Phase: Ai(3)-Gabe_Food's Declare Attackers Step
Phase: Ai(3)-Gabe_Food's Declare Blockers Step
Phase: Ai(3)-Gabe_Food's First Strike Damage Step
Phase: Ai(3)-Gabe_Food's Combat Damage Step
Phase: Ai(3)-Gabe_Food's End of Combat Step
Phase: Ai(3)-Gabe_Food's Main phase, postcombat
Mana: Isolated Chapel (245) - {T}: Add {W} or {B}.
Mana: Forest (238) - {T}: Add {G}.
Mana: Ash Barrens (274) - {T}: Add {C}.
Mana: Swamp (263) - {T}: Add {B}.
Add To Stack: Ai(3)-Gabe_Food cast Treebeard, Gracious Host
Resolve Stack: Treebeard, Gracious Host - Creature 0 / 5
Add To Stack: Ai(3)-Gabe_Food triggered Treebeard, Gracious Host
Resolve Stack: When Treebeard, Gracious Host enters, create two Food tokens. [Zone Changer: Treebeard, Gracious Host (281)]
Mana: Forest (237) - {T}: Add {G}.
Mana: Brushland (298) - {T}: Add {C}.
Discard: Ai(3)-Gabe_Food discards Scattered Groves (248).
Add To Stack: Ai(3)-Gabe_Food activated Scattered Groves
Resolve Stack: Scattered Groves (248) - Ai(3)-Gabe_Food draws a card.
Phase: Ai(3)-Gabe_Food's End step
Phase: Ai(3)-Gabe_Food's Cleanup step
Turn: Turn 29 (Ai(4)-Destyn_Turtles)
Phase: Ai(4)-Destyn_Turtles' Untap step
Phase: Ai(4)-Destyn_Turtles' Upkeep step
Phase: Ai(4)-Destyn_Turtles' Draw step
Phase: Ai(4)-Destyn_Turtles' Main phase, precombat
Land: Ai(4)-Destyn_Turtles played Forest (341)
Phase: Ai(4)-Destyn_Turtles' Beginning of Combat Step
Phase: Ai(4)-Destyn_Turtles' Declare Attackers Step
Combat: Ai(4)-Destyn_Turtles assigned Raphael, the Muscle (378) and Bebop, Skull & Crossbones (318) to attack Ai(1)-GGS_Cover_diagnostic.
Phase: Ai(4)-Destyn_Turtles' Declare Blockers Step
Combat: Ai(1)-GGS_Cover_diagnostic didn't block Raphael, the Muscle (378).
Ai(1)-GGS_Cover_diagnostic didn't block Bebop, Skull & Crossbones (318).
Phase: Ai(4)-Destyn_Turtles' First Strike Damage Step
Phase: Ai(4)-Destyn_Turtles' Combat Damage Step
Replacement Effect: Double all damage that creatures you control with counters on them would deal.
Damage: Raphael, the Muscle (378) deals 12 combat damage to Ai(1)-GGS_Cover_diagnostic.
Damage: Bebop, Skull & Crossbones (318) deals 2 combat damage to Ai(1)-GGS_Cover_diagnostic.
Life: Life: Ai(1)-GGS_Cover_diagnostic 16 > 2
Add To Stack: Ai(4)-Destyn_Turtles triggered Bebop, Skull & Crossbones
Resolve Stack: Whenever Bebop deals combat damage to a player, you may draw X cards, where X is the number of counters on Bebop. If you do, you lose X life. [Damage Source: Bebop, Skull & Crossbones (318), Damaged: Ai(1)-GGS_Cover_diagnostic, Amount: 2]
Phase: Ai(4)-Destyn_Turtles' End of Combat Step
Phase: Ai(4)-Destyn_Turtles' Main phase, postcombat
Add To Stack: Ai(4)-Destyn_Turtles triggered Ninja Pizza
Resolve Stack: At the beginning of your second main phase, create a Food token. (It's an artifact with "{2}, {T}, Sacrifice this token: You gain 3 life.") [Phase: Ai(4)-Destyn_Turtles]
Add To Stack: Ai(4)-Destyn_Turtles triggered Leonardo, the Balance
Resolve Stack: Whenever a token you control enters, you may put a +1/+1 counter on each creature you control. Do this only once each turn. [Zone Changer: Food Token (513)]
Mana: Forest (341) - {T}: Add {G}.
Mana: Island (332) - {T}: Add {U}.
Mana: Island (333) - {T}: Add {U}.
Mana: Spire Garden (392) - {T}: Add {R} or {G}.
Add To Stack: Ai(4)-Destyn_Turtles cast Michelangelo, the Heart
Resolve Stack: Michelangelo, the Heart - Creature 2 / 1
Add To Stack: Ai(4)-Destyn_Turtles triggered Rocksteady, Mutant Marauder targeting [Raphael, the Muscle (378)]
Resolve Stack: Whenever another nontoken creature you control enters, put a +1/+1 counter on target creature. (Targeting: [[Raphael, the Muscle (378)]]) [Zone Changer: Michelangelo, the Heart (402)]
Mana: Path of Ancestry (315) - {T}: Add one mana of any color in your commander's color identity. When that mana is spent to cast a creature spell that shares a creature type with your commander, scry 1. (Look at the top card of your library. You may put that card on the bottom.)
Mana: Command Tower (331) - {T}: Add one mana of any color in your commander's color identity.
Mana: Big Apple, 3 a.m. (374) - {T}: Add one mana of the chosen color.
Zone Change: Food Token (513) was put into Graveyard from Battlefield.
Mana: Food Token (513) - {T}, Sacrifice this artifact: Add one mana of any color.
Add To Stack: Ai(4)-Destyn_Turtles cast Big Mother Mouser
Replacement Effect: Big Mother Mouser enters with two +1/+1 counters on it.
Resolve Stack: Big Mother Mouser - Creature 0 / 0
Add To Stack: Ai(4)-Destyn_Turtles triggered Rocksteady, Mutant Marauder targeting [Raphael, the Muscle (378)]
Resolve Stack: Whenever another nontoken creature you control enters, put a +1/+1 counter on target creature. (Targeting: [[Raphael, the Muscle (378)]]) [Zone Changer: Big Mother Mouser (343)]
Phase: Ai(4)-Destyn_Turtles' End step
Phase: Ai(4)-Destyn_Turtles' Cleanup step
Turn: Turn 30 (Ai(1)-GGS_Cover_diagnostic)
Phase: Ai(1)-GGS_Cover_diagnostic's Untap step
Phase: Ai(1)-GGS_Cover_diagnostic's Upkeep step
Phase: Ai(1)-GGS_Cover_diagnostic's Draw step
Phase: Ai(1)-GGS_Cover_diagnostic's Main phase, precombat
Phase: Ai(1)-GGS_Cover_diagnostic's Beginning of Combat Step
Phase: Ai(1)-GGS_Cover_diagnostic's Declare Attackers Step
Phase: Ai(1)-GGS_Cover_diagnostic's Declare Blockers Step
Phase: Ai(1)-GGS_Cover_diagnostic's First Strike Damage Step
Phase: Ai(1)-GGS_Cover_diagnostic's Combat Damage Step
Phase: Ai(1)-GGS_Cover_diagnostic's End of Combat Step
Phase: Ai(1)-GGS_Cover_diagnostic's Main phase, postcombat
Mana: Sokenzan, Crucible of Defiance (32) - {T}: Add {R}.
Mana: Reflecting Pool (59) - {T}: Add one mana of any type that a land you control could produce.
Mana: Malakir Mire (5) - {T}: Add {B}.
Mana: Watery Grave (71) - {T}: Add {B}.
Mana: Undercity Sewers (3) - {T}: Add {B}.
Mana: Steam Vents (44) - {T}: Add {R}.
Mana: Arcane Signet (351) - {T}: Add one mana of any color in your commander's color identity.
Add To Stack: Ai(1)-GGS_Cover_diagnostic cast Balefire Dragon
Resolve Stack: Balefire Dragon - Creature 6 / 6
Phase: Ai(1)-GGS_Cover_diagnostic's End step
Phase: Ai(1)-GGS_Cover_diagnostic's Cleanup step
Turn: Turn 31 (Ai(2)-Jaymie_Ezio)
Phase: Ai(2)-Jaymie_Ezio's Untap step
Phase: Ai(2)-Jaymie_Ezio's Upkeep step
Phase: Ai(2)-Jaymie_Ezio's Draw step
Mana: Forest (137) - {T}: Add {G}.
Mana: Island (134) - {T}: Add {U}.
Mana: Plains (191) - {T}: Add {W}.
Add To Stack: Ai(2)-Jaymie_Ezio cast Smoke Bomb
Resolve Stack: Smoke Bomb
Phase: Ai(2)-Jaymie_Ezio's Main phase, precombat
Phase: Ai(2)-Jaymie_Ezio's Beginning of Combat Step
Phase: Ai(2)-Jaymie_Ezio's Declare Attackers Step
Combat: Ai(2)-Jaymie_Ezio assigned Lydia Frye (186) and Face-down card (H4) to attack Ai(1)-GGS_Cover_diagnostic.
Phase: Ai(2)-Jaymie_Ezio's Declare Blockers Step
Combat: Ai(1)-GGS_Cover_diagnostic didn't block Lydia Frye (186).
Ai(1)-GGS_Cover_diagnostic assigned Goro-Goro and Satoru (100) to block Face-down card (H4).
Phase: Ai(2)-Jaymie_Ezio's First Strike Damage Step
Phase: Ai(2)-Jaymie_Ezio's Combat Damage Step
Damage: Lydia Frye (186) deals 3 combat damage to Ai(1)-GGS_Cover_diagnostic.
Damage: Face-down card (H4) deals 2 damage to Goro-Goro and Satoru (100).
Damage: Goro-Goro and Satoru (100) deals 3 damage to Face-down card (H4).
Life: Life: Ai(1)-GGS_Cover_diagnostic 2 > -1
Zone Change: Rat King, Pale Piper (346) was put into Exile from Battlefield.
Zone Change: Arcane Signet (351) was put into Exile from Battlefield.
Zone Change: Face-down card (H4) was put into Graveyard from Battlefield.
Phase: Ai(2)-Jaymie_Ezio's End of Combat Step
Phase: Ai(2)-Jaymie_Ezio's Main phase, postcombat
Phase: Ai(2)-Jaymie_Ezio's End step
Add To Stack: Ai(2)-Jaymie_Ezio triggered Lydia Frye
Resolve Stack: Ai(2)-Jaymie_Ezio surveiled 1 card(s) to the top of the library
Resolve Stack: At the beginning of your end step, surveil X, where X is the number of tapped Assassins you control. (Look at the top X cards of your library, then put any number of them into your graveyard and the rest on top of your library in any order.) [Phase: Ai(2)-Jaymie_Ezio]
Phase: Ai(2)-Jaymie_Ezio's Cleanup step
Turn: Turn 32 (Ai(3)-Gabe_Food)
Phase: Ai(3)-Gabe_Food's Untap step
Phase: Ai(3)-Gabe_Food's Upkeep step
Phase: Ai(3)-Gabe_Food's Draw step
Phase: Ai(3)-Gabe_Food's Main phase, precombat
Phase: Ai(3)-Gabe_Food's Beginning of Combat Step
Add To Stack: Ai(3)-Gabe_Food triggered Sam, Loyal Attendant
Resolve Stack: At the beginning of combat on your turn, create a Food token. (It's an artifact with "{2}, {T}, Sacrifice this token: You gain 3 life.") [Phase: Ai(3)-Gabe_Food]
Phase: Ai(3)-Gabe_Food's Declare Attackers Step
Phase: Ai(3)-Gabe_Food's Declare Blockers Step
Phase: Ai(3)-Gabe_Food's First Strike Damage Step
Phase: Ai(3)-Gabe_Food's Combat Damage Step
Phase: Ai(3)-Gabe_Food's End of Combat Step
Phase: Ai(3)-Gabe_Food's Main phase, postcombat
Mana: Forest (238) - {T}: Add {G}.
Mana: Forest (237) - {T}: Add {G}.
Mana: Ash Barrens (274) - {T}: Add {C}.
Mana: Swamp (263) - {T}: Add {B}.
Mana: Isolated Chapel (245) - {T}: Add {W} or {B}.
Mana: Brushland (298) - {T}: Add {C}.
Add To Stack: Ai(3)-Gabe_Food cast Orchard Strider
Resolve Stack: Orchard Strider - Creature 6 / 4
Add To Stack: Ai(3)-Gabe_Food triggered Orchard Strider
Resolve Stack: When Orchard Strider enters, create two Food tokens. (They're artifacts with "{2}, {T}, Sacrifice this token: You gain 3 life.") [Zone Changer: Orchard Strider (254)]
Phase: Ai(3)-Gabe_Food's End step
Phase: Ai(3)-Gabe_Food's Cleanup step
Turn: Turn 33 (Ai(4)-Destyn_Turtles)
Phase: Ai(4)-Destyn_Turtles' Untap step
Phase: Ai(4)-Destyn_Turtles' Upkeep step
Phase: Ai(4)-Destyn_Turtles' Draw step
Phase: Ai(4)-Destyn_Turtles' Main phase, precombat
Phase: Ai(4)-Destyn_Turtles' Beginning of Combat Step
Phase: Ai(4)-Destyn_Turtles' Declare Attackers Step
Combat: Ai(4)-Destyn_Turtles assigned Raphael, the Muscle (378), Leonardo, the Balance (404) and Bebop, Skull & Crossbones (318) to attack Ai(3)-Gabe_Food.
Phase: Ai(4)-Destyn_Turtles' Declare Blockers Step
Combat: Ai(3)-Gabe_Food didn't block Raphael, the Muscle (378).
Ai(3)-Gabe_Food didn't block Leonardo, the Balance (404).
Ai(3)-Gabe_Food didn't block Bebop, Skull & Crossbones (318).
Phase: Ai(4)-Destyn_Turtles' First Strike Damage Step
Phase: Ai(4)-Destyn_Turtles' Combat Damage Step
Replacement Effect: Double all damage that creatures you control with counters on them would deal.
Replacement Effect: Double all damage that creatures you control with counters on them would deal.
Replacement Effect: Double all damage that creatures you control with counters on them would deal.
Damage: Raphael, the Muscle (378) deals 18 combat damage to Ai(3)-Gabe_Food.
Damage: Leonardo, the Balance (404) deals 10 combat damage to Ai(3)-Gabe_Food.
Damage: Bebop, Skull & Crossbones (318) deals 6 combat damage to Ai(3)-Gabe_Food.
Life: Life: Ai(3)-Gabe_Food 40 > 6
Add To Stack: Ai(4)-Destyn_Turtles triggered Bebop, Skull & Crossbones
Life: Life: Ai(4)-Destyn_Turtles 27 > 26
Resolve Stack: Whenever Bebop deals combat damage to a player, you may draw X cards, where X is the number of counters on Bebop. If you do, you lose X life. [Damage Source: Bebop, Skull & Crossbones (318), Damaged: Ai(3)-Gabe_Food, Amount: 6]
Phase: Ai(4)-Destyn_Turtles' End of Combat Step
Phase: Ai(4)-Destyn_Turtles' Main phase, postcombat
Add To Stack: Ai(4)-Destyn_Turtles triggered Ninja Pizza
Resolve Stack: At the beginning of your second main phase, create a Food token. (It's an artifact with "{2}, {T}, Sacrifice this token: You gain 3 life.") [Phase: Ai(4)-Destyn_Turtles]
Add To Stack: Ai(4)-Destyn_Turtles triggered Leonardo, the Balance
Resolve Stack: Whenever a token you control enters, you may put a +1/+1 counter on each creature you control. Do this only once each turn. [Zone Changer: Food Token (540)]
Replacement Effect: Hinterland Harbor enters tapped unless you control a Forest or an Island.
Land: Ai(4)-Destyn_Turtles played Hinterland Harbor (326)
Mana: Island (332) - {T}: Add {U}.
Mana: Island (333) - {T}: Add {U}.
Mana: Forest (341) - {T}: Add {G}.
Mana: Spire Garden (392) - {T}: Add {R} or {G}.
Add To Stack: Ai(4)-Destyn_Turtles cast Coin of Mastery
Resolve Stack: Coin of Mastery
Mana: Hinterland Harbor (326) - {T}: Add {G} or {U}.
Mana: Path of Ancestry (315) - {T}: Add one mana of any color in your commander's color identity. When that mana is spent to cast a creature spell that shares a creature type with your commander, scry 1. (Look at the top card of your library. You may put that card on the bottom.)
Mana: Command Tower (331) - {T}: Add one mana of any color in your commander's color identity.
Add To Stack: Ai(4)-Destyn_Turtles cast High Score
Resolve Stack: High Score
Mana: Big Apple, 3 a.m. (374) - {T}: Add one mana of the chosen color.
Zone Change: Food Token (540) was put into Graveyard from Battlefield.
Mana: Food Token (540) - {T}, Sacrifice this artifact: Add one mana of any color.
Zone Change: Food Token (479) was put into Graveyard from Battlefield.
Mana: Food Token (479) - {T}, Sacrifice this artifact: Add one mana of any color.
Add To Stack: Ai(4)-Destyn_Turtles cast Exploding Barrel
Resolve Stack: Exploding Barrel
Phase: Ai(4)-Destyn_Turtles' End step
Add To Stack: Ai(4)-Destyn_Turtles triggered High Score
Resolve Stack: At the beginning of your end step, draw a card if you control a creature with the greatest power among creatures on the battlefield. [Phase: Ai(4)-Destyn_Turtles]
Phase: Ai(4)-Destyn_Turtles' Cleanup step
Turn: Turn 34 (Ai(2)-Jaymie_Ezio)
Phase: Ai(2)-Jaymie_Ezio's Untap step
Phase: Ai(2)-Jaymie_Ezio's Upkeep step
Add To Stack: Ai(2)-Jaymie_Ezio triggered Smoke Bomb
Zone Change: Smoke Bomb (153) was put into Graveyard from Battlefield.
Resolve Stack: At the beginning of your upkeep, sacrifice Smoke Bomb. When you do, target creature you control can't be blocked this turn. [Phase: Ai(2)-Jaymie_Ezio]
Add To Stack: Ai(2)-Jaymie_Ezio triggered Smoke Bomb targeting [Lydia Frye (186)]
Resolve Stack: When you do, target creature you control can't be blocked this turn. (Targeting: [[Lydia Frye (186)]])
Phase: Ai(2)-Jaymie_Ezio's Draw step
Phase: Ai(2)-Jaymie_Ezio's Main phase, precombat
Land: Ai(2)-Jaymie_Ezio played Shadowblood Ridge (156)
Phase: Ai(2)-Jaymie_Ezio's Beginning of Combat Step
Phase: Ai(2)-Jaymie_Ezio's Declare Attackers Step
Add To Stack: Ai(4)-Destyn_Turtles activated Coin of Mastery
Resolve Stack: Coin of Mastery (324) - Ai(4)-Destyn_Turtles creates a Treasure token.
Add To Stack: Ai(4)-Destyn_Turtles triggered Leonardo, the Balance
Replacement Effect: If one or more +1/+1 counters would be put on a creature you control, that many plus one +1/+1 counters are put on it instead.
Replacement Effect: If one or more +1/+1 counters would be put on a creature you control, that many plus one +1/+1 counters are put on it instead.
Replacement Effect: If one or more +1/+1 counters would be put on a creature you control, that many plus one +1/+1 counters are put on it instead.
Replacement Effect: If one or more +1/+1 counters would be put on a creature you control, that many plus one +1/+1 counters are put on it instead.
Replacement Effect: If one or more +1/+1 counters would be put on a creature you control, that many plus one +1/+1 counters are put on it instead.
Replacement Effect: If one or more +1/+1 counters would be put on a creature you control, that many plus one +1/+1 counters are put on it instead.
Resolve Stack: Whenever a token you control enters, you may put a +1/+1 counter on each creature you control. Do this only once each turn. [Zone Changer: Treasure Token (558)]
Phase: Ai(2)-Jaymie_Ezio's Declare Blockers Step
Phase: Ai(2)-Jaymie_Ezio's First Strike Damage Step
Phase: Ai(2)-Jaymie_Ezio's Combat Damage Step
Phase: Ai(2)-Jaymie_Ezio's End of Combat Step
Phase: Ai(2)-Jaymie_Ezio's Main phase, postcombat
Mana: Forest (137) - {T}: Add {G}.
Mana: Island (134) - {T}: Add {U}.
Mana: Plains (191) - {T}: Add {W}.
Zone Change: Abstergo Entertainment (121) was put into Exile from Battlefield.
Add To Stack: Ai(2)-Jaymie_Ezio activated Abstergo Entertainment targeting [Shao Jun (183)]
Resolve Stack: Abstergo Entertainment (121) - Return Shao Jun (183) from the graveyard to its owner's hand. 
Phase: Ai(2)-Jaymie_Ezio's End step
Add To Stack: Ai(2)-Jaymie_Ezio triggered Lydia Frye
Resolve Stack: At the beginning of your end step, surveil X, where X is the number of tapped Assassins you control. (Look at the top X cards of your library, then put any number of them into your graveyard and the rest on top of your library in any order.) [Phase: Ai(2)-Jaymie_Ezio]
Phase: Ai(2)-Jaymie_Ezio's Cleanup step
Turn: Turn 35 (Ai(3)-Gabe_Food)
Phase: Ai(3)-Gabe_Food's Untap step
Phase: Ai(3)-Gabe_Food's Upkeep step
Phase: Ai(3)-Gabe_Food's Draw step
Phase: Ai(3)-Gabe_Food's Main phase, precombat
Phase: Ai(3)-Gabe_Food's Beginning of Combat Step
Add To Stack: Ai(3)-Gabe_Food triggered Sam, Loyal Attendant
Resolve Stack: At the beginning of combat on your turn, create a Food token. (It's an artifact with "{2}, {T}, Sacrifice this token: You gain 3 life.") [Phase: Ai(3)-Gabe_Food]
Phase: Ai(3)-Gabe_Food's Declare Attackers Step
Phase: Ai(3)-Gabe_Food's Declare Blockers Step
Phase: Ai(3)-Gabe_Food's First Strike Damage Step
Phase: Ai(3)-Gabe_Food's Combat Damage Step
Phase: Ai(3)-Gabe_Food's End of Combat Step
Phase: Ai(3)-Gabe_Food's Main phase, postcombat
Mana: Swamp (263) - {T}: Add {B}.
Mana: Ash Barrens (274) - {T}: Add {C}.
Mana: Forest (238) - {T}: Add {G}.
Mana: Forest (237) - {T}: Add {G}.
Add To Stack: Ai(3)-Gabe_Food cast Mirkwood Bats
Resolve Stack: Mirkwood Bats - Creature 2 / 3
Mana: Isolated Chapel (245) - {T}: Add {W} or {B}.
Damage: Brushland (298) deals 1 non-combat damage to Ai(3)-Gabe_Food.
Life: Life: Ai(3)-Gabe_Food 6 > 5
Mana: Brushland (298) - {T}: Add {G} or {W}. Brushland deals 1 damage to you. 
Add To Stack: Ai(3)-Gabe_Food cast Frodo, Adventurous Hobbit
Resolve Stack: Frodo, Adventurous Hobbit - Creature 1 / 3
Add To Stack: Ai(3)-Gabe_Food triggered Frodo, Adventurous Hobbit targeting [Ai(3)-Gabe_Food]
Resolve Stack: Partner with Sam, Loyal Attendant (When this creature enters, target player may put Sam into their hand from their library, then shuffle.) (Targeting: [[Ai(3)-Gabe_Food]]) [Zone Changer: Frodo, Adventurous Hobbit (301)]
Phase: Ai(3)-Gabe_Food's End step
Phase: Ai(3)-Gabe_Food's Cleanup step
Turn: Turn 36 (Ai(4)-Destyn_Turtles)
Phase: Ai(4)-Destyn_Turtles' Untap step
Phase: Ai(4)-Destyn_Turtles' Upkeep step
Phase: Ai(4)-Destyn_Turtles' Draw step
Phase: Ai(4)-Destyn_Turtles' Main phase, precombat
Land: Ai(4)-Destyn_Turtles played Mountain (388)
Mana: Forest (341) - {T}: Add {G}.
Mana: Mountain (388) - {T}: Add {R}.
Mana: Island (332) - {T}: Add {U}.
Mana: Island (333) - {T}: Add {U}.
Mana: Spire Garden (392) - {T}: Add {R} or {G}.
Mana: Hinterland Harbor (326) - {T}: Add {G} or {U}.
Mana: Path of Ancestry (315) - {T}: Add one mana of any color in your commander's color identity. When that mana is spent to cast a creature spell that shares a creature type with your commander, scry 1. (Look at the top card of your library. You may put that card on the bottom.)
Mana: Command Tower (331) - {T}: Add one mana of any color in your commander's color identity.
Zone Change: Exploding Barrel (322) was put into Graveyard from Battlefield.
Add To Stack: Ai(4)-Destyn_Turtles activated Exploding Barrel targeting [Orchard Strider (254)]
Damage: Exploding Barrel (322) deals 20 damage to Orchard Strider (254).
Resolve Stack: Exploding Barrel (322) - Exploding Barrel deals 20 damage to Orchard Strider (254).
Zone Change: Orchard Strider (254) was put into Graveyard from Battlefield.
Phase: Ai(4)-Destyn_Turtles' Beginning of Combat Step
Phase: Ai(4)-Destyn_Turtles' Declare Attackers Step
Combat: Ai(4)-Destyn_Turtles assigned Raphael, the Muscle (378), Leonardo, the Balance (404), Rocksteady, Mutant Marauder (385), Bebop, Skull & Crossbones (318), Michelangelo, the Heart (402) and Big Mother Mouser (343) to attack Ai(3)-Gabe_Food.
Add To Stack: Ai(4)-Destyn_Turtles triggered Big Mother Mouser
Replacement Effect: If one or more +1/+1 counters would be put on a creature you control, that many plus one +1/+1 counters are put on it instead.
Resolve Stack: Whenever this creature attacks, double the number of +1/+1 counters on it. [Attacker: Big Mother Mouser (343)]
Phase: Ai(4)-Destyn_Turtles' Declare Blockers Step
Combat: Ai(3)-Gabe_Food assigned Mirkwood Bats (247) to block Raphael, the Muscle (378).
Ai(3)-Gabe_Food assigned Treebeard, Gracious Host (281) to block Leonardo, the Balance (404).
Ai(3)-Gabe_Food didn't block Rocksteady, Mutant Marauder (385).
Ai(3)-Gabe_Food assigned Sam, Loyal Attendant (303) to block Bebop, Skull & Crossbones (318).
Ai(3)-Gabe_Food didn't block Michelangelo, the Heart (402).
Ai(3)-Gabe_Food assigned Frodo, Adventurous Hobbit (301) to block Big Mother Mouser (343).
Phase: Ai(4)-Destyn_Turtles' First Strike Damage Step
Phase: Ai(4)-Destyn_Turtles' Combat Damage Step
Replacement Effect: Double all damage that creatures you control with counters on them would deal.
Replacement Effect: Double all damage that creatures you control with counters on them would deal.
Replacement Effect: Double all damage that creatures you control with counters on them would deal.
Replacement Effect: Double all damage that creatures you control with counters on them would deal.
Replacement Effect: Double all damage that creatures you control with counters on them would deal.
Replacement Effect: Double all damage that creatures you control with counters on them would deal.
Damage: Raphael, the Muscle (378) deals 24 damage to Mirkwood Bats (247).
Damage: Leonardo, the Balance (404) deals 16 damage to Treebeard, Gracious Host (281).
Damage: Rocksteady, Mutant Marauder (385) deals 14 combat damage to Ai(3)-Gabe_Food.
Damage: Bebop, Skull & Crossbones (318) deals 12 damage (Deathtouch) to Sam, Loyal Attendant (303).
Damage: Michelangelo, the Heart (402) deals 10 combat damage to Ai(3)-Gabe_Food.
Damage: Big Mother Mouser (343) deals 22 damage to Frodo, Adventurous Hobbit (301).
Damage: Mirkwood Bats (247) deals 2 damage to Raphael, the Muscle (378).
Damage: Frodo, Adventurous Hobbit (301) deals 1 damage to Big Mother Mouser (343).
Damage: Sam, Loyal Attendant (303) deals 2 damage to Bebop, Skull & Crossbones (318).
Life: Life: Ai(3)-Gabe_Food 5 > -19
Phase: Ai(4)-Destyn_Turtles' End of Combat Step
Phase: Ai(4)-Destyn_Turtles' Main phase, postcombat
Add To Stack: Ai(4)-Destyn_Turtles triggered Michelangelo, the Heart targeting [Raphael, the Muscle (378)]
Add To Stack: Ai(4)-Destyn_Turtles triggered Ninja Pizza
Resolve Stack: At the beginning of your second main phase, create a Food token. (It's an artifact with "{2}, {T}, Sacrifice this token: You gain 3 life.") [Phase: Ai(4)-Destyn_Turtles]
Add To Stack: Ai(4)-Destyn_Turtles triggered Leonardo, the Balance
Replacement Effect: If one or more +1/+1 counters would be put on a creature you control, that many plus one +1/+1 counters are put on it instead.
Replacement Effect: If one or more +1/+1 counters would be put on a creature you control, that many plus one +1/+1 counters are put on it instead.
Replacement Effect: If one or more +1/+1 counters would be put on a creature you control, that many plus one +1/+1 counters are put on it instead.
Replacement Effect: If one or more +1/+1 counters would be put on a creature you control, that many plus one +1/+1 counters are put on it instead.
Replacement Effect: If one or more +1/+1 counters would be put on a creature you control, that many plus one +1/+1 counters are put on it instead.
Replacement Effect: If one or more +1/+1 counters would be put on a creature you control, that many plus one +1/+1 counters are put on it instead.
Resolve Stack: Whenever a token you control enters, you may put a +1/+1 counter on each creature you control. Do this only once each turn. [Zone Changer: Food Token (581)]
Replacement Effect: If one or more +1/+1 counters would be put on a creature you control, that many plus one +1/+1 counters are put on it instead.
Resolve Stack: Raid (the Fridge) — At the beginning of your second main phase, if you attacked this turn, put a +1/+1 counter on target creature and create a Food token. (Targeting: [[Raphael, the Muscle (378)]]) [Phase: Ai(4)-Destyn_Turtles]
Phase: Ai(4)-Destyn_Turtles' End step
Add To Stack: Ai(4)-Destyn_Turtles triggered High Score
Resolve Stack: At the beginning of your end step, draw a card if you control a creature with the greatest power among creatures on the battlefield. [Phase: Ai(4)-Destyn_Turtles]
Phase: Ai(4)-Destyn_Turtles' Cleanup step
Turn: Turn 37 (Ai(2)-Jaymie_Ezio)
Phase: Ai(2)-Jaymie_Ezio's Untap step
Phase: Ai(2)-Jaymie_Ezio's Upkeep step
Phase: Ai(2)-Jaymie_Ezio's Draw step
Phase: Ai(2)-Jaymie_Ezio's Main phase, precombat
Phase: Ai(2)-Jaymie_Ezio's Beginning of Combat Step
Phase: Ai(2)-Jaymie_Ezio's Declare Attackers Step
Phase: Ai(2)-Jaymie_Ezio's Declare Blockers Step
Phase: Ai(2)-Jaymie_Ezio's First Strike Damage Step
Phase: Ai(2)-Jaymie_Ezio's Combat Damage Step
Phase: Ai(2)-Jaymie_Ezio's End of Combat Step
Phase: Ai(2)-Jaymie_Ezio's Main phase, postcombat
Mana: Island (134) - {T}: Add {U}.
Mana: Mountain (189) - {T}: Add {R}.
Mana: Forest (137) - {T}: Add {G}.
Add To Stack: Ai(2)-Jaymie_Ezio cast Shao Jun
Resolve Stack: Shao Jun - Creature 3 / 3
Add To Stack: Ai(4)-Destyn_Turtles activated Coin of Mastery
Resolve Stack: Coin of Mastery (324) - Ai(4)-Destyn_Turtles creates a Treasure token.
Add To Stack: Ai(4)-Destyn_Turtles triggered Leonardo, the Balance
Replacement Effect: If one or more +1/+1 counters would be put on a creature you control, that many plus one +1/+1 counters are put on it instead.
Replacement Effect: If one or more +1/+1 counters would be put on a creature you control, that many plus one +1/+1 counters are put on it instead.
Replacement Effect: If one or more +1/+1 counters would be put on a creature you control, that many plus one +1/+1 counters are put on it instead.
Replacement Effect: If one or more +1/+1 counters would be put on a creature you control, that many plus one +1/+1 counters are put on it instead.
Replacement Effect: If one or more +1/+1 counters would be put on a creature you control, that many plus one +1/+1 counters are put on it instead.
Replacement Effect: If one or more +1/+1 counters would be put on a creature you control, that many plus one +1/+1 counters are put on it instead.
Resolve Stack: Whenever a token you control enters, you may put a +1/+1 counter on each creature you control. Do this only once each turn. [Zone Changer: Treasure Token (611)]
Phase: Ai(2)-Jaymie_Ezio's End step
Add To Stack: Ai(2)-Jaymie_Ezio triggered Lydia Frye
Resolve Stack: At the beginning of your end step, surveil X, where X is the number of tapped Assassins you control. (Look at the top X cards of your library, then put any number of them into your graveyard and the rest on top of your library in any order.) [Phase: Ai(2)-Jaymie_Ezio]
Phase: Ai(2)-Jaymie_Ezio's Cleanup step
Turn: Turn 38 (Ai(4)-Destyn_Turtles)
Phase: Ai(4)-Destyn_Turtles' Untap step
Phase: Ai(4)-Destyn_Turtles' Upkeep step
Phase: Ai(4)-Destyn_Turtles' Draw step
Phase: Ai(4)-Destyn_Turtles' Main phase, precombat
Land: Ai(4)-Destyn_Turtles played Turtle Lair (372)
Mana: Forest (341) - {T}: Add {G}.
Mana: Spire Garden (392) - {T}: Add {R} or {G}.
Mana: Mountain (388) - {T}: Add {R}.
Mana: Island (332) - {T}: Add {U}.
Mana: Island (333) - {T}: Add {U}.
Mana: Hinterland Harbor (326) - {T}: Add {G} or {U}.
Mana: Path of Ancestry (315) - {T}: Add one mana of any color in your commander's color identity. When that mana is spent to cast a creature spell that shares a creature type with your commander, scry 1. (Look at the top card of your library. You may put that card on the bottom.)
Mana: Command Tower (331) - {T}: Add one mana of any color in your commander's color identity.
Mana: Big Apple, 3 a.m. (374) - {T}: Add one mana of the chosen color.
Mana: Turtle Lair (372) - {T}: Add {C}.
Zone Change: Treasure Token (611) was put into Graveyard from Battlefield.
Mana: Treasure Token (611) - {T}, Sacrifice this token: Add one mana of any color.
Zone Change: Treasure Token (558) was put into Graveyard from Battlefield.
Mana: Treasure Token (558) - {T}, Sacrifice this token: Add one mana of any color.
Zone Change: Food Token (583) was put into Graveyard from Battlefield.
Mana: Food Token (583) - {T}, Sacrifice this artifact: Add one mana of any color.
Zone Change: Food Token (581) was put into Graveyard from Battlefield.
Mana: Food Token (581) - {T}, Sacrifice this artifact: Add one mana of any color.
Add To Stack: Ai(4)-Destyn_Turtles cast Voracious Hydra
Replacement Effect: Each creature you control enters with an additional +1/+1 counter on it for each mana from an artifact source spent to cast it.
Replacement Effect: If one or more +1/+1 counters would be put on a creature you control, that many plus one +1/+1 counters are put on it instead.
Replacement Effect: Voracious Hydra enters with X +1/+1 counters on it.
Resolve Stack: Voracious Hydra - Creature 0 / 1 (X=12)
Add To Stack: Ai(4)-Destyn_Turtles triggered Voracious Hydra
Add To Stack: Ai(4)-Destyn_Turtles triggered Rocksteady, Mutant Marauder targeting [Raphael, the Muscle (378)]
Replacement Effect: If one or more +1/+1 counters would be put on a creature you control, that many plus one +1/+1 counters are put on it instead.
Resolve Stack: Whenever another nontoken creature you control enters, put a +1/+1 counter on target creature. (Targeting: [[Raphael, the Muscle (378)]]) [Zone Changer: Voracious Hydra (323)]
Replacement Effect: If one or more +1/+1 counters would be put on a creature you control, that many plus one +1/+1 counters are put on it instead.
Resolve Stack: When Voracious Hydra enters, double the number of +1/+1 counters on Voracious Hydra. [Zone Changer: Voracious Hydra (323)]
Phase: Ai(4)-Destyn_Turtles' Beginning of Combat Step
Phase: Ai(4)-Destyn_Turtles' Declare Attackers Step
Combat: Ai(4)-Destyn_Turtles assigned Raphael, the Muscle (378), Big Mother Mouser (343), Leonardo, the Balance (404), Rocksteady, Mutant Marauder (385), Bebop, Skull & Crossbones (318) and Michelangelo, the Heart (402) to attack Ai(2)-Jaymie_Ezio.
Add To Stack: Ai(4)-Destyn_Turtles triggered Big Mother Mouser
Replacement Effect: If one or more +1/+1 counters would be put on a creature you control, that many plus one +1/+1 counters are put on it instead.
Resolve Stack: Whenever this creature attacks, double the number of +1/+1 counters on it. [Attacker: Big Mother Mouser (343)]
Phase: Ai(4)-Destyn_Turtles' Declare Blockers Step
Combat: Ai(2)-Jaymie_Ezio didn't block Raphael, the Muscle (378).
Ai(2)-Jaymie_Ezio assigned Lydia Frye (186) to block Big Mother Mouser (343).
Ai(2)-Jaymie_Ezio assigned Shao Jun (183) to block Leonardo, the Balance (404).
Ai(2)-Jaymie_Ezio didn't block Rocksteady, Mutant Marauder (385).
Ai(2)-Jaymie_Ezio didn't block Bebop, Skull & Crossbones (318).
Ai(2)-Jaymie_Ezio didn't block Michelangelo, the Heart (402).
Phase: Ai(4)-Destyn_Turtles' First Strike Damage Step
Phase: Ai(4)-Destyn_Turtles' Combat Damage Step
Replacement Effect: Double all damage that creatures you control with counters on them would deal.
Replacement Effect: Double all damage that creatures you control with counters on them would deal.
Replacement Effect: Double all damage that creatures you control with counters on them would deal.
Replacement Effect: Double all damage that creatures you control with counters on them would deal.
Replacement Effect: Double all damage that creatures you control with counters on them would deal.
Replacement Effect: Double all damage that creatures you control with counters on them would deal.
Damage: Raphael, the Muscle (378) deals 40 combat damage to Ai(2)-Jaymie_Ezio.
Damage: Big Mother Mouser (343) deals 62 damage to Lydia Frye (186).
Damage: Leonardo, the Balance (404) deals 24 damage to Shao Jun (183).
Damage: Rocksteady, Mutant Marauder (385) deals 22 combat damage to Ai(2)-Jaymie_Ezio.
Damage: Bebop, Skull & Crossbones (318) deals 20 combat damage to Ai(2)-Jaymie_Ezio.
Damage: Michelangelo, the Heart (402) deals 18 combat damage to Ai(2)-Jaymie_Ezio.
Damage: Lydia Frye (186) deals 3 damage to Big Mother Mouser (343).
Damage: Shao Jun (183) deals 3 damage to Leonardo, the Balance (404).
Life: Life: Ai(2)-Jaymie_Ezio 30 > -70
Player Control: Ai(1)-GGS_Cover_diagnostic has restored control over themself
Player Control: Ai(2)-Jaymie_Ezio has restored control over themself
Player Control: Ai(3)-Gabe_Food has restored control over themself
Player Control: Ai(4)-Destyn_Turtles has restored control over themself
Game Outcome: Match Duration 0m : 55s
Game Outcome: Turn 19
Game Outcome: Ai(1)-GGS_Cover_diagnostic has lost because life total reached 0
Game Outcome: Ai(2)-Jaymie_Ezio has lost because life total reached 0
Game Outcome: Ai(3)-Gabe_Food has lost because life total reached 0
Game Outcome: Ai(4)-Destyn_Turtles has won because all opponents have lost
Match Result: Ai(1)-GGS_Cover_diagnostic: 0 Ai(2)-Jaymie_Ezio: 0 Ai(3)-Gabe_Food: 0 Ai(4)-Destyn_Turtles: 1 

Game Result: Game 1 ended in 56795 ms. Ai(4)-Destyn_Turtles has won!

